hypergraph with 9353 vertices and 313229 hyperarcs generated in 129
749 [0, 28928]: LP
	bnd = 28928.156250
	its = 31
	hyp = 223 / 555
	cut = 0
753 [0, 28928]: HEURISTIC 3
757 [0, 28928]: LABEL
	tot = 329
	max = 2
762 [0, 28899]: LABEL
	tot = 433
	max = 2
766 [0, 28870]: LABEL
	tot = 505
	max = 4
774 [0, 28841]: LABEL
	tot = 862
	max = 6
783 [0, 28812]: LABEL
	tot = 980
	max = 6
794 [0, 28783]: LABEL
	tot = 1332
	max = 6
806 [0, 28755]: LABEL
	tot = 1530
	max = 6
820 [0, 28726]: LABEL
	tot = 1807
	max = 6
838 [0, 28697]: LABEL
	tot = 2207
	max = 7
856 [0, 28668]: LABEL
	tot = 2351
	max = 7
877 [0, 28640]: LABEL
	tot = 2762
	max = 7
902 [0, 28611]: LABEL
	tot = 3038
	max = 8
928 [0, 28582]: LABEL
	tot = 3358
	max = 8
958 [0, 28554]: LABEL
	tot = 3684
	max = 8
991 [0, 28525]: LABEL
	tot = 4070
	max = 9
1027 [0, 28497]: LABEL
	tot = 4390
	max = 9
1066 [0, 28468]: LABEL
	tot = 4754
	max = 10
1108 [0, 28440]: LABEL
	tot = 5001
	max = 10
1153 [0, 28411]: LABEL
	tot = 5420
	max = 12
1201 [0, 28383]: LABEL
	tot = 5627
	max = 13
1252 [0, 28355]: LABEL
	tot = 5991
	max = 13
1306 [0, 28326]: LABEL
	tot = 6425
	max = 14
1366 [0, 28298]: LABEL
	tot = 6839
	max = 13
1430 [0, 28270]: LABEL
	tot = 7370
	max = 14
1499 [0, 28241]: LABEL
	tot = 8196
	max = 14
1542 [0, 28241]: LP
	bnd = 28851.814453
	its = 27
	hyp = 255 / 864
	cut = 14
	restart
1610 [0, 28213]: LABEL
	tot = 6541
	max = 13
1680 [0, 28185]: LABEL
	tot = 6975
	max = 13
1757 [0, 28157]: LABEL
	tot = 7345
	max = 13
1837 [0, 28129]: LABEL
	tot = 7724
	max = 15
1924 [0, 28100]: LABEL
	tot = 8375
	max = 15
2020 [0, 28072]: LABEL
	tot = 8961
	max = 15
2123 [0, 28044]: LABEL
	tot = 9597
	max = 16
2233 [0, 28016]: LABEL
	tot = 10105
	max = 16
2349 [0, 27988]: LABEL
	tot = 10608
	max = 16
2441 [0, 27988]: LP
	bnd = 28788.919922
	its = 31
	hyp = 300 / 1040
	cut = 28
	restart
2558 [0, 27960]: LABEL
	tot = 10631
	max = 16
2680 [0, 27932]: LABEL
	tot = 11298
	max = 17
2810 [0, 27904]: LABEL
	tot = 11833
	max = 17
2950 [0, 27876]: LABEL
	tot = 12511
	max = 18
3099 [0, 27848]: LABEL
	tot = 13219
	max = 20
3248 [0, 27848]: LP
	bnd = 28705.384766
	its = 25
	hyp = 346 / 1216
	cut = 42
	restart
3402 [27283, 27821]: LABEL
	tot = 13865
	max = 26
3563 [27283, 27793]: LABEL
	tot = 14460
	max = 31
3737 [27283, 27765]: LABEL
	tot = 15219
	max = 32
3926 [27283, 27737]: LABEL
	tot = 16428
	max = 33
4127 [27283, 27710]: LABEL
	tot = 17255
	max = 36
4342 [27283, 27682]: LABEL
	tot = 18346
	max = 41
4448 [27283, 27682]: LP
	bnd = 28636.158203
	its = 38
	hyp = 323 / 1410
	cut = 55
	restart
4650 [27283, 27654]: LABEL
	tot = 16532
	max = 23
4865 [27283, 27626]: LABEL
	tot = 17420
	max = 24
5097 [27283, 27599]: LABEL
	tot = 18496
	max = 31
5233 [27283, 27599]: LP
	bnd = 28552.468750
	its = 23
	hyp = 384 / 1513
	cut = 68
	restart
5425 [27283, 27571]: LABEL
	tot = 15294
	max = 26
5629 [27283, 27544]: LABEL
	tot = 16393
	max = 24
5848 [27283, 27516]: LABEL
	tot = 17648
	max = 28
6082 [27283, 27489]: LABEL
	tot = 18443
	max = 31
6327 [27283, 27461]: LABEL
	tot = 19020
	max = 32
6585 [27283, 27434]: LABEL
	tot = 20142
	max = 37
6605 [27283, 27434]: LP
	bnd = 28475.070312
	its = 40
	hyp = 523 / 1725
	cut = 81
	restart
6891 [27283, 27406]: LABEL
	tot = 22561
	max = 40
7192 [27283, 27379]: LABEL
	tot = 23803
	max = 39
7513 [27283, 27351]: LABEL
	tot = 25159
	max = 41
7853 [27283, 27324]: LABEL
	tot = 26555
	max = 48
8036 [27283, 27324]: LP
	bnd = 28393.972656
	its = 38
	hyp = 607 / 1937
	cut = 94
	restart
8364 [27283, 27297]: LABEL
	tot = 25227
	max = 52
8701 [27283, 27283]: LABEL
	tot = 25810
	max = 56
