hypergraph with 10302 vertices and 484997 hyperarcs generated in 1349
1497 [0, 30000]: LP
	bnd = 30000.000000
	its = 10
	hyp = 102 / 121
	cut = 0
2186 [0, 30000]: LP
	bnd = 30000.000000
	its = 6
	hyp = 70 / 324
	cut = 13
2625 [0, 30000]: LP
	bnd = 30000.000000
	its = 3
	hyp = 138 / 375
	cut = 26
2884 [0, 30000]: LP
	bnd = 30000.000000
	its = 1
	hyp = 116 / 375
	cut = 42
3305 [0, 30000]: LP
	bnd = 30000.000000
	its = 3
	hyp = 104 / 423
	cut = 57
3735 [0, 30000]: LP
	bnd = 30000.000000
	its = 3
	hyp = 130 / 494
	cut = 72
4103 [0, 30000]: LP
	bnd = 30000.000000
	its = 2
	hyp = 149 / 533
	cut = 87
4385 [0, 30000]: LP
	bnd = 30000.000000
	its = 1
	hyp = 121 / 533
	cut = 102
4850 [0, 30000]: LP
	bnd = 30000.000000
	its = 3
	hyp = 143 / 607
	cut = 117
5247 [0, 30000]: LP
	bnd = 30000.000000
	its = 2
	hyp = 170 / 644
	cut = 132
5519 [0, 30000]: LP
	bnd = 30000.000000
	its = 1
	hyp = 134 / 644
	cut = 147
5886 [0, 30000]: LP
	bnd = 30000.000000
	its = 2
	hyp = 177 / 699
	cut = 162
6249 [0, 30000]: LP
	bnd = 30000.000000
	its = 2
	hyp = 166 / 736
	cut = 177
6541 [0, 30000]: LP
	bnd = 30000.000000
	its = 1
	hyp = 180 / 736
	cut = 193
6827 [0, 30000]: LP
	bnd = 30000.000000
	its = 1
	hyp = 142 / 736
	cut = 211
7107 [0, 30000]: LP
	bnd = 30000.000000
	its = 1
	hyp = 146 / 736
	cut = 227
7608 [0, 30000]: LP
	bnd = 30000.000000
	its = 3
	hyp = 209 / 800
	cut = 243
8004 [0, 30000]: LP
	bnd = 30000.000000
	its = 2
	hyp = 218 / 829
	cut = 259
8388 [0, 30000]: LP
	bnd = 30000.000000
	its = 2
	hyp = 232 / 841
	cut = 275
8624 [30000, 30000]: HEURISTIC 3
