hypergraph with 7817 vertices and 208398 hyperarcs generated in 95
403 [0, 27919]: LP
	bnd = 27919.517578
	its = 18
	hyp = 141 / 267
	cut = 0
406 [0, 27919]: HEURISTIC 3
408 [0, 27919]: LABEL
	tot = 72
	max = 1
412 [0, 27891]: LABEL
	tot = 197
	max = 2
415 [0, 27863]: LABEL
	tot = 197
	max = 2
419 [0, 27835]: LABEL
	tot = 197
	max = 2
423 [0, 27808]: LABEL
	tot = 241
	max = 2
427 [0, 27780]: LABEL
	tot = 307
	max = 2
434 [0, 27752]: LABEL
	tot = 518
	max = 3
441 [0, 27724]: LABEL
	tot = 590
	max = 3
451 [0, 27696]: LABEL
	tot = 622
	max = 3
460 [0, 27669]: LABEL
	tot = 764
	max = 4
471 [0, 27641]: LABEL
	tot = 839
	max = 4
482 [0, 27613]: LABEL
	tot = 935
	max = 5
498 [0, 27586]: LABEL
	tot = 1351
	max = 5
514 [0, 27558]: LABEL
	tot = 1443
	max = 6
534 [0, 27531]: LABEL
	tot = 1673
	max = 7
557 [0, 27503]: LABEL
	tot = 2028
	max = 9
583 [0, 27476]: LABEL
	tot = 2221
	max = 9
612 [0, 27448]: LABEL
	tot = 2493
	max = 10
645 [0, 27421]: LABEL
	tot = 2923
	max = 10
680 [0, 27393]: LABEL
	tot = 3049
	max = 10
719 [0, 27366]: LABEL
	tot = 3434
	max = 12
758 [0, 27339]: LABEL
	tot = 3846
	max = 15
760 [0, 27339]: LP
	bnd = 27785.640625
	its = 13
	hyp = 136 / 563
	cut = 10
	restart
788 [0, 27311]: LABEL
	tot = 2075
	max = 9
815 [0, 27284]: LABEL
	tot = 2254
	max = 9
846 [0, 27257]: LABEL
	tot = 2520
	max = 9
879 [0, 27229]: LABEL
	tot = 2723
	max = 10
917 [0, 27202]: LABEL
	tot = 2932
	max = 10
956 [0, 27175]: LABEL
	tot = 3190
	max = 12
1000 [0, 27148]: LABEL
	tot = 3558
	max = 12
1044 [0, 27121]: LABEL
	tot = 3638
	max = 12
1092 [0, 27093]: LABEL
	tot = 3959
	max = 13
1145 [0, 27066]: LABEL
	tot = 4272
	max = 14
1191 [0, 27066]: LP
	bnd = 27761.234375
	its = 17
	hyp = 164 / 667
	cut = 21
	restart
1246 [0, 27039]: LABEL
	tot = 4391
	max = 14
1303 [0, 27012]: LABEL
	tot = 4673
	max = 15
1362 [0, 26985]: LABEL
	tot = 4909
	max = 16
1429 [0, 26958]: LABEL
	tot = 5428
	max = 17
1499 [0, 26931]: LABEL
	tot = 5845
	max = 17
1569 [0, 26904]: LABEL
	tot = 6138
	max = 19
1585 [0, 26904]: LP
	bnd = 27682.140625
	its = 15
	hyp = 171 / 744
	cut = 33
	restart
1658 [0, 26877]: LABEL
	tot = 5911
	max = 18
1732 [0, 26851]: LABEL
	tot = 6454
	max = 19
1813 [0, 26824]: LABEL
	tot = 6840
	max = 21
1900 [25843, 26797]: LABEL
	tot = 7380
	max = 21
1970 [25843, 26797]: LP
	bnd = 27599.205078
	its = 14
	hyp = 259 / 860
	cut = 46
	restart
2063 [25843, 26770]: LABEL
	tot = 7617
	max = 18
2160 [25843, 26743]: LABEL
	tot = 8049
	max = 19
2261 [25843, 26717]: LABEL
	tot = 8555
	max = 20
2371 [25843, 26690]: LABEL
	tot = 9097
	max = 21
2483 [25843, 26663]: LABEL
	tot = 9676
	max = 21
2568 [25843, 26663]: LP
	bnd = 27578.904297
	its = 22
	hyp = 166 / 1080
	cut = 59
	restart
2685 [25843, 26637]: LABEL
	tot = 9671
	max = 20
2804 [25843, 26610]: LABEL
	tot = 10221
	max = 21
2936 [25843, 26583]: LABEL
	tot = 11116
	max = 24
3001 [25843, 26583]: LP
	bnd = 27573.289062
	its = 15
	hyp = 139 / 1158
	cut = 72
3071 [25843, 26557]: LABEL
	tot = 11632
	max = 25
3220 [25843, 26530]: LABEL
	tot = 12836
	max = 34
3379 [25843, 26504]: LABEL
	tot = 13561
	max = 39
3441 [25843, 26504]: LP
	bnd = 27561.218750
	its = 15
	hyp = 248 / 1216
	cut = 85
3542 [25843, 26477]: LABEL
	tot = 14342
	max = 41
3710 [25843, 26451]: LABEL
	tot = 14324
	max = 36
3890 [25843, 26424]: LABEL
	tot = 15181
	max = 36
3964 [25843, 26424]: LP
	bnd = 27518.181641
	its = 18
	hyp = 248 / 1294
	cut = 98
	restart
4147 [25843, 26398]: LABEL
	tot = 15704
	max = 31
4340 [25843, 26371]: LABEL
	tot = 16632
	max = 34
4547 [25843, 26345]: LABEL
	tot = 17628
	max = 35
4608 [25843, 26345]: LP
	bnd = 27498.810547
	its = 21
	hyp = 335 / 1373
	cut = 111
	restart
4815 [25843, 26319]: LABEL
	tot = 17828
	max = 35
5027 [25843, 26292]: LABEL
	tot = 19022
	max = 39
5261 [25843, 26266]: LABEL
	tot = 20115
	max = 46
5270 [25843, 26266]: LP
	bnd = 27475.390625
	its = 20
	hyp = 243 / 1473
	cut = 124
	restart
5485 [25843, 26240]: LABEL
	tot = 22383
	max = 44
5710 [25843, 26214]: LABEL
	tot = 23760
	max = 49
5928 [25843, 26214]: LP
	bnd = 27459.816406
	its = 21
	hyp = 403 / 1542
	cut = 137
	restart
6166 [25843, 26187]: LABEL
	tot = 24889
	max = 49
6414 [25843, 26161]: LABEL
	tot = 26320
	max = 55
6676 [25843, 26135]: LABEL
	tot = 27716
	max = 56
6740 [25843, 26135]: LP
	bnd = 27436.457031
	its = 24
	hyp = 493 / 1665
	cut = 150
	restart
7016 [25843, 26109]: LABEL
	tot = 29157
	max = 58
7303 [25843, 26083]: LABEL
	tot = 30502
	max = 61
7608 [25843, 26057]: LABEL
	tot = 32042
	max = 70
7931 [25843, 26057]: LP
	bnd = 27366.443359
	its = 33
	hyp = 454 / 1849
	cut = 163
	restart
8242 [25843, 26031]: LABEL
	tot = 32009
	max = 78
8570 [25843, 26005]: LABEL
	tot = 33974
	max = 82
8915 [25843, 25979]: LABEL
	tot = 35746
	max = 87
9014 [25843, 25979]: LP
	bnd = 27312.830078
	its = 29
	hyp = 421 / 1952
	cut = 177
	restart
9354 [25843, 25953]: LABEL
	tot = 34572
	max = 89
9713 [25843, 25927]: LABEL
	tot = 36317
	max = 91
9981 [25843, 25927]: LP
	bnd = 27264.500000
	its = 26
	hyp = 508 / 2031
	cut = 190
	restart
10333 [25843, 25901]: LABEL
	tot = 36162
	max = 89
10702 [25843, 25875]: LABEL
	tot = 38209
	max = 93
11091 [25843, 25849]: LABEL
	tot = 40250
	max = 94
11320 [25843, 25849]: LP
	bnd = 27135.851562
	its = 29
	hyp = 416 / 2216
	cut = 204
	restart
11640 [25843, 25843]: LABEL
	tot = 32194
	max = 75
