hypergraph with 10302 vertices and 483714 hyperarcs generated in 1465
1588 [0, 30000]: LP
	bnd = 30000.000000
	its = 11
	hyp = 126 / 134
	cut = 0
2797 [0, 30000]: LP
	bnd = 30000.000000
	its = 12
	hyp = 179 / 473
	cut = 8
3473 [0, 30000]: LP
	bnd = 30000.000000
	its = 6
	hyp = 176 / 552
	cut = 21
3810 [0, 30000]: LP
	bnd = 30000.000000
	its = 2
	hyp = 146 / 580
	cut = 35
4328 [0, 30000]: LP
	bnd = 30000.000000
	its = 4
	hyp = 136 / 623
	cut = 50
4846 [0, 30000]: LP
	bnd = 30000.000000
	its = 4
	hyp = 216 / 708
	cut = 64
5201 [0, 30000]: LP
	bnd = 30000.000000
	its = 2
	hyp = 182 / 735
	cut = 80
5475 [0, 30000]: LP
	bnd = 30000.000000
	its = 1
	hyp = 270 / 735
	cut = 96
5847 [0, 30000]: LP
	bnd = 30000.000000
	its = 2
	hyp = 241 / 747
	cut = 113
6249 [0, 30000]: LP
	bnd = 30000.000000
	its = 2
	hyp = 199 / 760
	cut = 131
6519 [0, 30000]: LP
	bnd = 30000.000000
	its = 1
	hyp = 164 / 760
	cut = 150
6782 [0, 30000]: LP
	bnd = 30000.000000
	its = 1
	hyp = 172 / 760
	cut = 169
7059 [0, 30000]: LP
	bnd = 30000.000000
	its = 1
	hyp = 174 / 760
	cut = 186
7361 [0, 30000]: LP
	bnd = 30000.000000
	its = 1
	hyp = 165 / 760
	cut = 203
7638 [0, 30000]: LP
	bnd = 30000.000000
	its = 1
	hyp = 158 / 760
	cut = 220
7921 [0, 30000]: LP
	bnd = 30000.000000
	its = 1
	hyp = 130 / 760
	cut = 237
8227 [0, 30000]: LP
	bnd = 30000.000000
	its = 1
	hyp = 131 / 760
	cut = 254
8528 [0, 30000]: LP
	bnd = 30000.000000
	its = 1
	hyp = 131 / 760
	cut = 271
8829 [0, 30000]: LP
	bnd = 30000.000000
	its = 1
	hyp = 131 / 760
	cut = 288
9129 [0, 30000]: LP
	bnd = 30000.000000
	its = 1
	hyp = 131 / 760
	cut = 305
9430 [0, 30000]: LP
	bnd = 30000.000000
	its = 1
	hyp = 131 / 760
	cut = 322
9730 [0, 30000]: LP
	bnd = 30000.000000
	its = 1
	hyp = 131 / 760
	cut = 339
10032 [0, 30000]: LP
	bnd = 30000.000000
	its = 1
	hyp = 131 / 760
	cut = 356
10334 [0, 30000]: LP
	bnd = 30000.000000
	its = 1
	hyp = 131 / 760
	cut = 373
10639 [0, 30000]: LP
	bnd = 30000.000000
	its = 1
	hyp = 131 / 760
	cut = 390
10943 [0, 30000]: LP
	bnd = 30000.000000
	its = 1
	hyp = 131 / 760
	cut = 407
11244 [0, 30000]: LP
	bnd = 30000.000000
	its = 1
	hyp = 131 / 760
	cut = 424
11546 [0, 30000]: LP
	bnd = 30000.000000
	its = 1
	hyp = 131 / 760
	cut = 441
11848 [0, 30000]: LP
	bnd = 30000.000000
	its = 1
	hyp = 131 / 760
	cut = 458
12154 [0, 30000]: LP
	bnd = 30000.000000
	its = 1
	hyp = 131 / 760
	cut = 475
12458 [0, 30000]: LP
	bnd = 30000.000000
	its = 1
	hyp = 131 / 760
	cut = 492
12760 [0, 30000]: LP
	bnd = 30000.000000
	its = 1
	hyp = 131 / 760
	cut = 509
12919 [30000, 30000]: HEURISTIC 3
