hypergraph with 8975 vertices and 349283 hyperarcs generated in 117
883 [0, 29054]: LP
	bnd = 29054.505859
	its = 35
	hyp = 198 / 437
	cut = 0
885 [0, 29054]: HEURISTIC 3
886 [0, 29054]: LABEL
	tot = 13
	max = 1
890 [0, 29025]: LABEL
	tot = 271
	max = 3
895 [0, 28996]: LABEL
	tot = 348
	max = 4
901 [0, 28967]: LABEL
	tot = 533
	max = 5
909 [0, 28938]: LABEL
	tot = 731
	max = 7
920 [0, 28909]: LABEL
	tot = 1003
	max = 7
933 [0, 28880]: LABEL
	tot = 1304
	max = 8
951 [0, 28851]: LABEL
	tot = 1752
	max = 11
973 [0, 28822]: LABEL
	tot = 2180
	max = 12
999 [0, 28794]: LABEL
	tot = 2626
	max = 14
1031 [28632, 28765]: LABEL
	tot = 3188
	max = 16
1071 [28632, 28736]: LABEL
	tot = 3931
	max = 20
1117 [28632, 28707]: LABEL
	tot = 4573
	max = 22
1171 [28632, 28679]: LABEL
	tot = 5214
	max = 26
1235 [28632, 28650]: LABEL
	tot = 6076
	max = 30
1305 [28632, 28632]: LABEL
	tot = 6597
	max = 32
