hypergraph with 9555 vertices and 393143 hyperarcs generated in 221
356 [0, 30000]: LP
	bnd = 30000.000000
	its = 10
	hyp = 55 / 101
	cut = 0
362 [0, 30000]: HEURISTIC 3
368 [0, 30000]: LABEL
	tot = 100
	max = 1
373 [0, 29970]: LABEL
	tot = 127
	max = 1
379 [0, 29940]: LABEL
	tot = 200
	max = 3
390 [0, 29910]: LABEL
	tot = 388
	max = 3
410 [0, 29880]: LABEL
	tot = 676
	max = 3
446 [0, 29850]: LABEL
	tot = 1262
	max = 5
497 [0, 29820]: LABEL
	tot = 2051
	max = 7
578 [29805, 29805]: LABEL
	tot = 3274
	max = 9
