hypergraph with 10802 vertices and 492841 hyperarcs generated in 2542
2627 [0, 30000]: LP
	bnd = 30000.000000
	its = 9
	hyp = 93 / 103
	cut = 0
3539 [0, 30000]: LP
	bnd = 30000.000000
	its = 4
	hyp = 71 / 224
	cut = 7
4087 [0, 30000]: LP
	bnd = 30000.000000
	its = 2
	hyp = 117 / 253
	cut = 20
4620 [0, 30000]: LP
	bnd = 30000.000000
	its = 2
	hyp = 62 / 273
	cut = 33
5168 [0, 30000]: LP
	bnd = 30000.000000
	its = 2
	hyp = 75 / 299
	cut = 46
5705 [0, 30000]: LP
	bnd = 30000.000000
	its = 2
	hyp = 96 / 309
	cut = 59
6450 [0, 30000]: LP
	bnd = 30000.000000
	its = 3
	hyp = 97 / 343
	cut = 71
7127 [0, 30000]: LP
	bnd = 30000.000000
	its = 3
	hyp = 89 / 413
	cut = 85
7696 [0, 30000]: LP
	bnd = 30000.000000
	its = 2
	hyp = 129 / 431
	cut = 99
8111 [0, 30000]: LP
	bnd = 30000.000000
	its = 1
	hyp = 97 / 431
	cut = 113
8515 [0, 30000]: LP
	bnd = 30000.000000
	its = 1
	hyp = 82 / 431
	cut = 128
9066 [0, 30000]: LP
	bnd = 30000.000000
	its = 2
	hyp = 74 / 509
	cut = 143
9489 [0, 30000]: LP
	bnd = 30000.000000
	its = 1
	hyp = 153 / 509
	cut = 158
9888 [0, 30000]: LP
	bnd = 30000.000000
	its = 1
	hyp = 80 / 509
	cut = 173
10670 [0, 30000]: LP
	bnd = 30000.000000
	its = 3
	hyp = 110 / 606
	cut = 185
11117 [0, 30000]: LP
	bnd = 30000.000000
	its = 1
	hyp = 85 / 606
	cut = 197
11716 [0, 30000]: LP
	bnd = 30000.000000
	its = 2
	hyp = 104 / 632
	cut = 208
12338 [0, 30000]: LP
	bnd = 30000.000000
	its = 2
	hyp = 187 / 673
	cut = 219
13241 [0, 30000]: LP
	bnd = 30000.000000
	its = 4
	hyp = 144 / 748
	cut = 234
13718 [0, 30000]: LP
	bnd = 30000.000000
	its = 1
	hyp = 141 / 748
	cut = 250
14463 [0, 30000]: LP
	bnd = 30000.000000
	its = 3
	hyp = 74 / 784
	cut = 266
14901 [0, 30000]: LP
	bnd = 30000.000000
	its = 1
	hyp = 74 / 784
	cut = 281
15343 [0, 30000]: LP
	bnd = 30000.000000
	its = 1
	hyp = 73 / 784
	cut = 296
15782 [0, 30000]: LP
	bnd = 30000.000000
	its = 1
	hyp = 73 / 784
	cut = 311
16197 [0, 30000]: LP
	bnd = 30000.000000
	its = 1
	hyp = 70 / 784
	cut = 326
16649 [0, 30000]: LP
	bnd = 30000.000000
	its = 1
	hyp = 80 / 784
	cut = 341
17094 [0, 30000]: LP
	bnd = 30000.000000
	its = 1
	hyp = 86 / 784
	cut = 356
17532 [0, 30000]: LP
	bnd = 30000.000000
	its = 1
	hyp = 130 / 784
	cut = 371
17979 [0, 30000]: LP
	bnd = 30000.000000
	its = 1
	hyp = 74 / 784
	cut = 386
18390 [0, 30000]: LP
	bnd = 30000.000000
	its = 1
	hyp = 72 / 784
	cut = 401
18797 [0, 30000]: LP
	bnd = 30000.000000
	its = 1
	hyp = 72 / 784
	cut = 416
19205 [0, 30000]: LP
	bnd = 30000.000000
	its = 1
	hyp = 72 / 784
	cut = 431
19613 [0, 30000]: LP
	bnd = 30000.000000
	its = 1
	hyp = 72 / 784
	cut = 446
20021 [0, 30000]: LP
	bnd = 30000.000000
	its = 1
	hyp = 72 / 784
	cut = 461
20429 [0, 30000]: LP
	bnd = 30000.000000
	its = 1
	hyp = 72 / 784
	cut = 476
20838 [0, 30000]: LP
	bnd = 30000.000000
	its = 1
	hyp = 72 / 784
	cut = 491
21248 [0, 30000]: LP
	bnd = 30000.000000
	its = 1
	hyp = 72 / 784
	cut = 506
21657 [0, 30000]: LP
	bnd = 30000.000000
	its = 1
	hyp = 72 / 784
	cut = 521
22065 [0, 30000]: LP
	bnd = 30000.000000
	its = 1
	hyp = 72 / 784
	cut = 536
22473 [0, 30000]: LP
	bnd = 30000.000000
	its = 1
	hyp = 72 / 784
	cut = 551
22881 [0, 30000]: LP
	bnd = 30000.000000
	its = 1
	hyp = 72 / 784
	cut = 566
23290 [0, 30000]: LP
	bnd = 30000.000000
	its = 1
	hyp = 72 / 784
	cut = 581
23699 [0, 30000]: LP
	bnd = 30000.000000
	its = 1
	hyp = 72 / 784
	cut = 596
24108 [0, 30000]: LP
	bnd = 30000.000000
	its = 1
	hyp = 72 / 784
	cut = 611
24517 [0, 30000]: LP
	bnd = 30000.000000
	its = 1
	hyp = 72 / 784
	cut = 626
24925 [0, 30000]: LP
	bnd = 30000.000000
	its = 1
	hyp = 72 / 784
	cut = 641
25335 [0, 30000]: LP
	bnd = 30000.000000
	its = 1
	hyp = 72 / 784
	cut = 656
25743 [0, 30000]: LP
	bnd = 30000.000000
	its = 1
	hyp = 72 / 784
	cut = 671
26153 [0, 30000]: LP
	bnd = 30000.000000
	its = 1
	hyp = 72 / 784
	cut = 686
26562 [0, 30000]: LP
	bnd = 30000.000000
	its = 1
	hyp = 72 / 784
	cut = 701
26971 [0, 30000]: LP
	bnd = 30000.000000
	its = 1
	hyp = 72 / 784
	cut = 716
27380 [0, 30000]: LP
	bnd = 30000.000000
	its = 1
	hyp = 72 / 784
	cut = 731
27788 [0, 30000]: LP
	bnd = 30000.000000
	its = 1
	hyp = 72 / 784
	cut = 746
28196 [0, 30000]: LP
	bnd = 30000.000000
	its = 1
	hyp = 72 / 784
	cut = 761
28605 [0, 30000]: LP
	bnd = 30000.000000
	its = 1
	hyp = 72 / 784
	cut = 776
29013 [0, 30000]: LP
	bnd = 30000.000000
	its = 1
	hyp = 72 / 784
	cut = 791
29421 [0, 30000]: LP
	bnd = 30000.000000
	its = 1
	hyp = 72 / 784
	cut = 806
29829 [0, 30000]: LP
	bnd = 30000.000000
	its = 1
	hyp = 72 / 784
	cut = 821
30238 [0, 30000]: LP
	bnd = 30000.000000
	its = 1
	hyp = 72 / 784
	cut = 836
30647 [0, 30000]: LP
	bnd = 30000.000000
	its = 1
	hyp = 72 / 784
	cut = 851
31057 [0, 30000]: LP
	bnd = 30000.000000
	its = 1
	hyp = 72 / 784
	cut = 866
31466 [0, 30000]: LP
	bnd = 30000.000000
	its = 1
	hyp = 72 / 784
	cut = 881
31875 [0, 30000]: LP
	bnd = 30000.000000
	its = 1
	hyp = 72 / 784
	cut = 896
32284 [0, 30000]: LP
	bnd = 30000.000000
	its = 1
	hyp = 72 / 784
	cut = 911
32693 [0, 30000]: LP
	bnd = 30000.000000
	its = 1
	hyp = 72 / 784
	cut = 926
33049 [30000, 30000]: HEURISTIC 3
