hypergraph with 10802 vertices and 492436 hyperarcs generated in 2781
2567 [0, 30000]: LP
	bnd = 30000.000000
	its = 8
	hyp = 78 / 88
	cut = 0
3343 [0, 30000]: LP
	bnd = 30000.000000
	its = 3
	hyp = 88 / 202
	cut = 4
3965 [0, 30000]: LP
	bnd = 30000.000000
	its = 2
	hyp = 93 / 234
	cut = 9
4690 [0, 30000]: LP
	bnd = 30000.000000
	its = 3
	hyp = 120 / 306
	cut = 13
5107 [0, 30000]: LP
	bnd = 30000.000000
	its = 1
	hyp = 82 / 306
	cut = 28
5700 [0, 30000]: LP
	bnd = 30000.000000
	its = 2
	hyp = 82 / 331
	cut = 44
6137 [0, 30000]: LP
	bnd = 30000.000000
	its = 1
	hyp = 120 / 331
	cut = 60
6749 [0, 30000]: LP
	bnd = 30000.000000
	its = 2
	hyp = 152 / 388
	cut = 76
7366 [0, 30000]: LP
	bnd = 30000.000000
	its = 2
	hyp = 87 / 445
	cut = 93
7823 [0, 30000]: LP
	bnd = 30000.000000
	its = 1
	hyp = 201 / 445
	cut = 110
8275 [0, 30000]: LP
	bnd = 30000.000000
	its = 1
	hyp = 134 / 445
	cut = 124
8741 [0, 30000]: LP
	bnd = 30000.000000
	its = 1
	hyp = 118 / 445
	cut = 138
9210 [0, 30000]: LP
	bnd = 30000.000000
	its = 1
	hyp = 75 / 445
	cut = 152
9658 [0, 30000]: LP
	bnd = 30000.000000
	its = 1
	hyp = 75 / 445
	cut = 166
10097 [0, 30000]: LP
	bnd = 30000.000000
	its = 1
	hyp = 75 / 445
	cut = 180
10541 [0, 30000]: LP
	bnd = 30000.000000
	its = 1
	hyp = 75 / 445
	cut = 194
11001 [0, 30000]: LP
	bnd = 30000.000000
	its = 1
	hyp = 75 / 445
	cut = 208
11445 [0, 30000]: LP
	bnd = 30000.000000
	its = 1
	hyp = 75 / 445
	cut = 222
11898 [0, 30000]: LP
	bnd = 30000.000000
	its = 1
	hyp = 75 / 445
	cut = 236
12352 [0, 30000]: LP
	bnd = 30000.000000
	its = 1
	hyp = 75 / 445
	cut = 250
12792 [0, 30000]: LP
	bnd = 30000.000000
	its = 1
	hyp = 75 / 445
	cut = 264
13236 [0, 30000]: LP
	bnd = 30000.000000
	its = 1
	hyp = 75 / 445
	cut = 278
13680 [0, 30000]: LP
	bnd = 30000.000000
	its = 1
	hyp = 75 / 445
	cut = 292
14122 [0, 30000]: LP
	bnd = 30000.000000
	its = 1
	hyp = 75 / 445
	cut = 306
14566 [0, 30000]: LP
	bnd = 30000.000000
	its = 1
	hyp = 75 / 445
	cut = 320
15007 [0, 30000]: LP
	bnd = 30000.000000
	its = 1
	hyp = 75 / 445
	cut = 334
15447 [0, 30000]: LP
	bnd = 30000.000000
	its = 1
	hyp = 75 / 445
	cut = 348
15890 [0, 30000]: LP
	bnd = 30000.000000
	its = 1
	hyp = 75 / 445
	cut = 362
16334 [0, 30000]: LP
	bnd = 30000.000000
	its = 1
	hyp = 75 / 445
	cut = 376
16777 [0, 30000]: LP
	bnd = 30000.000000
	its = 1
	hyp = 75 / 445
	cut = 390
17221 [0, 30000]: LP
	bnd = 30000.000000
	its = 1
	hyp = 75 / 445
	cut = 404
17660 [0, 30000]: LP
	bnd = 30000.000000
	its = 1
	hyp = 75 / 445
	cut = 418
18107 [0, 30000]: LP
	bnd = 30000.000000
	its = 1
	hyp = 75 / 445
	cut = 432
18546 [0, 30000]: LP
	bnd = 30000.000000
	its = 1
	hyp = 75 / 445
	cut = 446
18989 [0, 30000]: LP
	bnd = 30000.000000
	its = 1
	hyp = 75 / 445
	cut = 460
19430 [0, 30000]: LP
	bnd = 30000.000000
	its = 1
	hyp = 75 / 445
	cut = 474
19869 [0, 30000]: LP
	bnd = 30000.000000
	its = 1
	hyp = 75 / 445
	cut = 488
20309 [0, 30000]: LP
	bnd = 30000.000000
	its = 1
	hyp = 75 / 445
	cut = 502
20749 [0, 30000]: LP
	bnd = 30000.000000
	its = 1
	hyp = 75 / 445
	cut = 516
21189 [0, 30000]: LP
	bnd = 30000.000000
	its = 1
	hyp = 75 / 445
	cut = 530
21633 [0, 30000]: LP
	bnd = 30000.000000
	its = 1
	hyp = 75 / 445
	cut = 544
22074 [0, 30000]: LP
	bnd = 30000.000000
	its = 1
	hyp = 75 / 445
	cut = 558
22516 [0, 30000]: LP
	bnd = 30000.000000
	its = 1
	hyp = 75 / 445
	cut = 572
22955 [0, 30000]: LP
	bnd = 30000.000000
	its = 1
	hyp = 75 / 445
	cut = 586
23395 [0, 30000]: LP
	bnd = 30000.000000
	its = 1
	hyp = 75 / 445
	cut = 600
23835 [0, 30000]: LP
	bnd = 30000.000000
	its = 1
	hyp = 75 / 445
	cut = 614
24277 [0, 30000]: LP
	bnd = 30000.000000
	its = 1
	hyp = 75 / 445
	cut = 628
24718 [0, 30000]: LP
	bnd = 30000.000000
	its = 1
	hyp = 75 / 445
	cut = 642
25161 [0, 30000]: LP
	bnd = 30000.000000
	its = 1
	hyp = 75 / 445
	cut = 656
25603 [0, 30000]: LP
	bnd = 30000.000000
	its = 1
	hyp = 75 / 445
	cut = 670
26042 [0, 30000]: LP
	bnd = 30000.000000
	its = 1
	hyp = 75 / 445
	cut = 684
26482 [0, 30000]: LP
	bnd = 30000.000000
	its = 1
	hyp = 75 / 445
	cut = 698
26920 [0, 30000]: LP
	bnd = 30000.000000
	its = 1
	hyp = 75 / 445
	cut = 712
27359 [0, 30000]: LP
	bnd = 30000.000000
	its = 1
	hyp = 75 / 445
	cut = 726
27798 [0, 30000]: LP
	bnd = 30000.000000
	its = 1
	hyp = 75 / 445
	cut = 740
28237 [0, 30000]: LP
	bnd = 30000.000000
	its = 1
	hyp = 75 / 445
	cut = 754
28676 [0, 30000]: LP
	bnd = 30000.000000
	its = 1
	hyp = 75 / 445
	cut = 768
29116 [0, 30000]: LP
	bnd = 30000.000000
	its = 1
	hyp = 75 / 445
	cut = 782
29556 [0, 30000]: LP
	bnd = 30000.000000
	its = 1
	hyp = 75 / 445
	cut = 796
29996 [0, 30000]: LP
	bnd = 30000.000000
	its = 1
	hyp = 75 / 445
	cut = 810
30436 [0, 30000]: LP
	bnd = 30000.000000
	its = 1
	hyp = 75 / 445
	cut = 824
30874 [0, 30000]: LP
	bnd = 30000.000000
	its = 1
	hyp = 75 / 445
	cut = 838
31312 [0, 30000]: LP
	bnd = 30000.000000
	its = 1
	hyp = 75 / 445
	cut = 852
31750 [0, 30000]: LP
	bnd = 30000.000000
	its = 1
	hyp = 75 / 445
	cut = 866
32189 [0, 30000]: LP
	bnd = 30000.000000
	its = 1
	hyp = 75 / 445
	cut = 880
32629 [0, 30000]: LP
	bnd = 30000.000000
	its = 1
	hyp = 75 / 445
	cut = 894
32730 [30000, 30000]: HEURISTIC 3
