hypergraph with 9803 vertices and 432034 hyperarcs generated in 189
1543 [0, 29826]: LP
	bnd = 29826.441406
	its = 46
	hyp = 216 / 572
	cut = 0
1546 [0, 29826]: HEURISTIC 3
1548 [0, 29826]: LABEL
	tot = 23
	max = 1
1554 [0, 29796]: LABEL
	tot = 216
	max = 2
1563 [0, 29766]: LABEL
	tot = 341
	max = 3
1578 [0, 29737]: LABEL
	tot = 577
	max = 4
1599 [0, 29707]: LABEL
	tot = 827
	max = 5
1628 [0, 29677]: LABEL
	tot = 1158
	max = 6
1668 [0, 29647]: LABEL
	tot = 1635
	max = 7
1723 [0, 29618]: LABEL
	tot = 2214
	max = 11
1794 [0, 29588]: LABEL
	tot = 3017
	max = 12
1889 [0, 29559]: LABEL
	tot = 3956
	max = 15
2012 [0, 29529]: LABEL
	tot = 5176
	max = 17
2165 [0, 29499]: LABEL
	tot = 6603
	max = 19
2358 [0, 29470]: LABEL
	tot = 8393
	max = 24
2601 [0, 29441]: LABEL
	tot = 10697
	max = 26
2908 [29317, 29411]: LABEL
	tot = 13658
	max = 33
3289 [29317, 29382]: LABEL
	tot = 17153
	max = 42
3590 [29317, 29382]: LP
	bnd = 29755.080078
	its = 52
	hyp = 328 / 1312
	cut = 17
	restart
4000 [29317, 29352]: LABEL
	tot = 15083
	max = 41
4499 [29317, 29323]: LABEL
	tot = 19193
	max = 53
5024 [29317, 29317]: LABEL
	tot = 20217
	max = 56
