hypergraph with 9351 vertices and 338216 hyperarcs generated in 105
559 [0, 29332]: LP
	bnd = 29332.664062
	its = 22
	hyp = 118 / 257
	cut = 0
562 [0, 29332]: HEURISTIC 3
564 [0, 29332]: LABEL
	tot = 164
	max = 2
567 [0, 29303]: LABEL
	tot = 332
	max = 2
570 [0, 29274]: LABEL
	tot = 372
	max = 3
574 [0, 29244]: LABEL
	tot = 376
	max = 3
577 [0, 29215]: LABEL
	tot = 451
	max = 3
581 [0, 29186]: LABEL
	tot = 477
	max = 3
586 [0, 29157]: LABEL
	tot = 557
	max = 4
594 [0, 29127]: LABEL
	tot = 855
	max = 4
603 [0, 29098]: LABEL
	tot = 932
	max = 4
613 [0, 29069]: LABEL
	tot = 1054
	max = 4
624 [0, 29040]: LABEL
	tot = 1121
	max = 4
637 [0, 29011]: LABEL
	tot = 1198
	max = 4
651 [0, 28982]: LABEL
	tot = 1461
	max = 4
669 [0, 28953]: LABEL
	tot = 1718
	max = 5
689 [0, 28924]: LABEL
	tot = 1973
	max = 5
711 [0, 28895]: LABEL
	tot = 2199
	max = 7
736 [0, 28866]: LABEL
	tot = 2438
	max = 7
764 [0, 28837]: LABEL
	tot = 2807
	max = 7
795 [0, 28809]: LABEL
	tot = 3001
	max = 8
829 [0, 28780]: LABEL
	tot = 3319
	max = 10
868 [0, 28751]: LABEL
	tot = 3651
	max = 13
911 [0, 28722]: LABEL
	tot = 3938
	max = 11
957 [0, 28694]: LABEL
	tot = 4283
	max = 13
1008 [0, 28665]: LABEL
	tot = 4608
	max = 13
1062 [0, 28636]: LABEL
	tot = 4971
	max = 13
1120 [0, 28636]: LP
	bnd = 29240.103516
	its = 19
	hyp = 140 / 526
	cut = 9
	restart
1181 [0, 28608]: LABEL
	tot = 4615
	max = 11
1246 [0, 28579]: LABEL
	tot = 4947
	max = 13
1317 [0, 28550]: LABEL
	tot = 5336
	max = 13
1394 [0, 28522]: LABEL
	tot = 5779
	max = 13
1476 [0, 28493]: LABEL
	tot = 6115
	max = 13
1570 [0, 28465]: LABEL
	tot = 6724
	max = 16
1669 [0, 28436]: LABEL
	tot = 7289
	max = 16
1707 [0, 28436]: LP
	bnd = 29112.308594
	its = 20
	hyp = 128 / 695
	cut = 21
	restart
1801 [0, 28408]: LABEL
	tot = 6978
	max = 17
1901 [0, 28380]: LABEL
	tot = 7478
	max = 20
2009 [0, 28351]: LABEL
	tot = 7985
	max = 20
2124 [0, 28323]: LABEL
	tot = 8605
	max = 21
2250 [0, 28294]: LABEL
	tot = 9353
	max = 21
2386 [0, 28266]: LABEL
	tot = 10112
	max = 20
2430 [0, 28266]: LP
	bnd = 29069.853516
	its = 22
	hyp = 100 / 959
	cut = 33
	restart
2573 [0, 28238]: LABEL
	tot = 10297
	max = 21
2727 [0, 28210]: LABEL
	tot = 11126
	max = 23
2892 [0, 28181]: LABEL
	tot = 11772
	max = 23
3070 [0, 28153]: LABEL
	tot = 12648
	max = 24
3217 [0, 28153]: LP
	bnd = 28972.208984
	its = 25
	hyp = 135 / 1156
	cut = 46
	restart
3375 [28146, 28146]: LABEL
	tot = 10816
	max = 21
