hypergraph with 10052 vertices and 458290 hyperarcs generated in 919
853 [0, 30000]: LP
	bnd = 30000.000000
	its = 10
	hyp = 129 / 144
	cut = 0
1347 [0, 30000]: LP
	bnd = 30000.000000
	its = 7
	hyp = 118 / 285
	cut = 12
1506 [0, 30000]: LP
	bnd = 30000.000000
	its = 1
	hyp = 65 / 285
	cut = 25
1829 [0, 30000]: LP
	bnd = 30000.000000
	its = 4
	hyp = 137 / 386
	cut = 37
2223 [0, 30000]: LP
	bnd = 30000.000000
	its = 5
	hyp = 158 / 486
	cut = 49
2459 [0, 30000]: LP
	bnd = 30000.000000
	its = 2
	hyp = 198 / 521
	cut = 61
2693 [0, 30000]: LP
	bnd = 30000.000000
	its = 2
	hyp = 147 / 538
	cut = 74
2999 [0, 30000]: LP
	bnd = 30000.000000
	its = 3
	hyp = 202 / 588
	cut = 88
3205 [0, 30000]: LP
	bnd = 30000.000000
	its = 1
	hyp = 191 / 588
	cut = 102
3645 [0, 30000]: LP
	bnd = 30000.000000
	its = 5
	hyp = 211 / 678
	cut = 116
3856 [0, 30000]: LP
	bnd = 30000.000000
	its = 1
	hyp = 173 / 678
	cut = 130
3899 [30000, 30000]: HEURISTIC 3
