hypergraph with 8959 vertices and 346070 hyperarcs generated in 167
316 [0, 29739]: LP
	bnd = 29739.455078
	its = 10
	hyp = 100 / 175
	cut = 0
319 [0, 29739]: HEURISTIC 3
321 [0, 29739]: LABEL
	tot = 51
	max = 1
326 [0, 29709]: LABEL
	tot = 264
	max = 2
332 [0, 29680]: LABEL
	tot = 386
	max = 3
340 [0, 29650]: LABEL
	tot = 585
	max = 5
350 [0, 29620]: LABEL
	tot = 705
	max = 6
361 [0, 29591]: LABEL
	tot = 842
	max = 8
377 [0, 29561]: LABEL
	tot = 1010
	max = 8
393 [0, 29531]: LABEL
	tot = 1159
	max = 8
415 [0, 29502]: LABEL
	tot = 1439
	max = 8
444 [0, 29472]: LABEL
	tot = 1938
	max = 9
480 [0, 29443]: LABEL
	tot = 2525
	max = 10
527 [0, 29413]: LABEL
	tot = 3396
	max = 14
580 [0, 29384]: LABEL
	tot = 3985
	max = 16
631 [0, 29384]: LP
	bnd = 29739.455078
	its = 9
	hyp = 131 / 395
	cut = 6
646 [0, 29355]: LABEL
	tot = 4693
	max = 20
718 [0, 29325]: LABEL
	tot = 5338
	max = 21
800 [0, 29296]: LABEL
	tot = 5998
	max = 22
895 [0, 29267]: LABEL
	tot = 6748
	max = 23
1004 [0, 29237]: LABEL
	tot = 7669
	max = 23
1045 [0, 29237]: LP
	bnd = 29726.867188
	its = 12
	hyp = 162 / 600
	cut = 12
1128 [0, 29208]: LABEL
	tot = 8667
	max = 25
1300 [0, 29179]: LABEL
	tot = 10360
	max = 25
1457 [0, 29179]: LP
	bnd = 29684.109375
	its = 12
	hyp = 150 / 699
	cut = 18
	restart
1603 [0, 29150]: LABEL
	tot = 9579
	max = 24
1772 [0, 29121]: LABEL
	tot = 10630
	max = 28
1820 [0, 29121]: LP
	bnd = 29614.406250
	its = 11
	hyp = 161 / 764
	cut = 25
	restart
1983 [0, 29092]: LABEL
	tot = 11825
	max = 25
2168 [0, 29062]: LABEL
	tot = 13116
	max = 27
2239 [0, 29062]: LP
	bnd = 29611.677734
	its = 13
	hyp = 204 / 851
	cut = 32
2378 [0, 29033]: LABEL
	tot = 14548
	max = 29
2619 [0, 29004]: LABEL
	tot = 16141
	max = 29
2855 [0, 29004]: LP
	bnd = 29604.748047
	its = 20
	hyp = 199 / 923
	cut = 39
2887 [0, 28975]: LABEL
	tot = 17622
	max = 34
3186 [0, 28946]: LABEL
	tot = 18841
	max = 36
3399 [0, 28946]: LP
	bnd = 29586.625000
	its = 17
	hyp = 235 / 1005
	cut = 46
	restart
3707 [0, 28917]: LABEL
	tot = 19112
	max = 43
3846 [0, 28917]: LP
	bnd = 29571.164062
	its = 13
	hyp = 209 / 1064
	cut = 53
	restart
4157 [0, 28888]: LABEL
	tot = 19191
	max = 44
4213 [0, 28888]: LP
	bnd = 29514.812500
	its = 10
	hyp = 246 / 1118
	cut = 60
	restart
4494 [0, 28860]: LABEL
	tot = 17715
	max = 40
4759 [0, 28860]: LP
	bnd = 29475.873047
	its = 16
	hyp = 257 / 1213
	cut = 67
	restart
5048 [0, 28831]: LABEL
	tot = 18324
	max = 38
5309 [0, 28831]: LP
	bnd = 29460.093750
	its = 16
	hyp = 213 / 1278
	cut = 74
	restart
5588 [0, 28802]: LABEL
	tot = 18971
	max = 38
5810 [0, 28802]: LP
	bnd = 29445.929688
	its = 14
	hyp = 260 / 1338
	cut = 81
5877 [0, 28773]: LABEL
	tot = 20560
	max = 41
6200 [0, 28744]: LABEL
	tot = 22303
	max = 43
6510 [0, 28744]: LP
	bnd = 29428.791016
	its = 20
	hyp = 274 / 1428
	cut = 88
	restart
6880 [0, 28716]: LABEL
	tot = 24352
	max = 43
7084 [0, 28716]: LP
	bnd = 29405.195312
	its = 15
	hyp = 294 / 1494
	cut = 95
	restart
7484 [0, 28687]: LABEL
	tot = 25917
	max = 44
7659 [0, 28687]: LP
	bnd = 29384.794922
	its = 15
	hyp = 269 / 1552
	cut = 102
	restart
8071 [0, 28658]: LABEL
	tot = 27282
	max = 45
8522 [0, 28630]: LABEL
	tot = 29133
	max = 48
8866 [0, 28630]: LP
	bnd = 29369.433594
	its = 33
	hyp = 319 / 1682
	cut = 109
	restart
9357 [0, 28601]: LABEL
	tot = 31023
	max = 48
9506 [0, 28601]: LP
	bnd = 29356.183594
	its = 16
	hyp = 279 / 1755
	cut = 116
9891 [0, 28572]: LABEL
	tot = 33419
	max = 54
10366 [0, 28572]: LP
	bnd = 29320.824219
	its = 21
	hyp = 352 / 1834
	cut = 123
	restart
10892 [0, 28544]: LABEL
	tot = 33243
	max = 46
11011 [0, 28544]: LP
	bnd = 29307.599609
	its = 16
	hyp = 388 / 1903
	cut = 130
11469 [0, 28515]: LABEL
	tot = 36068
	max = 53
11856 [0, 28515]: LP
	bnd = 29275.601562
	its = 20
	hyp = 311 / 1971
	cut = 137
	restart
12350 [0, 28487]: LABEL
	tot = 32097
	max = 45
12899 [28220, 28458]: LABEL
	tot = 35060
	max = 55
12932 [28220, 28458]: LP
	bnd = 29258.224609
	its = 25
	hyp = 397 / 2080
	cut = 144
	restart
13507 [28220, 28430]: LABEL
	tot = 37186
	max = 54
13730 [28220, 28430]: LP
	bnd = 29236.919922
	its = 17
	hyp = 475 / 2160
	cut = 152
	restart
14359 [28220, 28401]: LABEL
	tot = 39842
	max = 58
14960 [28220, 28401]: LP
	bnd = 29230.046875
	its = 24
	hyp = 440 / 2291
	cut = 160
15062 [28383, 28383]: LABEL
	tot = 43293
	max = 61
