hypergraph with 9704 vertices and 400489 hyperarcs generated in 178
835 [0, 29910]: LP
	bnd = 29910.726562
	its = 23
	hyp = 151 / 255
	cut = 0
838 [0, 29910]: HEURISTIC 3
839 [0, 29910]: LABEL
	tot = 16
	max = 1
844 [0, 29880]: LABEL
	tot = 156
	max = 2
849 [0, 29850]: LABEL
	tot = 179
	max = 2
858 [0, 29821]: LABEL
	tot = 332
	max = 4
870 [0, 29791]: LABEL
	tot = 477
	max = 4
886 [0, 29761]: LABEL
	tot = 677
	max = 5
908 [0, 29731]: LABEL
	tot = 917
	max = 6
938 [0, 29701]: LABEL
	tot = 1210
	max = 6
977 [0, 29672]: LABEL
	tot = 1580
	max = 6
1028 [0, 29642]: LABEL
	tot = 2120
	max = 7
1094 [0, 29612]: LABEL
	tot = 2801
	max = 10
1180 [0, 29583]: LABEL
	tot = 3739
	max = 17
1287 [0, 29553]: LABEL
	tot = 4785
	max = 23
1423 [29425, 29524]: LABEL
	tot = 6153
	max = 26
1594 [29425, 29494]: LABEL
	tot = 7868
	max = 31
1806 [29425, 29465]: LABEL
	tot = 9898
	max = 40
2071 [29425, 29435]: LABEL
	tot = 12453
	max = 41
2357 [29425, 29425]: LABEL
	tot = 13630
	max = 42
