hypergraph with 10802 vertices and 491483 hyperarcs generated in 1252
4495 [0, 30000]: LP
	bnd = 30000.000000
	its = 23
	hyp = 188 / 244
	cut = 0
7275 [0, 30000]: LP
	bnd = 30000.000000
	its = 17
	hyp = 270 / 774
	cut = 39
8754 [0, 30000]: LP
	bnd = 30000.000000
	its = 7
	hyp = 240 / 968
	cut = 90
10557 [0, 30000]: LP
	bnd = 30000.000000
	its = 9
	hyp = 460 / 1225
	cut = 144
11917 [0, 30000]: LP
	bnd = 30000.000000
	its = 6
	hyp = 389 / 1369
	cut = 204
13529 [0, 30000]: LP
	bnd = 30000.000000
	its = 7
	hyp = 477 / 1516
	cut = 267
14725 [0, 30000]: LP
	bnd = 30000.000000
	its = 4
	hyp = 517 / 1577
	cut = 333
16611 [0, 30000]: LP
	bnd = 30000.000000
	its = 7
	hyp = 529 / 1734
	cut = 399
18097 [0, 30000]: LP
	bnd = 30000.000000
	its = 4
	hyp = 438 / 1862
	cut = 467
19292 [0, 30000]: LP
	bnd = 30000.000000
	its = 2
	hyp = 468 / 1893
	cut = 539
20690 [0, 30000]: LP
	bnd = 30000.000000
	its = 3
	hyp = 511 / 1952
	cut = 615
22187 [0, 30000]: LP
	bnd = 30000.000000
	its = 3
	hyp = 623 / 2028
	cut = 692
23793 [0, 30000]: LP
	bnd = 30000.003906
	its = 4
	hyp = 546 / 2107
	cut = 768
25047 [0, 30000]: LP
	bnd = 30000.000000
	its = 2
	hyp = 572 / 2149
	cut = 842
26817 [0, 30000]: LP
	bnd = 30000.000000
	its = 3
	hyp = 656 / 2196
	cut = 918
27319 [30000, 30000]: HEURISTIC 3
