hypergraph with 10802 vertices and 492549 hyperarcs generated in 2555
3018 [0, 30000]: LP
	bnd = 30000.000000
	its = 12
	hyp = 136 / 149
	cut = 0
4502 [0, 30000]: LP
	bnd = 30000.000000
	its = 8
	hyp = 166 / 449
	cut = 15
5237 [0, 30000]: LP
	bnd = 30000.000000
	its = 3
	hyp = 108 / 519
	cut = 39
5633 [0, 30000]: LP
	bnd = 30000.000000
	its = 1
	hyp = 188 / 519
	cut = 61
6076 [0, 30000]: LP
	bnd = 30000.000000
	its = 1
	hyp = 99 / 519
	cut = 84
6500 [0, 30000]: LP
	bnd = 30000.000000
	its = 1
	hyp = 103 / 519
	cut = 107
6920 [0, 30000]: LP
	bnd = 30000.000000
	its = 1
	hyp = 99 / 519
	cut = 129
7340 [0, 30000]: LP
	bnd = 30000.000000
	its = 1
	hyp = 99 / 519
	cut = 151
7759 [0, 30000]: LP
	bnd = 30000.000000
	its = 1
	hyp = 99 / 519
	cut = 173
8177 [0, 30000]: LP
	bnd = 30000.000000
	its = 1
	hyp = 99 / 519
	cut = 195
8596 [0, 30000]: LP
	bnd = 30000.000000
	its = 1
	hyp = 99 / 519
	cut = 217
9014 [0, 30000]: LP
	bnd = 30000.000000
	its = 1
	hyp = 99 / 519
	cut = 239
9432 [0, 30000]: LP
	bnd = 30000.000000
	its = 1
	hyp = 99 / 519
	cut = 261
9857 [0, 30000]: LP
	bnd = 30000.000000
	its = 1
	hyp = 99 / 519
	cut = 283
10276 [0, 30000]: LP
	bnd = 30000.000000
	its = 1
	hyp = 99 / 519
	cut = 305
10707 [0, 30000]: LP
	bnd = 30000.000000
	its = 1
	hyp = 99 / 519
	cut = 327
11126 [0, 30000]: LP
	bnd = 30000.000000
	its = 1
	hyp = 99 / 519
	cut = 349
11546 [0, 30000]: LP
	bnd = 30000.000000
	its = 1
	hyp = 99 / 519
	cut = 371
11965 [0, 30000]: LP
	bnd = 30000.000000
	its = 1
	hyp = 99 / 519
	cut = 393
12385 [0, 30000]: LP
	bnd = 30000.000000
	its = 1
	hyp = 99 / 519
	cut = 415
12807 [0, 30000]: LP
	bnd = 30000.000000
	its = 1
	hyp = 99 / 519
	cut = 437
13229 [0, 30000]: LP
	bnd = 30000.000000
	its = 1
	hyp = 99 / 519
	cut = 459
13648 [0, 30000]: LP
	bnd = 30000.000000
	its = 1
	hyp = 99 / 519
	cut = 481
14067 [0, 30000]: LP
	bnd = 30000.000000
	its = 1
	hyp = 99 / 519
	cut = 503
14486 [0, 30000]: LP
	bnd = 30000.000000
	its = 1
	hyp = 99 / 519
	cut = 525
14905 [0, 30000]: LP
	bnd = 30000.000000
	its = 1
	hyp = 99 / 519
	cut = 547
15326 [0, 30000]: LP
	bnd = 30000.000000
	its = 1
	hyp = 99 / 519
	cut = 569
15746 [0, 30000]: LP
	bnd = 30000.000000
	its = 1
	hyp = 99 / 519
	cut = 591
16166 [0, 30000]: LP
	bnd = 30000.000000
	its = 1
	hyp = 99 / 519
	cut = 613
16586 [0, 30000]: LP
	bnd = 30000.000000
	its = 1
	hyp = 99 / 519
	cut = 635
17005 [0, 30000]: LP
	bnd = 30000.000000
	its = 1
	hyp = 99 / 519
	cut = 657
17426 [0, 30000]: LP
	bnd = 30000.000000
	its = 1
	hyp = 99 / 519
	cut = 679
17844 [0, 30000]: LP
	bnd = 30000.000000
	its = 1
	hyp = 99 / 519
	cut = 701
18263 [0, 30000]: LP
	bnd = 30000.000000
	its = 1
	hyp = 99 / 519
	cut = 723
18682 [0, 30000]: LP
	bnd = 30000.000000
	its = 1
	hyp = 99 / 519
	cut = 745
19104 [0, 30000]: LP
	bnd = 30000.000000
	its = 1
	hyp = 99 / 519
	cut = 767
19523 [0, 30000]: LP
	bnd = 30000.000000
	its = 1
	hyp = 99 / 519
	cut = 789
19942 [0, 30000]: LP
	bnd = 30000.000000
	its = 1
	hyp = 99 / 519
	cut = 811
20361 [0, 30000]: LP
	bnd = 30000.000000
	its = 1
	hyp = 99 / 519
	cut = 833
20781 [0, 30000]: LP
	bnd = 30000.000000
	its = 1
	hyp = 99 / 519
	cut = 855
21201 [0, 30000]: LP
	bnd = 30000.000000
	its = 1
	hyp = 99 / 519
	cut = 877
21624 [0, 30000]: LP
	bnd = 30000.000000
	its = 1
	hyp = 99 / 519
	cut = 899
22044 [0, 30000]: LP
	bnd = 30000.000000
	its = 1
	hyp = 99 / 519
	cut = 921
22463 [0, 30000]: LP
	bnd = 30000.000000
	its = 1
	hyp = 99 / 519
	cut = 943
22884 [0, 30000]: LP
	bnd = 30000.000000
	its = 1
	hyp = 99 / 519
	cut = 965
23303 [0, 30000]: LP
	bnd = 30000.000000
	its = 1
	hyp = 99 / 519
	cut = 987
23722 [0, 30000]: LP
	bnd = 30000.000000
	its = 1
	hyp = 99 / 519
	cut = 1009
24142 [0, 30000]: LP
	bnd = 30000.000000
	its = 1
	hyp = 99 / 519
	cut = 1031
24562 [0, 30000]: LP
	bnd = 30000.000000
	its = 1
	hyp = 99 / 519
	cut = 1053
24985 [0, 30000]: LP
	bnd = 30000.000000
	its = 1
	hyp = 99 / 519
	cut = 1075
25406 [0, 30000]: LP
	bnd = 30000.000000
	its = 1
	hyp = 99 / 519
	cut = 1097
25826 [0, 30000]: LP
	bnd = 30000.000000
	its = 1
	hyp = 99 / 519
	cut = 1119
26248 [0, 30000]: LP
	bnd = 30000.000000
	its = 1
	hyp = 99 / 519
	cut = 1141
26669 [0, 30000]: LP
	bnd = 30000.000000
	its = 1
	hyp = 99 / 519
	cut = 1163
27089 [0, 30000]: LP
	bnd = 30000.000000
	its = 1
	hyp = 99 / 519
	cut = 1185
27510 [0, 30000]: LP
	bnd = 30000.000000
	its = 1
	hyp = 99 / 519
	cut = 1207
27932 [0, 30000]: LP
	bnd = 30000.000000
	its = 1
	hyp = 99 / 519
	cut = 1229
28353 [0, 30000]: LP
	bnd = 30000.000000
	its = 1
	hyp = 99 / 519
	cut = 1251
28774 [0, 30000]: LP
	bnd = 30000.000000
	its = 1
	hyp = 99 / 519
	cut = 1273
29194 [0, 30000]: LP
	bnd = 30000.000000
	its = 1
	hyp = 99 / 519
	cut = 1295
29617 [0, 30000]: LP
	bnd = 30000.000000
	its = 1
	hyp = 99 / 519
	cut = 1317
30038 [0, 30000]: LP
	bnd = 30000.000000
	its = 1
	hyp = 99 / 519
	cut = 1339
30460 [0, 30000]: LP
	bnd = 30000.000000
	its = 1
	hyp = 99 / 519
	cut = 1361
30882 [0, 30000]: LP
	bnd = 30000.000000
	its = 1
	hyp = 99 / 519
	cut = 1383
31303 [0, 30000]: LP
	bnd = 30000.000000
	its = 1
	hyp = 99 / 519
	cut = 1405
31725 [0, 30000]: LP
	bnd = 30000.000000
	its = 1
	hyp = 99 / 519
	cut = 1427
32147 [0, 30000]: LP
	bnd = 30000.000000
	its = 1
	hyp = 99 / 519
	cut = 1449
32569 [0, 30000]: LP
	bnd = 30000.000000
	its = 1
	hyp = 99 / 519
	cut = 1471
32991 [0, 30000]: LP
	bnd = 30000.000000
	its = 1
	hyp = 99 / 519
	cut = 1493
33412 [30000, 30000]: LP
	bnd = 30000.000000
	its = 1
	hyp = 99 / 519
	cut = 1515
33446 [30000, 30000]: HEURISTIC 3
