hypergraph with 10302 vertices and 472395 hyperarcs generated in 1312
1765 [0, 30000]: LP
	bnd = 30000.000000
	its = 14
	hyp = 134 / 151
	cut = 0
2642 [0, 30000]: LP
	bnd = 30000.000000
	its = 8
	hyp = 134 / 405
	cut = 18
3332 [0, 30000]: LP
	bnd = 30000.000000
	its = 6
	hyp = 194 / 554
	cut = 36
3951 [0, 30000]: LP
	bnd = 30000.000000
	its = 5
	hyp = 148 / 660
	cut = 52
4486 [0, 30000]: LP
	bnd = 30000.000000
	its = 4
	hyp = 233 / 721
	cut = 66
4933 [0, 30000]: LP
	bnd = 30000.000000
	its = 3
	hyp = 224 / 773
	cut = 84
5319 [0, 30000]: LP
	bnd = 30000.000000
	its = 2
	hyp = 184 / 816
	cut = 103
5872 [0, 30000]: LP
	bnd = 30000.000000
	its = 4
	hyp = 238 / 927
	cut = 123
6290 [0, 30000]: LP
	bnd = 30000.000000
	its = 2
	hyp = 239 / 985
	cut = 142
6628 [0, 30000]: LP
	bnd = 30000.000000
	its = 1
	hyp = 313 / 985
	cut = 161
7241 [0, 30000]: LP
	bnd = 30000.000000
	its = 4
	hyp = 318 / 1066
	cut = 181
7567 [0, 30000]: LP
	bnd = 30000.000000
	its = 1
	hyp = 285 / 1066
	cut = 202
8013 [0, 30000]: LP
	bnd = 30000.000000
	its = 2
	hyp = 303 / 1084
	cut = 223
8315 [0, 30000]: LP
	bnd = 30000.000000
	its = 1
	hyp = 267 / 1084
	cut = 244
8655 [0, 30000]: LP
	bnd = 30000.000000
	its = 1
	hyp = 207 / 1084
	cut = 264
8998 [0, 30000]: LP
	bnd = 30000.000000
	its = 1
	hyp = 196 / 1084
	cut = 283
9350 [0, 30000]: LP
	bnd = 30000.000000
	its = 1
	hyp = 210 / 1084
	cut = 303
9682 [0, 30000]: LP
	bnd = 30000.000000
	its = 1
	hyp = 203 / 1084
	cut = 323
10052 [0, 30000]: LP
	bnd = 30000.000000
	its = 1
	hyp = 169 / 1084
	cut = 345
10374 [0, 30000]: LP
	bnd = 30000.000000
	its = 1
	hyp = 171 / 1084
	cut = 367
10832 [0, 30000]: LP
	bnd = 30000.000000
	its = 2
	hyp = 198 / 1114
	cut = 387
11468 [0, 30000]: LP
	bnd = 30000.000000
	its = 4
	hyp = 268 / 1206
	cut = 407
11784 [0, 30000]: LP
	bnd = 30000.000000
	its = 1
	hyp = 238 / 1206
	cut = 427
12198 [0, 30000]: LP
	bnd = 30000.000000
	its = 1
	hyp = 272 / 1206
	cut = 448
12543 [0, 30000]: LP
	bnd = 30000.000000
	its = 1
	hyp = 271 / 1206
	cut = 470
13024 [0, 30000]: LP
	bnd = 30000.000000
	its = 2
	hyp = 291 / 1247
	cut = 492
13409 [0, 30000]: LP
	bnd = 30000.000000
	its = 1
	hyp = 290 / 1247
	cut = 514
13893 [0, 30000]: LP
	bnd = 30000.000000
	its = 2
	hyp = 308 / 1316
	cut = 536
13913 [30000, 30000]: HEURISTIC 3
