hypergraph with 8413 vertices and 272715 hyperarcs generated in 101
612 [0, 29154]: LP
	bnd = 29154.232422
	its = 26
	hyp = 118 / 325
	cut = 0
614 [0, 29154]: HEURISTIC 3
615 [0, 29154]: LABEL
	tot = 44
	max = 1
618 [0, 29125]: LABEL
	tot = 175
	max = 1
620 [0, 29095]: LABEL
	tot = 175
	max = 1
623 [0, 29066]: LABEL
	tot = 218
	max = 3
627 [0, 29037]: LABEL
	tot = 251
	max = 3
630 [0, 29008]: LABEL
	tot = 291
	max = 3
635 [0, 28979]: LABEL
	tot = 331
	max = 3
640 [0, 28950]: LABEL
	tot = 487
	max = 3
647 [0, 28921]: LABEL
	tot = 534
	max = 3
654 [0, 28892]: LABEL
	tot = 598
	max = 3
663 [0, 28864]: LABEL
	tot = 680
	max = 3
673 [0, 28835]: LABEL
	tot = 825
	max = 3
684 [0, 28806]: LABEL
	tot = 903
	max = 4
697 [0, 28777]: LABEL
	tot = 1022
	max = 5
711 [0, 28748]: LABEL
	tot = 1107
	max = 5
726 [0, 28719]: LABEL
	tot = 1253
	max = 6
744 [0, 28691]: LABEL
	tot = 1354
	max = 6
764 [0, 28662]: LABEL
	tot = 1520
	max = 6
786 [0, 28633]: LABEL
	tot = 1705
	max = 6
811 [0, 28605]: LABEL
	tot = 1842
	max = 7
837 [0, 28576]: LABEL
	tot = 1966
	max = 8
866 [0, 28548]: LABEL
	tot = 2086
	max = 8
897 [0, 28519]: LABEL
	tot = 2338
	max = 9
931 [0, 28491]: LABEL
	tot = 2519
	max = 9
968 [0, 28462]: LABEL
	tot = 2784
	max = 10
1010 [0, 28434]: LABEL
	tot = 3054
	max = 10
1053 [0, 28405]: LABEL
	tot = 3261
	max = 12
1102 [0, 28377]: LABEL
	tot = 3554
	max = 13
1155 [0, 28348]: LABEL
	tot = 3937
	max = 15
1212 [0, 28320]: LABEL
	tot = 4343
	max = 17
1217 [0, 28320]: LP
	bnd = 28992.021484
	its = 22
	hyp = 172 / 673
	cut = 12
	restart
1274 [0, 28292]: LABEL
	tot = 3863
	max = 22
1337 [0, 28263]: LABEL
	tot = 4381
	max = 25
1405 [0, 28235]: LABEL
	tot = 4919
	max = 28
1479 [0, 28207]: LABEL
	tot = 5365
	max = 28
1559 [0, 28179]: LABEL
	tot = 5830
	max = 28
1647 [0, 28150]: LABEL
	tot = 6362
	max = 26
1741 [0, 28122]: LABEL
	tot = 6913
	max = 28
1842 [0, 28094]: LABEL
	tot = 7471
	max = 30
1950 [0, 28066]: LABEL
	tot = 8034
	max = 31
2013 [0, 28066]: LP
	bnd = 28865.953125
	its = 29
	hyp = 261 / 938
	cut = 26
	restart
2116 [0, 28038]: LABEL
	tot = 7201
	max = 28
2224 [0, 28010]: LABEL
	tot = 7780
	max = 30
2341 [27787, 27982]: LABEL
	tot = 8418
	max = 31
2469 [27787, 27954]: LABEL
	tot = 9290
	max = 32
2606 [27787, 27926]: LABEL
	tot = 10027
	max = 38
2763 [27787, 27898]: LABEL
	tot = 11089
	max = 39
2868 [27787, 27898]: LP
	bnd = 28755.103516
	its = 29
	hyp = 258 / 1162
	cut = 40
	restart
3016 [27787, 27870]: LABEL
	tot = 8734
	max = 25
3173 [27787, 27842]: LABEL
	tot = 9536
	max = 31
3345 [27787, 27815]: LABEL
	tot = 10467
	max = 35
3526 [27787, 27787]: LABEL
	tot = 11422
	max = 41
3703 [27787, 27787]: LABEL
	tot = 11426
	max = 41
