hypergraph with 10302 vertices and 478158 hyperarcs generated in 1632
1470 [0, 30000]: LP
	bnd = 30000.000000
	its = 10
	hyp = 101 / 114
	cut = 0
2546 [0, 30000]: LP
	bnd = 30000.000000
	its = 11
	hyp = 126 / 303
	cut = 10
2892 [0, 30000]: LP
	bnd = 30000.000000
	its = 2
	hyp = 93 / 315
	cut = 23
3306 [0, 30000]: LP
	bnd = 30000.000000
	its = 3
	hyp = 121 / 345
	cut = 37
3558 [0, 30000]: LP
	bnd = 30000.000000
	its = 1
	hyp = 123 / 345
	cut = 51
3936 [0, 30000]: LP
	bnd = 30000.000000
	its = 2
	hyp = 120 / 359
	cut = 66
4356 [0, 30000]: LP
	bnd = 30000.000000
	its = 3
	hyp = 122 / 401
	cut = 82
4705 [0, 30000]: LP
	bnd = 30000.000000
	its = 2
	hyp = 163 / 425
	cut = 96
4978 [0, 30000]: LP
	bnd = 30000.000000
	its = 1
	hyp = 157 / 425
	cut = 110
5429 [0, 30000]: LP
	bnd = 30000.000000
	its = 3
	hyp = 129 / 451
	cut = 124
5898 [0, 30000]: LP
	bnd = 30000.000000
	its = 3
	hyp = 152 / 484
	cut = 138
6175 [0, 30000]: LP
	bnd = 30000.000000
	its = 1
	hyp = 140 / 484
	cut = 152
6548 [0, 30000]: LP
	bnd = 30000.000000
	its = 2
	hyp = 147 / 523
	cut = 166
6831 [0, 30000]: LP
	bnd = 30000.000000
	its = 1
	hyp = 102 / 523
	cut = 180
7084 [0, 30000]: LP
	bnd = 30000.000000
	its = 1
	hyp = 101 / 523
	cut = 195
7347 [0, 30000]: LP
	bnd = 30000.000000
	its = 1
	hyp = 122 / 523
	cut = 210
7662 [0, 30000]: LP
	bnd = 30000.000000
	its = 1
	hyp = 139 / 523
	cut = 225
8015 [0, 30000]: LP
	bnd = 30000.000000
	its = 2
	hyp = 151 / 542
	cut = 240
8295 [0, 30000]: LP
	bnd = 30000.000000
	its = 1
	hyp = 148 / 542
	cut = 254
8599 [0, 30000]: LP
	bnd = 30000.000000
	its = 1
	hyp = 172 / 542
	cut = 267
8876 [0, 30000]: LP
	bnd = 30000.000000
	its = 1
	hyp = 155 / 542
	cut = 279
9177 [0, 30000]: LP
	bnd = 30000.000000
	its = 1
	hyp = 142 / 542
	cut = 291
9493 [0, 30000]: LP
	bnd = 30000.000000
	its = 1
	hyp = 142 / 542
	cut = 304
9756 [0, 30000]: LP
	bnd = 30000.000000
	its = 1
	hyp = 101 / 542
	cut = 318
10019 [0, 30000]: LP
	bnd = 30000.000000
	its = 1
	hyp = 97 / 542
	cut = 330
10308 [0, 30000]: LP
	bnd = 30000.000000
	its = 1
	hyp = 107 / 542
	cut = 341
10595 [0, 30000]: LP
	bnd = 30000.000000
	its = 1
	hyp = 107 / 542
	cut = 352
10922 [0, 30000]: LP
	bnd = 30000.000000
	its = 1
	hyp = 168 / 542
	cut = 363
11239 [0, 30000]: LP
	bnd = 30000.000000
	its = 1
	hyp = 168 / 542
	cut = 374
11549 [0, 30000]: LP
	bnd = 30000.000000
	its = 1
	hyp = 169 / 542
	cut = 385
11833 [0, 30000]: LP
	bnd = 30000.000000
	its = 1
	hyp = 135 / 542
	cut = 396
12113 [0, 30000]: LP
	bnd = 30000.000000
	its = 1
	hyp = 135 / 542
	cut = 407
12405 [0, 30000]: LP
	bnd = 30000.000000
	its = 1
	hyp = 123 / 542
	cut = 418
12694 [0, 30000]: LP
	bnd = 30000.000000
	its = 1
	hyp = 123 / 542
	cut = 429
12983 [0, 30000]: LP
	bnd = 30000.000000
	its = 1
	hyp = 123 / 542
	cut = 440
13031 [30000, 30000]: HEURISTIC 3
