hypergraph with 10302 vertices and 487059 hyperarcs generated in 1861
1702 [0, 30000]: LP
	bnd = 30000.000000
	its = 13
	hyp = 123 / 203
	cut = 0
2443 [0, 30000]: LP
	bnd = 30000.000000
	its = 6
	hyp = 153 / 434
	cut = 9
2969 [0, 30000]: LP
	bnd = 30000.000000
	its = 4
	hyp = 142 / 477
	cut = 23
3317 [0, 30000]: LP
	bnd = 30000.000000
	its = 2
	hyp = 159 / 496
	cut = 38
3676 [0, 30000]: LP
	bnd = 30000.000000
	its = 2
	hyp = 186 / 533
	cut = 57
3926 [0, 30000]: LP
	bnd = 30000.000000
	its = 1
	hyp = 195 / 533
	cut = 73
4453 [0, 30000]: LP
	bnd = 30000.000000
	its = 4
	hyp = 208 / 622
	cut = 86
4688 [0, 30000]: LP
	bnd = 30000.000000
	its = 1
	hyp = 176 / 622
	cut = 100
4958 [0, 30000]: LP
	bnd = 30000.000000
	its = 1
	hyp = 150 / 622
	cut = 114
5319 [0, 30000]: LP
	bnd = 30000.000000
	its = 2
	hyp = 157 / 648
	cut = 128
5616 [0, 30000]: LP
	bnd = 30000.000000
	its = 1
	hyp = 182 / 648
	cut = 142
5878 [0, 30000]: LP
	bnd = 30000.000000
	its = 1
	hyp = 163 / 648
	cut = 157
6280 [0, 30000]: LP
	bnd = 30000.000000
	its = 2
	hyp = 162 / 688
	cut = 172
6580 [0, 30000]: LP
	bnd = 30000.000000
	its = 1
	hyp = 159 / 688
	cut = 187
6872 [0, 30000]: LP
	bnd = 30000.000000
	its = 1
	hyp = 161 / 688
	cut = 202
7325 [0, 30000]: LP
	bnd = 30000.000000
	its = 3
	hyp = 195 / 736
	cut = 217
7612 [0, 30000]: LP
	bnd = 30000.000000
	its = 1
	hyp = 180 / 736
	cut = 232
7909 [0, 30000]: LP
	bnd = 30000.000000
	its = 1
	hyp = 164 / 736
	cut = 247
8203 [0, 30000]: LP
	bnd = 30000.000000
	its = 1
	hyp = 196 / 736
	cut = 261
8475 [0, 30000]: LP
	bnd = 30000.000000
	its = 1
	hyp = 128 / 736
	cut = 275
8806 [0, 30000]: LP
	bnd = 30000.000000
	its = 1
	hyp = 177 / 736
	cut = 288
9208 [0, 30000]: LP
	bnd = 30000.000000
	its = 2
	hyp = 145 / 782
	cut = 301
9492 [0, 30000]: LP
	bnd = 30000.000000
	its = 1
	hyp = 148 / 782
	cut = 313
9766 [0, 30000]: LP
	bnd = 30000.000000
	its = 1
	hyp = 194 / 782
	cut = 325
10061 [0, 30000]: LP
	bnd = 30000.000000
	its = 1
	hyp = 194 / 782
	cut = 338
10387 [0, 30000]: LP
	bnd = 30000.000000
	its = 1
	hyp = 191 / 782
	cut = 351
10792 [0, 30000]: LP
	bnd = 30000.000000
	its = 2
	hyp = 194 / 814
	cut = 364
11083 [0, 30000]: LP
	bnd = 30000.000000
	its = 1
	hyp = 225 / 814
	cut = 377
11402 [0, 30000]: LP
	bnd = 30000.000000
	its = 1
	hyp = 206 / 814
	cut = 390
11726 [0, 30000]: LP
	bnd = 30000.000000
	its = 1
	hyp = 217 / 814
	cut = 403
12048 [0, 30000]: LP
	bnd = 30000.000000
	its = 1
	hyp = 197 / 814
	cut = 416
12451 [0, 30000]: LP
	bnd = 30000.000000
	its = 2
	hyp = 182 / 832
	cut = 431
12747 [0, 30000]: LP
	bnd = 30000.000000
	its = 1
	hyp = 164 / 832
	cut = 446
13101 [0, 30000]: LP
	bnd = 30000.000000
	its = 1
	hyp = 187 / 832
	cut = 461
13526 [0, 30000]: LP
	bnd = 30000.000000
	its = 2
	hyp = 196 / 881
	cut = 476
13846 [0, 30000]: LP
	bnd = 30000.000000
	its = 1
	hyp = 203 / 881
	cut = 491
14150 [30000, 30000]: LP
	bnd = 30000.000000
	its = 1
	hyp = 149 / 881
	cut = 507
14160 [30000, 30000]: HEURISTIC 3
