hypergraph with 9952 vertices and 452946 hyperarcs generated in 282
1018 [0, 30000]: LP
	bnd = 30000.000000
	its = 22
	hyp = 182 / 256
	cut = 0
1046 [0, 30000]: HEURISTIC 3
1072 [0, 30000]: LABEL
	tot = 107
	max = 1
1104 [0, 29970]: LABEL
	tot = 166
	max = 1
1148 [0, 29940]: LABEL
	tot = 303
	max = 2
1204 [0, 29910]: LABEL
	tot = 631
	max = 3
1287 [0, 29880]: LABEL
	tot = 1331
	max = 4
1417 [0, 29850]: LABEL
	tot = 2764
	max = 7
1643 [0, 29820]: LABEL
	tot = 5522
	max = 13
2028 [0, 29790]: LABEL
	tot = 10869
	max = 24
2663 [0, 29760]: LABEL
	tot = 21307
	max = 37
3696 [0, 29731]: LABEL
	tot = 40373
	max = 67
4189 [0, 29731]: LP
	bnd = 29971.179688
	its = 71
	hyp = 278 / 1078
	cut = 25
	restart
5027 [29696, 29701]: LABEL
	tot = 32939
	max = 111
5926 [29696, 29696]: LABEL
	tot = 36902
	max = 126
