hypergraph with 10802 vertices and 493273 hyperarcs generated in 2381
3427 [0, 30000]: LP
	bnd = 30000.000000
	its = 15
	hyp = 144 / 189
	cut = 0
4811 [0, 30000]: LP
	bnd = 30000.000000
	its = 7
	hyp = 190 / 400
	cut = 16
5396 [0, 30000]: LP
	bnd = 30000.000000
	its = 2
	hyp = 177 / 439
	cut = 48
5897 [0, 30000]: LP
	bnd = 30000.000000
	its = 1
	hyp = 183 / 439
	cut = 78
6626 [0, 30000]: LP
	bnd = 30000.000000
	its = 3
	hyp = 136 / 502
	cut = 108
7101 [0, 30000]: LP
	bnd = 30000.000000
	its = 1
	hyp = 236 / 502
	cut = 136
7554 [0, 30000]: LP
	bnd = 30000.000000
	its = 1
	hyp = 171 / 502
	cut = 164
8196 [0, 30000]: LP
	bnd = 30000.000000
	its = 2
	hyp = 210 / 527
	cut = 192
8834 [0, 30000]: LP
	bnd = 30000.000000
	its = 2
	hyp = 161 / 556
	cut = 220
9276 [0, 30000]: LP
	bnd = 30000.000000
	its = 1
	hyp = 170 / 556
	cut = 248
9773 [0, 30000]: LP
	bnd = 30000.000000
	its = 1
	hyp = 188 / 556
	cut = 276
10537 [0, 30000]: LP
	bnd = 30000.000000
	its = 3
	hyp = 237 / 614
	cut = 304
10977 [0, 30000]: LP
	bnd = 30000.000000
	its = 1
	hyp = 140 / 614
	cut = 332
11414 [0, 30000]: LP
	bnd = 30000.000000
	its = 1
	hyp = 140 / 614
	cut = 360
11852 [0, 30000]: LP
	bnd = 30000.000000
	its = 1
	hyp = 140 / 614
	cut = 388
12289 [0, 30000]: LP
	bnd = 30000.000000
	its = 1
	hyp = 140 / 614
	cut = 416
12732 [0, 30000]: LP
	bnd = 30000.000000
	its = 1
	hyp = 140 / 614
	cut = 444
13170 [0, 30000]: LP
	bnd = 30000.000000
	its = 1
	hyp = 140 / 614
	cut = 472
13607 [0, 30000]: LP
	bnd = 30000.000000
	its = 1
	hyp = 140 / 614
	cut = 500
14057 [0, 30000]: LP
	bnd = 30000.000000
	its = 1
	hyp = 202 / 614
	cut = 528
14510 [0, 30000]: LP
	bnd = 30000.000000
	its = 1
	hyp = 192 / 614
	cut = 555
15010 [0, 30000]: LP
	bnd = 30000.000000
	its = 1
	hyp = 134 / 614
	cut = 583
15506 [0, 30000]: LP
	bnd = 30000.000000
	its = 1
	hyp = 134 / 614
	cut = 611
16006 [0, 30000]: LP
	bnd = 30000.000000
	its = 1
	hyp = 134 / 614
	cut = 639
16502 [0, 30000]: LP
	bnd = 30000.000000
	its = 1
	hyp = 134 / 614
	cut = 667
17006 [0, 30000]: LP
	bnd = 30000.000000
	its = 1
	hyp = 134 / 614
	cut = 695
17509 [0, 30000]: LP
	bnd = 30000.000000
	its = 1
	hyp = 134 / 614
	cut = 723
18009 [0, 30000]: LP
	bnd = 30000.000000
	its = 1
	hyp = 134 / 614
	cut = 751
18503 [0, 30000]: LP
	bnd = 30000.000000
	its = 1
	hyp = 134 / 614
	cut = 779
19003 [0, 30000]: LP
	bnd = 30000.000000
	its = 1
	hyp = 134 / 614
	cut = 807
19507 [0, 30000]: LP
	bnd = 30000.000000
	its = 1
	hyp = 134 / 614
	cut = 835
20011 [0, 30000]: LP
	bnd = 30000.000000
	its = 1
	hyp = 134 / 614
	cut = 863
20514 [0, 30000]: LP
	bnd = 30000.000000
	its = 1
	hyp = 134 / 614
	cut = 891
21015 [0, 30000]: LP
	bnd = 30000.000000
	its = 1
	hyp = 134 / 614
	cut = 919
21512 [0, 30000]: LP
	bnd = 30000.000000
	its = 1
	hyp = 134 / 614
	cut = 947
22007 [0, 30000]: LP
	bnd = 30000.000000
	its = 1
	hyp = 134 / 614
	cut = 975
22502 [0, 30000]: LP
	bnd = 30000.000000
	its = 1
	hyp = 134 / 614
	cut = 1003
23001 [0, 30000]: LP
	bnd = 30000.000000
	its = 1
	hyp = 134 / 614
	cut = 1031
23501 [0, 30000]: LP
	bnd = 30000.000000
	its = 1
	hyp = 134 / 614
	cut = 1059
23995 [0, 30000]: LP
	bnd = 30000.000000
	its = 1
	hyp = 134 / 614
	cut = 1087
24490 [0, 30000]: LP
	bnd = 30000.000000
	its = 1
	hyp = 134 / 614
	cut = 1115
24987 [0, 30000]: LP
	bnd = 30000.000000
	its = 1
	hyp = 134 / 614
	cut = 1143
25486 [0, 30000]: LP
	bnd = 30000.000000
	its = 1
	hyp = 134 / 614
	cut = 1171
25979 [0, 30000]: LP
	bnd = 30000.000000
	its = 1
	hyp = 134 / 614
	cut = 1199
26474 [0, 30000]: LP
	bnd = 30000.000000
	its = 1
	hyp = 134 / 614
	cut = 1227
26970 [0, 30000]: LP
	bnd = 30000.000000
	its = 1
	hyp = 134 / 614
	cut = 1255
27467 [0, 30000]: LP
	bnd = 30000.000000
	its = 1
	hyp = 134 / 614
	cut = 1283
27964 [0, 30000]: LP
	bnd = 30000.000000
	its = 1
	hyp = 134 / 614
	cut = 1311
28457 [0, 30000]: LP
	bnd = 30000.000000
	its = 1
	hyp = 134 / 614
	cut = 1339
28957 [0, 30000]: LP
	bnd = 30000.000000
	its = 1
	hyp = 134 / 614
	cut = 1367
29448 [0, 30000]: LP
	bnd = 30000.000000
	its = 1
	hyp = 134 / 614
	cut = 1395
29942 [0, 30000]: LP
	bnd = 30000.000000
	its = 1
	hyp = 134 / 614
	cut = 1423
30442 [0, 30000]: LP
	bnd = 30000.000000
	its = 1
	hyp = 134 / 614
	cut = 1451
30943 [0, 30000]: LP
	bnd = 30000.000000
	its = 1
	hyp = 134 / 614
	cut = 1479
31437 [0, 30000]: LP
	bnd = 30000.000000
	its = 1
	hyp = 134 / 614
	cut = 1507
31936 [0, 30000]: LP
	bnd = 30000.000000
	its = 1
	hyp = 134 / 614
	cut = 1535
32435 [0, 30000]: LP
	bnd = 30000.000000
	its = 1
	hyp = 134 / 614
	cut = 1563
32933 [0, 30000]: LP
	bnd = 30000.000000
	its = 1
	hyp = 134 / 614
	cut = 1591
33433 [0, 30000]: LP
	bnd = 30000.000000
	its = 1
	hyp = 134 / 614
	cut = 1619
33940 [0, 30000]: LP
	bnd = 30000.000000
	its = 1
	hyp = 134 / 614
	cut = 1647
34439 [0, 30000]: LP
	bnd = 30000.000000
	its = 1
	hyp = 134 / 614
	cut = 1675
34643 [30000, 30000]: HEURISTIC 3
