hypergraph with 10802 vertices and 494302 hyperarcs generated in 2755
3145 [0, 30000]: LP
	bnd = 30000.000000
	its = 13
	hyp = 105 / 139
	cut = 0
3568 [0, 30000]: LP
	bnd = 30000.000000
	its = 1
	hyp = 64 / 139
	cut = 14
3959 [0, 30000]: LP
	bnd = 30000.000000
	its = 1
	hyp = 64 / 139
	cut = 27
4353 [0, 30000]: LP
	bnd = 30000.000000
	its = 1
	hyp = 64 / 139
	cut = 40
4745 [0, 30000]: LP
	bnd = 30000.000000
	its = 1
	hyp = 64 / 139
	cut = 53
5137 [0, 30000]: LP
	bnd = 30000.000000
	its = 1
	hyp = 64 / 139
	cut = 66
5528 [0, 30000]: LP
	bnd = 30000.000000
	its = 1
	hyp = 64 / 139
	cut = 79
5920 [0, 30000]: LP
	bnd = 30000.000000
	its = 1
	hyp = 64 / 139
	cut = 92
6312 [0, 30000]: LP
	bnd = 30000.000000
	its = 1
	hyp = 64 / 139
	cut = 105
6707 [0, 30000]: LP
	bnd = 30000.000000
	its = 1
	hyp = 64 / 139
	cut = 118
7100 [0, 30000]: LP
	bnd = 30000.000000
	its = 1
	hyp = 64 / 139
	cut = 131
7495 [0, 30000]: LP
	bnd = 30000.000000
	its = 1
	hyp = 64 / 139
	cut = 144
7888 [0, 30000]: LP
	bnd = 30000.000000
	its = 1
	hyp = 64 / 139
	cut = 157
8280 [0, 30000]: LP
	bnd = 30000.000000
	its = 1
	hyp = 64 / 139
	cut = 170
8674 [0, 30000]: LP
	bnd = 30000.000000
	its = 1
	hyp = 64 / 139
	cut = 183
9067 [0, 30000]: LP
	bnd = 30000.000000
	its = 1
	hyp = 64 / 139
	cut = 196
9471 [0, 30000]: LP
	bnd = 30000.000000
	its = 1
	hyp = 64 / 139
	cut = 209
9863 [0, 30000]: LP
	bnd = 30000.000000
	its = 1
	hyp = 64 / 139
	cut = 222
10256 [0, 30000]: LP
	bnd = 30000.000000
	its = 1
	hyp = 64 / 139
	cut = 235
10648 [0, 30000]: LP
	bnd = 30000.000000
	its = 1
	hyp = 64 / 139
	cut = 248
11041 [0, 30000]: LP
	bnd = 30000.000000
	its = 1
	hyp = 64 / 139
	cut = 261
11434 [0, 30000]: LP
	bnd = 30000.000000
	its = 1
	hyp = 64 / 139
	cut = 274
11828 [0, 30000]: LP
	bnd = 30000.000000
	its = 1
	hyp = 64 / 139
	cut = 287
12222 [0, 30000]: LP
	bnd = 30000.000000
	its = 1
	hyp = 64 / 139
	cut = 300
12618 [0, 30000]: LP
	bnd = 30000.000000
	its = 1
	hyp = 64 / 139
	cut = 313
13011 [0, 30000]: LP
	bnd = 30000.000000
	its = 1
	hyp = 64 / 139
	cut = 326
13403 [0, 30000]: LP
	bnd = 30000.000000
	its = 1
	hyp = 64 / 139
	cut = 339
13796 [0, 30000]: LP
	bnd = 30000.000000
	its = 1
	hyp = 64 / 139
	cut = 352
14190 [0, 30000]: LP
	bnd = 30000.000000
	its = 1
	hyp = 64 / 139
	cut = 365
14584 [0, 30000]: LP
	bnd = 30000.000000
	its = 1
	hyp = 64 / 139
	cut = 378
14976 [0, 30000]: LP
	bnd = 30000.000000
	its = 1
	hyp = 64 / 139
	cut = 391
15369 [0, 30000]: LP
	bnd = 30000.000000
	its = 1
	hyp = 64 / 139
	cut = 404
15762 [0, 30000]: LP
	bnd = 30000.000000
	its = 1
	hyp = 64 / 139
	cut = 417
16155 [0, 30000]: LP
	bnd = 30000.000000
	its = 1
	hyp = 64 / 139
	cut = 430
16548 [0, 30000]: LP
	bnd = 30000.000000
	its = 1
	hyp = 64 / 139
	cut = 443
16942 [0, 30000]: LP
	bnd = 30000.000000
	its = 1
	hyp = 64 / 139
	cut = 456
17335 [0, 30000]: LP
	bnd = 30000.000000
	its = 1
	hyp = 64 / 139
	cut = 469
17727 [0, 30000]: LP
	bnd = 30000.000000
	its = 1
	hyp = 64 / 139
	cut = 482
18120 [0, 30000]: LP
	bnd = 30000.000000
	its = 1
	hyp = 64 / 139
	cut = 495
18514 [0, 30000]: LP
	bnd = 30000.000000
	its = 1
	hyp = 64 / 139
	cut = 508
18908 [0, 30000]: LP
	bnd = 30000.000000
	its = 1
	hyp = 64 / 139
	cut = 521
19300 [0, 30000]: LP
	bnd = 30000.000000
	its = 1
	hyp = 64 / 139
	cut = 534
19693 [0, 30000]: LP
	bnd = 30000.000000
	its = 1
	hyp = 64 / 139
	cut = 547
20086 [0, 30000]: LP
	bnd = 30000.000000
	its = 1
	hyp = 64 / 139
	cut = 560
20478 [0, 30000]: LP
	bnd = 30000.000000
	its = 1
	hyp = 64 / 139
	cut = 573
20870 [0, 30000]: LP
	bnd = 30000.000000
	its = 1
	hyp = 64 / 139
	cut = 586
21263 [0, 30000]: LP
	bnd = 30000.000000
	its = 1
	hyp = 64 / 139
	cut = 599
21655 [0, 30000]: LP
	bnd = 30000.000000
	its = 1
	hyp = 64 / 139
	cut = 612
22048 [0, 30000]: LP
	bnd = 30000.000000
	its = 1
	hyp = 64 / 139
	cut = 625
22441 [0, 30000]: LP
	bnd = 30000.000000
	its = 1
	hyp = 64 / 139
	cut = 638
22834 [0, 30000]: LP
	bnd = 30000.000000
	its = 1
	hyp = 64 / 139
	cut = 651
23227 [0, 30000]: LP
	bnd = 30000.000000
	its = 1
	hyp = 64 / 139
	cut = 664
23620 [0, 30000]: LP
	bnd = 30000.000000
	its = 1
	hyp = 64 / 139
	cut = 677
24012 [0, 30000]: LP
	bnd = 30000.000000
	its = 1
	hyp = 64 / 139
	cut = 690
24405 [0, 30000]: LP
	bnd = 30000.000000
	its = 1
	hyp = 64 / 139
	cut = 703
24799 [0, 30000]: LP
	bnd = 30000.000000
	its = 1
	hyp = 64 / 139
	cut = 716
25191 [0, 30000]: LP
	bnd = 30000.000000
	its = 1
	hyp = 64 / 139
	cut = 729
25583 [0, 30000]: LP
	bnd = 30000.000000
	its = 1
	hyp = 64 / 139
	cut = 742
25976 [0, 30000]: LP
	bnd = 30000.000000
	its = 1
	hyp = 64 / 139
	cut = 755
26369 [0, 30000]: LP
	bnd = 30000.000000
	its = 1
	hyp = 64 / 139
	cut = 768
26762 [0, 30000]: LP
	bnd = 30000.000000
	its = 1
	hyp = 64 / 139
	cut = 781
27154 [0, 30000]: LP
	bnd = 30000.000000
	its = 1
	hyp = 64 / 139
	cut = 794
27547 [0, 30000]: LP
	bnd = 30000.000000
	its = 1
	hyp = 64 / 139
	cut = 807
27940 [0, 30000]: LP
	bnd = 30000.000000
	its = 1
	hyp = 64 / 139
	cut = 820
28334 [0, 30000]: LP
	bnd = 30000.000000
	its = 1
	hyp = 64 / 139
	cut = 833
28728 [0, 30000]: LP
	bnd = 30000.000000
	its = 1
	hyp = 64 / 139
	cut = 846
29122 [0, 30000]: LP
	bnd = 30000.000000
	its = 1
	hyp = 64 / 139
	cut = 859
29515 [0, 30000]: LP
	bnd = 30000.000000
	its = 1
	hyp = 64 / 139
	cut = 872
29907 [0, 30000]: LP
	bnd = 30000.000000
	its = 1
	hyp = 64 / 139
	cut = 885
30300 [0, 30000]: LP
	bnd = 30000.000000
	its = 1
	hyp = 64 / 139
	cut = 898
30694 [0, 30000]: LP
	bnd = 30000.000000
	its = 1
	hyp = 64 / 139
	cut = 911
31087 [0, 30000]: LP
	bnd = 30000.000000
	its = 1
	hyp = 64 / 139
	cut = 924
31479 [0, 30000]: LP
	bnd = 30000.000000
	its = 1
	hyp = 64 / 139
	cut = 937
31872 [0, 30000]: LP
	bnd = 30000.000000
	its = 1
	hyp = 64 / 139
	cut = 950
32264 [0, 30000]: LP
	bnd = 30000.000000
	its = 1
	hyp = 64 / 139
	cut = 963
32658 [0, 30000]: LP
	bnd = 30000.000000
	its = 1
	hyp = 64 / 139
	cut = 976
33051 [0, 30000]: LP
	bnd = 30000.000000
	its = 1
	hyp = 64 / 139
	cut = 989
33444 [0, 30000]: LP
	bnd = 30000.000000
	its = 1
	hyp = 64 / 139
	cut = 1003
33837 [0, 30000]: LP
	bnd = 30000.000000
	its = 1
	hyp = 64 / 139
	cut = 1018
34231 [0, 30000]: LP
	bnd = 30000.000000
	its = 1
	hyp = 64 / 139
	cut = 1033
34622 [0, 30000]: LP
	bnd = 30000.000000
	its = 1
	hyp = 64 / 139
	cut = 1048
34737 [30000, 30000]: HEURISTIC 3
