hypergraph with 9952 vertices and 480479 hyperarcs generated in 659
704 [0, 30000]: LP
	bnd = 30000.000000
	its = 12
	hyp = 124 / 125
	cut = 0
1014 [0, 30000]: LP
	bnd = 30000.000000
	its = 5
	hyp = 122 / 302
	cut = 13
1229 [0, 30000]: LP
	bnd = 30000.000000
	its = 3
	hyp = 159 / 354
	cut = 26
1520 [0, 30000]: LP
	bnd = 30000.000000
	its = 4
	hyp = 80 / 482
	cut = 39
1720 [0, 30000]: LP
	bnd = 30000.000000
	its = 2
	hyp = 104 / 497
	cut = 52
2024 [0, 30000]: LP
	bnd = 30000.000000
	its = 4
	hyp = 92 / 574
	cut = 65
2154 [0, 30000]: LP
	bnd = 30000.000000
	its = 1
	hyp = 161 / 574
	cut = 78
2329 [0, 30000]: LP
	bnd = 30000.000000
	its = 1
	hyp = 51 / 574
	cut = 91
2483 [0, 30000]: LP
	bnd = 30000.000000
	its = 1
	hyp = 42 / 574
	cut = 103
2636 [0, 30000]: LP
	bnd = 30000.000000
	its = 1
	hyp = 42 / 574
	cut = 115
2789 [0, 30000]: LP
	bnd = 30000.000000
	its = 1
	hyp = 42 / 574
	cut = 127
2941 [0, 30000]: LP
	bnd = 30000.000000
	its = 1
	hyp = 42 / 574
	cut = 138
3094 [0, 30000]: LP
	bnd = 30000.000000
	its = 1
	hyp = 42 / 574
	cut = 148
3247 [0, 30000]: LP
	bnd = 30000.000000
	its = 1
	hyp = 42 / 574
	cut = 158
3401 [0, 30000]: LP
	bnd = 30000.000000
	its = 1
	hyp = 42 / 574
	cut = 168
3499 [30000, 30000]: HEURISTIC 3
