hypergraph with 9644 vertices and 314504 hyperarcs generated in 101
698 [0, 29539]: LP
	bnd = 29539.986328
	its = 28
	hyp = 204 / 328
	cut = 0
700 [0, 29539]: HEURISTIC 3
702 [0, 29539]: LABEL
	tot = 126
	max = 2
706 [0, 29510]: LABEL
	tot = 356
	max = 2
712 [0, 29480]: LABEL
	tot = 577
	max = 3
719 [0, 29451]: LABEL
	tot = 674
	max = 3
726 [0, 29422]: LABEL
	tot = 752
	max = 3
734 [0, 29392]: LABEL
	tot = 800
	max = 3
743 [0, 29363]: LABEL
	tot = 856
	max = 3
754 [0, 29333]: LABEL
	tot = 1035
	max = 4
767 [0, 29304]: LABEL
	tot = 1185
	max = 4
782 [0, 29275]: LABEL
	tot = 1366
	max = 4
798 [0, 29245]: LABEL
	tot = 1503
	max = 4
815 [0, 29216]: LABEL
	tot = 1543
	max = 4
834 [0, 29187]: LABEL
	tot = 1677
	max = 5
855 [0, 29158]: LABEL
	tot = 1835
	max = 5
878 [0, 29129]: LABEL
	tot = 1921
	max = 5
903 [0, 29099]: LABEL
	tot = 2094
	max = 5
931 [0, 29070]: LABEL
	tot = 2374
	max = 5
962 [0, 29041]: LABEL
	tot = 2569
	max = 6
995 [0, 29012]: LABEL
	tot = 2735
	max = 6
1031 [0, 28983]: LABEL
	tot = 2881
	max = 6
1071 [0, 28954]: LABEL
	tot = 3126
	max = 6
1115 [0, 28925]: LABEL
	tot = 3385
	max = 6
1162 [0, 28896]: LABEL
	tot = 3651
	max = 6
1214 [28811, 28867]: LABEL
	tot = 3852
	max = 6
1271 [28811, 28839]: LABEL
	tot = 4187
	max = 6
1335 [28811, 28811]: LABEL
	tot = 4642
	max = 7
