hypergraph with 8868 vertices and 276136 hyperarcs generated in 188
335 [0, 29472]: LP
	bnd = 29472.539062
	its = 12
	hyp = 97 / 177
	cut = 0
339 [0, 29472]: HEURISTIC 3
341 [0, 29472]: HEURISTIC 9
345 [0, 29472]: LABEL
	tot = 428
	max = 4
351 [0, 29443]: LABEL
	tot = 752
	max = 4
359 [0, 29413]: LABEL
	tot = 875
	max = 4
367 [0, 29384]: LABEL
	tot = 1087
	max = 4
377 [0, 29354]: LABEL
	tot = 1255
	max = 8
388 [0, 29325]: LABEL
	tot = 1255
	max = 8
399 [0, 29296]: LABEL
	tot = 1309
	max = 8
417 [0, 29266]: LABEL
	tot = 1923
	max = 11
434 [0, 29237]: LABEL
	tot = 2005
	max = 11
453 [0, 29208]: LABEL
	tot = 2196
	max = 11
476 [29154, 29179]: LABEL
	tot = 2494
	max = 11
502 [29154, 29154]: LABEL
	tot = 2580
	max = 11
