hypergraph with 9654 vertices and 359285 hyperarcs generated in 234
409 [0, 29799]: LP
	bnd = 29799.664062
	its = 13
	hyp = 103 / 164
	cut = 0
413 [0, 29799]: HEURISTIC 3
416 [29250, 29799]: LABEL
	tot = 157
	max = 2
419 [29250, 29769]: LABEL
	tot = 226
	max = 3
424 [29250, 29740]: LABEL
	tot = 352
	max = 3
428 [29250, 29710]: LABEL
	tot = 424
	max = 3
434 [29250, 29680]: LABEL
	tot = 514
	max = 4
443 [29250, 29650]: LABEL
	tot = 769
	max = 6
455 [29250, 29621]: LABEL
	tot = 997
	max = 6
469 [29370, 29591]: LABEL
	tot = 1143
	max = 9
486 [29370, 29562]: LABEL
	tot = 1443
	max = 9
509 [29370, 29532]: LABEL
	tot = 1975
	max = 10
538 [29370, 29503]: LABEL
	tot = 2474
	max = 11
572 [29370, 29473]: LABEL
	tot = 2886
	max = 15
614 [29370, 29444]: LABEL
	tot = 3582
	max = 21
667 [29370, 29414]: LABEL
	tot = 4473
	max = 34
710 [29370, 29414]: LP
	bnd = 29799.664062
	its = 9
	hyp = 117 / 291
	cut = 7
735 [29370, 29385]: LABEL
	tot = 5773
	max = 50
813 [29370, 29370]: LABEL
	tot = 6631
	max = 57
