hypergraph with 9654 vertices and 342642 hyperarcs generated in 117
677 [0, 29891]: LP
	bnd = 29891.511719
	its = 25
	hyp = 124 / 285
	cut = 0
680 [0, 29891]: HEURISTIC 3
681 [0, 29891]: LABEL
	tot = 19
	max = 1
685 [0, 29861]: LABEL
	tot = 158
	max = 2
689 [0, 29831]: LABEL
	tot = 168
	max = 2
694 [0, 29801]: LABEL
	tot = 193
	max = 2
700 [0, 29772]: LABEL
	tot = 261
	max = 2
708 [0, 29742]: LABEL
	tot = 389
	max = 3
718 [0, 29712]: LABEL
	tot = 447
	max = 3
730 [0, 29682]: LABEL
	tot = 520
	max = 3
746 [0, 29653]: LABEL
	tot = 613
	max = 3
764 [29514, 29623]: LABEL
	tot = 787
	max = 3
787 [29514, 29593]: LABEL
	tot = 986
	max = 3
812 [29514, 29564]: LABEL
	tot = 1069
	max = 3
841 [29514, 29534]: LABEL
	tot = 1253
	max = 3
875 [29514, 29514]: LABEL
	tot = 1385
	max = 3
