hypergraph with 8231 vertices and 242627 hyperarcs generated in 102
576 [0, 29885]: LP
	bnd = 29885.214844
	its = 24
	hyp = 115 / 275
	cut = 0
578 [0, 29885]: HEURISTIC 3
580 [0, 29885]: LABEL
	tot = 28
	max = 1
582 [0, 29855]: LABEL
	tot = 81
	max = 1
584 [0, 29825]: LABEL
	tot = 104
	max = 1
586 [0, 29795]: LABEL
	tot = 126
	max = 2
590 [0, 29765]: LABEL
	tot = 157
	max = 2
594 [0, 29736]: LABEL
	tot = 184
	max = 2
599 [0, 29706]: LABEL
	tot = 237
	max = 2
605 [0, 29676]: LABEL
	tot = 254
	max = 2
613 [0, 29646]: LABEL
	tot = 360
	max = 2
622 [0, 29617]: LABEL
	tot = 457
	max = 2
633 [0, 29587]: LABEL
	tot = 530
	max = 2
646 [0, 29558]: LABEL
	tot = 683
	max = 3
661 [0, 29528]: LABEL
	tot = 799
	max = 4
678 [0, 29499]: LABEL
	tot = 919
	max = 4
698 [0, 29469]: LABEL
	tot = 1100
	max = 4
722 [0, 29440]: LABEL
	tot = 1282
	max = 4
748 [0, 29410]: LABEL
	tot = 1508
	max = 5
797 [0, 29381]: LABEL
	tot = 1691
	max = 5
840 [0, 29351]: LABEL
	tot = 1972
	max = 6
889 [0, 29322]: LABEL
	tot = 2330
	max = 7
945 [0, 29293]: LABEL
	tot = 2644
	max = 7
997 [0, 29263]: LABEL
	tot = 2981
	max = 9
1050 [0, 29234]: LABEL
	tot = 3369
	max = 11
1109 [28877, 29205]: LABEL
	tot = 3807
	max = 11
1174 [28877, 29176]: LABEL
	tot = 4330
	max = 12
1248 [28877, 29146]: LABEL
	tot = 4971
	max = 13
1331 [28877, 29117]: LABEL
	tot = 5688
	max = 15
1423 [28877, 29088]: LABEL
	tot = 6438
	max = 17
1497 [28877, 29088]: LP
	bnd = 29830.621094
	its = 35
	hyp = 131 / 619
	cut = 14
	restart
1604 [28877, 29059]: LABEL
	tot = 6726
	max = 25
1719 [28877, 29030]: LABEL
	tot = 7574
	max = 32
1844 [28877, 29001]: LABEL
	tot = 8518
	max = 38
1984 [28877, 28972]: LABEL
	tot = 9617
	max = 39
2136 [28889, 28943]: LABEL
	tot = 10834
	max = 45
2233 [28889, 28943]: LP
	bnd = 29653.121094
	its = 27
	hyp = 196 / 801
	cut = 28
	restart
2357 [28889, 28914]: LABEL
	tot = 7731
	max = 26
2491 [28889, 28889]: LABEL
	tot = 8744
	max = 28
