hypergraph with 10802 vertices and 486231 hyperarcs generated in 2210
2710 [0, 30000]: LP
	bnd = 30000.000000
	its = 10
	hyp = 107 / 129
	cut = 0
4137 [0, 30000]: LP
	bnd = 30000.000000
	its = 8
	hyp = 174 / 370
	cut = 10
4961 [0, 30000]: LP
	bnd = 30000.000000
	its = 4
	hyp = 211 / 463
	cut = 30
5678 [0, 30000]: LP
	bnd = 30000.000000
	its = 3
	hyp = 194 / 515
	cut = 50
6686 [0, 30000]: LP
	bnd = 30000.000000
	its = 5
	hyp = 214 / 644
	cut = 72
7446 [0, 30000]: LP
	bnd = 30000.000000
	its = 3
	hyp = 200 / 705
	cut = 96
8072 [0, 30000]: LP
	bnd = 30000.000000
	its = 2
	hyp = 238 / 722
	cut = 118
9152 [0, 30000]: LP
	bnd = 30000.000000
	its = 5
	hyp = 241 / 790
	cut = 141
9634 [0, 30000]: LP
	bnd = 30000.000000
	its = 1
	hyp = 294 / 790
	cut = 163
10270 [0, 30000]: LP
	bnd = 30000.000000
	its = 2
	hyp = 253 / 839
	cut = 183
10704 [0, 30000]: LP
	bnd = 30000.000000
	its = 1
	hyp = 236 / 839
	cut = 203
11368 [0, 30000]: LP
	bnd = 30000.000000
	its = 2
	hyp = 286 / 862
	cut = 224
11862 [0, 30000]: LP
	bnd = 30000.000000
	its = 1
	hyp = 231 / 862
	cut = 245
12480 [0, 30000]: LP
	bnd = 30000.000000
	its = 2
	hyp = 281 / 887
	cut = 264
12959 [0, 30000]: LP
	bnd = 30000.000000
	its = 1
	hyp = 190 / 887
	cut = 284
13940 [0, 30000]: LP
	bnd = 30000.000000
	its = 4
	hyp = 198 / 1082
	cut = 305
14421 [0, 30000]: LP
	bnd = 30000.000000
	its = 1
	hyp = 291 / 1082
	cut = 324
15093 [0, 30000]: LP
	bnd = 30000.000000
	its = 2
	hyp = 181 / 1096
	cut = 344
15631 [0, 30000]: LP
	bnd = 30000.000000
	its = 1
	hyp = 268 / 1096
	cut = 365
16107 [0, 30000]: LP
	bnd = 30000.000000
	its = 1
	hyp = 164 / 1096
	cut = 385
16589 [0, 30000]: LP
	bnd = 30000.000000
	its = 1
	hyp = 170 / 1096
	cut = 405
17087 [0, 30000]: LP
	bnd = 30000.000000
	its = 1
	hyp = 180 / 1096
	cut = 424
17557 [0, 30000]: LP
	bnd = 30000.000000
	its = 1
	hyp = 200 / 1096
	cut = 442
18033 [0, 30000]: LP
	bnd = 30000.000000
	its = 1
	hyp = 163 / 1096
	cut = 460
18492 [0, 30000]: LP
	bnd = 30000.000000
	its = 1
	hyp = 180 / 1096
	cut = 478
18948 [0, 30000]: LP
	bnd = 30000.000000
	its = 1
	hyp = 150 / 1096
	cut = 497
19415 [0, 30000]: LP
	bnd = 30000.000000
	its = 1
	hyp = 199 / 1096
	cut = 516
19888 [0, 30000]: LP
	bnd = 30000.000000
	its = 1
	hyp = 127 / 1096
	cut = 536
20378 [0, 30000]: LP
	bnd = 30000.000000
	its = 1
	hyp = 156 / 1096
	cut = 556
20823 [0, 30000]: LP
	bnd = 30000.000000
	its = 1
	hyp = 141 / 1096
	cut = 575
21296 [0, 30000]: LP
	bnd = 30000.000000
	its = 1
	hyp = 153 / 1096
	cut = 594
21787 [0, 30000]: LP
	bnd = 30000.000000
	its = 1
	hyp = 151 / 1096
	cut = 613
22254 [0, 30000]: LP
	bnd = 30000.000000
	its = 1
	hyp = 145 / 1096
	cut = 632
22734 [0, 30000]: LP
	bnd = 30000.000000
	its = 1
	hyp = 147 / 1096
	cut = 651
23198 [0, 30000]: LP
	bnd = 30000.000000
	its = 1
	hyp = 147 / 1096
	cut = 670
23658 [0, 30000]: LP
	bnd = 30000.000000
	its = 1
	hyp = 147 / 1096
	cut = 689
24118 [0, 30000]: LP
	bnd = 30000.000000
	its = 1
	hyp = 147 / 1096
	cut = 708
24573 [0, 30000]: LP
	bnd = 30000.000000
	its = 1
	hyp = 147 / 1096
	cut = 727
25027 [0, 30000]: LP
	bnd = 30000.000000
	its = 1
	hyp = 147 / 1096
	cut = 746
25481 [0, 30000]: LP
	bnd = 30000.000000
	its = 1
	hyp = 147 / 1096
	cut = 765
25934 [0, 30000]: LP
	bnd = 30000.000000
	its = 1
	hyp = 147 / 1096
	cut = 784
26387 [0, 30000]: LP
	bnd = 30000.000000
	its = 1
	hyp = 147 / 1096
	cut = 803
26656 [30000, 30000]: HEURISTIC 3
