hypergraph with 10052 vertices and 481961 hyperarcs generated in 1013
913 [0, 30000]: LP
	bnd = 30000.000000
	its = 11
	hyp = 113 / 138
	cut = 0
1281 [0, 30000]: LP
	bnd = 30000.000000
	its = 4
	hyp = 133 / 266
	cut = 16
1511 [0, 30000]: LP
	bnd = 30000.000000
	its = 2
	hyp = 129 / 278
	cut = 31
1812 [0, 30000]: LP
	bnd = 30000.000000
	its = 3
	hyp = 132 / 318
	cut = 46
2060 [0, 30000]: LP
	bnd = 30000.000000
	its = 2
	hyp = 143 / 340
	cut = 60
2403 [0, 30000]: LP
	bnd = 30000.000000
	its = 4
	hyp = 139 / 404
	cut = 75
2647 [0, 30000]: LP
	bnd = 30000.000000
	its = 2
	hyp = 178 / 419
	cut = 89
2905 [0, 30000]: LP
	bnd = 30000.000000
	its = 2
	hyp = 154 / 437
	cut = 103
3088 [0, 30000]: LP
	bnd = 30000.000000
	its = 1
	hyp = 132 / 437
	cut = 117
3497 [0, 30000]: LP
	bnd = 30000.000000
	its = 5
	hyp = 176 / 504
	cut = 130
3808 [0, 30000]: LP
	bnd = 30000.000000
	its = 3
	hyp = 207 / 542
	cut = 143
4119 [0, 30000]: LP
	bnd = 30000.000000
	its = 3
	hyp = 175 / 566
	cut = 155
4323 [0, 30000]: LP
	bnd = 30000.000000
	its = 1
	hyp = 185 / 566
	cut = 167
4637 [0, 30000]: LP
	bnd = 30000.000000
	its = 3
	hyp = 158 / 592
	cut = 183
4831 [0, 30000]: LP
	bnd = 30000.000000
	its = 1
	hyp = 136 / 592
	cut = 195
5068 [0, 30000]: LP
	bnd = 30000.000000
	its = 2
	hyp = 174 / 606
	cut = 207
5279 [0, 30000]: LP
	bnd = 30000.000000
	its = 1
	hyp = 204 / 606
	cut = 220
5423 [30000, 30000]: HEURISTIC 3
