hypergraph with 8868 vertices and 266838 hyperarcs generated in 100
477 [0, 29350]: LP
	bnd = 29350.701172
	its = 20
	hyp = 110 / 225
	cut = 0
479 [0, 29350]: HEURISTIC 3
480 [0, 29350]: LABEL
	tot = 6
	max = 1
483 [0, 29321]: LABEL
	tot = 323
	max = 2
486 [0, 29292]: LABEL
	tot = 323
	max = 2
490 [0, 29262]: LABEL
	tot = 323
	max = 2
494 [0, 29233]: LABEL
	tot = 410
	max = 3
498 [0, 29204]: LABEL
	tot = 411
	max = 3
502 [0, 29175]: LABEL
	tot = 445
	max = 3
506 [0, 29145]: LABEL
	tot = 445
	max = 3
513 [0, 29116]: LABEL
	tot = 747
	max = 3
519 [0, 29087]: LABEL
	tot = 757
	max = 3
527 [0, 29058]: LABEL
	tot = 794
	max = 3
535 [0, 29029]: LABEL
	tot = 839
	max = 3
544 [0, 29000]: LABEL
	tot = 973
	max = 4
554 [0, 28971]: LABEL
	tot = 1106
	max = 4
564 [0, 28942]: LABEL
	tot = 1107
	max = 4
577 [0, 28913]: LABEL
	tot = 1440
	max = 6
591 [0, 28884]: LABEL
	tot = 1641
	max = 6
608 [0, 28855]: LABEL
	tot = 1811
	max = 6
626 [0, 28826]: LABEL
	tot = 2028
	max = 6
646 [0, 28798]: LABEL
	tot = 2263
	max = 6
668 [0, 28769]: LABEL
	tot = 2385
	max = 6
689 [0, 28740]: LABEL
	tot = 2438
	max = 6
712 [0, 28711]: LABEL
	tot = 2498
	max = 6
736 [0, 28683]: LABEL
	tot = 2710
	max = 7
761 [0, 28654]: LABEL
	tot = 2873
	max = 7
788 [0, 28625]: LABEL
	tot = 3093
	max = 7
817 [0, 28597]: LABEL
	tot = 3320
	max = 7
846 [0, 28568]: LABEL
	tot = 3370
	max = 7
877 [0, 28539]: LABEL
	tot = 3489
	max = 7
893 [0, 28539]: LP
	bnd = 29162.757812
	its = 15
	hyp = 138 / 484
	cut = 10
	restart
924 [0, 28511]: LABEL
	tot = 3239
	max = 7
957 [0, 28482]: LABEL
	tot = 3381
	max = 7
990 [0, 28454]: LABEL
	tot = 3463
	max = 7
1025 [0, 28425]: LABEL
	tot = 3636
	max = 7
1062 [0, 28397]: LABEL
	tot = 3784
	max = 7
1101 [0, 28369]: LABEL
	tot = 4003
	max = 7
1141 [0, 28340]: LABEL
	tot = 4120
	max = 8
1183 [0, 28312]: LABEL
	tot = 4368
	max = 9
1226 [0, 28284]: LABEL
	tot = 4476
	max = 9
1273 [27798, 28255]: LABEL
	tot = 4783
	max = 11
1322 [27798, 28227]: LABEL
	tot = 4925
	max = 11
1373 [27798, 28199]: LABEL
	tot = 5293
	max = 11
1397 [27798, 28199]: LP
	bnd = 29110.392578
	its = 19
	hyp = 156 / 605
	cut = 21
	restart
1450 [27798, 28171]: LABEL
	tot = 4419
	max = 10
1505 [27798, 28142]: LABEL
	tot = 4621
	max = 12
1563 [27798, 28114]: LABEL
	tot = 4801
	max = 12
1622 [27798, 28086]: LABEL
	tot = 5146
	max = 14
1684 [27798, 28058]: LABEL
	tot = 5282
	max = 14
1749 [27798, 28030]: LABEL
	tot = 5513
	max = 15
1817 [27798, 28002]: LABEL
	tot = 5675
	max = 15
1889 [27798, 27974]: LABEL
	tot = 6076
	max = 17
1946 [27798, 27974]: LP
	bnd = 29032.353516
	its = 20
	hyp = 202 / 728
	cut = 33
	restart
2028 [27798, 27946]: LABEL
	tot = 7347
	max = 18
2113 [27798, 27918]: LABEL
	tot = 7697
	max = 19
2202 [27798, 27890]: LABEL
	tot = 8009
	max = 18
2294 [27798, 27862]: LABEL
	tot = 8275
	max = 19
2390 [27798, 27834]: LABEL
	tot = 8652
	max = 19
2490 [27798, 27807]: LABEL
	tot = 9084
	max = 21
2506 [27798, 27807]: LP
	bnd = 28993.787109
	its = 20
	hyp = 269 / 813
	cut = 46
	restart
2603 [27798, 27798]: LABEL
	tot = 8588
	max = 17
