hypergraph with 10802 vertices and 493345 hyperarcs generated in 2884
2842 [0, 30000]: LP
	bnd = 30000.000000
	its = 10
	hyp = 78 / 205
	cut = 0
3776 [0, 30000]: LP
	bnd = 30000.000000
	its = 4
	hyp = 50 / 306
	cut = 5
4197 [0, 30000]: LP
	bnd = 30000.000000
	its = 1
	hyp = 51 / 306
	cut = 10
4598 [0, 30000]: LP
	bnd = 30000.000000
	its = 1
	hyp = 65 / 306
	cut = 15
5173 [0, 30000]: LP
	bnd = 30000.000000
	its = 2
	hyp = 86 / 328
	cut = 20
5578 [0, 30000]: LP
	bnd = 30000.000000
	its = 1
	hyp = 105 / 328
	cut = 27
5986 [0, 30000]: LP
	bnd = 30000.000000
	its = 1
	hyp = 156 / 328
	cut = 35
6393 [0, 30000]: LP
	bnd = 30000.000000
	its = 1
	hyp = 83 / 328
	cut = 44
6800 [0, 30000]: LP
	bnd = 30000.000000
	its = 1
	hyp = 76 / 328
	cut = 52
7206 [0, 30000]: LP
	bnd = 30000.000000
	its = 1
	hyp = 76 / 328
	cut = 60
7612 [0, 30000]: LP
	bnd = 30000.000000
	its = 1
	hyp = 76 / 328
	cut = 68
8024 [0, 30000]: LP
	bnd = 30000.000000
	its = 1
	hyp = 56 / 328
	cut = 76
8430 [0, 30000]: LP
	bnd = 30000.000000
	its = 1
	hyp = 56 / 328
	cut = 84
8837 [0, 30000]: LP
	bnd = 30000.000000
	its = 1
	hyp = 56 / 328
	cut = 92
9243 [0, 30000]: LP
	bnd = 30000.000000
	its = 1
	hyp = 56 / 328
	cut = 100
9661 [0, 30000]: LP
	bnd = 30000.000000
	its = 1
	hyp = 56 / 328
	cut = 108
10067 [0, 30000]: LP
	bnd = 30000.000000
	its = 1
	hyp = 56 / 328
	cut = 116
10473 [0, 30000]: LP
	bnd = 30000.000000
	its = 1
	hyp = 56 / 328
	cut = 124
10880 [0, 30000]: LP
	bnd = 30000.000000
	its = 1
	hyp = 56 / 328
	cut = 132
11286 [0, 30000]: LP
	bnd = 30000.000000
	its = 1
	hyp = 56 / 328
	cut = 140
11694 [0, 30000]: LP
	bnd = 30000.000000
	its = 1
	hyp = 56 / 328
	cut = 148
12101 [0, 30000]: LP
	bnd = 30000.000000
	its = 1
	hyp = 56 / 328
	cut = 156
12506 [0, 30000]: LP
	bnd = 30000.000000
	its = 1
	hyp = 56 / 328
	cut = 164
12912 [0, 30000]: LP
	bnd = 30000.000000
	its = 1
	hyp = 56 / 328
	cut = 172
13318 [0, 30000]: LP
	bnd = 30000.000000
	its = 1
	hyp = 56 / 328
	cut = 180
13726 [0, 30000]: LP
	bnd = 30000.000000
	its = 1
	hyp = 56 / 328
	cut = 188
14132 [0, 30000]: LP
	bnd = 30000.000000
	its = 1
	hyp = 56 / 328
	cut = 196
14538 [0, 30000]: LP
	bnd = 30000.000000
	its = 1
	hyp = 56 / 328
	cut = 204
14946 [0, 30000]: LP
	bnd = 30000.000000
	its = 1
	hyp = 56 / 328
	cut = 212
15353 [0, 30000]: LP
	bnd = 30000.000000
	its = 1
	hyp = 56 / 328
	cut = 220
15759 [0, 30000]: LP
	bnd = 30000.000000
	its = 1
	hyp = 56 / 328
	cut = 228
16165 [0, 30000]: LP
	bnd = 30000.000000
	its = 1
	hyp = 56 / 328
	cut = 236
16572 [0, 30000]: LP
	bnd = 30000.000000
	its = 1
	hyp = 56 / 328
	cut = 244
16981 [0, 30000]: LP
	bnd = 30000.000000
	its = 1
	hyp = 56 / 328
	cut = 252
17389 [0, 30000]: LP
	bnd = 30000.000000
	its = 1
	hyp = 56 / 328
	cut = 260
17796 [0, 30000]: LP
	bnd = 30000.000000
	its = 1
	hyp = 56 / 328
	cut = 268
18201 [0, 30000]: LP
	bnd = 30000.000000
	its = 1
	hyp = 56 / 328
	cut = 276
18608 [0, 30000]: LP
	bnd = 30000.000000
	its = 1
	hyp = 56 / 328
	cut = 284
19014 [0, 30000]: LP
	bnd = 30000.000000
	its = 1
	hyp = 56 / 328
	cut = 292
19422 [0, 30000]: LP
	bnd = 30000.000000
	its = 1
	hyp = 56 / 328
	cut = 300
19829 [0, 30000]: LP
	bnd = 30000.000000
	its = 1
	hyp = 56 / 328
	cut = 308
20236 [0, 30000]: LP
	bnd = 30000.000000
	its = 1
	hyp = 56 / 328
	cut = 316
20643 [0, 30000]: LP
	bnd = 30000.000000
	its = 1
	hyp = 56 / 328
	cut = 324
21049 [0, 30000]: LP
	bnd = 30000.000000
	its = 1
	hyp = 56 / 328
	cut = 332
21457 [0, 30000]: LP
	bnd = 30000.000000
	its = 1
	hyp = 56 / 328
	cut = 340
21863 [0, 30000]: LP
	bnd = 30000.000000
	its = 1
	hyp = 56 / 328
	cut = 348
22270 [0, 30000]: LP
	bnd = 30000.000000
	its = 1
	hyp = 56 / 328
	cut = 356
22677 [0, 30000]: LP
	bnd = 30000.000000
	its = 1
	hyp = 56 / 328
	cut = 364
23085 [0, 30000]: LP
	bnd = 30000.000000
	its = 1
	hyp = 56 / 328
	cut = 372
23491 [0, 30000]: LP
	bnd = 30000.000000
	its = 1
	hyp = 56 / 328
	cut = 380
23897 [0, 30000]: LP
	bnd = 30000.000000
	its = 1
	hyp = 56 / 328
	cut = 388
24303 [0, 30000]: LP
	bnd = 30000.000000
	its = 1
	hyp = 56 / 328
	cut = 396
24710 [0, 30000]: LP
	bnd = 30000.000000
	its = 1
	hyp = 56 / 328
	cut = 404
25116 [0, 30000]: LP
	bnd = 30000.000000
	its = 1
	hyp = 56 / 328
	cut = 412
25523 [0, 30000]: LP
	bnd = 30000.000000
	its = 1
	hyp = 56 / 328
	cut = 420
25929 [0, 30000]: LP
	bnd = 30000.000000
	its = 1
	hyp = 56 / 328
	cut = 428
26335 [0, 30000]: LP
	bnd = 30000.000000
	its = 1
	hyp = 56 / 328
	cut = 436
26744 [0, 30000]: LP
	bnd = 30000.000000
	its = 1
	hyp = 56 / 328
	cut = 444
27150 [0, 30000]: LP
	bnd = 30000.000000
	its = 1
	hyp = 56 / 328
	cut = 452
27557 [0, 30000]: LP
	bnd = 30000.000000
	its = 1
	hyp = 56 / 328
	cut = 460
27965 [0, 30000]: LP
	bnd = 30000.000000
	its = 1
	hyp = 56 / 328
	cut = 468
28371 [0, 30000]: LP
	bnd = 30000.000000
	its = 1
	hyp = 56 / 328
	cut = 476
28777 [0, 30000]: LP
	bnd = 30000.000000
	its = 1
	hyp = 56 / 328
	cut = 484
29184 [0, 30000]: LP
	bnd = 30000.000000
	its = 1
	hyp = 56 / 328
	cut = 492
29590 [0, 30000]: LP
	bnd = 30000.000000
	its = 1
	hyp = 56 / 328
	cut = 500
29997 [0, 30000]: LP
	bnd = 30000.000000
	its = 1
	hyp = 56 / 328
	cut = 508
30405 [0, 30000]: LP
	bnd = 30000.000000
	its = 1
	hyp = 56 / 328
	cut = 516
30812 [0, 30000]: LP
	bnd = 30000.000000
	its = 1
	hyp = 56 / 328
	cut = 524
31218 [0, 30000]: LP
	bnd = 30000.000000
	its = 1
	hyp = 56 / 328
	cut = 532
31624 [0, 30000]: LP
	bnd = 30000.000000
	its = 1
	hyp = 56 / 328
	cut = 540
31866 [30000, 30000]: HEURISTIC 3
