hypergraph with 9557 vertices and 415424 hyperarcs generated in 129
760 [0, 28629]: LP
	bnd = 28629.828125
	its = 27
	hyp = 148 / 354
	cut = 0
764 [0, 28629]: HEURISTIC 3
767 [0, 28629]: LABEL
	tot = 172
	max = 1
770 [0, 28601]: LABEL
	tot = 218
	max = 2
776 [0, 28572]: LABEL
	tot = 398
	max = 5
784 [0, 28544]: LABEL
	tot = 707
	max = 7
797 [0, 28515]: LABEL
	tot = 1129
	max = 15
819 [0, 28486]: LABEL
	tot = 1957
	max = 23
850 [0, 28458]: LABEL
	tot = 2873
	max = 31
898 [0, 28430]: LABEL
	tot = 4301
	max = 49
970 [28018, 28401]: LABEL
	tot = 6081
	max = 60
1075 [28018, 28373]: LABEL
	tot = 8267
	max = 88
1235 [28018, 28344]: LABEL
	tot = 10876
	max = 112
1303 [28018, 28344]: LP
	bnd = 28624.259766
	its = 16
	hyp = 165 / 602
	cut = 13
1480 [28018, 28316]: LABEL
	tot = 14141
	max = 131
1900 [28018, 28288]: LABEL
	tot = 18308
	max = 167
2049 [28018, 28288]: LP
	bnd = 28570.962891
	its = 21
	hyp = 197 / 838
	cut = 26
	restart
2291 [28018, 28259]: LABEL
	tot = 14550
	max = 140
2618 [28018, 28231]: LABEL
	tot = 18320
	max = 158
3028 [28018, 28231]: LP
	bnd = 28527.988281
	its = 30
	hyp = 281 / 1024
	cut = 39
	restart
3464 [28018, 28203]: LABEL
	tot = 25125
	max = 215
4010 [28018, 28203]: LP
	bnd = 28483.464844
	its = 28
	hyp = 305 / 1177
	cut = 53
	restart
4459 [28018, 28175]: LABEL
	tot = 23649
	max = 205
5033 [28018, 28146]: LABEL
	tot = 29191
	max = 252
5209 [28018, 28146]: LP
	bnd = 28448.078125
	its = 32
	hyp = 296 / 1364
	cut = 69
	restart
5712 [28018, 28118]: LABEL
	tot = 29991
	max = 270
6301 [28018, 28090]: LABEL
	tot = 36334
	max = 330
6326 [28018, 28090]: LP
	bnd = 28408.845703
	its = 29
	hyp = 331 / 1525
	cut = 86
	restart
6923 [28018, 28062]: LABEL
	tot = 37220
	max = 356
7533 [28018, 28062]: LP
	bnd = 28385.695312
	its = 30
	hyp = 358 / 1682
	cut = 105
	restart
8109 [28018, 28034]: LABEL
	tot = 35525
	max = 388
8716 [28018, 28034]: LP
	bnd = 28366.972656
	its = 27
	hyp = 449 / 1824
	cut = 125
	restart
9332 [28018, 28018]: LABEL
	tot = 39336
	max = 407
