hypergraph with 10302 vertices and 482505 hyperarcs generated in 1498
1247 [0, 30000]: LP
	bnd = 30000.000000
	its = 7
	hyp = 66 / 74
	cut = 0
1674 [0, 30000]: LP
	bnd = 30000.000000
	its = 3
	hyp = 49 / 163
	cut = 6
2474 [0, 30000]: LP
	bnd = 30000.000000
	its = 8
	hyp = 88 / 295
	cut = 12
2954 [0, 30000]: LP
	bnd = 30000.000000
	its = 4
	hyp = 41 / 355
	cut = 22
3172 [0, 30000]: LP
	bnd = 30000.000000
	its = 1
	hyp = 58 / 355
	cut = 32
3487 [0, 30000]: LP
	bnd = 30000.000000
	its = 2
	hyp = 50 / 386
	cut = 41
3729 [0, 30000]: LP
	bnd = 30000.000000
	its = 1
	hyp = 108 / 386
	cut = 50
3977 [0, 30000]: LP
	bnd = 30000.000000
	its = 1
	hyp = 30 / 386
	cut = 60
4224 [0, 30000]: LP
	bnd = 30000.000000
	its = 1
	hyp = 30 / 386
	cut = 69
4476 [0, 30000]: LP
	bnd = 30000.000000
	its = 1
	hyp = 30 / 386
	cut = 78
4723 [0, 30000]: LP
	bnd = 30000.000000
	its = 1
	hyp = 30 / 386
	cut = 87
4970 [0, 30000]: LP
	bnd = 30000.000000
	its = 1
	hyp = 30 / 386
	cut = 96
5217 [0, 30000]: LP
	bnd = 30000.000000
	its = 1
	hyp = 30 / 386
	cut = 104
5464 [0, 30000]: LP
	bnd = 30000.000000
	its = 1
	hyp = 30 / 386
	cut = 112
5710 [0, 30000]: LP
	bnd = 30000.000000
	its = 1
	hyp = 30 / 386
	cut = 120
5957 [0, 30000]: LP
	bnd = 30000.000000
	its = 1
	hyp = 30 / 386
	cut = 128
6204 [0, 30000]: LP
	bnd = 30000.000000
	its = 1
	hyp = 30 / 386
	cut = 136
6452 [0, 30000]: LP
	bnd = 30000.000000
	its = 1
	hyp = 30 / 386
	cut = 144
6700 [0, 30000]: LP
	bnd = 30000.000000
	its = 1
	hyp = 30 / 386
	cut = 152
6948 [0, 30000]: LP
	bnd = 30000.000000
	its = 1
	hyp = 30 / 386
	cut = 160
7184 [30000, 30000]: HEURISTIC 3
