hypergraph with 9645 vertices and 349899 hyperarcs generated in 112
526 [0, 29625]: LP
	bnd = 29625.976562
	its = 20
	hyp = 203 / 323
	cut = 0
528 [0, 29625]: HEURISTIC 3
530 [0, 29625]: LABEL
	tot = 49
	max = 1
533 [0, 29596]: LABEL
	tot = 227
	max = 2
536 [0, 29566]: LABEL
	tot = 314
	max = 2
541 [0, 29537]: LABEL
	tot = 426
	max = 2
547 [0, 29507]: LABEL
	tot = 490
	max = 3
554 [0, 29478]: LABEL
	tot = 578
	max = 3
563 [0, 29448]: LABEL
	tot = 727
	max = 3
573 [0, 29419]: LABEL
	tot = 808
	max = 3
586 [0, 29389]: LABEL
	tot = 972
	max = 5
602 [0, 29360]: LABEL
	tot = 1129
	max = 5
621 [0, 29331]: LABEL
	tot = 1415
	max = 5
645 [0, 29301]: LABEL
	tot = 1711
	max = 5
673 [0, 29272]: LABEL
	tot = 2018
	max = 6
707 [0, 29243]: LABEL
	tot = 2367
	max = 7
747 [0, 29213]: LABEL
	tot = 2802
	max = 9
793 [0, 29184]: LABEL
	tot = 3289
	max = 11
846 [0, 29155]: LABEL
	tot = 3824
	max = 14
906 [0, 29126]: LABEL
	tot = 4369
	max = 16
975 [0, 29097]: LABEL
	tot = 4974
	max = 17
1053 [28918, 29068]: LABEL
	tot = 5770
	max = 17
1141 [28918, 29039]: LABEL
	tot = 6582
	max = 18
1262 [28918, 29010]: LABEL
	tot = 7478
	max = 21
1394 [28918, 28981]: LABEL
	tot = 8392
	max = 22
1437 [28918, 28981]: LP
	bnd = 29543.900391
	its = 31
	hyp = 238 / 742
	cut = 14
	restart
1622 [28918, 28952]: LABEL
	tot = 11652
	max = 25
1822 [28918, 28923]: LABEL
	tot = 13151
	max = 28
2028 [28918, 28918]: LABEL
	tot = 13475
	max = 28
