hypergraph with 10302 vertices and 491271 hyperarcs generated in 1671
1606 [0, 30000]: LP
	bnd = 30000.000000
	its = 11
	hyp = 130 / 257
	cut = 0
2154 [0, 30000]: LP
	bnd = 30000.000000
	its = 4
	hyp = 72 / 397
	cut = 9
2695 [0, 30000]: LP
	bnd = 30000.000000
	its = 4
	hyp = 167 / 490
	cut = 19
3129 [0, 30000]: LP
	bnd = 30000.000000
	its = 3
	hyp = 98 / 527
	cut = 33
3561 [0, 30000]: LP
	bnd = 30000.000000
	its = 3
	hyp = 169 / 597
	cut = 47
3994 [0, 30000]: LP
	bnd = 30000.000000
	its = 3
	hyp = 152 / 639
	cut = 61
4250 [0, 30000]: LP
	bnd = 30000.000000
	its = 1
	hyp = 128 / 639
	cut = 74
4574 [0, 30000]: LP
	bnd = 30000.000000
	its = 2
	hyp = 144 / 670
	cut = 88
4863 [0, 30000]: LP
	bnd = 30000.000000
	its = 1
	hyp = 145 / 670
	cut = 102
5126 [0, 30000]: LP
	bnd = 30000.000000
	its = 1
	hyp = 146 / 670
	cut = 115
5397 [0, 30000]: LP
	bnd = 30000.000000
	its = 1
	hyp = 170 / 670
	cut = 127
5669 [0, 30000]: LP
	bnd = 30000.000000
	its = 1
	hyp = 152 / 670
	cut = 139
5971 [0, 30000]: LP
	bnd = 30000.000000
	its = 1
	hyp = 158 / 670
	cut = 151
6374 [0, 30000]: LP
	bnd = 30000.000000
	its = 2
	hyp = 99 / 716
	cut = 163
6679 [0, 30000]: LP
	bnd = 30000.000000
	its = 1
	hyp = 152 / 716
	cut = 175
7064 [0, 30000]: LP
	bnd = 30000.000000
	its = 2
	hyp = 126 / 774
	cut = 187
7324 [0, 30000]: LP
	bnd = 30000.000000
	its = 1
	hyp = 140 / 774
	cut = 199
7592 [0, 30000]: LP
	bnd = 30000.000000
	its = 1
	hyp = 170 / 774
	cut = 212
7970 [0, 30000]: LP
	bnd = 30000.000000
	its = 2
	hyp = 172 / 831
	cut = 225
8246 [0, 30000]: LP
	bnd = 30000.000000
	its = 1
	hyp = 179 / 831
	cut = 237
8540 [0, 30000]: LP
	bnd = 30000.000000
	its = 1
	hyp = 130 / 831
	cut = 249
8938 [0, 30000]: LP
	bnd = 30000.000000
	its = 2
	hyp = 182 / 909
	cut = 260
9266 [0, 30000]: LP
	bnd = 30000.000000
	its = 1
	hyp = 166 / 909
	cut = 271
9657 [0, 30000]: LP
	bnd = 30000.000000
	its = 2
	hyp = 232 / 939
	cut = 283
10090 [0, 30000]: LP
	bnd = 30000.000000
	its = 2
	hyp = 178 / 993
	cut = 295
10370 [0, 30000]: LP
	bnd = 30000.000000
	its = 1
	hyp = 151 / 993
	cut = 307
10705 [0, 30000]: LP
	bnd = 30000.000000
	its = 1
	hyp = 219 / 993
	cut = 319
11138 [0, 30000]: LP
	bnd = 30000.000000
	its = 2
	hyp = 163 / 1019
	cut = 331
11491 [0, 30000]: LP
	bnd = 30000.000000
	its = 1
	hyp = 156 / 1019
	cut = 344
11926 [0, 30000]: LP
	bnd = 30000.000000
	its = 2
	hyp = 123 / 1089
	cut = 357
12228 [0, 30000]: LP
	bnd = 30000.000000
	its = 1
	hyp = 156 / 1089
	cut = 370
12515 [0, 30000]: LP
	bnd = 30000.000000
	its = 1
	hyp = 94 / 1089
	cut = 383
12803 [0, 30000]: LP
	bnd = 30000.000000
	its = 1
	hyp = 188 / 1089
	cut = 396
13109 [0, 30000]: LP
	bnd = 30000.000000
	its = 1
	hyp = 189 / 1089
	cut = 409
13426 [0, 30000]: LP
	bnd = 30000.000000
	its = 1
	hyp = 197 / 1089
	cut = 421
13751 [0, 30000]: LP
	bnd = 30000.000000
	its = 1
	hyp = 146 / 1089
	cut = 433
14169 [0, 30000]: LP
	bnd = 30000.000000
	its = 2
	hyp = 142 / 1147
	cut = 445
14423 [30000, 30000]: HEURISTIC 3
