hypergraph with 10302 vertices and 489166 hyperarcs generated in 1239
1486 [0, 30000]: LP
	bnd = 30000.000000
	its = 10
	hyp = 80 / 99
	cut = 0
2316 [0, 30000]: LP
	bnd = 30000.000000
	its = 8
	hyp = 84 / 325
	cut = 10
2901 [0, 30000]: LP
	bnd = 30000.000000
	its = 5
	hyp = 123 / 396
	cut = 22
3473 [0, 30000]: LP
	bnd = 30000.000000
	its = 5
	hyp = 123 / 460
	cut = 36
3993 [0, 30000]: LP
	bnd = 30000.000000
	its = 4
	hyp = 155 / 516
	cut = 52
4241 [0, 30000]: LP
	bnd = 30000.000000
	its = 1
	hyp = 117 / 516
	cut = 71
4666 [0, 30000]: LP
	bnd = 30000.000000
	its = 3
	hyp = 161 / 554
	cut = 90
5097 [0, 30000]: LP
	bnd = 30000.000000
	its = 3
	hyp = 167 / 607
	cut = 109
5732 [0, 30000]: LP
	bnd = 30000.000000
	its = 5
	hyp = 151 / 675
	cut = 130
6004 [0, 30000]: LP
	bnd = 30000.000000
	its = 1
	hyp = 164 / 675
	cut = 150
6888 [0, 30000]: LP
	bnd = 30000.000000
	its = 8
	hyp = 183 / 850
	cut = 169
7169 [0, 30000]: LP
	bnd = 30000.000000
	its = 1
	hyp = 184 / 850
	cut = 189
7536 [0, 30000]: LP
	bnd = 30000.000000
	its = 2
	hyp = 98 / 870
	cut = 213
7846 [0, 30000]: LP
	bnd = 30000.000000
	its = 1
	hyp = 157 / 870
	cut = 236
8367 [30000, 30000]: HEURISTIC 3
