hypergraph with 9361 vertices and 280479 hyperarcs generated in 113
332 [0, 29719]: LP
	bnd = 29719.896484
	its = 10
	hyp = 87 / 127
	cut = 0
335 [0, 29719]: HEURISTIC 3
336 [0, 29719]: LABEL
	tot = 8
	max = 1
337 [0, 29690]: LABEL
	tot = 82
	max = 2
340 [0, 29660]: LABEL
	tot = 140
	max = 2
343 [0, 29630]: LABEL
	tot = 253
	max = 3
347 [0, 29601]: LABEL
	tot = 286
	max = 3
352 [0, 29571]: LABEL
	tot = 350
	max = 4
357 [0, 29542]: LABEL
	tot = 410
	max = 5
363 [0, 29512]: LABEL
	tot = 492
	max = 6
371 [0, 29482]: LABEL
	tot = 623
	max = 6
380 [0, 29453]: LABEL
	tot = 715
	max = 7
390 [0, 29424]: LABEL
	tot = 822
	max = 7
401 [0, 29394]: LABEL
	tot = 985
	max = 7
415 [0, 29365]: LABEL
	tot = 1121
	max = 7
429 [0, 29335]: LABEL
	tot = 1269
	max = 7
445 [0, 29306]: LABEL
	tot = 1403
	max = 7
463 [0, 29277]: LABEL
	tot = 1495
	max = 7
483 [0, 29247]: LABEL
	tot = 1604
	max = 7
504 [0, 29218]: LABEL
	tot = 1783
	max = 7
529 [29181, 29189]: LABEL
	tot = 2035
	max = 8
554 [29181, 29181]: LABEL
	tot = 2101
	max = 8
