hypergraph with 10802 vertices and 490493 hyperarcs generated in 1146
4245 [0, 30000]: LP
	bnd = 30000.000000
	its = 22
	hyp = 187 / 210
	cut = 0
8021 [0, 30000]: LP
	bnd = 30000.000000
	its = 24
	hyp = 401 / 908
	cut = 42
10813 [0, 30000]: LP
	bnd = 30000.000000
	its = 16
	hyp = 362 / 1410
	cut = 98
12630 [0, 30000]: LP
	bnd = 30000.000000
	its = 9
	hyp = 576 / 1641
	cut = 156
14428 [0, 30000]: LP
	bnd = 30000.000000
	its = 8
	hyp = 566 / 1856
	cut = 218
16039 [0, 30000]: LP
	bnd = 30000.000000
	its = 6
	hyp = 619 / 1995
	cut = 282
18139 [0, 30000]: LP
	bnd = 30000.000000
	its = 7
	hyp = 532 / 2167
	cut = 351
19999 [0, 30000]: LP
	bnd = 30000.000000
	its = 5
	hyp = 455 / 2276
	cut = 422
21050 [0, 30000]: LP
	bnd = 30000.000000
	its = 2
	hyp = 538 / 2287
	cut = 496
22297 [30000, 30000]: HEURISTIC 3
