hypergraph with 10302 vertices and 473371 hyperarcs generated in 1252
1537 [0, 30000]: LP
	bnd = 30000.000000
	its = 11
	hyp = 105 / 108
	cut = 0
2133 [0, 30000]: LP
	bnd = 30000.000000
	its = 5
	hyp = 58 / 253
	cut = 16
2620 [0, 30000]: LP
	bnd = 30000.000000
	its = 4
	hyp = 78 / 323
	cut = 30
2886 [0, 30000]: LP
	bnd = 30000.000000
	its = 1
	hyp = 84 / 323
	cut = 46
3292 [0, 30000]: LP
	bnd = 30000.000000
	its = 3
	hyp = 84 / 373
	cut = 62
3700 [0, 30000]: LP
	bnd = 30000.000000
	its = 3
	hyp = 92 / 416
	cut = 78
4034 [0, 30000]: LP
	bnd = 30000.000000
	its = 2
	hyp = 77 / 431
	cut = 94
4303 [0, 30000]: LP
	bnd = 30000.000000
	its = 1
	hyp = 77 / 431
	cut = 106
4551 [0, 30000]: LP
	bnd = 30000.000000
	its = 1
	hyp = 49 / 431
	cut = 120
4884 [0, 30000]: LP
	bnd = 30000.000000
	its = 2
	hyp = 62 / 448
	cut = 134
5277 [30000, 30000]: HEURISTIC 3
