hypergraph with 8873 vertices and 305188 hyperarcs generated in 99
618 [0, 28809]: LP
	bnd = 28809.113281
	its = 25
	hyp = 228 / 436
	cut = 0
621 [0, 28809]: HEURISTIC 3
624 [0, 28809]: LABEL
	tot = 164
	max = 2
630 [0, 28780]: LABEL
	tot = 433
	max = 2
636 [0, 28751]: LABEL
	tot = 455
	max = 2
646 [0, 28722]: LABEL
	tot = 830
	max = 3
656 [0, 28694]: LABEL
	tot = 840
	max = 3
669 [0, 28665]: LABEL
	tot = 1196
	max = 6
682 [0, 28636]: LABEL
	tot = 1218
	max = 6
700 [0, 28608]: LABEL
	tot = 1693
	max = 6
718 [0, 28579]: LABEL
	tot = 1833
	max = 7
738 [0, 28550]: LABEL
	tot = 2010
	max = 7
760 [0, 28522]: LABEL
	tot = 2227
	max = 8
785 [0, 28493]: LABEL
	tot = 2318
	max = 8
825 [0, 28465]: LABEL
	tot = 2601
	max = 8
865 [0, 28436]: LABEL
	tot = 2718
	max = 8
910 [0, 28408]: LABEL
	tot = 3302
	max = 8
957 [0, 28379]: LABEL
	tot = 3494
	max = 8
1010 [0, 28351]: LABEL
	tot = 3785
	max = 9
1067 [0, 28323]: LABEL
	tot = 4124
	max = 10
1131 [0, 28294]: LABEL
	tot = 4657
	max = 10
1200 [0, 28266]: LABEL
	tot = 5059
	max = 13
1276 [0, 28238]: LABEL
	tot = 5465
	max = 13
1318 [0, 28238]: LP
	bnd = 28793.007812
	its = 23
	hyp = 222 / 786
	cut = 14
	restart
1402 [0, 28210]: LABEL
	tot = 5911
	max = 14
1492 [0, 28181]: LABEL
	tot = 6404
	max = 14
1593 [0, 28153]: LABEL
	tot = 6755
	max = 19
1695 [0, 28125]: LABEL
	tot = 7125
	max = 18
1795 [0, 28097]: LABEL
	tot = 7714
	max = 18
1904 [0, 28069]: LABEL
	tot = 8435
	max = 21
2023 [0, 28041]: LABEL
	tot = 9269
	max = 23
2056 [0, 28041]: LP
	bnd = 28628.082031
	its = 24
	hyp = 211 / 988
	cut = 28
	restart
2127 [0, 28013]: LABEL
	tot = 5711
	max = 12
2201 [0, 27985]: LABEL
	tot = 6280
	max = 14
2284 [0, 27957]: LABEL
	tot = 6944
	max = 14
2373 [0, 27929]: LABEL
	tot = 7471
	max = 14
2469 [0, 27901]: LABEL
	tot = 8100
	max = 17
2573 [0, 27873]: LABEL
	tot = 8433
	max = 17
2684 [0, 27845]: LABEL
	tot = 8885
	max = 18
2803 [0, 27817]: LABEL
	tot = 9696
	max = 19
2881 [0, 27817]: LP
	bnd = 28555.511719
	its = 27
	hyp = 281 / 1140
	cut = 42
	restart
3017 [0, 27789]: LABEL
	tot = 8650
	max = 23
3161 [0, 27762]: LABEL
	tot = 9409
	max = 27
3317 [0, 27734]: LABEL
	tot = 10144
	max = 29
3486 [0, 27706]: LABEL
	tot = 10822
	max = 27
3669 [0, 27678]: LABEL
	tot = 11687
	max = 30
3817 [0, 27678]: LP
	bnd = 28453.724609
	its = 30
	hyp = 248 / 1326
	cut = 56
	restart
3958 [0, 27651]: LABEL
	tot = 9529
	max = 21
4106 [0, 27623]: LABEL
	tot = 10284
	max = 22
4266 [0, 27595]: LABEL
	tot = 11116
	max = 24
4438 [0, 27568]: LABEL
	tot = 11935
	max = 24
4623 [0, 27540]: LABEL
	tot = 12760
	max = 25
4694 [0, 27540]: LP
	bnd = 28391.111328
	its = 28
	hyp = 312 / 1485
	cut = 70
	restart
4880 [0, 27513]: LABEL
	tot = 12610
	max = 26
5076 [27316, 27485]: LABEL
	tot = 13558
	max = 28
5291 [27316, 27458]: LABEL
	tot = 14557
	max = 27
5520 [27316, 27430]: LABEL
	tot = 15626
	max = 30
5689 [27316, 27430]: LP
	bnd = 28364.673828
	its = 29
	hyp = 279 / 1622
	cut = 84
	restart
5929 [27316, 27403]: LABEL
	tot = 16186
	max = 30
6183 [27316, 27375]: LABEL
	tot = 17455
	max = 33
6461 [27316, 27348]: LABEL
	tot = 18842
	max = 35
6545 [27316, 27348]: LP
	bnd = 28315.439453
	its = 23
	hyp = 414 / 1733
	cut = 99
	restart
6801 [27316, 27321]: LABEL
	tot = 18135
	max = 31
7041 [27316, 27316]: LABEL
	tot = 18378
	max = 31
