hypergraph with 8979 vertices and 364616 hyperarcs generated in 245
431 [0, 29956]: LP
	bnd = 29956.742188
	its = 14
	hyp = 77 / 185
	cut = 0
434 [0, 29956]: HEURISTIC 3
436 [0, 29956]: LABEL
	tot = 68
	max = 2
438 [0, 29926]: LABEL
	tot = 97
	max = 2
441 [0, 29896]: LABEL
	tot = 134
	max = 2
446 [0, 29866]: LABEL
	tot = 310
	max = 5
452 [0, 29837]: LABEL
	tot = 375
	max = 5
463 [0, 29807]: LABEL
	tot = 547
	max = 5
480 [0, 29777]: LABEL
	tot = 997
	max = 10
500 [0, 29747]: LABEL
	tot = 1149
	max = 10
528 [0, 29717]: LABEL
	tot = 1714
	max = 13
570 [0, 29688]: LABEL
	tot = 2573
	max = 20
624 [0, 29658]: LABEL
	tot = 3389
	max = 24
697 [0, 29628]: LABEL
	tot = 4572
	max = 25
802 [0, 29599]: LABEL
	tot = 6614
	max = 36
881 [0, 29599]: LP
	bnd = 29882.789062
	its = 14
	hyp = 93 / 440
	cut = 7
	restart
978 [0, 29569]: LABEL
	tot = 5698
	max = 43
1111 [0, 29540]: LABEL
	tot = 7848
	max = 54
1290 [29491, 29510]: LABEL
	tot = 10273
	max = 65
1291 [29491, 29510]: LP
	bnd = 29872.691406
	its = 13
	hyp = 134 / 593
	cut = 16
1497 [29491, 29491]: LABEL
	tot = 11627
	max = 79
