hypergraph with 10802 vertices and 492658 hyperarcs generated in 1158
4534 [0, 30000]: LP
	bnd = 30000.000000
	its = 24
	hyp = 230 / 251
	cut = 0
8693 [0, 30000]: LP
	bnd = 30000.000000
	its = 26
	hyp = 310 / 1015
	cut = 49
10731 [0, 30000]: LP
	bnd = 30000.000000
	its = 10
	hyp = 409 / 1245
	cut = 105
12682 [0, 30000]: LP
	bnd = 30000.000000
	its = 9
	hyp = 408 / 1468
	cut = 166
15020 [0, 30000]: LP
	bnd = 30000.000000
	its = 10
	hyp = 421 / 1722
	cut = 230
17236 [0, 30000]: LP
	bnd = 30000.009766
	its = 10
	hyp = 367 / 1927
	cut = 294
19174 [0, 30000]: LP
	bnd = 30000.000000
	its = 7
	hyp = 385 / 2043
	cut = 360
21101 [0, 30000]: LP
	bnd = 30000.000000
	its = 6
	hyp = 451 / 2127
	cut = 428
21992 [30000, 30000]: HEURISTIC 3
