hypergraph with 10302 vertices and 492772 hyperarcs generated in 1416
2084 [0, 30000]: LP
	bnd = 30000.000000
	its = 18
	hyp = 155 / 212
	cut = 0
3405 [0, 30000]: LP
	bnd = 30000.000000
	its = 13
	hyp = 261 / 598
	cut = 20
4116 [0, 30000]: LP
	bnd = 30000.000000
	its = 6
	hyp = 222 / 731
	cut = 46
4505 [0, 30000]: LP
	bnd = 30000.000000
	its = 2
	hyp = 224 / 751
	cut = 70
4985 [0, 30000]: LP
	bnd = 30000.000000
	its = 3
	hyp = 215 / 790
	cut = 94
5430 [0, 30000]: LP
	bnd = 30000.000000
	its = 3
	hyp = 204 / 844
	cut = 118
6003 [0, 30000]: LP
	bnd = 30000.000000
	its = 4
	hyp = 234 / 905
	cut = 142
6364 [0, 30000]: LP
	bnd = 30000.000000
	its = 1
	hyp = 275 / 905
	cut = 166
6767 [0, 30000]: LP
	bnd = 30000.000000
	its = 2
	hyp = 238 / 927
	cut = 189
7087 [0, 30000]: LP
	bnd = 30000.000000
	its = 1
	hyp = 258 / 927
	cut = 214
7548 [0, 30000]: LP
	bnd = 30000.000000
	its = 2
	hyp = 244 / 967
	cut = 239
8213 [0, 30000]: LP
	bnd = 30000.000000
	its = 4
	hyp = 287 / 1056
	cut = 264
8716 [0, 30000]: LP
	bnd = 30000.000000
	its = 2
	hyp = 297 / 1098
	cut = 289
9163 [0, 30000]: LP
	bnd = 30000.000000
	its = 2
	hyp = 331 / 1138
	cut = 314
9727 [0, 30000]: LP
	bnd = 30000.000000
	its = 3
	hyp = 302 / 1184
	cut = 339
10090 [0, 30000]: LP
	bnd = 30000.000000
	its = 1
	hyp = 294 / 1184
	cut = 364
10604 [0, 30000]: LP
	bnd = 30000.000000
	its = 2
	hyp = 316 / 1216
	cut = 388
10975 [0, 30000]: LP
	bnd = 30000.000000
	its = 1
	hyp = 247 / 1216
	cut = 414
11457 [0, 30000]: LP
	bnd = 30000.000000
	its = 2
	hyp = 168 / 1257
	cut = 440
11853 [0, 30000]: LP
	bnd = 30000.000000
	its = 1
	hyp = 325 / 1257
	cut = 465
12380 [0, 30000]: LP
	bnd = 30000.000000
	its = 2
	hyp = 345 / 1281
	cut = 491
12786 [0, 30000]: LP
	bnd = 30000.000000
	its = 1
	hyp = 348 / 1281
	cut = 517
13174 [0, 30000]: LP
	bnd = 30000.000000
	its = 1
	hyp = 292 / 1281
	cut = 544
13664 [0, 30000]: LP
	bnd = 30000.000000
	its = 2
	hyp = 281 / 1312
	cut = 571
14028 [0, 30000]: LP
	bnd = 30000.000000
	its = 1
	hyp = 142 / 1312
	cut = 598
14383 [0, 30000]: LP
	bnd = 30000.000000
	its = 1
	hyp = 142 / 1312
	cut = 624
14738 [0, 30000]: LP
	bnd = 30000.000000
	its = 1
	hyp = 142 / 1312
	cut = 650
15094 [0, 30000]: LP
	bnd = 30000.000000
	its = 1
	hyp = 142 / 1312
	cut = 676
15450 [30000, 30000]: LP
	bnd = 30000.000000
	its = 1
	hyp = 142 / 1312
	cut = 702
15459 [30000, 30000]: HEURISTIC 3
