hypergraph with 8862 vertices and 316827 hyperarcs generated in 113
488 [0, 29554]: LP
	bnd = 29554.457031
	its = 18
	hyp = 150 / 240
	cut = 0
490 [0, 29554]: HEURISTIC 3
491 [0, 29554]: LABEL
	tot = 11
	max = 1
494 [0, 29524]: LABEL
	tot = 187
	max = 1
497 [0, 29495]: LABEL
	tot = 295
	max = 2
502 [0, 29465]: LABEL
	tot = 406
	max = 3
508 [0, 29436]: LABEL
	tot = 512
	max = 4
514 [0, 29406]: LABEL
	tot = 554
	max = 4
521 [0, 29377]: LABEL
	tot = 616
	max = 4
529 [0, 29348]: LABEL
	tot = 722
	max = 5
539 [0, 29318]: LABEL
	tot = 831
	max = 5
551 [0, 29289]: LABEL
	tot = 1013
	max = 5
564 [0, 29260]: LABEL
	tot = 1170
	max = 5
579 [0, 29230]: LABEL
	tot = 1294
	max = 5
597 [0, 29201]: LABEL
	tot = 1527
	max = 5
617 [0, 29172]: LABEL
	tot = 1679
	max = 7
639 [0, 29143]: LABEL
	tot = 1831
	max = 7
664 [0, 29114]: LABEL
	tot = 1954
	max = 7
692 [0, 29085]: LABEL
	tot = 2110
	max = 7
723 [0, 29056]: LABEL
	tot = 2315
	max = 7
758 [0, 29026]: LABEL
	tot = 2580
	max = 7
798 [0, 28997]: LABEL
	tot = 2844
	max = 7
842 [0, 28968]: LABEL
	tot = 3102
	max = 9
890 [0, 28939]: LABEL
	tot = 3438
	max = 9
944 [0, 28911]: LABEL
	tot = 3647
	max = 9
1004 [0, 28882]: LABEL
	tot = 3967
	max = 9
1069 [0, 28853]: LABEL
	tot = 4176
	max = 9
1141 [0, 28824]: LABEL
	tot = 4564
	max = 10
1218 [0, 28795]: LABEL
	tot = 4803
	max = 10
1299 [0, 28766]: LABEL
	tot = 5094
	max = 10
1306 [0, 28766]: LP
	bnd = 29433.906250
	its = 27
	hyp = 188 / 680
	cut = 14
	restart
1397 [0, 28738]: LABEL
	tot = 4742
	max = 9
1498 [0, 28709]: LABEL
	tot = 5103
	max = 10
1605 [0, 28680]: LABEL
	tot = 5427
	max = 11
1720 [0, 28651]: LABEL
	tot = 5808
	max = 11
1844 [0, 28623]: LABEL
	tot = 6166
	max = 11
1977 [0, 28594]: LABEL
	tot = 6574
	max = 12
2039 [0, 28594]: LP
	bnd = 29360.535156
	its = 24
	hyp = 195 / 879
	cut = 29
	restart
2179 [0, 28566]: LABEL
	tot = 6815
	max = 12
2330 [0, 28537]: LABEL
	tot = 7272
	max = 12
2492 [0, 28508]: LABEL
	tot = 7831
	max = 12
2667 [0, 28480]: LABEL
	tot = 8355
	max = 13
2839 [0, 28480]: LP
	bnd = 29239.269531
	its = 25
	hyp = 267 / 1027
	cut = 44
	restart
2978 [0, 28451]: LABEL
	tot = 8020
	max = 16
3140 [0, 28423]: LABEL
	tot = 8618
	max = 17
3318 [0, 28395]: LABEL
	tot = 9387
	max = 17
3510 [0, 28366]: LABEL
	tot = 10081
	max = 17
3696 [0, 28338]: LABEL
	tot = 10756
	max = 18
3892 [0, 28309]: LABEL
	tot = 11448
	max = 18
3913 [0, 28309]: LP
	bnd = 29002.707031
	its = 32
	hyp = 285 / 1208
	cut = 59
	restart
4055 [0, 28281]: LABEL
	tot = 6609
	max = 13
4207 [0, 28253]: LABEL
	tot = 7075
	max = 14
4371 [28162, 28225]: LABEL
	tot = 7639
	max = 14
4550 [28162, 28196]: LABEL
	tot = 8107
	max = 15
4742 [28162, 28168]: LABEL
	tot = 8770
	max = 19
4836 [28162, 28168]: LP
	bnd = 28968.802734
	its = 27
	hyp = 331 / 1379
	cut = 75
	restart
5026 [28162, 28162]: LABEL
	tot = 8687
	max = 15
