hypergraph with 9171 vertices and 326837 hyperarcs generated in 114
547 [0, 29918]: LP
	bnd = 29918.033203
	its = 20
	hyp = 112 / 187
	cut = 0
550 [0, 29918]: HEURISTIC 3
552 [0, 29918]: LABEL
	tot = 70
	max = 1
553 [0, 29888]: LABEL
	tot = 81
	max = 2
556 [0, 29858]: LABEL
	tot = 157
	max = 2
560 [0, 29828]: LABEL
	tot = 188
	max = 2
564 [0, 29798]: LABEL
	tot = 226
	max = 2
570 [0, 29768]: LABEL
	tot = 248
	max = 2
577 [0, 29738]: LABEL
	tot = 328
	max = 3
587 [0, 29709]: LABEL
	tot = 443
	max = 3
600 [0, 29679]: LABEL
	tot = 544
	max = 3
616 [0, 29649]: LABEL
	tot = 637
	max = 3
634 [0, 29620]: LABEL
	tot = 726
	max = 3
656 [29571, 29590]: LABEL
	tot = 846
	max = 3
681 [29571, 29571]: LABEL
	tot = 912
	max = 3
