hypergraph with 10302 vertices and 481435 hyperarcs generated in 1213
1191 [0, 30000]: LP
	bnd = 30000.000000
	its = 6
	hyp = 62 / 71
	cut = 0
2107 [0, 30000]: LP
	bnd = 30000.000000
	its = 9
	hyp = 88 / 265
	cut = 9
2356 [0, 30000]: LP
	bnd = 30000.000000
	its = 1
	hyp = 54 / 265
	cut = 22
2698 [0, 30000]: LP
	bnd = 30000.000000
	its = 2
	hyp = 87 / 284
	cut = 34
2947 [0, 30000]: LP
	bnd = 30000.000000
	its = 1
	hyp = 81 / 284
	cut = 46
3350 [0, 30000]: LP
	bnd = 30000.000000
	its = 3
	hyp = 68 / 351
	cut = 57
3593 [0, 30000]: LP
	bnd = 30000.000000
	its = 1
	hyp = 91 / 351
	cut = 68
3864 [0, 30000]: LP
	bnd = 30000.000000
	its = 1
	hyp = 82 / 351
	cut = 80
4104 [0, 30000]: LP
	bnd = 30000.000000
	its = 1
	hyp = 51 / 351
	cut = 91
4344 [0, 30000]: LP
	bnd = 30000.000000
	its = 1
	hyp = 51 / 351
	cut = 101
4584 [0, 30000]: LP
	bnd = 30000.000000
	its = 1
	hyp = 51 / 351
	cut = 111
4829 [0, 30000]: LP
	bnd = 30000.000000
	its = 1
	hyp = 50 / 351
	cut = 121
5073 [0, 30000]: LP
	bnd = 30000.000000
	its = 1
	hyp = 50 / 351
	cut = 131
5319 [0, 30000]: LP
	bnd = 30000.000000
	its = 1
	hyp = 50 / 351
	cut = 141
5563 [0, 30000]: LP
	bnd = 30000.000000
	its = 1
	hyp = 50 / 351
	cut = 151
5808 [0, 30000]: LP
	bnd = 30000.000000
	its = 1
	hyp = 50 / 351
	cut = 161
6051 [0, 30000]: LP
	bnd = 30000.000000
	its = 1
	hyp = 50 / 351
	cut = 171
6296 [0, 30000]: LP
	bnd = 30000.000000
	its = 1
	hyp = 50 / 351
	cut = 181
6540 [0, 30000]: LP
	bnd = 30000.000000
	its = 1
	hyp = 50 / 351
	cut = 191
6784 [0, 30000]: LP
	bnd = 30000.000000
	its = 1
	hyp = 50 / 351
	cut = 201
7029 [0, 30000]: LP
	bnd = 30000.000000
	its = 1
	hyp = 50 / 351
	cut = 211
7273 [0, 30000]: LP
	bnd = 30000.000000
	its = 1
	hyp = 50 / 351
	cut = 221
7518 [0, 30000]: LP
	bnd = 30000.000000
	its = 1
	hyp = 50 / 351
	cut = 231
7762 [0, 30000]: LP
	bnd = 30000.000000
	its = 1
	hyp = 50 / 351
	cut = 241
8007 [0, 30000]: LP
	bnd = 30000.000000
	its = 1
	hyp = 50 / 351
	cut = 251
8252 [0, 30000]: LP
	bnd = 30000.000000
	its = 1
	hyp = 50 / 351
	cut = 261
8497 [0, 30000]: LP
	bnd = 30000.000000
	its = 1
	hyp = 50 / 351
	cut = 271
8741 [0, 30000]: LP
	bnd = 30000.000000
	its = 1
	hyp = 50 / 351
	cut = 281
8988 [0, 30000]: LP
	bnd = 30000.000000
	its = 1
	hyp = 50 / 351
	cut = 291
9227 [30000, 30000]: HEURISTIC 3
