hypergraph with 8116 vertices and 167457 hyperarcs generated in 94
186 [0, 28828]: LP
	bnd = 28828.833984
	its = 6
	hyp = 64 / 66
	cut = 0
188 [0, 28828]: HEURISTIC 3
189 [0, 28828]: LABEL
	tot = 76
	max = 1
191 [0, 28800]: LABEL
	tot = 94
	max = 1
192 [0, 28771]: LABEL
	tot = 94
	max = 1
194 [27852, 28742]: LABEL
	tot = 181
	max = 2
196 [27852, 28713]: LABEL
	tot = 181
	max = 2
198 [27852, 28684]: LABEL
	tot = 268
	max = 3
200 [27852, 28656]: LABEL
	tot = 268
	max = 3
203 [27852, 28627]: LABEL
	tot = 268
	max = 3
206 [27852, 28599]: LABEL
	tot = 317
	max = 3
208 [27852, 28570]: LABEL
	tot = 317
	max = 3
211 [27852, 28541]: LABEL
	tot = 380
	max = 3
214 [27852, 28513]: LABEL
	tot = 380
	max = 3
218 [27852, 28484]: LABEL
	tot = 407
	max = 3
222 [27852, 28456]: LABEL
	tot = 453
	max = 3
226 [27852, 28427]: LABEL
	tot = 533
	max = 3
231 [27852, 28399]: LABEL
	tot = 603
	max = 3
236 [27852, 28371]: LABEL
	tot = 604
	max = 3
241 [27852, 28342]: LABEL
	tot = 604
	max = 3
246 [27852, 28314]: LABEL
	tot = 604
	max = 3
251 [27852, 28285]: LABEL
	tot = 604
	max = 3
256 [27852, 28257]: LABEL
	tot = 604
	max = 3
262 [27852, 28229]: LABEL
	tot = 615
	max = 3
267 [27852, 28201]: LABEL
	tot = 621
	max = 3
273 [27852, 28173]: LABEL
	tot = 700
	max = 3
280 [27852, 28144]: LABEL
	tot = 735
	max = 3
287 [27852, 28116]: LABEL
	tot = 757
	max = 3
294 [27852, 28088]: LABEL
	tot = 807
	max = 3
303 [27852, 28060]: LABEL
	tot = 987
	max = 3
312 [27852, 28032]: LABEL
	tot = 1003
	max = 4
321 [27852, 28004]: LABEL
	tot = 1017
	max = 4
331 [27968, 27976]: LABEL
	tot = 1041
	max = 5
341 [27968, 27968]: LABEL
	tot = 1041
	max = 5
