hypergraph with 9803 vertices and 407547 hyperarcs generated in 178
809 [0, 29773]: LP
	bnd = 29773.197266
	its = 22
	hyp = 195 / 277
	cut = 0
813 [0, 29773]: HEURISTIC 3
815 [0, 29773]: LABEL
	tot = 90
	max = 1
820 [0, 29743]: LABEL
	tot = 224
	max = 2
825 [0, 29713]: LABEL
	tot = 342
	max = 3
833 [0, 29683]: LABEL
	tot = 476
	max = 3
843 [0, 29654]: LABEL
	tot = 561
	max = 3
857 [0, 29624]: LABEL
	tot = 790
	max = 3
875 [0, 29595]: LABEL
	tot = 1015
	max = 4
897 [0, 29565]: LABEL
	tot = 1207
	max = 5
926 [0, 29535]: LABEL
	tot = 1455
	max = 7
962 [0, 29506]: LABEL
	tot = 1825
	max = 6
1006 [0, 29476]: LABEL
	tot = 2036
	max = 6
1060 [0, 29447]: LABEL
	tot = 2531
	max = 8
1127 [0, 29417]: LABEL
	tot = 2981
	max = 8
1206 [29250, 29388]: LABEL
	tot = 3400
	max = 9
1301 [29250, 29359]: LABEL
	tot = 4027
	max = 10
1414 [29250, 29329]: LABEL
	tot = 4685
	max = 10
1546 [29250, 29300]: LABEL
	tot = 5400
	max = 12
1720 [29250, 29271]: LABEL
	tot = 6335
	max = 20
1939 [29250, 29250]: LABEL
	tot = 7113
	max = 20
