hypergraph with 8883 vertices and 331353 hyperarcs generated in 148
499 [0, 29376]: LP
	bnd = 29376.732422
	its = 18
	hyp = 146 / 216
	cut = 0
502 [0, 29376]: HEURISTIC 3
503 [0, 29376]: LABEL
	tot = 80
	max = 1
506 [0, 29347]: LABEL
	tot = 140
	max = 1
509 [0, 29318]: LABEL
	tot = 237
	max = 2
513 [0, 29288]: LABEL
	tot = 284
	max = 3
518 [0, 29259]: LABEL
	tot = 364
	max = 3
523 [0, 29230]: LABEL
	tot = 429
	max = 4
530 [0, 29200]: LABEL
	tot = 538
	max = 4
538 [0, 29171]: LABEL
	tot = 616
	max = 4
548 [0, 29142]: LABEL
	tot = 706
	max = 5
559 [0, 29113]: LABEL
	tot = 796
	max = 5
572 [0, 29084]: LABEL
	tot = 908
	max = 5
587 [0, 29055]: LABEL
	tot = 1013
	max = 5
604 [0, 29026]: LABEL
	tot = 1116
	max = 6
623 [0, 28997]: LABEL
	tot = 1271
	max = 6
644 [0, 28968]: LABEL
	tot = 1426
	max = 7
668 [0, 28939]: LABEL
	tot = 1588
	max = 7
696 [0, 28910]: LABEL
	tot = 1789
	max = 7
727 [28462, 28881]: LABEL
	tot = 2104
	max = 7
764 [28462, 28852]: LABEL
	tot = 2435
	max = 8
804 [28462, 28823]: LABEL
	tot = 2749
	max = 10
850 [28462, 28794]: LABEL
	tot = 3131
	max = 10
901 [28462, 28765]: LABEL
	tot = 3517
	max = 12
957 [28462, 28737]: LABEL
	tot = 3929
	max = 14
1020 [28462, 28708]: LABEL
	tot = 4310
	max = 15
1090 [28462, 28679]: LABEL
	tot = 4720
	max = 15
1165 [28462, 28679]: LP
	bnd = 29302.835938
	its = 22
	hyp = 187 / 543
	cut = 10
	restart
1233 [28462, 28651]: LABEL
	tot = 4384
	max = 13
1307 [28462, 28622]: LABEL
	tot = 4884
	max = 14
1390 [28462, 28593]: LABEL
	tot = 5442
	max = 16
1480 [28462, 28565]: LABEL
	tot = 6049
	max = 15
1582 [28462, 28536]: LABEL
	tot = 6683
	max = 17
1691 [28462, 28508]: LABEL
	tot = 7227
	max = 17
1808 [28462, 28479]: LABEL
	tot = 7733
	max = 19
1933 [28462, 28462]: LABEL
	tot = 8077
	max = 20
