hypergraph with 10302 vertices and 474289 hyperarcs generated in 1628
1404 [0, 30000]: LP
	bnd = 30000.000000
	its = 9
	hyp = 91 / 125
	cut = 0
1665 [0, 30000]: LP
	bnd = 30000.000000
	its = 1
	hyp = 64 / 125
	cut = 8
2053 [0, 30000]: LP
	bnd = 30000.000000
	its = 3
	hyp = 57 / 194
	cut = 17
2270 [0, 30000]: LP
	bnd = 30000.000000
	its = 1
	hyp = 57 / 194
	cut = 26
2490 [0, 30000]: LP
	bnd = 30000.000000
	its = 1
	hyp = 57 / 194
	cut = 34
2724 [0, 30000]: LP
	bnd = 30000.000000
	its = 1
	hyp = 62 / 194
	cut = 43
2960 [0, 30000]: LP
	bnd = 30000.000000
	its = 1
	hyp = 58 / 194
	cut = 52
3195 [0, 30000]: LP
	bnd = 30000.000000
	its = 1
	hyp = 58 / 194
	cut = 61
3429 [0, 30000]: LP
	bnd = 30000.000000
	its = 1
	hyp = 58 / 194
	cut = 70
3664 [0, 30000]: LP
	bnd = 30000.000000
	its = 1
	hyp = 58 / 194
	cut = 79
3882 [0, 30000]: LP
	bnd = 30000.000000
	its = 1
	hyp = 58 / 194
	cut = 88
4100 [0, 30000]: LP
	bnd = 30000.000000
	its = 1
	hyp = 58 / 194
	cut = 98
4317 [0, 30000]: LP
	bnd = 30000.000000
	its = 1
	hyp = 58 / 194
	cut = 108
4537 [0, 30000]: LP
	bnd = 30000.000000
	its = 1
	hyp = 58 / 194
	cut = 118
4755 [0, 30000]: LP
	bnd = 30000.000000
	its = 1
	hyp = 58 / 194
	cut = 128
4972 [0, 30000]: LP
	bnd = 30000.000000
	its = 1
	hyp = 58 / 194
	cut = 138
5189 [0, 30000]: LP
	bnd = 30000.000000
	its = 1
	hyp = 58 / 194
	cut = 148
5407 [0, 30000]: LP
	bnd = 30000.000000
	its = 1
	hyp = 58 / 194
	cut = 158
5625 [0, 30000]: LP
	bnd = 30000.000000
	its = 1
	hyp = 58 / 194
	cut = 168
5842 [0, 30000]: LP
	bnd = 30000.000000
	its = 1
	hyp = 58 / 194
	cut = 178
6059 [0, 30000]: LP
	bnd = 30000.000000
	its = 1
	hyp = 58 / 194
	cut = 188
6276 [0, 30000]: LP
	bnd = 30000.000000
	its = 1
	hyp = 58 / 194
	cut = 198
6493 [0, 30000]: LP
	bnd = 30000.000000
	its = 1
	hyp = 58 / 194
	cut = 208
6711 [0, 30000]: LP
	bnd = 30000.000000
	its = 1
	hyp = 58 / 194
	cut = 218
6928 [0, 30000]: LP
	bnd = 30000.000000
	its = 1
	hyp = 58 / 194
	cut = 228
7146 [0, 30000]: LP
	bnd = 30000.000000
	its = 1
	hyp = 58 / 194
	cut = 238
7363 [0, 30000]: LP
	bnd = 30000.000000
	its = 1
	hyp = 58 / 194
	cut = 248
7580 [0, 30000]: LP
	bnd = 30000.000000
	its = 1
	hyp = 58 / 194
	cut = 258
7798 [0, 30000]: LP
	bnd = 30000.000000
	its = 1
	hyp = 58 / 194
	cut = 268
8018 [0, 30000]: LP
	bnd = 30000.000000
	its = 1
	hyp = 58 / 194
	cut = 278
8235 [0, 30000]: LP
	bnd = 30000.000000
	its = 1
	hyp = 58 / 194
	cut = 288
8453 [0, 30000]: LP
	bnd = 30000.000000
	its = 1
	hyp = 58 / 194
	cut = 298
8675 [0, 30000]: LP
	bnd = 30000.000000
	its = 1
	hyp = 58 / 194
	cut = 308
8892 [0, 30000]: LP
	bnd = 30000.000000
	its = 1
	hyp = 58 / 194
	cut = 318
9109 [0, 30000]: LP
	bnd = 30000.000000
	its = 1
	hyp = 58 / 194
	cut = 328
9327 [0, 30000]: LP
	bnd = 30000.000000
	its = 1
	hyp = 58 / 194
	cut = 338
9435 [30000, 30000]: HEURISTIC 3
