hypergraph with 10302 vertices and 490291 hyperarcs generated in 1349
1721 [0, 30000]: LP
	bnd = 30000.000000
	its = 13
	hyp = 99 / 291
	cut = 0
2331 [0, 30000]: LP
	bnd = 30000.000000
	its = 5
	hyp = 133 / 452
	cut = 12
2764 [0, 30000]: LP
	bnd = 30000.000000
	its = 3
	hyp = 125 / 515
	cut = 30
3208 [0, 30000]: LP
	bnd = 30000.000000
	its = 3
	hyp = 145 / 566
	cut = 47
3544 [0, 30000]: LP
	bnd = 30000.000000
	its = 2
	hyp = 129 / 587
	cut = 65
3881 [0, 30000]: LP
	bnd = 30000.000000
	its = 2
	hyp = 161 / 619
	cut = 82
4264 [0, 30000]: LP
	bnd = 30000.000000
	its = 2
	hyp = 159 / 669
	cut = 99
4516 [0, 30000]: LP
	bnd = 30000.000000
	its = 1
	hyp = 116 / 669
	cut = 114
4783 [0, 30000]: LP
	bnd = 30000.000000
	its = 1
	hyp = 111 / 669
	cut = 128
5078 [0, 30000]: LP
	bnd = 30000.000000
	its = 1
	hyp = 192 / 669
	cut = 141
5339 [0, 30000]: LP
	bnd = 30000.000000
	its = 1
	hyp = 135 / 669
	cut = 155
5586 [0, 30000]: LP
	bnd = 30000.000000
	its = 1
	hyp = 136 / 669
	cut = 168
5857 [0, 30000]: LP
	bnd = 30000.000000
	its = 1
	hyp = 153 / 669
	cut = 183
6112 [0, 30000]: LP
	bnd = 30000.000000
	its = 1
	hyp = 132 / 669
	cut = 197
6385 [0, 30000]: LP
	bnd = 30000.000000
	its = 1
	hyp = 141 / 669
	cut = 209
6678 [0, 30000]: LP
	bnd = 30000.000000
	its = 1
	hyp = 123 / 669
	cut = 222
6988 [0, 30000]: LP
	bnd = 30000.000000
	its = 1
	hyp = 130 / 669
	cut = 236
7289 [0, 30000]: LP
	bnd = 30000.000000
	its = 1
	hyp = 164 / 669
	cut = 252
7604 [0, 30000]: LP
	bnd = 30000.000000
	its = 1
	hyp = 141 / 669
	cut = 266
7906 [0, 30000]: LP
	bnd = 30000.000000
	its = 1
	hyp = 143 / 669
	cut = 281
8179 [0, 30000]: LP
	bnd = 30000.000000
	its = 1
	hyp = 144 / 669
	cut = 297
8466 [0, 30000]: LP
	bnd = 30000.000000
	its = 1
	hyp = 125 / 669
	cut = 313
8751 [0, 30000]: LP
	bnd = 30000.000000
	its = 1
	hyp = 125 / 669
	cut = 329
9035 [0, 30000]: LP
	bnd = 30000.000000
	its = 1
	hyp = 125 / 669
	cut = 345
9321 [0, 30000]: LP
	bnd = 30000.000000
	its = 1
	hyp = 125 / 669
	cut = 361
9605 [0, 30000]: LP
	bnd = 30000.000000
	its = 1
	hyp = 125 / 669
	cut = 377
9892 [0, 30000]: LP
	bnd = 30000.000000
	its = 1
	hyp = 125 / 669
	cut = 393
10182 [0, 30000]: LP
	bnd = 30000.000000
	its = 1
	hyp = 125 / 669
	cut = 409
10467 [0, 30000]: LP
	bnd = 30000.000000
	its = 1
	hyp = 125 / 669
	cut = 425
10751 [0, 30000]: LP
	bnd = 30000.000000
	its = 1
	hyp = 125 / 669
	cut = 441
11035 [0, 30000]: LP
	bnd = 30000.000000
	its = 1
	hyp = 125 / 669
	cut = 457
11319 [0, 30000]: LP
	bnd = 30000.000000
	its = 1
	hyp = 125 / 669
	cut = 473
11606 [0, 30000]: LP
	bnd = 30000.000000
	its = 1
	hyp = 125 / 669
	cut = 489
11890 [0, 30000]: LP
	bnd = 30000.000000
	its = 1
	hyp = 125 / 669
	cut = 505
12174 [0, 30000]: LP
	bnd = 30000.000000
	its = 1
	hyp = 125 / 669
	cut = 521
12312 [30000, 30000]: HEURISTIC 3
