hypergraph with 10802 vertices and 489110 hyperarcs generated in 1244
4748 [0, 30000]: LP
	bnd = 30000.000000
	its = 26
	hyp = 250 / 267
	cut = 0
10134 [0, 30000]: LP
	bnd = 30000.000000
	its = 35
	hyp = 312 / 1028
	cut = 52
13487 [0, 30000]: LP
	bnd = 30000.000000
	its = 19
	hyp = 372 / 1448
	cut = 115
15211 [0, 30000]: LP
	bnd = 30000.000000
	its = 7
	hyp = 431 / 1576
	cut = 183
17370 [0, 30000]: LP
	bnd = 30000.000000
	its = 10
	hyp = 427 / 1702
	cut = 252
18729 [0, 30000]: LP
	bnd = 30000.000000
	its = 4
	hyp = 379 / 1771
	cut = 323
20338 [0, 30000]: LP
	bnd = 30000.000000
	its = 5
	hyp = 492 / 1859
	cut = 396
22206 [0, 30000]: LP
	bnd = 30000.000000
	its = 5
	hyp = 498 / 1965
	cut = 473
24748 [0, 30000]: LP
	bnd = 30000.000000
	its = 9
	hyp = 544 / 2163
	cut = 551
26402 [30000, 30000]: HEURISTIC 3
