hypergraph with 10802 vertices and 491902 hyperarcs generated in 1215
4745 [0, 30000]: LP
	bnd = 30000.000000
	its = 25
	hyp = 188 / 276
	cut = 0
8421 [0, 30000]: LP
	bnd = 30000.000000
	its = 22
	hyp = 298 / 858
	cut = 42
10409 [0, 30000]: LP
	bnd = 30000.000000
	its = 11
	hyp = 381 / 1072
	cut = 95
11970 [0, 30000]: LP
	bnd = 30000.000000
	its = 7
	hyp = 380 / 1186
	cut = 156
13779 [0, 30000]: LP
	bnd = 30000.000000
	its = 9
	hyp = 388 / 1387
	cut = 218
15058 [0, 30000]: LP
	bnd = 30000.000000
	its = 5
	hyp = 441 / 1486
	cut = 281
16345 [0, 30000]: LP
	bnd = 30000.000000
	its = 4
	hyp = 422 / 1573
	cut = 346
17475 [0, 30000]: LP
	bnd = 30000.000000
	its = 3
	hyp = 375 / 1642
	cut = 412
19195 [0, 30000]: LP
	bnd = 30000.000000
	its = 6
	hyp = 344 / 1857
	cut = 480
20505 [0, 30000]: LP
	bnd = 30000.000000
	its = 3
	hyp = 360 / 1901
	cut = 549
22166 [0, 30000]: LP
	bnd = 30000.000000
	its = 4
	hyp = 449 / 2000
	cut = 619
23644 [0, 30000]: LP
	bnd = 30000.000000
	its = 4
	hyp = 416 / 2074
	cut = 691
24900 [0, 30000]: LP
	bnd = 30000.000000
	its = 2
	hyp = 442 / 2109
	cut = 764
26679 [0, 30000]: LP
	bnd = 30000.000000
	its = 3
	hyp = 531 / 2205
	cut = 836
27619 [30000, 30000]: HEURISTIC 3
