hypergraph with 10802 vertices and 486672 hyperarcs generated in 2314
2968 [0, 30000]: LP
	bnd = 30000.000000
	its = 12
	hyp = 115 / 126
	cut = 0
5012 [0, 30000]: LP
	bnd = 30000.000000
	its = 12
	hyp = 175 / 456
	cut = 16
5714 [0, 30000]: LP
	bnd = 30000.000000
	its = 3
	hyp = 116 / 490
	cut = 36
6749 [0, 30000]: LP
	bnd = 30000.000000
	its = 5
	hyp = 152 / 564
	cut = 56
7211 [0, 30000]: LP
	bnd = 30000.000000
	its = 1
	hyp = 211 / 564
	cut = 77
7664 [0, 30000]: LP
	bnd = 30000.000000
	its = 1
	hyp = 145 / 564
	cut = 97
8470 [0, 30000]: LP
	bnd = 30000.000000
	its = 3
	hyp = 255 / 653
	cut = 117
9065 [0, 30000]: LP
	bnd = 30000.000000
	its = 2
	hyp = 156 / 675
	cut = 139
9506 [0, 30000]: LP
	bnd = 30000.000000
	its = 1
	hyp = 149 / 675
	cut = 161
9967 [0, 30000]: LP
	bnd = 30000.000000
	its = 1
	hyp = 148 / 675
	cut = 182
10438 [0, 30000]: LP
	bnd = 30000.000000
	its = 1
	hyp = 180 / 675
	cut = 201
11086 [0, 30000]: LP
	bnd = 30000.000000
	its = 2
	hyp = 141 / 702
	cut = 220
11530 [0, 30000]: LP
	bnd = 30000.000000
	its = 1
	hyp = 174 / 702
	cut = 239
12188 [0, 30000]: LP
	bnd = 30000.000000
	its = 2
	hyp = 200 / 721
	cut = 258
12865 [0, 30000]: LP
	bnd = 30000.000000
	its = 2
	hyp = 204 / 738
	cut = 277
13456 [0, 30000]: LP
	bnd = 30000.000000
	its = 2
	hyp = 212 / 760
	cut = 296
13901 [0, 30000]: LP
	bnd = 30000.000000
	its = 1
	hyp = 222 / 760
	cut = 316
14566 [0, 30000]: LP
	bnd = 30000.000000
	its = 2
	hyp = 186 / 802
	cut = 335
15086 [0, 30000]: LP
	bnd = 30000.000000
	its = 1
	hyp = 227 / 802
	cut = 354
15639 [0, 30000]: LP
	bnd = 30000.000000
	its = 1
	hyp = 220 / 802
	cut = 374
16289 [0, 30000]: LP
	bnd = 30000.000000
	its = 2
	hyp = 228 / 863
	cut = 394
16777 [0, 30000]: LP
	bnd = 30000.000000
	its = 1
	hyp = 239 / 863
	cut = 414
17274 [0, 30000]: LP
	bnd = 30000.000000
	its = 1
	hyp = 222 / 863
	cut = 433
18054 [0, 30000]: LP
	bnd = 30000.000000
	its = 3
	hyp = 213 / 932
	cut = 452
18558 [0, 30000]: LP
	bnd = 30000.000000
	its = 1
	hyp = 282 / 932
	cut = 471
19063 [0, 30000]: LP
	bnd = 30000.000000
	its = 1
	hyp = 273 / 932
	cut = 490
19603 [0, 30000]: LP
	bnd = 30000.000000
	its = 1
	hyp = 285 / 932
	cut = 508
20166 [0, 30000]: LP
	bnd = 30000.000000
	its = 1
	hyp = 228 / 932
	cut = 527
20888 [0, 30000]: LP
	bnd = 30000.000000
	its = 2
	hyp = 249 / 955
	cut = 545
21606 [0, 30000]: LP
	bnd = 30000.000000
	its = 2
	hyp = 224 / 981
	cut = 564
22206 [0, 30000]: LP
	bnd = 30000.000000
	its = 1
	hyp = 260 / 981
	cut = 585
22948 [0, 30000]: LP
	bnd = 30000.000000
	its = 2
	hyp = 372 / 1027
	cut = 606
23477 [0, 30000]: LP
	bnd = 30000.000000
	its = 1
	hyp = 253 / 1027
	cut = 627
23982 [0, 30000]: LP
	bnd = 30000.000000
	its = 1
	hyp = 292 / 1027
	cut = 647
24487 [0, 30000]: LP
	bnd = 30000.000000
	its = 1
	hyp = 307 / 1027
	cut = 667
25300 [0, 30000]: LP
	bnd = 30000.000000
	its = 2
	hyp = 286 / 1070
	cut = 686
26089 [0, 30000]: LP
	bnd = 30000.000000
	its = 2
	hyp = 349 / 1109
	cut = 706
26662 [0, 30000]: LP
	bnd = 30000.000000
	its = 1
	hyp = 305 / 1109
	cut = 726
27213 [0, 30000]: LP
	bnd = 30000.000000
	its = 1
	hyp = 272 / 1109
	cut = 746
27753 [0, 30000]: LP
	bnd = 30000.000000
	its = 1
	hyp = 274 / 1109
	cut = 766
28248 [0, 30000]: LP
	bnd = 30000.000000
	its = 1
	hyp = 201 / 1109
	cut = 786
28346 [30000, 30000]: HEURISTIC 3
