hypergraph with 10302 vertices and 487223 hyperarcs generated in 1370
1631 [0, 30000]: LP
	bnd = 30000.000000
	its = 12
	hyp = 93 / 155
	cut = 0
2470 [0, 30000]: LP
	bnd = 30000.000000
	its = 8
	hyp = 107 / 329
	cut = 12
2818 [0, 30000]: LP
	bnd = 30000.000000
	its = 2
	hyp = 137 / 364
	cut = 24
3319 [0, 30000]: LP
	bnd = 30000.000000
	its = 4
	hyp = 91 / 475
	cut = 36
3576 [0, 30000]: LP
	bnd = 30000.000000
	its = 1
	hyp = 82 / 475
	cut = 48
4097 [0, 30000]: LP
	bnd = 30000.000000
	its = 4
	hyp = 84 / 558
	cut = 60
4390 [0, 30000]: LP
	bnd = 30000.000000
	its = 1
	hyp = 165 / 558
	cut = 72
4807 [0, 30000]: LP
	bnd = 30000.000000
	its = 3
	hyp = 107 / 611
	cut = 85
5076 [0, 30000]: LP
	bnd = 30000.000000
	its = 1
	hyp = 255 / 611
	cut = 101
5519 [0, 30000]: LP
	bnd = 30000.000000
	its = 3
	hyp = 99 / 683
	cut = 118
5791 [0, 30000]: LP
	bnd = 30000.000000
	its = 1
	hyp = 192 / 683
	cut = 135
6143 [0, 30000]: LP
	bnd = 30000.000000
	its = 2
	hyp = 124 / 714
	cut = 153
6544 [0, 30000]: LP
	bnd = 30000.000000
	its = 2
	hyp = 106 / 741
	cut = 170
6822 [0, 30000]: LP
	bnd = 30000.000000
	its = 1
	hyp = 117 / 741
	cut = 188
7205 [0, 30000]: LP
	bnd = 30000.000000
	its = 2
	hyp = 128 / 757
	cut = 206
7694 [0, 30000]: LP
	bnd = 30000.000000
	its = 3
	hyp = 169 / 815
	cut = 223
7974 [0, 30000]: LP
	bnd = 30000.000000
	its = 1
	hyp = 135 / 815
	cut = 240
8285 [0, 30000]: LP
	bnd = 30000.000000
	its = 1
	hyp = 154 / 815
	cut = 255
8701 [0, 30000]: LP
	bnd = 30000.000000
	its = 2
	hyp = 229 / 836
	cut = 270
9230 [0, 30000]: LP
	bnd = 30000.000000
	its = 3
	hyp = 204 / 901
	cut = 288
9559 [0, 30000]: LP
	bnd = 30000.000000
	its = 1
	hyp = 164 / 901
	cut = 307
10081 [0, 30000]: LP
	bnd = 30000.000000
	its = 3
	hyp = 78 / 959
	cut = 327
10396 [0, 30000]: LP
	bnd = 30000.000000
	its = 1
	hyp = 132 / 959
	cut = 347
10737 [0, 30000]: LP
	bnd = 30000.000000
	its = 1
	hyp = 140 / 959
	cut = 368
11083 [0, 30000]: LP
	bnd = 30000.000000
	its = 1
	hyp = 216 / 959
	cut = 388
11515 [0, 30000]: LP
	bnd = 30000.000000
	its = 2
	hyp = 143 / 996
	cut = 408
12185 [0, 30000]: LP
	bnd = 30000.000000
	its = 4
	hyp = 151 / 1139
	cut = 428
12517 [0, 30000]: LP
	bnd = 30000.000000
	its = 1
	hyp = 268 / 1139
	cut = 448
12853 [0, 30000]: LP
	bnd = 30000.000000
	its = 1
	hyp = 287 / 1139
	cut = 467
13328 [0, 30000]: LP
	bnd = 30000.000000
	its = 2
	hyp = 219 / 1166
	cut = 487
13787 [0, 30000]: LP
	bnd = 30000.000000
	its = 2
	hyp = 250 / 1188
	cut = 507
14048 [30000, 30000]: HEURISTIC 3
