hypergraph with 10052 vertices and 473349 hyperarcs generated in 1036
907 [0, 30000]: LP
	bnd = 30000.000000
	its = 11
	hyp = 131 / 140
	cut = 0
1404 [0, 30000]: LP
	bnd = 30000.000000
	its = 7
	hyp = 173 / 355
	cut = 14
1862 [0, 30000]: LP
	bnd = 30000.000000
	its = 6
	hyp = 114 / 532
	cut = 29
2115 [0, 30000]: LP
	bnd = 30000.000000
	its = 2
	hyp = 193 / 563
	cut = 43
2471 [0, 30000]: LP
	bnd = 30000.000000
	its = 4
	hyp = 151 / 626
	cut = 57
2711 [0, 30000]: LP
	bnd = 30000.000000
	its = 2
	hyp = 131 / 645
	cut = 72
3008 [0, 30000]: LP
	bnd = 30000.000000
	its = 3
	hyp = 218 / 705
	cut = 88
3202 [0, 30000]: LP
	bnd = 30000.000000
	its = 1
	hyp = 170 / 705
	cut = 104
3521 [0, 30000]: LP
	bnd = 30000.000000
	its = 3
	hyp = 227 / 747
	cut = 121
3818 [0, 30000]: LP
	bnd = 30000.000000
	its = 2
	hyp = 241 / 799
	cut = 138
4085 [0, 30000]: LP
	bnd = 30000.000000
	its = 2
	hyp = 138 / 827
	cut = 155
4303 [0, 30000]: LP
	bnd = 30000.000000
	its = 1
	hyp = 204 / 827
	cut = 172
4591 [0, 30000]: LP
	bnd = 30000.000000
	its = 2
	hyp = 253 / 851
	cut = 189
4842 [0, 30000]: LP
	bnd = 30000.000000
	its = 1
	hyp = 184 / 851
	cut = 206
5195 [0, 30000]: LP
	bnd = 30000.000000
	its = 3
	hyp = 250 / 884
	cut = 224
5429 [0, 30000]: LP
	bnd = 30000.000000
	its = 1
	hyp = 228 / 884
	cut = 242
5720 [0, 30000]: LP
	bnd = 30000.000000
	its = 2
	hyp = 224 / 914
	cut = 259
6045 [0, 30000]: LP
	bnd = 30000.000000
	its = 2
	hyp = 266 / 935
	cut = 276
6357 [0, 30000]: LP
	bnd = 30000.000000
	its = 2
	hyp = 283 / 979
	cut = 293
6423 [30000, 30000]: HEURISTIC 3
