hypergraph with 9149 vertices and 335562 hyperarcs generated in 104
379 [0, 28314]: LP
	bnd = 28314.142578
	its = 14
	hyp = 111 / 191
	cut = 0
383 [0, 28314]: HEURISTIC 3
386 [0, 28314]: LABEL
	tot = 281
	max = 2
389 [0, 28285]: LABEL
	tot = 298
	max = 2
393 [0, 28257]: LABEL
	tot = 388
	max = 2
398 [0, 28229]: LABEL
	tot = 481
	max = 2
404 [0, 28201]: LABEL
	tot = 571
	max = 2
412 [0, 28172]: LABEL
	tot = 688
	max = 3
421 [0, 28144]: LABEL
	tot = 763
	max = 3
432 [0, 28116]: LABEL
	tot = 973
	max = 4
444 [0, 28088]: LABEL
	tot = 1053
	max = 4
460 [0, 28060]: LABEL
	tot = 1341
	max = 6
477 [0, 28032]: LABEL
	tot = 1484
	max = 6
496 [0, 28004]: LABEL
	tot = 1682
	max = 6
519 [0, 27976]: LABEL
	tot = 1976
	max = 6
544 [0, 27948]: LABEL
	tot = 2215
	max = 8
572 [0, 27920]: LABEL
	tot = 2434
	max = 8
602 [0, 27892]: LABEL
	tot = 2642
	max = 8
636 [0, 27864]: LABEL
	tot = 3069
	max = 10
674 [0, 27836]: LABEL
	tot = 3304
	max = 10
716 [0, 27808]: LABEL
	tot = 3698
	max = 10
761 [0, 27780]: LABEL
	tot = 4160
	max = 10
766 [0, 27780]: LP
	bnd = 28314.142578
	its = 13
	hyp = 139 / 410
	cut = 12
812 [0, 27753]: LABEL
	tot = 4521
	max = 10
866 [0, 27725]: LABEL
	tot = 4845
	max = 12
925 [0, 27697]: LABEL
	tot = 5291
	max = 12
990 [0, 27670]: LABEL
	tot = 5722
	max = 12
1057 [0, 27642]: LABEL
	tot = 6030
	max = 15
1130 [0, 27614]: LABEL
	tot = 6399
	max = 18
1208 [27056, 27587]: LABEL
	tot = 6853
	max = 18
1290 [27056, 27559]: LABEL
	tot = 7355
	max = 23
1306 [27056, 27559]: LP
	bnd = 28279.574219
	its = 19
	hyp = 186 / 559
	cut = 24
	restart
1398 [27056, 27531]: LABEL
	tot = 7544
	max = 20
1495 [27056, 27504]: LABEL
	tot = 8069
	max = 21
1600 [27056, 27476]: LABEL
	tot = 8826
	max = 26
1714 [27056, 27449]: LABEL
	tot = 9469
	max = 29
1837 [27056, 27421]: LABEL
	tot = 10264
	max = 30
1971 [27056, 27394]: LABEL
	tot = 10985
	max = 31
2114 [27056, 27367]: LABEL
	tot = 11915
	max = 34
2132 [27056, 27367]: LP
	bnd = 28193.283203
	its = 29
	hyp = 201 / 730
	cut = 36
	restart
2261 [27056, 27339]: LABEL
	tot = 9985
	max = 28
2397 [27056, 27312]: LABEL
	tot = 10667
	max = 27
2543 [27056, 27285]: LABEL
	tot = 11301
	max = 28
2698 [27056, 27257]: LABEL
	tot = 11987
	max = 31
2863 [27056, 27230]: LABEL
	tot = 12725
	max = 31
3038 [27056, 27203]: LABEL
	tot = 13444
	max = 34
3166 [27056, 27203]: LP
	bnd = 28152.564453
	its = 36
	hyp = 266 / 925
	cut = 48
	restart
3357 [27056, 27176]: LABEL
	tot = 14361
	max = 33
3564 [27056, 27149]: LABEL
	tot = 15303
	max = 34
3783 [27056, 27121]: LABEL
	tot = 16268
	max = 36
3838 [27056, 27121]: LP
	bnd = 28072.716797
	its = 21
	hyp = 258 / 1003
	cut = 60
	restart
4031 [27056, 27094]: LABEL
	tot = 14337
	max = 32
4235 [27056, 27067]: LABEL
	tot = 15178
	max = 34
4447 [27056, 27056]: LABEL
	tot = 15585
	max = 35
