hypergraph with 9065 vertices and 352378 hyperarcs generated in 190
378 [0, 29868]: LP
	bnd = 29868.701172
	its = 13
	hyp = 78 / 163
	cut = 0
380 [0, 29868]: HEURISTIC 3
382 [0, 29868]: LABEL
	tot = 77
	max = 1
385 [0, 29838]: LABEL
	tot = 172
	max = 2
391 [0, 29808]: LABEL
	tot = 290
	max = 4
398 [0, 29779]: LABEL
	tot = 372
	max = 4
406 [0, 29749]: LABEL
	tot = 458
	max = 4
417 [0, 29719]: LABEL
	tot = 630
	max = 6
435 [0, 29689]: LABEL
	tot = 906
	max = 8
457 [0, 29660]: LABEL
	tot = 1202
	max = 10
486 [0, 29630]: LABEL
	tot = 1632
	max = 12
523 [29568, 29600]: LABEL
	tot = 2043
	max = 16
570 [29568, 29571]: LABEL
	tot = 2588
	max = 19
619 [29568, 29568]: LABEL
	tot = 2669
	max = 18
