hypergraph with 8961 vertices and 340278 hyperarcs generated in 134
620 [0, 29615]: LP
	bnd = 29615.701172
	its = 23
	hyp = 178 / 347
	cut = 0
623 [0, 29615]: HEURISTIC 3
626 [0, 29615]: LABEL
	tot = 215
	max = 2
630 [0, 29586]: LABEL
	tot = 304
	max = 4
633 [0, 29556]: LABEL
	tot = 369
	max = 4
639 [0, 29526]: LABEL
	tot = 586
	max = 5
646 [0, 29497]: LABEL
	tot = 738
	max = 7
655 [0, 29467]: LABEL
	tot = 1014
	max = 8
668 [0, 29438]: LABEL
	tot = 1246
	max = 8
683 [0, 29409]: LABEL
	tot = 1636
	max = 12
701 [0, 29379]: LABEL
	tot = 1890
	max = 13
722 [0, 29350]: LABEL
	tot = 2168
	max = 15
747 [0, 29320]: LABEL
	tot = 2430
	max = 16
776 [0, 29291]: LABEL
	tot = 2825
	max = 17
808 [0, 29262]: LABEL
	tot = 3006
	max = 17
844 [0, 29233]: LABEL
	tot = 3240
	max = 18
884 [0, 29203]: LABEL
	tot = 3467
	max = 18
949 [0, 29174]: LABEL
	tot = 3727
	max = 18
1012 [0, 29145]: LABEL
	tot = 3932
	max = 18
1079 [0, 29116]: LABEL
	tot = 4158
	max = 18
1147 [0, 29087]: LABEL
	tot = 4498
	max = 22
1207 [0, 29058]: LABEL
	tot = 4744
	max = 22
1221 [0, 29058]: LP
	bnd = 29498.578125
	its = 18
	hyp = 145 / 649
	cut = 12
	restart
1287 [0, 29028]: LABEL
	tot = 5423
	max = 22
1361 [0, 28999]: LABEL
	tot = 5911
	max = 22
1441 [0, 28970]: LABEL
	tot = 6304
	max = 23
1530 [0, 28941]: LABEL
	tot = 6656
	max = 23
1631 [0, 28913]: LABEL
	tot = 7147
	max = 23
1741 [0, 28884]: LABEL
	tot = 7671
	max = 25
1857 [0, 28855]: LABEL
	tot = 8169
	max = 23
1933 [0, 28855]: LP
	bnd = 29394.511719
	its = 23
	hyp = 258 / 841
	cut = 25
	restart
2047 [0, 28826]: LABEL
	tot = 7936
	max = 28
2172 [0, 28797]: LABEL
	tot = 8564
	max = 25
2311 [0, 28768]: LABEL
	tot = 9313
	max = 27
2466 [0, 28739]: LABEL
	tot = 10040
	max = 26
2637 [28548, 28711]: LABEL
	tot = 10701
	max = 28
2697 [28548, 28711]: LP
	bnd = 29351.214844
	its = 24
	hyp = 298 / 1000
	cut = 40
	restart
2872 [28548, 28682]: LABEL
	tot = 10919
	max = 26
3062 [28548, 28653]: LABEL
	tot = 11558
	max = 27
3271 [28548, 28625]: LABEL
	tot = 12337
	max = 34
3441 [28548, 28625]: LP
	bnd = 29270.193359
	its = 22
	hyp = 282 / 1126
	cut = 55
	restart
3634 [28548, 28596]: LABEL
	tot = 11639
	max = 28
3842 [28548, 28567]: LABEL
	tot = 12218
	max = 29
4065 [28548, 28548]: LABEL
	tot = 12754
	max = 32
