hypergraph with 10802 vertices and 486860 hyperarcs generated in 1072
3890 [0, 30000]: LP
	bnd = 30000.000000
	its = 19
	hyp = 141 / 186
	cut = 0
6245 [0, 30000]: LP
	bnd = 30000.000000
	its = 14
	hyp = 154 / 579
	cut = 32
7767 [0, 30000]: LP
	bnd = 30000.000000
	its = 8
	hyp = 189 / 757
	cut = 70
9863 [0, 30000]: LP
	bnd = 30000.000000
	its = 12
	hyp = 176 / 1009
	cut = 109
11947 [0, 30000]: LP
	bnd = 30000.000000
	its = 11
	hyp = 333 / 1272
	cut = 151
13395 [0, 30000]: LP
	bnd = 30000.000000
	its = 7
	hyp = 329 / 1435
	cut = 199
15668 [0, 30000]: LP
	bnd = 30000.000000
	its = 10
	hyp = 379 / 1670
	cut = 253
16285 [30000, 30000]: HEURISTIC 3
