hypergraph with 9803 vertices and 425566 hyperarcs generated in 211
1319 [0, 29991]: LP
	bnd = 29991.503906
	its = 40
	hyp = 190 / 405
	cut = 0
1322 [0, 29991]: HEURISTIC 3
1324 [0, 29991]: LABEL
	tot = 22
	max = 1
1330 [0, 29961]: LABEL
	tot = 103
	max = 2
1341 [0, 29931]: LABEL
	tot = 176
	max = 2
1360 [0, 29901]: LABEL
	tot = 377
	max = 2
1389 [0, 29871]: LABEL
	tot = 625
	max = 3
1430 [0, 29841]: LABEL
	tot = 1032
	max = 5
1489 [0, 29812]: LABEL
	tot = 1679
	max = 6
1575 [0, 29782]: LABEL
	tot = 2694
	max = 8
1698 [0, 29752]: LABEL
	tot = 4275
	max = 14
1876 [0, 29722]: LABEL
	tot = 6797
	max = 18
2126 [0, 29692]: LABEL
	tot = 10722
	max = 30
2483 [29663, 29663]: LABEL
	tot = 16679
	max = 46
2843 [29663, 29663]: LABEL
	tot = 16760
	max = 46
