hypergraph with 9852 vertices and 404819 hyperarcs generated in 143
533 [0, 29523]: LP
	bnd = 29523.816406
	its = 18
	hyp = 164 / 247
	cut = 0
537 [0, 29523]: HEURISTIC 3
540 [0, 29523]: LABEL
	tot = 183
	max = 2
544 [0, 29494]: LABEL
	tot = 266
	max = 4
549 [0, 29464]: LABEL
	tot = 544
	max = 5
558 [0, 29435]: LABEL
	tot = 1009
	max = 8
569 [0, 29405]: LABEL
	tot = 1367
	max = 10
582 [0, 29376]: LABEL
	tot = 1598
	max = 10
597 [0, 29347]: LABEL
	tot = 1751
	max = 9
613 [0, 29317]: LABEL
	tot = 1923
	max = 11
631 [0, 29288]: LABEL
	tot = 2093
	max = 13
652 [0, 29259]: LABEL
	tot = 2328
	max = 21
677 [0, 29229]: LABEL
	tot = 2628
	max = 23
705 [0, 29200]: LABEL
	tot = 3039
	max = 25
740 [0, 29171]: LABEL
	tot = 3470
	max = 32
780 [0, 29142]: LABEL
	tot = 4057
	max = 31
828 [0, 29113]: LABEL
	tot = 4771
	max = 30
884 [0, 29084]: LABEL
	tot = 5506
	max = 30
949 [0, 29054]: LABEL
	tot = 6287
	max = 35
1036 [0, 29025]: LABEL
	tot = 6989
	max = 35
1137 [0, 28996]: LABEL
	tot = 7839
	max = 41
1251 [0, 28967]: LABEL
	tot = 8677
	max = 36
1384 [0, 28938]: LABEL
	tot = 9571
	max = 40
1531 [0, 28909]: LABEL
	tot = 10535
	max = 46
1610 [0, 28909]: LP
	bnd = 29441.171875
	its = 33
	hyp = 155 / 655
	cut = 14
	restart
1775 [0, 28881]: LABEL
	tot = 9778
	max = 34
1963 [0, 28852]: LABEL
	tot = 10959
	max = 44
2176 [0, 28823]: LABEL
	tot = 12075
	max = 39
2288 [0, 28823]: LP
	bnd = 29382.250000
	its = 20
	hyp = 172 / 766
	cut = 29
	restart
2449 [0, 28794]: LABEL
	tot = 9931
	max = 26
2629 [0, 28765]: LABEL
	tot = 11053
	max = 32
2835 [0, 28736]: LABEL
	tot = 12285
	max = 34
3068 [0, 28708]: LABEL
	tot = 13820
	max = 36
3199 [0, 28708]: LP
	bnd = 29283.363281
	its = 26
	hyp = 229 / 948
	cut = 44
	restart
3366 [0, 28679]: LABEL
	tot = 9634
	max = 29
3549 [0, 28650]: LABEL
	tot = 10704
	max = 31
3791 [0, 28622]: LABEL
	tot = 12080
	max = 33
4052 [0, 28593]: LABEL
	tot = 13638
	max = 35
4175 [0, 28593]: LP
	bnd = 29209.531250
	its = 27
	hyp = 239 / 1120
	cut = 61
	restart
4406 [0, 28564]: LABEL
	tot = 15930
	max = 53
4673 [0, 28536]: LABEL
	tot = 17680
	max = 53
4887 [0, 28536]: LP
	bnd = 29141.984375
	its = 18
	hyp = 336 / 1230
	cut = 79
	restart
5178 [0, 28507]: LABEL
	tot = 17055
	max = 49
5506 [0, 28479]: LABEL
	tot = 18882
	max = 56
5683 [0, 28479]: LP
	bnd = 29076.250000
	its = 20
	hyp = 377 / 1338
	cut = 98
	restart
5958 [0, 28450]: LABEL
	tot = 18756
	max = 58
6269 [0, 28422]: LABEL
	tot = 20691
	max = 54
6621 [0, 28393]: LABEL
	tot = 22806
	max = 59
7018 [0, 28365]: LABEL
	tot = 24962
	max = 76
7304 [0, 28365]: LP
	bnd = 28991.218750
	its = 43
	hyp = 483 / 1636
	cut = 118
	restart
7658 [0, 28337]: LABEL
	tot = 22784
	max = 63
8049 [0, 28308]: LABEL
	tot = 25032
	max = 61
8491 [0, 28280]: LABEL
	tot = 27567
	max = 69
8764 [0, 28280]: LP
	bnd = 28934.406250
	its = 34
	hyp = 411 / 1810
	cut = 138
	restart
9199 [0, 28252]: LABEL
	tot = 26996
	max = 64
9687 [0, 28224]: LABEL
	tot = 29879
	max = 79
10240 [0, 28195]: LABEL
	tot = 32697
	max = 78
10365 [0, 28195]: LP
	bnd = 28898.476562
	its = 35
	hyp = 549 / 1987
	cut = 159
	restart
10933 [0, 28167]: LABEL
	tot = 32825
	max = 77
11574 [0, 28139]: LABEL
	tot = 35929
	max = 87
11776 [0, 28139]: LP
	bnd = 28862.851562
	its = 27
	hyp = 478 / 2132
	cut = 180
	restart
12407 [0, 28111]: LABEL
	tot = 36628
	max = 90
13120 [0, 28083]: LABEL
	tot = 40286
	max = 103
13926 [0, 28055]: LABEL
	tot = 44573
	max = 99
14473 [0, 28055]: LP
	bnd = 28825.642578
	its = 50
	hyp = 664 / 2395
	cut = 201
	restart
15338 [0, 28027]: LABEL
	tot = 46654
	max = 90
16306 [27896, 27999]: LABEL
	tot = 51360
	max = 109
17213 [27896, 27999]: LP
	bnd = 28776.855469
	its = 52
	hyp = 667 / 2598
	cut = 222
	restart
18175 [27896, 27971]: LABEL
	tot = 51739
	max = 112
19168 [27896, 27971]: LP
	bnd = 28742.884766
	its = 33
	hyp = 700 / 2733
	cut = 243
	restart
20135 [27896, 27943]: LABEL
	tot = 52023
	max = 102
21215 [27896, 27915]: LABEL
	tot = 56670
	max = 106
22384 [27896, 27915]: LP
	bnd = 28696.816406
	its = 50
	hyp = 661 / 3011
	cut = 264
	restart
23462 [27896, 27896]: LABEL
	tot = 55982
	max = 108
