hypergraph with 8577 vertices and 227505 hyperarcs generated in 101
300 [0, 29303]: LP
	bnd = 29303.525391
	its = 12
	hyp = 96 / 173
	cut = 0
302 [0, 29303]: HEURISTIC 3
303 [0, 29303]: LABEL
	tot = 79
	max = 2
305 [0, 29274]: LABEL
	tot = 85
	max = 2
307 [0, 29244]: LABEL
	tot = 205
	max = 3
309 [0, 29215]: LABEL
	tot = 297
	max = 3
312 [0, 29186]: LABEL
	tot = 308
	max = 3
315 [0, 29157]: LABEL
	tot = 321
	max = 3
318 [28946, 29128]: LABEL
	tot = 376
	max = 3
322 [28946, 29099]: LABEL
	tot = 470
	max = 3
326 [28946, 29069]: LABEL
	tot = 545
	max = 3
331 [28946, 29040]: LABEL
	tot = 630
	max = 3
337 [28946, 29011]: LABEL
	tot = 718
	max = 3
344 [28946, 28982]: LABEL
	tot = 750
	max = 3
351 [28946, 28953]: LABEL
	tot = 843
	max = 3
358 [28946, 28946]: LABEL
	tot = 846
	max = 3
