hypergraph with 9256 vertices and 322745 hyperarcs generated in 188
517 [0, 29769]: LP
	bnd = 29769.675781
	its = 20
	hyp = 126 / 272
	cut = 0
519 [0, 29769]: HEURISTIC 3
521 [0, 29769]: LABEL
	tot = 84
	max = 2
525 [0, 29739]: LABEL
	tot = 306
	max = 2
530 [0, 29710]: LABEL
	tot = 378
	max = 4
536 [0, 29680]: LABEL
	tot = 563
	max = 6
545 [0, 29650]: LABEL
	tot = 778
	max = 6
559 [29526, 29621]: LABEL
	tot = 1214
	max = 10
577 [29526, 29591]: LABEL
	tot = 1561
	max = 10
603 [29526, 29561]: LABEL
	tot = 2224
	max = 13
636 [29526, 29532]: LABEL
	tot = 2998
	max = 23
672 [29526, 29526]: LABEL
	tot = 3176
	max = 25
