hypergraph with 9952 vertices and 464007 hyperarcs generated in 248
1258 [0, 30000]: LP
	bnd = 30000.000000
	its = 29
	hyp = 178 / 256
	cut = 0
1278 [0, 30000]: HEURISTIC 3
1295 [0, 30000]: LABEL
	tot = 95
	max = 1
1327 [0, 29970]: LABEL
	tot = 249
	max = 3
1376 [0, 29940]: LABEL
	tot = 467
	max = 4
1442 [0, 29910]: LABEL
	tot = 859
	max = 4
1533 [0, 29880]: LABEL
	tot = 1557
	max = 5
1661 [0, 29850]: LABEL
	tot = 2577
	max = 9
1853 [0, 29820]: LABEL
	tot = 4132
	max = 10
2140 [0, 29790]: LABEL
	tot = 6479
	max = 13
2559 [29787, 29787]: LABEL
	tot = 10203
	max = 20
