hypergraph with 10802 vertices and 491748 hyperarcs generated in 3191
2907 [0, 30000]: LP
	bnd = 30000.000000
	its = 11
	hyp = 129 / 137
	cut = 0
3818 [0, 30000]: LP
	bnd = 30000.000000
	its = 4
	hyp = 163 / 265
	cut = 11
4680 [0, 30000]: LP
	bnd = 30000.000000
	its = 4
	hyp = 129 / 339
	cut = 36
5076 [0, 30000]: LP
	bnd = 30000.000000
	its = 1
	hyp = 103 / 339
	cut = 58
5497 [0, 30000]: LP
	bnd = 30000.000000
	its = 1
	hyp = 103 / 339
	cut = 77
5894 [0, 30000]: LP
	bnd = 30000.000000
	its = 1
	hyp = 106 / 339
	cut = 94
6320 [0, 30000]: LP
	bnd = 30000.000000
	its = 1
	hyp = 107 / 339
	cut = 111
6720 [0, 30000]: LP
	bnd = 30000.000000
	its = 1
	hyp = 107 / 339
	cut = 128
7122 [0, 30000]: LP
	bnd = 30000.000000
	its = 1
	hyp = 107 / 339
	cut = 145
7538 [0, 30000]: LP
	bnd = 30000.000000
	its = 1
	hyp = 107 / 339
	cut = 162
7943 [0, 30000]: LP
	bnd = 30000.000000
	its = 1
	hyp = 107 / 339
	cut = 179
8340 [0, 30000]: LP
	bnd = 30000.000000
	its = 1
	hyp = 107 / 339
	cut = 196
8752 [0, 30000]: LP
	bnd = 30000.000000
	its = 1
	hyp = 107 / 339
	cut = 213
9150 [0, 30000]: LP
	bnd = 30000.000000
	its = 1
	hyp = 102 / 339
	cut = 230
9548 [0, 30000]: LP
	bnd = 30000.000000
	its = 1
	hyp = 102 / 339
	cut = 247
9942 [0, 30000]: LP
	bnd = 30000.000000
	its = 1
	hyp = 102 / 339
	cut = 263
10334 [0, 30000]: LP
	bnd = 30000.000000
	its = 1
	hyp = 102 / 339
	cut = 279
10725 [0, 30000]: LP
	bnd = 30000.000000
	its = 1
	hyp = 102 / 339
	cut = 295
11118 [0, 30000]: LP
	bnd = 30000.000000
	its = 1
	hyp = 102 / 339
	cut = 311
11517 [0, 30000]: LP
	bnd = 30000.000000
	its = 1
	hyp = 102 / 339
	cut = 327
11922 [0, 30000]: LP
	bnd = 30000.000000
	its = 1
	hyp = 102 / 339
	cut = 343
12319 [0, 30000]: LP
	bnd = 30000.000000
	its = 1
	hyp = 102 / 339
	cut = 359
12714 [0, 30000]: LP
	bnd = 30000.000000
	its = 1
	hyp = 102 / 339
	cut = 375
13109 [0, 30000]: LP
	bnd = 30000.000000
	its = 1
	hyp = 102 / 339
	cut = 391
13506 [0, 30000]: LP
	bnd = 30000.000000
	its = 1
	hyp = 102 / 339
	cut = 407
13900 [0, 30000]: LP
	bnd = 30000.000000
	its = 1
	hyp = 102 / 339
	cut = 423
14296 [0, 30000]: LP
	bnd = 30000.000000
	its = 1
	hyp = 102 / 339
	cut = 439
14691 [0, 30000]: LP
	bnd = 30000.000000
	its = 1
	hyp = 102 / 339
	cut = 455
15086 [0, 30000]: LP
	bnd = 30000.000000
	its = 1
	hyp = 102 / 339
	cut = 471
15482 [0, 30000]: LP
	bnd = 30000.000000
	its = 1
	hyp = 102 / 339
	cut = 487
15876 [0, 30000]: LP
	bnd = 30000.000000
	its = 1
	hyp = 102 / 339
	cut = 503
16270 [0, 30000]: LP
	bnd = 30000.000000
	its = 1
	hyp = 102 / 339
	cut = 519
16666 [0, 30000]: LP
	bnd = 30000.000000
	its = 1
	hyp = 102 / 339
	cut = 535
17070 [0, 30000]: LP
	bnd = 30000.000000
	its = 1
	hyp = 102 / 339
	cut = 551
17465 [0, 30000]: LP
	bnd = 30000.000000
	its = 1
	hyp = 102 / 339
	cut = 567
17860 [0, 30000]: LP
	bnd = 30000.000000
	its = 1
	hyp = 102 / 339
	cut = 583
18255 [0, 30000]: LP
	bnd = 30000.000000
	its = 1
	hyp = 102 / 339
	cut = 599
18649 [0, 30000]: LP
	bnd = 30000.000000
	its = 1
	hyp = 102 / 339
	cut = 615
19045 [0, 30000]: LP
	bnd = 30000.000000
	its = 1
	hyp = 102 / 339
	cut = 631
19441 [0, 30000]: LP
	bnd = 30000.000000
	its = 1
	hyp = 102 / 339
	cut = 647
19836 [0, 30000]: LP
	bnd = 30000.000000
	its = 1
	hyp = 102 / 339
	cut = 663
20232 [0, 30000]: LP
	bnd = 30000.000000
	its = 1
	hyp = 102 / 339
	cut = 679
20628 [0, 30000]: LP
	bnd = 30000.000000
	its = 1
	hyp = 102 / 339
	cut = 695
21023 [0, 30000]: LP
	bnd = 30000.000000
	its = 1
	hyp = 102 / 339
	cut = 711
21419 [0, 30000]: LP
	bnd = 30000.000000
	its = 1
	hyp = 102 / 339
	cut = 727
21815 [0, 30000]: LP
	bnd = 30000.000000
	its = 1
	hyp = 102 / 339
	cut = 743
22210 [0, 30000]: LP
	bnd = 30000.000000
	its = 1
	hyp = 102 / 339
	cut = 759
22606 [0, 30000]: LP
	bnd = 30000.000000
	its = 1
	hyp = 102 / 339
	cut = 775
23001 [0, 30000]: LP
	bnd = 30000.000000
	its = 1
	hyp = 102 / 339
	cut = 791
23398 [0, 30000]: LP
	bnd = 30000.000000
	its = 1
	hyp = 102 / 339
	cut = 807
23794 [0, 30000]: LP
	bnd = 30000.000000
	its = 1
	hyp = 102 / 339
	cut = 823
24192 [0, 30000]: LP
	bnd = 30000.000000
	its = 1
	hyp = 102 / 339
	cut = 839
24587 [0, 30000]: LP
	bnd = 30000.000000
	its = 1
	hyp = 102 / 339
	cut = 855
24981 [0, 30000]: LP
	bnd = 30000.000000
	its = 1
	hyp = 102 / 339
	cut = 871
25376 [0, 30000]: LP
	bnd = 30000.000000
	its = 1
	hyp = 102 / 339
	cut = 887
25771 [0, 30000]: LP
	bnd = 30000.000000
	its = 1
	hyp = 102 / 339
	cut = 903
26168 [0, 30000]: LP
	bnd = 30000.000000
	its = 1
	hyp = 102 / 339
	cut = 919
26564 [0, 30000]: LP
	bnd = 30000.000000
	its = 1
	hyp = 102 / 339
	cut = 935
26960 [0, 30000]: LP
	bnd = 30000.000000
	its = 1
	hyp = 102 / 339
	cut = 951
27355 [0, 30000]: LP
	bnd = 30000.000000
	its = 1
	hyp = 102 / 339
	cut = 967
27751 [0, 30000]: LP
	bnd = 30000.000000
	its = 1
	hyp = 102 / 339
	cut = 983
28146 [0, 30000]: LP
	bnd = 30000.000000
	its = 1
	hyp = 102 / 339
	cut = 999
28541 [0, 30000]: LP
	bnd = 30000.000000
	its = 1
	hyp = 102 / 339
	cut = 1015
28936 [0, 30000]: LP
	bnd = 30000.000000
	its = 1
	hyp = 102 / 339
	cut = 1031
29333 [0, 30000]: LP
	bnd = 30000.000000
	its = 1
	hyp = 102 / 339
	cut = 1047
29786 [0, 30000]: LP
	bnd = 30000.000000
	its = 1
	hyp = 102 / 339
	cut = 1063
30182 [0, 30000]: LP
	bnd = 30000.000000
	its = 1
	hyp = 102 / 339
	cut = 1079
30577 [0, 30000]: LP
	bnd = 30000.000000
	its = 1
	hyp = 102 / 339
	cut = 1095
30973 [0, 30000]: LP
	bnd = 30000.000000
	its = 1
	hyp = 102 / 339
	cut = 1111
31368 [0, 30000]: LP
	bnd = 30000.000000
	its = 1
	hyp = 102 / 339
	cut = 1126
31764 [0, 30000]: LP
	bnd = 30000.000000
	its = 1
	hyp = 102 / 339
	cut = 1141
32162 [0, 30000]: LP
	bnd = 30000.000000
	its = 1
	hyp = 102 / 339
	cut = 1156
32557 [0, 30000]: LP
	bnd = 30000.000000
	its = 1
	hyp = 102 / 339
	cut = 1171
32952 [0, 30000]: LP
	bnd = 30000.000000
	its = 1
	hyp = 102 / 339
	cut = 1186
33348 [0, 30000]: LP
	bnd = 30000.000000
	its = 1
	hyp = 102 / 339
	cut = 1202
33743 [0, 30000]: LP
	bnd = 30000.000000
	its = 1
	hyp = 102 / 339
	cut = 1218
34139 [0, 30000]: LP
	bnd = 30000.000000
	its = 1
	hyp = 102 / 339
	cut = 1234
34533 [0, 30000]: LP
	bnd = 30000.000000
	its = 1
	hyp = 102 / 339
	cut = 1250
34929 [0, 30000]: LP
	bnd = 30000.000000
	its = 1
	hyp = 102 / 339
	cut = 1265
35326 [0, 30000]: LP
	bnd = 30000.000000
	its = 1
	hyp = 102 / 339
	cut = 1280
35720 [0, 30000]: LP
	bnd = 30000.000000
	its = 1
	hyp = 102 / 339
	cut = 1295
36118 [0, 30000]: LP
	bnd = 30000.000000
	its = 1
	hyp = 102 / 339
	cut = 1310
36513 [0, 30000]: LP
	bnd = 30000.000000
	its = 1
	hyp = 102 / 339
	cut = 1324
36908 [0, 30000]: LP
	bnd = 30000.000000
	its = 1
	hyp = 102 / 339
	cut = 1341
37302 [0, 30000]: LP
	bnd = 30000.000000
	its = 1
	hyp = 102 / 339
	cut = 1355
37697 [0, 30000]: LP
	bnd = 30000.000000
	its = 1
	hyp = 102 / 339
	cut = 1365
38091 [0, 30000]: LP
	bnd = 30000.000000
	its = 1
	hyp = 102 / 339
	cut = 1380
38486 [0, 30000]: LP
	bnd = 30000.000000
	its = 1
	hyp = 102 / 339
	cut = 1395
38880 [0, 30000]: LP
	bnd = 30000.000000
	its = 1
	hyp = 102 / 339
	cut = 1406
39276 [0, 30000]: LP
	bnd = 30000.000000
	its = 1
	hyp = 102 / 339
	cut = 1416
39671 [0, 30000]: LP
	bnd = 30000.000000
	its = 1
	hyp = 102 / 339
	cut = 1427
40064 [0, 30000]: LP
	bnd = 30000.000000
	its = 1
	hyp = 102 / 339
	cut = 1436
40458 [0, 30000]: LP
	bnd = 30000.000000
	its = 1
	hyp = 102 / 339
	cut = 1446
40491 [30000, 30000]: HEURISTIC 3
