hypergraph with 9547 vertices and 332979 hyperarcs generated in 213
234 [0, 29455]: LP
	bnd = 29455.267578
	its = 6
	hyp = 57 / 82
	cut = 0
237 [0, 29455]: HEURISTIC 3
240 [28995, 29455]: LABEL
	tot = 142
	max = 2
242 [28995, 29425]: LABEL
	tot = 181
	max = 3
245 [28995, 29396]: LABEL
	tot = 184
	max = 3
248 [29010, 29366]: LABEL
	tot = 254
	max = 4
251 [29010, 29337]: LABEL
	tot = 270
	max = 4
255 [29010, 29308]: LABEL
	tot = 319
	max = 4
260 [29010, 29278]: LABEL
	tot = 427
	max = 6
266 [29010, 29249]: LABEL
	tot = 441
	max = 7
276 [29013, 29220]: LABEL
	tot = 856
	max = 13
287 [29013, 29191]: LABEL
	tot = 1015
	max = 15
300 [29013, 29162]: LABEL
	tot = 1256
	max = 16
314 [29013, 29132]: LABEL
	tot = 1389
	max = 18
331 [29013, 29103]: LABEL
	tot = 1588
	max = 22
349 [29013, 29074]: LABEL
	tot = 1731
	max = 25
370 [29013, 29045]: LABEL
	tot = 2012
	max = 28
377 [29013, 29045]: LP
	bnd = 29455.267578
	its = 3
	hyp = 63 / 134
	cut = 2
394 [29013, 29016]: LABEL
	tot = 2238
	max = 30
420 [29013, 29013]: LABEL
	tot = 2267
	max = 30
