hypergraph with 10802 vertices and 493114 hyperarcs generated in 2343
2800 [0, 30000]: LP
	bnd = 30000.000000
	its = 10
	hyp = 114 / 133
	cut = 0
4301 [0, 30000]: LP
	bnd = 30000.000000
	its = 8
	hyp = 110 / 340
	cut = 12
4701 [0, 30000]: LP
	bnd = 30000.000000
	its = 1
	hyp = 181 / 340
	cut = 24
5262 [0, 30000]: LP
	bnd = 30000.000000
	its = 2
	hyp = 154 / 387
	cut = 47
5681 [0, 30000]: LP
	bnd = 30000.000000
	its = 1
	hyp = 128 / 387
	cut = 69
6088 [0, 30000]: LP
	bnd = 30000.000000
	its = 1
	hyp = 131 / 387
	cut = 91
6523 [0, 30000]: LP
	bnd = 30000.000000
	its = 1
	hyp = 100 / 387
	cut = 113
6958 [0, 30000]: LP
	bnd = 30000.000000
	its = 1
	hyp = 100 / 387
	cut = 133
7392 [0, 30000]: LP
	bnd = 30000.000000
	its = 1
	hyp = 100 / 387
	cut = 152
7827 [0, 30000]: LP
	bnd = 30000.000000
	its = 1
	hyp = 100 / 387
	cut = 171
8258 [0, 30000]: LP
	bnd = 30000.000000
	its = 1
	hyp = 100 / 387
	cut = 190
8695 [0, 30000]: LP
	bnd = 30000.000000
	its = 1
	hyp = 100 / 387
	cut = 209
9129 [0, 30000]: LP
	bnd = 30000.000000
	its = 1
	hyp = 100 / 387
	cut = 228
9566 [0, 30000]: LP
	bnd = 30000.000000
	its = 1
	hyp = 100 / 387
	cut = 247
10005 [0, 30000]: LP
	bnd = 30000.000000
	its = 1
	hyp = 100 / 387
	cut = 266
10452 [0, 30000]: LP
	bnd = 30000.000000
	its = 1
	hyp = 103 / 387
	cut = 286
10899 [0, 30000]: LP
	bnd = 30000.000000
	its = 1
	hyp = 103 / 387
	cut = 305
11342 [0, 30000]: LP
	bnd = 30000.000000
	its = 1
	hyp = 103 / 387
	cut = 324
11785 [0, 30000]: LP
	bnd = 30000.000000
	its = 1
	hyp = 103 / 387
	cut = 343
12226 [0, 30000]: LP
	bnd = 30000.000000
	its = 1
	hyp = 103 / 387
	cut = 362
12667 [0, 30000]: LP
	bnd = 30000.000000
	its = 1
	hyp = 103 / 387
	cut = 381
13108 [0, 30000]: LP
	bnd = 30000.000000
	its = 1
	hyp = 103 / 387
	cut = 400
13548 [0, 30000]: LP
	bnd = 30000.000000
	its = 1
	hyp = 103 / 387
	cut = 419
13990 [0, 30000]: LP
	bnd = 30000.000000
	its = 1
	hyp = 103 / 387
	cut = 438
14432 [0, 30000]: LP
	bnd = 30000.000000
	its = 1
	hyp = 103 / 387
	cut = 457
14873 [0, 30000]: LP
	bnd = 30000.000000
	its = 1
	hyp = 103 / 387
	cut = 476
15315 [0, 30000]: LP
	bnd = 30000.000000
	its = 1
	hyp = 103 / 387
	cut = 495
15756 [0, 30000]: LP
	bnd = 30000.000000
	its = 1
	hyp = 103 / 387
	cut = 514
16198 [0, 30000]: LP
	bnd = 30000.000000
	its = 1
	hyp = 103 / 387
	cut = 533
16639 [0, 30000]: LP
	bnd = 30000.000000
	its = 1
	hyp = 103 / 387
	cut = 552
17082 [0, 30000]: LP
	bnd = 30000.000000
	its = 1
	hyp = 103 / 387
	cut = 571
17524 [0, 30000]: LP
	bnd = 30000.000000
	its = 1
	hyp = 103 / 387
	cut = 590
17968 [0, 30000]: LP
	bnd = 30000.000000
	its = 1
	hyp = 103 / 387
	cut = 609
18409 [0, 30000]: LP
	bnd = 30000.000000
	its = 1
	hyp = 103 / 387
	cut = 628
18853 [0, 30000]: LP
	bnd = 30000.000000
	its = 1
	hyp = 103 / 387
	cut = 647
19296 [0, 30000]: LP
	bnd = 30000.000000
	its = 1
	hyp = 103 / 387
	cut = 666
19736 [0, 30000]: LP
	bnd = 30000.000000
	its = 1
	hyp = 103 / 387
	cut = 685
20178 [0, 30000]: LP
	bnd = 30000.000000
	its = 1
	hyp = 103 / 387
	cut = 704
20620 [0, 30000]: LP
	bnd = 30000.000000
	its = 1
	hyp = 103 / 387
	cut = 723
21066 [0, 30000]: LP
	bnd = 30000.000000
	its = 1
	hyp = 103 / 387
	cut = 742
21508 [0, 30000]: LP
	bnd = 30000.000000
	its = 1
	hyp = 103 / 387
	cut = 761
21951 [0, 30000]: LP
	bnd = 30000.000000
	its = 1
	hyp = 103 / 387
	cut = 780
22393 [0, 30000]: LP
	bnd = 30000.000000
	its = 1
	hyp = 103 / 387
	cut = 799
22834 [0, 30000]: LP
	bnd = 30000.000000
	its = 1
	hyp = 103 / 387
	cut = 818
23275 [0, 30000]: LP
	bnd = 30000.000000
	its = 1
	hyp = 103 / 387
	cut = 837
23716 [0, 30000]: LP
	bnd = 30000.000000
	its = 1
	hyp = 103 / 387
	cut = 856
24157 [0, 30000]: LP
	bnd = 30000.000000
	its = 1
	hyp = 103 / 387
	cut = 875
24597 [0, 30000]: LP
	bnd = 30000.000000
	its = 1
	hyp = 103 / 387
	cut = 894
25052 [0, 30000]: LP
	bnd = 30000.000000
	its = 1
	hyp = 103 / 387
	cut = 913
25497 [0, 30000]: LP
	bnd = 30000.000000
	its = 1
	hyp = 103 / 387
	cut = 932
25938 [0, 30000]: LP
	bnd = 30000.000000
	its = 1
	hyp = 103 / 387
	cut = 951
26378 [0, 30000]: LP
	bnd = 30000.000000
	its = 1
	hyp = 103 / 387
	cut = 970
26817 [0, 30000]: LP
	bnd = 30000.000000
	its = 1
	hyp = 103 / 387
	cut = 989
27259 [0, 30000]: LP
	bnd = 30000.000000
	its = 1
	hyp = 103 / 387
	cut = 1008
27699 [0, 30000]: LP
	bnd = 30000.000000
	its = 1
	hyp = 103 / 387
	cut = 1027
28146 [0, 30000]: LP
	bnd = 30000.000000
	its = 1
	hyp = 103 / 387
	cut = 1046
28592 [0, 30000]: LP
	bnd = 30000.000000
	its = 1
	hyp = 103 / 387
	cut = 1065
29039 [0, 30000]: LP
	bnd = 30000.000000
	its = 1
	hyp = 103 / 387
	cut = 1084
29482 [0, 30000]: LP
	bnd = 30000.000000
	its = 1
	hyp = 103 / 387
	cut = 1103
29565 [30000, 30000]: HEURISTIC 3
