hypergraph with 10802 vertices and 492353 hyperarcs generated in 2461
3094 [0, 30000]: LP
	bnd = 30000.000000
	its = 12
	hyp = 128 / 170
	cut = 0
4338 [0, 30000]: LP
	bnd = 30000.000000
	its = 6
	hyp = 176 / 420
	cut = 14
5104 [0, 30000]: LP
	bnd = 30000.000000
	its = 3
	hyp = 107 / 505
	cut = 35
5528 [0, 30000]: LP
	bnd = 30000.000000
	its = 1
	hyp = 158 / 505
	cut = 56
6000 [0, 30000]: LP
	bnd = 30000.000000
	its = 1
	hyp = 113 / 505
	cut = 77
6891 [0, 30000]: LP
	bnd = 30000.000000
	its = 4
	hyp = 221 / 665
	cut = 99
7548 [0, 30000]: LP
	bnd = 30000.000000
	its = 2
	hyp = 151 / 712
	cut = 121
7984 [0, 30000]: LP
	bnd = 30000.000000
	its = 1
	hyp = 125 / 712
	cut = 141
8433 [0, 30000]: LP
	bnd = 30000.000000
	its = 1
	hyp = 90 / 712
	cut = 161
8883 [0, 30000]: LP
	bnd = 30000.000000
	its = 1
	hyp = 90 / 712
	cut = 181
9330 [0, 30000]: LP
	bnd = 30000.000000
	its = 1
	hyp = 171 / 712
	cut = 200
9802 [0, 30000]: LP
	bnd = 30000.000000
	its = 1
	hyp = 117 / 712
	cut = 218
10276 [0, 30000]: LP
	bnd = 30000.000000
	its = 1
	hyp = 149 / 712
	cut = 236
10752 [0, 30000]: LP
	bnd = 30000.000000
	its = 1
	hyp = 103 / 712
	cut = 255
11200 [0, 30000]: LP
	bnd = 30000.000000
	its = 1
	hyp = 139 / 712
	cut = 274
11650 [0, 30000]: LP
	bnd = 30000.000000
	its = 1
	hyp = 129 / 712
	cut = 293
12099 [0, 30000]: LP
	bnd = 30000.000000
	its = 1
	hyp = 129 / 712
	cut = 312
12538 [0, 30000]: LP
	bnd = 30000.000000
	its = 1
	hyp = 92 / 712
	cut = 331
12972 [0, 30000]: LP
	bnd = 30000.000000
	its = 1
	hyp = 92 / 712
	cut = 349
13411 [0, 30000]: LP
	bnd = 30000.000000
	its = 1
	hyp = 92 / 712
	cut = 366
13863 [0, 30000]: LP
	bnd = 30000.000000
	its = 1
	hyp = 92 / 712
	cut = 383
14313 [0, 30000]: LP
	bnd = 30000.000000
	its = 1
	hyp = 92 / 712
	cut = 400
14764 [0, 30000]: LP
	bnd = 30000.000000
	its = 1
	hyp = 92 / 712
	cut = 417
15216 [0, 30000]: LP
	bnd = 30000.000000
	its = 1
	hyp = 92 / 712
	cut = 434
15670 [0, 30000]: LP
	bnd = 30000.000000
	its = 1
	hyp = 92 / 712
	cut = 451
16125 [0, 30000]: LP
	bnd = 30000.000000
	its = 1
	hyp = 92 / 712
	cut = 468
16581 [0, 30000]: LP
	bnd = 30000.000000
	its = 1
	hyp = 92 / 712
	cut = 485
17032 [0, 30000]: LP
	bnd = 30000.000000
	its = 1
	hyp = 92 / 712
	cut = 502
17484 [0, 30000]: LP
	bnd = 30000.000000
	its = 1
	hyp = 92 / 712
	cut = 519
17935 [0, 30000]: LP
	bnd = 30000.000000
	its = 1
	hyp = 92 / 712
	cut = 536
18389 [0, 30000]: LP
	bnd = 30000.000000
	its = 1
	hyp = 92 / 712
	cut = 553
18839 [0, 30000]: LP
	bnd = 30000.000000
	its = 1
	hyp = 92 / 712
	cut = 570
19293 [0, 30000]: LP
	bnd = 30000.000000
	its = 1
	hyp = 92 / 712
	cut = 587
19752 [0, 30000]: LP
	bnd = 30000.000000
	its = 1
	hyp = 92 / 712
	cut = 604
20210 [0, 30000]: LP
	bnd = 30000.000000
	its = 1
	hyp = 92 / 712
	cut = 621
20663 [0, 30000]: LP
	bnd = 30000.000000
	its = 1
	hyp = 92 / 712
	cut = 638
21119 [0, 30000]: LP
	bnd = 30000.000000
	its = 1
	hyp = 92 / 712
	cut = 655
21573 [0, 30000]: LP
	bnd = 30000.000000
	its = 1
	hyp = 92 / 712
	cut = 672
22047 [0, 30000]: LP
	bnd = 30000.000000
	its = 1
	hyp = 92 / 712
	cut = 689
22504 [0, 30000]: LP
	bnd = 30000.000000
	its = 1
	hyp = 92 / 712
	cut = 706
22961 [0, 30000]: LP
	bnd = 30000.000000
	its = 1
	hyp = 92 / 712
	cut = 723
23419 [0, 30000]: LP
	bnd = 30000.000000
	its = 1
	hyp = 92 / 712
	cut = 740
23875 [0, 30000]: LP
	bnd = 30000.000000
	its = 1
	hyp = 92 / 712
	cut = 757
24331 [0, 30000]: LP
	bnd = 30000.000000
	its = 1
	hyp = 92 / 712
	cut = 774
24787 [0, 30000]: LP
	bnd = 30000.000000
	its = 1
	hyp = 92 / 712
	cut = 791
25247 [0, 30000]: LP
	bnd = 30000.000000
	its = 1
	hyp = 92 / 712
	cut = 808
25705 [0, 30000]: LP
	bnd = 30000.000000
	its = 1
	hyp = 92 / 712
	cut = 825
26164 [0, 30000]: LP
	bnd = 30000.000000
	its = 1
	hyp = 92 / 712
	cut = 842
26618 [0, 30000]: LP
	bnd = 30000.000000
	its = 1
	hyp = 92 / 712
	cut = 859
27077 [0, 30000]: LP
	bnd = 30000.000000
	its = 1
	hyp = 92 / 712
	cut = 876
27532 [0, 30000]: LP
	bnd = 30000.000000
	its = 1
	hyp = 92 / 712
	cut = 893
27987 [0, 30000]: LP
	bnd = 30000.000000
	its = 1
	hyp = 92 / 712
	cut = 910
28443 [0, 30000]: LP
	bnd = 30000.000000
	its = 1
	hyp = 92 / 712
	cut = 927
28900 [0, 30000]: LP
	bnd = 30000.000000
	its = 1
	hyp = 92 / 712
	cut = 944
29359 [0, 30000]: LP
	bnd = 30000.000000
	its = 1
	hyp = 92 / 712
	cut = 961
29818 [0, 30000]: LP
	bnd = 30000.000000
	its = 1
	hyp = 92 / 712
	cut = 978
30277 [0, 30000]: LP
	bnd = 30000.000000
	its = 1
	hyp = 92 / 712
	cut = 995
30734 [0, 30000]: LP
	bnd = 30000.000000
	its = 1
	hyp = 92 / 712
	cut = 1012
31189 [0, 30000]: LP
	bnd = 30000.000000
	its = 1
	hyp = 92 / 712
	cut = 1029
31650 [0, 30000]: LP
	bnd = 30000.000000
	its = 1
	hyp = 92 / 712
	cut = 1047
32114 [0, 30000]: LP
	bnd = 30000.000000
	its = 1
	hyp = 92 / 712
	cut = 1065
32574 [0, 30000]: LP
	bnd = 30000.000000
	its = 1
	hyp = 92 / 712
	cut = 1082
32870 [30000, 30000]: HEURISTIC 3
