hypergraph with 10302 vertices and 477618 hyperarcs generated in 1183
1543 [0, 30000]: LP
	bnd = 30000.000000
	its = 11
	hyp = 109 / 114
	cut = 0
2531 [0, 30000]: LP
	bnd = 30000.000000
	its = 10
	hyp = 114 / 431
	cut = 16
3028 [0, 30000]: LP
	bnd = 30000.000000
	its = 4
	hyp = 125 / 500
	cut = 33
3890 [0, 30000]: LP
	bnd = 30000.000000
	its = 8
	hyp = 149 / 627
	cut = 52
4334 [0, 30000]: LP
	bnd = 30000.000000
	its = 3
	hyp = 154 / 658
	cut = 72
4856 [0, 30000]: LP
	bnd = 30000.000000
	its = 4
	hyp = 179 / 707
	cut = 92
5139 [0, 30000]: LP
	bnd = 30000.000000
	its = 1
	hyp = 171 / 707
	cut = 114
5508 [0, 30000]: LP
	bnd = 30000.000000
	its = 2
	hyp = 144 / 720
	cut = 135
5962 [0, 30000]: LP
	bnd = 30000.000000
	its = 3
	hyp = 166 / 771
	cut = 156
6296 [0, 30000]: LP
	bnd = 30000.000000
	its = 1
	hyp = 186 / 771
	cut = 177
6755 [0, 30000]: LP
	bnd = 30000.000000
	its = 3
	hyp = 196 / 816
	cut = 198
7054 [0, 30000]: LP
	bnd = 30000.000000
	its = 1
	hyp = 178 / 816
	cut = 220
7274 [30000, 30000]: HEURISTIC 3
