hypergraph with 9902 vertices and 429729 hyperarcs generated in 206
1811 [0, 29994]: LP
	bnd = 29994.808594
	its = 56
	hyp = 245 / 628
	cut = 0
1815 [0, 29994]: HEURISTIC 3
1818 [0, 29994]: LABEL
	tot = 39
	max = 1
1827 [0, 29964]: LABEL
	tot = 174
	max = 2
1844 [0, 29934]: LABEL
	tot = 296
	max = 2
1873 [0, 29904]: LABEL
	tot = 531
	max = 3
1916 [0, 29875]: LABEL
	tot = 869
	max = 4
1979 [0, 29845]: LABEL
	tot = 1476
	max = 4
2070 [0, 29815]: LABEL
	tot = 2452
	max = 6
2200 [0, 29785]: LABEL
	tot = 3824
	max = 10
2389 [0, 29755]: LABEL
	tot = 5975
	max = 14
2656 [29676, 29725]: LABEL
	tot = 9392
	max = 22
3029 [29676, 29696]: LABEL
	tot = 14567
	max = 32
3492 [29676, 29676]: LABEL
	tot = 19563
	max = 42
