hypergraph with 10802 vertices and 493750 hyperarcs generated in 3266
3138 [0, 30000]: LP
	bnd = 30000.000000
	its = 13
	hyp = 125 / 163
	cut = 0
3552 [0, 30000]: LP
	bnd = 30000.000000
	its = 1
	hyp = 95 / 163
	cut = 6
3957 [0, 30000]: LP
	bnd = 30000.000000
	its = 1
	hyp = 93 / 163
	cut = 12
4346 [0, 30000]: LP
	bnd = 30000.000000
	its = 1
	hyp = 93 / 163
	cut = 18
4736 [0, 30000]: LP
	bnd = 30000.000000
	its = 1
	hyp = 93 / 163
	cut = 24
5124 [0, 30000]: LP
	bnd = 30000.000000
	its = 1
	hyp = 93 / 163
	cut = 30
5512 [0, 30000]: LP
	bnd = 30000.000000
	its = 1
	hyp = 93 / 163
	cut = 36
5900 [0, 30000]: LP
	bnd = 30000.000000
	its = 1
	hyp = 93 / 163
	cut = 42
6290 [0, 30000]: LP
	bnd = 30000.000000
	its = 1
	hyp = 93 / 163
	cut = 48
6678 [0, 30000]: LP
	bnd = 30000.000000
	its = 1
	hyp = 93 / 163
	cut = 54
7066 [0, 30000]: LP
	bnd = 30000.000000
	its = 1
	hyp = 93 / 163
	cut = 60
7454 [0, 30000]: LP
	bnd = 30000.000000
	its = 1
	hyp = 93 / 163
	cut = 66
7853 [0, 30000]: LP
	bnd = 30000.000000
	its = 1
	hyp = 93 / 163
	cut = 72
8240 [0, 30000]: LP
	bnd = 30000.000000
	its = 1
	hyp = 93 / 163
	cut = 78
8628 [0, 30000]: LP
	bnd = 30000.000000
	its = 1
	hyp = 93 / 163
	cut = 84
9017 [0, 30000]: LP
	bnd = 30000.000000
	its = 1
	hyp = 93 / 163
	cut = 90
9404 [0, 30000]: LP
	bnd = 30000.000000
	its = 1
	hyp = 93 / 163
	cut = 96
9791 [0, 30000]: LP
	bnd = 30000.000000
	its = 1
	hyp = 93 / 163
	cut = 102
10178 [0, 30000]: LP
	bnd = 30000.000000
	its = 1
	hyp = 93 / 163
	cut = 108
10566 [0, 30000]: LP
	bnd = 30000.000000
	its = 1
	hyp = 93 / 163
	cut = 114
10953 [0, 30000]: LP
	bnd = 30000.000000
	its = 1
	hyp = 93 / 163
	cut = 120
11342 [0, 30000]: LP
	bnd = 30000.000000
	its = 1
	hyp = 93 / 163
	cut = 126
11729 [0, 30000]: LP
	bnd = 30000.000000
	its = 1
	hyp = 93 / 163
	cut = 132
12116 [0, 30000]: LP
	bnd = 30000.000000
	its = 1
	hyp = 93 / 163
	cut = 138
12503 [0, 30000]: LP
	bnd = 30000.000000
	its = 1
	hyp = 93 / 163
	cut = 144
12891 [0, 30000]: LP
	bnd = 30000.000000
	its = 1
	hyp = 93 / 163
	cut = 150
13278 [0, 30000]: LP
	bnd = 30000.000000
	its = 1
	hyp = 93 / 163
	cut = 156
13664 [0, 30000]: LP
	bnd = 30000.000000
	its = 1
	hyp = 93 / 163
	cut = 162
14051 [0, 30000]: LP
	bnd = 30000.000000
	its = 1
	hyp = 93 / 163
	cut = 168
14438 [0, 30000]: LP
	bnd = 30000.000000
	its = 1
	hyp = 93 / 163
	cut = 174
14827 [0, 30000]: LP
	bnd = 30000.000000
	its = 1
	hyp = 93 / 163
	cut = 180
15214 [0, 30000]: LP
	bnd = 30000.000000
	its = 1
	hyp = 93 / 163
	cut = 186
15601 [0, 30000]: LP
	bnd = 30000.000000
	its = 1
	hyp = 93 / 163
	cut = 192
15988 [0, 30000]: LP
	bnd = 30000.000000
	its = 1
	hyp = 93 / 163
	cut = 198
16376 [0, 30000]: LP
	bnd = 30000.000000
	its = 1
	hyp = 93 / 163
	cut = 204
16762 [0, 30000]: LP
	bnd = 30000.000000
	its = 1
	hyp = 93 / 163
	cut = 210
17151 [0, 30000]: LP
	bnd = 30000.000000
	its = 1
	hyp = 93 / 163
	cut = 216
17537 [0, 30000]: LP
	bnd = 30000.000000
	its = 1
	hyp = 93 / 163
	cut = 222
17924 [0, 30000]: LP
	bnd = 30000.000000
	its = 1
	hyp = 93 / 163
	cut = 228
18311 [0, 30000]: LP
	bnd = 30000.000000
	its = 1
	hyp = 93 / 163
	cut = 234
18698 [0, 30000]: LP
	bnd = 30000.000000
	its = 1
	hyp = 93 / 163
	cut = 240
19086 [0, 30000]: LP
	bnd = 30000.000000
	its = 1
	hyp = 93 / 163
	cut = 246
19473 [0, 30000]: LP
	bnd = 30000.000000
	its = 1
	hyp = 93 / 163
	cut = 252
19860 [0, 30000]: LP
	bnd = 30000.000000
	its = 1
	hyp = 93 / 163
	cut = 258
20248 [0, 30000]: LP
	bnd = 30000.000000
	its = 1
	hyp = 93 / 163
	cut = 264
20635 [0, 30000]: LP
	bnd = 30000.000000
	its = 1
	hyp = 93 / 163
	cut = 270
21025 [0, 30000]: LP
	bnd = 30000.000000
	its = 1
	hyp = 93 / 163
	cut = 276
21412 [0, 30000]: LP
	bnd = 30000.000000
	its = 1
	hyp = 93 / 163
	cut = 282
21799 [0, 30000]: LP
	bnd = 30000.000000
	its = 1
	hyp = 93 / 163
	cut = 288
22186 [0, 30000]: LP
	bnd = 30000.000000
	its = 1
	hyp = 93 / 163
	cut = 294
22573 [0, 30000]: LP
	bnd = 30000.000000
	its = 1
	hyp = 93 / 163
	cut = 300
22961 [0, 30000]: LP
	bnd = 30000.000000
	its = 1
	hyp = 93 / 163
	cut = 306
23348 [0, 30000]: LP
	bnd = 30000.000000
	its = 1
	hyp = 93 / 163
	cut = 312
23735 [0, 30000]: LP
	bnd = 30000.000000
	its = 1
	hyp = 93 / 163
	cut = 318
24121 [0, 30000]: LP
	bnd = 30000.000000
	its = 1
	hyp = 93 / 163
	cut = 324
24510 [0, 30000]: LP
	bnd = 30000.000000
	its = 1
	hyp = 93 / 163
	cut = 330
24897 [0, 30000]: LP
	bnd = 30000.000000
	its = 1
	hyp = 93 / 163
	cut = 336
25285 [0, 30000]: LP
	bnd = 30000.000000
	its = 1
	hyp = 93 / 163
	cut = 342
25672 [0, 30000]: LP
	bnd = 30000.000000
	its = 1
	hyp = 93 / 163
	cut = 348
26059 [0, 30000]: LP
	bnd = 30000.000000
	its = 1
	hyp = 93 / 163
	cut = 354
26446 [0, 30000]: LP
	bnd = 30000.000000
	its = 1
	hyp = 93 / 163
	cut = 360
26833 [0, 30000]: LP
	bnd = 30000.000000
	its = 1
	hyp = 93 / 163
	cut = 366
27220 [0, 30000]: LP
	bnd = 30000.000000
	its = 1
	hyp = 93 / 163
	cut = 372
27607 [0, 30000]: LP
	bnd = 30000.000000
	its = 1
	hyp = 93 / 163
	cut = 378
27994 [0, 30000]: LP
	bnd = 30000.000000
	its = 1
	hyp = 93 / 163
	cut = 384
28381 [0, 30000]: LP
	bnd = 30000.000000
	its = 1
	hyp = 93 / 163
	cut = 390
28767 [0, 30000]: LP
	bnd = 30000.000000
	its = 1
	hyp = 93 / 163
	cut = 396
29154 [0, 30000]: LP
	bnd = 30000.000000
	its = 1
	hyp = 93 / 163
	cut = 402
29541 [0, 30000]: LP
	bnd = 30000.000000
	its = 1
	hyp = 93 / 163
	cut = 408
29927 [0, 30000]: LP
	bnd = 30000.000000
	its = 1
	hyp = 93 / 163
	cut = 414
30314 [0, 30000]: LP
	bnd = 30000.000000
	its = 1
	hyp = 93 / 163
	cut = 420
30700 [0, 30000]: LP
	bnd = 30000.000000
	its = 1
	hyp = 93 / 163
	cut = 426
31086 [0, 30000]: LP
	bnd = 30000.000000
	its = 1
	hyp = 93 / 163
	cut = 432
31473 [0, 30000]: LP
	bnd = 30000.000000
	its = 1
	hyp = 93 / 163
	cut = 438
31859 [0, 30000]: LP
	bnd = 30000.000000
	its = 1
	hyp = 93 / 163
	cut = 444
32246 [0, 30000]: LP
	bnd = 30000.000000
	its = 1
	hyp = 93 / 163
	cut = 450
32633 [0, 30000]: LP
	bnd = 30000.000000
	its = 1
	hyp = 93 / 163
	cut = 456
33023 [0, 30000]: LP
	bnd = 30000.000000
	its = 1
	hyp = 93 / 163
	cut = 463
33410 [0, 30000]: LP
	bnd = 30000.000000
	its = 1
	hyp = 93 / 163
	cut = 470
33797 [0, 30000]: LP
	bnd = 30000.000000
	its = 1
	hyp = 93 / 163
	cut = 477
34204 [0, 30000]: LP
	bnd = 30000.000000
	its = 1
	hyp = 93 / 163
	cut = 484
34611 [0, 30000]: LP
	bnd = 30000.000000
	its = 1
	hyp = 93 / 163
	cut = 491
35018 [0, 30000]: LP
	bnd = 30000.000000
	its = 1
	hyp = 93 / 163
	cut = 498
35424 [0, 30000]: LP
	bnd = 30000.000000
	its = 1
	hyp = 93 / 163
	cut = 505
35830 [0, 30000]: LP
	bnd = 30000.000000
	its = 1
	hyp = 93 / 163
	cut = 512
36237 [0, 30000]: LP
	bnd = 30000.000000
	its = 1
	hyp = 93 / 163
	cut = 519
36474 [30000, 30000]: HEURISTIC 3
