hypergraph with 10302 vertices and 472898 hyperarcs generated in 1157
1468 [0, 30000]: LP
	bnd = 30000.000000
	its = 10
	hyp = 92 / 92
	cut = 0
2164 [0, 30000]: LP
	bnd = 30000.000000
	its = 6
	hyp = 73 / 199
	cut = 15
2437 [0, 30000]: LP
	bnd = 30000.000000
	its = 1
	hyp = 89 / 199
	cut = 30
2795 [0, 30000]: LP
	bnd = 30000.000000
	its = 2
	hyp = 58 / 222
	cut = 49
3106 [0, 30000]: LP
	bnd = 30000.000000
	its = 2
	hyp = 108 / 286
	cut = 68
3455 [0, 30000]: LP
	bnd = 30000.000000
	its = 2
	hyp = 43 / 308
	cut = 88
3807 [0, 30000]: LP
	bnd = 30000.000000
	its = 2
	hyp = 172 / 348
	cut = 108
4066 [0, 30000]: LP
	bnd = 30000.000000
	its = 1
	hyp = 115 / 348
	cut = 128
4329 [0, 30000]: LP
	bnd = 30000.000000
	its = 1
	hyp = 98 / 348
	cut = 147
4699 [0, 30000]: LP
	bnd = 30000.000000
	its = 2
	hyp = 93 / 385
	cut = 165
4969 [0, 30000]: LP
	bnd = 30000.000000
	its = 1
	hyp = 87 / 385
	cut = 183
5507 [0, 30000]: LP
	bnd = 30000.000000
	its = 4
	hyp = 141 / 482
	cut = 201
6044 [0, 30000]: LP
	bnd = 30000.000000
	its = 4
	hyp = 136 / 569
	cut = 219
6420 [0, 30000]: LP
	bnd = 30000.000000
	its = 2
	hyp = 168 / 590
	cut = 237
6787 [0, 30000]: LP
	bnd = 30000.000000
	its = 2
	hyp = 148 / 618
	cut = 255
7091 [0, 30000]: LP
	bnd = 30000.000000
	its = 1
	hyp = 134 / 618
	cut = 275
7483 [0, 30000]: LP
	bnd = 30000.000000
	its = 2
	hyp = 153 / 634
	cut = 295
7817 [0, 30000]: LP
	bnd = 30000.000000
	its = 1
	hyp = 140 / 634
	cut = 315
8125 [0, 30000]: LP
	bnd = 30000.000000
	its = 1
	hyp = 45 / 634
	cut = 335
8518 [0, 30000]: LP
	bnd = 30000.000000
	its = 2
	hyp = 140 / 670
	cut = 355
8801 [0, 30000]: LP
	bnd = 30000.000000
	its = 1
	hyp = 94 / 670
	cut = 374
9198 [0, 30000]: LP
	bnd = 30000.000000
	its = 2
	hyp = 102 / 687
	cut = 394
9479 [0, 30000]: LP
	bnd = 30000.000000
	its = 1
	hyp = 91 / 687
	cut = 414
9891 [0, 30000]: LP
	bnd = 30000.000000
	its = 2
	hyp = 229 / 754
	cut = 435
10244 [0, 30000]: LP
	bnd = 30000.000000
	its = 1
	hyp = 234 / 754
	cut = 457
10648 [0, 30000]: LP
	bnd = 30000.000000
	its = 2
	hyp = 258 / 782
	cut = 479
10942 [0, 30000]: LP
	bnd = 30000.000000
	its = 1
	hyp = 167 / 782
	cut = 500
11373 [0, 30000]: LP
	bnd = 30000.000000
	its = 2
	hyp = 248 / 803
	cut = 521
11599 [30000, 30000]: HEURISTIC 3
