hypergraph with 10802 vertices and 492344 hyperarcs generated in 2611
2789 [0, 30000]: LP
	bnd = 30000.000000
	its = 10
	hyp = 92 / 194
	cut = 0
3222 [0, 30000]: LP
	bnd = 30000.000000
	its = 1
	hyp = 55 / 194
	cut = 6
3797 [0, 30000]: LP
	bnd = 30000.000000
	its = 2
	hyp = 73 / 241
	cut = 14
4221 [0, 30000]: LP
	bnd = 30000.000000
	its = 1
	hyp = 68 / 241
	cut = 28
4629 [0, 30000]: LP
	bnd = 30000.000000
	its = 1
	hyp = 55 / 241
	cut = 42
5054 [0, 30000]: LP
	bnd = 30000.000000
	its = 1
	hyp = 64 / 241
	cut = 56
5460 [0, 30000]: LP
	bnd = 30000.000000
	its = 1
	hyp = 67 / 241
	cut = 70
5884 [0, 30000]: LP
	bnd = 30000.000000
	its = 1
	hyp = 70 / 241
	cut = 84
6291 [0, 30000]: LP
	bnd = 30000.000000
	its = 1
	hyp = 73 / 241
	cut = 98
6698 [0, 30000]: LP
	bnd = 30000.000000
	its = 1
	hyp = 70 / 241
	cut = 112
7135 [0, 30000]: LP
	bnd = 30000.000000
	its = 1
	hyp = 74 / 241
	cut = 126
7572 [0, 30000]: LP
	bnd = 30000.000000
	its = 1
	hyp = 74 / 241
	cut = 140
8009 [0, 30000]: LP
	bnd = 30000.000000
	its = 1
	hyp = 74 / 241
	cut = 154
8446 [0, 30000]: LP
	bnd = 30000.000000
	its = 1
	hyp = 74 / 241
	cut = 168
8889 [0, 30000]: LP
	bnd = 30000.000000
	its = 1
	hyp = 74 / 241
	cut = 182
9326 [0, 30000]: LP
	bnd = 30000.000000
	its = 1
	hyp = 74 / 241
	cut = 196
9785 [0, 30000]: LP
	bnd = 30000.000000
	its = 1
	hyp = 56 / 241
	cut = 210
10248 [0, 30000]: LP
	bnd = 30000.000000
	its = 1
	hyp = 56 / 241
	cut = 224
10709 [0, 30000]: LP
	bnd = 30000.000000
	its = 1
	hyp = 56 / 241
	cut = 238
11168 [0, 30000]: LP
	bnd = 30000.000000
	its = 1
	hyp = 56 / 241
	cut = 252
11627 [0, 30000]: LP
	bnd = 30000.000000
	its = 1
	hyp = 56 / 241
	cut = 266
12091 [0, 30000]: LP
	bnd = 30000.000000
	its = 1
	hyp = 56 / 241
	cut = 280
12553 [0, 30000]: LP
	bnd = 30000.000000
	its = 1
	hyp = 56 / 241
	cut = 294
13015 [0, 30000]: LP
	bnd = 30000.000000
	its = 1
	hyp = 56 / 241
	cut = 308
13477 [0, 30000]: LP
	bnd = 30000.000000
	its = 1
	hyp = 56 / 241
	cut = 322
13938 [0, 30000]: LP
	bnd = 30000.000000
	its = 1
	hyp = 56 / 241
	cut = 336
14398 [0, 30000]: LP
	bnd = 30000.000000
	its = 1
	hyp = 56 / 241
	cut = 350
14859 [0, 30000]: LP
	bnd = 30000.000000
	its = 1
	hyp = 56 / 241
	cut = 364
15322 [0, 30000]: LP
	bnd = 30000.000000
	its = 1
	hyp = 56 / 241
	cut = 378
15787 [0, 30000]: LP
	bnd = 30000.000000
	its = 1
	hyp = 56 / 241
	cut = 392
16249 [0, 30000]: LP
	bnd = 30000.000000
	its = 1
	hyp = 56 / 241
	cut = 406
16712 [0, 30000]: LP
	bnd = 30000.000000
	its = 1
	hyp = 56 / 241
	cut = 420
17175 [0, 30000]: LP
	bnd = 30000.000000
	its = 1
	hyp = 56 / 241
	cut = 434
17636 [0, 30000]: LP
	bnd = 30000.000000
	its = 1
	hyp = 56 / 241
	cut = 448
18099 [0, 30000]: LP
	bnd = 30000.000000
	its = 1
	hyp = 56 / 241
	cut = 462
18560 [0, 30000]: LP
	bnd = 30000.000000
	its = 1
	hyp = 56 / 241
	cut = 476
19022 [0, 30000]: LP
	bnd = 30000.000000
	its = 1
	hyp = 56 / 241
	cut = 490
19484 [0, 30000]: LP
	bnd = 30000.000000
	its = 1
	hyp = 56 / 241
	cut = 504
19947 [0, 30000]: LP
	bnd = 30000.000000
	its = 1
	hyp = 56 / 241
	cut = 518
20411 [0, 30000]: LP
	bnd = 30000.000000
	its = 1
	hyp = 56 / 241
	cut = 532
20879 [0, 30000]: LP
	bnd = 30000.000000
	its = 1
	hyp = 56 / 241
	cut = 546
21347 [0, 30000]: LP
	bnd = 30000.000000
	its = 1
	hyp = 56 / 241
	cut = 560
21810 [0, 30000]: LP
	bnd = 30000.000000
	its = 1
	hyp = 56 / 241
	cut = 574
22271 [0, 30000]: LP
	bnd = 30000.000000
	its = 1
	hyp = 56 / 241
	cut = 588
22734 [0, 30000]: LP
	bnd = 30000.000000
	its = 1
	hyp = 56 / 241
	cut = 602
23198 [0, 30000]: LP
	bnd = 30000.000000
	its = 1
	hyp = 56 / 241
	cut = 616
23659 [0, 30000]: LP
	bnd = 30000.000000
	its = 1
	hyp = 56 / 241
	cut = 630
24120 [0, 30000]: LP
	bnd = 30000.000000
	its = 1
	hyp = 56 / 241
	cut = 644
24580 [0, 30000]: LP
	bnd = 30000.000000
	its = 1
	hyp = 56 / 241
	cut = 658
25042 [0, 30000]: LP
	bnd = 30000.000000
	its = 1
	hyp = 56 / 241
	cut = 672
25502 [0, 30000]: LP
	bnd = 30000.000000
	its = 1
	hyp = 56 / 241
	cut = 686
25963 [0, 30000]: LP
	bnd = 30000.000000
	its = 1
	hyp = 56 / 241
	cut = 700
26425 [0, 30000]: LP
	bnd = 30000.000000
	its = 1
	hyp = 56 / 241
	cut = 714
26887 [0, 30000]: LP
	bnd = 30000.000000
	its = 1
	hyp = 56 / 241
	cut = 728
27349 [0, 30000]: LP
	bnd = 30000.000000
	its = 1
	hyp = 56 / 241
	cut = 742
27810 [0, 30000]: LP
	bnd = 30000.000000
	its = 1
	hyp = 56 / 241
	cut = 756
28270 [0, 30000]: LP
	bnd = 30000.000000
	its = 1
	hyp = 56 / 241
	cut = 770
28730 [0, 30000]: LP
	bnd = 30000.000000
	its = 1
	hyp = 56 / 241
	cut = 784
29190 [0, 30000]: LP
	bnd = 30000.000000
	its = 1
	hyp = 56 / 241
	cut = 798
29652 [0, 30000]: LP
	bnd = 30000.000000
	its = 1
	hyp = 56 / 241
	cut = 812
30114 [0, 30000]: LP
	bnd = 30000.000000
	its = 1
	hyp = 56 / 241
	cut = 826
30231 [30000, 30000]: HEURISTIC 3
