hypergraph with 10802 vertices and 494561 hyperarcs generated in 2952
3043 [0, 30000]: LP
	bnd = 30000.000000
	its = 12
	hyp = 134 / 151
	cut = 0
3991 [0, 30000]: LP
	bnd = 30000.000000
	its = 4
	hyp = 183 / 298
	cut = 11
4708 [0, 30000]: LP
	bnd = 30000.000000
	its = 3
	hyp = 168 / 386
	cut = 35
5143 [0, 30000]: LP
	bnd = 30000.000000
	its = 1
	hyp = 176 / 386
	cut = 59
5566 [0, 30000]: LP
	bnd = 30000.000000
	its = 1
	hyp = 144 / 386
	cut = 82
6012 [0, 30000]: LP
	bnd = 30000.000000
	its = 1
	hyp = 143 / 386
	cut = 104
6471 [0, 30000]: LP
	bnd = 30000.000000
	its = 1
	hyp = 174 / 386
	cut = 126
6873 [0, 30000]: LP
	bnd = 30000.000000
	its = 1
	hyp = 121 / 386
	cut = 148
7273 [0, 30000]: LP
	bnd = 30000.000000
	its = 1
	hyp = 121 / 386
	cut = 170
7672 [0, 30000]: LP
	bnd = 30000.000000
	its = 1
	hyp = 121 / 386
	cut = 192
8135 [0, 30000]: LP
	bnd = 30000.000000
	its = 1
	hyp = 125 / 386
	cut = 214
8581 [0, 30000]: LP
	bnd = 30000.000000
	its = 1
	hyp = 133 / 386
	cut = 234
9026 [0, 30000]: LP
	bnd = 30000.000000
	its = 1
	hyp = 127 / 386
	cut = 254
9472 [0, 30000]: LP
	bnd = 30000.000000
	its = 1
	hyp = 127 / 386
	cut = 274
9874 [0, 30000]: LP
	bnd = 30000.000000
	its = 1
	hyp = 126 / 386
	cut = 295
10273 [0, 30000]: LP
	bnd = 30000.000000
	its = 1
	hyp = 126 / 386
	cut = 315
10673 [0, 30000]: LP
	bnd = 30000.000000
	its = 1
	hyp = 126 / 386
	cut = 335
11072 [0, 30000]: LP
	bnd = 30000.000000
	its = 1
	hyp = 126 / 386
	cut = 355
11482 [0, 30000]: LP
	bnd = 30000.000000
	its = 1
	hyp = 126 / 386
	cut = 375
11882 [0, 30000]: LP
	bnd = 30000.000000
	its = 1
	hyp = 126 / 386
	cut = 395
12281 [0, 30000]: LP
	bnd = 30000.000000
	its = 1
	hyp = 126 / 386
	cut = 415
12680 [0, 30000]: LP
	bnd = 30000.000000
	its = 1
	hyp = 126 / 386
	cut = 435
13086 [0, 30000]: LP
	bnd = 30000.000000
	its = 1
	hyp = 126 / 386
	cut = 455
13486 [0, 30000]: LP
	bnd = 30000.000000
	its = 1
	hyp = 126 / 386
	cut = 475
13886 [0, 30000]: LP
	bnd = 30000.000000
	its = 1
	hyp = 126 / 386
	cut = 495
14307 [0, 30000]: LP
	bnd = 30000.000000
	its = 1
	hyp = 127 / 386
	cut = 516
14707 [0, 30000]: LP
	bnd = 30000.000000
	its = 1
	hyp = 127 / 386
	cut = 537
15107 [0, 30000]: LP
	bnd = 30000.000000
	its = 1
	hyp = 127 / 386
	cut = 558
15507 [0, 30000]: LP
	bnd = 30000.000000
	its = 1
	hyp = 127 / 386
	cut = 579
15907 [0, 30000]: LP
	bnd = 30000.000000
	its = 1
	hyp = 127 / 386
	cut = 600
16306 [0, 30000]: LP
	bnd = 30000.000000
	its = 1
	hyp = 127 / 386
	cut = 621
16706 [0, 30000]: LP
	bnd = 30000.000000
	its = 1
	hyp = 127 / 386
	cut = 642
17106 [0, 30000]: LP
	bnd = 30000.000000
	its = 1
	hyp = 127 / 386
	cut = 663
17505 [0, 30000]: LP
	bnd = 30000.000000
	its = 1
	hyp = 127 / 386
	cut = 684
17903 [0, 30000]: LP
	bnd = 30000.000000
	its = 1
	hyp = 127 / 386
	cut = 705
18303 [0, 30000]: LP
	bnd = 30000.000000
	its = 1
	hyp = 127 / 386
	cut = 726
18702 [0, 30000]: LP
	bnd = 30000.000000
	its = 1
	hyp = 127 / 386
	cut = 747
19101 [0, 30000]: LP
	bnd = 30000.000000
	its = 1
	hyp = 127 / 386
	cut = 768
19511 [0, 30000]: LP
	bnd = 30000.000000
	its = 1
	hyp = 127 / 386
	cut = 789
19911 [0, 30000]: LP
	bnd = 30000.000000
	its = 1
	hyp = 127 / 386
	cut = 810
20310 [0, 30000]: LP
	bnd = 30000.000000
	its = 1
	hyp = 127 / 386
	cut = 831
20710 [0, 30000]: LP
	bnd = 30000.000000
	its = 1
	hyp = 127 / 386
	cut = 852
21110 [0, 30000]: LP
	bnd = 30000.000000
	its = 1
	hyp = 127 / 386
	cut = 873
21510 [0, 30000]: LP
	bnd = 30000.000000
	its = 1
	hyp = 127 / 386
	cut = 894
21909 [0, 30000]: LP
	bnd = 30000.000000
	its = 1
	hyp = 127 / 386
	cut = 915
22317 [0, 30000]: LP
	bnd = 30000.000000
	its = 1
	hyp = 127 / 386
	cut = 936
22717 [0, 30000]: LP
	bnd = 30000.000000
	its = 1
	hyp = 127 / 386
	cut = 957
23117 [0, 30000]: LP
	bnd = 30000.000000
	its = 1
	hyp = 127 / 386
	cut = 978
23516 [0, 30000]: LP
	bnd = 30000.000000
	its = 1
	hyp = 127 / 386
	cut = 999
23916 [0, 30000]: LP
	bnd = 30000.000000
	its = 1
	hyp = 127 / 386
	cut = 1020
24316 [0, 30000]: LP
	bnd = 30000.000000
	its = 1
	hyp = 127 / 386
	cut = 1041
24715 [0, 30000]: LP
	bnd = 30000.000000
	its = 1
	hyp = 127 / 386
	cut = 1062
25114 [0, 30000]: LP
	bnd = 30000.000000
	its = 1
	hyp = 127 / 386
	cut = 1083
25514 [0, 30000]: LP
	bnd = 30000.000000
	its = 1
	hyp = 127 / 386
	cut = 1104
25912 [0, 30000]: LP
	bnd = 30000.000000
	its = 1
	hyp = 127 / 386
	cut = 1125
26311 [0, 30000]: LP
	bnd = 30000.000000
	its = 1
	hyp = 127 / 386
	cut = 1146
26711 [0, 30000]: LP
	bnd = 30000.000000
	its = 1
	hyp = 127 / 386
	cut = 1167
27110 [0, 30000]: LP
	bnd = 30000.000000
	its = 1
	hyp = 127 / 386
	cut = 1188
27510 [0, 30000]: LP
	bnd = 30000.000000
	its = 1
	hyp = 127 / 386
	cut = 1209
27911 [0, 30000]: LP
	bnd = 30000.000000
	its = 1
	hyp = 127 / 386
	cut = 1230
28310 [0, 30000]: LP
	bnd = 30000.000000
	its = 1
	hyp = 127 / 386
	cut = 1251
28710 [0, 30000]: LP
	bnd = 30000.000000
	its = 1
	hyp = 127 / 386
	cut = 1272
29110 [0, 30000]: LP
	bnd = 30000.000000
	its = 1
	hyp = 127 / 386
	cut = 1293
29509 [0, 30000]: LP
	bnd = 30000.000000
	its = 1
	hyp = 127 / 386
	cut = 1314
29909 [0, 30000]: LP
	bnd = 30000.000000
	its = 1
	hyp = 127 / 386
	cut = 1335
30308 [0, 30000]: LP
	bnd = 30000.000000
	its = 1
	hyp = 127 / 386
	cut = 1356
30708 [0, 30000]: LP
	bnd = 30000.000000
	its = 1
	hyp = 127 / 386
	cut = 1377
31107 [0, 30000]: LP
	bnd = 30000.000000
	its = 1
	hyp = 127 / 386
	cut = 1398
31506 [0, 30000]: LP
	bnd = 30000.000000
	its = 1
	hyp = 127 / 386
	cut = 1419
31906 [0, 30000]: LP
	bnd = 30000.000000
	its = 1
	hyp = 127 / 386
	cut = 1440
32305 [0, 30000]: LP
	bnd = 30000.000000
	its = 1
	hyp = 127 / 386
	cut = 1461
32706 [0, 30000]: LP
	bnd = 30000.000000
	its = 1
	hyp = 127 / 386
	cut = 1482
32939 [30000, 30000]: HEURISTIC 3
