hypergraph with 10302 vertices and 489450 hyperarcs generated in 1420
1639 [0, 30000]: LP
	bnd = 30000.000000
	its = 12
	hyp = 169 / 175
	cut = 0
2927 [0, 30000]: LP
	bnd = 30000.000000
	its = 13
	hyp = 197 / 517
	cut = 22
3694 [0, 30000]: LP
	bnd = 30000.000000
	its = 7
	hyp = 213 / 646
	cut = 44
4228 [0, 30000]: LP
	bnd = 30000.000000
	its = 4
	hyp = 222 / 697
	cut = 64
4856 [0, 30000]: LP
	bnd = 30000.000000
	its = 5
	hyp = 230 / 784
	cut = 83
5259 [0, 30000]: LP
	bnd = 30000.000000
	its = 2
	hyp = 233 / 826
	cut = 104
5766 [0, 30000]: LP
	bnd = 30000.000000
	its = 3
	hyp = 252 / 888
	cut = 125
6137 [0, 30000]: LP
	bnd = 30000.000000
	its = 2
	hyp = 205 / 956
	cut = 146
6516 [0, 30000]: LP
	bnd = 30000.000000
	its = 2
	hyp = 233 / 1057
	cut = 169
7047 [0, 30000]: LP
	bnd = 30000.000000
	its = 3
	hyp = 288 / 1134
	cut = 191
7504 [0, 30000]: LP
	bnd = 30000.000000
	its = 2
	hyp = 327 / 1173
	cut = 214
7883 [0, 30000]: LP
	bnd = 30000.000000
	its = 1
	hyp = 340 / 1173
	cut = 238
8429 [0, 30000]: LP
	bnd = 30000.000000
	its = 3
	hyp = 221 / 1230
	cut = 263
8952 [0, 30000]: LP
	bnd = 30000.000000
	its = 2
	hyp = 321 / 1273
	cut = 288
9550 [0, 30000]: LP
	bnd = 30000.000000
	its = 3
	hyp = 279 / 1309
	cut = 312
10049 [0, 30000]: LP
	bnd = 30000.000000
	its = 2
	hyp = 329 / 1340
	cut = 337
10454 [0, 30000]: LP
	bnd = 30000.000000
	its = 1
	hyp = 314 / 1340
	cut = 360
10985 [0, 30000]: LP
	bnd = 30000.000000
	its = 2
	hyp = 249 / 1382
	cut = 383
11340 [0, 30000]: LP
	bnd = 30000.000000
	its = 1
	hyp = 219 / 1382
	cut = 406
11755 [0, 30000]: LP
	bnd = 30000.000000
	its = 1
	hyp = 285 / 1382
	cut = 431
12134 [0, 30000]: LP
	bnd = 30000.000000
	its = 1
	hyp = 303 / 1382
	cut = 456
12280 [30000, 30000]: HEURISTIC 3
