hypergraph with 9363 vertices and 368872 hyperarcs generated in 135
1015 [0, 29664]: LP
	bnd = 29664.572266
	its = 40
	hyp = 208 / 502
	cut = 0
1017 [0, 29664]: HEURISTIC 3
1018 [0, 29664]: LABEL
	tot = 23
	max = 1
1021 [0, 29634]: LABEL
	tot = 201
	max = 2
1027 [0, 29605]: LABEL
	tot = 337
	max = 2
1035 [0, 29575]: LABEL
	tot = 477
	max = 3
1045 [29227, 29546]: LABEL
	tot = 656
	max = 3
1059 [29227, 29516]: LABEL
	tot = 875
	max = 4
1077 [29227, 29487]: LABEL
	tot = 1176
	max = 4
1100 [29227, 29457]: LABEL
	tot = 1529
	max = 6
1129 [29227, 29428]: LABEL
	tot = 1865
	max = 6
1166 [29227, 29398]: LABEL
	tot = 2410
	max = 9
1212 [29227, 29369]: LABEL
	tot = 3083
	max = 10
1267 [29227, 29339]: LABEL
	tot = 3769
	max = 12
1334 [29227, 29310]: LABEL
	tot = 4608
	max = 13
1414 [29227, 29281]: LABEL
	tot = 5539
	max = 16
1509 [29227, 29251]: LABEL
	tot = 6712
	max = 18
1622 [29227, 29227]: LABEL
	tot = 7867
	max = 21
