hypergraph with 9654 vertices and 348442 hyperarcs generated in 197
381 [0, 29838]: LP
	bnd = 29838.000000
	its = 12
	hyp = 50 / 147
	cut = 0
385 [0, 29838]: HEURISTIC 3
387 [29556, 29838]: LABEL
	tot = 112
	max = 2
388 [29556, 29808]: LABEL
	tot = 122
	max = 2
390 [29556, 29778]: LABEL
	tot = 122
	max = 2
392 [29556, 29748]: LABEL
	tot = 134
	max = 2
395 [29556, 29718]: LABEL
	tot = 178
	max = 2
398 [29556, 29689]: LABEL
	tot = 193
	max = 2
401 [29556, 29659]: LABEL
	tot = 254
	max = 3
405 [29556, 29629]: LABEL
	tot = 310
	max = 3
411 [29556, 29600]: LABEL
	tot = 447
	max = 4
418 [29556, 29570]: LABEL
	tot = 569
	max = 4
429 [29556, 29556]: LABEL
	tot = 810
	max = 4
