hypergraph with 10802 vertices and 495420 hyperarcs generated in 3166
3618 [0, 30000]: LP
	bnd = 30000.000000
	its = 16
	hyp = 129 / 159
	cut = 0
4078 [0, 30000]: LP
	bnd = 30000.000000
	its = 1
	hyp = 130 / 159
	cut = 7
4650 [0, 30000]: LP
	bnd = 30000.000000
	its = 2
	hyp = 124 / 198
	cut = 15
5055 [0, 30000]: LP
	bnd = 30000.000000
	its = 1
	hyp = 154 / 198
	cut = 24
5633 [0, 30000]: LP
	bnd = 30000.000000
	its = 2
	hyp = 180 / 279
	cut = 49
6258 [0, 30000]: LP
	bnd = 30000.000000
	its = 2
	hyp = 131 / 333
	cut = 75
6733 [0, 30000]: LP
	bnd = 30000.000000
	its = 1
	hyp = 189 / 333
	cut = 99
7170 [0, 30000]: LP
	bnd = 30000.000000
	its = 1
	hyp = 126 / 333
	cut = 123
7603 [0, 30000]: LP
	bnd = 30000.000000
	its = 1
	hyp = 143 / 333
	cut = 147
8011 [0, 30000]: LP
	bnd = 30000.000000
	its = 1
	hyp = 128 / 333
	cut = 170
8441 [0, 30000]: LP
	bnd = 30000.000000
	its = 1
	hyp = 132 / 333
	cut = 192
8882 [0, 30000]: LP
	bnd = 30000.000000
	its = 1
	hyp = 117 / 333
	cut = 213
9315 [0, 30000]: LP
	bnd = 30000.000000
	its = 1
	hyp = 117 / 333
	cut = 234
9750 [0, 30000]: LP
	bnd = 30000.000000
	its = 1
	hyp = 117 / 333
	cut = 255
10186 [0, 30000]: LP
	bnd = 30000.000000
	its = 1
	hyp = 117 / 333
	cut = 276
10623 [0, 30000]: LP
	bnd = 30000.000000
	its = 1
	hyp = 117 / 333
	cut = 297
11061 [0, 30000]: LP
	bnd = 30000.000000
	its = 1
	hyp = 117 / 333
	cut = 318
11503 [0, 30000]: LP
	bnd = 30000.000000
	its = 1
	hyp = 117 / 333
	cut = 339
11939 [0, 30000]: LP
	bnd = 30000.000000
	its = 1
	hyp = 117 / 333
	cut = 360
12378 [0, 30000]: LP
	bnd = 30000.000000
	its = 1
	hyp = 117 / 333
	cut = 381
12813 [0, 30000]: LP
	bnd = 30000.000000
	its = 1
	hyp = 117 / 333
	cut = 402
13248 [0, 30000]: LP
	bnd = 30000.000000
	its = 1
	hyp = 117 / 333
	cut = 423
13682 [0, 30000]: LP
	bnd = 30000.000000
	its = 1
	hyp = 117 / 333
	cut = 444
14117 [0, 30000]: LP
	bnd = 30000.000000
	its = 1
	hyp = 117 / 333
	cut = 465
14551 [0, 30000]: LP
	bnd = 30000.000000
	its = 1
	hyp = 117 / 333
	cut = 486
14985 [0, 30000]: LP
	bnd = 30000.000000
	its = 1
	hyp = 117 / 333
	cut = 507
15421 [0, 30000]: LP
	bnd = 30000.000000
	its = 1
	hyp = 117 / 333
	cut = 528
15856 [0, 30000]: LP
	bnd = 30000.000000
	its = 1
	hyp = 117 / 333
	cut = 549
16265 [0, 30000]: LP
	bnd = 30000.000000
	its = 1
	hyp = 119 / 333
	cut = 571
16701 [0, 30000]: LP
	bnd = 30000.000000
	its = 1
	hyp = 119 / 333
	cut = 593
17136 [0, 30000]: LP
	bnd = 30000.000000
	its = 1
	hyp = 119 / 333
	cut = 615
17579 [0, 30000]: LP
	bnd = 30000.000000
	its = 1
	hyp = 119 / 333
	cut = 637
18012 [0, 30000]: LP
	bnd = 30000.000000
	its = 1
	hyp = 119 / 333
	cut = 659
18445 [0, 30000]: LP
	bnd = 30000.000000
	its = 1
	hyp = 119 / 333
	cut = 681
18878 [0, 30000]: LP
	bnd = 30000.000000
	its = 1
	hyp = 119 / 333
	cut = 703
19317 [0, 30000]: LP
	bnd = 30000.000000
	its = 1
	hyp = 119 / 333
	cut = 725
19751 [0, 30000]: LP
	bnd = 30000.000000
	its = 1
	hyp = 119 / 333
	cut = 747
20185 [0, 30000]: LP
	bnd = 30000.000000
	its = 1
	hyp = 119 / 333
	cut = 769
20619 [0, 30000]: LP
	bnd = 30000.000000
	its = 1
	hyp = 119 / 333
	cut = 791
21054 [0, 30000]: LP
	bnd = 30000.000000
	its = 1
	hyp = 119 / 333
	cut = 813
21487 [0, 30000]: LP
	bnd = 30000.000000
	its = 1
	hyp = 119 / 333
	cut = 835
21920 [0, 30000]: LP
	bnd = 30000.000000
	its = 1
	hyp = 119 / 333
	cut = 857
22358 [0, 30000]: LP
	bnd = 30000.000000
	its = 1
	hyp = 119 / 333
	cut = 879
22791 [0, 30000]: LP
	bnd = 30000.000000
	its = 1
	hyp = 119 / 333
	cut = 901
23224 [0, 30000]: LP
	bnd = 30000.000000
	its = 1
	hyp = 119 / 333
	cut = 923
23657 [0, 30000]: LP
	bnd = 30000.000000
	its = 1
	hyp = 119 / 333
	cut = 945
24091 [0, 30000]: LP
	bnd = 30000.000000
	its = 1
	hyp = 119 / 333
	cut = 967
24525 [0, 30000]: LP
	bnd = 30000.000000
	its = 1
	hyp = 119 / 333
	cut = 989
24973 [0, 30000]: LP
	bnd = 30000.000000
	its = 1
	hyp = 119 / 333
	cut = 1011
25407 [0, 30000]: LP
	bnd = 30000.000000
	its = 1
	hyp = 119 / 333
	cut = 1033
25842 [0, 30000]: LP
	bnd = 30000.000000
	its = 1
	hyp = 119 / 333
	cut = 1055
26276 [0, 30000]: LP
	bnd = 30000.000000
	its = 1
	hyp = 119 / 333
	cut = 1077
26713 [0, 30000]: LP
	bnd = 30000.000000
	its = 1
	hyp = 119 / 333
	cut = 1099
27146 [0, 30000]: LP
	bnd = 30000.000000
	its = 1
	hyp = 119 / 333
	cut = 1121
27581 [0, 30000]: LP
	bnd = 30000.000000
	its = 1
	hyp = 119 / 333
	cut = 1143
28014 [0, 30000]: LP
	bnd = 30000.000000
	its = 1
	hyp = 119 / 333
	cut = 1165
28452 [0, 30000]: LP
	bnd = 30000.000000
	its = 1
	hyp = 119 / 333
	cut = 1187
28887 [0, 30000]: LP
	bnd = 30000.000000
	its = 1
	hyp = 119 / 333
	cut = 1209
29321 [0, 30000]: LP
	bnd = 30000.000000
	its = 1
	hyp = 119 / 333
	cut = 1231
29755 [0, 30000]: LP
	bnd = 30000.000000
	its = 1
	hyp = 119 / 333
	cut = 1253
30189 [0, 30000]: LP
	bnd = 30000.000000
	its = 1
	hyp = 119 / 333
	cut = 1275
30625 [0, 30000]: LP
	bnd = 30000.000000
	its = 1
	hyp = 119 / 333
	cut = 1297
31059 [0, 30000]: LP
	bnd = 30000.000000
	its = 1
	hyp = 119 / 333
	cut = 1319
31495 [0, 30000]: LP
	bnd = 30000.000000
	its = 1
	hyp = 119 / 333
	cut = 1341
31931 [0, 30000]: LP
	bnd = 30000.000000
	its = 1
	hyp = 119 / 333
	cut = 1363
32367 [0, 30000]: LP
	bnd = 30000.000000
	its = 1
	hyp = 119 / 333
	cut = 1385
32803 [0, 30000]: LP
	bnd = 30000.000000
	its = 1
	hyp = 119 / 333
	cut = 1407
33238 [0, 30000]: LP
	bnd = 30000.000000
	its = 1
	hyp = 119 / 333
	cut = 1429
33672 [0, 30000]: LP
	bnd = 30000.000000
	its = 1
	hyp = 119 / 333
	cut = 1451
34107 [0, 30000]: LP
	bnd = 30000.000000
	its = 1
	hyp = 119 / 333
	cut = 1473
34541 [0, 30000]: LP
	bnd = 30000.000000
	its = 1
	hyp = 119 / 333
	cut = 1495
34975 [0, 30000]: LP
	bnd = 30000.000000
	its = 1
	hyp = 119 / 333
	cut = 1517
35410 [0, 30000]: LP
	bnd = 30000.000000
	its = 1
	hyp = 119 / 333
	cut = 1539
35844 [0, 30000]: LP
	bnd = 30000.000000
	its = 1
	hyp = 119 / 333
	cut = 1562
36278 [0, 30000]: LP
	bnd = 30000.000000
	its = 1
	hyp = 119 / 333
	cut = 1585
36712 [0, 30000]: LP
	bnd = 30000.000000
	its = 1
	hyp = 119 / 333
	cut = 1608
37146 [0, 30000]: LP
	bnd = 30000.000000
	its = 1
	hyp = 119 / 333
	cut = 1629
37580 [0, 30000]: LP
	bnd = 30000.000000
	its = 1
	hyp = 119 / 333
	cut = 1650
38016 [0, 30000]: LP
	bnd = 30000.000000
	its = 1
	hyp = 119 / 333
	cut = 1671
38451 [0, 30000]: LP
	bnd = 30000.000000
	its = 1
	hyp = 119 / 333
	cut = 1692
38887 [0, 30000]: LP
	bnd = 30000.000000
	its = 1
	hyp = 119 / 333
	cut = 1713
39320 [0, 30000]: LP
	bnd = 30000.000000
	its = 1
	hyp = 119 / 333
	cut = 1734
39395 [30000, 30000]: HEURISTIC 3
