hypergraph with 10802 vertices and 491398 hyperarcs generated in 1198
4437 [0, 30000]: LP
	bnd = 30000.000000
	its = 23
	hyp = 265 / 319
	cut = 0
8061 [0, 30000]: LP
	bnd = 30000.000000
	its = 22
	hyp = 344 / 1053
	cut = 60
10275 [0, 30000]: LP
	bnd = 30000.000000
	its = 11
	hyp = 479 / 1474
	cut = 125
12286 [0, 30000]: LP
	bnd = 30000.000000
	its = 9
	hyp = 468 / 1679
	cut = 191
14235 [0, 30000]: LP
	bnd = 30000.000000
	its = 8
	hyp = 437 / 1832
	cut = 261
16036 [0, 30000]: LP
	bnd = 30000.000000
	its = 6
	hyp = 641 / 1968
	cut = 331
18088 [0, 30000]: LP
	bnd = 30000.000000
	its = 6
	hyp = 499 / 2088
	cut = 403
20049 [0, 30000]: LP
	bnd = 30000.000000
	its = 5
	hyp = 464 / 2192
	cut = 478
21706 [0, 30000]: LP
	bnd = 30000.000000
	its = 4
	hyp = 616 / 2289
	cut = 555
23927 [0, 30000]: LP
	bnd = 30000.000000
	its = 5
	hyp = 666 / 2391
	cut = 633
25935 [0, 30000]: LP
	bnd = 30000.000000
	its = 4
	hyp = 586 / 2475
	cut = 708
27074 [30000, 30000]: HEURISTIC 3
