hypergraph with 9066 vertices and 307166 hyperarcs generated in 124
735 [0, 29686]: LP
	bnd = 29686.218750
	its = 30
	hyp = 154 / 325
	cut = 0
737 [0, 29686]: HEURISTIC 3
738 [0, 29686]: LABEL
	tot = 26
	max = 1
740 [0, 29656]: LABEL
	tot = 110
	max = 2
743 [0, 29626]: LABEL
	tot = 133
	max = 2
747 [0, 29597]: LABEL
	tot = 177
	max = 2
751 [0, 29567]: LABEL
	tot = 216
	max = 2
756 [0, 29538]: LABEL
	tot = 273
	max = 3
762 [0, 29508]: LABEL
	tot = 306
	max = 3
769 [0, 29479]: LABEL
	tot = 389
	max = 3
779 [0, 29449]: LABEL
	tot = 546
	max = 4
790 [29319, 29420]: LABEL
	tot = 659
	max = 5
805 [29319, 29390]: LABEL
	tot = 862
	max = 5
824 [29319, 29361]: LABEL
	tot = 1076
	max = 6
845 [29319, 29331]: LABEL
	tot = 1233
	max = 6
868 [29319, 29319]: LABEL
	tot = 1321
	max = 7
