hypergraph with 9253 vertices and 319882 hyperarcs generated in 105
409 [0, 29561]: LP
	bnd = 29561.812500
	its = 15
	hyp = 125 / 229
	cut = 0
413 [0, 29561]: HEURISTIC 3
415 [0, 29561]: LABEL
	tot = 180
	max = 2
417 [0, 29532]: LABEL
	tot = 187
	max = 2
420 [0, 29502]: LABEL
	tot = 211
	max = 2
424 [0, 29473]: LABEL
	tot = 320
	max = 5
429 [0, 29443]: LABEL
	tot = 442
	max = 5
435 [0, 29414]: LABEL
	tot = 610
	max = 5
442 [0, 29384]: LABEL
	tot = 706
	max = 6
450 [0, 29355]: LABEL
	tot = 785
	max = 6
460 [0, 29326]: LABEL
	tot = 838
	max = 7
471 [0, 29296]: LABEL
	tot = 1099
	max = 7
483 [0, 29267]: LABEL
	tot = 1134
	max = 7
497 [0, 29238]: LABEL
	tot = 1345
	max = 7
513 [0, 29209]: LABEL
	tot = 1456
	max = 7
530 [0, 29179]: LABEL
	tot = 1627
	max = 7
549 [0, 29150]: LABEL
	tot = 1750
	max = 7
570 [0, 29121]: LABEL
	tot = 1841
	max = 7
595 [0, 29092]: LABEL
	tot = 2158
	max = 8
622 [0, 29063]: LABEL
	tot = 2392
	max = 11
652 [0, 29034]: LABEL
	tot = 2762
	max = 13
686 [0, 29005]: LABEL
	tot = 2925
	max = 13
723 [0, 28976]: LABEL
	tot = 3210
	max = 13
764 [0, 28947]: LABEL
	tot = 3509
	max = 13
808 [0, 28918]: LABEL
	tot = 3773
	max = 14
856 [0, 28889]: LABEL
	tot = 4007
	max = 14
908 [0, 28860]: LABEL
	tot = 4382
	max = 18
964 [0, 28831]: LABEL
	tot = 4707
	max = 18
1026 [0, 28802]: LABEL
	tot = 5142
	max = 21
1088 [0, 28802]: LP
	bnd = 29519.279297
	its = 24
	hyp = 156 / 551
	cut = 13
	restart
1156 [0, 28773]: LABEL
	tot = 4908
	max = 21
1229 [0, 28745]: LABEL
	tot = 5314
	max = 22
1307 [0, 28716]: LABEL
	tot = 5678
	max = 22
1392 [0, 28687]: LABEL
	tot = 6146
	max = 23
1499 [0, 28659]: LABEL
	tot = 6518
	max = 24
1614 [28515, 28630]: LABEL
	tot = 6985
	max = 28
1647 [28515, 28630]: LP
	bnd = 29430.646484
	its = 18
	hyp = 141 / 684
	cut = 27
	restart
1758 [28515, 28601]: LABEL
	tot = 6622
	max = 22
1874 [28515, 28573]: LABEL
	tot = 7095
	max = 24
2000 [28515, 28544]: LABEL
	tot = 7512
	max = 27
2058 [28515, 28544]: LP
	bnd = 29337.896484
	its = 12
	hyp = 190 / 768
	cut = 40
	restart
2186 [28515, 28516]: LABEL
	tot = 7284
	max = 26
2310 [28515, 28515]: LABEL
	tot = 7311
	max = 26
