hypergraph with 10802 vertices and 493969 hyperarcs generated in 2478
2893 [0, 30000]: LP
	bnd = 30000.000000
	its = 11
	hyp = 125 / 158
	cut = 0
3786 [0, 30000]: LP
	bnd = 30000.000000
	its = 4
	hyp = 136 / 259
	cut = 8
4379 [0, 30000]: LP
	bnd = 30000.000000
	its = 2
	hyp = 153 / 287
	cut = 29
4789 [0, 30000]: LP
	bnd = 30000.000000
	its = 1
	hyp = 120 / 287
	cut = 49
5197 [0, 30000]: LP
	bnd = 30000.000000
	its = 1
	hyp = 120 / 287
	cut = 68
5608 [0, 30000]: LP
	bnd = 30000.000000
	its = 1
	hyp = 120 / 287
	cut = 87
6019 [0, 30000]: LP
	bnd = 30000.000000
	its = 1
	hyp = 120 / 287
	cut = 106
6429 [0, 30000]: LP
	bnd = 30000.000000
	its = 1
	hyp = 113 / 287
	cut = 125
6838 [0, 30000]: LP
	bnd = 30000.000000
	its = 1
	hyp = 113 / 287
	cut = 144
7249 [0, 30000]: LP
	bnd = 30000.000000
	its = 1
	hyp = 113 / 287
	cut = 163
7661 [0, 30000]: LP
	bnd = 30000.000000
	its = 1
	hyp = 113 / 287
	cut = 182
8072 [0, 30000]: LP
	bnd = 30000.000000
	its = 1
	hyp = 113 / 287
	cut = 201
8483 [0, 30000]: LP
	bnd = 30000.000000
	its = 1
	hyp = 113 / 287
	cut = 220
8895 [0, 30000]: LP
	bnd = 30000.000000
	its = 1
	hyp = 113 / 287
	cut = 239
9305 [0, 30000]: LP
	bnd = 30000.000000
	its = 1
	hyp = 113 / 287
	cut = 258
9715 [0, 30000]: LP
	bnd = 30000.000000
	its = 1
	hyp = 113 / 287
	cut = 277
10124 [0, 30000]: LP
	bnd = 30000.000000
	its = 1
	hyp = 113 / 287
	cut = 296
10538 [0, 30000]: LP
	bnd = 30000.000000
	its = 1
	hyp = 113 / 287
	cut = 315
10948 [0, 30000]: LP
	bnd = 30000.000000
	its = 1
	hyp = 113 / 287
	cut = 334
11359 [0, 30000]: LP
	bnd = 30000.000000
	its = 1
	hyp = 113 / 287
	cut = 353
11771 [0, 30000]: LP
	bnd = 30000.000000
	its = 1
	hyp = 113 / 287
	cut = 372
12183 [0, 30000]: LP
	bnd = 30000.000000
	its = 1
	hyp = 113 / 287
	cut = 391
12593 [0, 30000]: LP
	bnd = 30000.000000
	its = 1
	hyp = 113 / 287
	cut = 410
13005 [0, 30000]: LP
	bnd = 30000.000000
	its = 1
	hyp = 113 / 287
	cut = 429
13417 [0, 30000]: LP
	bnd = 30000.000000
	its = 1
	hyp = 113 / 287
	cut = 448
13828 [0, 30000]: LP
	bnd = 30000.000000
	its = 1
	hyp = 113 / 287
	cut = 467
14241 [0, 30000]: LP
	bnd = 30000.000000
	its = 1
	hyp = 113 / 287
	cut = 486
14653 [0, 30000]: LP
	bnd = 30000.000000
	its = 1
	hyp = 113 / 287
	cut = 505
15063 [0, 30000]: LP
	bnd = 30000.000000
	its = 1
	hyp = 113 / 287
	cut = 524
15476 [0, 30000]: LP
	bnd = 30000.000000
	its = 1
	hyp = 113 / 287
	cut = 543
15886 [0, 30000]: LP
	bnd = 30000.000000
	its = 1
	hyp = 113 / 287
	cut = 562
16299 [0, 30000]: LP
	bnd = 30000.000000
	its = 1
	hyp = 113 / 287
	cut = 581
16710 [0, 30000]: LP
	bnd = 30000.000000
	its = 1
	hyp = 113 / 287
	cut = 600
17122 [0, 30000]: LP
	bnd = 30000.000000
	its = 1
	hyp = 113 / 287
	cut = 619
17533 [0, 30000]: LP
	bnd = 30000.000000
	its = 1
	hyp = 113 / 287
	cut = 638
17945 [0, 30000]: LP
	bnd = 30000.000000
	its = 1
	hyp = 113 / 287
	cut = 657
18359 [0, 30000]: LP
	bnd = 30000.000000
	its = 1
	hyp = 113 / 287
	cut = 676
18771 [0, 30000]: LP
	bnd = 30000.000000
	its = 1
	hyp = 113 / 287
	cut = 695
19185 [0, 30000]: LP
	bnd = 30000.000000
	its = 1
	hyp = 113 / 287
	cut = 714
19596 [0, 30000]: LP
	bnd = 30000.000000
	its = 1
	hyp = 113 / 287
	cut = 733
20007 [0, 30000]: LP
	bnd = 30000.000000
	its = 1
	hyp = 113 / 287
	cut = 752
20418 [0, 30000]: LP
	bnd = 30000.000000
	its = 1
	hyp = 113 / 287
	cut = 771
20831 [0, 30000]: LP
	bnd = 30000.000000
	its = 1
	hyp = 113 / 287
	cut = 790
21242 [0, 30000]: LP
	bnd = 30000.000000
	its = 1
	hyp = 113 / 287
	cut = 809
21653 [0, 30000]: LP
	bnd = 30000.000000
	its = 1
	hyp = 113 / 287
	cut = 828
22065 [0, 30000]: LP
	bnd = 30000.000000
	its = 1
	hyp = 113 / 287
	cut = 847
22480 [0, 30000]: LP
	bnd = 30000.000000
	its = 1
	hyp = 113 / 287
	cut = 866
22891 [0, 30000]: LP
	bnd = 30000.000000
	its = 1
	hyp = 113 / 287
	cut = 885
23306 [0, 30000]: LP
	bnd = 30000.000000
	its = 1
	hyp = 113 / 287
	cut = 904
23718 [0, 30000]: LP
	bnd = 30000.000000
	its = 1
	hyp = 113 / 287
	cut = 923
24130 [0, 30000]: LP
	bnd = 30000.000000
	its = 1
	hyp = 113 / 287
	cut = 942
24541 [0, 30000]: LP
	bnd = 30000.000000
	its = 1
	hyp = 113 / 287
	cut = 961
24952 [0, 30000]: LP
	bnd = 30000.000000
	its = 1
	hyp = 113 / 287
	cut = 980
25363 [0, 30000]: LP
	bnd = 30000.000000
	its = 1
	hyp = 113 / 287
	cut = 999
25774 [0, 30000]: LP
	bnd = 30000.000000
	its = 1
	hyp = 113 / 287
	cut = 1018
26186 [0, 30000]: LP
	bnd = 30000.000000
	its = 1
	hyp = 113 / 287
	cut = 1037
26597 [0, 30000]: LP
	bnd = 30000.000000
	its = 1
	hyp = 113 / 287
	cut = 1056
27010 [0, 30000]: LP
	bnd = 30000.000000
	its = 1
	hyp = 113 / 287
	cut = 1075
27424 [0, 30000]: LP
	bnd = 30000.000000
	its = 1
	hyp = 113 / 287
	cut = 1094
27837 [0, 30000]: LP
	bnd = 30000.000000
	its = 1
	hyp = 113 / 287
	cut = 1113
28248 [0, 30000]: LP
	bnd = 30000.000000
	its = 1
	hyp = 113 / 287
	cut = 1132
28661 [0, 30000]: LP
	bnd = 30000.000000
	its = 1
	hyp = 113 / 287
	cut = 1151
29073 [0, 30000]: LP
	bnd = 30000.000000
	its = 1
	hyp = 113 / 287
	cut = 1170
29485 [0, 30000]: LP
	bnd = 30000.000000
	its = 1
	hyp = 113 / 287
	cut = 1189
29896 [0, 30000]: LP
	bnd = 30000.000000
	its = 1
	hyp = 113 / 287
	cut = 1208
30307 [0, 30000]: LP
	bnd = 30000.000000
	its = 1
	hyp = 113 / 287
	cut = 1227
30719 [0, 30000]: LP
	bnd = 30000.000000
	its = 1
	hyp = 113 / 287
	cut = 1246
31131 [0, 30000]: LP
	bnd = 30000.000000
	its = 1
	hyp = 113 / 287
	cut = 1265
31161 [30000, 30000]: HEURISTIC 3
