hypergraph with 10052 vertices and 484603 hyperarcs generated in 1014
971 [0, 30000]: LP
	bnd = 30000.000000
	its = 12
	hyp = 135 / 166
	cut = 0
1381 [0, 30000]: LP
	bnd = 30000.000000
	its = 5
	hyp = 145 / 318
	cut = 18
1608 [0, 30000]: LP
	bnd = 30000.000000
	its = 2
	hyp = 172 / 346
	cut = 37
1843 [0, 30000]: LP
	bnd = 30000.000000
	its = 2
	hyp = 155 / 379
	cut = 56
2063 [0, 30000]: LP
	bnd = 30000.000000
	its = 2
	hyp = 172 / 400
	cut = 75
2300 [0, 30000]: LP
	bnd = 30000.000000
	its = 2
	hyp = 169 / 447
	cut = 94
2534 [0, 30000]: LP
	bnd = 30000.000000
	its = 2
	hyp = 195 / 473
	cut = 113
2711 [0, 30000]: LP
	bnd = 30000.000000
	its = 1
	hyp = 194 / 473
	cut = 132
2902 [0, 30000]: LP
	bnd = 30000.000000
	its = 1
	hyp = 205 / 473
	cut = 151
3182 [0, 30000]: LP
	bnd = 30000.000000
	its = 2
	hyp = 189 / 489
	cut = 170
3449 [0, 30000]: LP
	bnd = 30000.000000
	its = 2
	hyp = 192 / 518
	cut = 189
3660 [0, 30000]: LP
	bnd = 30000.000000
	its = 1
	hyp = 183 / 518
	cut = 207
3897 [0, 30000]: LP
	bnd = 30000.000000
	its = 2
	hyp = 175 / 545
	cut = 225
4116 [0, 30000]: LP
	bnd = 30000.000000
	its = 1
	hyp = 150 / 545
	cut = 243
4549 [0, 30000]: LP
	bnd = 30000.000000
	its = 5
	hyp = 176 / 655
	cut = 261
4743 [0, 30000]: LP
	bnd = 30000.000000
	its = 1
	hyp = 174 / 655
	cut = 279
5007 [0, 30000]: LP
	bnd = 30000.000000
	its = 2
	hyp = 179 / 698
	cut = 297
5194 [0, 30000]: LP
	bnd = 30000.000000
	its = 1
	hyp = 168 / 698
	cut = 315
5477 [0, 30000]: LP
	bnd = 30000.000000
	its = 2
	hyp = 174 / 751
	cut = 333
5702 [0, 30000]: LP
	bnd = 30000.000000
	its = 1
	hyp = 200 / 751
	cut = 351
5921 [0, 30000]: LP
	bnd = 30000.000000
	its = 1
	hyp = 207 / 751
	cut = 370
6271 [0, 30000]: LP
	bnd = 30000.000000
	its = 3
	hyp = 186 / 795
	cut = 389
6522 [0, 30000]: LP
	bnd = 30000.000000
	its = 1
	hyp = 221 / 795
	cut = 408
6727 [0, 30000]: LP
	bnd = 30000.000000
	its = 1
	hyp = 118 / 795
	cut = 427
6909 [0, 30000]: LP
	bnd = 30000.000000
	its = 1
	hyp = 188 / 795
	cut = 445
7094 [30000, 30000]: HEURISTIC 3
