hypergraph with 9842 vertices and 357117 hyperarcs generated in 165
308 [0, 29783]: LP
	bnd = 29783.371094
	its = 10
	hyp = 67 / 182
	cut = 0
311 [0, 29783]: HEURISTIC 3
312 [0, 29783]: LABEL
	tot = 47
	max = 1
314 [29529, 29753]: LABEL
	tot = 99
	max = 2
317 [29529, 29723]: LABEL
	tot = 218
	max = 3
321 [29529, 29694]: LABEL
	tot = 312
	max = 4
326 [29529, 29664]: LABEL
	tot = 462
	max = 4
332 [29529, 29634]: LABEL
	tot = 552
	max = 4
340 [29529, 29605]: LABEL
	tot = 742
	max = 4
350 [29529, 29575]: LABEL
	tot = 870
	max = 4
363 [29529, 29545]: LABEL
	tot = 1140
	max = 6
378 [29529, 29529]: LABEL
	tot = 1290
	max = 6
