hypergraph with 10302 vertices and 477747 hyperarcs generated in 1368
1471 [0, 30000]: LP
	bnd = 30000.000000
	its = 10
	hyp = 100 / 106
	cut = 0
2343 [0, 30000]: LP
	bnd = 30000.000000
	its = 8
	hyp = 135 / 317
	cut = 13
2780 [0, 30000]: LP
	bnd = 30000.000000
	its = 3
	hyp = 150 / 358
	cut = 31
3165 [0, 30000]: LP
	bnd = 30000.000000
	its = 2
	hyp = 154 / 372
	cut = 49
3540 [0, 30000]: LP
	bnd = 30000.000000
	its = 2
	hyp = 166 / 413
	cut = 68
3984 [0, 30000]: LP
	bnd = 30000.000000
	its = 3
	hyp = 168 / 438
	cut = 87
4590 [0, 30000]: LP
	bnd = 30000.000000
	its = 5
	hyp = 148 / 497
	cut = 108
4857 [0, 30000]: LP
	bnd = 30000.000000
	its = 1
	hyp = 84 / 497
	cut = 129
5303 [0, 30000]: LP
	bnd = 30000.000000
	its = 3
	hyp = 143 / 560
	cut = 150
5741 [0, 30000]: LP
	bnd = 30000.000000
	its = 3
	hyp = 100 / 596
	cut = 171
6049 [0, 30000]: LP
	bnd = 30000.000000
	its = 1
	hyp = 93 / 596
	cut = 191
6412 [0, 30000]: LP
	bnd = 30000.000000
	its = 2
	hyp = 72 / 616
	cut = 211
6664 [0, 30000]: LP
	bnd = 30000.000000
	its = 1
	hyp = 52 / 616
	cut = 231
6942 [0, 30000]: LP
	bnd = 30000.000000
	its = 1
	hyp = 147 / 616
	cut = 251
7335 [0, 30000]: LP
	bnd = 30000.000000
	its = 2
	hyp = 151 / 650
	cut = 272
7646 [0, 30000]: LP
	bnd = 30000.000000
	its = 1
	hyp = 159 / 650
	cut = 293
7945 [0, 30000]: LP
	bnd = 30000.000000
	its = 1
	hyp = 155 / 650
	cut = 314
8345 [0, 30000]: LP
	bnd = 30000.000000
	its = 2
	hyp = 175 / 681
	cut = 335
8612 [0, 30000]: LP
	bnd = 30000.000000
	its = 1
	hyp = 182 / 681
	cut = 355
8959 [0, 30000]: LP
	bnd = 30000.000000
	its = 1
	hyp = 178 / 681
	cut = 375
9451 [0, 30000]: LP
	bnd = 30000.000000
	its = 3
	hyp = 156 / 714
	cut = 396
9824 [0, 30000]: LP
	bnd = 30000.000000
	its = 2
	hyp = 197 / 737
	cut = 417
10144 [0, 30000]: LP
	bnd = 30000.000000
	its = 1
	hyp = 79 / 737
	cut = 438
10608 [0, 30000]: LP
	bnd = 30000.005859
	its = 3
	hyp = 184 / 782
	cut = 459
10892 [0, 30000]: LP
	bnd = 30000.005859
	its = 1
	hyp = 187 / 782
	cut = 480
11288 [0, 30000]: LP
	bnd = 30000.000000
	its = 2
	hyp = 232 / 825
	cut = 500
11614 [30000, 30000]: LP
	bnd = 30000.000000
	its = 1
	hyp = 191 / 825
	cut = 522
11622 [30000, 30000]: HEURISTIC 3
