hypergraph with 10302 vertices and 483355 hyperarcs generated in 1610
1491 [0, 30000]: LP
	bnd = 30000.000000
	its = 10
	hyp = 98 / 121
	cut = 0
2144 [0, 30000]: LP
	bnd = 30000.000000
	its = 6
	hyp = 108 / 273
	cut = 12
2611 [0, 30000]: LP
	bnd = 30000.000000
	its = 4
	hyp = 142 / 343
	cut = 24
3101 [0, 30000]: LP
	bnd = 30000.000000
	its = 4
	hyp = 87 / 411
	cut = 37
3404 [0, 30000]: LP
	bnd = 30000.000000
	its = 2
	hyp = 80 / 433
	cut = 49
3731 [0, 30000]: LP
	bnd = 30000.000000
	its = 2
	hyp = 129 / 445
	cut = 60
4071 [0, 30000]: LP
	bnd = 30000.000000
	its = 2
	hyp = 118 / 458
	cut = 72
4421 [0, 30000]: LP
	bnd = 30000.000000
	its = 2
	hyp = 127 / 485
	cut = 84
4761 [0, 30000]: LP
	bnd = 30000.000000
	its = 2
	hyp = 117 / 505
	cut = 95
5107 [0, 30000]: LP
	bnd = 30000.000000
	its = 2
	hyp = 134 / 530
	cut = 106
5467 [0, 30000]: LP
	bnd = 30000.000000
	its = 2
	hyp = 144 / 543
	cut = 117
5818 [0, 30000]: LP
	bnd = 30000.000000
	its = 2
	hyp = 131 / 557
	cut = 128
6262 [0, 30000]: LP
	bnd = 30000.000000
	its = 3
	hyp = 151 / 605
	cut = 138
6540 [0, 30000]: LP
	bnd = 30000.000000
	its = 1
	hyp = 155 / 605
	cut = 148
6974 [0, 30000]: LP
	bnd = 30000.000000
	its = 3
	hyp = 155 / 649
	cut = 159
7245 [0, 30000]: LP
	bnd = 30000.000000
	its = 1
	hyp = 159 / 649
	cut = 170
7622 [0, 30000]: LP
	bnd = 30000.000000
	its = 2
	hyp = 161 / 673
	cut = 180
7902 [0, 30000]: LP
	bnd = 30000.000000
	its = 1
	hyp = 152 / 673
	cut = 192
8287 [0, 30000]: LP
	bnd = 30000.000000
	its = 2
	hyp = 92 / 713
	cut = 204
8551 [0, 30000]: LP
	bnd = 30000.000000
	its = 1
	hyp = 129 / 713
	cut = 216
8824 [0, 30000]: LP
	bnd = 30000.000000
	its = 1
	hyp = 135 / 713
	cut = 228
9106 [0, 30000]: LP
	bnd = 30000.000000
	its = 1
	hyp = 127 / 713
	cut = 240
9482 [0, 30000]: LP
	bnd = 30000.000000
	its = 2
	hyp = 92 / 747
	cut = 252
9746 [0, 30000]: LP
	bnd = 30000.000000
	its = 1
	hyp = 129 / 747
	cut = 264
10018 [0, 30000]: LP
	bnd = 30000.000000
	its = 1
	hyp = 142 / 747
	cut = 275
10310 [0, 30000]: LP
	bnd = 30000.000000
	its = 1
	hyp = 152 / 747
	cut = 288
10606 [0, 30000]: LP
	bnd = 30000.000000
	its = 1
	hyp = 128 / 747
	cut = 301
10915 [0, 30000]: LP
	bnd = 30000.000000
	its = 1
	hyp = 127 / 747
	cut = 312
11304 [0, 30000]: LP
	bnd = 30000.000000
	its = 2
	hyp = 174 / 781
	cut = 323
11584 [0, 30000]: LP
	bnd = 30000.000000
	its = 1
	hyp = 165 / 781
	cut = 334
11901 [0, 30000]: LP
	bnd = 30000.000000
	its = 1
	hyp = 175 / 781
	cut = 341
12307 [0, 30000]: LP
	bnd = 30000.000000
	its = 2
	hyp = 222 / 812
	cut = 348
12373 [30000, 30000]: HEURISTIC 3
