hypergraph with 10302 vertices and 481449 hyperarcs generated in 1264
1535 [0, 30000]: LP
	bnd = 30000.000000
	its = 11
	hyp = 116 / 125
	cut = 0
2893 [0, 30000]: LP
	bnd = 30000.000000
	its = 14
	hyp = 136 / 453
	cut = 14
3560 [0, 30000]: LP
	bnd = 30000.000000
	its = 6
	hyp = 171 / 540
	cut = 35
4104 [0, 30000]: LP
	bnd = 30000.000000
	its = 4
	hyp = 124 / 586
	cut = 58
4469 [0, 30000]: LP
	bnd = 30000.000000
	its = 2
	hyp = 142 / 595
	cut = 81
5085 [0, 30000]: LP
	bnd = 30000.000000
	its = 5
	hyp = 130 / 647
	cut = 105
5380 [0, 30000]: LP
	bnd = 30000.000000
	its = 1
	hyp = 160 / 647
	cut = 129
5706 [0, 30000]: LP
	bnd = 30000.000000
	its = 1
	hyp = 118 / 647
	cut = 154
6202 [0, 30000]: LP
	bnd = 30000.000000
	its = 3
	hyp = 178 / 674
	cut = 179
6930 [0, 30000]: LP
	bnd = 30000.000000
	its = 6
	hyp = 213 / 769
	cut = 204
7325 [0, 30000]: LP
	bnd = 30000.000000
	its = 2
	hyp = 202 / 783
	cut = 229
7712 [0, 30000]: LP
	bnd = 30000.000000
	its = 2
	hyp = 212 / 800
	cut = 255
8097 [0, 30000]: LP
	bnd = 30000.000000
	its = 2
	hyp = 147 / 811
	cut = 281
8529 [0, 30000]: LP
	bnd = 30000.000000
	its = 2
	hyp = 220 / 828
	cut = 307
8941 [0, 30000]: LP
	bnd = 30000.000000
	its = 2
	hyp = 215 / 840
	cut = 333
9387 [0, 30000]: LP
	bnd = 30000.000000
	its = 2
	hyp = 218 / 857
	cut = 359
9453 [30000, 30000]: HEURISTIC 3
