hypergraph with 10302 vertices and 481092 hyperarcs generated in 1432
1487 [0, 30000]: LP
	bnd = 30000.000000
	its = 10
	hyp = 117 / 120
	cut = 0
2733 [0, 30000]: LP
	bnd = 30000.000000
	its = 13
	hyp = 187 / 444
	cut = 16
3316 [0, 30000]: LP
	bnd = 30000.000000
	its = 5
	hyp = 182 / 518
	cut = 32
3768 [0, 30000]: LP
	bnd = 30000.000000
	its = 3
	hyp = 187 / 551
	cut = 52
4222 [0, 30000]: LP
	bnd = 30000.000000
	its = 3
	hyp = 215 / 581
	cut = 73
4571 [0, 30000]: LP
	bnd = 30000.000000
	its = 2
	hyp = 211 / 596
	cut = 95
4954 [0, 30000]: LP
	bnd = 30000.000000
	its = 2
	hyp = 226 / 616
	cut = 118
5308 [0, 30000]: LP
	bnd = 30000.000000
	its = 2
	hyp = 204 / 660
	cut = 141
5616 [0, 30000]: LP
	bnd = 30000.000000
	its = 1
	hyp = 234 / 660
	cut = 164
6003 [0, 30000]: LP
	bnd = 30000.000000
	its = 2
	hyp = 229 / 677
	cut = 187
6289 [0, 30000]: LP
	bnd = 30000.000000
	its = 1
	hyp = 177 / 677
	cut = 210
6724 [0, 30000]: LP
	bnd = 30000.000000
	its = 2
	hyp = 239 / 752
	cut = 233
7018 [0, 30000]: LP
	bnd = 30000.000000
	its = 1
	hyp = 259 / 752
	cut = 256
7440 [0, 30000]: LP
	bnd = 30000.000000
	its = 2
	hyp = 276 / 772
	cut = 278
7775 [0, 30000]: LP
	bnd = 30000.000000
	its = 1
	hyp = 214 / 772
	cut = 301
8136 [0, 30000]: LP
	bnd = 30000.000000
	its = 2
	hyp = 268 / 792
	cut = 324
8520 [0, 30000]: LP
	bnd = 30000.000000
	its = 2
	hyp = 208 / 810
	cut = 346
8945 [0, 30000]: LP
	bnd = 30000.000000
	its = 2
	hyp = 257 / 818
	cut = 369
9251 [0, 30000]: LP
	bnd = 30000.000000
	its = 1
	hyp = 153 / 818
	cut = 391
9748 [0, 30000]: LP
	bnd = 30000.000000
	its = 2
	hyp = 268 / 873
	cut = 414
10093 [0, 30000]: LP
	bnd = 30000.000000
	its = 1
	hyp = 226 / 873
	cut = 438
10457 [0, 30000]: LP
	bnd = 30000.000000
	its = 1
	hyp = 270 / 873
	cut = 461
10910 [0, 30000]: LP
	bnd = 30000.000000
	its = 2
	hyp = 266 / 894
	cut = 484
11245 [0, 30000]: LP
	bnd = 30000.000000
	its = 1
	hyp = 300 / 894
	cut = 508
11675 [0, 30000]: LP
	bnd = 30000.000000
	its = 2
	hyp = 285 / 912
	cut = 531
11918 [30000, 30000]: HEURISTIC 3
