hypergraph with 10302 vertices and 490715 hyperarcs generated in 1660
1711 [0, 30000]: LP
	bnd = 30000.000000
	its = 13
	hyp = 97 / 155
	cut = 0
1976 [0, 30000]: LP
	bnd = 30000.000000
	its = 1
	hyp = 72 / 155
	cut = 8
2219 [0, 30000]: LP
	bnd = 30000.000000
	its = 1
	hyp = 56 / 155
	cut = 16
2465 [0, 30000]: LP
	bnd = 30000.000000
	its = 1
	hyp = 56 / 155
	cut = 25
2704 [0, 30000]: LP
	bnd = 30000.000000
	its = 1
	hyp = 56 / 155
	cut = 34
2943 [0, 30000]: LP
	bnd = 30000.000000
	its = 1
	hyp = 56 / 155
	cut = 42
3182 [0, 30000]: LP
	bnd = 30000.000000
	its = 1
	hyp = 54 / 155
	cut = 50
3422 [0, 30000]: LP
	bnd = 30000.000000
	its = 1
	hyp = 54 / 155
	cut = 57
3661 [0, 30000]: LP
	bnd = 30000.000000
	its = 1
	hyp = 54 / 155
	cut = 64
3899 [0, 30000]: LP
	bnd = 30000.000000
	its = 1
	hyp = 54 / 155
	cut = 71
4138 [0, 30000]: LP
	bnd = 30000.000000
	its = 1
	hyp = 54 / 155
	cut = 78
4377 [0, 30000]: LP
	bnd = 30000.000000
	its = 1
	hyp = 54 / 155
	cut = 85
4619 [0, 30000]: LP
	bnd = 30000.000000
	its = 1
	hyp = 54 / 155
	cut = 92
4858 [0, 30000]: LP
	bnd = 30000.000000
	its = 1
	hyp = 54 / 155
	cut = 99
5097 [0, 30000]: LP
	bnd = 30000.000000
	its = 1
	hyp = 54 / 155
	cut = 106
5338 [0, 30000]: LP
	bnd = 30000.000000
	its = 1
	hyp = 54 / 155
	cut = 113
5577 [0, 30000]: LP
	bnd = 30000.000000
	its = 1
	hyp = 54 / 155
	cut = 120
5816 [0, 30000]: LP
	bnd = 30000.000000
	its = 1
	hyp = 54 / 155
	cut = 127
6055 [0, 30000]: LP
	bnd = 30000.000000
	its = 1
	hyp = 54 / 155
	cut = 134
6298 [0, 30000]: LP
	bnd = 30000.000000
	its = 1
	hyp = 54 / 155
	cut = 141
6537 [0, 30000]: LP
	bnd = 30000.000000
	its = 1
	hyp = 54 / 155
	cut = 148
6776 [0, 30000]: LP
	bnd = 30000.000000
	its = 1
	hyp = 54 / 155
	cut = 155
7015 [0, 30000]: LP
	bnd = 30000.000000
	its = 1
	hyp = 54 / 155
	cut = 162
7254 [0, 30000]: LP
	bnd = 30000.000000
	its = 1
	hyp = 54 / 155
	cut = 169
7494 [0, 30000]: LP
	bnd = 30000.000000
	its = 1
	hyp = 54 / 155
	cut = 176
7733 [0, 30000]: LP
	bnd = 30000.000000
	its = 1
	hyp = 54 / 155
	cut = 183
7972 [0, 30000]: LP
	bnd = 30000.000000
	its = 1
	hyp = 54 / 155
	cut = 190
8213 [0, 30000]: LP
	bnd = 30000.000000
	its = 1
	hyp = 54 / 155
	cut = 197
8452 [0, 30000]: LP
	bnd = 30000.000000
	its = 1
	hyp = 54 / 155
	cut = 204
8692 [0, 30000]: LP
	bnd = 30000.000000
	its = 1
	hyp = 54 / 155
	cut = 211
8932 [0, 30000]: LP
	bnd = 30000.000000
	its = 1
	hyp = 54 / 155
	cut = 218
9172 [0, 30000]: LP
	bnd = 30000.000000
	its = 1
	hyp = 54 / 155
	cut = 225
9412 [0, 30000]: LP
	bnd = 30000.000000
	its = 1
	hyp = 54 / 155
	cut = 232
9651 [0, 30000]: LP
	bnd = 30000.000000
	its = 1
	hyp = 54 / 155
	cut = 239
9890 [0, 30000]: LP
	bnd = 30000.000000
	its = 1
	hyp = 54 / 155
	cut = 246
10130 [0, 30000]: LP
	bnd = 30000.000000
	its = 1
	hyp = 54 / 155
	cut = 253
10372 [0, 30000]: LP
	bnd = 30000.000000
	its = 1
	hyp = 54 / 155
	cut = 260
10610 [0, 30000]: LP
	bnd = 30000.000000
	its = 1
	hyp = 54 / 155
	cut = 267
10853 [0, 30000]: LP
	bnd = 30000.000000
	its = 1
	hyp = 54 / 155
	cut = 274
11093 [0, 30000]: LP
	bnd = 30000.000000
	its = 1
	hyp = 54 / 155
	cut = 281
11334 [0, 30000]: LP
	bnd = 30000.000000
	its = 1
	hyp = 54 / 155
	cut = 288
11572 [0, 30000]: LP
	bnd = 30000.000000
	its = 1
	hyp = 54 / 155
	cut = 295
11811 [0, 30000]: LP
	bnd = 30000.000000
	its = 1
	hyp = 54 / 155
	cut = 302
12050 [0, 30000]: LP
	bnd = 30000.000000
	its = 1
	hyp = 54 / 155
	cut = 309
12289 [0, 30000]: LP
	bnd = 30000.000000
	its = 1
	hyp = 54 / 155
	cut = 316
12529 [0, 30000]: LP
	bnd = 30000.000000
	its = 1
	hyp = 54 / 155
	cut = 323
12767 [0, 30000]: LP
	bnd = 30000.000000
	its = 1
	hyp = 54 / 155
	cut = 330
13006 [0, 30000]: LP
	bnd = 30000.000000
	its = 1
	hyp = 54 / 155
	cut = 337
13244 [0, 30000]: LP
	bnd = 30000.000000
	its = 1
	hyp = 54 / 155
	cut = 344
13483 [0, 30000]: LP
	bnd = 30000.000000
	its = 1
	hyp = 54 / 155
	cut = 351
13724 [0, 30000]: LP
	bnd = 30000.000000
	its = 1
	hyp = 54 / 155
	cut = 358
13963 [0, 30000]: LP
	bnd = 30000.000000
	its = 1
	hyp = 54 / 155
	cut = 365
14202 [0, 30000]: LP
	bnd = 30000.000000
	its = 1
	hyp = 54 / 155
	cut = 372
14441 [0, 30000]: LP
	bnd = 30000.000000
	its = 1
	hyp = 54 / 155
	cut = 379
14683 [0, 30000]: LP
	bnd = 30000.000000
	its = 1
	hyp = 54 / 155
	cut = 386
14927 [0, 30000]: LP
	bnd = 30000.000000
	its = 1
	hyp = 54 / 155
	cut = 393
15167 [0, 30000]: LP
	bnd = 30000.000000
	its = 1
	hyp = 54 / 155
	cut = 400
15405 [0, 30000]: LP
	bnd = 30000.000000
	its = 1
	hyp = 54 / 155
	cut = 407
15644 [0, 30000]: LP
	bnd = 30000.000000
	its = 1
	hyp = 54 / 155
	cut = 414
15884 [0, 30000]: LP
	bnd = 30000.000000
	its = 1
	hyp = 54 / 155
	cut = 421
16123 [0, 30000]: LP
	bnd = 30000.000000
	its = 1
	hyp = 54 / 155
	cut = 428
16361 [0, 30000]: LP
	bnd = 30000.000000
	its = 1
	hyp = 54 / 155
	cut = 435
16600 [0, 30000]: LP
	bnd = 30000.000000
	its = 1
	hyp = 54 / 155
	cut = 442
16841 [0, 30000]: LP
	bnd = 30000.000000
	its = 1
	hyp = 54 / 155
	cut = 449
17080 [0, 30000]: LP
	bnd = 30000.000000
	its = 1
	hyp = 54 / 155
	cut = 456
17319 [0, 30000]: LP
	bnd = 30000.000000
	its = 1
	hyp = 54 / 155
	cut = 463
17558 [0, 30000]: LP
	bnd = 30000.000000
	its = 1
	hyp = 54 / 155
	cut = 470
17797 [0, 30000]: LP
	bnd = 30000.000000
	its = 1
	hyp = 54 / 155
	cut = 477
18035 [0, 30000]: LP
	bnd = 30000.000000
	its = 1
	hyp = 54 / 155
	cut = 484
18274 [0, 30000]: LP
	bnd = 30000.000000
	its = 1
	hyp = 54 / 155
	cut = 491
18512 [0, 30000]: LP
	bnd = 30000.000000
	its = 1
	hyp = 54 / 155
	cut = 498
18751 [0, 30000]: LP
	bnd = 30000.000000
	its = 1
	hyp = 54 / 155
	cut = 505
18989 [0, 30000]: LP
	bnd = 30000.000000
	its = 1
	hyp = 54 / 155
	cut = 512
19228 [0, 30000]: LP
	bnd = 30000.000000
	its = 1
	hyp = 54 / 155
	cut = 519
19468 [0, 30000]: LP
	bnd = 30000.000000
	its = 1
	hyp = 54 / 155
	cut = 526
19706 [0, 30000]: LP
	bnd = 30000.000000
	its = 1
	hyp = 54 / 155
	cut = 533
19944 [0, 30000]: LP
	bnd = 30000.000000
	its = 1
	hyp = 54 / 155
	cut = 540
20113 [30000, 30000]: HEURISTIC 3
