hypergraph with 10302 vertices and 490026 hyperarcs generated in 1826
1568 [0, 30000]: LP
	bnd = 30000.000000
	its = 11
	hyp = 128 / 170
	cut = 0
2153 [0, 30000]: LP
	bnd = 30000.000000
	its = 4
	hyp = 105 / 300
	cut = 12
2493 [0, 30000]: LP
	bnd = 30000.000000
	its = 2
	hyp = 129 / 351
	cut = 24
2721 [0, 30000]: LP
	bnd = 30000.000000
	its = 1
	hyp = 118 / 351
	cut = 40
3013 [0, 30000]: LP
	bnd = 30000.000000
	its = 1
	hyp = 119 / 351
	cut = 54
3267 [0, 30000]: LP
	bnd = 30000.000000
	its = 1
	hyp = 118 / 351
	cut = 67
3617 [0, 30000]: LP
	bnd = 30000.000000
	its = 2
	hyp = 110 / 395
	cut = 80
3871 [0, 30000]: LP
	bnd = 30000.000000
	its = 1
	hyp = 101 / 395
	cut = 93
4137 [0, 30000]: LP
	bnd = 30000.000000
	its = 1
	hyp = 127 / 395
	cut = 106
4565 [0, 30000]: LP
	bnd = 30000.000000
	its = 3
	hyp = 164 / 499
	cut = 120
4815 [0, 30000]: LP
	bnd = 30000.000000
	its = 1
	hyp = 103 / 499
	cut = 134
5065 [0, 30000]: LP
	bnd = 30000.000000
	its = 1
	hyp = 104 / 499
	cut = 147
5321 [0, 30000]: LP
	bnd = 30000.000000
	its = 1
	hyp = 106 / 499
	cut = 160
5585 [0, 30000]: LP
	bnd = 30000.000000
	its = 1
	hyp = 168 / 499
	cut = 173
5880 [0, 30000]: LP
	bnd = 30000.000000
	its = 1
	hyp = 114 / 499
	cut = 188
6260 [0, 30000]: LP
	bnd = 30000.000000
	its = 2
	hyp = 114 / 515
	cut = 203
6494 [0, 30000]: LP
	bnd = 30000.000000
	its = 1
	hyp = 104 / 515
	cut = 218
6729 [0, 30000]: LP
	bnd = 30000.000000
	its = 1
	hyp = 108 / 515
	cut = 233
6962 [0, 30000]: LP
	bnd = 30000.000000
	its = 1
	hyp = 108 / 515
	cut = 247
7234 [0, 30000]: LP
	bnd = 30000.000000
	its = 1
	hyp = 135 / 515
	cut = 261
7506 [0, 30000]: LP
	bnd = 30000.000000
	its = 1
	hyp = 110 / 515
	cut = 275
7764 [0, 30000]: LP
	bnd = 30000.000000
	its = 1
	hyp = 107 / 515
	cut = 289
8058 [0, 30000]: LP
	bnd = 30000.000000
	its = 1
	hyp = 134 / 515
	cut = 303
8348 [0, 30000]: LP
	bnd = 30000.000000
	its = 1
	hyp = 134 / 515
	cut = 317
8723 [0, 30000]: LP
	bnd = 30000.000000
	its = 2
	hyp = 108 / 554
	cut = 331
9016 [0, 30000]: LP
	bnd = 30000.000000
	its = 1
	hyp = 218 / 554
	cut = 344
9300 [0, 30000]: LP
	bnd = 30000.000000
	its = 1
	hyp = 181 / 554
	cut = 357
9620 [0, 30000]: LP
	bnd = 30000.000000
	its = 1
	hyp = 187 / 554
	cut = 369
9891 [0, 30000]: LP
	bnd = 30000.000000
	its = 1
	hyp = 128 / 554
	cut = 381
10162 [0, 30000]: LP
	bnd = 30000.000000
	its = 1
	hyp = 128 / 554
	cut = 393
10431 [0, 30000]: LP
	bnd = 30000.000000
	its = 1
	hyp = 128 / 554
	cut = 405
10700 [0, 30000]: LP
	bnd = 30000.000000
	its = 1
	hyp = 128 / 554
	cut = 417
10968 [0, 30000]: LP
	bnd = 30000.000000
	its = 1
	hyp = 128 / 554
	cut = 429
11236 [0, 30000]: LP
	bnd = 30000.000000
	its = 1
	hyp = 128 / 554
	cut = 441
11507 [0, 30000]: LP
	bnd = 30000.000000
	its = 1
	hyp = 128 / 554
	cut = 453
11776 [0, 30000]: LP
	bnd = 30000.000000
	its = 1
	hyp = 128 / 554
	cut = 465
12047 [0, 30000]: LP
	bnd = 30000.000000
	its = 1
	hyp = 128 / 554
	cut = 477
12347 [0, 30000]: LP
	bnd = 30000.000000
	its = 1
	hyp = 108 / 554
	cut = 490
12645 [0, 30000]: LP
	bnd = 30000.000000
	its = 1
	hyp = 108 / 554
	cut = 502
12942 [0, 30000]: LP
	bnd = 30000.000000
	its = 1
	hyp = 108 / 554
	cut = 514
13239 [0, 30000]: LP
	bnd = 30000.000000
	its = 1
	hyp = 108 / 554
	cut = 526
13539 [0, 30000]: LP
	bnd = 30000.000000
	its = 1
	hyp = 108 / 554
	cut = 538
13838 [0, 30000]: LP
	bnd = 30000.000000
	its = 1
	hyp = 108 / 554
	cut = 550
14138 [0, 30000]: LP
	bnd = 30000.000000
	its = 1
	hyp = 108 / 554
	cut = 562
14438 [0, 30000]: LP
	bnd = 30000.000000
	its = 1
	hyp = 108 / 554
	cut = 574
14736 [0, 30000]: LP
	bnd = 30000.000000
	its = 1
	hyp = 108 / 554
	cut = 586
15038 [0, 30000]: LP
	bnd = 30000.000000
	its = 1
	hyp = 108 / 554
	cut = 598
15337 [0, 30000]: LP
	bnd = 30000.000000
	its = 1
	hyp = 108 / 554
	cut = 610
15636 [0, 30000]: LP
	bnd = 30000.000000
	its = 1
	hyp = 108 / 554
	cut = 622
15697 [30000, 30000]: HEURISTIC 3
