hypergraph with 10302 vertices and 491941 hyperarcs generated in 1482
1726 [0, 30000]: LP
	bnd = 30000.000000
	its = 13
	hyp = 111 / 142
	cut = 0
2533 [0, 30000]: LP
	bnd = 30000.000000
	its = 7
	hyp = 110 / 361
	cut = 11
2958 [0, 30000]: LP
	bnd = 30000.000000
	its = 3
	hyp = 133 / 408
	cut = 21
3392 [0, 30000]: LP
	bnd = 30000.000000
	its = 3
	hyp = 160 / 460
	cut = 35
3644 [0, 30000]: LP
	bnd = 30000.000000
	its = 1
	hyp = 196 / 460
	cut = 49
3982 [0, 30000]: LP
	bnd = 30000.000000
	its = 2
	hyp = 191 / 490
	cut = 63
4248 [0, 30000]: LP
	bnd = 30000.000000
	its = 1
	hyp = 129 / 490
	cut = 77
4510 [0, 30000]: LP
	bnd = 30000.000000
	its = 1
	hyp = 194 / 490
	cut = 91
4848 [0, 30000]: LP
	bnd = 30000.000000
	its = 2
	hyp = 127 / 556
	cut = 104
5149 [0, 30000]: LP
	bnd = 30000.000000
	its = 1
	hyp = 176 / 556
	cut = 117
5518 [0, 30000]: LP
	bnd = 30000.000000
	its = 2
	hyp = 122 / 590
	cut = 130
5755 [0, 30000]: LP
	bnd = 30000.000000
	its = 1
	hyp = 149 / 590
	cut = 143
6050 [0, 30000]: LP
	bnd = 30000.000000
	its = 1
	hyp = 128 / 590
	cut = 156
6347 [0, 30000]: LP
	bnd = 30000.000000
	its = 1
	hyp = 122 / 590
	cut = 169
6729 [0, 30000]: LP
	bnd = 30000.000000
	its = 2
	hyp = 162 / 632
	cut = 182
7007 [0, 30000]: LP
	bnd = 30000.000000
	its = 1
	hyp = 110 / 632
	cut = 195
7399 [0, 30000]: LP
	bnd = 30000.000000
	its = 2
	hyp = 160 / 679
	cut = 207
7707 [0, 30000]: LP
	bnd = 30000.000000
	its = 1
	hyp = 182 / 679
	cut = 218
8083 [0, 30000]: LP
	bnd = 30000.000000
	its = 2
	hyp = 110 / 711
	cut = 228
8387 [0, 30000]: LP
	bnd = 30000.000000
	its = 1
	hyp = 110 / 711
	cut = 238
8681 [0, 30000]: LP
	bnd = 30000.000000
	its = 1
	hyp = 251 / 711
	cut = 248
9198 [0, 30000]: LP
	bnd = 30000.000000
	its = 3
	hyp = 230 / 758
	cut = 260
9487 [0, 30000]: LP
	bnd = 30000.000000
	its = 1
	hyp = 140 / 758
	cut = 272
9888 [0, 30000]: LP
	bnd = 30000.000000
	its = 2
	hyp = 176 / 860
	cut = 284
10202 [0, 30000]: LP
	bnd = 30000.000000
	its = 1
	hyp = 296 / 860
	cut = 297
10486 [0, 30000]: LP
	bnd = 30000.000000
	its = 1
	hyp = 235 / 860
	cut = 309
11008 [0, 30000]: LP
	bnd = 30000.000000
	its = 3
	hyp = 268 / 966
	cut = 321
11338 [0, 30000]: LP
	bnd = 30000.000000
	its = 1
	hyp = 327 / 966
	cut = 333
11639 [0, 30000]: LP
	bnd = 30000.000000
	its = 1
	hyp = 275 / 966
	cut = 346
12051 [0, 30000]: LP
	bnd = 30000.000000
	its = 2
	hyp = 256 / 1034
	cut = 359
12350 [0, 30000]: LP
	bnd = 30000.000000
	its = 1
	hyp = 319 / 1034
	cut = 372
12385 [30000, 30000]: HEURISTIC 3
