hypergraph with 8961 vertices and 312081 hyperarcs generated in 117
263 [0, 29701]: LP
	bnd = 29701.000000
	its = 7
	hyp = 78 / 88
	cut = 0
266 [0, 29701]: HEURISTIC 3
267 [0, 29701]: LABEL
	tot = 61
	max = 1
268 [0, 29671]: LABEL
	tot = 61
	max = 1
271 [0, 29641]: LABEL
	tot = 89
	max = 2
273 [0, 29611]: LABEL
	tot = 109
	max = 2
275 [0, 29582]: LABEL
	tot = 175
	max = 2
278 [0, 29552]: LABEL
	tot = 189
	max = 2
281 [0, 29523]: LABEL
	tot = 234
	max = 2
285 [0, 29493]: LABEL
	tot = 289
	max = 2
289 [0, 29464]: LABEL
	tot = 363
	max = 3
295 [0, 29434]: LABEL
	tot = 434
	max = 4
301 [0, 29405]: LABEL
	tot = 482
	max = 4
309 [0, 29375]: LABEL
	tot = 540
	max = 4
318 [0, 29346]: LABEL
	tot = 650
	max = 4
328 [0, 29317]: LABEL
	tot = 789
	max = 4
340 [0, 29287]: LABEL
	tot = 900
	max = 5
353 [0, 29258]: LABEL
	tot = 999
	max = 5
368 [0, 29229]: LABEL
	tot = 1107
	max = 6
386 [0, 29200]: LABEL
	tot = 1276
	max = 7
406 [0, 29170]: LABEL
	tot = 1484
	max = 7
430 [0, 29141]: LABEL
	tot = 1637
	max = 7
456 [0, 29112]: LABEL
	tot = 1812
	max = 7
485 [0, 29083]: LABEL
	tot = 2084
	max = 7
519 [0, 29054]: LABEL
	tot = 2350
	max = 7
556 [0, 29025]: LABEL
	tot = 2591
	max = 9
599 [29001, 29001]: LABEL
	tot = 2848
	max = 9
