hypergraph with 9743 vertices and 334299 hyperarcs generated in 105
872 [0, 27855]: LP
	bnd = 27855.642578
	its = 36
	hyp = 205 / 583
	cut = 0
875 [0, 27855]: HEURISTIC 3
878 [0, 27855]: LABEL
	tot = 144
	max = 1
881 [0, 27827]: LABEL
	tot = 198
	max = 1
887 [0, 27799]: LABEL
	tot = 487
	max = 2
895 [0, 27772]: LABEL
	tot = 694
	max = 3
906 [0, 27744]: LABEL
	tot = 946
	max = 4
920 [0, 27716]: LABEL
	tot = 1281
	max = 5
937 [0, 27688]: LABEL
	tot = 1568
	max = 7
958 [0, 27661]: LABEL
	tot = 2022
	max = 8
984 [0, 27633]: LABEL
	tot = 2464
	max = 8
1015 [0, 27605]: LABEL
	tot = 2917
	max = 14
1051 [0, 27578]: LABEL
	tot = 3343
	max = 14
1093 [0, 27550]: LABEL
	tot = 3827
	max = 16
1143 [0, 27523]: LABEL
	tot = 4496
	max = 19
1198 [0, 27495]: LABEL
	tot = 5081
	max = 26
1262 [0, 27468]: LABEL
	tot = 5760
	max = 30
1337 [0, 27440]: LABEL
	tot = 6652
	max = 37
1423 [25654, 27413]: LABEL
	tot = 7642
	max = 39
1521 [25654, 27385]: LABEL
	tot = 8657
	max = 52
1633 [25654, 27358]: LABEL
	tot = 9829
	max = 69
1757 [25654, 27331]: LABEL
	tot = 11018
	max = 82
1899 [25701, 27303]: LABEL
	tot = 12481
	max = 98
2018 [25701, 27303]: LP
	bnd = 27703.787109
	its = 37
	hyp = 288 / 1205
	cut = 17
	restart
2143 [25701, 27276]: LABEL
	tot = 8058
	max = 38
2270 [25701, 27249]: LABEL
	tot = 9078
	max = 47
2405 [25701, 27221]: LABEL
	tot = 10267
	max = 52
2557 [25701, 27194]: LABEL
	tot = 11728
	max = 63
2725 [25701, 27167]: LABEL
	tot = 13343
	max = 73
2910 [26164, 27140]: LABEL
	tot = 14881
	max = 81
3113 [26164, 27113]: LABEL
	tot = 16650
	max = 86
3160 [26164, 27113]: LP
	bnd = 27647.230469
	its = 34
	hyp = 324 / 1520
	cut = 35
	restart
3386 [26164, 27086]: LABEL
	tot = 19669
	max = 113
3637 [26164, 27059]: LABEL
	tot = 21918
	max = 113
3916 [26164, 27031]: LABEL
	tot = 24472
	max = 137
4133 [26164, 27031]: LP
	bnd = 27597.673828
	its = 27
	hyp = 368 / 1709
	cut = 53
	restart
4376 [26496, 27004]: LABEL
	tot = 19561
	max = 124
4645 [26496, 26977]: LABEL
	tot = 21960
	max = 147
4943 [26496, 26950]: LABEL
	tot = 24607
	max = 177
5275 [26616, 26924]: LABEL
	tot = 27430
	max = 199
5642 [26616, 26897]: LABEL
	tot = 30565
	max = 218
5822 [26616, 26897]: LP
	bnd = 27522.882812
	its = 46
	hyp = 421 / 1970
	cut = 71
	restart
6213 [26616, 26870]: LABEL
	tot = 32116
	max = 197
6650 [26616, 26843]: LABEL
	tot = 36357
	max = 240
6935 [26616, 26843]: LP
	bnd = 27476.619141
	its = 26
	hyp = 516 / 2119
	cut = 89
	restart
7351 [26616, 26816]: LABEL
	tot = 35294
	max = 244
7813 [26616, 26789]: LABEL
	tot = 39804
	max = 274
8328 [26616, 26762]: LABEL
	tot = 44636
	max = 310
8727 [26616, 26762]: LP
	bnd = 27446.478516
	its = 43
	hyp = 659 / 2310
	cut = 107
	restart
9243 [26616, 26736]: LABEL
	tot = 45990
	max = 365
9813 [26616, 26709]: LABEL
	tot = 51593
	max = 435
10451 [26616, 26682]: LABEL
	tot = 57486
	max = 480
11163 [26616, 26655]: LABEL
	tot = 64471
	max = 550
11217 [26616, 26655]: LP
	bnd = 27409.804688
	its = 52
	hyp = 605 / 2657
	cut = 125
	restart
11913 [26616, 26629]: LABEL
	tot = 61663
	max = 481
12659 [26616, 26616]: LABEL
	tot = 65241
	max = 524
