hypergraph with 10802 vertices and 490799 hyperarcs generated in 1170
4530 [0, 30000]: LP
	bnd = 30000.000000
	its = 24
	hyp = 230 / 350
	cut = 0
9950 [0, 30000]: LP
	bnd = 30000.000000
	its = 35
	hyp = 353 / 1217
	cut = 49
12340 [0, 30000]: LP
	bnd = 30000.000000
	its = 13
	hyp = 390 / 1479
	cut = 107
14868 [0, 30000]: LP
	bnd = 30000.000000
	its = 12
	hyp = 525 / 1737
	cut = 174
17507 [0, 30000]: LP
	bnd = 30000.000000
	its = 12
	hyp = 427 / 1979
	cut = 243
20058 [0, 30000]: LP
	bnd = 30000.000000
	its = 10
	hyp = 507 / 2178
	cut = 315
22034 [0, 30000]: LP
	bnd = 30000.000000
	its = 5
	hyp = 586 / 2280
	cut = 386
23588 [0, 30000]: LP
	bnd = 30000.000000
	its = 4
	hyp = 480 / 2331
	cut = 458
25003 [30000, 30000]: HEURISTIC 3
