hypergraph with 10302 vertices and 492530 hyperarcs generated in 1792
1420 [0, 30000]: LP
	bnd = 30000.000000
	its = 9
	hyp = 104 / 109
	cut = 0
2135 [0, 30000]: LP
	bnd = 30000.000000
	its = 6
	hyp = 106 / 280
	cut = 12
2382 [0, 30000]: LP
	bnd = 30000.000000
	its = 1
	hyp = 102 / 280
	cut = 25
2710 [0, 30000]: LP
	bnd = 30000.000000
	its = 2
	hyp = 91 / 300
	cut = 39
2953 [0, 30000]: LP
	bnd = 30000.000000
	its = 1
	hyp = 103 / 300
	cut = 56
3323 [0, 30000]: LP
	bnd = 30000.000000
	its = 2
	hyp = 101 / 330
	cut = 71
3663 [0, 30000]: LP
	bnd = 30000.000000
	its = 2
	hyp = 125 / 353
	cut = 86
4013 [0, 30000]: LP
	bnd = 30000.000000
	its = 2
	hyp = 150 / 379
	cut = 101
4454 [0, 30000]: LP
	bnd = 30000.000000
	its = 3
	hyp = 156 / 441
	cut = 116
4701 [0, 30000]: LP
	bnd = 30000.000000
	its = 1
	hyp = 143 / 441
	cut = 131
5137 [0, 30000]: LP
	bnd = 30000.000000
	its = 3
	hyp = 177 / 497
	cut = 146
5430 [0, 30000]: LP
	bnd = 30000.000000
	its = 1
	hyp = 190 / 497
	cut = 163
5894 [0, 30000]: LP
	bnd = 30000.000000
	its = 3
	hyp = 172 / 542
	cut = 180
6262 [0, 30000]: LP
	bnd = 30000.000000
	its = 2
	hyp = 185 / 575
	cut = 197
6674 [0, 30000]: LP
	bnd = 30000.000000
	its = 2
	hyp = 146 / 616
	cut = 214
6979 [0, 30000]: LP
	bnd = 30000.000000
	its = 1
	hyp = 148 / 616
	cut = 230
7254 [0, 30000]: LP
	bnd = 30000.000000
	its = 1
	hyp = 131 / 616
	cut = 246
7561 [0, 30000]: LP
	bnd = 30000.000000
	its = 1
	hyp = 130 / 616
	cut = 262
7940 [0, 30000]: LP
	bnd = 30000.000000
	its = 2
	hyp = 145 / 646
	cut = 278
8210 [0, 30000]: LP
	bnd = 30000.000000
	its = 1
	hyp = 140 / 646
	cut = 294
8470 [0, 30000]: LP
	bnd = 30000.000000
	its = 1
	hyp = 151 / 646
	cut = 309
8741 [0, 30000]: LP
	bnd = 30000.000000
	its = 1
	hyp = 190 / 646
	cut = 325
9058 [0, 30000]: LP
	bnd = 30000.000000
	its = 1
	hyp = 219 / 646
	cut = 342
9501 [0, 30000]: LP
	bnd = 30000.000000
	its = 2
	hyp = 182 / 673
	cut = 358
9790 [0, 30000]: LP
	bnd = 30000.000000
	its = 1
	hyp = 89 / 673
	cut = 374
10087 [0, 30000]: LP
	bnd = 30000.000000
	its = 1
	hyp = 85 / 673
	cut = 389
10381 [0, 30000]: LP
	bnd = 30000.000000
	its = 1
	hyp = 85 / 673
	cut = 404
10677 [0, 30000]: LP
	bnd = 30000.000000
	its = 1
	hyp = 85 / 673
	cut = 419
10976 [0, 30000]: LP
	bnd = 30000.000000
	its = 1
	hyp = 85 / 673
	cut = 434
11273 [0, 30000]: LP
	bnd = 30000.000000
	its = 1
	hyp = 85 / 673
	cut = 449
11596 [0, 30000]: LP
	bnd = 30000.000000
	its = 1
	hyp = 86 / 673
	cut = 464
11904 [0, 30000]: LP
	bnd = 30000.000000
	its = 1
	hyp = 90 / 673
	cut = 478
12187 [0, 30000]: LP
	bnd = 30000.000000
	its = 1
	hyp = 83 / 673
	cut = 492
12469 [0, 30000]: LP
	bnd = 30000.000000
	its = 1
	hyp = 83 / 673
	cut = 506
12748 [0, 30000]: LP
	bnd = 30000.000000
	its = 1
	hyp = 83 / 673
	cut = 520
13035 [0, 30000]: LP
	bnd = 30000.000000
	its = 1
	hyp = 93 / 673
	cut = 534
13077 [30000, 30000]: HEURISTIC 3
