hypergraph with 10802 vertices and 487579 hyperarcs generated in 1230
4230 [0, 30000]: LP
	bnd = 30000.000000
	its = 21
	hyp = 184 / 224
	cut = 0
7284 [0, 30000]: LP
	bnd = 30000.000000
	its = 19
	hyp = 282 / 788
	cut = 45
9629 [0, 30000]: LP
	bnd = 30000.000000
	its = 13
	hyp = 396 / 1130
	cut = 103
11183 [0, 30000]: LP
	bnd = 30000.000000
	its = 7
	hyp = 316 / 1330
	cut = 165
12687 [0, 30000]: LP
	bnd = 30000.000000
	its = 6
	hyp = 384 / 1475
	cut = 232
13878 [0, 30000]: LP
	bnd = 30000.000000
	its = 4
	hyp = 395 / 1550
	cut = 302
15222 [0, 30000]: LP
	bnd = 30000.000000
	its = 4
	hyp = 338 / 1621
	cut = 371
15902 [0, 30000]: LP
	bnd = 30000.000000
	its = 1
	hyp = 227 / 1621
	cut = 444
16799 [0, 30000]: LP
	bnd = 30000.000000
	its = 2
	hyp = 240 / 1662
	cut = 517
18110 [0, 30000]: LP
	bnd = 30000.000000
	its = 3
	hyp = 339 / 1745
	cut = 590
19425 [0, 30000]: LP
	bnd = 30000.000000
	its = 3
	hyp = 410 / 1781
	cut = 665
20211 [0, 30000]: LP
	bnd = 30000.000000
	its = 1
	hyp = 311 / 1781
	cut = 738
21296 [0, 30000]: LP
	bnd = 30000.000000
	its = 2
	hyp = 328 / 1817
	cut = 813
22325 [0, 30000]: LP
	bnd = 30000.000000
	its = 1
	hyp = 405 / 1817
	cut = 891
23731 [30000, 30000]: HEURISTIC 3
