hypergraph with 9607 vertices and 376033 hyperarcs generated in 184
985 [0, 29974]: LP
	bnd = 29974.326172
	its = 29
	hyp = 156 / 276
	cut = 0
988 [0, 29974]: HEURISTIC 3
990 [0, 29974]: LABEL
	tot = 32
	max = 1
994 [0, 29944]: LABEL
	tot = 128
	max = 2
1000 [0, 29914]: LABEL
	tot = 215
	max = 2
1011 [0, 29884]: LABEL
	tot = 356
	max = 2
1025 [0, 29854]: LABEL
	tot = 506
	max = 3
1048 [0, 29824]: LABEL
	tot = 746
	max = 4
1081 [0, 29794]: LABEL
	tot = 1118
	max = 5
1128 [0, 29765]: LABEL
	tot = 1653
	max = 5
1192 [0, 29735]: LABEL
	tot = 2300
	max = 9
1277 [0, 29705]: LABEL
	tot = 3163
	max = 13
1391 [0, 29675]: LABEL
	tot = 4355
	max = 16
1542 [0, 29646]: LABEL
	tot = 5944
	max = 19
1738 [0, 29616]: LABEL
	tot = 7941
	max = 24
1988 [29518, 29586]: LABEL
	tot = 10524
	max = 35
2107 [29518, 29586]: LP
	bnd = 29902.748047
	its = 30
	hyp = 168 / 665
	cut = 19
	restart
2346 [29518, 29557]: LABEL
	tot = 9575
	max = 32
2647 [29518, 29527]: LABEL
	tot = 12708
	max = 38
2975 [29518, 29518]: LABEL
	tot = 13996
	max = 40
