hypergraph with 10802 vertices and 491577 hyperarcs generated in 2544
2874 [0, 30000]: LP
	bnd = 30000.000000
	its = 11
	hyp = 94 / 116
	cut = 0
3653 [0, 30000]: LP
	bnd = 30000.000000
	its = 3
	hyp = 70 / 187
	cut = 9
4110 [0, 30000]: LP
	bnd = 30000.000000
	its = 1
	hyp = 89 / 187
	cut = 20
4695 [0, 30000]: LP
	bnd = 30000.000000
	its = 2
	hyp = 96 / 216
	cut = 36
5172 [0, 30000]: LP
	bnd = 30000.000000
	its = 1
	hyp = 91 / 216
	cut = 52
5596 [0, 30000]: LP
	bnd = 30000.000000
	its = 1
	hyp = 87 / 216
	cut = 69
6367 [0, 30000]: LP
	bnd = 30000.000000
	its = 3
	hyp = 97 / 251
	cut = 86
6816 [0, 30000]: LP
	bnd = 30000.000000
	its = 1
	hyp = 96 / 251
	cut = 103
7254 [0, 30000]: LP
	bnd = 30000.000000
	its = 1
	hyp = 95 / 251
	cut = 121
7750 [0, 30000]: LP
	bnd = 30000.000000
	its = 1
	hyp = 102 / 251
	cut = 138
8180 [0, 30000]: LP
	bnd = 30000.000000
	its = 1
	hyp = 99 / 251
	cut = 154
8615 [0, 30000]: LP
	bnd = 30000.000000
	its = 1
	hyp = 80 / 251
	cut = 170
9061 [0, 30000]: LP
	bnd = 30000.000000
	its = 1
	hyp = 97 / 251
	cut = 186
9503 [0, 30000]: LP
	bnd = 30000.000000
	its = 1
	hyp = 115 / 251
	cut = 202
9940 [0, 30000]: LP
	bnd = 30000.000000
	its = 1
	hyp = 98 / 251
	cut = 218
10375 [0, 30000]: LP
	bnd = 30000.000000
	its = 1
	hyp = 98 / 251
	cut = 234
10797 [0, 30000]: LP
	bnd = 30000.000000
	its = 1
	hyp = 97 / 251
	cut = 250
11219 [0, 30000]: LP
	bnd = 30000.000000
	its = 1
	hyp = 97 / 251
	cut = 266
11646 [0, 30000]: LP
	bnd = 30000.000000
	its = 1
	hyp = 97 / 251
	cut = 282
12071 [0, 30000]: LP
	bnd = 30000.000000
	its = 1
	hyp = 97 / 251
	cut = 298
12498 [0, 30000]: LP
	bnd = 30000.000000
	its = 1
	hyp = 97 / 251
	cut = 314
12920 [0, 30000]: LP
	bnd = 30000.000000
	its = 1
	hyp = 97 / 251
	cut = 330
13363 [0, 30000]: LP
	bnd = 30000.000000
	its = 1
	hyp = 97 / 251
	cut = 347
13815 [0, 30000]: LP
	bnd = 30000.000000
	its = 1
	hyp = 97 / 251
	cut = 364
14263 [0, 30000]: LP
	bnd = 30000.000000
	its = 1
	hyp = 97 / 251
	cut = 381
14711 [0, 30000]: LP
	bnd = 30000.000000
	its = 1
	hyp = 97 / 251
	cut = 398
15167 [0, 30000]: LP
	bnd = 30000.000000
	its = 1
	hyp = 97 / 251
	cut = 415
15615 [0, 30000]: LP
	bnd = 30000.000000
	its = 1
	hyp = 97 / 251
	cut = 432
16040 [0, 30000]: LP
	bnd = 30000.000000
	its = 1
	hyp = 97 / 251
	cut = 449
16464 [0, 30000]: LP
	bnd = 30000.000000
	its = 1
	hyp = 97 / 251
	cut = 466
16887 [0, 30000]: LP
	bnd = 30000.000000
	its = 1
	hyp = 97 / 251
	cut = 483
17312 [0, 30000]: LP
	bnd = 30000.000000
	its = 1
	hyp = 97 / 251
	cut = 500
17743 [0, 30000]: LP
	bnd = 30000.000000
	its = 1
	hyp = 97 / 251
	cut = 517
18196 [0, 30000]: LP
	bnd = 30000.000000
	its = 1
	hyp = 102 / 251
	cut = 534
18626 [0, 30000]: LP
	bnd = 30000.000000
	its = 1
	hyp = 78 / 251
	cut = 551
19055 [0, 30000]: LP
	bnd = 30000.000000
	its = 1
	hyp = 78 / 251
	cut = 567
19483 [0, 30000]: LP
	bnd = 30000.000000
	its = 1
	hyp = 78 / 251
	cut = 583
19914 [0, 30000]: LP
	bnd = 30000.000000
	its = 1
	hyp = 78 / 251
	cut = 599
20343 [0, 30000]: LP
	bnd = 30000.000000
	its = 1
	hyp = 78 / 251
	cut = 615
20774 [0, 30000]: LP
	bnd = 30000.000000
	its = 1
	hyp = 78 / 251
	cut = 631
21215 [0, 30000]: LP
	bnd = 30000.000000
	its = 1
	hyp = 78 / 251
	cut = 647
21645 [0, 30000]: LP
	bnd = 30000.000000
	its = 1
	hyp = 78 / 251
	cut = 663
22074 [0, 30000]: LP
	bnd = 30000.000000
	its = 1
	hyp = 78 / 251
	cut = 679
22503 [0, 30000]: LP
	bnd = 30000.000000
	its = 1
	hyp = 78 / 251
	cut = 695
22932 [0, 30000]: LP
	bnd = 30000.000000
	its = 1
	hyp = 78 / 251
	cut = 711
23361 [0, 30000]: LP
	bnd = 30000.000000
	its = 1
	hyp = 78 / 251
	cut = 727
23790 [0, 30000]: LP
	bnd = 30000.000000
	its = 1
	hyp = 78 / 251
	cut = 743
24221 [0, 30000]: LP
	bnd = 30000.000000
	its = 1
	hyp = 78 / 251
	cut = 759
24652 [0, 30000]: LP
	bnd = 30000.000000
	its = 1
	hyp = 78 / 251
	cut = 775
25082 [0, 30000]: LP
	bnd = 30000.000000
	its = 1
	hyp = 78 / 251
	cut = 791
25511 [0, 30000]: LP
	bnd = 30000.000000
	its = 1
	hyp = 78 / 251
	cut = 807
25943 [0, 30000]: LP
	bnd = 30000.000000
	its = 1
	hyp = 78 / 251
	cut = 823
26373 [0, 30000]: LP
	bnd = 30000.000000
	its = 1
	hyp = 78 / 251
	cut = 839
26803 [0, 30000]: LP
	bnd = 30000.000000
	its = 1
	hyp = 78 / 251
	cut = 855
27233 [0, 30000]: LP
	bnd = 30000.000000
	its = 1
	hyp = 78 / 251
	cut = 871
27663 [0, 30000]: LP
	bnd = 30000.000000
	its = 1
	hyp = 78 / 251
	cut = 887
28092 [0, 30000]: LP
	bnd = 30000.000000
	its = 1
	hyp = 78 / 251
	cut = 903
28521 [0, 30000]: LP
	bnd = 30000.000000
	its = 1
	hyp = 78 / 251
	cut = 919
28950 [0, 30000]: LP
	bnd = 30000.000000
	its = 1
	hyp = 78 / 251
	cut = 935
29379 [0, 30000]: LP
	bnd = 30000.000000
	its = 1
	hyp = 78 / 251
	cut = 951
29808 [0, 30000]: LP
	bnd = 30000.000000
	its = 1
	hyp = 78 / 251
	cut = 967
30239 [0, 30000]: LP
	bnd = 30000.000000
	its = 1
	hyp = 78 / 251
	cut = 983
30670 [0, 30000]: LP
	bnd = 30000.000000
	its = 1
	hyp = 78 / 251
	cut = 999
31101 [0, 30000]: LP
	bnd = 30000.000000
	its = 1
	hyp = 78 / 251
	cut = 1015
31531 [0, 30000]: LP
	bnd = 30000.000000
	its = 1
	hyp = 78 / 251
	cut = 1030
31961 [0, 30000]: LP
	bnd = 30000.000000
	its = 1
	hyp = 78 / 251
	cut = 1045
32391 [0, 30000]: LP
	bnd = 30000.000000
	its = 1
	hyp = 78 / 251
	cut = 1060
32823 [0, 30000]: LP
	bnd = 30000.000000
	its = 1
	hyp = 78 / 251
	cut = 1075
33255 [0, 30000]: LP
	bnd = 30000.000000
	its = 1
	hyp = 78 / 251
	cut = 1090
33689 [0, 30000]: LP
	bnd = 30000.000000
	its = 1
	hyp = 78 / 251
	cut = 1105
33839 [30000, 30000]: HEURISTIC 3
