hypergraph with 10302 vertices and 460211 hyperarcs generated in 1156
1450 [0, 30000]: LP
	bnd = 30000.000000
	its = 10
	hyp = 115 / 115
	cut = 0
2666 [0, 30000]: LP
	bnd = 30000.000000
	its = 12
	hyp = 101 / 437
	cut = 16
3430 [0, 30000]: LP
	bnd = 30000.000000
	its = 7
	hyp = 101 / 543
	cut = 32
3851 [0, 30000]: LP
	bnd = 30000.000000
	its = 3
	hyp = 109 / 580
	cut = 49
4106 [0, 30000]: LP
	bnd = 30000.000000
	its = 1
	hyp = 122 / 580
	cut = 66
4662 [0, 30000]: LP
	bnd = 30000.000000
	its = 4
	hyp = 173 / 640
	cut = 82
4944 [0, 30000]: LP
	bnd = 30000.000000
	its = 1
	hyp = 141 / 640
	cut = 99
5398 [0, 30000]: LP
	bnd = 30000.000000
	its = 3
	hyp = 136 / 689
	cut = 116
5694 [0, 30000]: LP
	bnd = 30000.000000
	its = 1
	hyp = 40 / 689
	cut = 134
5983 [0, 30000]: LP
	bnd = 30000.000000
	its = 1
	hyp = 40 / 689
	cut = 152
6201 [30000, 30000]: HEURISTIC 3
