hypergraph with 9413 vertices and 383406 hyperarcs generated in 196
671 [0, 29876]: LP
	bnd = 29876.658203
	its = 18
	hyp = 109 / 196
	cut = 0
676 [0, 29876]: HEURISTIC 3
679 [0, 29876]: LABEL
	tot = 61
	max = 2
682 [0, 29846]: LABEL
	tot = 130
	max = 2
687 [0, 29816]: LABEL
	tot = 201
	max = 4
694 [0, 29787]: LABEL
	tot = 282
	max = 4
703 [0, 29757]: LABEL
	tot = 361
	max = 4
714 [0, 29727]: LABEL
	tot = 466
	max = 4
729 [0, 29697]: LABEL
	tot = 609
	max = 6
749 [29523, 29668]: LABEL
	tot = 838
	max = 6
773 [29523, 29638]: LABEL
	tot = 1078
	max = 7
805 [29523, 29608]: LABEL
	tot = 1417
	max = 8
844 [29523, 29579]: LABEL
	tot = 1758
	max = 11
893 [29523, 29549]: LABEL
	tot = 2176
	max = 13
957 [29523, 29523]: LABEL
	tot = 2789
	max = 16
