hypergraph with 10302 vertices and 488313 hyperarcs generated in 1560
1277 [0, 30000]: LP
	bnd = 30000.000000
	its = 7
	hyp = 84 / 91
	cut = 0
1522 [0, 30000]: LP
	bnd = 30000.000000
	its = 1
	hyp = 51 / 91
	cut = 4
1926 [0, 30000]: LP
	bnd = 30000.000000
	its = 3
	hyp = 83 / 195
	cut = 8
2147 [0, 30000]: LP
	bnd = 30000.000000
	its = 1
	hyp = 66 / 195
	cut = 16
2489 [0, 30000]: LP
	bnd = 30000.000000
	its = 2
	hyp = 63 / 245
	cut = 24
2710 [0, 30000]: LP
	bnd = 30000.000000
	its = 1
	hyp = 63 / 245
	cut = 32
2929 [0, 30000]: LP
	bnd = 30000.000000
	its = 1
	hyp = 63 / 245
	cut = 40
3153 [0, 30000]: LP
	bnd = 30000.000000
	its = 1
	hyp = 63 / 245
	cut = 48
3377 [0, 30000]: LP
	bnd = 30000.000000
	its = 1
	hyp = 63 / 245
	cut = 56
3601 [0, 30000]: LP
	bnd = 30000.000000
	its = 1
	hyp = 63 / 245
	cut = 64
3825 [0, 30000]: LP
	bnd = 30000.000000
	its = 1
	hyp = 63 / 245
	cut = 72
4049 [0, 30000]: LP
	bnd = 30000.000000
	its = 1
	hyp = 63 / 245
	cut = 80
4274 [0, 30000]: LP
	bnd = 30000.000000
	its = 1
	hyp = 63 / 245
	cut = 88
4498 [0, 30000]: LP
	bnd = 30000.000000
	its = 1
	hyp = 63 / 245
	cut = 96
4718 [0, 30000]: LP
	bnd = 30000.000000
	its = 1
	hyp = 63 / 245
	cut = 104
4938 [0, 30000]: LP
	bnd = 30000.000000
	its = 1
	hyp = 63 / 245
	cut = 112
5158 [0, 30000]: LP
	bnd = 30000.000000
	its = 1
	hyp = 63 / 245
	cut = 120
5380 [0, 30000]: LP
	bnd = 30000.000000
	its = 1
	hyp = 63 / 245
	cut = 128
5600 [0, 30000]: LP
	bnd = 30000.000000
	its = 1
	hyp = 63 / 245
	cut = 136
5820 [0, 30000]: LP
	bnd = 30000.000000
	its = 1
	hyp = 63 / 245
	cut = 144
6041 [0, 30000]: LP
	bnd = 30000.000000
	its = 1
	hyp = 63 / 245
	cut = 152
6260 [0, 30000]: LP
	bnd = 30000.000000
	its = 1
	hyp = 63 / 245
	cut = 160
6481 [0, 30000]: LP
	bnd = 30000.000000
	its = 1
	hyp = 63 / 245
	cut = 168
6701 [0, 30000]: LP
	bnd = 30000.000000
	its = 1
	hyp = 63 / 245
	cut = 176
6923 [0, 30000]: LP
	bnd = 30000.000000
	its = 1
	hyp = 63 / 245
	cut = 184
7143 [0, 30000]: LP
	bnd = 30000.000000
	its = 1
	hyp = 63 / 245
	cut = 192
7364 [0, 30000]: LP
	bnd = 30000.000000
	its = 1
	hyp = 63 / 245
	cut = 200
7584 [0, 30000]: LP
	bnd = 30000.000000
	its = 1
	hyp = 63 / 245
	cut = 208
7804 [0, 30000]: LP
	bnd = 30000.000000
	its = 1
	hyp = 63 / 245
	cut = 216
8024 [0, 30000]: LP
	bnd = 30000.000000
	its = 1
	hyp = 63 / 245
	cut = 224
8245 [0, 30000]: LP
	bnd = 30000.000000
	its = 1
	hyp = 63 / 245
	cut = 232
8465 [0, 30000]: LP
	bnd = 30000.000000
	its = 1
	hyp = 63 / 245
	cut = 240
8685 [0, 30000]: LP
	bnd = 30000.000000
	its = 1
	hyp = 63 / 245
	cut = 248
8905 [0, 30000]: LP
	bnd = 30000.000000
	its = 1
	hyp = 63 / 245
	cut = 256
9125 [0, 30000]: LP
	bnd = 30000.000000
	its = 1
	hyp = 63 / 245
	cut = 264
9345 [0, 30000]: LP
	bnd = 30000.000000
	its = 1
	hyp = 63 / 245
	cut = 272
9567 [0, 30000]: LP
	bnd = 30000.000000
	its = 1
	hyp = 63 / 245
	cut = 280
9788 [0, 30000]: LP
	bnd = 30000.000000
	its = 1
	hyp = 63 / 245
	cut = 288
10008 [0, 30000]: LP
	bnd = 30000.000000
	its = 1
	hyp = 63 / 245
	cut = 296
10228 [0, 30000]: LP
	bnd = 30000.000000
	its = 1
	hyp = 63 / 245
	cut = 304
10449 [0, 30000]: LP
	bnd = 30000.000000
	its = 1
	hyp = 63 / 245
	cut = 312
10669 [0, 30000]: LP
	bnd = 30000.000000
	its = 1
	hyp = 63 / 245
	cut = 320
10890 [0, 30000]: LP
	bnd = 30000.000000
	its = 1
	hyp = 63 / 245
	cut = 328
11110 [0, 30000]: LP
	bnd = 30000.000000
	its = 1
	hyp = 63 / 245
	cut = 336
11330 [0, 30000]: LP
	bnd = 30000.000000
	its = 1
	hyp = 63 / 245
	cut = 344
11550 [0, 30000]: LP
	bnd = 30000.000000
	its = 1
	hyp = 63 / 245
	cut = 352
11770 [0, 30000]: LP
	bnd = 30000.000000
	its = 1
	hyp = 63 / 245
	cut = 360
11990 [0, 30000]: LP
	bnd = 30000.000000
	its = 1
	hyp = 63 / 245
	cut = 368
12153 [30000, 30000]: HEURISTIC 3
