hypergraph with 10802 vertices and 488512 hyperarcs generated in 2456
2583 [0, 30000]: LP
	bnd = 30000.000000
	its = 9
	hyp = 77 / 81
	cut = 0
3557 [0, 30000]: LP
	bnd = 30000.000000
	its = 5
	hyp = 59 / 138
	cut = 7
3961 [0, 30000]: LP
	bnd = 30000.000000
	its = 1
	hyp = 52 / 138
	cut = 11
4480 [0, 30000]: LP
	bnd = 30000.000000
	its = 2
	hyp = 90 / 156
	cut = 15
5025 [0, 30000]: LP
	bnd = 30000.000000
	its = 2
	hyp = 79 / 177
	cut = 26
5701 [0, 30000]: LP
	bnd = 30000.000000
	its = 3
	hyp = 77 / 216
	cut = 37
6108 [0, 30000]: LP
	bnd = 30000.000000
	its = 1
	hyp = 92 / 216
	cut = 47
6660 [0, 30000]: LP
	bnd = 30000.000000
	its = 2
	hyp = 100 / 244
	cut = 59
7365 [0, 30000]: LP
	bnd = 30000.000000
	its = 3
	hyp = 114 / 269
	cut = 74
7943 [0, 30000]: LP
	bnd = 30000.000000
	its = 2
	hyp = 122 / 280
	cut = 90
8534 [0, 30000]: LP
	bnd = 30000.000000
	its = 2
	hyp = 164 / 297
	cut = 105
8925 [0, 30000]: LP
	bnd = 30000.000000
	its = 1
	hyp = 117 / 297
	cut = 118
9546 [0, 30000]: LP
	bnd = 30000.000000
	its = 2
	hyp = 163 / 331
	cut = 134
10113 [0, 30000]: LP
	bnd = 30000.000000
	its = 2
	hyp = 142 / 348
	cut = 150
10526 [0, 30000]: LP
	bnd = 30000.000000
	its = 1
	hyp = 126 / 348
	cut = 166
10920 [0, 30000]: LP
	bnd = 30000.000000
	its = 1
	hyp = 134 / 348
	cut = 183
11500 [0, 30000]: LP
	bnd = 30000.000000
	its = 2
	hyp = 144 / 375
	cut = 200
11925 [0, 30000]: LP
	bnd = 30000.000000
	its = 1
	hyp = 145 / 375
	cut = 218
12488 [0, 30000]: LP
	bnd = 30000.000000
	its = 2
	hyp = 157 / 392
	cut = 236
13047 [0, 30000]: LP
	bnd = 30000.000000
	its = 2
	hyp = 168 / 425
	cut = 254
13485 [0, 30000]: LP
	bnd = 30000.000000
	its = 1
	hyp = 165 / 425
	cut = 273
13971 [0, 30000]: LP
	bnd = 30000.000000
	its = 1
	hyp = 179 / 425
	cut = 293
14583 [0, 30000]: LP
	bnd = 30000.000000
	its = 2
	hyp = 175 / 474
	cut = 313
15002 [0, 30000]: LP
	bnd = 30000.000000
	its = 1
	hyp = 173 / 474
	cut = 333
15427 [0, 30000]: LP
	bnd = 30000.000000
	its = 1
	hyp = 149 / 474
	cut = 353
15906 [0, 30000]: LP
	bnd = 30000.000000
	its = 1
	hyp = 166 / 474
	cut = 373
16519 [0, 30000]: LP
	bnd = 30000.000000
	its = 2
	hyp = 148 / 501
	cut = 393
16923 [0, 30000]: LP
	bnd = 30000.000000
	its = 1
	hyp = 151 / 501
	cut = 415
17327 [0, 30000]: LP
	bnd = 30000.000000
	its = 1
	hyp = 149 / 501
	cut = 436
17770 [0, 30000]: LP
	bnd = 30000.000000
	its = 1
	hyp = 161 / 501
	cut = 458
18358 [0, 30000]: LP
	bnd = 30000.000000
	its = 2
	hyp = 157 / 526
	cut = 480
18783 [0, 30000]: LP
	bnd = 30000.000000
	its = 1
	hyp = 162 / 526
	cut = 502
19316 [0, 30000]: LP
	bnd = 30000.000000
	its = 1
	hyp = 173 / 526
	cut = 524
19921 [0, 30000]: LP
	bnd = 30000.000000
	its = 2
	hyp = 213 / 554
	cut = 546
20380 [0, 30000]: LP
	bnd = 30000.000000
	its = 1
	hyp = 158 / 554
	cut = 568
21005 [0, 30000]: LP
	bnd = 30000.000000
	its = 2
	hyp = 181 / 574
	cut = 591
21448 [0, 30000]: LP
	bnd = 30000.000000
	its = 1
	hyp = 221 / 574
	cut = 614
22090 [0, 30000]: LP
	bnd = 30000.000000
	its = 2
	hyp = 221 / 614
	cut = 637
22584 [0, 30000]: LP
	bnd = 30000.000000
	its = 1
	hyp = 228 / 614
	cut = 659
23244 [0, 30000]: LP
	bnd = 30000.000000
	its = 2
	hyp = 183 / 654
	cut = 681
23709 [0, 30000]: LP
	bnd = 30000.000000
	its = 1
	hyp = 249 / 654
	cut = 702
24391 [0, 30000]: LP
	bnd = 30000.000000
	its = 2
	hyp = 252 / 694
	cut = 722
24892 [0, 30000]: LP
	bnd = 30000.000000
	its = 1
	hyp = 150 / 694
	cut = 743
25419 [0, 30000]: LP
	bnd = 30000.000000
	its = 1
	hyp = 194 / 694
	cut = 761
26086 [0, 30000]: LP
	bnd = 30000.000000
	its = 2
	hyp = 227 / 744
	cut = 780
26533 [0, 30000]: LP
	bnd = 30000.000000
	its = 1
	hyp = 176 / 744
	cut = 798
27018 [0, 30000]: LP
	bnd = 30000.000000
	its = 1
	hyp = 229 / 744
	cut = 816
27495 [0, 30000]: LP
	bnd = 30000.000000
	its = 1
	hyp = 204 / 744
	cut = 834
27972 [0, 30000]: LP
	bnd = 30000.000000
	its = 1
	hyp = 206 / 744
	cut = 853
28443 [0, 30000]: LP
	bnd = 30000.000000
	its = 1
	hyp = 221 / 744
	cut = 874
28932 [0, 30000]: LP
	bnd = 30000.000000
	its = 1
	hyp = 251 / 744
	cut = 896
29508 [0, 30000]: LP
	bnd = 30000.000000
	its = 1
	hyp = 279 / 744
	cut = 918
29570 [30000, 30000]: HEURISTIC 3
