hypergraph with 10802 vertices and 490461 hyperarcs generated in 2879
3052 [0, 30000]: LP
	bnd = 30000.000000
	its = 12
	hyp = 139 / 154
	cut = 0
4123 [0, 30000]: LP
	bnd = 30000.000000
	its = 5
	hyp = 104 / 288
	cut = 14
4525 [0, 30000]: LP
	bnd = 30000.000000
	its = 1
	hyp = 130 / 288
	cut = 28
5066 [0, 30000]: LP
	bnd = 30000.000000
	its = 2
	hyp = 67 / 302
	cut = 44
5645 [0, 30000]: LP
	bnd = 30000.000000
	its = 2
	hyp = 79 / 335
	cut = 60
6065 [0, 30000]: LP
	bnd = 30000.000000
	its = 1
	hyp = 114 / 335
	cut = 76
6512 [0, 30000]: LP
	bnd = 30000.000000
	its = 1
	hyp = 127 / 335
	cut = 92
6905 [0, 30000]: LP
	bnd = 30000.000000
	its = 1
	hyp = 69 / 335
	cut = 108
7319 [0, 30000]: LP
	bnd = 30000.000000
	its = 1
	hyp = 69 / 335
	cut = 123
7718 [0, 30000]: LP
	bnd = 30000.000000
	its = 1
	hyp = 69 / 335
	cut = 138
8115 [0, 30000]: LP
	bnd = 30000.000000
	its = 1
	hyp = 69 / 335
	cut = 153
8513 [0, 30000]: LP
	bnd = 30000.000000
	its = 1
	hyp = 69 / 335
	cut = 168
8919 [0, 30000]: LP
	bnd = 30000.000000
	its = 1
	hyp = 69 / 335
	cut = 183
9320 [0, 30000]: LP
	bnd = 30000.000000
	its = 1
	hyp = 69 / 335
	cut = 198
9729 [0, 30000]: LP
	bnd = 30000.000000
	its = 1
	hyp = 69 / 335
	cut = 213
10127 [0, 30000]: LP
	bnd = 30000.000000
	its = 1
	hyp = 69 / 335
	cut = 228
10525 [0, 30000]: LP
	bnd = 30000.000000
	its = 1
	hyp = 69 / 335
	cut = 243
10941 [0, 30000]: LP
	bnd = 30000.000000
	its = 1
	hyp = 69 / 335
	cut = 258
11339 [0, 30000]: LP
	bnd = 30000.000000
	its = 1
	hyp = 69 / 335
	cut = 273
11736 [0, 30000]: LP
	bnd = 30000.000000
	its = 1
	hyp = 69 / 335
	cut = 288
12133 [0, 30000]: LP
	bnd = 30000.000000
	its = 1
	hyp = 69 / 335
	cut = 303
12534 [0, 30000]: LP
	bnd = 30000.000000
	its = 1
	hyp = 69 / 335
	cut = 318
12933 [0, 30000]: LP
	bnd = 30000.000000
	its = 1
	hyp = 69 / 335
	cut = 333
13331 [0, 30000]: LP
	bnd = 30000.000000
	its = 1
	hyp = 69 / 335
	cut = 348
13728 [0, 30000]: LP
	bnd = 30000.000000
	its = 1
	hyp = 69 / 335
	cut = 363
14127 [0, 30000]: LP
	bnd = 30000.000000
	its = 1
	hyp = 69 / 335
	cut = 378
14524 [0, 30000]: LP
	bnd = 30000.000000
	its = 1
	hyp = 69 / 335
	cut = 393
14920 [0, 30000]: LP
	bnd = 30000.000000
	its = 1
	hyp = 69 / 335
	cut = 408
15316 [0, 30000]: LP
	bnd = 30000.000000
	its = 1
	hyp = 69 / 335
	cut = 423
15712 [0, 30000]: LP
	bnd = 30000.000000
	its = 1
	hyp = 69 / 335
	cut = 438
16108 [0, 30000]: LP
	bnd = 30000.000000
	its = 1
	hyp = 69 / 335
	cut = 453
16503 [0, 30000]: LP
	bnd = 30000.000000
	its = 1
	hyp = 69 / 335
	cut = 468
16902 [0, 30000]: LP
	bnd = 30000.000000
	its = 1
	hyp = 69 / 335
	cut = 483
17298 [0, 30000]: LP
	bnd = 30000.000000
	its = 1
	hyp = 69 / 335
	cut = 498
17694 [0, 30000]: LP
	bnd = 30000.000000
	its = 1
	hyp = 69 / 335
	cut = 513
18090 [0, 30000]: LP
	bnd = 30000.000000
	its = 1
	hyp = 69 / 335
	cut = 528
18485 [0, 30000]: LP
	bnd = 30000.000000
	its = 1
	hyp = 69 / 335
	cut = 543
18881 [0, 30000]: LP
	bnd = 30000.000000
	its = 1
	hyp = 69 / 335
	cut = 558
19276 [0, 30000]: LP
	bnd = 30000.000000
	its = 1
	hyp = 69 / 335
	cut = 573
19673 [0, 30000]: LP
	bnd = 30000.000000
	its = 1
	hyp = 69 / 335
	cut = 588
20069 [0, 30000]: LP
	bnd = 30000.000000
	its = 1
	hyp = 69 / 335
	cut = 603
20464 [0, 30000]: LP
	bnd = 30000.000000
	its = 1
	hyp = 69 / 335
	cut = 618
20860 [0, 30000]: LP
	bnd = 30000.000000
	its = 1
	hyp = 69 / 335
	cut = 633
21257 [0, 30000]: LP
	bnd = 30000.000000
	its = 1
	hyp = 69 / 335
	cut = 648
21653 [0, 30000]: LP
	bnd = 30000.000000
	its = 1
	hyp = 69 / 335
	cut = 663
22049 [0, 30000]: LP
	bnd = 30000.000000
	its = 1
	hyp = 69 / 335
	cut = 678
22444 [0, 30000]: LP
	bnd = 30000.000000
	its = 1
	hyp = 69 / 335
	cut = 693
22839 [0, 30000]: LP
	bnd = 30000.000000
	its = 1
	hyp = 69 / 335
	cut = 708
23235 [0, 30000]: LP
	bnd = 30000.000000
	its = 1
	hyp = 69 / 335
	cut = 723
23631 [0, 30000]: LP
	bnd = 30000.000000
	its = 1
	hyp = 69 / 335
	cut = 738
24031 [0, 30000]: LP
	bnd = 30000.000000
	its = 1
	hyp = 69 / 335
	cut = 753
24429 [0, 30000]: LP
	bnd = 30000.000000
	its = 1
	hyp = 69 / 335
	cut = 768
24836 [0, 30000]: LP
	bnd = 30000.000000
	its = 1
	hyp = 69 / 335
	cut = 783
25235 [0, 30000]: LP
	bnd = 30000.000000
	its = 1
	hyp = 69 / 335
	cut = 798
25634 [0, 30000]: LP
	bnd = 30000.000000
	its = 1
	hyp = 69 / 335
	cut = 813
26044 [0, 30000]: LP
	bnd = 30000.000000
	its = 1
	hyp = 69 / 335
	cut = 828
26443 [0, 30000]: LP
	bnd = 30000.000000
	its = 1
	hyp = 69 / 335
	cut = 843
26842 [0, 30000]: LP
	bnd = 30000.000000
	its = 1
	hyp = 69 / 335
	cut = 858
27240 [0, 30000]: LP
	bnd = 30000.000000
	its = 1
	hyp = 69 / 335
	cut = 873
27634 [0, 30000]: LP
	bnd = 30000.000000
	its = 1
	hyp = 69 / 335
	cut = 888
28032 [0, 30000]: LP
	bnd = 30000.000000
	its = 1
	hyp = 69 / 335
	cut = 903
28433 [0, 30000]: LP
	bnd = 30000.000000
	its = 1
	hyp = 69 / 335
	cut = 917
28832 [0, 30000]: LP
	bnd = 30000.000000
	its = 1
	hyp = 69 / 335
	cut = 931
29229 [0, 30000]: LP
	bnd = 30000.000000
	its = 1
	hyp = 69 / 335
	cut = 945
29627 [0, 30000]: LP
	bnd = 30000.000000
	its = 1
	hyp = 69 / 335
	cut = 959
30026 [0, 30000]: LP
	bnd = 30000.000000
	its = 1
	hyp = 69 / 335
	cut = 973
30426 [0, 30000]: LP
	bnd = 30000.000000
	its = 1
	hyp = 69 / 335
	cut = 987
30825 [0, 30000]: LP
	bnd = 30000.000000
	its = 1
	hyp = 69 / 335
	cut = 1001
31225 [0, 30000]: LP
	bnd = 30000.000000
	its = 1
	hyp = 69 / 335
	cut = 1015
31623 [0, 30000]: LP
	bnd = 30000.000000
	its = 1
	hyp = 69 / 335
	cut = 1029
32021 [0, 30000]: LP
	bnd = 30000.000000
	its = 1
	hyp = 69 / 335
	cut = 1043
32418 [0, 30000]: LP
	bnd = 30000.000000
	its = 1
	hyp = 69 / 335
	cut = 1057
32830 [0, 30000]: LP
	bnd = 30000.000000
	its = 1
	hyp = 69 / 335
	cut = 1072
33230 [0, 30000]: LP
	bnd = 30000.000000
	its = 1
	hyp = 69 / 335
	cut = 1087
33629 [0, 30000]: LP
	bnd = 30000.000000
	its = 1
	hyp = 69 / 335
	cut = 1102
34025 [0, 30000]: LP
	bnd = 30000.000000
	its = 1
	hyp = 69 / 335
	cut = 1117
34423 [0, 30000]: LP
	bnd = 30000.000000
	its = 1
	hyp = 69 / 335
	cut = 1132
34822 [0, 30000]: LP
	bnd = 30000.000000
	its = 1
	hyp = 69 / 335
	cut = 1146
35219 [0, 30000]: LP
	bnd = 30000.000000
	its = 1
	hyp = 69 / 335
	cut = 1160
35505 [30000, 30000]: HEURISTIC 3
