hypergraph with 10802 vertices and 491527 hyperarcs generated in 2221
2646 [0, 30000]: LP
	bnd = 30000.000000
	its = 9
	hyp = 76 / 85
	cut = 0
4481 [0, 30000]: LP
	bnd = 30000.000000
	its = 10
	hyp = 187 / 334
	cut = 14
5345 [0, 30000]: LP
	bnd = 30000.000000
	its = 4
	hyp = 163 / 431
	cut = 30
5786 [0, 30000]: LP
	bnd = 30000.000000
	its = 1
	hyp = 194 / 431
	cut = 47
6558 [0, 30000]: LP
	bnd = 30000.000000
	its = 3
	hyp = 179 / 490
	cut = 64
6985 [0, 30000]: LP
	bnd = 30000.000000
	its = 1
	hyp = 183 / 490
	cut = 82
7463 [0, 30000]: LP
	bnd = 30000.000000
	its = 1
	hyp = 128 / 490
	cut = 100
7945 [0, 30000]: LP
	bnd = 30000.000000
	its = 1
	hyp = 151 / 490
	cut = 118
8402 [0, 30000]: LP
	bnd = 30000.000000
	its = 1
	hyp = 136 / 490
	cut = 136
8893 [0, 30000]: LP
	bnd = 30000.000000
	its = 1
	hyp = 117 / 490
	cut = 154
9504 [0, 30000]: LP
	bnd = 30000.000000
	its = 2
	hyp = 106 / 515
	cut = 172
10113 [0, 30000]: LP
	bnd = 30000.000000
	its = 2
	hyp = 190 / 566
	cut = 190
10597 [0, 30000]: LP
	bnd = 30000.000000
	its = 1
	hyp = 116 / 566
	cut = 208
11229 [0, 30000]: LP
	bnd = 30000.000000
	its = 2
	hyp = 91 / 597
	cut = 227
11672 [0, 30000]: LP
	bnd = 30000.000000
	its = 1
	hyp = 78 / 597
	cut = 246
12124 [0, 30000]: LP
	bnd = 30000.000000
	its = 1
	hyp = 161 / 597
	cut = 265
12907 [0, 30000]: LP
	bnd = 30000.000000
	its = 3
	hyp = 128 / 658
	cut = 285
13374 [0, 30000]: LP
	bnd = 30000.000000
	its = 1
	hyp = 131 / 658
	cut = 304
13829 [0, 30000]: LP
	bnd = 30000.000000
	its = 1
	hyp = 132 / 658
	cut = 322
14277 [0, 30000]: LP
	bnd = 30000.000000
	its = 1
	hyp = 123 / 658
	cut = 340
14731 [0, 30000]: LP
	bnd = 30000.000000
	its = 1
	hyp = 123 / 658
	cut = 358
15168 [0, 30000]: LP
	bnd = 30000.000000
	its = 1
	hyp = 172 / 658
	cut = 376
15787 [0, 30000]: LP
	bnd = 30000.000000
	its = 2
	hyp = 143 / 705
	cut = 395
16262 [0, 30000]: LP
	bnd = 30000.000000
	its = 1
	hyp = 202 / 705
	cut = 414
16708 [0, 30000]: LP
	bnd = 30000.000000
	its = 1
	hyp = 188 / 705
	cut = 433
17360 [0, 30000]: LP
	bnd = 30000.000000
	its = 2
	hyp = 164 / 747
	cut = 453
17839 [0, 30000]: LP
	bnd = 30000.000000
	its = 1
	hyp = 150 / 747
	cut = 472
18319 [0, 30000]: LP
	bnd = 30000.000000
	its = 1
	hyp = 120 / 747
	cut = 492
18784 [0, 30000]: LP
	bnd = 30000.000000
	its = 1
	hyp = 140 / 747
	cut = 513
19258 [0, 30000]: LP
	bnd = 30000.000000
	its = 1
	hyp = 139 / 747
	cut = 534
19753 [0, 30000]: LP
	bnd = 30000.000000
	its = 1
	hyp = 152 / 747
	cut = 555
20227 [0, 30000]: LP
	bnd = 30000.000000
	its = 1
	hyp = 106 / 747
	cut = 577
20729 [0, 30000]: LP
	bnd = 30000.000000
	its = 1
	hyp = 157 / 747
	cut = 598
21197 [0, 30000]: LP
	bnd = 30000.000000
	its = 1
	hyp = 150 / 747
	cut = 619
21651 [0, 30000]: LP
	bnd = 30000.000000
	its = 1
	hyp = 148 / 747
	cut = 640
22149 [0, 30000]: LP
	bnd = 30000.000000
	its = 1
	hyp = 163 / 747
	cut = 663
22659 [0, 30000]: LP
	bnd = 30000.000000
	its = 1
	hyp = 147 / 747
	cut = 685
23184 [0, 30000]: LP
	bnd = 30000.000000
	its = 1
	hyp = 203 / 747
	cut = 707
23693 [0, 30000]: LP
	bnd = 30000.000000
	its = 1
	hyp = 214 / 747
	cut = 730
24199 [0, 30000]: LP
	bnd = 30000.000000
	its = 1
	hyp = 165 / 747
	cut = 749
24689 [0, 30000]: LP
	bnd = 30000.000000
	its = 1
	hyp = 166 / 747
	cut = 768
25146 [0, 30000]: LP
	bnd = 30000.000000
	its = 1
	hyp = 192 / 747
	cut = 787
25682 [0, 30000]: LP
	bnd = 30000.000000
	its = 1
	hyp = 241 / 747
	cut = 805
26185 [0, 30000]: LP
	bnd = 30000.000000
	its = 1
	hyp = 223 / 747
	cut = 822
26637 [0, 30000]: LP
	bnd = 30000.000000
	its = 1
	hyp = 157 / 747
	cut = 839
27173 [0, 30000]: LP
	bnd = 30000.000000
	its = 1
	hyp = 155 / 747
	cut = 857
27627 [0, 30000]: LP
	bnd = 30000.000000
	its = 1
	hyp = 188 / 747
	cut = 875
28113 [0, 30000]: LP
	bnd = 30000.000000
	its = 1
	hyp = 222 / 747
	cut = 893
28630 [0, 30000]: LP
	bnd = 30000.000000
	its = 1
	hyp = 178 / 747
	cut = 910
29118 [0, 30000]: LP
	bnd = 30000.000000
	its = 1
	hyp = 178 / 747
	cut = 927
29604 [0, 30000]: LP
	bnd = 30000.000000
	its = 1
	hyp = 184 / 747
	cut = 944
30081 [0, 30000]: LP
	bnd = 30000.000000
	its = 1
	hyp = 183 / 747
	cut = 961
30556 [0, 30000]: LP
	bnd = 30000.000000
	its = 1
	hyp = 183 / 747
	cut = 978
31035 [0, 30000]: LP
	bnd = 30000.000000
	its = 1
	hyp = 183 / 747
	cut = 995
31334 [30000, 30000]: HEURISTIC 3
