hypergraph with 8781 vertices and 306779 hyperarcs generated in 106
359 [0, 29444]: LP
	bnd = 29444.449219
	its = 13
	hyp = 144 / 217
	cut = 0
362 [0, 29444]: HEURISTIC 3
363 [0, 29444]: LABEL
	tot = 107
	max = 1
366 [0, 29415]: LABEL
	tot = 161
	max = 2
369 [0, 29385]: LABEL
	tot = 217
	max = 2
372 [0, 29356]: LABEL
	tot = 223
	max = 2
376 [0, 29326]: LABEL
	tot = 281
	max = 2
380 [0, 29297]: LABEL
	tot = 319
	max = 2
386 [0, 29268]: LABEL
	tot = 466
	max = 3
393 [0, 29238]: LABEL
	tot = 544
	max = 3
401 [0, 29209]: LABEL
	tot = 592
	max = 3
410 [0, 29180]: LABEL
	tot = 660
	max = 3
420 [0, 29151]: LABEL
	tot = 723
	max = 3
432 [0, 29122]: LABEL
	tot = 824
	max = 3
446 [0, 29093]: LABEL
	tot = 971
	max = 4
462 [0, 29063]: LABEL
	tot = 1183
	max = 5
480 [0, 29034]: LABEL
	tot = 1323
	max = 6
502 [0, 29005]: LABEL
	tot = 1509
	max = 6
525 [0, 28976]: LABEL
	tot = 1653
	max = 6
552 [0, 28947]: LABEL
	tot = 1846
	max = 6
582 [0, 28918]: LABEL
	tot = 2010
	max = 7
615 [28677, 28890]: LABEL
	tot = 2223
	max = 8
653 [28677, 28861]: LABEL
	tot = 2471
	max = 9
694 [28677, 28832]: LABEL
	tot = 2711
	max = 9
739 [28677, 28803]: LABEL
	tot = 2981
	max = 9
790 [28677, 28774]: LABEL
	tot = 3283
	max = 10
847 [28677, 28745]: LABEL
	tot = 3810
	max = 11
910 [28677, 28717]: LABEL
	tot = 4229
	max = 12
964 [28677, 28717]: LP
	bnd = 29309.914062
	its = 22
	hyp = 151 / 595
	cut = 10
	restart
1031 [28677, 28688]: LABEL
	tot = 3655
	max = 14
1099 [28677, 28677]: LABEL
	tot = 3802
	max = 14
