hypergraph with 10302 vertices and 480140 hyperarcs generated in 1159
1560 [0, 30000]: LP
	bnd = 30000.000000
	its = 11
	hyp = 139 / 155
	cut = 0
2845 [0, 30000]: LP
	bnd = 30000.000000
	its = 13
	hyp = 190 / 403
	cut = 17
3440 [0, 30000]: LP
	bnd = 30000.000000
	its = 5
	hyp = 125 / 486
	cut = 37
3942 [0, 30000]: LP
	bnd = 30000.000000
	its = 4
	hyp = 115 / 519
	cut = 58
4452 [0, 30000]: LP
	bnd = 30000.000000
	its = 4
	hyp = 176 / 563
	cut = 80
4933 [0, 30000]: LP
	bnd = 30000.000000
	its = 3
	hyp = 208 / 602
	cut = 103
5576 [30000, 30000]: LP
	bnd = 30000.000000
	its = 5
	hyp = 218 / 677
	cut = 126
5577 [30000, 30000]: HEURISTIC 3
