hypergraph with 10802 vertices and 490021 hyperarcs generated in 3049
3030 [0, 30000]: LP
	bnd = 30000.000000
	its = 12
	hyp = 98 / 149
	cut = 0
3458 [0, 30000]: LP
	bnd = 30000.000000
	its = 1
	hyp = 94 / 149
	cut = 4
4163 [0, 30000]: LP
	bnd = 30000.000000
	its = 3
	hyp = 93 / 216
	cut = 10
4589 [0, 30000]: LP
	bnd = 30000.000000
	its = 1
	hyp = 113 / 216
	cut = 16
5012 [0, 30000]: LP
	bnd = 30000.000000
	its = 1
	hyp = 105 / 216
	cut = 32
5435 [0, 30000]: LP
	bnd = 30000.000000
	its = 1
	hyp = 105 / 216
	cut = 47
5849 [0, 30000]: LP
	bnd = 30000.000000
	its = 1
	hyp = 105 / 216
	cut = 62
6268 [0, 30000]: LP
	bnd = 30000.000000
	its = 1
	hyp = 108 / 216
	cut = 78
6683 [0, 30000]: LP
	bnd = 30000.000000
	its = 1
	hyp = 108 / 216
	cut = 94
7105 [0, 30000]: LP
	bnd = 30000.000000
	its = 1
	hyp = 108 / 216
	cut = 110
7521 [0, 30000]: LP
	bnd = 30000.000000
	its = 1
	hyp = 108 / 216
	cut = 126
7935 [0, 30000]: LP
	bnd = 30000.000000
	its = 1
	hyp = 108 / 216
	cut = 142
8359 [0, 30000]: LP
	bnd = 30000.000000
	its = 1
	hyp = 108 / 216
	cut = 157
8776 [0, 30000]: LP
	bnd = 30000.000000
	its = 1
	hyp = 108 / 216
	cut = 172
9193 [0, 30000]: LP
	bnd = 30000.000000
	its = 1
	hyp = 108 / 216
	cut = 187
9611 [0, 30000]: LP
	bnd = 30000.000000
	its = 1
	hyp = 108 / 216
	cut = 202
10026 [0, 30000]: LP
	bnd = 30000.000000
	its = 1
	hyp = 108 / 216
	cut = 217
10442 [0, 30000]: LP
	bnd = 30000.000000
	its = 1
	hyp = 108 / 216
	cut = 232
10859 [0, 30000]: LP
	bnd = 30000.000000
	its = 1
	hyp = 108 / 216
	cut = 247
11276 [0, 30000]: LP
	bnd = 30000.000000
	its = 1
	hyp = 108 / 216
	cut = 262
11691 [0, 30000]: LP
	bnd = 30000.000000
	its = 1
	hyp = 108 / 216
	cut = 277
12109 [0, 30000]: LP
	bnd = 30000.000000
	its = 1
	hyp = 108 / 216
	cut = 292
12527 [0, 30000]: LP
	bnd = 30000.000000
	its = 1
	hyp = 108 / 216
	cut = 307
12948 [0, 30000]: LP
	bnd = 30000.000000
	its = 1
	hyp = 108 / 216
	cut = 322
13364 [0, 30000]: LP
	bnd = 30000.000000
	its = 1
	hyp = 108 / 216
	cut = 337
13780 [0, 30000]: LP
	bnd = 30000.000000
	its = 1
	hyp = 108 / 216
	cut = 352
14196 [0, 30000]: LP
	bnd = 30000.000000
	its = 1
	hyp = 108 / 216
	cut = 367
14629 [0, 30000]: LP
	bnd = 30000.000000
	its = 1
	hyp = 108 / 216
	cut = 382
15045 [0, 30000]: LP
	bnd = 30000.000000
	its = 1
	hyp = 108 / 216
	cut = 397
15479 [0, 30000]: LP
	bnd = 30000.000000
	its = 1
	hyp = 108 / 216
	cut = 412
15893 [0, 30000]: LP
	bnd = 30000.000000
	its = 1
	hyp = 108 / 216
	cut = 427
16308 [0, 30000]: LP
	bnd = 30000.000000
	its = 1
	hyp = 108 / 216
	cut = 442
16724 [0, 30000]: LP
	bnd = 30000.000000
	its = 1
	hyp = 108 / 216
	cut = 457
17140 [0, 30000]: LP
	bnd = 30000.000000
	its = 1
	hyp = 108 / 216
	cut = 472
17554 [0, 30000]: LP
	bnd = 30000.000000
	its = 1
	hyp = 108 / 216
	cut = 487
17968 [0, 30000]: LP
	bnd = 30000.000000
	its = 1
	hyp = 108 / 216
	cut = 502
18383 [0, 30000]: LP
	bnd = 30000.000000
	its = 1
	hyp = 108 / 216
	cut = 517
18801 [0, 30000]: LP
	bnd = 30000.000000
	its = 1
	hyp = 108 / 216
	cut = 532
19215 [0, 30000]: LP
	bnd = 30000.000000
	its = 1
	hyp = 108 / 216
	cut = 547
19631 [0, 30000]: LP
	bnd = 30000.000000
	its = 1
	hyp = 108 / 216
	cut = 562
20048 [0, 30000]: LP
	bnd = 30000.000000
	its = 1
	hyp = 108 / 216
	cut = 577
20464 [0, 30000]: LP
	bnd = 30000.000000
	its = 1
	hyp = 108 / 216
	cut = 592
20882 [0, 30000]: LP
	bnd = 30000.000000
	its = 1
	hyp = 108 / 216
	cut = 607
21305 [0, 30000]: LP
	bnd = 30000.000000
	its = 1
	hyp = 108 / 216
	cut = 622
21720 [0, 30000]: LP
	bnd = 30000.000000
	its = 1
	hyp = 108 / 216
	cut = 637
22137 [0, 30000]: LP
	bnd = 30000.000000
	its = 1
	hyp = 108 / 216
	cut = 652
22553 [0, 30000]: LP
	bnd = 30000.000000
	its = 1
	hyp = 108 / 216
	cut = 667
22974 [0, 30000]: LP
	bnd = 30000.000000
	its = 1
	hyp = 108 / 216
	cut = 682
23390 [0, 30000]: LP
	bnd = 30000.000000
	its = 1
	hyp = 108 / 216
	cut = 697
23806 [0, 30000]: LP
	bnd = 30000.000000
	its = 1
	hyp = 108 / 216
	cut = 712
24223 [0, 30000]: LP
	bnd = 30000.000000
	its = 1
	hyp = 108 / 216
	cut = 727
24639 [0, 30000]: LP
	bnd = 30000.000000
	its = 1
	hyp = 108 / 216
	cut = 742
25060 [0, 30000]: LP
	bnd = 30000.000000
	its = 1
	hyp = 108 / 216
	cut = 757
25475 [0, 30000]: LP
	bnd = 30000.000000
	its = 1
	hyp = 108 / 216
	cut = 772
25897 [0, 30000]: LP
	bnd = 30000.000000
	its = 1
	hyp = 108 / 216
	cut = 787
26312 [0, 30000]: LP
	bnd = 30000.000000
	its = 1
	hyp = 108 / 216
	cut = 802
26726 [0, 30000]: LP
	bnd = 30000.000000
	its = 1
	hyp = 108 / 216
	cut = 817
27141 [0, 30000]: LP
	bnd = 30000.000000
	its = 1
	hyp = 108 / 216
	cut = 832
27557 [0, 30000]: LP
	bnd = 30000.000000
	its = 1
	hyp = 108 / 216
	cut = 847
27972 [0, 30000]: LP
	bnd = 30000.000000
	its = 1
	hyp = 108 / 216
	cut = 862
28386 [0, 30000]: LP
	bnd = 30000.000000
	its = 1
	hyp = 108 / 216
	cut = 877
28800 [0, 30000]: LP
	bnd = 30000.000000
	its = 1
	hyp = 108 / 216
	cut = 892
29215 [0, 30000]: LP
	bnd = 30000.000000
	its = 1
	hyp = 108 / 216
	cut = 907
29630 [0, 30000]: LP
	bnd = 30000.000000
	its = 1
	hyp = 108 / 216
	cut = 922
30045 [0, 30000]: LP
	bnd = 30000.000000
	its = 1
	hyp = 108 / 216
	cut = 937
30462 [0, 30000]: LP
	bnd = 30000.000000
	its = 1
	hyp = 108 / 216
	cut = 952
30877 [0, 30000]: LP
	bnd = 30000.000000
	its = 1
	hyp = 108 / 216
	cut = 967
31294 [0, 30000]: LP
	bnd = 30000.000000
	its = 1
	hyp = 108 / 216
	cut = 982
31710 [0, 30000]: LP
	bnd = 30000.000000
	its = 1
	hyp = 108 / 216
	cut = 997
32126 [0, 30000]: LP
	bnd = 30000.000000
	its = 1
	hyp = 108 / 216
	cut = 1012
32545 [0, 30000]: LP
	bnd = 30000.000000
	its = 1
	hyp = 108 / 216
	cut = 1027
32960 [0, 30000]: LP
	bnd = 30000.000000
	its = 1
	hyp = 108 / 216
	cut = 1042
33376 [0, 30000]: LP
	bnd = 30000.000000
	its = 1
	hyp = 108 / 216
	cut = 1057
33791 [0, 30000]: LP
	bnd = 30000.000000
	its = 1
	hyp = 108 / 216
	cut = 1072
34207 [0, 30000]: LP
	bnd = 30000.000000
	its = 1
	hyp = 108 / 216
	cut = 1087
34622 [0, 30000]: LP
	bnd = 30000.000000
	its = 1
	hyp = 108 / 216
	cut = 1102
35037 [0, 30000]: LP
	bnd = 30000.000000
	its = 1
	hyp = 108 / 216
	cut = 1117
35452 [0, 30000]: LP
	bnd = 30000.000000
	its = 1
	hyp = 108 / 216
	cut = 1132
35867 [0, 30000]: LP
	bnd = 30000.000000
	its = 1
	hyp = 108 / 216
	cut = 1147
36282 [0, 30000]: LP
	bnd = 30000.000000
	its = 1
	hyp = 108 / 216
	cut = 1162
36698 [0, 30000]: LP
	bnd = 30000.000000
	its = 1
	hyp = 108 / 216
	cut = 1177
37113 [0, 30000]: LP
	bnd = 30000.000000
	its = 1
	hyp = 108 / 216
	cut = 1192
37302 [30000, 30000]: HEURISTIC 3
