hypergraph with 9076 vertices and 297764 hyperarcs generated in 107
525 [0, 29002]: LP
	bnd = 29002.445312
	its = 19
	hyp = 217 / 340
	cut = 0
529 [0, 29002]: HEURISTIC 3
532 [0, 29002]: LABEL
	tot = 188
	max = 1
535 [0, 28973]: LABEL
	tot = 190
	max = 1
540 [0, 28944]: LABEL
	tot = 405
	max = 2
545 [0, 28915]: LABEL
	tot = 481
	max = 2
551 [0, 28886]: LABEL
	tot = 520
	max = 2
558 [0, 28857]: LABEL
	tot = 623
	max = 3
566 [0, 28828]: LABEL
	tot = 760
	max = 3
576 [0, 28800]: LABEL
	tot = 831
	max = 4
587 [0, 28771]: LABEL
	tot = 936
	max = 4
600 [0, 28742]: LABEL
	tot = 1071
	max = 5
615 [0, 28713]: LABEL
	tot = 1204
	max = 5
631 [0, 28685]: LABEL
	tot = 1308
	max = 5
650 [0, 28656]: LABEL
	tot = 1467
	max = 5
672 [0, 28627]: LABEL
	tot = 1612
	max = 6
696 [0, 28599]: LABEL
	tot = 1749
	max = 6
724 [0, 28570]: LABEL
	tot = 1991
	max = 6
754 [0, 28541]: LABEL
	tot = 2185
	max = 7
789 [0, 28513]: LABEL
	tot = 2424
	max = 7
827 [28149, 28484]: LABEL
	tot = 2740
	max = 7
869 [28416, 28456]: LABEL
	tot = 2987
	max = 9
916 [28416, 28427]: LABEL
	tot = 3307
	max = 9
965 [28416, 28416]: LABEL
	tot = 3392
	max = 9
