hypergraph with 10802 vertices and 491379 hyperarcs generated in 2788
2866 [0, 30000]: LP
	bnd = 30000.000000
	its = 11
	hyp = 104 / 112
	cut = 0
4356 [0, 30000]: LP
	bnd = 30000.000000
	its = 8
	hyp = 120 / 369
	cut = 9
4916 [0, 30000]: LP
	bnd = 30000.000000
	its = 2
	hyp = 161 / 394
	cut = 19
5345 [0, 30000]: LP
	bnd = 30000.000000
	its = 1
	hyp = 138 / 394
	cut = 34
5907 [0, 30000]: LP
	bnd = 30000.000000
	its = 2
	hyp = 136 / 430
	cut = 49
6322 [0, 30000]: LP
	bnd = 30000.000000
	its = 1
	hyp = 97 / 430
	cut = 63
6720 [0, 30000]: LP
	bnd = 30000.000000
	its = 1
	hyp = 86 / 430
	cut = 77
7117 [0, 30000]: LP
	bnd = 30000.000000
	its = 1
	hyp = 86 / 430
	cut = 89
7513 [0, 30000]: LP
	bnd = 30000.000000
	its = 1
	hyp = 86 / 430
	cut = 101
7929 [0, 30000]: LP
	bnd = 30000.000000
	its = 1
	hyp = 85 / 430
	cut = 113
8344 [0, 30000]: LP
	bnd = 30000.000000
	its = 1
	hyp = 85 / 430
	cut = 125
8758 [0, 30000]: LP
	bnd = 30000.000000
	its = 1
	hyp = 85 / 430
	cut = 137
9155 [0, 30000]: LP
	bnd = 30000.000000
	its = 1
	hyp = 83 / 430
	cut = 149
9569 [0, 30000]: LP
	bnd = 30000.000000
	its = 1
	hyp = 83 / 430
	cut = 161
9983 [0, 30000]: LP
	bnd = 30000.000000
	its = 1
	hyp = 83 / 430
	cut = 173
10399 [0, 30000]: LP
	bnd = 30000.000000
	its = 1
	hyp = 85 / 430
	cut = 185
10826 [0, 30000]: LP
	bnd = 30000.000000
	its = 1
	hyp = 85 / 430
	cut = 197
11254 [0, 30000]: LP
	bnd = 30000.000000
	its = 1
	hyp = 85 / 430
	cut = 209
11693 [0, 30000]: LP
	bnd = 30000.000000
	its = 1
	hyp = 85 / 430
	cut = 221
12120 [0, 30000]: LP
	bnd = 30000.000000
	its = 1
	hyp = 85 / 430
	cut = 233
12547 [0, 30000]: LP
	bnd = 30000.000000
	its = 1
	hyp = 85 / 430
	cut = 245
12977 [0, 30000]: LP
	bnd = 30000.000000
	its = 1
	hyp = 85 / 430
	cut = 257
13405 [0, 30000]: LP
	bnd = 30000.000000
	its = 1
	hyp = 85 / 430
	cut = 269
13833 [0, 30000]: LP
	bnd = 30000.000000
	its = 1
	hyp = 85 / 430
	cut = 281
14260 [0, 30000]: LP
	bnd = 30000.000000
	its = 1
	hyp = 85 / 430
	cut = 293
14688 [0, 30000]: LP
	bnd = 30000.000000
	its = 1
	hyp = 85 / 430
	cut = 305
15115 [0, 30000]: LP
	bnd = 30000.000000
	its = 1
	hyp = 85 / 430
	cut = 317
15542 [0, 30000]: LP
	bnd = 30000.000000
	its = 1
	hyp = 85 / 430
	cut = 329
15968 [0, 30000]: LP
	bnd = 30000.000000
	its = 1
	hyp = 85 / 430
	cut = 341
16395 [0, 30000]: LP
	bnd = 30000.000000
	its = 1
	hyp = 85 / 430
	cut = 353
16821 [0, 30000]: LP
	bnd = 30000.000000
	its = 1
	hyp = 85 / 430
	cut = 365
17250 [0, 30000]: LP
	bnd = 30000.000000
	its = 1
	hyp = 85 / 430
	cut = 377
17677 [0, 30000]: LP
	bnd = 30000.000000
	its = 1
	hyp = 85 / 430
	cut = 389
18105 [0, 30000]: LP
	bnd = 30000.000000
	its = 1
	hyp = 85 / 430
	cut = 401
18531 [0, 30000]: LP
	bnd = 30000.000000
	its = 1
	hyp = 85 / 430
	cut = 413
18958 [0, 30000]: LP
	bnd = 30000.000000
	its = 1
	hyp = 85 / 430
	cut = 425
19386 [0, 30000]: LP
	bnd = 30000.000000
	its = 1
	hyp = 85 / 430
	cut = 437
19813 [0, 30000]: LP
	bnd = 30000.000000
	its = 1
	hyp = 85 / 430
	cut = 449
20240 [0, 30000]: LP
	bnd = 30000.000000
	its = 1
	hyp = 85 / 430
	cut = 461
20667 [0, 30000]: LP
	bnd = 30000.000000
	its = 1
	hyp = 85 / 430
	cut = 473
21095 [0, 30000]: LP
	bnd = 30000.000000
	its = 1
	hyp = 85 / 430
	cut = 485
21521 [0, 30000]: LP
	bnd = 30000.000000
	its = 1
	hyp = 85 / 430
	cut = 497
21947 [0, 30000]: LP
	bnd = 30000.000000
	its = 1
	hyp = 85 / 430
	cut = 509
22373 [0, 30000]: LP
	bnd = 30000.000000
	its = 1
	hyp = 85 / 430
	cut = 521
22799 [0, 30000]: LP
	bnd = 30000.000000
	its = 1
	hyp = 85 / 430
	cut = 533
23225 [0, 30000]: LP
	bnd = 30000.000000
	its = 1
	hyp = 85 / 430
	cut = 545
23652 [0, 30000]: LP
	bnd = 30000.000000
	its = 1
	hyp = 85 / 430
	cut = 557
24079 [0, 30000]: LP
	bnd = 30000.000000
	its = 1
	hyp = 85 / 430
	cut = 569
24506 [0, 30000]: LP
	bnd = 30000.000000
	its = 1
	hyp = 85 / 430
	cut = 581
24937 [0, 30000]: LP
	bnd = 30000.000000
	its = 1
	hyp = 85 / 430
	cut = 593
25362 [0, 30000]: LP
	bnd = 30000.000000
	its = 1
	hyp = 85 / 430
	cut = 605
25788 [0, 30000]: LP
	bnd = 30000.000000
	its = 1
	hyp = 85 / 430
	cut = 617
26214 [0, 30000]: LP
	bnd = 30000.000000
	its = 1
	hyp = 85 / 430
	cut = 629
26639 [0, 30000]: LP
	bnd = 30000.000000
	its = 1
	hyp = 85 / 430
	cut = 641
27065 [0, 30000]: LP
	bnd = 30000.000000
	its = 1
	hyp = 85 / 430
	cut = 653
27491 [0, 30000]: LP
	bnd = 30000.000000
	its = 1
	hyp = 85 / 430
	cut = 665
27917 [0, 30000]: LP
	bnd = 30000.000000
	its = 1
	hyp = 85 / 430
	cut = 677
28343 [0, 30000]: LP
	bnd = 30000.000000
	its = 1
	hyp = 85 / 430
	cut = 689
28774 [0, 30000]: LP
	bnd = 30000.000000
	its = 1
	hyp = 85 / 430
	cut = 701
29201 [0, 30000]: LP
	bnd = 30000.000000
	its = 1
	hyp = 85 / 430
	cut = 713
29627 [0, 30000]: LP
	bnd = 30000.000000
	its = 1
	hyp = 85 / 430
	cut = 725
30056 [0, 30000]: LP
	bnd = 30000.000000
	its = 1
	hyp = 85 / 430
	cut = 737
30483 [0, 30000]: LP
	bnd = 30000.000000
	its = 1
	hyp = 85 / 430
	cut = 749
30581 [30000, 30000]: HEURISTIC 3
