hypergraph with 9459 vertices and 352491 hyperarcs generated in 244
341 [0, 29528]: LP
	bnd = 29528.958984
	its = 9
	hyp = 80 / 143
	cut = 0
344 [0, 29528]: HEURISTIC 3
346 [0, 29528]: LABEL
	tot = 87
	max = 1
349 [0, 29499]: LABEL
	tot = 143
	max = 1
352 [29140, 29469]: LABEL
	tot = 238
	max = 2
355 [29140, 29440]: LABEL
	tot = 275
	max = 3
359 [29140, 29411]: LABEL
	tot = 303
	max = 3
365 [29140, 29381]: LABEL
	tot = 507
	max = 4
372 [29140, 29352]: LABEL
	tot = 635
	max = 5
382 [29140, 29322]: LABEL
	tot = 786
	max = 6
394 [29140, 29293]: LABEL
	tot = 982
	max = 9
408 [29140, 29264]: LABEL
	tot = 1251
	max = 10
426 [29220, 29234]: LABEL
	tot = 1449
	max = 14
445 [29220, 29220]: LABEL
	tot = 1586
	max = 14
