hypergraph with 9248 vertices and 355455 hyperarcs generated in 244
363 [0, 29925]: LP
	bnd = 29925.601562
	its = 12
	hyp = 83 / 138
	cut = 0
365 [0, 29925]: HEURISTIC 3
366 [0, 29925]: LABEL
	tot = 27
	max = 1
369 [0, 29895]: LABEL
	tot = 178
	max = 1
374 [0, 29865]: LABEL
	tot = 278
	max = 2
378 [0, 29835]: LABEL
	tot = 290
	max = 2
384 [0, 29806]: LABEL
	tot = 402
	max = 2
392 [0, 29776]: LABEL
	tot = 517
	max = 3
401 [0, 29746]: LABEL
	tot = 704
	max = 3
415 [0, 29716]: LABEL
	tot = 958
	max = 6
432 [0, 29687]: LABEL
	tot = 1362
	max = 8
453 [29532, 29657]: LABEL
	tot = 1688
	max = 10
500 [29532, 29627]: LABEL
	tot = 2344
	max = 16
542 [29532, 29598]: LABEL
	tot = 3154
	max = 21
594 [29532, 29568]: LABEL
	tot = 4051
	max = 26
627 [29532, 29568]: LP
	bnd = 29925.601562
	its = 8
	hyp = 95 / 267
	cut = 6
663 [29532, 29538]: LABEL
	tot = 5491
	max = 36
736 [29532, 29532]: LABEL
	tot = 5883
	max = 38
