hypergraph with 9256 vertices and 314239 hyperarcs generated in 101
426 [0, 29315]: LP
	bnd = 29315.849609
	its = 16
	hyp = 104 / 224
	cut = 0
427 [0, 29315]: HEURISTIC 3
428 [0, 29315]: LABEL
	tot = 1
	max = 1
431 [0, 29286]: LABEL
	tot = 142
	max = 1
434 [0, 29257]: LABEL
	tot = 142
	max = 1
438 [0, 29227]: LABEL
	tot = 262
	max = 2
442 [0, 29198]: LABEL
	tot = 270
	max = 2
448 [0, 29169]: LABEL
	tot = 408
	max = 3
455 [0, 29140]: LABEL
	tot = 520
	max = 5
464 [0, 29111]: LABEL
	tot = 606
	max = 5
475 [0, 29082]: LABEL
	tot = 763
	max = 7
490 [0, 29053]: LABEL
	tot = 893
	max = 8
506 [0, 29024]: LABEL
	tot = 1065
	max = 9
526 [0, 28994]: LABEL
	tot = 1333
	max = 10
550 [0, 28965]: LABEL
	tot = 1535
	max = 11
578 [0, 28937]: LABEL
	tot = 1813
	max = 12
611 [0, 28908]: LABEL
	tot = 2192
	max = 14
649 [0, 28879]: LABEL
	tot = 2447
	max = 14
692 [0, 28850]: LABEL
	tot = 2855
	max = 17
741 [0, 28821]: LABEL
	tot = 3298
	max = 19
798 [0, 28792]: LABEL
	tot = 3670
	max = 21
860 [0, 28763]: LABEL
	tot = 4098
	max = 24
929 [0, 28735]: LABEL
	tot = 4632
	max = 27
1000 [0, 28706]: LABEL
	tot = 5279
	max = 32
1030 [0, 28706]: LP
	bnd = 29273.835938
	its = 19
	hyp = 158 / 493
	cut = 13
	restart
1117 [0, 28677]: LABEL
	tot = 5070
	max = 31
1214 [0, 28648]: LABEL
	tot = 5918
	max = 35
1321 [0, 28620]: LABEL
	tot = 6649
	max = 40
1443 [0, 28591]: LABEL
	tot = 7443
	max = 43
1563 [0, 28563]: LABEL
	tot = 8535
	max = 44
1684 [0, 28534]: LABEL
	tot = 9421
	max = 49
1705 [0, 28534]: LP
	bnd = 28989.230469
	its = 22
	hyp = 136 / 651
	cut = 27
	restart
1765 [0, 28505]: LABEL
	tot = 3752
	max = 22
1830 [0, 28477]: LABEL
	tot = 4282
	max = 23
1901 [0, 28449]: LABEL
	tot = 4842
	max = 27
1982 [0, 28420]: LABEL
	tot = 5498
	max = 32
2074 [0, 28392]: LABEL
	tot = 6194
	max = 37
2174 [0, 28363]: LABEL
	tot = 6950
	max = 40
2285 [0, 28335]: LABEL
	tot = 7793
	max = 45
2405 [0, 28307]: LABEL
	tot = 9011
	max = 57
2423 [0, 28307]: LP
	bnd = 28970.427734
	its = 24
	hyp = 155 / 771
	cut = 42
	restart
2562 [0, 28278]: LABEL
	tot = 10172
	max = 52
2715 [0, 28250]: LABEL
	tot = 11433
	max = 64
2882 [0, 28222]: LABEL
	tot = 12900
	max = 75
2940 [0, 28222]: LP
	bnd = 28937.166016
	its = 16
	hyp = 177 / 822
	cut = 57
	restart
3117 [0, 28193]: LABEL
	tot = 13032
	max = 59
3309 [0, 28165]: LABEL
	tot = 14677
	max = 74
3523 [0, 28137]: LABEL
	tot = 16439
	max = 80
3663 [0, 28137]: LP
	bnd = 28777.710938
	its = 23
	hyp = 321 / 988
	cut = 73
	restart
3821 [28058, 28109]: LABEL
	tot = 12617
	max = 63
3989 [28058, 28081]: LABEL
	tot = 14118
	max = 71
4174 [28058, 28058]: LABEL
	tot = 15414
	max = 78
