hypergraph with 10802 vertices and 480007 hyperarcs generated in 2139
2446 [0, 30000]: LP
	bnd = 30000.000000
	its = 8
	hyp = 68 / 74
	cut = 0
3991 [0, 30000]: LP
	bnd = 30000.000000
	its = 9
	hyp = 94 / 323
	cut = 5
4669 [0, 30000]: LP
	bnd = 30000.000000
	its = 3
	hyp = 71 / 388
	cut = 17
5352 [0, 30000]: LP
	bnd = 30000.000000
	its = 3
	hyp = 42 / 425
	cut = 29
5758 [0, 30000]: LP
	bnd = 30000.000000
	its = 1
	hyp = 42 / 425
	cut = 41
6164 [0, 30000]: LP
	bnd = 30000.000000
	its = 1
	hyp = 36 / 425
	cut = 53
6571 [0, 30000]: LP
	bnd = 30000.000000
	its = 1
	hyp = 36 / 425
	cut = 65
6978 [0, 30000]: LP
	bnd = 30000.000000
	its = 1
	hyp = 36 / 425
	cut = 77
7382 [0, 30000]: LP
	bnd = 30000.000000
	its = 1
	hyp = 36 / 425
	cut = 89
7788 [0, 30000]: LP
	bnd = 30000.000000
	its = 1
	hyp = 36 / 425
	cut = 101
8194 [0, 30000]: LP
	bnd = 30000.000000
	its = 1
	hyp = 36 / 425
	cut = 113
8601 [0, 30000]: LP
	bnd = 30000.000000
	its = 1
	hyp = 36 / 425
	cut = 125
9005 [0, 30000]: LP
	bnd = 30000.000000
	its = 1
	hyp = 36 / 425
	cut = 137
9409 [0, 30000]: LP
	bnd = 30000.000000
	its = 1
	hyp = 36 / 425
	cut = 149
9814 [0, 30000]: LP
	bnd = 30000.000000
	its = 1
	hyp = 36 / 425
	cut = 161
10219 [0, 30000]: LP
	bnd = 30000.000000
	its = 1
	hyp = 36 / 425
	cut = 173
10624 [0, 30000]: LP
	bnd = 30000.000000
	its = 1
	hyp = 36 / 425
	cut = 185
11031 [0, 30000]: LP
	bnd = 30000.000000
	its = 1
	hyp = 36 / 425
	cut = 197
11438 [0, 30000]: LP
	bnd = 30000.000000
	its = 1
	hyp = 36 / 425
	cut = 209
11844 [0, 30000]: LP
	bnd = 30000.000000
	its = 1
	hyp = 36 / 425
	cut = 221
12249 [0, 30000]: LP
	bnd = 30000.000000
	its = 1
	hyp = 36 / 425
	cut = 233
12654 [0, 30000]: LP
	bnd = 30000.000000
	its = 1
	hyp = 36 / 425
	cut = 245
13071 [0, 30000]: LP
	bnd = 30000.000000
	its = 1
	hyp = 36 / 425
	cut = 257
13478 [0, 30000]: LP
	bnd = 30000.000000
	its = 1
	hyp = 36 / 425
	cut = 269
13885 [0, 30000]: LP
	bnd = 30000.000000
	its = 1
	hyp = 36 / 425
	cut = 281
14289 [0, 30000]: LP
	bnd = 30000.000000
	its = 1
	hyp = 36 / 425
	cut = 293
14695 [0, 30000]: LP
	bnd = 30000.000000
	its = 1
	hyp = 36 / 425
	cut = 305
15100 [0, 30000]: LP
	bnd = 30000.000000
	its = 1
	hyp = 36 / 425
	cut = 317
15507 [0, 30000]: LP
	bnd = 30000.000000
	its = 1
	hyp = 36 / 425
	cut = 329
15913 [0, 30000]: LP
	bnd = 30000.000000
	its = 1
	hyp = 36 / 425
	cut = 341
16321 [0, 30000]: LP
	bnd = 30000.000000
	its = 1
	hyp = 36 / 425
	cut = 353
16728 [0, 30000]: LP
	bnd = 30000.000000
	its = 1
	hyp = 36 / 425
	cut = 365
17134 [0, 30000]: LP
	bnd = 30000.000000
	its = 1
	hyp = 36 / 425
	cut = 377
17543 [0, 30000]: LP
	bnd = 30000.000000
	its = 1
	hyp = 36 / 425
	cut = 389
17951 [0, 30000]: LP
	bnd = 30000.000000
	its = 1
	hyp = 36 / 425
	cut = 401
18357 [0, 30000]: LP
	bnd = 30000.000000
	its = 1
	hyp = 36 / 425
	cut = 413
18763 [0, 30000]: LP
	bnd = 30000.000000
	its = 1
	hyp = 36 / 425
	cut = 425
19169 [0, 30000]: LP
	bnd = 30000.000000
	its = 1
	hyp = 36 / 425
	cut = 437
19575 [0, 30000]: LP
	bnd = 30000.000000
	its = 1
	hyp = 36 / 425
	cut = 449
19983 [0, 30000]: LP
	bnd = 30000.000000
	its = 1
	hyp = 36 / 425
	cut = 461
20389 [0, 30000]: LP
	bnd = 30000.000000
	its = 1
	hyp = 36 / 425
	cut = 473
20796 [0, 30000]: LP
	bnd = 30000.000000
	its = 1
	hyp = 36 / 425
	cut = 485
21203 [0, 30000]: LP
	bnd = 30000.000000
	its = 1
	hyp = 36 / 425
	cut = 497
21612 [0, 30000]: LP
	bnd = 30000.000000
	its = 1
	hyp = 36 / 425
	cut = 509
22020 [0, 30000]: LP
	bnd = 30000.000000
	its = 1
	hyp = 36 / 425
	cut = 521
22430 [0, 30000]: LP
	bnd = 30000.000000
	its = 1
	hyp = 36 / 425
	cut = 533
22839 [0, 30000]: LP
	bnd = 30000.000000
	its = 1
	hyp = 36 / 425
	cut = 545
23247 [0, 30000]: LP
	bnd = 30000.000000
	its = 1
	hyp = 36 / 425
	cut = 557
23655 [0, 30000]: LP
	bnd = 30000.000000
	its = 1
	hyp = 36 / 425
	cut = 569
24062 [0, 30000]: LP
	bnd = 30000.000000
	its = 1
	hyp = 36 / 425
	cut = 581
24469 [0, 30000]: LP
	bnd = 30000.000000
	its = 1
	hyp = 36 / 425
	cut = 593
24876 [0, 30000]: LP
	bnd = 30000.000000
	its = 1
	hyp = 36 / 425
	cut = 605
25284 [0, 30000]: LP
	bnd = 30000.000000
	its = 1
	hyp = 36 / 425
	cut = 617
25693 [0, 30000]: LP
	bnd = 30000.000000
	its = 1
	hyp = 36 / 425
	cut = 629
26101 [0, 30000]: LP
	bnd = 30000.000000
	its = 1
	hyp = 36 / 425
	cut = 641
26441 [30000, 30000]: HEURISTIC 3
