hypergraph with 10802 vertices and 487926 hyperarcs generated in 2972
3030 [0, 30000]: LP
	bnd = 30000.000000
	its = 12
	hyp = 110 / 156
	cut = 0
4344 [0, 30000]: LP
	bnd = 30000.000000
	its = 7
	hyp = 134 / 377
	cut = 9
4735 [0, 30000]: LP
	bnd = 30000.000000
	its = 1
	hyp = 116 / 377
	cut = 27
5147 [0, 30000]: LP
	bnd = 30000.000000
	its = 1
	hyp = 124 / 377
	cut = 42
5541 [0, 30000]: LP
	bnd = 30000.000000
	its = 1
	hyp = 141 / 377
	cut = 59
6105 [0, 30000]: LP
	bnd = 30000.000000
	its = 2
	hyp = 99 / 405
	cut = 73
6527 [0, 30000]: LP
	bnd = 30000.000000
	its = 1
	hyp = 110 / 405
	cut = 87
6924 [0, 30000]: LP
	bnd = 30000.000000
	its = 1
	hyp = 88 / 405
	cut = 103
7489 [0, 30000]: LP
	bnd = 30000.000000
	its = 2
	hyp = 102 / 441
	cut = 119
7924 [0, 30000]: LP
	bnd = 30000.000000
	its = 1
	hyp = 115 / 441
	cut = 134
8320 [0, 30000]: LP
	bnd = 30000.000000
	its = 1
	hyp = 103 / 441
	cut = 149
8748 [0, 30000]: LP
	bnd = 30000.000000
	its = 1
	hyp = 102 / 441
	cut = 163
9192 [0, 30000]: LP
	bnd = 30000.000000
	its = 1
	hyp = 134 / 441
	cut = 176
9628 [0, 30000]: LP
	bnd = 30000.000000
	its = 1
	hyp = 124 / 441
	cut = 188
10065 [0, 30000]: LP
	bnd = 30000.000000
	its = 1
	hyp = 124 / 441
	cut = 200
10489 [0, 30000]: LP
	bnd = 30000.000000
	its = 1
	hyp = 121 / 441
	cut = 212
10903 [0, 30000]: LP
	bnd = 30000.000000
	its = 1
	hyp = 97 / 441
	cut = 224
11317 [0, 30000]: LP
	bnd = 30000.000000
	its = 1
	hyp = 97 / 441
	cut = 236
11732 [0, 30000]: LP
	bnd = 30000.000000
	its = 1
	hyp = 97 / 441
	cut = 248
12148 [0, 30000]: LP
	bnd = 30000.000000
	its = 1
	hyp = 97 / 441
	cut = 260
12563 [0, 30000]: LP
	bnd = 30000.000000
	its = 1
	hyp = 97 / 441
	cut = 272
12980 [0, 30000]: LP
	bnd = 30000.000000
	its = 1
	hyp = 97 / 441
	cut = 284
13394 [0, 30000]: LP
	bnd = 30000.000000
	its = 1
	hyp = 97 / 441
	cut = 296
13814 [0, 30000]: LP
	bnd = 30000.000000
	its = 1
	hyp = 97 / 441
	cut = 308
14229 [0, 30000]: LP
	bnd = 30000.000000
	its = 1
	hyp = 97 / 441
	cut = 320
14644 [0, 30000]: LP
	bnd = 30000.000000
	its = 1
	hyp = 97 / 441
	cut = 332
15058 [0, 30000]: LP
	bnd = 30000.000000
	its = 1
	hyp = 97 / 441
	cut = 344
15473 [0, 30000]: LP
	bnd = 30000.000000
	its = 1
	hyp = 97 / 441
	cut = 356
15887 [0, 30000]: LP
	bnd = 30000.000000
	its = 1
	hyp = 97 / 441
	cut = 368
16301 [0, 30000]: LP
	bnd = 30000.000000
	its = 1
	hyp = 97 / 441
	cut = 380
16716 [0, 30000]: LP
	bnd = 30000.000000
	its = 1
	hyp = 97 / 441
	cut = 392
17129 [0, 30000]: LP
	bnd = 30000.000000
	its = 1
	hyp = 97 / 441
	cut = 404
17543 [0, 30000]: LP
	bnd = 30000.000000
	its = 1
	hyp = 97 / 441
	cut = 416
17956 [0, 30000]: LP
	bnd = 30000.000000
	its = 1
	hyp = 97 / 441
	cut = 428
18370 [0, 30000]: LP
	bnd = 30000.000000
	its = 1
	hyp = 97 / 441
	cut = 440
18784 [0, 30000]: LP
	bnd = 30000.000000
	its = 1
	hyp = 97 / 441
	cut = 452
19198 [0, 30000]: LP
	bnd = 30000.000000
	its = 1
	hyp = 97 / 441
	cut = 464
19628 [0, 30000]: LP
	bnd = 30000.000000
	its = 1
	hyp = 97 / 441
	cut = 476
20043 [0, 30000]: LP
	bnd = 30000.000000
	its = 1
	hyp = 97 / 441
	cut = 488
20457 [0, 30000]: LP
	bnd = 30000.000000
	its = 1
	hyp = 97 / 441
	cut = 500
20871 [0, 30000]: LP
	bnd = 30000.000000
	its = 1
	hyp = 97 / 441
	cut = 512
21285 [0, 30000]: LP
	bnd = 30000.000000
	its = 1
	hyp = 97 / 441
	cut = 524
21700 [0, 30000]: LP
	bnd = 30000.000000
	its = 1
	hyp = 97 / 441
	cut = 536
22113 [0, 30000]: LP
	bnd = 30000.000000
	its = 1
	hyp = 97 / 441
	cut = 548
22528 [0, 30000]: LP
	bnd = 30000.000000
	its = 1
	hyp = 97 / 441
	cut = 560
22941 [0, 30000]: LP
	bnd = 30000.000000
	its = 1
	hyp = 97 / 441
	cut = 572
23355 [0, 30000]: LP
	bnd = 30000.000000
	its = 1
	hyp = 97 / 441
	cut = 584
23768 [0, 30000]: LP
	bnd = 30000.000000
	its = 1
	hyp = 97 / 441
	cut = 596
24182 [0, 30000]: LP
	bnd = 30000.000000
	its = 1
	hyp = 97 / 441
	cut = 608
24596 [0, 30000]: LP
	bnd = 30000.000000
	its = 1
	hyp = 97 / 441
	cut = 620
25009 [0, 30000]: LP
	bnd = 30000.000000
	its = 1
	hyp = 97 / 441
	cut = 632
25423 [0, 30000]: LP
	bnd = 30000.000000
	its = 1
	hyp = 97 / 441
	cut = 644
25837 [0, 30000]: LP
	bnd = 30000.000000
	its = 1
	hyp = 97 / 441
	cut = 656
26251 [0, 30000]: LP
	bnd = 30000.000000
	its = 1
	hyp = 97 / 441
	cut = 668
26676 [0, 30000]: LP
	bnd = 30000.000000
	its = 1
	hyp = 97 / 441
	cut = 680
27092 [0, 30000]: LP
	bnd = 30000.000000
	its = 1
	hyp = 97 / 441
	cut = 692
27505 [0, 30000]: LP
	bnd = 30000.000000
	its = 1
	hyp = 97 / 441
	cut = 704
27919 [0, 30000]: LP
	bnd = 30000.000000
	its = 1
	hyp = 97 / 441
	cut = 716
28333 [0, 30000]: LP
	bnd = 30000.000000
	its = 1
	hyp = 97 / 441
	cut = 728
28748 [0, 30000]: LP
	bnd = 30000.000000
	its = 1
	hyp = 97 / 441
	cut = 740
29167 [0, 30000]: LP
	bnd = 30000.000000
	its = 1
	hyp = 97 / 441
	cut = 752
29581 [0, 30000]: LP
	bnd = 30000.000000
	its = 1
	hyp = 97 / 441
	cut = 764
29995 [0, 30000]: LP
	bnd = 30000.000000
	its = 1
	hyp = 97 / 441
	cut = 776
30409 [0, 30000]: LP
	bnd = 30000.000000
	its = 1
	hyp = 97 / 441
	cut = 788
30823 [0, 30000]: LP
	bnd = 30000.000000
	its = 1
	hyp = 97 / 441
	cut = 800
31237 [0, 30000]: LP
	bnd = 30000.000000
	its = 1
	hyp = 97 / 441
	cut = 812
31652 [0, 30000]: LP
	bnd = 30000.000000
	its = 1
	hyp = 97 / 441
	cut = 824
32070 [0, 30000]: LP
	bnd = 30000.000000
	its = 1
	hyp = 97 / 441
	cut = 836
32485 [0, 30000]: LP
	bnd = 30000.000000
	its = 1
	hyp = 97 / 441
	cut = 848
32899 [0, 30000]: LP
	bnd = 30000.000000
	its = 1
	hyp = 97 / 441
	cut = 860
33324 [0, 30000]: LP
	bnd = 30000.000000
	its = 1
	hyp = 97 / 441
	cut = 872
33738 [0, 30000]: LP
	bnd = 30000.000000
	its = 1
	hyp = 97 / 441
	cut = 885
34153 [0, 30000]: LP
	bnd = 30000.000000
	its = 1
	hyp = 97 / 441
	cut = 898
34568 [0, 30000]: LP
	bnd = 30000.000000
	its = 1
	hyp = 97 / 441
	cut = 911
34645 [30000, 30000]: HEURISTIC 3
