hypergraph with 8871 vertices and 250595 hyperarcs generated in 107
430 [0, 29599]: LP
	bnd = 29599.017578
	its = 16
	hyp = 109 / 172
	cut = 0
433 [0, 29599]: HEURISTIC 3
435 [0, 29599]: LABEL
	tot = 63
	max = 1
437 [0, 29569]: LABEL
	tot = 99
	max = 1
439 [0, 29539]: LABEL
	tot = 117
	max = 1
443 [0, 29510]: LABEL
	tot = 203
	max = 2
445 [0, 29480]: LABEL
	tot = 203
	max = 2
449 [0, 29451]: LABEL
	tot = 253
	max = 2
452 [0, 29421]: LABEL
	tot = 313
	max = 2
456 [0, 29392]: LABEL
	tot = 328
	max = 2
461 [0, 29363]: LABEL
	tot = 354
	max = 2
467 [0, 29333]: LABEL
	tot = 381
	max = 3
473 [0, 29304]: LABEL
	tot = 454
	max = 3
481 [0, 29275]: LABEL
	tot = 457
	max = 3
490 [0, 29245]: LABEL
	tot = 574
	max = 3
500 [0, 29216]: LABEL
	tot = 671
	max = 3
513 [0, 29187]: LABEL
	tot = 712
	max = 3
525 [0, 29158]: LABEL
	tot = 833
	max = 3
540 [0, 29128]: LABEL
	tot = 895
	max = 3
555 [0, 29099]: LABEL
	tot = 935
	max = 3
571 [0, 29070]: LABEL
	tot = 1029
	max = 3
589 [0, 29041]: LABEL
	tot = 1068
	max = 3
606 [0, 29012]: LABEL
	tot = 1110
	max = 3
626 [0, 28983]: LABEL
	tot = 1207
	max = 3
647 [0, 28954]: LABEL
	tot = 1272
	max = 4
670 [0, 28925]: LABEL
	tot = 1410
	max = 4
694 [0, 28896]: LABEL
	tot = 1459
	max = 4
720 [0, 28867]: LABEL
	tot = 1570
	max = 5
749 [0, 28838]: LABEL
	tot = 1703
	max = 5
778 [0, 28810]: LABEL
	tot = 1749
	max = 5
809 [0, 28781]: LABEL
	tot = 1835
	max = 5
845 [0, 28752]: LABEL
	tot = 1975
	max = 5
885 [0, 28723]: LABEL
	tot = 2003
	max = 5
893 [0, 28723]: LP
	bnd = 29527.480469
	its = 15
	hyp = 99 / 264
	cut = 9
	restart
923 [0, 28695]: LABEL
	tot = 1937
	max = 5
954 [0, 28666]: LABEL
	tot = 2041
	max = 5
986 [0, 28637]: LABEL
	tot = 2181
	max = 5
1022 [28128, 28609]: LABEL
	tot = 2359
	max = 5
1062 [28128, 28580]: LABEL
	tot = 2562
	max = 5
1104 [28128, 28551]: LABEL
	tot = 2713
	max = 6
1148 [28257, 28523]: LABEL
	tot = 2836
	max = 6
1194 [28257, 28494]: LABEL
	tot = 3147
	max = 6
1242 [28272, 28466]: LABEL
	tot = 3302
	max = 7
1272 [28272, 28466]: LP
	bnd = 29419.166016
	its = 13
	hyp = 104 / 377
	cut = 20
	restart
1328 [28272, 28437]: LABEL
	tot = 3484
	max = 6
1384 [28272, 28409]: LABEL
	tot = 3612
	max = 6
1446 [28272, 28381]: LABEL
	tot = 3814
	max = 6
1512 [28272, 28352]: LABEL
	tot = 3947
	max = 6
1577 [28272, 28324]: LABEL
	tot = 4082
	max = 6
1646 [28272, 28295]: LABEL
	tot = 4413
	max = 7
1712 [28272, 28295]: LP
	bnd = 29340.150391
	its = 15
	hyp = 93 / 520
	cut = 31
	restart
1781 [28272, 28272]: LABEL
	tot = 4092
	max = 7
