hypergraph with 10302 vertices and 485550 hyperarcs generated in 1687
1631 [0, 30000]: LP
	bnd = 30000.000000
	its = 12
	hyp = 100 / 109
	cut = 0
2125 [0, 30000]: LP
	bnd = 30000.000000
	its = 4
	hyp = 129 / 213
	cut = 6
2449 [0, 30000]: LP
	bnd = 30000.000000
	its = 2
	hyp = 92 / 260
	cut = 18
2673 [0, 30000]: LP
	bnd = 30000.000000
	its = 1
	hyp = 160 / 260
	cut = 30
2922 [0, 30000]: LP
	bnd = 30000.000000
	its = 1
	hyp = 92 / 260
	cut = 43
3257 [0, 30000]: LP
	bnd = 30000.000000
	its = 2
	hyp = 94 / 321
	cut = 56
3506 [0, 30000]: LP
	bnd = 30000.000000
	its = 1
	hyp = 94 / 321
	cut = 69
3753 [0, 30000]: LP
	bnd = 30000.000000
	its = 1
	hyp = 94 / 321
	cut = 82
4001 [0, 30000]: LP
	bnd = 30000.000000
	its = 1
	hyp = 94 / 321
	cut = 95
4251 [0, 30000]: LP
	bnd = 30000.000000
	its = 1
	hyp = 94 / 321
	cut = 108
4501 [0, 30000]: LP
	bnd = 30000.000000
	its = 1
	hyp = 94 / 321
	cut = 121
4749 [0, 30000]: LP
	bnd = 30000.000000
	its = 1
	hyp = 94 / 321
	cut = 134
4997 [0, 30000]: LP
	bnd = 30000.000000
	its = 1
	hyp = 94 / 321
	cut = 147
5244 [0, 30000]: LP
	bnd = 30000.000000
	its = 1
	hyp = 94 / 321
	cut = 160
5491 [0, 30000]: LP
	bnd = 30000.000000
	its = 1
	hyp = 94 / 321
	cut = 173
5739 [0, 30000]: LP
	bnd = 30000.000000
	its = 1
	hyp = 94 / 321
	cut = 186
5986 [0, 30000]: LP
	bnd = 30000.000000
	its = 1
	hyp = 94 / 321
	cut = 199
6236 [0, 30000]: LP
	bnd = 30000.000000
	its = 1
	hyp = 94 / 321
	cut = 212
6484 [0, 30000]: LP
	bnd = 30000.000000
	its = 1
	hyp = 94 / 321
	cut = 225
6735 [0, 30000]: LP
	bnd = 30000.000000
	its = 1
	hyp = 94 / 321
	cut = 238
6992 [0, 30000]: LP
	bnd = 30000.000000
	its = 1
	hyp = 94 / 321
	cut = 251
7241 [0, 30000]: LP
	bnd = 30000.000000
	its = 1
	hyp = 94 / 321
	cut = 264
7488 [0, 30000]: LP
	bnd = 30000.000000
	its = 1
	hyp = 94 / 321
	cut = 277
7735 [0, 30000]: LP
	bnd = 30000.000000
	its = 1
	hyp = 94 / 321
	cut = 290
7985 [0, 30000]: LP
	bnd = 30000.000000
	its = 1
	hyp = 94 / 321
	cut = 303
8233 [0, 30000]: LP
	bnd = 30000.000000
	its = 1
	hyp = 94 / 321
	cut = 316
8480 [0, 30000]: LP
	bnd = 30000.000000
	its = 1
	hyp = 94 / 321
	cut = 329
8729 [0, 30000]: LP
	bnd = 30000.000000
	its = 1
	hyp = 94 / 321
	cut = 342
8977 [0, 30000]: LP
	bnd = 30000.000000
	its = 1
	hyp = 94 / 321
	cut = 355
9224 [0, 30000]: LP
	bnd = 30000.000000
	its = 1
	hyp = 94 / 321
	cut = 368
9471 [0, 30000]: LP
	bnd = 30000.000000
	its = 1
	hyp = 94 / 321
	cut = 381
9720 [0, 30000]: LP
	bnd = 30000.000000
	its = 1
	hyp = 94 / 321
	cut = 394
9968 [0, 30000]: LP
	bnd = 30000.000000
	its = 1
	hyp = 94 / 321
	cut = 407
10215 [0, 30000]: LP
	bnd = 30000.000000
	its = 1
	hyp = 94 / 321
	cut = 420
10463 [0, 30000]: LP
	bnd = 30000.000000
	its = 1
	hyp = 94 / 321
	cut = 433
10710 [0, 30000]: LP
	bnd = 30000.000000
	its = 1
	hyp = 94 / 321
	cut = 446
10958 [0, 30000]: LP
	bnd = 30000.000000
	its = 1
	hyp = 94 / 321
	cut = 459
11206 [0, 30000]: LP
	bnd = 30000.000000
	its = 1
	hyp = 94 / 321
	cut = 472
11454 [0, 30000]: LP
	bnd = 30000.000000
	its = 1
	hyp = 94 / 321
	cut = 485
11702 [0, 30000]: LP
	bnd = 30000.000000
	its = 1
	hyp = 94 / 321
	cut = 498
11949 [0, 30000]: LP
	bnd = 30000.000000
	its = 1
	hyp = 94 / 321
	cut = 511
12200 [0, 30000]: LP
	bnd = 30000.000000
	its = 1
	hyp = 94 / 321
	cut = 524
12447 [0, 30000]: LP
	bnd = 30000.000000
	its = 1
	hyp = 94 / 321
	cut = 537
12695 [0, 30000]: LP
	bnd = 30000.000000
	its = 1
	hyp = 94 / 321
	cut = 550
12944 [0, 30000]: LP
	bnd = 30000.000000
	its = 1
	hyp = 94 / 321
	cut = 563
13191 [0, 30000]: LP
	bnd = 30000.000000
	its = 1
	hyp = 94 / 321
	cut = 576
13438 [0, 30000]: LP
	bnd = 30000.000000
	its = 1
	hyp = 94 / 321
	cut = 589
13688 [0, 30000]: LP
	bnd = 30000.000000
	its = 1
	hyp = 94 / 321
	cut = 602
13938 [0, 30000]: LP
	bnd = 30000.000000
	its = 1
	hyp = 94 / 321
	cut = 615
14058 [30000, 30000]: HEURISTIC 3
