hypergraph with 10802 vertices and 490584 hyperarcs generated in 3093
3004 [0, 30000]: LP
	bnd = 30000.000000
	its = 12
	hyp = 113 / 132
	cut = 0
4177 [0, 30000]: LP
	bnd = 30000.000000
	its = 6
	hyp = 125 / 275
	cut = 10
4871 [0, 30000]: LP
	bnd = 30000.000000
	its = 3
	hyp = 134 / 316
	cut = 30
5442 [0, 30000]: LP
	bnd = 30000.000000
	its = 2
	hyp = 119 / 332
	cut = 51
5852 [0, 30000]: LP
	bnd = 30000.000000
	its = 1
	hyp = 129 / 332
	cut = 72
6300 [0, 30000]: LP
	bnd = 30000.000000
	its = 1
	hyp = 94 / 332
	cut = 94
6730 [0, 30000]: LP
	bnd = 30000.000000
	its = 1
	hyp = 94 / 332
	cut = 115
7160 [0, 30000]: LP
	bnd = 30000.000000
	its = 1
	hyp = 94 / 332
	cut = 136
7592 [0, 30000]: LP
	bnd = 30000.000000
	its = 1
	hyp = 94 / 332
	cut = 157
8023 [0, 30000]: LP
	bnd = 30000.000000
	its = 1
	hyp = 94 / 332
	cut = 178
8452 [0, 30000]: LP
	bnd = 30000.000000
	its = 1
	hyp = 94 / 332
	cut = 197
8883 [0, 30000]: LP
	bnd = 30000.000000
	its = 1
	hyp = 94 / 332
	cut = 216
9310 [0, 30000]: LP
	bnd = 30000.000000
	its = 1
	hyp = 94 / 332
	cut = 235
9737 [0, 30000]: LP
	bnd = 30000.000000
	its = 1
	hyp = 94 / 332
	cut = 254
10167 [0, 30000]: LP
	bnd = 30000.000000
	its = 1
	hyp = 94 / 332
	cut = 273
10597 [0, 30000]: LP
	bnd = 30000.000000
	its = 1
	hyp = 94 / 332
	cut = 292
11031 [0, 30000]: LP
	bnd = 30000.000000
	its = 1
	hyp = 94 / 332
	cut = 311
11464 [0, 30000]: LP
	bnd = 30000.000000
	its = 1
	hyp = 94 / 332
	cut = 330
11891 [0, 30000]: LP
	bnd = 30000.000000
	its = 1
	hyp = 94 / 332
	cut = 349
12319 [0, 30000]: LP
	bnd = 30000.000000
	its = 1
	hyp = 94 / 332
	cut = 368
12746 [0, 30000]: LP
	bnd = 30000.000000
	its = 1
	hyp = 94 / 332
	cut = 387
13177 [0, 30000]: LP
	bnd = 30000.000000
	its = 1
	hyp = 94 / 332
	cut = 406
13606 [0, 30000]: LP
	bnd = 30000.000000
	its = 1
	hyp = 94 / 332
	cut = 425
14033 [0, 30000]: LP
	bnd = 30000.000000
	its = 1
	hyp = 94 / 332
	cut = 444
14462 [0, 30000]: LP
	bnd = 30000.000000
	its = 1
	hyp = 94 / 332
	cut = 463
14889 [0, 30000]: LP
	bnd = 30000.000000
	its = 1
	hyp = 94 / 332
	cut = 482
15322 [0, 30000]: LP
	bnd = 30000.000000
	its = 1
	hyp = 94 / 332
	cut = 501
15755 [0, 30000]: LP
	bnd = 30000.000000
	its = 1
	hyp = 94 / 332
	cut = 520
16189 [0, 30000]: LP
	bnd = 30000.000000
	its = 1
	hyp = 94 / 332
	cut = 539
16619 [0, 30000]: LP
	bnd = 30000.000000
	its = 1
	hyp = 94 / 332
	cut = 558
17047 [0, 30000]: LP
	bnd = 30000.000000
	its = 1
	hyp = 94 / 332
	cut = 577
17476 [0, 30000]: LP
	bnd = 30000.000000
	its = 1
	hyp = 94 / 332
	cut = 596
17904 [0, 30000]: LP
	bnd = 30000.000000
	its = 1
	hyp = 94 / 332
	cut = 615
18332 [0, 30000]: LP
	bnd = 30000.000000
	its = 1
	hyp = 94 / 332
	cut = 634
18761 [0, 30000]: LP
	bnd = 30000.000000
	its = 1
	hyp = 94 / 332
	cut = 653
19189 [0, 30000]: LP
	bnd = 30000.000000
	its = 1
	hyp = 94 / 332
	cut = 672
19620 [0, 30000]: LP
	bnd = 30000.000000
	its = 1
	hyp = 94 / 332
	cut = 691
20050 [0, 30000]: LP
	bnd = 30000.000000
	its = 1
	hyp = 94 / 332
	cut = 710
20483 [0, 30000]: LP
	bnd = 30000.000000
	its = 1
	hyp = 94 / 332
	cut = 729
20915 [0, 30000]: LP
	bnd = 30000.000000
	its = 1
	hyp = 94 / 332
	cut = 748
21348 [0, 30000]: LP
	bnd = 30000.000000
	its = 1
	hyp = 94 / 332
	cut = 767
21780 [0, 30000]: LP
	bnd = 30000.000000
	its = 1
	hyp = 94 / 332
	cut = 786
22227 [0, 30000]: LP
	bnd = 30000.000000
	its = 1
	hyp = 94 / 332
	cut = 805
22659 [0, 30000]: LP
	bnd = 30000.000000
	its = 1
	hyp = 94 / 332
	cut = 824
23092 [0, 30000]: LP
	bnd = 30000.000000
	its = 1
	hyp = 94 / 332
	cut = 843
23524 [0, 30000]: LP
	bnd = 30000.000000
	its = 1
	hyp = 94 / 332
	cut = 862
23956 [0, 30000]: LP
	bnd = 30000.000000
	its = 1
	hyp = 94 / 332
	cut = 881
24387 [0, 30000]: LP
	bnd = 30000.000000
	its = 1
	hyp = 94 / 332
	cut = 900
24822 [0, 30000]: LP
	bnd = 30000.000000
	its = 1
	hyp = 94 / 332
	cut = 919
25257 [0, 30000]: LP
	bnd = 30000.000000
	its = 1
	hyp = 94 / 332
	cut = 938
25691 [0, 30000]: LP
	bnd = 30000.000000
	its = 1
	hyp = 94 / 332
	cut = 957
26123 [0, 30000]: LP
	bnd = 30000.000000
	its = 1
	hyp = 94 / 332
	cut = 976
26554 [0, 30000]: LP
	bnd = 30000.000000
	its = 1
	hyp = 94 / 332
	cut = 995
26987 [0, 30000]: LP
	bnd = 30000.000000
	its = 1
	hyp = 94 / 332
	cut = 1014
27416 [0, 30000]: LP
	bnd = 30000.000000
	its = 1
	hyp = 94 / 332
	cut = 1033
27846 [0, 30000]: LP
	bnd = 30000.000000
	its = 1
	hyp = 94 / 332
	cut = 1052
28276 [0, 30000]: LP
	bnd = 30000.000000
	its = 1
	hyp = 94 / 332
	cut = 1071
28706 [0, 30000]: LP
	bnd = 30000.000000
	its = 1
	hyp = 94 / 332
	cut = 1090
29137 [0, 30000]: LP
	bnd = 30000.000000
	its = 1
	hyp = 94 / 332
	cut = 1109
29568 [0, 30000]: LP
	bnd = 30000.000000
	its = 1
	hyp = 94 / 332
	cut = 1128
30003 [0, 30000]: LP
	bnd = 30000.000000
	its = 1
	hyp = 94 / 332
	cut = 1147
30435 [0, 30000]: LP
	bnd = 30000.000000
	its = 1
	hyp = 94 / 332
	cut = 1166
30871 [0, 30000]: LP
	bnd = 30000.000000
	its = 1
	hyp = 94 / 332
	cut = 1185
31303 [0, 30000]: LP
	bnd = 30000.000000
	its = 1
	hyp = 94 / 332
	cut = 1204
31735 [0, 30000]: LP
	bnd = 30000.000000
	its = 1
	hyp = 94 / 332
	cut = 1223
32166 [0, 30000]: LP
	bnd = 30000.000000
	its = 1
	hyp = 94 / 332
	cut = 1242
32594 [0, 30000]: LP
	bnd = 30000.000000
	its = 1
	hyp = 94 / 332
	cut = 1261
33023 [0, 30000]: LP
	bnd = 30000.000000
	its = 1
	hyp = 94 / 332
	cut = 1280
33451 [0, 30000]: LP
	bnd = 30000.000000
	its = 1
	hyp = 94 / 332
	cut = 1299
33880 [0, 30000]: LP
	bnd = 30000.000000
	its = 1
	hyp = 94 / 332
	cut = 1318
34309 [0, 30000]: LP
	bnd = 30000.000000
	its = 1
	hyp = 94 / 332
	cut = 1337
34737 [0, 30000]: LP
	bnd = 30000.000000
	its = 1
	hyp = 94 / 332
	cut = 1356
35167 [0, 30000]: LP
	bnd = 30000.000000
	its = 1
	hyp = 94 / 332
	cut = 1375
35598 [0, 30000]: LP
	bnd = 30000.000000
	its = 1
	hyp = 94 / 332
	cut = 1394
36028 [0, 30000]: LP
	bnd = 30000.000000
	its = 1
	hyp = 94 / 332
	cut = 1413
36459 [0, 30000]: LP
	bnd = 30000.000000
	its = 1
	hyp = 94 / 332
	cut = 1432
36889 [0, 30000]: LP
	bnd = 30000.000000
	its = 1
	hyp = 94 / 332
	cut = 1451
37319 [0, 30000]: LP
	bnd = 30000.000000
	its = 1
	hyp = 94 / 332
	cut = 1470
37748 [0, 30000]: LP
	bnd = 30000.000000
	its = 1
	hyp = 94 / 332
	cut = 1489
38176 [0, 30000]: LP
	bnd = 30000.000000
	its = 1
	hyp = 94 / 332
	cut = 1508
38428 [30000, 30000]: HEURISTIC 3
