hypergraph with 10302 vertices and 489818 hyperarcs generated in 1539
1629 [0, 30000]: LP
	bnd = 30000.000000
	its = 12
	hyp = 125 / 161
	cut = 0
2389 [0, 30000]: LP
	bnd = 30000.000000
	its = 7
	hyp = 149 / 387
	cut = 12
2657 [0, 30000]: LP
	bnd = 30000.000000
	its = 1
	hyp = 171 / 387
	cut = 35
3064 [0, 30000]: LP
	bnd = 30000.000000
	its = 3
	hyp = 138 / 426
	cut = 56
3308 [0, 30000]: LP
	bnd = 30000.000000
	its = 1
	hyp = 137 / 426
	cut = 75
3553 [0, 30000]: LP
	bnd = 30000.000000
	its = 1
	hyp = 125 / 426
	cut = 96
3811 [0, 30000]: LP
	bnd = 30000.000000
	its = 1
	hyp = 128 / 426
	cut = 115
4061 [0, 30000]: LP
	bnd = 30000.000000
	its = 1
	hyp = 131 / 426
	cut = 134
4317 [0, 30000]: LP
	bnd = 30000.000000
	its = 1
	hyp = 133 / 426
	cut = 153
4564 [0, 30000]: LP
	bnd = 30000.000000
	its = 1
	hyp = 125 / 426
	cut = 172
4808 [0, 30000]: LP
	bnd = 30000.000000
	its = 1
	hyp = 125 / 426
	cut = 190
5051 [0, 30000]: LP
	bnd = 30000.000000
	its = 1
	hyp = 125 / 426
	cut = 208
5308 [0, 30000]: LP
	bnd = 30000.000000
	its = 1
	hyp = 135 / 426
	cut = 226
5564 [0, 30000]: LP
	bnd = 30000.000000
	its = 1
	hyp = 135 / 426
	cut = 244
5819 [0, 30000]: LP
	bnd = 30000.000000
	its = 1
	hyp = 135 / 426
	cut = 262
6080 [0, 30000]: LP
	bnd = 30000.000000
	its = 1
	hyp = 135 / 426
	cut = 280
6337 [0, 30000]: LP
	bnd = 30000.000000
	its = 1
	hyp = 135 / 426
	cut = 298
6593 [0, 30000]: LP
	bnd = 30000.000000
	its = 1
	hyp = 135 / 426
	cut = 316
6864 [0, 30000]: LP
	bnd = 30000.000000
	its = 1
	hyp = 133 / 426
	cut = 334
7133 [0, 30000]: LP
	bnd = 30000.000000
	its = 1
	hyp = 133 / 426
	cut = 352
7402 [0, 30000]: LP
	bnd = 30000.000000
	its = 1
	hyp = 133 / 426
	cut = 370
7672 [0, 30000]: LP
	bnd = 30000.000000
	its = 1
	hyp = 133 / 426
	cut = 388
7941 [0, 30000]: LP
	bnd = 30000.000000
	its = 1
	hyp = 133 / 426
	cut = 406
8210 [0, 30000]: LP
	bnd = 30000.000000
	its = 1
	hyp = 133 / 426
	cut = 424
8479 [0, 30000]: LP
	bnd = 30000.000000
	its = 1
	hyp = 133 / 426
	cut = 442
8750 [0, 30000]: LP
	bnd = 30000.000000
	its = 1
	hyp = 133 / 426
	cut = 460
9024 [0, 30000]: LP
	bnd = 30000.000000
	its = 1
	hyp = 133 / 426
	cut = 478
9294 [0, 30000]: LP
	bnd = 30000.000000
	its = 1
	hyp = 133 / 426
	cut = 496
9570 [0, 30000]: LP
	bnd = 30000.000000
	its = 1
	hyp = 133 / 426
	cut = 514
9841 [0, 30000]: LP
	bnd = 30000.000000
	its = 1
	hyp = 133 / 426
	cut = 532
10111 [0, 30000]: LP
	bnd = 30000.000000
	its = 1
	hyp = 133 / 426
	cut = 550
10381 [0, 30000]: LP
	bnd = 30000.000000
	its = 1
	hyp = 133 / 426
	cut = 568
10651 [0, 30000]: LP
	bnd = 30000.000000
	its = 1
	hyp = 133 / 426
	cut = 586
10923 [0, 30000]: LP
	bnd = 30000.000000
	its = 1
	hyp = 133 / 426
	cut = 604
11193 [0, 30000]: LP
	bnd = 30000.000000
	its = 1
	hyp = 133 / 426
	cut = 622
11464 [0, 30000]: LP
	bnd = 30000.000000
	its = 1
	hyp = 133 / 426
	cut = 640
11736 [0, 30000]: LP
	bnd = 30000.000000
	its = 1
	hyp = 133 / 426
	cut = 658
12009 [0, 30000]: LP
	bnd = 30000.000000
	its = 1
	hyp = 133 / 426
	cut = 676
12281 [0, 30000]: LP
	bnd = 30000.000000
	its = 1
	hyp = 133 / 426
	cut = 694
12551 [0, 30000]: LP
	bnd = 30000.000000
	its = 1
	hyp = 133 / 426
	cut = 712
12822 [0, 30000]: LP
	bnd = 30000.000000
	its = 1
	hyp = 133 / 426
	cut = 730
13093 [0, 30000]: LP
	bnd = 30000.000000
	its = 1
	hyp = 133 / 426
	cut = 748
13363 [0, 30000]: LP
	bnd = 30000.000000
	its = 1
	hyp = 133 / 426
	cut = 766
13636 [0, 30000]: LP
	bnd = 30000.000000
	its = 1
	hyp = 133 / 426
	cut = 784
13907 [0, 30000]: LP
	bnd = 30000.000000
	its = 1
	hyp = 133 / 426
	cut = 802
14178 [0, 30000]: LP
	bnd = 30000.000000
	its = 1
	hyp = 133 / 426
	cut = 820
14448 [0, 30000]: LP
	bnd = 30000.000000
	its = 1
	hyp = 133 / 426
	cut = 838
14723 [0, 30000]: LP
	bnd = 30000.000000
	its = 1
	hyp = 133 / 426
	cut = 856
14994 [0, 30000]: LP
	bnd = 30000.000000
	its = 1
	hyp = 133 / 426
	cut = 874
15264 [0, 30000]: LP
	bnd = 30000.000000
	its = 1
	hyp = 133 / 426
	cut = 892
15535 [0, 30000]: LP
	bnd = 30000.000000
	its = 1
	hyp = 133 / 426
	cut = 910
15807 [0, 30000]: LP
	bnd = 30000.000000
	its = 1
	hyp = 133 / 426
	cut = 928
16078 [0, 30000]: LP
	bnd = 30000.000000
	its = 1
	hyp = 133 / 426
	cut = 946
16264 [30000, 30000]: HEURISTIC 3
