hypergraph with 10802 vertices and 491736 hyperarcs generated in 1154
5084 [0, 30000]: LP
	bnd = 30000.000000
	its = 28
	hyp = 219 / 298
	cut = 0
8269 [0, 30000]: LP
	bnd = 30000.000000
	its = 19
	hyp = 301 / 865
	cut = 47
10950 [0, 30000]: LP
	bnd = 30000.000000
	its = 15
	hyp = 359 / 1264
	cut = 100
12398 [0, 30000]: LP
	bnd = 30000.000000
	its = 6
	hyp = 441 / 1368
	cut = 153
13991 [0, 30000]: LP
	bnd = 30000.000000
	its = 7
	hyp = 448 / 1573
	cut = 211
15722 [0, 30000]: LP
	bnd = 30000.000000
	its = 6
	hyp = 433 / 1704
	cut = 272
17476 [0, 30000]: LP
	bnd = 30000.000000
	its = 6
	hyp = 501 / 1871
	cut = 333
18794 [0, 30000]: LP
	bnd = 30000.000000
	its = 3
	hyp = 509 / 1922
	cut = 397
20201 [0, 30000]: LP
	bnd = 30000.000000
	its = 3
	hyp = 493 / 2011
	cut = 462
21668 [0, 30000]: LP
	bnd = 30000.000000
	its = 3
	hyp = 548 / 2059
	cut = 528
23095 [0, 30000]: LP
	bnd = 30000.000000
	its = 3
	hyp = 482 / 2168
	cut = 592
24444 [0, 30000]: LP
	bnd = 30000.000000
	its = 3
	hyp = 675 / 2233
	cut = 654
25076 [30000, 30000]: HEURISTIC 3
