hypergraph with 9171 vertices and 342761 hyperarcs generated in 245
538 [0, 29951]: LP
	bnd = 29951.974609
	its = 19
	hyp = 113 / 202
	cut = 0
541 [0, 29951]: HEURISTIC 3
543 [0, 29951]: LABEL
	tot = 63
	max = 1
548 [0, 29922]: LABEL
	tot = 190
	max = 2
556 [0, 29892]: LABEL
	tot = 280
	max = 2
568 [0, 29862]: LABEL
	tot = 462
	max = 2
587 [0, 29832]: LABEL
	tot = 736
	max = 4
615 [0, 29802]: LABEL
	tot = 1109
	max = 4
653 [0, 29772]: LABEL
	tot = 1615
	max = 5
706 [0, 29742]: LABEL
	tot = 2383
	max = 8
778 [0, 29713]: LABEL
	tot = 3437
	max = 9
876 [0, 29683]: LABEL
	tot = 4860
	max = 12
1007 [29640, 29653]: LABEL
	tot = 7084
	max = 14
1087 [29640, 29653]: LP
	bnd = 29944.298828
	its = 18
	hyp = 147 / 430
	cut = 9
1157 [29640, 29640]: LABEL
	tot = 8337
	max = 17
