hypergraph with 10802 vertices and 493295 hyperarcs generated in 2463
3547 [0, 30000]: LP
	bnd = 30000.000000
	its = 16
	hyp = 135 / 152
	cut = 0
5347 [0, 30000]: LP
	bnd = 30000.000000
	its = 10
	hyp = 122 / 451
	cut = 16
5918 [0, 30000]: LP
	bnd = 30000.000000
	its = 2
	hyp = 132 / 505
	cut = 32
6316 [0, 30000]: LP
	bnd = 30000.000000
	its = 1
	hyp = 180 / 505
	cut = 55
6736 [0, 30000]: LP
	bnd = 30000.000000
	its = 1
	hyp = 127 / 505
	cut = 78
7170 [0, 30000]: LP
	bnd = 30000.000000
	its = 1
	hyp = 129 / 505
	cut = 101
7608 [0, 30000]: LP
	bnd = 30000.000000
	its = 1
	hyp = 126 / 505
	cut = 124
8054 [0, 30000]: LP
	bnd = 30000.000000
	its = 1
	hyp = 154 / 505
	cut = 146
8497 [0, 30000]: LP
	bnd = 30000.000000
	its = 1
	hyp = 153 / 505
	cut = 166
8941 [0, 30000]: LP
	bnd = 30000.000000
	its = 1
	hyp = 124 / 505
	cut = 186
9377 [0, 30000]: LP
	bnd = 30000.000000
	its = 1
	hyp = 121 / 505
	cut = 206
9810 [0, 30000]: LP
	bnd = 30000.000000
	its = 1
	hyp = 121 / 505
	cut = 225
10244 [0, 30000]: LP
	bnd = 30000.000000
	its = 1
	hyp = 121 / 505
	cut = 243
10750 [0, 30000]: LP
	bnd = 30000.000000
	its = 1
	hyp = 132 / 505
	cut = 262
11151 [0, 30000]: LP
	bnd = 30000.000000
	its = 1
	hyp = 132 / 505
	cut = 280
11663 [0, 30000]: LP
	bnd = 30000.000000
	its = 1
	hyp = 136 / 505
	cut = 298
12167 [0, 30000]: LP
	bnd = 30000.000000
	its = 1
	hyp = 136 / 505
	cut = 316
12678 [0, 30000]: LP
	bnd = 30000.000000
	its = 1
	hyp = 136 / 505
	cut = 334
13155 [0, 30000]: LP
	bnd = 30000.000000
	its = 1
	hyp = 127 / 505
	cut = 352
13635 [0, 30000]: LP
	bnd = 30000.000000
	its = 1
	hyp = 127 / 505
	cut = 370
14102 [0, 30000]: LP
	bnd = 30000.000000
	its = 1
	hyp = 127 / 505
	cut = 388
14572 [0, 30000]: LP
	bnd = 30000.000000
	its = 1
	hyp = 127 / 505
	cut = 406
15042 [0, 30000]: LP
	bnd = 30000.000000
	its = 1
	hyp = 127 / 505
	cut = 424
15540 [0, 30000]: LP
	bnd = 30000.000000
	its = 1
	hyp = 128 / 505
	cut = 442
16038 [0, 30000]: LP
	bnd = 30000.000000
	its = 1
	hyp = 128 / 505
	cut = 459
16533 [0, 30000]: LP
	bnd = 30000.000000
	its = 1
	hyp = 128 / 505
	cut = 476
17038 [0, 30000]: LP
	bnd = 30000.000000
	its = 1
	hyp = 128 / 505
	cut = 493
17536 [0, 30000]: LP
	bnd = 30000.000000
	its = 1
	hyp = 128 / 505
	cut = 510
18030 [0, 30000]: LP
	bnd = 30000.000000
	its = 1
	hyp = 128 / 505
	cut = 527
18524 [0, 30000]: LP
	bnd = 30000.000000
	its = 1
	hyp = 130 / 505
	cut = 545
18959 [0, 30000]: LP
	bnd = 30000.000000
	its = 1
	hyp = 137 / 505
	cut = 563
19392 [0, 30000]: LP
	bnd = 30000.000000
	its = 1
	hyp = 137 / 505
	cut = 581
19825 [0, 30000]: LP
	bnd = 30000.000000
	its = 1
	hyp = 137 / 505
	cut = 599
20262 [0, 30000]: LP
	bnd = 30000.000000
	its = 1
	hyp = 137 / 505
	cut = 617
20697 [0, 30000]: LP
	bnd = 30000.000000
	its = 1
	hyp = 137 / 505
	cut = 635
21125 [0, 30000]: LP
	bnd = 30000.000000
	its = 1
	hyp = 137 / 505
	cut = 653
21557 [0, 30000]: LP
	bnd = 30000.000000
	its = 1
	hyp = 137 / 505
	cut = 671
21984 [0, 30000]: LP
	bnd = 30000.000000
	its = 1
	hyp = 137 / 505
	cut = 689
22411 [0, 30000]: LP
	bnd = 30000.000000
	its = 1
	hyp = 137 / 505
	cut = 707
22838 [0, 30000]: LP
	bnd = 30000.000000
	its = 1
	hyp = 137 / 505
	cut = 725
23265 [0, 30000]: LP
	bnd = 30000.000000
	its = 1
	hyp = 137 / 505
	cut = 743
23693 [0, 30000]: LP
	bnd = 30000.000000
	its = 1
	hyp = 137 / 505
	cut = 761
24119 [0, 30000]: LP
	bnd = 30000.000000
	its = 1
	hyp = 137 / 505
	cut = 779
24548 [0, 30000]: LP
	bnd = 30000.000000
	its = 1
	hyp = 137 / 505
	cut = 797
24976 [0, 30000]: LP
	bnd = 30000.000000
	its = 1
	hyp = 137 / 505
	cut = 815
25404 [0, 30000]: LP
	bnd = 30000.000000
	its = 1
	hyp = 137 / 505
	cut = 833
25831 [0, 30000]: LP
	bnd = 30000.000000
	its = 1
	hyp = 137 / 505
	cut = 851
26256 [0, 30000]: LP
	bnd = 30000.000000
	its = 1
	hyp = 137 / 505
	cut = 869
26682 [0, 30000]: LP
	bnd = 30000.000000
	its = 1
	hyp = 137 / 505
	cut = 887
27110 [0, 30000]: LP
	bnd = 30000.000000
	its = 1
	hyp = 137 / 505
	cut = 905
27538 [0, 30000]: LP
	bnd = 30000.000000
	its = 1
	hyp = 137 / 505
	cut = 923
27966 [0, 30000]: LP
	bnd = 30000.000000
	its = 1
	hyp = 137 / 505
	cut = 941
28394 [0, 30000]: LP
	bnd = 30000.000000
	its = 1
	hyp = 137 / 505
	cut = 959
28821 [0, 30000]: LP
	bnd = 30000.000000
	its = 1
	hyp = 137 / 505
	cut = 977
29252 [0, 30000]: LP
	bnd = 30000.000000
	its = 1
	hyp = 137 / 505
	cut = 995
29684 [0, 30000]: LP
	bnd = 30000.000000
	its = 1
	hyp = 137 / 505
	cut = 1013
30113 [0, 30000]: LP
	bnd = 30000.000000
	its = 1
	hyp = 137 / 505
	cut = 1031
30541 [0, 30000]: LP
	bnd = 30000.000000
	its = 1
	hyp = 137 / 505
	cut = 1049
30970 [0, 30000]: LP
	bnd = 30000.000000
	its = 1
	hyp = 137 / 505
	cut = 1067
31397 [0, 30000]: LP
	bnd = 30000.000000
	its = 1
	hyp = 137 / 505
	cut = 1085
31826 [0, 30000]: LP
	bnd = 30000.000000
	its = 1
	hyp = 137 / 505
	cut = 1103
32252 [0, 30000]: LP
	bnd = 30000.000000
	its = 1
	hyp = 137 / 505
	cut = 1121
32680 [0, 30000]: LP
	bnd = 30000.000000
	its = 1
	hyp = 137 / 505
	cut = 1139
33108 [0, 30000]: LP
	bnd = 30000.000000
	its = 1
	hyp = 137 / 505
	cut = 1157
33534 [0, 30000]: LP
	bnd = 30000.000000
	its = 1
	hyp = 137 / 505
	cut = 1175
33962 [0, 30000]: LP
	bnd = 30000.000000
	its = 1
	hyp = 137 / 505
	cut = 1193
34391 [0, 30000]: LP
	bnd = 30000.000000
	its = 1
	hyp = 137 / 505
	cut = 1211
34540 [30000, 30000]: HEURISTIC 3
