hypergraph with 8595 vertices and 278607 hyperarcs generated in 215
199 [0, 29433]: LP
	bnd = 29433.187500
	its = 6
	hyp = 89 / 124
	cut = 0
203 [0, 29433]: HEURISTIC 3
206 [0, 29433]: LABEL
	tot = 182
	max = 1
209 [0, 29403]: LABEL
	tot = 207
	max = 2
212 [0, 29374]: LABEL
	tot = 246
	max = 2
216 [0, 29344]: LABEL
	tot = 348
	max = 2
222 [0, 29315]: LABEL
	tot = 492
	max = 2
229 [0, 29286]: LABEL
	tot = 645
	max = 2
240 [0, 29257]: LABEL
	tot = 937
	max = 3
251 [0, 29227]: LABEL
	tot = 1046
	max = 4
265 [0, 29198]: LABEL
	tot = 1270
	max = 4
281 [0, 29169]: LABEL
	tot = 1566
	max = 5
299 [0, 29140]: LABEL
	tot = 1772
	max = 5
319 [0, 29111]: LABEL
	tot = 1967
	max = 6
342 [28824, 29081]: LABEL
	tot = 2256
	max = 7
354 [28824, 29081]: LP
	bnd = 29433.187500
	its = 4
	hyp = 106 / 234
	cut = 3
369 [28824, 29052]: LABEL
	tot = 2471
	max = 8
399 [28824, 29023]: LABEL
	tot = 2740
	max = 10
434 [28824, 28994]: LABEL
	tot = 3179
	max = 9
473 [28824, 28965]: LABEL
	tot = 3695
	max = 10
493 [28824, 28965]: LP
	bnd = 29433.187500
	its = 4
	hyp = 73 / 257
	cut = 6
517 [28824, 28936]: LABEL
	tot = 4015
	max = 12
564 [28824, 28907]: LABEL
	tot = 4390
	max = 13
615 [28824, 28878]: LABEL
	tot = 4725
	max = 13
633 [28824, 28878]: LP
	bnd = 29431.794922
	its = 4
	hyp = 88 / 287
	cut = 9
672 [28824, 28850]: LABEL
	tot = 5167
	max = 16
736 [28824, 28824]: LABEL
	tot = 5783
	max = 19
