hypergraph with 10052 vertices and 471664 hyperarcs generated in 767
861 [0, 30000]: LP
	bnd = 30000.000000
	its = 10
	hyp = 111 / 118
	cut = 0
1396 [0, 30000]: LP
	bnd = 30000.000000
	its = 7
	hyp = 133 / 411
	cut = 12
1640 [0, 30000]: LP
	bnd = 30000.000000
	its = 2
	hyp = 103 / 439
	cut = 26
1948 [0, 30000]: LP
	bnd = 30000.000000
	its = 3
	hyp = 115 / 504
	cut = 39
2371 [0, 30000]: LP
	bnd = 30000.000000
	its = 5
	hyp = 138 / 596
	cut = 51
2542 [0, 30000]: LP
	bnd = 30000.000000
	its = 1
	hyp = 148 / 596
	cut = 66
2802 [0, 30000]: LP
	bnd = 30000.000000
	its = 2
	hyp = 138 / 620
	cut = 82
3227 [0, 30000]: LP
	bnd = 30000.000000
	its = 5
	hyp = 187 / 708
	cut = 98
3340 [30000, 30000]: HEURISTIC 3
