hypergraph with 9361 vertices and 365210 hyperarcs generated in 117
637 [0, 29472]: LP
	bnd = 29472.781250
	its = 23
	hyp = 183 / 336
	cut = 0
640 [0, 29472]: HEURISTIC 3
642 [0, 29472]: LABEL
	tot = 95
	max = 1
645 [0, 29443]: LABEL
	tot = 240
	max = 2
650 [0, 29413]: LABEL
	tot = 340
	max = 3
656 [0, 29384]: LABEL
	tot = 470
	max = 3
665 [0, 29355]: LABEL
	tot = 695
	max = 4
677 [0, 29325]: LABEL
	tot = 880
	max = 4
692 [0, 29296]: LABEL
	tot = 1062
	max = 4
709 [0, 29267]: LABEL
	tot = 1245
	max = 5
731 [0, 29237]: LABEL
	tot = 1588
	max = 6
758 [0, 29208]: LABEL
	tot = 1926
	max = 6
790 [0, 29179]: LABEL
	tot = 2235
	max = 7
828 [0, 29150]: LABEL
	tot = 2690
	max = 8
873 [0, 29121]: LABEL
	tot = 3230
	max = 10
926 [0, 29091]: LABEL
	tot = 3828
	max = 10
989 [0, 29062]: LABEL
	tot = 4476
	max = 11
1062 [28850, 29033]: LABEL
	tot = 5182
	max = 12
1147 [28850, 29004]: LABEL
	tot = 5929
	max = 14
1245 [28850, 28975]: LABEL
	tot = 6915
	max = 15
1359 [28850, 28946]: LABEL
	tot = 7893
	max = 18
1489 [28850, 28917]: LABEL
	tot = 9022
	max = 22
1636 [28850, 28888]: LABEL
	tot = 10372
	max = 25
1652 [28850, 28888]: LP
	bnd = 29360.226562
	its = 32
	hyp = 256 / 762
	cut = 17
	restart
1800 [28850, 28860]: LABEL
	tot = 8260
	max = 19
1954 [28850, 28850]: LABEL
	tot = 8771
	max = 20
