hypergraph with 10802 vertices and 494198 hyperarcs generated in 2414
2885 [0, 30000]: LP
	bnd = 30000.000000
	its = 11
	hyp = 103 / 131
	cut = 0
4228 [0, 30000]: LP
	bnd = 30000.000000
	its = 7
	hyp = 139 / 372
	cut = 13
4670 [0, 30000]: LP
	bnd = 30000.000000
	its = 1
	hyp = 114 / 372
	cut = 38
5088 [0, 30000]: LP
	bnd = 30000.000000
	its = 1
	hyp = 107 / 372
	cut = 60
5486 [0, 30000]: LP
	bnd = 30000.000000
	its = 1
	hyp = 80 / 372
	cut = 81
5883 [0, 30000]: LP
	bnd = 30000.000000
	its = 1
	hyp = 80 / 372
	cut = 102
6279 [0, 30000]: LP
	bnd = 30000.000000
	its = 1
	hyp = 80 / 372
	cut = 123
6691 [0, 30000]: LP
	bnd = 30000.000000
	its = 1
	hyp = 80 / 372
	cut = 144
7088 [0, 30000]: LP
	bnd = 30000.000000
	its = 1
	hyp = 80 / 372
	cut = 165
7488 [0, 30000]: LP
	bnd = 30000.000000
	its = 1
	hyp = 80 / 372
	cut = 186
7886 [0, 30000]: LP
	bnd = 30000.000000
	its = 1
	hyp = 80 / 372
	cut = 207
8283 [0, 30000]: LP
	bnd = 30000.000000
	its = 1
	hyp = 80 / 372
	cut = 228
8679 [0, 30000]: LP
	bnd = 30000.000000
	its = 1
	hyp = 80 / 372
	cut = 249
9076 [0, 30000]: LP
	bnd = 30000.000000
	its = 1
	hyp = 80 / 372
	cut = 270
9474 [0, 30000]: LP
	bnd = 30000.000000
	its = 1
	hyp = 80 / 372
	cut = 291
9883 [0, 30000]: LP
	bnd = 30000.000000
	its = 1
	hyp = 80 / 372
	cut = 312
10280 [0, 30000]: LP
	bnd = 30000.000000
	its = 1
	hyp = 80 / 372
	cut = 333
10678 [0, 30000]: LP
	bnd = 30000.000000
	its = 1
	hyp = 80 / 372
	cut = 354
11079 [0, 30000]: LP
	bnd = 30000.000000
	its = 1
	hyp = 80 / 372
	cut = 375
11477 [0, 30000]: LP
	bnd = 30000.000000
	its = 1
	hyp = 80 / 372
	cut = 396
11877 [0, 30000]: LP
	bnd = 30000.000000
	its = 1
	hyp = 80 / 372
	cut = 417
12274 [0, 30000]: LP
	bnd = 30000.000000
	its = 1
	hyp = 80 / 372
	cut = 438
12672 [0, 30000]: LP
	bnd = 30000.000000
	its = 1
	hyp = 80 / 372
	cut = 459
13082 [0, 30000]: LP
	bnd = 30000.000000
	its = 1
	hyp = 80 / 372
	cut = 480
13480 [0, 30000]: LP
	bnd = 30000.000000
	its = 1
	hyp = 80 / 372
	cut = 501
13886 [0, 30000]: LP
	bnd = 30000.000000
	its = 1
	hyp = 80 / 372
	cut = 522
14283 [0, 30000]: LP
	bnd = 30000.000000
	its = 1
	hyp = 80 / 372
	cut = 543
14681 [0, 30000]: LP
	bnd = 30000.000000
	its = 1
	hyp = 80 / 372
	cut = 564
15087 [0, 30000]: LP
	bnd = 30000.000000
	its = 1
	hyp = 80 / 372
	cut = 585
15493 [0, 30000]: LP
	bnd = 30000.000000
	its = 1
	hyp = 80 / 372
	cut = 606
15891 [0, 30000]: LP
	bnd = 30000.000000
	its = 1
	hyp = 80 / 372
	cut = 627
16289 [0, 30000]: LP
	bnd = 30000.000000
	its = 1
	hyp = 80 / 372
	cut = 648
16687 [0, 30000]: LP
	bnd = 30000.000000
	its = 1
	hyp = 80 / 372
	cut = 669
17084 [0, 30000]: LP
	bnd = 30000.000000
	its = 1
	hyp = 80 / 372
	cut = 690
17483 [0, 30000]: LP
	bnd = 30000.000000
	its = 1
	hyp = 80 / 372
	cut = 711
17881 [0, 30000]: LP
	bnd = 30000.000000
	its = 1
	hyp = 80 / 372
	cut = 732
18280 [0, 30000]: LP
	bnd = 30000.000000
	its = 1
	hyp = 80 / 372
	cut = 753
18679 [0, 30000]: LP
	bnd = 30000.000000
	its = 1
	hyp = 80 / 372
	cut = 774
19076 [0, 30000]: LP
	bnd = 30000.000000
	its = 1
	hyp = 80 / 372
	cut = 795
19475 [0, 30000]: LP
	bnd = 30000.000000
	its = 1
	hyp = 80 / 372
	cut = 816
19873 [0, 30000]: LP
	bnd = 30000.000000
	its = 1
	hyp = 80 / 372
	cut = 837
20272 [0, 30000]: LP
	bnd = 30000.000000
	its = 1
	hyp = 80 / 372
	cut = 858
20672 [0, 30000]: LP
	bnd = 30000.000000
	its = 1
	hyp = 80 / 372
	cut = 879
21070 [0, 30000]: LP
	bnd = 30000.000000
	its = 1
	hyp = 80 / 372
	cut = 900
21468 [0, 30000]: LP
	bnd = 30000.000000
	its = 1
	hyp = 80 / 372
	cut = 921
21867 [0, 30000]: LP
	bnd = 30000.000000
	its = 1
	hyp = 80 / 372
	cut = 942
22265 [0, 30000]: LP
	bnd = 30000.000000
	its = 1
	hyp = 80 / 372
	cut = 963
22664 [0, 30000]: LP
	bnd = 30000.000000
	its = 1
	hyp = 80 / 372
	cut = 984
23063 [0, 30000]: LP
	bnd = 30000.000000
	its = 1
	hyp = 80 / 372
	cut = 1005
23461 [0, 30000]: LP
	bnd = 30000.000000
	its = 1
	hyp = 80 / 372
	cut = 1026
23860 [0, 30000]: LP
	bnd = 30000.000000
	its = 1
	hyp = 80 / 372
	cut = 1047
24259 [0, 30000]: LP
	bnd = 30000.000000
	its = 1
	hyp = 80 / 372
	cut = 1068
24657 [0, 30000]: LP
	bnd = 30000.000000
	its = 1
	hyp = 80 / 372
	cut = 1089
25056 [0, 30000]: LP
	bnd = 30000.000000
	its = 1
	hyp = 80 / 372
	cut = 1110
25455 [0, 30000]: LP
	bnd = 30000.000000
	its = 1
	hyp = 80 / 372
	cut = 1131
25854 [0, 30000]: LP
	bnd = 30000.000000
	its = 1
	hyp = 80 / 372
	cut = 1152
26253 [0, 30000]: LP
	bnd = 30000.000000
	its = 1
	hyp = 80 / 372
	cut = 1173
26652 [0, 30000]: LP
	bnd = 30000.000000
	its = 1
	hyp = 80 / 372
	cut = 1194
27050 [0, 30000]: LP
	bnd = 30000.000000
	its = 1
	hyp = 80 / 372
	cut = 1215
27458 [0, 30000]: LP
	bnd = 30000.000000
	its = 1
	hyp = 80 / 372
	cut = 1236
27859 [0, 30000]: LP
	bnd = 30000.000000
	its = 1
	hyp = 80 / 372
	cut = 1257
28258 [0, 30000]: LP
	bnd = 30000.000000
	its = 1
	hyp = 80 / 372
	cut = 1280
28658 [0, 30000]: LP
	bnd = 30000.000000
	its = 1
	hyp = 80 / 372
	cut = 1303
29056 [0, 30000]: LP
	bnd = 30000.000000
	its = 1
	hyp = 80 / 372
	cut = 1326
29455 [0, 30000]: LP
	bnd = 30000.000000
	its = 1
	hyp = 80 / 372
	cut = 1347
29853 [0, 30000]: LP
	bnd = 30000.000000
	its = 1
	hyp = 80 / 372
	cut = 1368
30251 [0, 30000]: LP
	bnd = 30000.000000
	its = 1
	hyp = 80 / 372
	cut = 1389
30649 [0, 30000]: LP
	bnd = 30000.000000
	its = 1
	hyp = 80 / 372
	cut = 1410
31048 [0, 30000]: LP
	bnd = 30000.000000
	its = 1
	hyp = 80 / 372
	cut = 1431
31445 [0, 30000]: LP
	bnd = 30000.000000
	its = 1
	hyp = 80 / 372
	cut = 1452
31844 [0, 30000]: LP
	bnd = 30000.000000
	its = 1
	hyp = 80 / 372
	cut = 1473
32242 [0, 30000]: LP
	bnd = 30000.000000
	its = 1
	hyp = 80 / 372
	cut = 1494
32639 [0, 30000]: LP
	bnd = 30000.000000
	its = 1
	hyp = 80 / 372
	cut = 1515
33037 [0, 30000]: LP
	bnd = 30000.000000
	its = 1
	hyp = 80 / 372
	cut = 1536
33275 [30000, 30000]: HEURISTIC 3
