hypergraph with 9050 vertices and 271853 hyperarcs generated in 209
271 [0, 29869]: LP
	bnd = 29869.500000
	its = 9
	hyp = 54 / 164
	cut = 0
273 [0, 29869]: HEURISTIC 3
275 [0, 29869]: LABEL
	tot = 76
	max = 2
277 [0, 29839]: LABEL
	tot = 76
	max = 2
279 [0, 29809]: LABEL
	tot = 168
	max = 2
282 [0, 29779]: LABEL
	tot = 187
	max = 2
284 [0, 29750]: LABEL
	tot = 196
	max = 2
289 [0, 29720]: LABEL
	tot = 343
	max = 4
294 [0, 29690]: LABEL
	tot = 371
	max = 4
300 [0, 29661]: LABEL
	tot = 485
	max = 4
307 [0, 29631]: LABEL
	tot = 540
	max = 4
317 [0, 29601]: LABEL
	tot = 664
	max = 6
328 [0, 29572]: LABEL
	tot = 895
	max = 8
343 [0, 29542]: LABEL
	tot = 1092
	max = 8
359 [29369, 29513]: LABEL
	tot = 1351
	max = 10
378 [29369, 29483]: LABEL
	tot = 1576
	max = 12
403 [29369, 29454]: LABEL
	tot = 2081
	max = 17
432 [29369, 29424]: LABEL
	tot = 2526
	max = 21
466 [29369, 29395]: LABEL
	tot = 3059
	max = 25
506 [29369, 29369]: LABEL
	tot = 3467
	max = 28
