hypergraph with 10302 vertices and 483445 hyperarcs generated in 1487
1393 [0, 30000]: LP
	bnd = 30000.000000
	its = 9
	hyp = 95 / 110
	cut = 0
2263 [0, 30000]: LP
	bnd = 30000.000000
	its = 8
	hyp = 96 / 289
	cut = 8
2512 [0, 30000]: LP
	bnd = 30000.000000
	its = 1
	hyp = 98 / 289
	cut = 18
2913 [0, 30000]: LP
	bnd = 30000.000000
	its = 3
	hyp = 131 / 341
	cut = 32
3255 [0, 30000]: LP
	bnd = 30000.000000
	its = 2
	hyp = 97 / 364
	cut = 48
3859 [0, 30000]: LP
	bnd = 30000.000000
	its = 5
	hyp = 117 / 469
	cut = 65
4123 [0, 30000]: LP
	bnd = 30000.000000
	its = 1
	hyp = 177 / 469
	cut = 81
4481 [0, 30000]: LP
	bnd = 30000.000000
	its = 2
	hyp = 109 / 484
	cut = 99
4924 [0, 30000]: LP
	bnd = 30000.000000
	its = 3
	hyp = 159 / 537
	cut = 117
5366 [0, 30000]: LP
	bnd = 30000.000000
	its = 3
	hyp = 167 / 574
	cut = 135
5637 [0, 30000]: LP
	bnd = 30000.000000
	its = 1
	hyp = 150 / 574
	cut = 153
5897 [0, 30000]: LP
	bnd = 30000.000000
	its = 1
	hyp = 125 / 574
	cut = 170
6175 [0, 30000]: LP
	bnd = 30000.000000
	its = 1
	hyp = 115 / 574
	cut = 186
6436 [0, 30000]: LP
	bnd = 30000.000000
	its = 1
	hyp = 127 / 574
	cut = 201
6665 [0, 30000]: LP
	bnd = 30000.000000
	its = 1
	hyp = 152 / 574
	cut = 216
6986 [0, 30000]: LP
	bnd = 30000.000000
	its = 1
	hyp = 120 / 574
	cut = 231
7246 [0, 30000]: LP
	bnd = 30000.000000
	its = 1
	hyp = 118 / 574
	cut = 246
7505 [0, 30000]: LP
	bnd = 30000.000000
	its = 1
	hyp = 118 / 574
	cut = 261
7751 [0, 30000]: LP
	bnd = 30000.000000
	its = 1
	hyp = 99 / 574
	cut = 276
8000 [0, 30000]: LP
	bnd = 30000.000000
	its = 1
	hyp = 99 / 574
	cut = 291
8246 [0, 30000]: LP
	bnd = 30000.000000
	its = 1
	hyp = 99 / 574
	cut = 306
8492 [0, 30000]: LP
	bnd = 30000.000000
	its = 1
	hyp = 99 / 574
	cut = 321
8738 [0, 30000]: LP
	bnd = 30000.000000
	its = 1
	hyp = 99 / 574
	cut = 336
8983 [0, 30000]: LP
	bnd = 30000.000000
	its = 1
	hyp = 99 / 574
	cut = 351
9230 [0, 30000]: LP
	bnd = 30000.000000
	its = 1
	hyp = 99 / 574
	cut = 366
9476 [0, 30000]: LP
	bnd = 30000.000000
	its = 1
	hyp = 99 / 574
	cut = 381
9722 [0, 30000]: LP
	bnd = 30000.000000
	its = 1
	hyp = 99 / 574
	cut = 396
9968 [0, 30000]: LP
	bnd = 30000.000000
	its = 1
	hyp = 99 / 574
	cut = 411
10214 [0, 30000]: LP
	bnd = 30000.000000
	its = 1
	hyp = 99 / 574
	cut = 426
10461 [0, 30000]: LP
	bnd = 30000.000000
	its = 1
	hyp = 99 / 574
	cut = 441
10611 [30000, 30000]: HEURISTIC 3
