hypergraph with 8514 vertices and 243820 hyperarcs generated in 119
507 [0, 29502]: LP
	bnd = 29502.621094
	its = 20
	hyp = 165 / 260
	cut = 0
509 [0, 29502]: HEURISTIC 3
511 [0, 29502]: LABEL
	tot = 42
	max = 1
515 [0, 29473]: LABEL
	tot = 148
	max = 2
518 [0, 29443]: LABEL
	tot = 232
	max = 2
523 [0, 29414]: LABEL
	tot = 279
	max = 3
528 [0, 29384]: LABEL
	tot = 342
	max = 3
533 [0, 29355]: LABEL
	tot = 431
	max = 3
540 [0, 29326]: LABEL
	tot = 514
	max = 3
548 [0, 29296]: LABEL
	tot = 563
	max = 3
557 [0, 29267]: LABEL
	tot = 682
	max = 4
569 [0, 29238]: LABEL
	tot = 756
	max = 4
581 [0, 29208]: LABEL
	tot = 823
	max = 5
596 [0, 29179]: LABEL
	tot = 906
	max = 6
612 [28906, 29150]: LABEL
	tot = 1105
	max = 8
632 [28984, 29121]: LABEL
	tot = 1241
	max = 8
656 [28984, 29092]: LABEL
	tot = 1494
	max = 8
683 [28984, 29063]: LABEL
	tot = 1674
	max = 8
715 [28984, 29034]: LABEL
	tot = 1967
	max = 8
747 [28984, 29005]: LABEL
	tot = 2147
	max = 8
777 [28984, 28984]: LABEL
	tot = 2296
	max = 9
