hypergraph with 10802 vertices and 488611 hyperarcs generated in 2714
2491 [0, 30000]: LP
	bnd = 30000.000000
	its = 8
	hyp = 73 / 81
	cut = 0
3049 [0, 30000]: LP
	bnd = 30000.000000
	its = 2
	hyp = 57 / 114
	cut = 4
3870 [0, 30000]: LP
	bnd = 30000.000000
	its = 4
	hyp = 89 / 152
	cut = 9
4287 [0, 30000]: LP
	bnd = 30000.000000
	its = 1
	hyp = 90 / 152
	cut = 18
4672 [0, 30000]: LP
	bnd = 30000.000000
	its = 1
	hyp = 72 / 152
	cut = 28
5076 [0, 30000]: LP
	bnd = 30000.000000
	its = 1
	hyp = 68 / 152
	cut = 36
5460 [0, 30000]: LP
	bnd = 30000.000000
	its = 1
	hyp = 68 / 152
	cut = 42
5847 [0, 30000]: LP
	bnd = 30000.000000
	its = 1
	hyp = 59 / 152
	cut = 49
6232 [0, 30000]: LP
	bnd = 30000.000000
	its = 1
	hyp = 59 / 152
	cut = 53
6617 [0, 30000]: LP
	bnd = 30000.000000
	its = 1
	hyp = 59 / 152
	cut = 57
7001 [0, 30000]: LP
	bnd = 30000.000000
	its = 1
	hyp = 59 / 152
	cut = 61
7385 [0, 30000]: LP
	bnd = 30000.000000
	its = 1
	hyp = 59 / 152
	cut = 65
7768 [0, 30000]: LP
	bnd = 30000.000000
	its = 1
	hyp = 59 / 152
	cut = 69
8154 [0, 30000]: LP
	bnd = 30000.000000
	its = 1
	hyp = 59 / 152
	cut = 73
8540 [0, 30000]: LP
	bnd = 30000.000000
	its = 1
	hyp = 59 / 152
	cut = 77
8924 [0, 30000]: LP
	bnd = 30000.000000
	its = 1
	hyp = 59 / 152
	cut = 81
9309 [0, 30000]: LP
	bnd = 30000.000000
	its = 1
	hyp = 59 / 152
	cut = 85
9693 [0, 30000]: LP
	bnd = 30000.000000
	its = 1
	hyp = 59 / 152
	cut = 89
10078 [0, 30000]: LP
	bnd = 30000.000000
	its = 1
	hyp = 59 / 152
	cut = 93
10461 [0, 30000]: LP
	bnd = 30000.000000
	its = 1
	hyp = 59 / 152
	cut = 97
10845 [0, 30000]: LP
	bnd = 30000.000000
	its = 1
	hyp = 59 / 152
	cut = 101
11229 [0, 30000]: LP
	bnd = 30000.000000
	its = 1
	hyp = 59 / 152
	cut = 105
11614 [0, 30000]: LP
	bnd = 30000.000000
	its = 1
	hyp = 59 / 152
	cut = 109
12000 [0, 30000]: LP
	bnd = 30000.000000
	its = 1
	hyp = 59 / 152
	cut = 113
12385 [0, 30000]: LP
	bnd = 30000.000000
	its = 1
	hyp = 59 / 152
	cut = 117
12769 [0, 30000]: LP
	bnd = 30000.000000
	its = 1
	hyp = 59 / 152
	cut = 121
13153 [0, 30000]: LP
	bnd = 30000.000000
	its = 1
	hyp = 59 / 152
	cut = 125
13537 [0, 30000]: LP
	bnd = 30000.000000
	its = 1
	hyp = 59 / 152
	cut = 129
13923 [0, 30000]: LP
	bnd = 30000.000000
	its = 1
	hyp = 59 / 152
	cut = 133
14308 [0, 30000]: LP
	bnd = 30000.000000
	its = 1
	hyp = 59 / 152
	cut = 137
14692 [0, 30000]: LP
	bnd = 30000.000000
	its = 1
	hyp = 59 / 152
	cut = 141
15076 [0, 30000]: LP
	bnd = 30000.000000
	its = 1
	hyp = 59 / 152
	cut = 145
15462 [0, 30000]: LP
	bnd = 30000.000000
	its = 1
	hyp = 59 / 152
	cut = 149
15846 [0, 30000]: LP
	bnd = 30000.000000
	its = 1
	hyp = 59 / 152
	cut = 153
16234 [0, 30000]: LP
	bnd = 30000.000000
	its = 1
	hyp = 59 / 152
	cut = 157
16622 [0, 30000]: LP
	bnd = 30000.000000
	its = 1
	hyp = 59 / 152
	cut = 161
17008 [0, 30000]: LP
	bnd = 30000.000000
	its = 1
	hyp = 59 / 152
	cut = 165
17395 [0, 30000]: LP
	bnd = 30000.000000
	its = 1
	hyp = 59 / 152
	cut = 169
17783 [0, 30000]: LP
	bnd = 30000.000000
	its = 1
	hyp = 59 / 152
	cut = 173
18167 [0, 30000]: LP
	bnd = 30000.000000
	its = 1
	hyp = 59 / 152
	cut = 177
18551 [0, 30000]: LP
	bnd = 30000.000000
	its = 1
	hyp = 59 / 152
	cut = 181
18935 [0, 30000]: LP
	bnd = 30000.000000
	its = 1
	hyp = 59 / 152
	cut = 185
19318 [0, 30000]: LP
	bnd = 30000.000000
	its = 1
	hyp = 59 / 152
	cut = 189
19702 [0, 30000]: LP
	bnd = 30000.000000
	its = 1
	hyp = 59 / 152
	cut = 193
20086 [0, 30000]: LP
	bnd = 30000.000000
	its = 1
	hyp = 59 / 152
	cut = 197
20470 [0, 30000]: LP
	bnd = 30000.000000
	its = 1
	hyp = 59 / 152
	cut = 201
20854 [0, 30000]: LP
	bnd = 30000.000000
	its = 1
	hyp = 59 / 152
	cut = 205
21238 [0, 30000]: LP
	bnd = 30000.000000
	its = 1
	hyp = 59 / 152
	cut = 209
21621 [0, 30000]: LP
	bnd = 30000.000000
	its = 1
	hyp = 59 / 152
	cut = 213
22005 [0, 30000]: LP
	bnd = 30000.000000
	its = 1
	hyp = 59 / 152
	cut = 217
22389 [0, 30000]: LP
	bnd = 30000.000000
	its = 1
	hyp = 59 / 152
	cut = 221
22773 [0, 30000]: LP
	bnd = 30000.000000
	its = 1
	hyp = 59 / 152
	cut = 225
23159 [0, 30000]: LP
	bnd = 30000.000000
	its = 1
	hyp = 59 / 152
	cut = 229
23542 [0, 30000]: LP
	bnd = 30000.000000
	its = 1
	hyp = 59 / 152
	cut = 233
23927 [0, 30000]: LP
	bnd = 30000.000000
	its = 1
	hyp = 59 / 152
	cut = 237
24310 [0, 30000]: LP
	bnd = 30000.000000
	its = 1
	hyp = 59 / 152
	cut = 241
24694 [0, 30000]: LP
	bnd = 30000.000000
	its = 1
	hyp = 59 / 152
	cut = 245
25078 [0, 30000]: LP
	bnd = 30000.000000
	its = 1
	hyp = 59 / 152
	cut = 249
25461 [0, 30000]: LP
	bnd = 30000.000000
	its = 1
	hyp = 59 / 152
	cut = 253
25845 [0, 30000]: LP
	bnd = 30000.000000
	its = 1
	hyp = 59 / 152
	cut = 257
26229 [0, 30000]: LP
	bnd = 30000.000000
	its = 1
	hyp = 59 / 152
	cut = 261
26613 [0, 30000]: LP
	bnd = 30000.000000
	its = 1
	hyp = 59 / 152
	cut = 265
27000 [0, 30000]: LP
	bnd = 30000.000000
	its = 1
	hyp = 59 / 152
	cut = 269
27384 [0, 30000]: LP
	bnd = 30000.000000
	its = 1
	hyp = 59 / 152
	cut = 273
27771 [0, 30000]: LP
	bnd = 30000.000000
	its = 1
	hyp = 59 / 152
	cut = 277
28155 [0, 30000]: LP
	bnd = 30000.000000
	its = 1
	hyp = 59 / 152
	cut = 281
28540 [0, 30000]: LP
	bnd = 30000.000000
	its = 1
	hyp = 59 / 152
	cut = 285
28924 [0, 30000]: LP
	bnd = 30000.000000
	its = 1
	hyp = 59 / 152
	cut = 289
29309 [0, 30000]: LP
	bnd = 30000.000000
	its = 1
	hyp = 59 / 152
	cut = 293
29693 [0, 30000]: LP
	bnd = 30000.000000
	its = 1
	hyp = 59 / 152
	cut = 297
30079 [0, 30000]: LP
	bnd = 30000.000000
	its = 1
	hyp = 59 / 152
	cut = 301
30463 [0, 30000]: LP
	bnd = 30000.000000
	its = 1
	hyp = 59 / 152
	cut = 305
30570 [30000, 30000]: HEURISTIC 3
