hypergraph with 10802 vertices and 493700 hyperarcs generated in 2451
2895 [0, 30000]: LP
	bnd = 30000.000000
	its = 11
	hyp = 133 / 141
	cut = 0
4307 [0, 30000]: LP
	bnd = 30000.000000
	its = 7
	hyp = 234 / 437
	cut = 12
4882 [0, 30000]: LP
	bnd = 30000.000000
	its = 2
	hyp = 120 / 484
	cut = 37
5312 [0, 30000]: LP
	bnd = 30000.000000
	its = 1
	hyp = 184 / 484
	cut = 61
6024 [0, 30000]: LP
	bnd = 30000.000000
	its = 3
	hyp = 108 / 529
	cut = 84
6439 [0, 30000]: LP
	bnd = 30000.000000
	its = 1
	hyp = 108 / 529
	cut = 107
6855 [0, 30000]: LP
	bnd = 30000.000000
	its = 1
	hyp = 108 / 529
	cut = 130
7273 [0, 30000]: LP
	bnd = 30000.000000
	its = 1
	hyp = 108 / 529
	cut = 153
7691 [0, 30000]: LP
	bnd = 30000.000000
	its = 1
	hyp = 108 / 529
	cut = 176
8108 [0, 30000]: LP
	bnd = 30000.000000
	its = 1
	hyp = 108 / 529
	cut = 199
8524 [0, 30000]: LP
	bnd = 30000.000000
	its = 1
	hyp = 108 / 529
	cut = 222
8954 [0, 30000]: LP
	bnd = 30000.000000
	its = 1
	hyp = 108 / 529
	cut = 245
9372 [0, 30000]: LP
	bnd = 30000.000000
	its = 1
	hyp = 108 / 529
	cut = 268
9789 [0, 30000]: LP
	bnd = 30000.000000
	its = 1
	hyp = 108 / 529
	cut = 291
10208 [0, 30000]: LP
	bnd = 30000.000000
	its = 1
	hyp = 108 / 529
	cut = 314
10639 [0, 30000]: LP
	bnd = 30000.000000
	its = 1
	hyp = 108 / 529
	cut = 337
11057 [0, 30000]: LP
	bnd = 30000.000000
	its = 1
	hyp = 108 / 529
	cut = 360
11473 [0, 30000]: LP
	bnd = 30000.000000
	its = 1
	hyp = 108 / 529
	cut = 383
11890 [0, 30000]: LP
	bnd = 30000.000000
	its = 1
	hyp = 108 / 529
	cut = 406
12308 [0, 30000]: LP
	bnd = 30000.000000
	its = 1
	hyp = 108 / 529
	cut = 429
12725 [0, 30000]: LP
	bnd = 30000.000000
	its = 1
	hyp = 108 / 529
	cut = 452
13141 [0, 30000]: LP
	bnd = 30000.000000
	its = 1
	hyp = 108 / 529
	cut = 475
13559 [0, 30000]: LP
	bnd = 30000.000000
	its = 1
	hyp = 108 / 529
	cut = 498
13977 [0, 30000]: LP
	bnd = 30000.000000
	its = 1
	hyp = 108 / 529
	cut = 521
14409 [0, 30000]: LP
	bnd = 30000.000000
	its = 1
	hyp = 108 / 529
	cut = 544
14835 [0, 30000]: LP
	bnd = 30000.000000
	its = 1
	hyp = 108 / 529
	cut = 567
15263 [0, 30000]: LP
	bnd = 30000.000000
	its = 1
	hyp = 108 / 529
	cut = 590
15699 [0, 30000]: LP
	bnd = 30000.000000
	its = 1
	hyp = 108 / 529
	cut = 613
16120 [0, 30000]: LP
	bnd = 30000.000000
	its = 1
	hyp = 108 / 529
	cut = 636
16547 [0, 30000]: LP
	bnd = 30000.000000
	its = 1
	hyp = 108 / 529
	cut = 659
16968 [0, 30000]: LP
	bnd = 30000.000000
	its = 1
	hyp = 108 / 529
	cut = 682
17401 [0, 30000]: LP
	bnd = 30000.000000
	its = 1
	hyp = 108 / 529
	cut = 705
17824 [0, 30000]: LP
	bnd = 30000.000000
	its = 1
	hyp = 108 / 529
	cut = 728
18246 [0, 30000]: LP
	bnd = 30000.000000
	its = 1
	hyp = 108 / 529
	cut = 751
18666 [0, 30000]: LP
	bnd = 30000.000000
	its = 1
	hyp = 108 / 529
	cut = 774
19088 [0, 30000]: LP
	bnd = 30000.000000
	its = 1
	hyp = 108 / 529
	cut = 797
19510 [0, 30000]: LP
	bnd = 30000.000000
	its = 1
	hyp = 108 / 529
	cut = 820
19930 [0, 30000]: LP
	bnd = 30000.000000
	its = 1
	hyp = 108 / 529
	cut = 843
20350 [0, 30000]: LP
	bnd = 30000.000000
	its = 1
	hyp = 108 / 529
	cut = 866
20770 [0, 30000]: LP
	bnd = 30000.000000
	its = 1
	hyp = 108 / 529
	cut = 889
21189 [0, 30000]: LP
	bnd = 30000.000000
	its = 1
	hyp = 108 / 529
	cut = 912
21608 [0, 30000]: LP
	bnd = 30000.000000
	its = 1
	hyp = 108 / 529
	cut = 935
22028 [0, 30000]: LP
	bnd = 30000.000000
	its = 1
	hyp = 108 / 529
	cut = 958
22447 [0, 30000]: LP
	bnd = 30000.000000
	its = 1
	hyp = 108 / 529
	cut = 981
22867 [0, 30000]: LP
	bnd = 30000.000000
	its = 1
	hyp = 108 / 529
	cut = 1004
23287 [0, 30000]: LP
	bnd = 30000.000000
	its = 1
	hyp = 108 / 529
	cut = 1027
23708 [0, 30000]: LP
	bnd = 30000.000000
	its = 1
	hyp = 108 / 529
	cut = 1050
24128 [0, 30000]: LP
	bnd = 30000.000000
	its = 1
	hyp = 108 / 529
	cut = 1073
24551 [0, 30000]: LP
	bnd = 30000.000000
	its = 1
	hyp = 108 / 529
	cut = 1096
24970 [0, 30000]: LP
	bnd = 30000.000000
	its = 1
	hyp = 108 / 529
	cut = 1119
25391 [0, 30000]: LP
	bnd = 30000.000000
	its = 1
	hyp = 108 / 529
	cut = 1142
25810 [0, 30000]: LP
	bnd = 30000.000000
	its = 1
	hyp = 108 / 529
	cut = 1165
26251 [0, 30000]: LP
	bnd = 30000.000000
	its = 1
	hyp = 108 / 529
	cut = 1188
26686 [0, 30000]: LP
	bnd = 30000.000000
	its = 1
	hyp = 108 / 529
	cut = 1211
27105 [0, 30000]: LP
	bnd = 30000.000000
	its = 1
	hyp = 108 / 529
	cut = 1234
27523 [0, 30000]: LP
	bnd = 30000.000000
	its = 1
	hyp = 108 / 529
	cut = 1257
27943 [0, 30000]: LP
	bnd = 30000.000000
	its = 1
	hyp = 108 / 529
	cut = 1280
28365 [0, 30000]: LP
	bnd = 30000.000000
	its = 1
	hyp = 108 / 529
	cut = 1303
28787 [0, 30000]: LP
	bnd = 30000.000000
	its = 1
	hyp = 108 / 529
	cut = 1326
29208 [0, 30000]: LP
	bnd = 30000.000000
	its = 1
	hyp = 108 / 529
	cut = 1349
29631 [0, 30000]: LP
	bnd = 30000.000000
	its = 1
	hyp = 108 / 529
	cut = 1372
30052 [0, 30000]: LP
	bnd = 30000.000000
	its = 1
	hyp = 108 / 529
	cut = 1395
30475 [0, 30000]: LP
	bnd = 30000.000000
	its = 1
	hyp = 108 / 529
	cut = 1418
30897 [0, 30000]: LP
	bnd = 30000.000000
	its = 1
	hyp = 108 / 529
	cut = 1441
31318 [0, 30000]: LP
	bnd = 30000.000000
	its = 1
	hyp = 108 / 529
	cut = 1464
31742 [0, 30000]: LP
	bnd = 30000.000000
	its = 1
	hyp = 108 / 529
	cut = 1487
32163 [0, 30000]: LP
	bnd = 30000.000000
	its = 1
	hyp = 108 / 529
	cut = 1510
32583 [0, 30000]: LP
	bnd = 30000.000000
	its = 1
	hyp = 108 / 529
	cut = 1533
33006 [0, 30000]: LP
	bnd = 30000.000000
	its = 1
	hyp = 108 / 529
	cut = 1556
33427 [0, 30000]: LP
	bnd = 30000.000000
	its = 1
	hyp = 108 / 529
	cut = 1579
33849 [0, 30000]: LP
	bnd = 30000.000000
	its = 1
	hyp = 108 / 529
	cut = 1602
34271 [0, 30000]: LP
	bnd = 30000.000000
	its = 1
	hyp = 108 / 529
	cut = 1625
34635 [30000, 30000]: HEURISTIC 3
