hypergraph with 9803 vertices and 423568 hyperarcs generated in 188
1233 [0, 29986]: LP
	bnd = 29986.964844
	its = 37
	hyp = 171 / 363
	cut = 0
1237 [0, 29986]: HEURISTIC 3
1239 [0, 29986]: LABEL
	tot = 54
	max = 2
1248 [0, 29956]: LABEL
	tot = 156
	max = 2
1263 [0, 29927]: LABEL
	tot = 299
	max = 3
1290 [0, 29897]: LABEL
	tot = 551
	max = 4
1331 [0, 29867]: LABEL
	tot = 906
	max = 4
1391 [0, 29837]: LABEL
	tot = 1508
	max = 6
1476 [0, 29807]: LABEL
	tot = 2390
	max = 12
1599 [0, 29777]: LABEL
	tot = 3837
	max = 12
1775 [29712, 29747]: LABEL
	tot = 5948
	max = 17
2022 [29712, 29718]: LABEL
	tot = 9077
	max = 23
2289 [29712, 29712]: LABEL
	tot = 9859
	max = 23
