hypergraph with 10302 vertices and 483806 hyperarcs generated in 1421
1335 [0, 30000]: LP
	bnd = 30000.000000
	its = 8
	hyp = 83 / 95
	cut = 0
2020 [0, 30000]: LP
	bnd = 30000.000000
	its = 6
	hyp = 62 / 246
	cut = 12
2330 [0, 30000]: LP
	bnd = 30000.000000
	its = 2
	hyp = 73 / 260
	cut = 23
2751 [0, 30000]: LP
	bnd = 30000.000000
	its = 3
	hyp = 81 / 296
	cut = 35
3173 [0, 30000]: LP
	bnd = 30000.000000
	its = 3
	hyp = 89 / 341
	cut = 48
3713 [0, 30000]: LP
	bnd = 30000.000000
	its = 4
	hyp = 97 / 425
	cut = 63
4127 [0, 30000]: LP
	bnd = 30000.000000
	its = 3
	hyp = 125 / 462
	cut = 78
4734 [0, 30000]: LP
	bnd = 30000.000000
	its = 5
	hyp = 104 / 602
	cut = 94
5081 [0, 30000]: LP
	bnd = 30000.000000
	its = 2
	hyp = 217 / 615
	cut = 109
5521 [0, 30000]: LP
	bnd = 30000.000000
	its = 3
	hyp = 143 / 654
	cut = 125
6086 [0, 30000]: LP
	bnd = 30000.000000
	its = 4
	hyp = 122 / 707
	cut = 141
6467 [0, 30000]: LP
	bnd = 30000.000000
	its = 2
	hyp = 116 / 730
	cut = 157
6869 [0, 30000]: LP
	bnd = 30000.000000
	its = 2
	hyp = 162 / 754
	cut = 173
7354 [0, 30000]: LP
	bnd = 30000.000000
	its = 3
	hyp = 96 / 808
	cut = 189
7825 [0, 30000]: LP
	bnd = 30000.000000
	its = 3
	hyp = 139 / 861
	cut = 205
7928 [30000, 30000]: HEURISTIC 3
