hypergraph with 10802 vertices and 491189 hyperarcs generated in 1143
4769 [0, 30000]: LP
	bnd = 30000.000000
	its = 26
	hyp = 202 / 243
	cut = 0
8532 [0, 30000]: LP
	bnd = 30000.000000
	its = 24
	hyp = 309 / 894
	cut = 50
11030 [0, 30000]: LP
	bnd = 30000.000000
	its = 14
	hyp = 402 / 1336
	cut = 109
13124 [0, 30000]: LP
	bnd = 30000.000000
	its = 10
	hyp = 469 / 1547
	cut = 176
14674 [0, 30000]: LP
	bnd = 30000.000000
	its = 6
	hyp = 410 / 1675
	cut = 245
16540 [0, 30000]: LP
	bnd = 30000.000000
	its = 8
	hyp = 534 / 1833
	cut = 318
17937 [0, 30000]: LP
	bnd = 30000.000000
	its = 4
	hyp = 515 / 1921
	cut = 392
19323 [0, 30000]: LP
	bnd = 30000.000000
	its = 3
	hyp = 480 / 1984
	cut = 468
21081 [0, 30000]: LP
	bnd = 30000.000000
	its = 5
	hyp = 610 / 2088
	cut = 545
23079 [0, 30000]: LP
	bnd = 30000.000000
	its = 5
	hyp = 581 / 2217
	cut = 625
24435 [30000, 30000]: HEURISTIC 3
