hypergraph with 10302 vertices and 482809 hyperarcs generated in 1727
1635 [0, 30000]: LP
	bnd = 30000.000000
	its = 12
	hyp = 116 / 143
	cut = 0
2387 [0, 30000]: LP
	bnd = 30000.000000
	its = 7
	hyp = 131 / 286
	cut = 7
2642 [0, 30000]: LP
	bnd = 30000.000000
	its = 1
	hyp = 164 / 286
	cut = 18
2888 [0, 30000]: LP
	bnd = 30000.000000
	its = 1
	hyp = 93 / 286
	cut = 29
3149 [0, 30000]: LP
	bnd = 30000.000000
	its = 1
	hyp = 91 / 286
	cut = 41
3409 [0, 30000]: LP
	bnd = 30000.000000
	its = 1
	hyp = 75 / 286
	cut = 53
3668 [0, 30000]: LP
	bnd = 30000.000000
	its = 1
	hyp = 63 / 286
	cut = 64
3927 [0, 30000]: LP
	bnd = 30000.000000
	its = 1
	hyp = 63 / 286
	cut = 75
4186 [0, 30000]: LP
	bnd = 30000.000000
	its = 1
	hyp = 63 / 286
	cut = 86
4446 [0, 30000]: LP
	bnd = 30000.000000
	its = 1
	hyp = 63 / 286
	cut = 97
4705 [0, 30000]: LP
	bnd = 30000.000000
	its = 1
	hyp = 63 / 286
	cut = 108
4964 [0, 30000]: LP
	bnd = 30000.000000
	its = 1
	hyp = 63 / 286
	cut = 119
5223 [0, 30000]: LP
	bnd = 30000.000000
	its = 1
	hyp = 63 / 286
	cut = 130
5482 [0, 30000]: LP
	bnd = 30000.000000
	its = 1
	hyp = 63 / 286
	cut = 141
5741 [0, 30000]: LP
	bnd = 30000.000000
	its = 1
	hyp = 63 / 286
	cut = 152
6003 [0, 30000]: LP
	bnd = 30000.000000
	its = 1
	hyp = 63 / 286
	cut = 163
6263 [0, 30000]: LP
	bnd = 30000.000000
	its = 1
	hyp = 63 / 286
	cut = 174
6522 [0, 30000]: LP
	bnd = 30000.000000
	its = 1
	hyp = 63 / 286
	cut = 185
6781 [0, 30000]: LP
	bnd = 30000.000000
	its = 1
	hyp = 63 / 286
	cut = 196
7040 [0, 30000]: LP
	bnd = 30000.000000
	its = 1
	hyp = 63 / 286
	cut = 207
7299 [0, 30000]: LP
	bnd = 30000.000000
	its = 1
	hyp = 63 / 286
	cut = 218
7558 [0, 30000]: LP
	bnd = 30000.000000
	its = 1
	hyp = 63 / 286
	cut = 229
7816 [0, 30000]: LP
	bnd = 30000.000000
	its = 1
	hyp = 63 / 286
	cut = 240
8078 [0, 30000]: LP
	bnd = 30000.000000
	its = 1
	hyp = 63 / 286
	cut = 251
8337 [0, 30000]: LP
	bnd = 30000.000000
	its = 1
	hyp = 63 / 286
	cut = 262
8596 [0, 30000]: LP
	bnd = 30000.000000
	its = 1
	hyp = 63 / 286
	cut = 273
8855 [0, 30000]: LP
	bnd = 30000.000000
	its = 1
	hyp = 63 / 286
	cut = 284
9114 [0, 30000]: LP
	bnd = 30000.000000
	its = 1
	hyp = 63 / 286
	cut = 295
9373 [0, 30000]: LP
	bnd = 30000.000000
	its = 1
	hyp = 63 / 286
	cut = 306
9632 [0, 30000]: LP
	bnd = 30000.000000
	its = 1
	hyp = 63 / 286
	cut = 317
9890 [0, 30000]: LP
	bnd = 30000.000000
	its = 1
	hyp = 63 / 286
	cut = 328
10149 [0, 30000]: LP
	bnd = 30000.000000
	its = 1
	hyp = 63 / 286
	cut = 339
10408 [0, 30000]: LP
	bnd = 30000.000000
	its = 1
	hyp = 63 / 286
	cut = 350
10669 [0, 30000]: LP
	bnd = 30000.000000
	its = 1
	hyp = 63 / 286
	cut = 361
10929 [0, 30000]: LP
	bnd = 30000.000000
	its = 1
	hyp = 63 / 286
	cut = 372
11189 [0, 30000]: LP
	bnd = 30000.000000
	its = 1
	hyp = 63 / 286
	cut = 383
11448 [0, 30000]: LP
	bnd = 30000.000000
	its = 1
	hyp = 63 / 286
	cut = 394
11707 [0, 30000]: LP
	bnd = 30000.000000
	its = 1
	hyp = 63 / 286
	cut = 405
11967 [0, 30000]: LP
	bnd = 30000.000000
	its = 1
	hyp = 63 / 286
	cut = 416
12226 [0, 30000]: LP
	bnd = 30000.000000
	its = 1
	hyp = 63 / 286
	cut = 427
12485 [0, 30000]: LP
	bnd = 30000.000000
	its = 1
	hyp = 63 / 286
	cut = 438
12744 [0, 30000]: LP
	bnd = 30000.000000
	its = 1
	hyp = 63 / 286
	cut = 449
13005 [0, 30000]: LP
	bnd = 30000.000000
	its = 1
	hyp = 63 / 286
	cut = 460
13264 [0, 30000]: LP
	bnd = 30000.000000
	its = 1
	hyp = 63 / 286
	cut = 471
13523 [0, 30000]: LP
	bnd = 30000.000000
	its = 1
	hyp = 63 / 286
	cut = 482
13782 [0, 30000]: LP
	bnd = 30000.000000
	its = 1
	hyp = 63 / 286
	cut = 493
14047 [0, 30000]: LP
	bnd = 30000.000000
	its = 1
	hyp = 63 / 286
	cut = 504
14306 [0, 30000]: LP
	bnd = 30000.000000
	its = 1
	hyp = 63 / 286
	cut = 515
14580 [0, 30000]: LP
	bnd = 30000.000000
	its = 1
	hyp = 63 / 286
	cut = 526
14843 [0, 30000]: LP
	bnd = 30000.000000
	its = 1
	hyp = 63 / 286
	cut = 537
15102 [0, 30000]: LP
	bnd = 30000.000000
	its = 1
	hyp = 63 / 286
	cut = 548
15362 [0, 30000]: LP
	bnd = 30000.000000
	its = 1
	hyp = 63 / 286
	cut = 559
15622 [0, 30000]: LP
	bnd = 30000.000000
	its = 1
	hyp = 63 / 286
	cut = 570
15883 [0, 30000]: LP
	bnd = 30000.000000
	its = 1
	hyp = 63 / 286
	cut = 581
16142 [0, 30000]: LP
	bnd = 30000.000000
	its = 1
	hyp = 63 / 286
	cut = 592
16177 [30000, 30000]: HEURISTIC 3
