hypergraph with 10302 vertices and 490116 hyperarcs generated in 1634
1559 [0, 30000]: LP
	bnd = 30000.000000
	its = 11
	hyp = 126 / 149
	cut = 0
2165 [0, 30000]: LP
	bnd = 30000.000000
	its = 5
	hyp = 110 / 297
	cut = 15
2589 [0, 30000]: LP
	bnd = 30000.000000
	its = 3
	hyp = 110 / 380
	cut = 28
2916 [0, 30000]: LP
	bnd = 30000.000000
	its = 2
	hyp = 127 / 409
	cut = 40
3183 [0, 30000]: LP
	bnd = 30000.000000
	its = 1
	hyp = 123 / 409
	cut = 54
3518 [0, 30000]: LP
	bnd = 30000.000000
	its = 2
	hyp = 112 / 442
	cut = 68
3774 [0, 30000]: LP
	bnd = 30000.000000
	its = 1
	hyp = 119 / 442
	cut = 82
4059 [0, 30000]: LP
	bnd = 30000.000000
	its = 1
	hyp = 152 / 442
	cut = 97
4341 [0, 30000]: LP
	bnd = 30000.000000
	its = 1
	hyp = 116 / 442
	cut = 111
4593 [0, 30000]: LP
	bnd = 30000.000000
	its = 1
	hyp = 128 / 442
	cut = 124
4933 [0, 30000]: LP
	bnd = 30000.000000
	its = 2
	hyp = 115 / 473
	cut = 137
5190 [0, 30000]: LP
	bnd = 30000.000000
	its = 1
	hyp = 117 / 473
	cut = 150
5458 [0, 30000]: LP
	bnd = 30000.000000
	its = 1
	hyp = 115 / 473
	cut = 163
5717 [0, 30000]: LP
	bnd = 30000.000000
	its = 1
	hyp = 108 / 473
	cut = 176
5971 [0, 30000]: LP
	bnd = 30000.000000
	its = 1
	hyp = 108 / 473
	cut = 189
6225 [0, 30000]: LP
	bnd = 30000.000000
	its = 1
	hyp = 108 / 473
	cut = 202
6469 [0, 30000]: LP
	bnd = 30000.000000
	its = 1
	hyp = 135 / 473
	cut = 215
6697 [0, 30000]: LP
	bnd = 30000.000000
	its = 1
	hyp = 119 / 473
	cut = 228
6971 [0, 30000]: LP
	bnd = 30000.000000
	its = 1
	hyp = 121 / 473
	cut = 241
7215 [0, 30000]: LP
	bnd = 30000.000000
	its = 1
	hyp = 121 / 473
	cut = 254
7489 [0, 30000]: LP
	bnd = 30000.000000
	its = 1
	hyp = 110 / 473
	cut = 267
7760 [0, 30000]: LP
	bnd = 30000.000000
	its = 1
	hyp = 110 / 473
	cut = 280
8032 [0, 30000]: LP
	bnd = 30000.000000
	its = 1
	hyp = 110 / 473
	cut = 293
8303 [0, 30000]: LP
	bnd = 30000.000000
	its = 1
	hyp = 110 / 473
	cut = 306
8575 [0, 30000]: LP
	bnd = 30000.000000
	its = 1
	hyp = 110 / 473
	cut = 319
8850 [0, 30000]: LP
	bnd = 30000.000000
	its = 1
	hyp = 110 / 473
	cut = 332
9122 [0, 30000]: LP
	bnd = 30000.000000
	its = 1
	hyp = 110 / 473
	cut = 345
9394 [0, 30000]: LP
	bnd = 30000.000000
	its = 1
	hyp = 110 / 473
	cut = 358
9666 [0, 30000]: LP
	bnd = 30000.000000
	its = 1
	hyp = 110 / 473
	cut = 371
9937 [0, 30000]: LP
	bnd = 30000.000000
	its = 1
	hyp = 110 / 473
	cut = 384
10210 [0, 30000]: LP
	bnd = 30000.000000
	its = 1
	hyp = 110 / 473
	cut = 397
10481 [0, 30000]: LP
	bnd = 30000.000000
	its = 1
	hyp = 110 / 473
	cut = 410
10753 [0, 30000]: LP
	bnd = 30000.000000
	its = 1
	hyp = 110 / 473
	cut = 423
11025 [0, 30000]: LP
	bnd = 30000.000000
	its = 1
	hyp = 110 / 473
	cut = 436
11298 [0, 30000]: LP
	bnd = 30000.000000
	its = 1
	hyp = 110 / 473
	cut = 449
11569 [0, 30000]: LP
	bnd = 30000.000000
	its = 1
	hyp = 110 / 473
	cut = 462
11841 [0, 30000]: LP
	bnd = 30000.000000
	its = 1
	hyp = 110 / 473
	cut = 475
12113 [0, 30000]: LP
	bnd = 30000.000000
	its = 1
	hyp = 110 / 473
	cut = 488
12385 [0, 30000]: LP
	bnd = 30000.000000
	its = 1
	hyp = 110 / 473
	cut = 501
12660 [0, 30000]: LP
	bnd = 30000.000000
	its = 1
	hyp = 110 / 473
	cut = 514
12788 [30000, 30000]: HEURISTIC 3
