hypergraph with 10302 vertices and 478181 hyperarcs generated in 1291
1567 [0, 30000]: LP
	bnd = 30000.000000
	its = 11
	hyp = 109 / 121
	cut = 0
2394 [0, 30000]: LP
	bnd = 30000.000000
	its = 8
	hyp = 93 / 330
	cut = 14
2862 [0, 30000]: LP
	bnd = 30000.000000
	its = 4
	hyp = 124 / 383
	cut = 34
3434 [0, 30000]: LP
	bnd = 30000.000000
	its = 5
	hyp = 166 / 451
	cut = 54
3932 [0, 30000]: LP
	bnd = 30000.000000
	its = 4
	hyp = 172 / 487
	cut = 75
4451 [0, 30000]: LP
	bnd = 30000.000000
	its = 4
	hyp = 148 / 538
	cut = 96
4914 [0, 30000]: LP
	bnd = 30000.000000
	its = 3
	hyp = 155 / 591
	cut = 116
5348 [0, 30000]: LP
	bnd = 30000.000000
	its = 3
	hyp = 123 / 614
	cut = 136
5730 [0, 30000]: LP
	bnd = 30000.000000
	its = 2
	hyp = 162 / 644
	cut = 157
6107 [0, 30000]: LP
	bnd = 30000.000000
	its = 2
	hyp = 189 / 665
	cut = 177
6501 [0, 30000]: LP
	bnd = 30000.000000
	its = 2
	hyp = 180 / 685
	cut = 197
6957 [0, 30000]: LP
	bnd = 30000.000000
	its = 3
	hyp = 199 / 712
	cut = 215
7272 [0, 30000]: LP
	bnd = 30000.000000
	its = 1
	hyp = 195 / 712
	cut = 235
7823 [0, 30000]: LP
	bnd = 30000.000000
	its = 4
	hyp = 222 / 757
	cut = 253
8134 [0, 30000]: LP
	bnd = 30000.000000
	its = 1
	hyp = 219 / 757
	cut = 272
8515 [0, 30000]: LP
	bnd = 30000.000000
	its = 2
	hyp = 211 / 774
	cut = 290
8927 [0, 30000]: LP
	bnd = 30000.000000
	its = 2
	hyp = 257 / 790
	cut = 308
9359 [30000, 30000]: HEURISTIC 3
