hypergraph with 10802 vertices and 490296 hyperarcs generated in 2938
2757 [0, 30000]: LP
	bnd = 30000.000000
	its = 10
	hyp = 114 / 127
	cut = 0
3777 [0, 30000]: LP
	bnd = 30000.000000
	its = 5
	hyp = 89 / 231
	cut = 5
4175 [0, 30000]: LP
	bnd = 30000.000000
	its = 1
	hyp = 88 / 231
	cut = 10
4571 [0, 30000]: LP
	bnd = 30000.000000
	its = 1
	hyp = 88 / 231
	cut = 15
4967 [0, 30000]: LP
	bnd = 30000.000000
	its = 1
	hyp = 88 / 231
	cut = 20
5382 [0, 30000]: LP
	bnd = 30000.000000
	its = 1
	hyp = 93 / 231
	cut = 25
5778 [0, 30000]: LP
	bnd = 30000.000000
	its = 1
	hyp = 88 / 231
	cut = 30
6174 [0, 30000]: LP
	bnd = 30000.000000
	its = 1
	hyp = 88 / 231
	cut = 35
6593 [0, 30000]: LP
	bnd = 30000.000000
	its = 1
	hyp = 109 / 231
	cut = 40
7297 [0, 30000]: LP
	bnd = 30000.000000
	its = 3
	hyp = 116 / 251
	cut = 55
8024 [0, 30000]: LP
	bnd = 30000.000000
	its = 3
	hyp = 175 / 303
	cut = 72
8625 [0, 30000]: LP
	bnd = 30000.000000
	its = 2
	hyp = 135 / 328
	cut = 90
9048 [0, 30000]: LP
	bnd = 30000.000000
	its = 1
	hyp = 116 / 328
	cut = 107
9622 [0, 30000]: LP
	bnd = 30000.000000
	its = 2
	hyp = 114 / 351
	cut = 124
10076 [0, 30000]: LP
	bnd = 30000.000000
	its = 1
	hyp = 161 / 351
	cut = 141
10795 [0, 30000]: LP
	bnd = 30000.000000
	its = 3
	hyp = 108 / 429
	cut = 157
11217 [0, 30000]: LP
	bnd = 30000.000000
	its = 1
	hyp = 132 / 429
	cut = 171
11647 [0, 30000]: LP
	bnd = 30000.000000
	its = 1
	hyp = 143 / 429
	cut = 184
12087 [0, 30000]: LP
	bnd = 30000.000000
	its = 1
	hyp = 133 / 429
	cut = 196
12522 [0, 30000]: LP
	bnd = 30000.000000
	its = 1
	hyp = 112 / 429
	cut = 207
12971 [0, 30000]: LP
	bnd = 30000.000000
	its = 1
	hyp = 93 / 429
	cut = 217
13422 [0, 30000]: LP
	bnd = 30000.000000
	its = 1
	hyp = 93 / 429
	cut = 226
13872 [0, 30000]: LP
	bnd = 30000.000000
	its = 1
	hyp = 93 / 429
	cut = 235
14323 [0, 30000]: LP
	bnd = 30000.000000
	its = 1
	hyp = 93 / 429
	cut = 244
14770 [0, 30000]: LP
	bnd = 30000.000000
	its = 1
	hyp = 93 / 429
	cut = 253
15218 [0, 30000]: LP
	bnd = 30000.000000
	its = 1
	hyp = 93 / 429
	cut = 262
15664 [0, 30000]: LP
	bnd = 30000.000000
	its = 1
	hyp = 93 / 429
	cut = 271
16109 [0, 30000]: LP
	bnd = 30000.000000
	its = 1
	hyp = 93 / 429
	cut = 280
16512 [0, 30000]: LP
	bnd = 30000.000000
	its = 1
	hyp = 95 / 429
	cut = 290
16915 [0, 30000]: LP
	bnd = 30000.000000
	its = 1
	hyp = 95 / 429
	cut = 300
17316 [0, 30000]: LP
	bnd = 30000.000000
	its = 1
	hyp = 95 / 429
	cut = 310
17717 [0, 30000]: LP
	bnd = 30000.000000
	its = 1
	hyp = 95 / 429
	cut = 320
18118 [0, 30000]: LP
	bnd = 30000.000000
	its = 1
	hyp = 95 / 429
	cut = 330
18519 [0, 30000]: LP
	bnd = 30000.000000
	its = 1
	hyp = 95 / 429
	cut = 340
18920 [0, 30000]: LP
	bnd = 30000.000000
	its = 1
	hyp = 95 / 429
	cut = 350
19347 [0, 30000]: LP
	bnd = 30000.000000
	its = 1
	hyp = 95 / 429
	cut = 360
19750 [0, 30000]: LP
	bnd = 30000.000000
	its = 1
	hyp = 95 / 429
	cut = 370
20152 [0, 30000]: LP
	bnd = 30000.000000
	its = 1
	hyp = 95 / 429
	cut = 380
20555 [0, 30000]: LP
	bnd = 30000.000000
	its = 1
	hyp = 95 / 429
	cut = 390
20958 [0, 30000]: LP
	bnd = 30000.000000
	its = 1
	hyp = 95 / 429
	cut = 400
21359 [0, 30000]: LP
	bnd = 30000.000000
	its = 1
	hyp = 95 / 429
	cut = 410
21762 [0, 30000]: LP
	bnd = 30000.000000
	its = 1
	hyp = 95 / 429
	cut = 420
22164 [0, 30000]: LP
	bnd = 30000.000000
	its = 1
	hyp = 95 / 429
	cut = 430
22568 [0, 30000]: LP
	bnd = 30000.000000
	its = 1
	hyp = 95 / 429
	cut = 440
22970 [0, 30000]: LP
	bnd = 30000.000000
	its = 1
	hyp = 95 / 429
	cut = 450
23373 [0, 30000]: LP
	bnd = 30000.000000
	its = 1
	hyp = 95 / 429
	cut = 460
23776 [0, 30000]: LP
	bnd = 30000.000000
	its = 1
	hyp = 95 / 429
	cut = 470
24179 [0, 30000]: LP
	bnd = 30000.000000
	its = 1
	hyp = 95 / 429
	cut = 480
24582 [0, 30000]: LP
	bnd = 30000.000000
	its = 1
	hyp = 95 / 429
	cut = 490
24985 [0, 30000]: LP
	bnd = 30000.000000
	its = 1
	hyp = 95 / 429
	cut = 500
25388 [0, 30000]: LP
	bnd = 30000.000000
	its = 1
	hyp = 95 / 429
	cut = 510
25790 [0, 30000]: LP
	bnd = 30000.000000
	its = 1
	hyp = 95 / 429
	cut = 520
26193 [0, 30000]: LP
	bnd = 30000.000000
	its = 1
	hyp = 95 / 429
	cut = 530
26595 [0, 30000]: LP
	bnd = 30000.000000
	its = 1
	hyp = 95 / 429
	cut = 540
26996 [0, 30000]: LP
	bnd = 30000.000000
	its = 1
	hyp = 95 / 429
	cut = 550
27397 [0, 30000]: LP
	bnd = 30000.000000
	its = 1
	hyp = 95 / 429
	cut = 560
27799 [0, 30000]: LP
	bnd = 30000.000000
	its = 1
	hyp = 95 / 429
	cut = 570
28201 [0, 30000]: LP
	bnd = 30000.000000
	its = 1
	hyp = 95 / 429
	cut = 580
28605 [0, 30000]: LP
	bnd = 30000.000000
	its = 1
	hyp = 95 / 429
	cut = 590
29013 [0, 30000]: LP
	bnd = 30000.000000
	its = 1
	hyp = 95 / 429
	cut = 600
29420 [0, 30000]: LP
	bnd = 30000.000000
	its = 1
	hyp = 95 / 429
	cut = 610
29823 [0, 30000]: LP
	bnd = 30000.000000
	its = 1
	hyp = 95 / 429
	cut = 620
30225 [0, 30000]: LP
	bnd = 30000.000000
	its = 1
	hyp = 95 / 429
	cut = 630
30627 [0, 30000]: LP
	bnd = 30000.000000
	its = 1
	hyp = 95 / 429
	cut = 640
31028 [0, 30000]: LP
	bnd = 30000.000000
	its = 1
	hyp = 95 / 429
	cut = 650
31429 [0, 30000]: LP
	bnd = 30000.000000
	its = 1
	hyp = 95 / 429
	cut = 660
31848 [0, 30000]: LP
	bnd = 30000.000000
	its = 1
	hyp = 95 / 429
	cut = 670
32157 [30000, 30000]: HEURISTIC 3
