hypergraph with 10302 vertices and 472703 hyperarcs generated in 1199
1412 [0, 30000]: LP
	bnd = 30000.000000
	its = 9
	hyp = 123 / 135
	cut = 0
2438 [0, 30000]: LP
	bnd = 30000.000000
	its = 10
	hyp = 158 / 446
	cut = 14
2932 [0, 30000]: LP
	bnd = 30000.000000
	its = 4
	hyp = 109 / 496
	cut = 29
3263 [0, 30000]: LP
	bnd = 30000.000000
	its = 2
	hyp = 88 / 517
	cut = 45
3514 [0, 30000]: LP
	bnd = 30000.000000
	its = 1
	hyp = 74 / 517
	cut = 62
4031 [0, 30000]: LP
	bnd = 30000.000000
	its = 4
	hyp = 128 / 561
	cut = 79
4464 [0, 30000]: LP
	bnd = 30000.000000
	its = 3
	hyp = 115 / 600
	cut = 96
4811 [0, 30000]: LP
	bnd = 30000.000000
	its = 2
	hyp = 155 / 619
	cut = 115
5064 [0, 30000]: LP
	bnd = 30000.000000
	its = 1
	hyp = 173 / 619
	cut = 135
5511 [0, 30000]: LP
	bnd = 30000.000000
	its = 3
	hyp = 153 / 662
	cut = 153
5847 [0, 30000]: LP
	bnd = 30000.000000
	its = 2
	hyp = 160 / 680
	cut = 171
6137 [0, 30000]: LP
	bnd = 30000.000000
	its = 1
	hyp = 178 / 680
	cut = 190
6357 [30000, 30000]: HEURISTIC 3
