hypergraph with 9803 vertices and 436862 hyperarcs generated in 204
1192 [0, 29994]: LP
	bnd = 29994.238281
	its = 35
	hyp = 177 / 358
	cut = 0
1196 [0, 29994]: HEURISTIC 3
1199 [0, 29994]: LABEL
	tot = 69
	max = 1
1207 [0, 29964]: LABEL
	tot = 152
	max = 2
1223 [0, 29934]: LABEL
	tot = 290
	max = 2
1251 [0, 29904]: LABEL
	tot = 493
	max = 2
1293 [0, 29874]: LABEL
	tot = 756
	max = 3
1349 [0, 29844]: LABEL
	tot = 1162
	max = 4
1424 [0, 29814]: LABEL
	tot = 1798
	max = 5
1527 [0, 29784]: LABEL
	tot = 2653
	max = 7
1671 [0, 29755]: LABEL
	tot = 4061
	max = 10
1869 [0, 29725]: LABEL
	tot = 5852
	max = 14
2137 [0, 29695]: LABEL
	tot = 8603
	max = 17
2498 [0, 29665]: LABEL
	tot = 12562
	max = 25
2973 [0, 29636]: LABEL
	tot = 18029
	max = 36
3236 [0, 29636]: LP
	bnd = 29943.673828
	its = 52
	hyp = 221 / 1233
	cut = 23
	restart
3719 [29579, 29606]: LABEL
	tot = 15980
	max = 33
4338 [29579, 29579]: LABEL
	tot = 22553
	max = 42
