hypergraph with 10802 vertices and 480326 hyperarcs generated in 2178
2743 [0, 30000]: LP
	bnd = 30000.000000
	its = 10
	hyp = 98 / 109
	cut = 0
3637 [0, 30000]: LP
	bnd = 30000.000000
	its = 4
	hyp = 200 / 264
	cut = 10
4757 [0, 30000]: LP
	bnd = 30000.000000
	its = 6
	hyp = 86 / 442
	cut = 28
5200 [0, 30000]: LP
	bnd = 30000.000000
	its = 1
	hyp = 97 / 442
	cut = 44
5606 [0, 30000]: LP
	bnd = 30000.000000
	its = 1
	hyp = 114 / 442
	cut = 58
6026 [0, 30000]: LP
	bnd = 30000.000000
	its = 1
	hyp = 83 / 442
	cut = 73
6465 [0, 30000]: LP
	bnd = 30000.000000
	its = 1
	hyp = 87 / 442
	cut = 88
6907 [0, 30000]: LP
	bnd = 30000.000000
	its = 1
	hyp = 87 / 442
	cut = 103
7579 [0, 30000]: LP
	bnd = 30000.000000
	its = 3
	hyp = 99 / 555
	cut = 118
8012 [0, 30000]: LP
	bnd = 30000.000000
	its = 1
	hyp = 90 / 555
	cut = 133
8443 [0, 30000]: LP
	bnd = 30000.000000
	its = 1
	hyp = 92 / 555
	cut = 147
8866 [0, 30000]: LP
	bnd = 30000.000000
	its = 1
	hyp = 92 / 555
	cut = 161
9289 [0, 30000]: LP
	bnd = 30000.000000
	its = 1
	hyp = 92 / 555
	cut = 175
9712 [0, 30000]: LP
	bnd = 30000.000000
	its = 1
	hyp = 92 / 555
	cut = 189
10136 [0, 30000]: LP
	bnd = 30000.000000
	its = 1
	hyp = 92 / 555
	cut = 203
10559 [0, 30000]: LP
	bnd = 30000.000000
	its = 1
	hyp = 92 / 555
	cut = 217
10985 [0, 30000]: LP
	bnd = 30000.000000
	its = 1
	hyp = 92 / 555
	cut = 231
11413 [0, 30000]: LP
	bnd = 30000.000000
	its = 1
	hyp = 92 / 555
	cut = 245
11835 [0, 30000]: LP
	bnd = 30000.000000
	its = 1
	hyp = 92 / 555
	cut = 259
12256 [0, 30000]: LP
	bnd = 30000.000000
	its = 1
	hyp = 92 / 555
	cut = 273
12681 [0, 30000]: LP
	bnd = 30000.000000
	its = 1
	hyp = 92 / 555
	cut = 287
13104 [0, 30000]: LP
	bnd = 30000.000000
	its = 1
	hyp = 92 / 555
	cut = 301
13526 [0, 30000]: LP
	bnd = 30000.000000
	its = 1
	hyp = 92 / 555
	cut = 315
13947 [0, 30000]: LP
	bnd = 30000.000000
	its = 1
	hyp = 92 / 555
	cut = 329
14370 [0, 30000]: LP
	bnd = 30000.000000
	its = 1
	hyp = 92 / 555
	cut = 343
14790 [0, 30000]: LP
	bnd = 30000.000000
	its = 1
	hyp = 92 / 555
	cut = 357
15225 [0, 30000]: LP
	bnd = 30000.000000
	its = 1
	hyp = 92 / 555
	cut = 371
15648 [0, 30000]: LP
	bnd = 30000.000000
	its = 1
	hyp = 92 / 555
	cut = 385
16072 [0, 30000]: LP
	bnd = 30000.000000
	its = 1
	hyp = 92 / 555
	cut = 399
16497 [0, 30000]: LP
	bnd = 30000.000000
	its = 1
	hyp = 92 / 555
	cut = 413
16919 [0, 30000]: LP
	bnd = 30000.000000
	its = 1
	hyp = 92 / 555
	cut = 427
17341 [0, 30000]: LP
	bnd = 30000.000000
	its = 1
	hyp = 92 / 555
	cut = 441
17765 [0, 30000]: LP
	bnd = 30000.000000
	its = 1
	hyp = 92 / 555
	cut = 455
18189 [0, 30000]: LP
	bnd = 30000.000000
	its = 1
	hyp = 92 / 555
	cut = 469
18613 [0, 30000]: LP
	bnd = 30000.000000
	its = 1
	hyp = 92 / 555
	cut = 483
19035 [0, 30000]: LP
	bnd = 30000.000000
	its = 1
	hyp = 92 / 555
	cut = 497
19459 [0, 30000]: LP
	bnd = 30000.000000
	its = 1
	hyp = 92 / 555
	cut = 511
19881 [0, 30000]: LP
	bnd = 30000.000000
	its = 1
	hyp = 92 / 555
	cut = 525
20304 [0, 30000]: LP
	bnd = 30000.000000
	its = 1
	hyp = 92 / 555
	cut = 539
20731 [0, 30000]: LP
	bnd = 30000.000000
	its = 1
	hyp = 92 / 555
	cut = 553
21155 [0, 30000]: LP
	bnd = 30000.000000
	its = 1
	hyp = 92 / 555
	cut = 567
21578 [0, 30000]: LP
	bnd = 30000.000000
	its = 1
	hyp = 92 / 555
	cut = 581
22015 [0, 30000]: LP
	bnd = 30000.000000
	its = 1
	hyp = 92 / 555
	cut = 595
22439 [0, 30000]: LP
	bnd = 30000.000000
	its = 1
	hyp = 92 / 555
	cut = 609
22863 [0, 30000]: LP
	bnd = 30000.000000
	its = 1
	hyp = 92 / 555
	cut = 623
23287 [0, 30000]: LP
	bnd = 30000.000000
	its = 1
	hyp = 92 / 555
	cut = 637
23710 [0, 30000]: LP
	bnd = 30000.000000
	its = 1
	hyp = 92 / 555
	cut = 651
24133 [0, 30000]: LP
	bnd = 30000.000000
	its = 1
	hyp = 92 / 555
	cut = 665
24556 [0, 30000]: LP
	bnd = 30000.000000
	its = 1
	hyp = 92 / 555
	cut = 679
24980 [0, 30000]: LP
	bnd = 30000.000000
	its = 1
	hyp = 92 / 555
	cut = 693
25403 [0, 30000]: LP
	bnd = 30000.000000
	its = 1
	hyp = 92 / 555
	cut = 707
25826 [0, 30000]: LP
	bnd = 30000.000000
	its = 1
	hyp = 92 / 555
	cut = 721
26250 [0, 30000]: LP
	bnd = 30000.000000
	its = 1
	hyp = 92 / 555
	cut = 735
26673 [0, 30000]: LP
	bnd = 30000.000000
	its = 1
	hyp = 92 / 555
	cut = 749
27098 [0, 30000]: LP
	bnd = 30000.000000
	its = 1
	hyp = 92 / 555
	cut = 763
27522 [0, 30000]: LP
	bnd = 30000.000000
	its = 1
	hyp = 92 / 555
	cut = 777
27945 [0, 30000]: LP
	bnd = 30000.000000
	its = 1
	hyp = 92 / 555
	cut = 791
28257 [30000, 30000]: HEURISTIC 3
