hypergraph with 10802 vertices and 491214 hyperarcs generated in 2963
2751 [0, 30000]: LP
	bnd = 30000.000000
	its = 10
	hyp = 108 / 125
	cut = 0
3511 [0, 30000]: LP
	bnd = 30000.000000
	its = 3
	hyp = 71 / 201
	cut = 7
3930 [0, 30000]: LP
	bnd = 30000.000000
	its = 1
	hyp = 79 / 201
	cut = 14
4346 [0, 30000]: LP
	bnd = 30000.000000
	its = 1
	hyp = 79 / 201
	cut = 21
4763 [0, 30000]: LP
	bnd = 30000.000000
	its = 1
	hyp = 110 / 201
	cut = 28
5179 [0, 30000]: LP
	bnd = 30000.000000
	its = 1
	hyp = 83 / 201
	cut = 42
5578 [0, 30000]: LP
	bnd = 30000.000000
	its = 1
	hyp = 83 / 201
	cut = 55
5978 [0, 30000]: LP
	bnd = 30000.000000
	its = 1
	hyp = 83 / 201
	cut = 68
6376 [0, 30000]: LP
	bnd = 30000.000000
	its = 1
	hyp = 83 / 201
	cut = 81
6775 [0, 30000]: LP
	bnd = 30000.000000
	its = 1
	hyp = 83 / 201
	cut = 94
7174 [0, 30000]: LP
	bnd = 30000.000000
	its = 1
	hyp = 83 / 201
	cut = 107
7573 [0, 30000]: LP
	bnd = 30000.000000
	its = 1
	hyp = 83 / 201
	cut = 120
7972 [0, 30000]: LP
	bnd = 30000.000000
	its = 1
	hyp = 83 / 201
	cut = 133
8370 [0, 30000]: LP
	bnd = 30000.000000
	its = 1
	hyp = 83 / 201
	cut = 146
8768 [0, 30000]: LP
	bnd = 30000.000000
	its = 1
	hyp = 83 / 201
	cut = 159
9166 [0, 30000]: LP
	bnd = 30000.000000
	its = 1
	hyp = 83 / 201
	cut = 172
9565 [0, 30000]: LP
	bnd = 30000.000000
	its = 1
	hyp = 83 / 201
	cut = 185
9964 [0, 30000]: LP
	bnd = 30000.000000
	its = 1
	hyp = 83 / 201
	cut = 198
10363 [0, 30000]: LP
	bnd = 30000.000000
	its = 1
	hyp = 83 / 201
	cut = 211
10762 [0, 30000]: LP
	bnd = 30000.000000
	its = 1
	hyp = 83 / 201
	cut = 224
11163 [0, 30000]: LP
	bnd = 30000.000000
	its = 1
	hyp = 83 / 201
	cut = 237
11562 [0, 30000]: LP
	bnd = 30000.000000
	its = 1
	hyp = 83 / 201
	cut = 250
11962 [0, 30000]: LP
	bnd = 30000.000000
	its = 1
	hyp = 83 / 201
	cut = 263
12361 [0, 30000]: LP
	bnd = 30000.000000
	its = 1
	hyp = 83 / 201
	cut = 276
12761 [0, 30000]: LP
	bnd = 30000.000000
	its = 1
	hyp = 83 / 201
	cut = 289
13160 [0, 30000]: LP
	bnd = 30000.000000
	its = 1
	hyp = 83 / 201
	cut = 302
13560 [0, 30000]: LP
	bnd = 30000.000000
	its = 1
	hyp = 83 / 201
	cut = 315
13961 [0, 30000]: LP
	bnd = 30000.000000
	its = 1
	hyp = 83 / 201
	cut = 328
14361 [0, 30000]: LP
	bnd = 30000.000000
	its = 1
	hyp = 83 / 201
	cut = 341
14761 [0, 30000]: LP
	bnd = 30000.000000
	its = 1
	hyp = 83 / 201
	cut = 354
15161 [0, 30000]: LP
	bnd = 30000.000000
	its = 1
	hyp = 83 / 201
	cut = 367
15561 [0, 30000]: LP
	bnd = 30000.000000
	its = 1
	hyp = 83 / 201
	cut = 380
15962 [0, 30000]: LP
	bnd = 30000.000000
	its = 1
	hyp = 83 / 201
	cut = 393
16362 [0, 30000]: LP
	bnd = 30000.000000
	its = 1
	hyp = 83 / 201
	cut = 406
16762 [0, 30000]: LP
	bnd = 30000.000000
	its = 1
	hyp = 83 / 201
	cut = 419
17162 [0, 30000]: LP
	bnd = 30000.000000
	its = 1
	hyp = 83 / 201
	cut = 432
17562 [0, 30000]: LP
	bnd = 30000.000000
	its = 1
	hyp = 83 / 201
	cut = 445
17962 [0, 30000]: LP
	bnd = 30000.000000
	its = 1
	hyp = 83 / 201
	cut = 458
18362 [0, 30000]: LP
	bnd = 30000.000000
	its = 1
	hyp = 83 / 201
	cut = 471
18762 [0, 30000]: LP
	bnd = 30000.000000
	its = 1
	hyp = 83 / 201
	cut = 484
19161 [0, 30000]: LP
	bnd = 30000.000000
	its = 1
	hyp = 83 / 201
	cut = 497
19561 [0, 30000]: LP
	bnd = 30000.000000
	its = 1
	hyp = 83 / 201
	cut = 510
19962 [0, 30000]: LP
	bnd = 30000.000000
	its = 1
	hyp = 83 / 201
	cut = 523
20361 [0, 30000]: LP
	bnd = 30000.000000
	its = 1
	hyp = 83 / 201
	cut = 536
20761 [0, 30000]: LP
	bnd = 30000.000000
	its = 1
	hyp = 83 / 201
	cut = 549
21160 [0, 30000]: LP
	bnd = 30000.000000
	its = 1
	hyp = 83 / 201
	cut = 562
21560 [0, 30000]: LP
	bnd = 30000.000000
	its = 1
	hyp = 83 / 201
	cut = 575
21960 [0, 30000]: LP
	bnd = 30000.000000
	its = 1
	hyp = 83 / 201
	cut = 588
22359 [0, 30000]: LP
	bnd = 30000.000000
	its = 1
	hyp = 83 / 201
	cut = 601
22758 [0, 30000]: LP
	bnd = 30000.000000
	its = 1
	hyp = 83 / 201
	cut = 614
23158 [0, 30000]: LP
	bnd = 30000.000000
	its = 1
	hyp = 83 / 201
	cut = 627
23558 [0, 30000]: LP
	bnd = 30000.000000
	its = 1
	hyp = 83 / 201
	cut = 640
23958 [0, 30000]: LP
	bnd = 30000.000000
	its = 1
	hyp = 83 / 201
	cut = 653
24358 [0, 30000]: LP
	bnd = 30000.000000
	its = 1
	hyp = 83 / 201
	cut = 666
24758 [0, 30000]: LP
	bnd = 30000.000000
	its = 1
	hyp = 83 / 201
	cut = 679
25158 [0, 30000]: LP
	bnd = 30000.000000
	its = 1
	hyp = 83 / 201
	cut = 692
25559 [0, 30000]: LP
	bnd = 30000.000000
	its = 1
	hyp = 83 / 201
	cut = 705
25958 [0, 30000]: LP
	bnd = 30000.000000
	its = 1
	hyp = 83 / 201
	cut = 718
26359 [0, 30000]: LP
	bnd = 30000.000000
	its = 1
	hyp = 83 / 201
	cut = 731
26759 [0, 30000]: LP
	bnd = 30000.000000
	its = 1
	hyp = 83 / 201
	cut = 744
27159 [0, 30000]: LP
	bnd = 30000.000000
	its = 1
	hyp = 83 / 201
	cut = 757
27559 [0, 30000]: LP
	bnd = 30000.000000
	its = 1
	hyp = 83 / 201
	cut = 770
27959 [0, 30000]: LP
	bnd = 30000.000000
	its = 1
	hyp = 83 / 201
	cut = 782
28358 [0, 30000]: LP
	bnd = 30000.000000
	its = 1
	hyp = 83 / 201
	cut = 794
28758 [0, 30000]: LP
	bnd = 30000.000000
	its = 1
	hyp = 83 / 201
	cut = 806
29162 [0, 30000]: LP
	bnd = 30000.000000
	its = 1
	hyp = 83 / 201
	cut = 819
29560 [0, 30000]: LP
	bnd = 30000.000000
	its = 1
	hyp = 83 / 201
	cut = 832
29960 [0, 30000]: LP
	bnd = 30000.000000
	its = 1
	hyp = 83 / 201
	cut = 845
30359 [0, 30000]: LP
	bnd = 30000.000000
	its = 1
	hyp = 83 / 201
	cut = 852
30759 [0, 30000]: LP
	bnd = 30000.000000
	its = 1
	hyp = 83 / 201
	cut = 858
31160 [0, 30000]: LP
	bnd = 30000.000000
	its = 1
	hyp = 83 / 201
	cut = 864
31560 [0, 30000]: LP
	bnd = 30000.000000
	its = 1
	hyp = 83 / 201
	cut = 870
31959 [0, 30000]: LP
	bnd = 30000.000000
	its = 1
	hyp = 83 / 201
	cut = 876
32359 [0, 30000]: LP
	bnd = 30000.000000
	its = 1
	hyp = 83 / 201
	cut = 882
32759 [0, 30000]: LP
	bnd = 30000.000000
	its = 1
	hyp = 83 / 201
	cut = 888
33158 [0, 30000]: LP
	bnd = 30000.000000
	its = 1
	hyp = 83 / 201
	cut = 894
33558 [0, 30000]: LP
	bnd = 30000.000000
	its = 1
	hyp = 83 / 201
	cut = 900
33957 [0, 30000]: LP
	bnd = 30000.000000
	its = 1
	hyp = 83 / 201
	cut = 906
34224 [30000, 30000]: HEURISTIC 3
