hypergraph with 10802 vertices and 488797 hyperarcs generated in 1187
5283 [0, 30000]: LP
	bnd = 30000.000000
	its = 29
	hyp = 280 / 349
	cut = 0
9534 [0, 30000]: LP
	bnd = 30000.000000
	its = 26
	hyp = 418 / 1143
	cut = 56
11737 [0, 30000]: LP
	bnd = 30000.000000
	its = 11
	hyp = 373 / 1371
	cut = 114
13542 [0, 30000]: LP
	bnd = 30000.000000
	its = 8
	hyp = 446 / 1510
	cut = 177
15717 [0, 30000]: LP
	bnd = 30000.000000
	its = 9
	hyp = 504 / 1695
	cut = 242
17222 [0, 30000]: LP
	bnd = 30000.000000
	its = 5
	hyp = 509 / 1829
	cut = 310
19661 [0, 30000]: LP
	bnd = 30000.000000
	its = 8
	hyp = 523 / 1987
	cut = 378
22124 [0, 30000]: LP
	bnd = 30000.000000
	its = 7
	hyp = 571 / 2204
	cut = 447
23639 [30000, 30000]: HEURISTIC 3
