hypergraph with 10052 vertices and 482713 hyperarcs generated in 946
774 [0, 30000]: LP
	bnd = 30000.000000
	its = 8
	hyp = 68 / 84
	cut = 0
1188 [0, 30000]: LP
	bnd = 30000.000000
	its = 5
	hyp = 154 / 256
	cut = 10
1512 [0, 30000]: LP
	bnd = 30000.000000
	its = 4
	hyp = 131 / 329
	cut = 26
1824 [0, 30000]: LP
	bnd = 30000.000000
	its = 3
	hyp = 135 / 381
	cut = 42
2002 [0, 30000]: LP
	bnd = 30000.000000
	its = 1
	hyp = 152 / 381
	cut = 58
2179 [0, 30000]: LP
	bnd = 30000.000000
	its = 1
	hyp = 145 / 381
	cut = 74
2431 [0, 30000]: LP
	bnd = 30000.000000
	its = 2
	hyp = 121 / 406
	cut = 91
2628 [0, 30000]: LP
	bnd = 30000.000000
	its = 1
	hyp = 99 / 406
	cut = 108
2837 [0, 30000]: LP
	bnd = 30000.000000
	its = 1
	hyp = 114 / 406
	cut = 125
3137 [0, 30000]: LP
	bnd = 30000.000000
	its = 3
	hyp = 117 / 449
	cut = 142
3348 [0, 30000]: LP
	bnd = 30000.000000
	its = 1
	hyp = 125 / 449
	cut = 159
3617 [0, 30000]: LP
	bnd = 30000.000000
	its = 2
	hyp = 164 / 501
	cut = 176
3792 [0, 30000]: LP
	bnd = 30000.000000
	its = 1
	hyp = 152 / 501
	cut = 193
4045 [0, 30000]: LP
	bnd = 30000.000000
	its = 2
	hyp = 135 / 555
	cut = 210
4231 [0, 30000]: LP
	bnd = 30000.000000
	its = 1
	hyp = 138 / 555
	cut = 227
4434 [0, 30000]: LP
	bnd = 30000.000000
	its = 1
	hyp = 166 / 555
	cut = 244
4615 [0, 30000]: LP
	bnd = 30000.000000
	its = 1
	hyp = 137 / 555
	cut = 260
4815 [0, 30000]: LP
	bnd = 30000.000000
	its = 1
	hyp = 135 / 555
	cut = 276
5012 [0, 30000]: LP
	bnd = 30000.000000
	its = 1
	hyp = 139 / 555
	cut = 288
5222 [0, 30000]: LP
	bnd = 30000.000000
	its = 1
	hyp = 150 / 555
	cut = 300
5418 [0, 30000]: LP
	bnd = 30000.000000
	its = 1
	hyp = 181 / 555
	cut = 312
5578 [0, 30000]: LP
	bnd = 30000.000000
	its = 1
	hyp = 161 / 555
	cut = 324
5803 [0, 30000]: LP
	bnd = 30000.000000
	its = 1
	hyp = 156 / 555
	cut = 335
6001 [0, 30000]: LP
	bnd = 30000.000000
	its = 1
	hyp = 150 / 555
	cut = 346
6234 [0, 30000]: LP
	bnd = 30000.000000
	its = 1
	hyp = 147 / 555
	cut = 357
6414 [0, 30000]: LP
	bnd = 30000.000000
	its = 1
	hyp = 138 / 555
	cut = 368
6624 [0, 30000]: LP
	bnd = 30000.000000
	its = 1
	hyp = 151 / 555
	cut = 379
6837 [0, 30000]: LP
	bnd = 30000.000000
	its = 1
	hyp = 172 / 555
	cut = 390
7132 [0, 30000]: LP
	bnd = 30000.000000
	its = 2
	hyp = 201 / 582
	cut = 401
7307 [30000, 30000]: HEURISTIC 3
