hypergraph with 8466 vertices and 265994 hyperarcs generated in 114
472 [0, 28571]: LP
	bnd = 28571.031250
	its = 17
	hyp = 149 / 291
	cut = 0
476 [0, 28571]: HEURISTIC 3
480 [0, 28571]: LABEL
	tot = 156
	max = 1
484 [0, 28542]: LABEL
	tot = 270
	max = 2
490 [0, 28513]: LABEL
	tot = 509
	max = 3
497 [0, 28485]: LABEL
	tot = 697
	max = 3
505 [0, 28456]: LABEL
	tot = 837
	max = 5
514 [0, 28428]: LABEL
	tot = 952
	max = 6
525 [0, 28400]: LABEL
	tot = 1086
	max = 6
536 [0, 28371]: LABEL
	tot = 1167
	max = 6
549 [0, 28343]: LABEL
	tot = 1253
	max = 6
562 [0, 28314]: LABEL
	tot = 1341
	max = 6
577 [0, 28286]: LABEL
	tot = 1422
	max = 7
592 [0, 28258]: LABEL
	tot = 1460
	max = 7
609 [0, 28230]: LABEL
	tot = 1669
	max = 7
627 [0, 28201]: LABEL
	tot = 1824
	max = 7
647 [0, 28173]: LABEL
	tot = 1990
	max = 8
668 [0, 28145]: LABEL
	tot = 2125
	max = 8
690 [0, 28117]: LABEL
	tot = 2231
	max = 8
713 [0, 28089]: LABEL
	tot = 2323
	max = 10
738 [0, 28061]: LABEL
	tot = 2409
	max = 10
765 [0, 28033]: LABEL
	tot = 2522
	max = 10
794 [0, 28005]: LABEL
	tot = 2701
	max = 13
824 [0, 27977]: LABEL
	tot = 2847
	max = 13
857 [0, 27949]: LABEL
	tot = 3032
	max = 14
893 [0, 27921]: LABEL
	tot = 3285
	max = 14
931 [0, 27893]: LABEL
	tot = 3502
	max = 15
971 [0, 27865]: LABEL
	tot = 3703
	max = 14
1013 [0, 27837]: LABEL
	tot = 3931
	max = 17
1043 [0, 27837]: LP
	bnd = 28507.345703
	its = 20
	hyp = 127 / 558
	cut = 12
	restart
1093 [0, 27809]: LABEL
	tot = 4010
	max = 15
1146 [0, 27781]: LABEL
	tot = 4377
	max = 15
1202 [0, 27753]: LABEL
	tot = 4582
	max = 16
1263 [0, 27726]: LABEL
	tot = 4821
	max = 17
1325 [0, 27698]: LABEL
	tot = 5000
	max = 17
1391 [0, 27670]: LABEL
	tot = 5215
	max = 16
1461 [0, 27643]: LABEL
	tot = 5510
	max = 16
1536 [0, 27615]: LABEL
	tot = 5754
	max = 16
1611 [0, 27587]: LABEL
	tot = 6000
	max = 16
1629 [0, 27587]: LP
	bnd = 28492.568359
	its = 20
	hyp = 206 / 765
	cut = 24
	restart
1711 [0, 27560]: LABEL
	tot = 6206
	max = 17
1797 [0, 27532]: LABEL
	tot = 6543
	max = 17
1889 [0, 27505]: LABEL
	tot = 6826
	max = 18
1987 [0, 27477]: LABEL
	tot = 7175
	max = 18
2090 [0, 27450]: LABEL
	tot = 7527
	max = 18
2147 [0, 27450]: LP
	bnd = 28467.160156
	its = 17
	hyp = 190 / 904
	cut = 36
	restart
2252 [0, 27422]: LABEL
	tot = 7614
	max = 21
2364 [0, 27395]: LABEL
	tot = 8026
	max = 21
2483 [0, 27367]: LABEL
	tot = 8450
	max = 22
2605 [0, 27340]: LABEL
	tot = 8856
	max = 26
2616 [0, 27340]: LP
	bnd = 28453.957031
	its = 15
	hyp = 242 / 989
	cut = 48
2738 [26944, 27313]: LABEL
	tot = 9404
	max = 26
2873 [26958, 27285]: LABEL
	tot = 9730
	max = 26
3014 [26958, 27258]: LABEL
	tot = 10128
	max = 27
3163 [26968, 27231]: LABEL
	tot = 10607
	max = 28
3320 [26968, 27204]: LABEL
	tot = 11030
	max = 27
3420 [26968, 27204]: LP
	bnd = 28433.001953
	its = 26
	hyp = 257 / 1144
	cut = 60
	restart
3586 [26968, 27176]: LABEL
	tot = 11387
	max = 27
3760 [26968, 27149]: LABEL
	tot = 11889
	max = 27
3940 [26968, 27122]: LABEL
	tot = 12493
	max = 27
3981 [26968, 27122]: LP
	bnd = 28415.982422
	its = 17
	hyp = 289 / 1228
	cut = 72
	restart
4168 [26968, 27095]: LABEL
	tot = 12909
	max = 34
4363 [26968, 27068]: LABEL
	tot = 13558
	max = 33
4543 [26968, 27068]: LP
	bnd = 28368.353516
	its = 15
	hyp = 296 / 1287
	cut = 84
	restart
4741 [26968, 27041]: LABEL
	tot = 13552
	max = 28
4948 [26968, 27014]: LABEL
	tot = 14198
	max = 27
5165 [26968, 26987]: LABEL
	tot = 14985
	max = 30
5168 [26968, 26987]: LP
	bnd = 28217.947266
	its = 18
	hyp = 336 / 1395
	cut = 96
	restart
5345 [26968, 26968]: LABEL
	tot = 11604
	max = 22
