hypergraph with 10802 vertices and 494857 hyperarcs generated in 2682
3294 [0, 30000]: LP
	bnd = 30000.000000
	its = 14
	hyp = 139 / 170
	cut = 0
3721 [0, 30000]: LP
	bnd = 30000.000000
	its = 1
	hyp = 101 / 170
	cut = 9
4292 [0, 30000]: LP
	bnd = 30000.000000
	its = 2
	hyp = 105 / 206
	cut = 18
4688 [0, 30000]: LP
	bnd = 30000.000000
	its = 1
	hyp = 105 / 206
	cut = 27
5076 [0, 30000]: LP
	bnd = 30000.000000
	its = 1
	hyp = 105 / 206
	cut = 36
5480 [0, 30000]: LP
	bnd = 30000.000000
	its = 1
	hyp = 105 / 206
	cut = 45
5867 [0, 30000]: LP
	bnd = 30000.000000
	its = 1
	hyp = 105 / 206
	cut = 54
6254 [0, 30000]: LP
	bnd = 30000.000000
	its = 1
	hyp = 105 / 206
	cut = 63
6642 [0, 30000]: LP
	bnd = 30000.000000
	its = 1
	hyp = 105 / 206
	cut = 72
7029 [0, 30000]: LP
	bnd = 30000.000000
	its = 1
	hyp = 105 / 206
	cut = 81
7417 [0, 30000]: LP
	bnd = 30000.000000
	its = 1
	hyp = 105 / 206
	cut = 90
7813 [0, 30000]: LP
	bnd = 30000.000000
	its = 1
	hyp = 105 / 206
	cut = 99
8209 [0, 30000]: LP
	bnd = 30000.000000
	its = 1
	hyp = 105 / 206
	cut = 108
8605 [0, 30000]: LP
	bnd = 30000.000000
	its = 1
	hyp = 105 / 206
	cut = 117
9000 [0, 30000]: LP
	bnd = 30000.000000
	its = 1
	hyp = 105 / 206
	cut = 126
9392 [0, 30000]: LP
	bnd = 30000.000000
	its = 1
	hyp = 105 / 206
	cut = 135
9785 [0, 30000]: LP
	bnd = 30000.000000
	its = 1
	hyp = 105 / 206
	cut = 144
10177 [0, 30000]: LP
	bnd = 30000.000000
	its = 1
	hyp = 105 / 206
	cut = 153
10569 [0, 30000]: LP
	bnd = 30000.000000
	its = 1
	hyp = 105 / 206
	cut = 162
10962 [0, 30000]: LP
	bnd = 30000.000000
	its = 1
	hyp = 105 / 206
	cut = 171
11354 [0, 30000]: LP
	bnd = 30000.000000
	its = 1
	hyp = 105 / 206
	cut = 180
11746 [0, 30000]: LP
	bnd = 30000.000000
	its = 1
	hyp = 105 / 206
	cut = 189
12138 [0, 30000]: LP
	bnd = 30000.000000
	its = 1
	hyp = 105 / 206
	cut = 198
12531 [0, 30000]: LP
	bnd = 30000.000000
	its = 1
	hyp = 105 / 206
	cut = 207
12923 [0, 30000]: LP
	bnd = 30000.000000
	its = 1
	hyp = 105 / 206
	cut = 216
13316 [0, 30000]: LP
	bnd = 30000.000000
	its = 1
	hyp = 105 / 206
	cut = 225
13707 [0, 30000]: LP
	bnd = 30000.000000
	its = 1
	hyp = 105 / 206
	cut = 234
14098 [0, 30000]: LP
	bnd = 30000.000000
	its = 1
	hyp = 105 / 206
	cut = 243
14490 [0, 30000]: LP
	bnd = 30000.000000
	its = 1
	hyp = 105 / 206
	cut = 252
14880 [0, 30000]: LP
	bnd = 30000.000000
	its = 1
	hyp = 105 / 206
	cut = 261
15270 [0, 30000]: LP
	bnd = 30000.000000
	its = 1
	hyp = 105 / 206
	cut = 270
15660 [0, 30000]: LP
	bnd = 30000.000000
	its = 1
	hyp = 105 / 206
	cut = 279
16052 [0, 30000]: LP
	bnd = 30000.000000
	its = 1
	hyp = 105 / 206
	cut = 288
16445 [0, 30000]: LP
	bnd = 30000.000000
	its = 1
	hyp = 105 / 206
	cut = 297
16843 [0, 30000]: LP
	bnd = 30000.000000
	its = 1
	hyp = 105 / 206
	cut = 306
17240 [0, 30000]: LP
	bnd = 30000.000000
	its = 1
	hyp = 105 / 206
	cut = 315
17638 [0, 30000]: LP
	bnd = 30000.000000
	its = 1
	hyp = 105 / 206
	cut = 324
18044 [0, 30000]: LP
	bnd = 30000.000000
	its = 1
	hyp = 105 / 206
	cut = 333
18442 [0, 30000]: LP
	bnd = 30000.000000
	its = 1
	hyp = 105 / 206
	cut = 342
18840 [0, 30000]: LP
	bnd = 30000.000000
	its = 1
	hyp = 105 / 206
	cut = 351
19239 [0, 30000]: LP
	bnd = 30000.000000
	its = 1
	hyp = 105 / 206
	cut = 360
19637 [0, 30000]: LP
	bnd = 30000.000000
	its = 1
	hyp = 105 / 206
	cut = 369
20036 [0, 30000]: LP
	bnd = 30000.000000
	its = 1
	hyp = 105 / 206
	cut = 378
20434 [0, 30000]: LP
	bnd = 30000.000000
	its = 1
	hyp = 105 / 206
	cut = 387
20831 [0, 30000]: LP
	bnd = 30000.000000
	its = 1
	hyp = 105 / 206
	cut = 396
21229 [0, 30000]: LP
	bnd = 30000.000000
	its = 1
	hyp = 105 / 206
	cut = 405
21627 [0, 30000]: LP
	bnd = 30000.000000
	its = 1
	hyp = 105 / 206
	cut = 414
22024 [0, 30000]: LP
	bnd = 30000.000000
	its = 1
	hyp = 105 / 206
	cut = 423
22424 [0, 30000]: LP
	bnd = 30000.000000
	its = 1
	hyp = 105 / 206
	cut = 432
22822 [0, 30000]: LP
	bnd = 30000.000000
	its = 1
	hyp = 105 / 206
	cut = 441
23219 [0, 30000]: LP
	bnd = 30000.000000
	its = 1
	hyp = 105 / 206
	cut = 450
23617 [0, 30000]: LP
	bnd = 30000.000000
	its = 1
	hyp = 105 / 206
	cut = 459
24019 [0, 30000]: LP
	bnd = 30000.000000
	its = 1
	hyp = 105 / 206
	cut = 468
24408 [0, 30000]: LP
	bnd = 30000.000000
	its = 1
	hyp = 105 / 206
	cut = 477
24819 [0, 30000]: LP
	bnd = 30000.000000
	its = 1
	hyp = 105 / 206
	cut = 486
25217 [0, 30000]: LP
	bnd = 30000.000000
	its = 1
	hyp = 105 / 206
	cut = 495
25615 [0, 30000]: LP
	bnd = 30000.000000
	its = 1
	hyp = 105 / 206
	cut = 504
26014 [0, 30000]: LP
	bnd = 30000.000000
	its = 1
	hyp = 105 / 206
	cut = 513
26413 [0, 30000]: LP
	bnd = 30000.000000
	its = 1
	hyp = 105 / 206
	cut = 522
26811 [0, 30000]: LP
	bnd = 30000.000000
	its = 1
	hyp = 105 / 206
	cut = 531
27209 [0, 30000]: LP
	bnd = 30000.000000
	its = 1
	hyp = 105 / 206
	cut = 540
27607 [0, 30000]: LP
	bnd = 30000.000000
	its = 1
	hyp = 105 / 206
	cut = 549
28005 [0, 30000]: LP
	bnd = 30000.000000
	its = 1
	hyp = 105 / 206
	cut = 558
28404 [0, 30000]: LP
	bnd = 30000.000000
	its = 1
	hyp = 105 / 206
	cut = 567
28799 [0, 30000]: LP
	bnd = 30000.000000
	its = 1
	hyp = 105 / 206
	cut = 576
29191 [0, 30000]: LP
	bnd = 30000.000000
	its = 1
	hyp = 105 / 206
	cut = 585
29581 [0, 30000]: LP
	bnd = 30000.000000
	its = 1
	hyp = 105 / 206
	cut = 594
29972 [0, 30000]: LP
	bnd = 30000.000000
	its = 1
	hyp = 105 / 206
	cut = 603
30364 [0, 30000]: LP
	bnd = 30000.000000
	its = 1
	hyp = 105 / 206
	cut = 612
30773 [0, 30000]: LP
	bnd = 30000.000000
	its = 1
	hyp = 105 / 206
	cut = 621
31174 [0, 30000]: LP
	bnd = 30000.000000
	its = 1
	hyp = 105 / 206
	cut = 630
31565 [0, 30000]: LP
	bnd = 30000.000000
	its = 1
	hyp = 105 / 206
	cut = 639
31957 [0, 30000]: LP
	bnd = 30000.000000
	its = 1
	hyp = 105 / 206
	cut = 648
32348 [0, 30000]: LP
	bnd = 30000.000000
	its = 1
	hyp = 105 / 206
	cut = 657
32740 [0, 30000]: LP
	bnd = 30000.000000
	its = 1
	hyp = 105 / 206
	cut = 666
33131 [0, 30000]: LP
	bnd = 30000.000000
	its = 1
	hyp = 105 / 206
	cut = 675
33522 [0, 30000]: LP
	bnd = 30000.000000
	its = 1
	hyp = 105 / 206
	cut = 684
33913 [0, 30000]: LP
	bnd = 30000.000000
	its = 1
	hyp = 105 / 206
	cut = 692
34303 [0, 30000]: LP
	bnd = 30000.000000
	its = 1
	hyp = 105 / 206
	cut = 700
34694 [0, 30000]: LP
	bnd = 30000.000000
	its = 1
	hyp = 105 / 206
	cut = 708
35086 [0, 30000]: LP
	bnd = 30000.000000
	its = 1
	hyp = 105 / 206
	cut = 716
35478 [0, 30000]: LP
	bnd = 30000.000000
	its = 1
	hyp = 105 / 206
	cut = 724
35871 [0, 30000]: LP
	bnd = 30000.000000
	its = 1
	hyp = 105 / 206
	cut = 734
36268 [0, 30000]: LP
	bnd = 30000.000000
	its = 1
	hyp = 105 / 206
	cut = 743
36664 [0, 30000]: LP
	bnd = 30000.000000
	its = 1
	hyp = 105 / 206
	cut = 751
36737 [30000, 30000]: HEURISTIC 3
