hypergraph with 10802 vertices and 485640 hyperarcs generated in 2557
2893 [0, 30000]: LP
	bnd = 30000.000000
	its = 11
	hyp = 101 / 121
	cut = 0
4225 [0, 30000]: LP
	bnd = 30000.000000
	its = 7
	hyp = 165 / 359
	cut = 8
4640 [0, 30000]: LP
	bnd = 30000.000000
	its = 1
	hyp = 101 / 359
	cut = 22
5191 [0, 30000]: LP
	bnd = 30000.000000
	its = 2
	hyp = 112 / 383
	cut = 33
5581 [0, 30000]: LP
	bnd = 30000.000000
	its = 1
	hyp = 119 / 383
	cut = 43
6270 [0, 30000]: LP
	bnd = 30000.000000
	its = 3
	hyp = 92 / 429
	cut = 52
6676 [0, 30000]: LP
	bnd = 30000.000000
	its = 1
	hyp = 92 / 429
	cut = 61
7084 [0, 30000]: LP
	bnd = 30000.000000
	its = 1
	hyp = 92 / 429
	cut = 70
7493 [0, 30000]: LP
	bnd = 30000.000000
	its = 1
	hyp = 92 / 429
	cut = 79
7902 [0, 30000]: LP
	bnd = 30000.000000
	its = 1
	hyp = 92 / 429
	cut = 88
8310 [0, 30000]: LP
	bnd = 30000.000000
	its = 1
	hyp = 92 / 429
	cut = 97
8718 [0, 30000]: LP
	bnd = 30000.000000
	its = 1
	hyp = 92 / 429
	cut = 106
9126 [0, 30000]: LP
	bnd = 30000.000000
	its = 1
	hyp = 92 / 429
	cut = 115
9535 [0, 30000]: LP
	bnd = 30000.000000
	its = 1
	hyp = 92 / 429
	cut = 124
9945 [0, 30000]: LP
	bnd = 30000.000000
	its = 1
	hyp = 92 / 429
	cut = 133
10359 [0, 30000]: LP
	bnd = 30000.000000
	its = 1
	hyp = 92 / 429
	cut = 142
10768 [0, 30000]: LP
	bnd = 30000.000000
	its = 1
	hyp = 92 / 429
	cut = 151
11177 [0, 30000]: LP
	bnd = 30000.000000
	its = 1
	hyp = 92 / 429
	cut = 160
11586 [0, 30000]: LP
	bnd = 30000.000000
	its = 1
	hyp = 92 / 429
	cut = 169
11994 [0, 30000]: LP
	bnd = 30000.000000
	its = 1
	hyp = 92 / 429
	cut = 178
12404 [0, 30000]: LP
	bnd = 30000.000000
	its = 1
	hyp = 92 / 429
	cut = 187
12812 [0, 30000]: LP
	bnd = 30000.000000
	its = 1
	hyp = 92 / 429
	cut = 196
13220 [0, 30000]: LP
	bnd = 30000.000000
	its = 1
	hyp = 92 / 429
	cut = 205
13629 [0, 30000]: LP
	bnd = 30000.000000
	its = 1
	hyp = 92 / 429
	cut = 214
14038 [0, 30000]: LP
	bnd = 30000.000000
	its = 1
	hyp = 92 / 429
	cut = 223
14448 [0, 30000]: LP
	bnd = 30000.000000
	its = 1
	hyp = 92 / 429
	cut = 232
14857 [0, 30000]: LP
	bnd = 30000.000000
	its = 1
	hyp = 92 / 429
	cut = 241
15266 [0, 30000]: LP
	bnd = 30000.000000
	its = 1
	hyp = 92 / 429
	cut = 250
15676 [0, 30000]: LP
	bnd = 30000.000000
	its = 1
	hyp = 92 / 429
	cut = 259
16086 [0, 30000]: LP
	bnd = 30000.000000
	its = 1
	hyp = 92 / 429
	cut = 268
16495 [0, 30000]: LP
	bnd = 30000.000000
	its = 1
	hyp = 92 / 429
	cut = 277
16907 [0, 30000]: LP
	bnd = 30000.000000
	its = 1
	hyp = 92 / 429
	cut = 286
17317 [0, 30000]: LP
	bnd = 30000.000000
	its = 1
	hyp = 92 / 429
	cut = 295
17727 [0, 30000]: LP
	bnd = 30000.000000
	its = 1
	hyp = 92 / 429
	cut = 304
18137 [0, 30000]: LP
	bnd = 30000.000000
	its = 1
	hyp = 92 / 429
	cut = 313
18560 [0, 30000]: LP
	bnd = 30000.000000
	its = 1
	hyp = 92 / 429
	cut = 322
18968 [0, 30000]: LP
	bnd = 30000.000000
	its = 1
	hyp = 92 / 429
	cut = 331
19375 [0, 30000]: LP
	bnd = 30000.000000
	its = 1
	hyp = 92 / 429
	cut = 340
19781 [0, 30000]: LP
	bnd = 30000.000000
	its = 1
	hyp = 92 / 429
	cut = 349
20188 [0, 30000]: LP
	bnd = 30000.000000
	its = 1
	hyp = 92 / 429
	cut = 358
20595 [0, 30000]: LP
	bnd = 30000.000000
	its = 1
	hyp = 92 / 429
	cut = 367
21002 [0, 30000]: LP
	bnd = 30000.000000
	its = 1
	hyp = 92 / 429
	cut = 376
21409 [0, 30000]: LP
	bnd = 30000.000000
	its = 1
	hyp = 92 / 429
	cut = 385
21832 [0, 30000]: LP
	bnd = 30000.000000
	its = 1
	hyp = 92 / 429
	cut = 394
22241 [0, 30000]: LP
	bnd = 30000.000000
	its = 1
	hyp = 92 / 429
	cut = 403
22650 [0, 30000]: LP
	bnd = 30000.000000
	its = 1
	hyp = 92 / 429
	cut = 412
23058 [0, 30000]: LP
	bnd = 30000.000000
	its = 1
	hyp = 92 / 429
	cut = 421
23476 [0, 30000]: LP
	bnd = 30000.000000
	its = 1
	hyp = 92 / 429
	cut = 430
23884 [0, 30000]: LP
	bnd = 30000.000000
	its = 1
	hyp = 92 / 429
	cut = 439
24291 [0, 30000]: LP
	bnd = 30000.000000
	its = 1
	hyp = 92 / 429
	cut = 448
24700 [0, 30000]: LP
	bnd = 30000.000000
	its = 1
	hyp = 92 / 429
	cut = 457
25111 [0, 30000]: LP
	bnd = 30000.000000
	its = 1
	hyp = 92 / 429
	cut = 466
25519 [0, 30000]: LP
	bnd = 30000.000000
	its = 1
	hyp = 92 / 429
	cut = 475
25934 [0, 30000]: LP
	bnd = 30000.000000
	its = 1
	hyp = 92 / 429
	cut = 484
26342 [0, 30000]: LP
	bnd = 30000.000000
	its = 1
	hyp = 92 / 429
	cut = 493
26751 [0, 30000]: LP
	bnd = 30000.000000
	its = 1
	hyp = 92 / 429
	cut = 502
27160 [0, 30000]: LP
	bnd = 30000.000000
	its = 1
	hyp = 92 / 429
	cut = 511
27498 [30000, 30000]: HEURISTIC 3
