hypergraph with 10802 vertices and 489793 hyperarcs generated in 1112
4267 [0, 30000]: LP
	bnd = 30000.000000
	its = 22
	hyp = 215 / 301
	cut = 0
8003 [0, 30000]: LP
	bnd = 30000.000000
	its = 23
	hyp = 314 / 1029
	cut = 42
10121 [0, 30000]: LP
	bnd = 30000.000000
	its = 11
	hyp = 316 / 1335
	cut = 97
11982 [0, 30000]: LP
	bnd = 30000.000000
	its = 9
	hyp = 332 / 1543
	cut = 153
14333 [0, 30000]: LP
	bnd = 30000.000000
	its = 11
	hyp = 449 / 1842
	cut = 209
16038 [0, 30000]: LP
	bnd = 30000.000000
	its = 6
	hyp = 448 / 1955
	cut = 267
17718 [0, 30000]: LP
	bnd = 30000.000000
	its = 5
	hyp = 419 / 2078
	cut = 326
19159 [0, 30000]: LP
	bnd = 30000.000000
	its = 4
	hyp = 502 / 2168
	cut = 391
20708 [30000, 30000]: HEURISTIC 3
