hypergraph with 8969 vertices and 301738 hyperarcs generated in 101
678 [0, 28916]: LP
	bnd = 28916.199219
	its = 28
	hyp = 134 / 443
	cut = 0
682 [0, 28916]: HEURISTIC 3
684 [0, 28916]: LABEL
	tot = 163
	max = 3
687 [0, 28887]: LABEL
	tot = 251
	max = 3
691 [0, 28858]: LABEL
	tot = 336
	max = 3
696 [0, 28829]: LABEL
	tot = 493
	max = 3
703 [0, 28800]: LABEL
	tot = 629
	max = 4
712 [0, 28771]: LABEL
	tot = 729
	max = 4
723 [0, 28743]: LABEL
	tot = 977
	max = 6
736 [0, 28714]: LABEL
	tot = 1123
	max = 7
752 [0, 28685]: LABEL
	tot = 1380
	max = 8
769 [0, 28656]: LABEL
	tot = 1556
	max = 9
791 [0, 28628]: LABEL
	tot = 1845
	max = 11
815 [0, 28599]: LABEL
	tot = 2046
	max = 11
844 [0, 28571]: LABEL
	tot = 2518
	max = 16
875 [0, 28542]: LABEL
	tot = 2732
	max = 17
912 [0, 28513]: LABEL
	tot = 3235
	max = 19
954 [0, 28485]: LABEL
	tot = 3589
	max = 20
1001 [0, 28456]: LABEL
	tot = 4130
	max = 23
1051 [0, 28428]: LABEL
	tot = 4469
	max = 23
1106 [0, 28400]: LABEL
	tot = 5057
	max = 28
1165 [0, 28371]: LABEL
	tot = 5352
	max = 30
1232 [0, 28343]: LABEL
	tot = 6033
	max = 26
1303 [0, 28314]: LABEL
	tot = 6548
	max = 28
1382 [27759, 28286]: LABEL
	tot = 7325
	max = 27
1426 [27759, 28286]: LP
	bnd = 28837.474609
	its = 27
	hyp = 211 / 668
	cut = 12
	restart
1505 [27759, 28258]: LABEL
	tot = 6432
	max = 31
1590 [27759, 28230]: LABEL
	tot = 7105
	max = 31
1680 [27759, 28201]: LABEL
	tot = 7546
	max = 32
1780 [27759, 28173]: LABEL
	tot = 8370
	max = 32
1886 [27780, 28145]: LABEL
	tot = 8814
	max = 36
2000 [27780, 28117]: LABEL
	tot = 9561
	max = 38
2089 [27780, 28117]: LP
	bnd = 28720.541016
	its = 23
	hyp = 261 / 837
	cut = 25
	restart
2181 [27780, 28089]: LABEL
	tot = 7219
	max = 34
2280 [27780, 28061]: LABEL
	tot = 7805
	max = 35
2388 [27780, 28033]: LABEL
	tot = 8438
	max = 32
2503 [27780, 28005]: LABEL
	tot = 9149
	max = 38
2627 [27780, 27977]: LABEL
	tot = 9734
	max = 38
2759 [27780, 27949]: LABEL
	tot = 10317
	max = 39
2895 [27780, 27949]: LP
	bnd = 28696.246094
	its = 27
	hyp = 308 / 1022
	cut = 38
	restart
3046 [27780, 27921]: LABEL
	tot = 11366
	max = 41
3207 [27780, 27893]: LABEL
	tot = 12066
	max = 39
3379 [27780, 27865]: LABEL
	tot = 12793
	max = 43
3563 [27780, 27837]: LABEL
	tot = 13614
	max = 50
3757 [27780, 27809]: LABEL
	tot = 14326
	max = 48
3764 [27780, 27809]: LP
	bnd = 28654.179688
	its = 28
	hyp = 362 / 1174
	cut = 51
	restart
3964 [27780, 27781]: LABEL
	tot = 14562
	max = 46
4166 [27780, 27780]: LABEL
	tot = 14641
	max = 48
