hypergraph with 10802 vertices and 495430 hyperarcs generated in 1231
4823 [0, 30000]: LP
	bnd = 30000.000000
	its = 26
	hyp = 231 / 277
	cut = 0
9225 [0, 30000]: LP
	bnd = 30000.000000
	its = 27
	hyp = 359 / 1023
	cut = 50
11477 [0, 30000]: LP
	bnd = 30000.000000
	its = 12
	hyp = 446 / 1382
	cut = 105
12898 [0, 30000]: LP
	bnd = 30000.000000
	its = 5
	hyp = 501 / 1627
	cut = 164
14887 [0, 30000]: LP
	bnd = 30000.000000
	its = 8
	hyp = 522 / 1910
	cut = 228
16349 [0, 30000]: LP
	bnd = 30000.000000
	its = 4
	hyp = 699 / 1998
	cut = 298
18263 [0, 30000]: LP
	bnd = 30000.000000
	its = 5
	hyp = 512 / 2095
	cut = 367
19824 [0, 30000]: LP
	bnd = 30000.000000
	its = 4
	hyp = 614 / 2198
	cut = 441
22143 [0, 30000]: LP
	bnd = 30000.000000
	its = 6
	hyp = 513 / 2364
	cut = 518
23414 [0, 30000]: LP
	bnd = 30000.000000
	its = 2
	hyp = 524 / 2389
	cut = 595
25209 [0, 30000]: LP
	bnd = 30000.000000
	its = 3
	hyp = 536 / 2475
	cut = 670
27245 [0, 30000]: LP
	bnd = 30000.000000
	its = 3
	hyp = 640 / 2547
	cut = 749
29123 [30000, 30000]: HEURISTIC 3
