hypergraph with 9852 vertices and 369327 hyperarcs generated in 214
285 [0, 29636]: LP
	bnd = 29636.201172
	its = 7
	hyp = 37 / 103
	cut = 0
288 [0, 29636]: HEURISTIC 3
289 [0, 29636]: LABEL
	tot = 48
	max = 1
292 [29368, 29606]: LABEL
	tot = 171
	max = 3
294 [29368, 29576]: LABEL
	tot = 189
	max = 3
298 [29368, 29547]: LABEL
	tot = 346
	max = 3
303 [29368, 29517]: LABEL
	tot = 407
	max = 5
310 [29368, 29488]: LABEL
	tot = 584
	max = 9
318 [29368, 29458]: LABEL
	tot = 696
	max = 10
327 [29368, 29429]: LABEL
	tot = 896
	max = 16
338 [29368, 29399]: LABEL
	tot = 964
	max = 18
352 [29368, 29370]: LABEL
	tot = 1278
	max = 23
368 [29368, 29368]: LABEL
	tot = 1330
	max = 23
