hypergraph with 9557 vertices and 321349 hyperarcs generated in 117
483 [0, 29018]: LP
	bnd = 29018.880859
	its = 17
	hyp = 133 / 267
	cut = 0
492 [0, 29018]: HEURISTIC 3
497 [0, 29018]: HEURISTIC 9
502 [0, 29018]: LABEL
	tot = 525
	max = 5
509 [0, 28989]: LABEL
	tot = 775
	max = 5
516 [0, 28960]: LABEL
	tot = 783
	max = 5
526 [0, 28931]: LABEL
	tot = 1102
	max = 6
536 [0, 28902]: LABEL
	tot = 1103
	max = 6
547 [0, 28874]: LABEL
	tot = 1331
	max = 7
559 [0, 28845]: LABEL
	tot = 1482
	max = 7
573 [0, 28816]: LABEL
	tot = 1746
	max = 7
588 [0, 28787]: LABEL
	tot = 1782
	max = 7
608 [0, 28758]: LABEL
	tot = 2326
	max = 7
631 [0, 28729]: LABEL
	tot = 2701
	max = 9
656 [0, 28701]: LABEL
	tot = 2986
	max = 9
682 [0, 28672]: LABEL
	tot = 3121
	max = 9
712 [28164, 28643]: LABEL
	tot = 3337
	max = 9
745 [28164, 28615]: LABEL
	tot = 3708
	max = 10
778 [28164, 28586]: LABEL
	tot = 3835
	max = 10
814 [28164, 28558]: LABEL
	tot = 4079
	max = 10
854 [28164, 28529]: LABEL
	tot = 4462
	max = 10
897 [28164, 28500]: LABEL
	tot = 4717
	max = 10
943 [28164, 28472]: LABEL
	tot = 5000
	max = 11
994 [28164, 28443]: LABEL
	tot = 5722
	max = 11
1048 [28164, 28415]: LABEL
	tot = 5936
	max = 11
1106 [28164, 28387]: LABEL
	tot = 6231
	max = 12
1167 [28164, 28358]: LABEL
	tot = 6681
	max = 12
1222 [28164, 28358]: LP
	bnd = 28974.175781
	its = 25
	hyp = 171 / 606
	cut = 12
	restart
1283 [28164, 28330]: LABEL
	tot = 5618
	max = 10
1347 [28164, 28302]: LABEL
	tot = 5999
	max = 13
1416 [28164, 28273]: LABEL
	tot = 6426
	max = 12
1491 [28164, 28245]: LABEL
	tot = 6695
	max = 12
1572 [28164, 28217]: LABEL
	tot = 7175
	max = 15
1655 [28164, 28189]: LABEL
	tot = 7629
	max = 15
1685 [28164, 28189]: LP
	bnd = 28928.316406
	its = 14
	hyp = 265 / 750
	cut = 24
	restart
1780 [28164, 28164]: LABEL
	tot = 8267
	max = 19
