hypergraph with 9363 vertices and 265275 hyperarcs generated in 110
379 [0, 29318]: LP
	bnd = 29318.765625
	its = 13
	hyp = 87 / 182
	cut = 0
381 [0, 29318]: HEURISTIC 3
382 [0, 29318]: LABEL
	tot = 7
	max = 1
384 [0, 29289]: LABEL
	tot = 77
	max = 1
385 [0, 29260]: LABEL
	tot = 85
	max = 1
388 [0, 29230]: LABEL
	tot = 116
	max = 1
392 [0, 29201]: LABEL
	tot = 187
	max = 1
395 [0, 29172]: LABEL
	tot = 189
	max = 1
398 [0, 29143]: LABEL
	tot = 206
	max = 1
402 [0, 29114]: LABEL
	tot = 301
	max = 2
406 [0, 29085]: LABEL
	tot = 341
	max = 2
412 [0, 29055]: LABEL
	tot = 489
	max = 2
419 [0, 29026]: LABEL
	tot = 542
	max = 2
429 [0, 28997]: LABEL
	tot = 624
	max = 2
438 [0, 28968]: LABEL
	tot = 639
	max = 2
447 [0, 28939]: LABEL
	tot = 663
	max = 2
459 [0, 28910]: LABEL
	tot = 771
	max = 3
471 [0, 28882]: LABEL
	tot = 841
	max = 3
485 [0, 28853]: LABEL
	tot = 876
	max = 3
499 [0, 28824]: LABEL
	tot = 984
	max = 3
517 [0, 28795]: LABEL
	tot = 1157
	max = 3
537 [28580, 28766]: LABEL
	tot = 1286
	max = 3
558 [28580, 28737]: LABEL
	tot = 1401
	max = 3
580 [28580, 28709]: LABEL
	tot = 1460
	max = 4
604 [28580, 28680]: LABEL
	tot = 1524
	max = 4
629 [28580, 28651]: LABEL
	tot = 1663
	max = 4
658 [28580, 28623]: LABEL
	tot = 1758
	max = 4
689 [28580, 28594]: LABEL
	tot = 1957
	max = 4
722 [28580, 28580]: LABEL
	tot = 1983
	max = 4
