hypergraph with 10802 vertices and 482252 hyperarcs generated in 2644
2615 [0, 30000]: LP
	bnd = 30000.000000
	its = 9
	hyp = 92 / 104
	cut = 0
3638 [0, 30000]: LP
	bnd = 30000.000000
	its = 5
	hyp = 73 / 316
	cut = 5
4193 [0, 30000]: LP
	bnd = 30000.000000
	its = 2
	hyp = 92 / 339
	cut = 9
4599 [0, 30000]: LP
	bnd = 30000.000000
	its = 1
	hyp = 98 / 339
	cut = 13
5024 [0, 30000]: LP
	bnd = 30000.000000
	its = 1
	hyp = 82 / 339
	cut = 17
5737 [0, 30000]: LP
	bnd = 30000.000000
	its = 3
	hyp = 84 / 453
	cut = 21
6125 [0, 30000]: LP
	bnd = 30000.000000
	its = 1
	hyp = 84 / 453
	cut = 25
6512 [0, 30000]: LP
	bnd = 30000.000000
	its = 1
	hyp = 84 / 453
	cut = 29
6901 [0, 30000]: LP
	bnd = 30000.000000
	its = 1
	hyp = 84 / 453
	cut = 33
7289 [0, 30000]: LP
	bnd = 30000.000000
	its = 1
	hyp = 84 / 453
	cut = 37
7675 [0, 30000]: LP
	bnd = 30000.000000
	its = 1
	hyp = 84 / 453
	cut = 41
8062 [0, 30000]: LP
	bnd = 30000.000000
	its = 1
	hyp = 84 / 453
	cut = 45
8451 [0, 30000]: LP
	bnd = 30000.000000
	its = 1
	hyp = 84 / 453
	cut = 49
8838 [0, 30000]: LP
	bnd = 30000.000000
	its = 1
	hyp = 84 / 453
	cut = 53
9225 [0, 30000]: LP
	bnd = 30000.000000
	its = 1
	hyp = 84 / 453
	cut = 57
9612 [0, 30000]: LP
	bnd = 30000.000000
	its = 1
	hyp = 84 / 453
	cut = 61
10000 [0, 30000]: LP
	bnd = 30000.000000
	its = 1
	hyp = 84 / 453
	cut = 65
10388 [0, 30000]: LP
	bnd = 30000.000000
	its = 1
	hyp = 84 / 453
	cut = 69
10776 [0, 30000]: LP
	bnd = 30000.000000
	its = 1
	hyp = 84 / 453
	cut = 73
11164 [0, 30000]: LP
	bnd = 30000.000000
	its = 1
	hyp = 84 / 453
	cut = 77
11552 [0, 30000]: LP
	bnd = 30000.000000
	its = 1
	hyp = 84 / 453
	cut = 81
11939 [0, 30000]: LP
	bnd = 30000.000000
	its = 1
	hyp = 84 / 453
	cut = 85
12327 [0, 30000]: LP
	bnd = 30000.000000
	its = 1
	hyp = 84 / 453
	cut = 89
12717 [0, 30000]: LP
	bnd = 30000.000000
	its = 1
	hyp = 84 / 453
	cut = 93
13104 [0, 30000]: LP
	bnd = 30000.000000
	its = 1
	hyp = 84 / 453
	cut = 97
13492 [0, 30000]: LP
	bnd = 30000.000000
	its = 1
	hyp = 84 / 453
	cut = 101
13880 [0, 30000]: LP
	bnd = 30000.000000
	its = 1
	hyp = 84 / 453
	cut = 105
14268 [0, 30000]: LP
	bnd = 30000.000000
	its = 1
	hyp = 84 / 453
	cut = 109
14656 [0, 30000]: LP
	bnd = 30000.000000
	its = 1
	hyp = 84 / 453
	cut = 113
15044 [0, 30000]: LP
	bnd = 30000.000000
	its = 1
	hyp = 84 / 453
	cut = 117
15432 [0, 30000]: LP
	bnd = 30000.000000
	its = 1
	hyp = 84 / 453
	cut = 121
15820 [0, 30000]: LP
	bnd = 30000.000000
	its = 1
	hyp = 84 / 453
	cut = 125
16208 [0, 30000]: LP
	bnd = 30000.000000
	its = 1
	hyp = 84 / 453
	cut = 129
16597 [0, 30000]: LP
	bnd = 30000.000000
	its = 1
	hyp = 84 / 453
	cut = 133
16985 [0, 30000]: LP
	bnd = 30000.000000
	its = 1
	hyp = 84 / 453
	cut = 137
17373 [0, 30000]: LP
	bnd = 30000.000000
	its = 1
	hyp = 84 / 453
	cut = 141
17760 [0, 30000]: LP
	bnd = 30000.000000
	its = 1
	hyp = 84 / 453
	cut = 145
18149 [0, 30000]: LP
	bnd = 30000.000000
	its = 1
	hyp = 84 / 453
	cut = 149
18537 [0, 30000]: LP
	bnd = 30000.000000
	its = 1
	hyp = 84 / 453
	cut = 153
18925 [0, 30000]: LP
	bnd = 30000.000000
	its = 1
	hyp = 84 / 453
	cut = 157
19313 [0, 30000]: LP
	bnd = 30000.000000
	its = 1
	hyp = 84 / 453
	cut = 161
19702 [0, 30000]: LP
	bnd = 30000.000000
	its = 1
	hyp = 84 / 453
	cut = 165
20091 [0, 30000]: LP
	bnd = 30000.000000
	its = 1
	hyp = 84 / 453
	cut = 169
20480 [0, 30000]: LP
	bnd = 30000.000000
	its = 1
	hyp = 84 / 453
	cut = 173
20868 [0, 30000]: LP
	bnd = 30000.000000
	its = 1
	hyp = 84 / 453
	cut = 177
21256 [0, 30000]: LP
	bnd = 30000.000000
	its = 1
	hyp = 84 / 453
	cut = 181
21644 [0, 30000]: LP
	bnd = 30000.000000
	its = 1
	hyp = 84 / 453
	cut = 185
22031 [0, 30000]: LP
	bnd = 30000.000000
	its = 1
	hyp = 84 / 453
	cut = 189
22420 [0, 30000]: LP
	bnd = 30000.000000
	its = 1
	hyp = 84 / 453
	cut = 193
22808 [0, 30000]: LP
	bnd = 30000.000000
	its = 1
	hyp = 84 / 453
	cut = 197
23195 [0, 30000]: LP
	bnd = 30000.000000
	its = 1
	hyp = 84 / 453
	cut = 201
23583 [0, 30000]: LP
	bnd = 30000.000000
	its = 1
	hyp = 84 / 453
	cut = 205
23971 [0, 30000]: LP
	bnd = 30000.000000
	its = 1
	hyp = 84 / 453
	cut = 209
24359 [0, 30000]: LP
	bnd = 30000.000000
	its = 1
	hyp = 84 / 453
	cut = 213
24749 [0, 30000]: LP
	bnd = 30000.000000
	its = 1
	hyp = 84 / 453
	cut = 217
25137 [0, 30000]: LP
	bnd = 30000.000000
	its = 1
	hyp = 84 / 453
	cut = 221
25524 [0, 30000]: LP
	bnd = 30000.000000
	its = 1
	hyp = 84 / 453
	cut = 225
25913 [0, 30000]: LP
	bnd = 30000.000000
	its = 1
	hyp = 84 / 453
	cut = 229
26301 [0, 30000]: LP
	bnd = 30000.000000
	its = 1
	hyp = 84 / 453
	cut = 233
26689 [0, 30000]: LP
	bnd = 30000.000000
	its = 1
	hyp = 84 / 453
	cut = 237
27077 [0, 30000]: LP
	bnd = 30000.000000
	its = 1
	hyp = 84 / 453
	cut = 241
27464 [0, 30000]: LP
	bnd = 30000.000000
	its = 1
	hyp = 84 / 453
	cut = 245
27852 [0, 30000]: LP
	bnd = 30000.000000
	its = 1
	hyp = 84 / 453
	cut = 249
28239 [0, 30000]: LP
	bnd = 30000.000000
	its = 1
	hyp = 84 / 453
	cut = 253
28627 [0, 30000]: LP
	bnd = 30000.000000
	its = 1
	hyp = 84 / 453
	cut = 257
29016 [0, 30000]: LP
	bnd = 30000.000000
	its = 1
	hyp = 84 / 453
	cut = 261
29404 [0, 30000]: LP
	bnd = 30000.000000
	its = 1
	hyp = 84 / 453
	cut = 265
29793 [0, 30000]: LP
	bnd = 30000.000000
	its = 1
	hyp = 84 / 453
	cut = 269
30201 [0, 30000]: LP
	bnd = 30000.000000
	its = 1
	hyp = 84 / 453
	cut = 273
30392 [30000, 30000]: HEURISTIC 3
