hypergraph with 10802 vertices and 494022 hyperarcs generated in 3074
2484 [0, 30000]: LP
	bnd = 30000.000000
	its = 8
	hyp = 73 / 85
	cut = 0
3359 [0, 30000]: LP
	bnd = 30000.000000
	its = 4
	hyp = 78 / 196
	cut = 4
3757 [0, 30000]: LP
	bnd = 30000.000000
	its = 1
	hyp = 100 / 196
	cut = 8
4180 [0, 30000]: LP
	bnd = 30000.000000
	its = 1
	hyp = 77 / 196
	cut = 23
4577 [0, 30000]: LP
	bnd = 30000.000000
	its = 1
	hyp = 77 / 196
	cut = 38
4989 [0, 30000]: LP
	bnd = 30000.000000
	its = 1
	hyp = 77 / 196
	cut = 53
5385 [0, 30000]: LP
	bnd = 30000.000000
	its = 1
	hyp = 77 / 196
	cut = 68
5783 [0, 30000]: LP
	bnd = 30000.000000
	its = 1
	hyp = 77 / 196
	cut = 83
6180 [0, 30000]: LP
	bnd = 30000.000000
	its = 1
	hyp = 77 / 196
	cut = 98
6576 [0, 30000]: LP
	bnd = 30000.000000
	its = 1
	hyp = 77 / 196
	cut = 113
6972 [0, 30000]: LP
	bnd = 30000.000000
	its = 1
	hyp = 77 / 196
	cut = 128
7368 [0, 30000]: LP
	bnd = 30000.000000
	its = 1
	hyp = 77 / 196
	cut = 143
7764 [0, 30000]: LP
	bnd = 30000.000000
	its = 1
	hyp = 77 / 196
	cut = 158
8160 [0, 30000]: LP
	bnd = 30000.000000
	its = 1
	hyp = 77 / 196
	cut = 173
8556 [0, 30000]: LP
	bnd = 30000.000000
	its = 1
	hyp = 77 / 196
	cut = 188
8954 [0, 30000]: LP
	bnd = 30000.000000
	its = 1
	hyp = 77 / 196
	cut = 203
9350 [0, 30000]: LP
	bnd = 30000.000000
	its = 1
	hyp = 77 / 196
	cut = 218
9747 [0, 30000]: LP
	bnd = 30000.000000
	its = 1
	hyp = 77 / 196
	cut = 233
10144 [0, 30000]: LP
	bnd = 30000.000000
	its = 1
	hyp = 77 / 196
	cut = 248
10541 [0, 30000]: LP
	bnd = 30000.000000
	its = 1
	hyp = 77 / 196
	cut = 263
10947 [0, 30000]: LP
	bnd = 30000.000000
	its = 1
	hyp = 77 / 196
	cut = 278
11343 [0, 30000]: LP
	bnd = 30000.000000
	its = 1
	hyp = 77 / 196
	cut = 293
11740 [0, 30000]: LP
	bnd = 30000.000000
	its = 1
	hyp = 77 / 196
	cut = 308
12138 [0, 30000]: LP
	bnd = 30000.000000
	its = 1
	hyp = 77 / 196
	cut = 323
12535 [0, 30000]: LP
	bnd = 30000.000000
	its = 1
	hyp = 77 / 196
	cut = 338
12932 [0, 30000]: LP
	bnd = 30000.000000
	its = 1
	hyp = 77 / 196
	cut = 353
13328 [0, 30000]: LP
	bnd = 30000.000000
	its = 1
	hyp = 77 / 196
	cut = 368
13726 [0, 30000]: LP
	bnd = 30000.000000
	its = 1
	hyp = 77 / 196
	cut = 383
14124 [0, 30000]: LP
	bnd = 30000.000000
	its = 1
	hyp = 77 / 196
	cut = 398
14530 [0, 30000]: LP
	bnd = 30000.000000
	its = 1
	hyp = 77 / 196
	cut = 413
14928 [0, 30000]: LP
	bnd = 30000.000000
	its = 1
	hyp = 77 / 196
	cut = 428
15325 [0, 30000]: LP
	bnd = 30000.000000
	its = 1
	hyp = 77 / 196
	cut = 443
15722 [0, 30000]: LP
	bnd = 30000.000000
	its = 1
	hyp = 77 / 196
	cut = 458
16119 [0, 30000]: LP
	bnd = 30000.000000
	its = 1
	hyp = 77 / 196
	cut = 473
16517 [0, 30000]: LP
	bnd = 30000.000000
	its = 1
	hyp = 77 / 196
	cut = 488
16914 [0, 30000]: LP
	bnd = 30000.000000
	its = 1
	hyp = 77 / 196
	cut = 503
17312 [0, 30000]: LP
	bnd = 30000.000000
	its = 1
	hyp = 77 / 196
	cut = 518
17710 [0, 30000]: LP
	bnd = 30000.000000
	its = 1
	hyp = 77 / 196
	cut = 533
18108 [0, 30000]: LP
	bnd = 30000.000000
	its = 1
	hyp = 77 / 196
	cut = 548
18504 [0, 30000]: LP
	bnd = 30000.000000
	its = 1
	hyp = 77 / 196
	cut = 563
18901 [0, 30000]: LP
	bnd = 30000.000000
	its = 1
	hyp = 77 / 196
	cut = 578
19298 [0, 30000]: LP
	bnd = 30000.000000
	its = 1
	hyp = 77 / 196
	cut = 593
19695 [0, 30000]: LP
	bnd = 30000.000000
	its = 1
	hyp = 77 / 196
	cut = 608
20092 [0, 30000]: LP
	bnd = 30000.000000
	its = 1
	hyp = 77 / 196
	cut = 623
20490 [0, 30000]: LP
	bnd = 30000.000000
	its = 1
	hyp = 77 / 196
	cut = 638
20887 [0, 30000]: LP
	bnd = 30000.000000
	its = 1
	hyp = 77 / 196
	cut = 653
21284 [0, 30000]: LP
	bnd = 30000.000000
	its = 1
	hyp = 77 / 196
	cut = 668
21682 [0, 30000]: LP
	bnd = 30000.000000
	its = 1
	hyp = 77 / 196
	cut = 683
22079 [0, 30000]: LP
	bnd = 30000.000000
	its = 1
	hyp = 77 / 196
	cut = 698
22476 [0, 30000]: LP
	bnd = 30000.000000
	its = 1
	hyp = 77 / 196
	cut = 713
22873 [0, 30000]: LP
	bnd = 30000.000000
	its = 1
	hyp = 77 / 196
	cut = 728
23272 [0, 30000]: LP
	bnd = 30000.000000
	its = 1
	hyp = 77 / 196
	cut = 743
23668 [0, 30000]: LP
	bnd = 30000.000000
	its = 1
	hyp = 77 / 196
	cut = 758
24065 [0, 30000]: LP
	bnd = 30000.000000
	its = 1
	hyp = 77 / 196
	cut = 773
24462 [0, 30000]: LP
	bnd = 30000.000000
	its = 1
	hyp = 77 / 196
	cut = 788
24858 [0, 30000]: LP
	bnd = 30000.000000
	its = 1
	hyp = 77 / 196
	cut = 803
25256 [0, 30000]: LP
	bnd = 30000.000000
	its = 1
	hyp = 77 / 196
	cut = 818
25652 [0, 30000]: LP
	bnd = 30000.000000
	its = 1
	hyp = 77 / 196
	cut = 833
26049 [0, 30000]: LP
	bnd = 30000.000000
	its = 1
	hyp = 77 / 196
	cut = 848
26446 [0, 30000]: LP
	bnd = 30000.000000
	its = 1
	hyp = 77 / 196
	cut = 863
26853 [0, 30000]: LP
	bnd = 30000.000000
	its = 1
	hyp = 77 / 196
	cut = 878
27248 [0, 30000]: LP
	bnd = 30000.000000
	its = 1
	hyp = 77 / 196
	cut = 893
27645 [0, 30000]: LP
	bnd = 30000.000000
	its = 1
	hyp = 77 / 196
	cut = 908
28041 [0, 30000]: LP
	bnd = 30000.000000
	its = 1
	hyp = 77 / 196
	cut = 923
28439 [0, 30000]: LP
	bnd = 30000.000000
	its = 1
	hyp = 77 / 196
	cut = 938
28836 [0, 30000]: LP
	bnd = 30000.000000
	its = 1
	hyp = 77 / 196
	cut = 953
29232 [0, 30000]: LP
	bnd = 30000.000000
	its = 1
	hyp = 77 / 196
	cut = 968
29628 [0, 30000]: LP
	bnd = 30000.000000
	its = 1
	hyp = 77 / 196
	cut = 983
30025 [0, 30000]: LP
	bnd = 30000.000000
	its = 1
	hyp = 77 / 196
	cut = 998
30421 [0, 30000]: LP
	bnd = 30000.000000
	its = 1
	hyp = 77 / 196
	cut = 1013
30818 [0, 30000]: LP
	bnd = 30000.000000
	its = 1
	hyp = 77 / 196
	cut = 1028
31216 [0, 30000]: LP
	bnd = 30000.000000
	its = 1
	hyp = 77 / 196
	cut = 1043
31613 [0, 30000]: LP
	bnd = 30000.000000
	its = 1
	hyp = 77 / 196
	cut = 1058
32010 [0, 30000]: LP
	bnd = 30000.000000
	its = 1
	hyp = 77 / 196
	cut = 1073
32407 [0, 30000]: LP
	bnd = 30000.000000
	its = 1
	hyp = 77 / 196
	cut = 1088
32803 [0, 30000]: LP
	bnd = 30000.000000
	its = 1
	hyp = 77 / 196
	cut = 1103
33199 [0, 30000]: LP
	bnd = 30000.000000
	its = 1
	hyp = 77 / 196
	cut = 1118
33595 [0, 30000]: LP
	bnd = 30000.000000
	its = 1
	hyp = 77 / 196
	cut = 1133
33991 [0, 30000]: LP
	bnd = 30000.000000
	its = 1
	hyp = 77 / 196
	cut = 1137
34174 [30000, 30000]: HEURISTIC 3
