hypergraph with 9248 vertices and 377892 hyperarcs generated in 104
844 [0, 29968]: LP
	bnd = 29968.384766
	its = 35
	hyp = 180 / 446
	cut = 0
846 [0, 29968]: HEURISTIC 3
847 [0, 29968]: LABEL
	tot = 30
	max = 2
850 [0, 29938]: LABEL
	tot = 102
	max = 2
856 [0, 29908]: LABEL
	tot = 193
	max = 3
863 [0, 29878]: LABEL
	tot = 353
	max = 3
876 [0, 29848]: LABEL
	tot = 529
	max = 4
893 [0, 29818]: LABEL
	tot = 808
	max = 5
916 [0, 29789]: LABEL
	tot = 1048
	max = 6
946 [0, 29759]: LABEL
	tot = 1395
	max = 6
984 [0, 29729]: LABEL
	tot = 1878
	max = 7
1031 [0, 29699]: LABEL
	tot = 2436
	max = 9
1089 [0, 29670]: LABEL
	tot = 3139
	max = 11
1159 [0, 29640]: LABEL
	tot = 3977
	max = 13
1246 [0, 29610]: LABEL
	tot = 4984
	max = 14
1350 [0, 29581]: LABEL
	tot = 6143
	max = 16
1475 [0, 29551]: LABEL
	tot = 7498
	max = 20
1625 [0, 29521]: LABEL
	tot = 9162
	max = 24
1805 [0, 29492]: LABEL
	tot = 11173
	max = 35
2019 [0, 29462]: LABEL
	tot = 13501
	max = 41
2271 [0, 29433]: LABEL
	tot = 16078
	max = 45
2455 [0, 29433]: LP
	bnd = 29504.992188
	its = 55
	hyp = 295 / 1202
	cut = 15
	restart
2467 [0, 29404]: LABEL
	tot = 688
	max = 5
2482 [0, 29374]: LABEL
	tot = 980
	max = 6
2501 [0, 29345]: LABEL
	tot = 1256
	max = 6
2526 [0, 29315]: LABEL
	tot = 1705
	max = 8
2558 [0, 29286]: LABEL
	tot = 2169
	max = 9
2598 [0, 29257]: LABEL
	tot = 2710
	max = 10
2646 [0, 29228]: LABEL
	tot = 3309
	max = 11
2705 [0, 29198]: LABEL
	tot = 3938
	max = 13
2775 [0, 29169]: LABEL
	tot = 4735
	max = 13
2861 [0, 29140]: LABEL
	tot = 5732
	max = 14
2963 [0, 29111]: LABEL
	tot = 6823
	max = 17
3084 [0, 29082]: LABEL
	tot = 8064
	max = 20
3228 [0, 29053]: LABEL
	tot = 9517
	max = 27
3398 [28543, 29024]: LABEL
	tot = 11263
	max = 34
3573 [28543, 29024]: LP
	bnd = 29417.490234
	its = 34
	hyp = 352 / 1465
	cut = 31
	restart
3729 [28543, 28995]: LABEL
	tot = 9562
	max = 28
3911 [28543, 28966]: LABEL
	tot = 11424
	max = 32
4125 [28543, 28937]: LABEL
	tot = 13490
	max = 39
4374 [28543, 28908]: LABEL
	tot = 15939
	max = 45
4667 [28543, 28879]: LABEL
	tot = 18699
	max = 52
5008 [28543, 28850]: LABEL
	tot = 21731
	max = 55
5047 [28543, 28850]: LP
	bnd = 29347.382812
	its = 43
	hyp = 431 / 1756
	cut = 47
	restart
5364 [28543, 28821]: LABEL
	tot = 20787
	max = 61
5731 [28543, 28792]: LABEL
	tot = 24061
	max = 70
6159 [28543, 28763]: LABEL
	tot = 27872
	max = 71
6654 [28543, 28735]: LABEL
	tot = 31931
	max = 79
7024 [28543, 28735]: LP
	bnd = 29311.783203
	its = 54
	hyp = 497 / 2097
	cut = 63
	restart
7566 [28543, 28706]: LABEL
	tot = 33885
	max = 81
8189 [28543, 28677]: LABEL
	tot = 38614
	max = 86
8912 [28543, 28649]: LABEL
	tot = 44075
	max = 93
9096 [28543, 28649]: LP
	bnd = 29278.640625
	its = 51
	hyp = 519 / 2331
	cut = 80
	restart
9830 [28543, 28620]: LABEL
	tot = 45717
	max = 89
10673 [28543, 28591]: LABEL
	tot = 51579
	max = 97
11131 [28543, 28591]: LP
	bnd = 29246.156250
	its = 45
	hyp = 569 / 2544
	cut = 97
	restart
11986 [28543, 28563]: LABEL
	tot = 51160
	max = 102
12925 [28543, 28543]: LABEL
	tot = 55807
	max = 108
