hypergraph with 8393 vertices and 208683 hyperarcs generated in 178
156 [0, 29331]: LP
	bnd = 29331.142578
	its = 4
	hyp = 27 / 27
	cut = 0
158 [0, 29331]: HEURISTIC 3
160 [0, 29331]: LABEL
	tot = 37
	max = 1
161 [0, 29301]: LABEL
	tot = 44
	max = 1
162 [0, 29272]: LABEL
	tot = 44
	max = 1
163 [0, 29243]: LABEL
	tot = 44
	max = 1
164 [0, 29213]: LABEL
	tot = 64
	max = 1
165 [0, 29184]: LABEL
	tot = 64
	max = 1
167 [0, 29155]: LABEL
	tot = 91
	max = 1
169 [0, 29126]: LABEL
	tot = 117
	max = 1
170 [0, 29097]: LABEL
	tot = 139
	max = 2
172 [28926, 29068]: LABEL
	tot = 144
	max = 2
175 [28926, 29039]: LABEL
	tot = 271
	max = 3
178 [28926, 29010]: LABEL
	tot = 273
	max = 3
182 [28926, 28981]: LABEL
	tot = 318
	max = 3
185 [28926, 28952]: LABEL
	tot = 346
	max = 3
190 [28926, 28926]: LABEL
	tot = 360
	max = 3
