hypergraph with 10802 vertices and 489189 hyperarcs generated in 2219
3132 [0, 30000]: LP
	bnd = 30000.000000
	its = 13
	hyp = 122 / 153
	cut = 0
4627 [0, 30000]: LP
	bnd = 30000.000000
	its = 8
	hyp = 125 / 364
	cut = 15
5222 [0, 30000]: LP
	bnd = 30000.000000
	its = 2
	hyp = 172 / 396
	cut = 32
5804 [0, 30000]: LP
	bnd = 30000.000000
	its = 2
	hyp = 116 / 420
	cut = 53
6228 [0, 30000]: LP
	bnd = 30000.000000
	its = 1
	hyp = 176 / 420
	cut = 72
6642 [0, 30000]: LP
	bnd = 30000.000000
	its = 1
	hyp = 86 / 420
	cut = 94
7558 [0, 30000]: LP
	bnd = 30000.000000
	its = 4
	hyp = 100 / 486
	cut = 114
7994 [0, 30000]: LP
	bnd = 30000.000000
	its = 1
	hyp = 99 / 486
	cut = 134
8435 [0, 30000]: LP
	bnd = 30000.000000
	its = 1
	hyp = 128 / 486
	cut = 153
8904 [0, 30000]: LP
	bnd = 30000.000000
	its = 1
	hyp = 158 / 486
	cut = 171
9325 [0, 30000]: LP
	bnd = 30000.000000
	its = 1
	hyp = 85 / 486
	cut = 192
9744 [0, 30000]: LP
	bnd = 30000.000000
	its = 1
	hyp = 85 / 486
	cut = 213
10163 [0, 30000]: LP
	bnd = 30000.000000
	its = 1
	hyp = 85 / 486
	cut = 234
10584 [0, 30000]: LP
	bnd = 30000.000000
	its = 1
	hyp = 85 / 486
	cut = 255
11003 [0, 30000]: LP
	bnd = 30000.000000
	its = 1
	hyp = 85 / 486
	cut = 276
11422 [0, 30000]: LP
	bnd = 30000.000000
	its = 1
	hyp = 85 / 486
	cut = 296
11841 [0, 30000]: LP
	bnd = 30000.000000
	its = 1
	hyp = 85 / 486
	cut = 316
12260 [0, 30000]: LP
	bnd = 30000.000000
	its = 1
	hyp = 85 / 486
	cut = 336
12679 [0, 30000]: LP
	bnd = 30000.000000
	its = 1
	hyp = 85 / 486
	cut = 356
13099 [0, 30000]: LP
	bnd = 30000.000000
	its = 1
	hyp = 85 / 486
	cut = 376
13519 [0, 30000]: LP
	bnd = 30000.000000
	its = 1
	hyp = 85 / 486
	cut = 396
13938 [0, 30000]: LP
	bnd = 30000.000000
	its = 1
	hyp = 85 / 486
	cut = 416
14357 [0, 30000]: LP
	bnd = 30000.000000
	its = 1
	hyp = 85 / 486
	cut = 436
14777 [0, 30000]: LP
	bnd = 30000.000000
	its = 1
	hyp = 85 / 486
	cut = 456
15196 [0, 30000]: LP
	bnd = 30000.000000
	its = 1
	hyp = 85 / 486
	cut = 476
15617 [0, 30000]: LP
	bnd = 30000.000000
	its = 1
	hyp = 85 / 486
	cut = 496
16036 [0, 30000]: LP
	bnd = 30000.000000
	its = 1
	hyp = 85 / 486
	cut = 516
16454 [0, 30000]: LP
	bnd = 30000.000000
	its = 1
	hyp = 85 / 486
	cut = 536
16873 [0, 30000]: LP
	bnd = 30000.000000
	its = 1
	hyp = 85 / 486
	cut = 556
17292 [0, 30000]: LP
	bnd = 30000.000000
	its = 1
	hyp = 85 / 486
	cut = 576
17710 [0, 30000]: LP
	bnd = 30000.000000
	its = 1
	hyp = 85 / 486
	cut = 596
18129 [0, 30000]: LP
	bnd = 30000.000000
	its = 1
	hyp = 85 / 486
	cut = 616
18550 [0, 30000]: LP
	bnd = 30000.000000
	its = 1
	hyp = 85 / 486
	cut = 636
18970 [0, 30000]: LP
	bnd = 30000.000000
	its = 1
	hyp = 85 / 486
	cut = 656
19390 [0, 30000]: LP
	bnd = 30000.000000
	its = 1
	hyp = 85 / 486
	cut = 676
19808 [0, 30000]: LP
	bnd = 30000.000000
	its = 1
	hyp = 85 / 486
	cut = 696
20227 [0, 30000]: LP
	bnd = 30000.000000
	its = 1
	hyp = 85 / 486
	cut = 716
20646 [0, 30000]: LP
	bnd = 30000.000000
	its = 1
	hyp = 85 / 486
	cut = 736
21065 [0, 30000]: LP
	bnd = 30000.000000
	its = 1
	hyp = 85 / 486
	cut = 756
21485 [0, 30000]: LP
	bnd = 30000.000000
	its = 1
	hyp = 85 / 486
	cut = 776
21904 [0, 30000]: LP
	bnd = 30000.000000
	its = 1
	hyp = 85 / 486
	cut = 796
22324 [0, 30000]: LP
	bnd = 30000.000000
	its = 1
	hyp = 85 / 486
	cut = 816
22743 [0, 30000]: LP
	bnd = 30000.000000
	its = 1
	hyp = 85 / 486
	cut = 836
23162 [0, 30000]: LP
	bnd = 30000.000000
	its = 1
	hyp = 85 / 486
	cut = 856
23584 [0, 30000]: LP
	bnd = 30000.000000
	its = 1
	hyp = 85 / 486
	cut = 876
24005 [0, 30000]: LP
	bnd = 30000.000000
	its = 1
	hyp = 85 / 486
	cut = 896
24425 [0, 30000]: LP
	bnd = 30000.000000
	its = 1
	hyp = 85 / 486
	cut = 916
24845 [0, 30000]: LP
	bnd = 30000.000000
	its = 1
	hyp = 85 / 486
	cut = 936
25280 [0, 30000]: LP
	bnd = 30000.000000
	its = 1
	hyp = 85 / 486
	cut = 956
25700 [0, 30000]: LP
	bnd = 30000.000000
	its = 1
	hyp = 85 / 486
	cut = 976
26119 [0, 30000]: LP
	bnd = 30000.000000
	its = 1
	hyp = 85 / 486
	cut = 996
26539 [0, 30000]: LP
	bnd = 30000.000000
	its = 1
	hyp = 85 / 486
	cut = 1016
26958 [0, 30000]: LP
	bnd = 30000.000000
	its = 1
	hyp = 85 / 486
	cut = 1036
27377 [0, 30000]: LP
	bnd = 30000.000000
	its = 1
	hyp = 85 / 486
	cut = 1056
27807 [0, 30000]: LP
	bnd = 30000.000000
	its = 1
	hyp = 85 / 486
	cut = 1076
28227 [0, 30000]: LP
	bnd = 30000.000000
	its = 1
	hyp = 85 / 486
	cut = 1096
28646 [0, 30000]: LP
	bnd = 30000.000000
	its = 1
	hyp = 85 / 486
	cut = 1116
29066 [0, 30000]: LP
	bnd = 30000.000000
	its = 1
	hyp = 85 / 486
	cut = 1136
29487 [0, 30000]: LP
	bnd = 30000.000000
	its = 1
	hyp = 85 / 486
	cut = 1156
29512 [30000, 30000]: HEURISTIC 3
