hypergraph with 9902 vertices and 450910 hyperarcs generated in 184
1180 [0, 29970]: LP
	bnd = 29970.802734
	its = 33
	hyp = 180 / 374
	cut = 0
1183 [0, 29970]: HEURISTIC 3
1185 [0, 29970]: LABEL
	tot = 27
	max = 1
1190 [0, 29940]: LABEL
	tot = 141
	max = 2
1199 [0, 29910]: LABEL
	tot = 290
	max = 2
1216 [0, 29880]: LABEL
	tot = 494
	max = 4
1241 [0, 29851]: LABEL
	tot = 752
	max = 4
1279 [0, 29821]: LABEL
	tot = 1056
	max = 6
1333 [0, 29791]: LABEL
	tot = 1504
	max = 7
1406 [0, 29761]: LABEL
	tot = 2123
	max = 7
1503 [0, 29731]: LABEL
	tot = 2919
	max = 7
1637 [29653, 29702]: LABEL
	tot = 4077
	max = 8
1820 [29653, 29672]: LABEL
	tot = 5606
	max = 11
2045 [29653, 29653]: LABEL
	tot = 6853
	max = 13
