hypergraph with 8690 vertices and 258523 hyperarcs generated in 107
406 [0, 28407]: LP
	bnd = 28407.865234
	its = 16
	hyp = 148 / 295
	cut = 0
416 [0, 28407]: HEURISTIC 3
421 [0, 28407]: LABEL
	tot = 147
	max = 1
428 [0, 28379]: LABEL
	tot = 254
	max = 2
434 [0, 28351]: LABEL
	tot = 356
	max = 3
442 [0, 28322]: LABEL
	tot = 490
	max = 3
450 [0, 28294]: LABEL
	tot = 629
	max = 3
462 [0, 28266]: LABEL
	tot = 732
	max = 3
473 [0, 28237]: LABEL
	tot = 906
	max = 4
489 [0, 28209]: LABEL
	tot = 1070
	max = 4
503 [0, 28181]: LABEL
	tot = 1159
	max = 5
521 [0, 28153]: LABEL
	tot = 1321
	max = 5
539 [0, 28125]: LABEL
	tot = 1373
	max = 5
561 [0, 28096]: LABEL
	tot = 1670
	max = 5
585 [0, 28068]: LABEL
	tot = 1823
	max = 6
611 [0, 28040]: LABEL
	tot = 1996
	max = 6
639 [0, 28012]: LABEL
	tot = 2098
	max = 6
668 [0, 27984]: LABEL
	tot = 2232
	max = 6
700 [0, 27956]: LABEL
	tot = 2387
	max = 7
734 [0, 27928]: LABEL
	tot = 2602
	max = 8
771 [0, 27900]: LABEL
	tot = 2719
	max = 9
809 [0, 27872]: LABEL
	tot = 2876
	max = 10
850 [0, 27845]: LABEL
	tot = 2982
	max = 13
894 [0, 27817]: LABEL
	tot = 3305
	max = 16
942 [0, 27789]: LABEL
	tot = 3455
	max = 17
993 [0, 27761]: LABEL
	tot = 3719
	max = 17
1048 [0, 27733]: LABEL
	tot = 4048
	max = 19
1106 [0, 27706]: LABEL
	tot = 4200
	max = 20
1168 [0, 27678]: LABEL
	tot = 4523
	max = 21
1230 [0, 27650]: LABEL
	tot = 4842
	max = 21
1265 [0, 27650]: LP
	bnd = 28290.068359
	its = 30
	hyp = 228 / 613
	cut = 11
	restart
1336 [0, 27623]: LABEL
	tot = 4348
	max = 19
1410 [0, 27595]: LABEL
	tot = 4611
	max = 22
1488 [0, 27567]: LABEL
	tot = 4995
	max = 20
1568 [0, 27540]: LABEL
	tot = 5308
	max = 21
1651 [0, 27512]: LABEL
	tot = 5717
	max = 25
1741 [26837, 27485]: LABEL
	tot = 6024
	max = 22
1833 [26837, 27457]: LABEL
	tot = 6281
	max = 23
1917 [26837, 27457]: LP
	bnd = 28135.775391
	its = 23
	hyp = 213 / 757
	cut = 25
	restart
1991 [26837, 27430]: LABEL
	tot = 5084
	max = 21
2069 [26837, 27402]: LABEL
	tot = 5447
	max = 21
2154 [26837, 27375]: LABEL
	tot = 5779
	max = 22
2243 [26837, 27348]: LABEL
	tot = 6109
	max = 23
2337 [26837, 27320]: LABEL
	tot = 6406
	max = 23
2438 [26837, 27293]: LABEL
	tot = 6748
	max = 24
2541 [26837, 27266]: LABEL
	tot = 7062
	max = 24
2579 [26837, 27266]: LP
	bnd = 28117.574219
	its = 23
	hyp = 273 / 855
	cut = 39
	restart
2690 [26837, 27238]: LABEL
	tot = 7308
	max = 25
2805 [26837, 27211]: LABEL
	tot = 7809
	max = 25
2914 [26837, 27184]: LABEL
	tot = 8313
	max = 25
3024 [26837, 27157]: LABEL
	tot = 8946
	max = 25
3137 [26837, 27130]: LABEL
	tot = 9365
	max = 25
3181 [26837, 27130]: LP
	bnd = 28068.068359
	its = 20
	hyp = 257 / 944
	cut = 53
	restart
3296 [26837, 27102]: LABEL
	tot = 9441
	max = 27
3414 [26837, 27075]: LABEL
	tot = 9913
	max = 29
3562 [26837, 27048]: LABEL
	tot = 10337
	max = 31
3718 [26837, 27021]: LABEL
	tot = 10896
	max = 30
3881 [26837, 26994]: LABEL
	tot = 11329
	max = 30
4000 [26837, 26994]: LP
	bnd = 28045.886719
	its = 29
	hyp = 281 / 1033
	cut = 67
	restart
4165 [26837, 26967]: LABEL
	tot = 11199
	max = 30
4334 [26837, 26940]: LABEL
	tot = 11774
	max = 31
4514 [26837, 26913]: LABEL
	tot = 12367
	max = 30
4693 [26837, 26913]: LP
	bnd = 28023.833984
	its = 23
	hyp = 296 / 1122
	cut = 81
	restart
4878 [26837, 26886]: LABEL
	tot = 13053
	max = 32
5077 [26837, 26859]: LABEL
	tot = 13600
	max = 32
5286 [26837, 26837]: LABEL
	tot = 14243
	max = 32
