hypergraph with 9506 vertices and 394421 hyperarcs generated in 186
1307 [0, 29974]: LP
	bnd = 29974.367188
	its = 39
	hyp = 148 / 389
	cut = 0
1310 [0, 29974]: HEURISTIC 3
1311 [0, 29974]: LABEL
	tot = 13
	max = 1
1315 [0, 29944]: LABEL
	tot = 101
	max = 1
1321 [0, 29914]: LABEL
	tot = 185
	max = 2
1330 [0, 29884]: LABEL
	tot = 291
	max = 2
1342 [0, 29854]: LABEL
	tot = 370
	max = 3
1360 [0, 29824]: LABEL
	tot = 594
	max = 5
1384 [0, 29794]: LABEL
	tot = 843
	max = 6
1419 [0, 29765]: LABEL
	tot = 1225
	max = 7
1466 [0, 29735]: LABEL
	tot = 1744
	max = 8
1528 [0, 29705]: LABEL
	tot = 2369
	max = 12
1610 [0, 29675]: LABEL
	tot = 3305
	max = 15
1719 [0, 29646]: LABEL
	tot = 4560
	max = 24
1858 [0, 29616]: LABEL
	tot = 6011
	max = 31
2078 [0, 29587]: LABEL
	tot = 8141
	max = 36
2358 [29448, 29557]: LABEL
	tot = 10852
	max = 43
2717 [29448, 29527]: LABEL
	tot = 14408
	max = 57
3169 [29448, 29498]: LABEL
	tot = 19203
	max = 73
3264 [29448, 29498]: LP
	bnd = 29836.281250
	its = 49
	hyp = 246 / 1001
	cut = 19
	restart
3545 [29448, 29468]: LABEL
	tot = 9167
	max = 32
3875 [29448, 29448]: LABEL
	tot = 11318
	max = 41
