hypergraph with 10052 vertices and 480356 hyperarcs generated in 1033
641 [0, 30000]: LP
	bnd = 30000.000000
	its = 5
	hyp = 64 / 64
	cut = 0
1111 [0, 30000]: LP
	bnd = 30000.000000
	its = 7
	hyp = 93 / 199
	cut = 4
1329 [0, 30000]: LP
	bnd = 30000.000000
	its = 2
	hyp = 62 / 226
	cut = 9
1469 [0, 30000]: LP
	bnd = 30000.000000
	its = 1
	hyp = 76 / 226
	cut = 15
1670 [0, 30000]: LP
	bnd = 30000.000000
	its = 2
	hyp = 62 / 247
	cut = 24
1838 [0, 30000]: LP
	bnd = 30000.000000
	its = 1
	hyp = 62 / 247
	cut = 33
2100 [0, 30000]: LP
	bnd = 30000.000000
	its = 3
	hyp = 67 / 273
	cut = 42
2274 [0, 30000]: LP
	bnd = 30000.000000
	its = 1
	hyp = 65 / 273
	cut = 51
2453 [0, 30000]: LP
	bnd = 30000.000000
	its = 1
	hyp = 71 / 273
	cut = 60
2665 [0, 30000]: LP
	bnd = 30000.000000
	its = 2
	hyp = 75 / 295
	cut = 69
2841 [0, 30000]: LP
	bnd = 30000.000000
	its = 1
	hyp = 115 / 295
	cut = 77
2983 [0, 30000]: LP
	bnd = 30000.000000
	its = 1
	hyp = 131 / 295
	cut = 85
3163 [0, 30000]: LP
	bnd = 30000.000000
	its = 1
	hyp = 99 / 295
	cut = 93
3177 [30000, 30000]: HEURISTIC 3
