hypergraph with 10052 vertices and 467599 hyperarcs generated in 813
907 [0, 30000]: LP
	bnd = 30000.000000
	its = 11
	hyp = 95 / 102
	cut = 0
1631 [0, 30000]: LP
	bnd = 30000.000000
	its = 11
	hyp = 167 / 347
	cut = 10
1994 [0, 30000]: LP
	bnd = 30000.000000
	its = 4
	hyp = 148 / 408
	cut = 30
2401 [0, 30000]: LP
	bnd = 30000.000000
	its = 5
	hyp = 174 / 477
	cut = 51
2739 [0, 30000]: LP
	bnd = 30000.000000
	its = 4
	hyp = 184 / 535
	cut = 73
3055 [0, 30000]: LP
	bnd = 30000.000000
	its = 3
	hyp = 196 / 573
	cut = 95
3317 [0, 30000]: LP
	bnd = 30000.000000
	its = 2
	hyp = 218 / 580
	cut = 117
3680 [0, 30000]: LP
	bnd = 30000.000000
	its = 4
	hyp = 191 / 622
	cut = 139
4085 [0, 30000]: LP
	bnd = 30000.000000
	its = 4
	hyp = 226 / 683
	cut = 161
4375 [0, 30000]: LP
	bnd = 30000.000000
	its = 2
	hyp = 200 / 694
	cut = 182
4641 [30000, 30000]: HEURISTIC 3
