hypergraph with 10802 vertices and 492511 hyperarcs generated in 2664
2899 [0, 30000]: LP
	bnd = 30000.000000
	its = 11
	hyp = 103 / 112
	cut = 0
3932 [0, 30000]: LP
	bnd = 30000.000000
	its = 5
	hyp = 146 / 249
	cut = 10
4806 [0, 30000]: LP
	bnd = 30000.000000
	its = 4
	hyp = 132 / 310
	cut = 37
5260 [0, 30000]: LP
	bnd = 30000.000000
	its = 1
	hyp = 144 / 310
	cut = 63
5687 [0, 30000]: LP
	bnd = 30000.000000
	its = 1
	hyp = 108 / 310
	cut = 89
6125 [0, 30000]: LP
	bnd = 30000.000000
	its = 1
	hyp = 90 / 310
	cut = 114
7027 [0, 30000]: LP
	bnd = 30000.000000
	its = 4
	hyp = 166 / 379
	cut = 139
7630 [0, 30000]: LP
	bnd = 30000.000000
	its = 2
	hyp = 157 / 409
	cut = 162
8103 [0, 30000]: LP
	bnd = 30000.000000
	its = 1
	hyp = 134 / 409
	cut = 183
8725 [0, 30000]: LP
	bnd = 30000.000000
	its = 2
	hyp = 111 / 428
	cut = 206
9153 [0, 30000]: LP
	bnd = 30000.000000
	its = 1
	hyp = 102 / 428
	cut = 229
9589 [0, 30000]: LP
	bnd = 30000.000000
	its = 1
	hyp = 118 / 428
	cut = 252
10208 [0, 30000]: LP
	bnd = 30000.000000
	its = 2
	hyp = 153 / 458
	cut = 275
10719 [0, 30000]: LP
	bnd = 30000.000000
	its = 1
	hyp = 175 / 458
	cut = 300
11356 [0, 30000]: LP
	bnd = 30000.000000
	its = 2
	hyp = 132 / 487
	cut = 329
11873 [0, 30000]: LP
	bnd = 30000.000000
	its = 1
	hyp = 178 / 487
	cut = 358
12306 [0, 30000]: LP
	bnd = 30000.000000
	its = 1
	hyp = 180 / 487
	cut = 388
12888 [0, 30000]: LP
	bnd = 30000.000000
	its = 2
	hyp = 124 / 535
	cut = 418
13349 [0, 30000]: LP
	bnd = 30000.000000
	its = 1
	hyp = 121 / 535
	cut = 448
13819 [0, 30000]: LP
	bnd = 30000.000000
	its = 1
	hyp = 168 / 535
	cut = 478
14286 [0, 30000]: LP
	bnd = 30000.000000
	its = 1
	hyp = 91 / 535
	cut = 509
14746 [0, 30000]: LP
	bnd = 30000.000000
	its = 1
	hyp = 91 / 535
	cut = 538
15210 [0, 30000]: LP
	bnd = 30000.000000
	its = 1
	hyp = 91 / 535
	cut = 567
15671 [0, 30000]: LP
	bnd = 30000.000000
	its = 1
	hyp = 91 / 535
	cut = 594
16129 [0, 30000]: LP
	bnd = 30000.000000
	its = 1
	hyp = 91 / 535
	cut = 621
16594 [0, 30000]: LP
	bnd = 30000.000000
	its = 1
	hyp = 91 / 535
	cut = 648
17047 [0, 30000]: LP
	bnd = 30000.000000
	its = 1
	hyp = 91 / 535
	cut = 675
17503 [0, 30000]: LP
	bnd = 30000.000000
	its = 1
	hyp = 91 / 535
	cut = 702
17966 [0, 30000]: LP
	bnd = 30000.000000
	its = 1
	hyp = 91 / 535
	cut = 729
18425 [0, 30000]: LP
	bnd = 30000.000000
	its = 1
	hyp = 91 / 535
	cut = 756
18881 [0, 30000]: LP
	bnd = 30000.000000
	its = 1
	hyp = 91 / 535
	cut = 783
19339 [0, 30000]: LP
	bnd = 30000.000000
	its = 1
	hyp = 91 / 535
	cut = 810
19802 [0, 30000]: LP
	bnd = 30000.000000
	its = 1
	hyp = 91 / 535
	cut = 837
20263 [0, 30000]: LP
	bnd = 30000.000000
	its = 1
	hyp = 91 / 535
	cut = 864
20729 [0, 30000]: LP
	bnd = 30000.000000
	its = 1
	hyp = 91 / 535
	cut = 891
21186 [0, 30000]: LP
	bnd = 30000.000000
	its = 1
	hyp = 91 / 535
	cut = 918
21644 [0, 30000]: LP
	bnd = 30000.000000
	its = 1
	hyp = 91 / 535
	cut = 945
22101 [0, 30000]: LP
	bnd = 30000.000000
	its = 1
	hyp = 91 / 535
	cut = 972
22556 [0, 30000]: LP
	bnd = 30000.000000
	its = 1
	hyp = 91 / 535
	cut = 999
23013 [0, 30000]: LP
	bnd = 30000.000000
	its = 1
	hyp = 91 / 535
	cut = 1026
23473 [0, 30000]: LP
	bnd = 30000.000000
	its = 1
	hyp = 91 / 535
	cut = 1053
23935 [0, 30000]: LP
	bnd = 30000.000000
	its = 1
	hyp = 91 / 535
	cut = 1080
24397 [0, 30000]: LP
	bnd = 30000.000000
	its = 1
	hyp = 91 / 535
	cut = 1107
24858 [0, 30000]: LP
	bnd = 30000.000000
	its = 1
	hyp = 91 / 535
	cut = 1134
25321 [0, 30000]: LP
	bnd = 30000.000000
	its = 1
	hyp = 91 / 535
	cut = 1161
25783 [0, 30000]: LP
	bnd = 30000.000000
	its = 1
	hyp = 91 / 535
	cut = 1188
26245 [0, 30000]: LP
	bnd = 30000.000000
	its = 1
	hyp = 91 / 535
	cut = 1215
26707 [0, 30000]: LP
	bnd = 30000.000000
	its = 1
	hyp = 91 / 535
	cut = 1242
27171 [0, 30000]: LP
	bnd = 30000.000000
	its = 1
	hyp = 91 / 535
	cut = 1269
27628 [0, 30000]: LP
	bnd = 30000.000000
	its = 1
	hyp = 91 / 535
	cut = 1296
28086 [0, 30000]: LP
	bnd = 30000.000000
	its = 1
	hyp = 91 / 535
	cut = 1323
28545 [0, 30000]: LP
	bnd = 30000.000000
	its = 1
	hyp = 91 / 535
	cut = 1350
29006 [0, 30000]: LP
	bnd = 30000.000000
	its = 1
	hyp = 91 / 535
	cut = 1377
29469 [0, 30000]: LP
	bnd = 30000.000000
	its = 1
	hyp = 91 / 535
	cut = 1404
29931 [0, 30000]: LP
	bnd = 30000.000000
	its = 1
	hyp = 91 / 535
	cut = 1431
30392 [0, 30000]: LP
	bnd = 30000.000000
	its = 1
	hyp = 91 / 535
	cut = 1458
30853 [0, 30000]: LP
	bnd = 30000.000000
	its = 1
	hyp = 91 / 535
	cut = 1485
31311 [0, 30000]: LP
	bnd = 30000.000000
	its = 1
	hyp = 91 / 535
	cut = 1512
31770 [0, 30000]: LP
	bnd = 30000.000000
	its = 1
	hyp = 91 / 535
	cut = 1539
32231 [0, 30000]: LP
	bnd = 30000.000000
	its = 1
	hyp = 91 / 535
	cut = 1566
32693 [0, 30000]: LP
	bnd = 30000.000000
	its = 1
	hyp = 91 / 535
	cut = 1593
33156 [0, 30000]: LP
	bnd = 30000.000000
	its = 1
	hyp = 91 / 535
	cut = 1620
33627 [0, 30000]: LP
	bnd = 30000.000000
	its = 1
	hyp = 91 / 535
	cut = 1647
34092 [0, 30000]: LP
	bnd = 30000.000000
	its = 1
	hyp = 91 / 535
	cut = 1674
34556 [0, 30000]: LP
	bnd = 30000.000000
	its = 1
	hyp = 91 / 535
	cut = 1701
35023 [0, 30000]: LP
	bnd = 30000.000000
	its = 1
	hyp = 91 / 535
	cut = 1728
35503 [0, 30000]: LP
	bnd = 30000.000000
	its = 1
	hyp = 91 / 535
	cut = 1755
35753 [30000, 30000]: HEURISTIC 3
