hypergraph with 8595 vertices and 289182 hyperarcs generated in 106
319 [0, 29394]: LP
	bnd = 29394.000000
	its = 11
	hyp = 76 / 204
	cut = 0
322 [0, 29394]: HEURISTIC 3
323 [0, 29394]: LABEL
	tot = 114
	max = 1
325 [0, 29364]: LABEL
	tot = 116
	max = 1
327 [0, 29335]: LABEL
	tot = 122
	max = 2
328 [0, 29305]: LABEL
	tot = 122
	max = 2
331 [0, 29276]: LABEL
	tot = 230
	max = 3
334 [0, 29247]: LABEL
	tot = 348
	max = 3
338 [0, 29218]: LABEL
	tot = 376
	max = 3
342 [0, 29188]: LABEL
	tot = 498
	max = 3
347 [0, 29159]: LABEL
	tot = 537
	max = 4
352 [0, 29130]: LABEL
	tot = 542
	max = 4
359 [0, 29101]: LABEL
	tot = 668
	max = 4
367 [0, 29072]: LABEL
	tot = 734
	max = 4
375 [0, 29043]: LABEL
	tot = 774
	max = 4
384 [0, 29014]: LABEL
	tot = 918
	max = 5
395 [0, 28985]: LABEL
	tot = 1114
	max = 5
408 [0, 28956]: LABEL
	tot = 1277
	max = 6
422 [0, 28927]: LABEL
	tot = 1380
	max = 6
438 [0, 28898]: LABEL
	tot = 1467
	max = 6
455 [0, 28869]: LABEL
	tot = 1627
	max = 6
473 [0, 28840]: LABEL
	tot = 1845
	max = 8
494 [0, 28811]: LABEL
	tot = 2046
	max = 9
517 [0, 28782]: LABEL
	tot = 2199
	max = 11
542 [0, 28754]: LABEL
	tot = 2315
	max = 11
569 [0, 28725]: LABEL
	tot = 2528
	max = 13
598 [0, 28696]: LABEL
	tot = 2756
	max = 12
629 [0, 28667]: LABEL
	tot = 2901
	max = 15
663 [0, 28639]: LABEL
	tot = 3157
	max = 16
699 [0, 28610]: LABEL
	tot = 3377
	max = 17
738 [0, 28581]: LABEL
	tot = 3537
	max = 19
780 [0, 28553]: LABEL
	tot = 3824
	max = 19
786 [0, 28553]: LP
	bnd = 29202.832031
	its = 17
	hyp = 132 / 417
	cut = 5
	restart
825 [0, 28524]: LABEL
	tot = 3121
	max = 14
865 [0, 28496]: LABEL
	tot = 3319
	max = 14
910 [28329, 28467]: LABEL
	tot = 3665
	max = 14
960 [28329, 28439]: LABEL
	tot = 3973
	max = 15
1014 [28329, 28410]: LABEL
	tot = 4284
	max = 17
1073 [28329, 28382]: LABEL
	tot = 4613
	max = 17
1137 [28329, 28354]: LABEL
	tot = 4996
	max = 17
1208 [28329, 28329]: LABEL
	tot = 5373
	max = 17
