hypergraph with 10802 vertices and 494642 hyperarcs generated in 2473
3430 [0, 30000]: LP
	bnd = 30000.000000
	its = 15
	hyp = 148 / 182
	cut = 0
5117 [0, 30000]: LP
	bnd = 30000.000000
	its = 9
	hyp = 209 / 488
	cut = 18
6182 [0, 30000]: LP
	bnd = 30000.000000
	its = 5
	hyp = 163 / 625
	cut = 45
6982 [0, 30000]: LP
	bnd = 30000.000000
	its = 3
	hyp = 199 / 694
	cut = 72
7456 [0, 30000]: LP
	bnd = 30000.000000
	its = 1
	hyp = 214 / 694
	cut = 99
8090 [0, 30000]: LP
	bnd = 30000.000000
	its = 2
	hyp = 219 / 728
	cut = 127
8596 [0, 30000]: LP
	bnd = 30000.000000
	its = 1
	hyp = 203 / 728
	cut = 151
9236 [0, 30000]: LP
	bnd = 30000.000000
	its = 2
	hyp = 146 / 772
	cut = 176
9864 [0, 30000]: LP
	bnd = 30000.000000
	its = 2
	hyp = 291 / 799
	cut = 202
10638 [0, 30000]: LP
	bnd = 30000.000000
	its = 3
	hyp = 247 / 840
	cut = 229
11473 [0, 30000]: LP
	bnd = 30000.000000
	its = 3
	hyp = 283 / 892
	cut = 255
11969 [0, 30000]: LP
	bnd = 30000.000000
	its = 1
	hyp = 241 / 892
	cut = 282
12515 [0, 30000]: LP
	bnd = 30000.000000
	its = 1
	hyp = 201 / 892
	cut = 309
13183 [0, 30000]: LP
	bnd = 30000.000000
	its = 2
	hyp = 164 / 939
	cut = 336
13679 [0, 30000]: LP
	bnd = 30000.000000
	its = 1
	hyp = 217 / 939
	cut = 363
14211 [0, 30000]: LP
	bnd = 30000.000000
	its = 1
	hyp = 256 / 939
	cut = 388
15062 [0, 30000]: LP
	bnd = 30000.000000
	its = 3
	hyp = 202 / 992
	cut = 411
15568 [0, 30000]: LP
	bnd = 30000.000000
	its = 1
	hyp = 249 / 992
	cut = 434
16281 [0, 30000]: LP
	bnd = 30000.000000
	its = 2
	hyp = 272 / 1061
	cut = 456
16824 [0, 30000]: LP
	bnd = 30000.000000
	its = 1
	hyp = 140 / 1061
	cut = 479
17499 [0, 30000]: LP
	bnd = 30000.000000
	its = 2
	hyp = 255 / 1119
	cut = 501
18008 [0, 30000]: LP
	bnd = 30000.000000
	its = 1
	hyp = 310 / 1119
	cut = 523
18537 [0, 30000]: LP
	bnd = 30000.000000
	its = 1
	hyp = 316 / 1119
	cut = 545
19053 [0, 30000]: LP
	bnd = 30000.000000
	its = 1
	hyp = 262 / 1119
	cut = 566
19557 [0, 30000]: LP
	bnd = 30000.000000
	its = 1
	hyp = 265 / 1119
	cut = 586
20140 [0, 30000]: LP
	bnd = 30000.000000
	its = 1
	hyp = 260 / 1119
	cut = 608
20714 [0, 30000]: LP
	bnd = 30000.000000
	its = 1
	hyp = 272 / 1119
	cut = 630
21247 [0, 30000]: LP
	bnd = 30000.000000
	its = 1
	hyp = 222 / 1119
	cut = 649
21803 [0, 30000]: LP
	bnd = 30000.000000
	its = 1
	hyp = 320 / 1119
	cut = 668
22332 [0, 30000]: LP
	bnd = 30000.000000
	its = 1
	hyp = 235 / 1119
	cut = 687
23068 [0, 30000]: LP
	bnd = 30000.000000
	its = 2
	hyp = 306 / 1199
	cut = 707
23597 [0, 30000]: LP
	bnd = 30000.000000
	its = 1
	hyp = 351 / 1199
	cut = 727
24359 [0, 30000]: LP
	bnd = 30000.000000
	its = 2
	hyp = 390 / 1226
	cut = 747
24871 [0, 30000]: LP
	bnd = 30000.000000
	its = 1
	hyp = 284 / 1226
	cut = 768
25472 [0, 30000]: LP
	bnd = 30000.000000
	its = 1
	hyp = 292 / 1226
	cut = 791
26212 [0, 30000]: LP
	bnd = 30000.000000
	its = 2
	hyp = 325 / 1245
	cut = 813
26809 [0, 30000]: LP
	bnd = 30000.000000
	its = 1
	hyp = 393 / 1245
	cut = 835
27759 [0, 30000]: LP
	bnd = 30000.000000
	its = 3
	hyp = 332 / 1277
	cut = 857
28305 [0, 30000]: LP
	bnd = 30000.000000
	its = 1
	hyp = 255 / 1277
	cut = 878
28813 [0, 30000]: LP
	bnd = 30000.000000
	its = 1
	hyp = 252 / 1277
	cut = 901
29387 [0, 30000]: LP
	bnd = 30000.000000
	its = 1
	hyp = 197 / 1277
	cut = 925
29979 [0, 30000]: LP
	bnd = 30000.000000
	its = 1
	hyp = 226 / 1277
	cut = 949
30564 [0, 30000]: LP
	bnd = 30000.000000
	its = 1
	hyp = 302 / 1277
	cut = 972
31150 [0, 30000]: LP
	bnd = 30000.000000
	its = 1
	hyp = 317 / 1277
	cut = 995
31807 [0, 30000]: LP
	bnd = 30000.000000
	its = 1
	hyp = 275 / 1277
	cut = 1018
32442 [0, 30000]: LP
	bnd = 30000.000000
	its = 1
	hyp = 330 / 1277
	cut = 1041
33218 [0, 30000]: LP
	bnd = 30000.000000
	its = 2
	hyp = 219 / 1362
	cut = 1064
33304 [30000, 30000]: HEURISTIC 3
