hypergraph with 10802 vertices and 492599 hyperarcs generated in 1069
4792 [0, 30000]: LP
	bnd = 30000.000000
	its = 26
	hyp = 220 / 272
	cut = 0
7407 [0, 30000]: LP
	bnd = 30000.000000
	its = 15
	hyp = 269 / 808
	cut = 46
9113 [0, 30000]: LP
	bnd = 30000.000000
	its = 9
	hyp = 327 / 1038
	cut = 96
10904 [0, 30000]: LP
	bnd = 30000.000000
	its = 9
	hyp = 322 / 1255
	cut = 151
12312 [0, 30000]: LP
	bnd = 30000.000000
	its = 6
	hyp = 412 / 1425
	cut = 205
13916 [0, 30000]: LP
	bnd = 30000.000000
	its = 7
	hyp = 413 / 1593
	cut = 262
15783 [0, 30000]: LP
	bnd = 30000.000000
	its = 7
	hyp = 471 / 1757
	cut = 318
17125 [0, 30000]: LP
	bnd = 30000.000000
	its = 4
	hyp = 483 / 1825
	cut = 377
18809 [0, 30000]: LP
	bnd = 30000.000000
	its = 5
	hyp = 475 / 1953
	cut = 434
19595 [30000, 30000]: HEURISTIC 3
