hypergraph with 10302 vertices and 482887 hyperarcs generated in 1489
1560 [0, 30000]: LP
	bnd = 30000.000000
	its = 11
	hyp = 90 / 108
	cut = 0
2083 [0, 30000]: LP
	bnd = 30000.000000
	its = 4
	hyp = 78 / 234
	cut = 10
2513 [0, 30000]: LP
	bnd = 30000.000000
	its = 3
	hyp = 95 / 275
	cut = 23
2784 [0, 30000]: LP
	bnd = 30000.000000
	its = 1
	hyp = 91 / 275
	cut = 35
3009 [0, 30000]: LP
	bnd = 30000.000000
	its = 1
	hyp = 84 / 275
	cut = 47
3233 [0, 30000]: LP
	bnd = 30000.000000
	its = 1
	hyp = 73 / 275
	cut = 57
3544 [0, 30000]: LP
	bnd = 30000.000000
	its = 2
	hyp = 64 / 305
	cut = 67
3798 [0, 30000]: LP
	bnd = 30000.000000
	its = 1
	hyp = 67 / 305
	cut = 77
4042 [0, 30000]: LP
	bnd = 30000.000000
	its = 1
	hyp = 80 / 305
	cut = 87
4297 [0, 30000]: LP
	bnd = 30000.000000
	its = 1
	hyp = 79 / 305
	cut = 97
4522 [0, 30000]: LP
	bnd = 30000.000000
	its = 1
	hyp = 51 / 305
	cut = 107
4873 [0, 30000]: LP
	bnd = 30000.000000
	its = 2
	hyp = 83 / 368
	cut = 117
5098 [0, 30000]: LP
	bnd = 30000.000000
	its = 1
	hyp = 127 / 368
	cut = 127
5326 [0, 30000]: LP
	bnd = 30000.000000
	its = 1
	hyp = 87 / 368
	cut = 137
5573 [0, 30000]: LP
	bnd = 30000.000000
	its = 1
	hyp = 72 / 368
	cut = 147
5893 [0, 30000]: LP
	bnd = 30000.000000
	its = 2
	hyp = 131 / 434
	cut = 156
6121 [0, 30000]: LP
	bnd = 30000.000000
	its = 1
	hyp = 90 / 434
	cut = 165
6372 [0, 30000]: LP
	bnd = 30000.000000
	its = 1
	hyp = 137 / 434
	cut = 173
6601 [0, 30000]: LP
	bnd = 30000.000000
	its = 1
	hyp = 84 / 434
	cut = 182
6923 [0, 30000]: LP
	bnd = 30000.000000
	its = 2
	hyp = 81 / 482
	cut = 190
7172 [0, 30000]: LP
	bnd = 30000.000000
	its = 1
	hyp = 117 / 482
	cut = 199
7421 [0, 30000]: LP
	bnd = 30000.000000
	its = 1
	hyp = 95 / 482
	cut = 208
7777 [0, 30000]: LP
	bnd = 30000.000000
	its = 2
	hyp = 149 / 540
	cut = 217
8025 [0, 30000]: LP
	bnd = 30000.000000
	its = 1
	hyp = 117 / 540
	cut = 226
8404 [0, 30000]: LP
	bnd = 30000.000000
	its = 2
	hyp = 171 / 579
	cut = 235
8668 [0, 30000]: LP
	bnd = 30000.000000
	its = 1
	hyp = 83 / 579
	cut = 244
8901 [0, 30000]: LP
	bnd = 30000.000000
	its = 1
	hyp = 113 / 579
	cut = 253
9266 [0, 30000]: LP
	bnd = 30000.000000
	its = 2
	hyp = 122 / 614
	cut = 262
9523 [0, 30000]: LP
	bnd = 30000.000000
	its = 1
	hyp = 96 / 614
	cut = 271
9542 [30000, 30000]: HEURISTIC 3
