hypergraph with 10302 vertices and 490104 hyperarcs generated in 1638
1483 [0, 30000]: LP
	bnd = 30000.000000
	its = 10
	hyp = 78 / 145
	cut = 0
1909 [0, 30000]: LP
	bnd = 30000.000000
	its = 3
	hyp = 83 / 201
	cut = 4
2132 [0, 30000]: LP
	bnd = 30000.000000
	its = 1
	hyp = 51 / 201
	cut = 15
2351 [0, 30000]: LP
	bnd = 30000.000000
	its = 1
	hyp = 51 / 201
	cut = 24
2571 [0, 30000]: LP
	bnd = 30000.000000
	its = 1
	hyp = 51 / 201
	cut = 32
2791 [0, 30000]: LP
	bnd = 30000.000000
	its = 1
	hyp = 51 / 201
	cut = 40
3009 [0, 30000]: LP
	bnd = 30000.000000
	its = 1
	hyp = 51 / 201
	cut = 48
3229 [0, 30000]: LP
	bnd = 30000.000000
	its = 1
	hyp = 51 / 201
	cut = 56
3447 [0, 30000]: LP
	bnd = 30000.000000
	its = 1
	hyp = 51 / 201
	cut = 64
3667 [0, 30000]: LP
	bnd = 30000.000000
	its = 1
	hyp = 51 / 201
	cut = 72
3885 [0, 30000]: LP
	bnd = 30000.000000
	its = 1
	hyp = 51 / 201
	cut = 80
4105 [0, 30000]: LP
	bnd = 30000.000000
	its = 1
	hyp = 51 / 201
	cut = 88
4323 [0, 30000]: LP
	bnd = 30000.000000
	its = 1
	hyp = 51 / 201
	cut = 96
4544 [0, 30000]: LP
	bnd = 30000.000000
	its = 1
	hyp = 51 / 201
	cut = 104
4766 [0, 30000]: LP
	bnd = 30000.000000
	its = 1
	hyp = 51 / 201
	cut = 112
4985 [0, 30000]: LP
	bnd = 30000.000000
	its = 1
	hyp = 51 / 201
	cut = 120
5204 [0, 30000]: LP
	bnd = 30000.000000
	its = 1
	hyp = 51 / 201
	cut = 128
5423 [0, 30000]: LP
	bnd = 30000.000000
	its = 1
	hyp = 51 / 201
	cut = 136
5642 [0, 30000]: LP
	bnd = 30000.000000
	its = 1
	hyp = 51 / 201
	cut = 144
5861 [0, 30000]: LP
	bnd = 30000.000000
	its = 1
	hyp = 51 / 201
	cut = 152
6080 [0, 30000]: LP
	bnd = 30000.000000
	its = 1
	hyp = 51 / 201
	cut = 160
6299 [0, 30000]: LP
	bnd = 30000.000000
	its = 1
	hyp = 51 / 201
	cut = 168
6518 [0, 30000]: LP
	bnd = 30000.000000
	its = 1
	hyp = 51 / 201
	cut = 176
6737 [0, 30000]: LP
	bnd = 30000.000000
	its = 1
	hyp = 51 / 201
	cut = 184
6956 [0, 30000]: LP
	bnd = 30000.000000
	its = 1
	hyp = 51 / 201
	cut = 192
7174 [0, 30000]: LP
	bnd = 30000.000000
	its = 1
	hyp = 51 / 201
	cut = 200
7393 [0, 30000]: LP
	bnd = 30000.000000
	its = 1
	hyp = 51 / 201
	cut = 208
7612 [0, 30000]: LP
	bnd = 30000.000000
	its = 1
	hyp = 51 / 201
	cut = 216
7831 [0, 30000]: LP
	bnd = 30000.000000
	its = 1
	hyp = 51 / 201
	cut = 224
8053 [0, 30000]: LP
	bnd = 30000.000000
	its = 1
	hyp = 51 / 201
	cut = 232
8272 [0, 30000]: LP
	bnd = 30000.000000
	its = 1
	hyp = 51 / 201
	cut = 240
8491 [0, 30000]: LP
	bnd = 30000.000000
	its = 1
	hyp = 51 / 201
	cut = 248
8710 [0, 30000]: LP
	bnd = 30000.000000
	its = 1
	hyp = 51 / 201
	cut = 256
8930 [0, 30000]: LP
	bnd = 30000.000000
	its = 1
	hyp = 51 / 201
	cut = 264
9149 [0, 30000]: LP
	bnd = 30000.000000
	its = 1
	hyp = 51 / 201
	cut = 272
9368 [0, 30000]: LP
	bnd = 30000.000000
	its = 1
	hyp = 51 / 201
	cut = 280
9587 [0, 30000]: LP
	bnd = 30000.000000
	its = 1
	hyp = 51 / 201
	cut = 288
9742 [30000, 30000]: HEURISTIC 3
