hypergraph with 10302 vertices and 479537 hyperarcs generated in 1751
1488 [0, 30000]: LP
	bnd = 30000.000000
	its = 10
	hyp = 100 / 119
	cut = 0
1895 [0, 30000]: LP
	bnd = 30000.000000
	its = 3
	hyp = 58 / 158
	cut = 5
2143 [0, 30000]: LP
	bnd = 30000.000000
	its = 1
	hyp = 56 / 158
	cut = 11
2385 [0, 30000]: LP
	bnd = 30000.000000
	its = 1
	hyp = 56 / 158
	cut = 17
2647 [0, 30000]: LP
	bnd = 30000.000000
	its = 1
	hyp = 56 / 158
	cut = 23
2896 [0, 30000]: LP
	bnd = 30000.000000
	its = 1
	hyp = 56 / 158
	cut = 29
3137 [0, 30000]: LP
	bnd = 30000.000000
	its = 1
	hyp = 56 / 158
	cut = 35
3379 [0, 30000]: LP
	bnd = 30000.000000
	its = 1
	hyp = 56 / 158
	cut = 41
3620 [0, 30000]: LP
	bnd = 30000.000000
	its = 1
	hyp = 56 / 158
	cut = 47
3881 [0, 30000]: LP
	bnd = 30000.000000
	its = 1
	hyp = 56 / 158
	cut = 53
4139 [0, 30000]: LP
	bnd = 30000.000000
	its = 1
	hyp = 56 / 158
	cut = 59
4380 [0, 30000]: LP
	bnd = 30000.000000
	its = 1
	hyp = 56 / 158
	cut = 65
4625 [0, 30000]: LP
	bnd = 30000.000000
	its = 1
	hyp = 56 / 158
	cut = 71
4866 [0, 30000]: LP
	bnd = 30000.000000
	its = 1
	hyp = 56 / 158
	cut = 77
5108 [0, 30000]: LP
	bnd = 30000.000000
	its = 1
	hyp = 56 / 158
	cut = 83
5349 [0, 30000]: LP
	bnd = 30000.000000
	its = 1
	hyp = 56 / 158
	cut = 89
5591 [0, 30000]: LP
	bnd = 30000.000000
	its = 1
	hyp = 56 / 158
	cut = 95
5832 [0, 30000]: LP
	bnd = 30000.000000
	its = 1
	hyp = 56 / 158
	cut = 101
6074 [0, 30000]: LP
	bnd = 30000.000000
	its = 1
	hyp = 56 / 158
	cut = 107
6315 [0, 30000]: LP
	bnd = 30000.000000
	its = 1
	hyp = 56 / 158
	cut = 113
6556 [0, 30000]: LP
	bnd = 30000.000000
	its = 1
	hyp = 56 / 158
	cut = 119
6798 [0, 30000]: LP
	bnd = 30000.000000
	its = 1
	hyp = 56 / 158
	cut = 125
7041 [0, 30000]: LP
	bnd = 30000.000000
	its = 1
	hyp = 56 / 158
	cut = 131
7283 [0, 30000]: LP
	bnd = 30000.000000
	its = 1
	hyp = 56 / 158
	cut = 137
7525 [0, 30000]: LP
	bnd = 30000.000000
	its = 1
	hyp = 56 / 158
	cut = 143
7766 [0, 30000]: LP
	bnd = 30000.000000
	its = 1
	hyp = 56 / 158
	cut = 149
8008 [0, 30000]: LP
	bnd = 30000.000000
	its = 1
	hyp = 56 / 158
	cut = 155
8256 [0, 30000]: LP
	bnd = 30000.000000
	its = 1
	hyp = 56 / 158
	cut = 161
8498 [0, 30000]: LP
	bnd = 30000.000000
	its = 1
	hyp = 56 / 158
	cut = 167
8738 [0, 30000]: LP
	bnd = 30000.000000
	its = 1
	hyp = 56 / 158
	cut = 173
8980 [0, 30000]: LP
	bnd = 30000.000000
	its = 1
	hyp = 56 / 158
	cut = 179
9222 [0, 30000]: LP
	bnd = 30000.000000
	its = 1
	hyp = 56 / 158
	cut = 185
9463 [0, 30000]: LP
	bnd = 30000.000000
	its = 1
	hyp = 56 / 158
	cut = 191
9704 [0, 30000]: LP
	bnd = 30000.000000
	its = 1
	hyp = 56 / 158
	cut = 197
9953 [0, 30000]: LP
	bnd = 30000.000000
	its = 1
	hyp = 56 / 158
	cut = 203
10198 [0, 30000]: LP
	bnd = 30000.000000
	its = 1
	hyp = 56 / 158
	cut = 209
10446 [0, 30000]: LP
	bnd = 30000.000000
	its = 1
	hyp = 56 / 158
	cut = 215
10693 [0, 30000]: LP
	bnd = 30000.000000
	its = 1
	hyp = 56 / 158
	cut = 221
10938 [0, 30000]: LP
	bnd = 30000.000000
	its = 1
	hyp = 56 / 158
	cut = 227
11182 [0, 30000]: LP
	bnd = 30000.000000
	its = 1
	hyp = 56 / 158
	cut = 233
11422 [0, 30000]: LP
	bnd = 30000.000000
	its = 1
	hyp = 56 / 158
	cut = 239
11663 [0, 30000]: LP
	bnd = 30000.000000
	its = 1
	hyp = 56 / 158
	cut = 245
11904 [0, 30000]: LP
	bnd = 30000.000000
	its = 1
	hyp = 56 / 158
	cut = 251
12147 [0, 30000]: LP
	bnd = 30000.000000
	its = 1
	hyp = 56 / 158
	cut = 257
12388 [0, 30000]: LP
	bnd = 30000.000000
	its = 1
	hyp = 56 / 158
	cut = 263
12628 [0, 30000]: LP
	bnd = 30000.000000
	its = 1
	hyp = 56 / 158
	cut = 269
12869 [0, 30000]: LP
	bnd = 30000.000000
	its = 1
	hyp = 56 / 158
	cut = 275
13109 [0, 30000]: LP
	bnd = 30000.000000
	its = 1
	hyp = 56 / 158
	cut = 281
13350 [0, 30000]: LP
	bnd = 30000.000000
	its = 1
	hyp = 56 / 158
	cut = 287
13591 [0, 30000]: LP
	bnd = 30000.000000
	its = 1
	hyp = 56 / 158
	cut = 293
13832 [0, 30000]: LP
	bnd = 30000.000000
	its = 1
	hyp = 56 / 158
	cut = 299
14073 [0, 30000]: LP
	bnd = 30000.000000
	its = 1
	hyp = 56 / 158
	cut = 305
14314 [0, 30000]: LP
	bnd = 30000.000000
	its = 1
	hyp = 56 / 158
	cut = 311
14555 [0, 30000]: LP
	bnd = 30000.000000
	its = 1
	hyp = 56 / 158
	cut = 317
14797 [0, 30000]: LP
	bnd = 30000.000000
	its = 1
	hyp = 56 / 158
	cut = 323
15037 [0, 30000]: LP
	bnd = 30000.000000
	its = 1
	hyp = 56 / 158
	cut = 329
15279 [0, 30000]: LP
	bnd = 30000.000000
	its = 1
	hyp = 56 / 158
	cut = 335
15315 [30000, 30000]: HEURISTIC 3
