hypergraph with 9062 vertices and 267198 hyperarcs generated in 160
194 [0, 29631]: LP
	bnd = 29631.000000
	its = 5
	hyp = 50 / 63
	cut = 0
196 [0, 29631]: HEURISTIC 3
198 [0, 29631]: LABEL
	tot = 68
	max = 1
199 [0, 29601]: LABEL
	tot = 82
	max = 2
201 [0, 29571]: LABEL
	tot = 92
	max = 2
202 [0, 29542]: LABEL
	tot = 92
	max = 2
203 [0, 29512]: LABEL
	tot = 92
	max = 2
205 [0, 29483]: LABEL
	tot = 161
	max = 2
208 [0, 29453]: LABEL
	tot = 206
	max = 3
211 [0, 29424]: LABEL
	tot = 317
	max = 3
215 [0, 29394]: LABEL
	tot = 380
	max = 4
220 [0, 29365]: LABEL
	tot = 407
	max = 4
225 [0, 29336]: LABEL
	tot = 498
	max = 4
230 [0, 29306]: LABEL
	tot = 548
	max = 4
237 [0, 29277]: LABEL
	tot = 614
	max = 4
245 [29112, 29248]: LABEL
	tot = 752
	max = 6
254 [29112, 29218]: LABEL
	tot = 915
	max = 7
266 [29112, 29189]: LABEL
	tot = 1087
	max = 7
279 [29112, 29160]: LABEL
	tot = 1256
	max = 8
294 [29112, 29131]: LABEL
	tot = 1401
	max = 10
311 [29112, 29112]: LABEL
	tot = 1567
	max = 10
