hypergraph with 10802 vertices and 492684 hyperarcs generated in 2969
2639 [0, 30000]: LP
	bnd = 30000.000000
	its = 9
	hyp = 91 / 113
	cut = 0
3062 [0, 30000]: LP
	bnd = 30000.000000
	its = 1
	hyp = 93 / 113
	cut = 4
3451 [0, 30000]: LP
	bnd = 30000.000000
	its = 1
	hyp = 78 / 113
	cut = 9
3840 [0, 30000]: LP
	bnd = 30000.000000
	its = 1
	hyp = 78 / 113
	cut = 14
4228 [0, 30000]: LP
	bnd = 30000.000000
	its = 1
	hyp = 78 / 113
	cut = 19
4617 [0, 30000]: LP
	bnd = 30000.000000
	its = 1
	hyp = 78 / 113
	cut = 24
5006 [0, 30000]: LP
	bnd = 30000.000000
	its = 1
	hyp = 78 / 113
	cut = 29
5396 [0, 30000]: LP
	bnd = 30000.000000
	its = 1
	hyp = 78 / 113
	cut = 34
5785 [0, 30000]: LP
	bnd = 30000.000000
	its = 1
	hyp = 78 / 113
	cut = 39
6174 [0, 30000]: LP
	bnd = 30000.000000
	its = 1
	hyp = 78 / 113
	cut = 44
6564 [0, 30000]: LP
	bnd = 30000.000000
	its = 1
	hyp = 78 / 113
	cut = 49
6952 [0, 30000]: LP
	bnd = 30000.000000
	its = 1
	hyp = 78 / 113
	cut = 54
7342 [0, 30000]: LP
	bnd = 30000.000000
	its = 1
	hyp = 78 / 113
	cut = 59
7731 [0, 30000]: LP
	bnd = 30000.000000
	its = 1
	hyp = 78 / 113
	cut = 64
8121 [0, 30000]: LP
	bnd = 30000.000000
	its = 1
	hyp = 78 / 113
	cut = 69
8511 [0, 30000]: LP
	bnd = 30000.000000
	its = 1
	hyp = 78 / 113
	cut = 74
8901 [0, 30000]: LP
	bnd = 30000.000000
	its = 1
	hyp = 78 / 113
	cut = 79
9290 [0, 30000]: LP
	bnd = 30000.000000
	its = 1
	hyp = 78 / 113
	cut = 84
9679 [0, 30000]: LP
	bnd = 30000.000000
	its = 1
	hyp = 78 / 113
	cut = 89
10068 [0, 30000]: LP
	bnd = 30000.000000
	its = 1
	hyp = 78 / 113
	cut = 94
10456 [0, 30000]: LP
	bnd = 30000.000000
	its = 1
	hyp = 78 / 113
	cut = 99
10844 [0, 30000]: LP
	bnd = 30000.000000
	its = 1
	hyp = 78 / 113
	cut = 104
11232 [0, 30000]: LP
	bnd = 30000.000000
	its = 1
	hyp = 78 / 113
	cut = 109
11620 [0, 30000]: LP
	bnd = 30000.000000
	its = 1
	hyp = 78 / 113
	cut = 114
12008 [0, 30000]: LP
	bnd = 30000.000000
	its = 1
	hyp = 78 / 113
	cut = 119
12399 [0, 30000]: LP
	bnd = 30000.000000
	its = 1
	hyp = 78 / 113
	cut = 124
12787 [0, 30000]: LP
	bnd = 30000.000000
	its = 1
	hyp = 78 / 113
	cut = 129
13176 [0, 30000]: LP
	bnd = 30000.000000
	its = 1
	hyp = 78 / 113
	cut = 134
13563 [0, 30000]: LP
	bnd = 30000.000000
	its = 1
	hyp = 78 / 113
	cut = 139
13952 [0, 30000]: LP
	bnd = 30000.000000
	its = 1
	hyp = 78 / 113
	cut = 144
14339 [0, 30000]: LP
	bnd = 30000.000000
	its = 1
	hyp = 78 / 113
	cut = 149
14727 [0, 30000]: LP
	bnd = 30000.000000
	its = 1
	hyp = 78 / 113
	cut = 154
15115 [0, 30000]: LP
	bnd = 30000.000000
	its = 1
	hyp = 78 / 113
	cut = 159
15502 [0, 30000]: LP
	bnd = 30000.000000
	its = 1
	hyp = 78 / 113
	cut = 164
15889 [0, 30000]: LP
	bnd = 30000.000000
	its = 1
	hyp = 78 / 113
	cut = 169
16278 [0, 30000]: LP
	bnd = 30000.000000
	its = 1
	hyp = 78 / 113
	cut = 174
16666 [0, 30000]: LP
	bnd = 30000.000000
	its = 1
	hyp = 78 / 113
	cut = 179
17054 [0, 30000]: LP
	bnd = 30000.000000
	its = 1
	hyp = 78 / 113
	cut = 184
17442 [0, 30000]: LP
	bnd = 30000.000000
	its = 1
	hyp = 78 / 113
	cut = 189
17829 [0, 30000]: LP
	bnd = 30000.000000
	its = 1
	hyp = 78 / 113
	cut = 194
18217 [0, 30000]: LP
	bnd = 30000.000000
	its = 1
	hyp = 78 / 113
	cut = 199
18605 [0, 30000]: LP
	bnd = 30000.000000
	its = 1
	hyp = 78 / 113
	cut = 204
18993 [0, 30000]: LP
	bnd = 30000.000000
	its = 1
	hyp = 78 / 113
	cut = 209
19380 [0, 30000]: LP
	bnd = 30000.000000
	its = 1
	hyp = 78 / 113
	cut = 214
19770 [0, 30000]: LP
	bnd = 30000.000000
	its = 1
	hyp = 78 / 113
	cut = 219
20158 [0, 30000]: LP
	bnd = 30000.000000
	its = 1
	hyp = 78 / 113
	cut = 224
20546 [0, 30000]: LP
	bnd = 30000.000000
	its = 1
	hyp = 78 / 113
	cut = 229
20935 [0, 30000]: LP
	bnd = 30000.000000
	its = 1
	hyp = 78 / 113
	cut = 234
21323 [0, 30000]: LP
	bnd = 30000.000000
	its = 1
	hyp = 78 / 113
	cut = 239
21712 [0, 30000]: LP
	bnd = 30000.000000
	its = 1
	hyp = 78 / 113
	cut = 244
22101 [0, 30000]: LP
	bnd = 30000.000000
	its = 1
	hyp = 78 / 113
	cut = 249
22489 [0, 30000]: LP
	bnd = 30000.000000
	its = 1
	hyp = 78 / 113
	cut = 254
22877 [0, 30000]: LP
	bnd = 30000.000000
	its = 1
	hyp = 78 / 113
	cut = 259
23265 [0, 30000]: LP
	bnd = 30000.000000
	its = 1
	hyp = 78 / 113
	cut = 264
23653 [0, 30000]: LP
	bnd = 30000.000000
	its = 1
	hyp = 78 / 113
	cut = 269
24042 [0, 30000]: LP
	bnd = 30000.000000
	its = 1
	hyp = 78 / 113
	cut = 274
24433 [0, 30000]: LP
	bnd = 30000.000000
	its = 1
	hyp = 78 / 113
	cut = 279
24822 [0, 30000]: LP
	bnd = 30000.000000
	its = 1
	hyp = 78 / 113
	cut = 284
25211 [0, 30000]: LP
	bnd = 30000.000000
	its = 1
	hyp = 78 / 113
	cut = 289
25600 [0, 30000]: LP
	bnd = 30000.000000
	its = 1
	hyp = 78 / 113
	cut = 294
25989 [0, 30000]: LP
	bnd = 30000.000000
	its = 1
	hyp = 78 / 113
	cut = 299
26378 [0, 30000]: LP
	bnd = 30000.000000
	its = 1
	hyp = 78 / 113
	cut = 304
26767 [0, 30000]: LP
	bnd = 30000.000000
	its = 1
	hyp = 78 / 113
	cut = 309
27156 [0, 30000]: LP
	bnd = 30000.000000
	its = 1
	hyp = 78 / 113
	cut = 314
27545 [0, 30000]: LP
	bnd = 30000.000000
	its = 1
	hyp = 78 / 113
	cut = 319
27934 [0, 30000]: LP
	bnd = 30000.000000
	its = 1
	hyp = 78 / 113
	cut = 324
28324 [0, 30000]: LP
	bnd = 30000.000000
	its = 1
	hyp = 78 / 113
	cut = 329
28713 [0, 30000]: LP
	bnd = 30000.000000
	its = 1
	hyp = 78 / 113
	cut = 334
29103 [0, 30000]: LP
	bnd = 30000.000000
	its = 1
	hyp = 78 / 113
	cut = 339
29492 [0, 30000]: LP
	bnd = 30000.000000
	its = 1
	hyp = 78 / 113
	cut = 344
29881 [0, 30000]: LP
	bnd = 30000.000000
	its = 1
	hyp = 78 / 113
	cut = 349
30270 [0, 30000]: LP
	bnd = 30000.000000
	its = 1
	hyp = 78 / 113
	cut = 354
30660 [0, 30000]: LP
	bnd = 30000.000000
	its = 1
	hyp = 78 / 113
	cut = 359
31049 [0, 30000]: LP
	bnd = 30000.000000
	its = 1
	hyp = 78 / 113
	cut = 364
31438 [0, 30000]: LP
	bnd = 30000.000000
	its = 1
	hyp = 78 / 113
	cut = 369
31704 [30000, 30000]: HEURISTIC 3
