hypergraph with 9353 vertices and 312723 hyperarcs generated in 176
495 [0, 29977]: LP
	bnd = 29977.373047
	its = 18
	hyp = 110 / 206
	cut = 0
497 [0, 29977]: HEURISTIC 3
498 [0, 29977]: LABEL
	tot = 18
	max = 1
500 [0, 29947]: LABEL
	tot = 147
	max = 2
504 [0, 29917]: LABEL
	tot = 240
	max = 2
509 [0, 29887]: LABEL
	tot = 298
	max = 2
514 [0, 29857]: LABEL
	tot = 367
	max = 3
521 [0, 29827]: LABEL
	tot = 453
	max = 3
530 [0, 29797]: LABEL
	tot = 592
	max = 3
541 [0, 29768]: LABEL
	tot = 719
	max = 3
555 [0, 29738]: LABEL
	tot = 857
	max = 3
571 [29574, 29708]: LABEL
	tot = 1001
	max = 3
591 [29574, 29678]: LABEL
	tot = 1193
	max = 3
616 [29574, 29649]: LABEL
	tot = 1418
	max = 4
646 [29574, 29619]: LABEL
	tot = 1688
	max = 6
702 [29574, 29589]: LABEL
	tot = 1949
	max = 6
753 [29574, 29574]: LABEL
	tot = 2129
	max = 7
