hypergraph with 10802 vertices and 486142 hyperarcs generated in 1139
5027 [0, 30000]: LP
	bnd = 30000.000000
	its = 28
	hyp = 238 / 273
	cut = 0
8718 [0, 30000]: LP
	bnd = 30000.000000
	its = 23
	hyp = 300 / 883
	cut = 47
11135 [0, 30000]: LP
	bnd = 30000.000000
	its = 14
	hyp = 376 / 1159
	cut = 99
13435 [0, 30000]: LP
	bnd = 30000.000000
	its = 12
	hyp = 409 / 1431
	cut = 157
15285 [0, 30000]: LP
	bnd = 30000.000000
	its = 8
	hyp = 364 / 1583
	cut = 216
16881 [0, 30000]: LP
	bnd = 30000.003906
	its = 6
	hyp = 426 / 1698
	cut = 278
18441 [0, 30000]: LP
	bnd = 30000.000000
	its = 5
	hyp = 414 / 1753
	cut = 341
20030 [0, 30000]: LP
	bnd = 30000.000000
	its = 5
	hyp = 464 / 1874
	cut = 405
21063 [30000, 30000]: HEURISTIC 3
