hypergraph with 9644 vertices and 373266 hyperarcs generated in 108
511 [0, 29412]: LP
	bnd = 29412.373047
	its = 19
	hyp = 167 / 227
	cut = 0
513 [0, 29412]: HEURISTIC 3
514 [0, 29412]: LABEL
	tot = 4
	max = 1
518 [0, 29382]: LABEL
	tot = 347
	max = 2
523 [0, 29353]: LABEL
	tot = 513
	max = 2
529 [0, 29324]: LABEL
	tot = 528
	max = 2
536 [0, 29294]: LABEL
	tot = 716
	max = 3
545 [0, 29265]: LABEL
	tot = 947
	max = 4
556 [0, 29236]: LABEL
	tot = 1090
	max = 4
567 [0, 29207]: LABEL
	tot = 1130
	max = 5
579 [0, 29177]: LABEL
	tot = 1182
	max = 5
593 [0, 29148]: LABEL
	tot = 1425
	max = 5
608 [0, 29119]: LABEL
	tot = 1564
	max = 6
625 [0, 29090]: LABEL
	tot = 1733
	max = 6
645 [0, 29061]: LABEL
	tot = 1978
	max = 6
666 [0, 29032]: LABEL
	tot = 2153
	max = 6
690 [0, 29003]: LABEL
	tot = 2358
	max = 6
718 [0, 28974]: LABEL
	tot = 2642
	max = 7
748 [0, 28945]: LABEL
	tot = 2920
	max = 7
803 [0, 28916]: LABEL
	tot = 3203
	max = 8
856 [0, 28887]: LABEL
	tot = 3479
	max = 9
909 [0, 28858]: LABEL
	tot = 3749
	max = 10
954 [0, 28829]: LABEL
	tot = 4063
	max = 12
1003 [0, 28800]: LABEL
	tot = 4495
	max = 12
1058 [0, 28772]: LABEL
	tot = 4836
	max = 13
1116 [0, 28743]: LABEL
	tot = 5135
	max = 14
1181 [0, 28714]: LABEL
	tot = 5625
	max = 16
1252 [0, 28685]: LABEL
	tot = 6161
	max = 20
1330 [0, 28657]: LABEL
	tot = 6680
	max = 21
1409 [0, 28657]: LP
	bnd = 29372.476562
	its = 30
	hyp = 163 / 648
	cut = 13
	restart
1506 [0, 28628]: LABEL
	tot = 6984
	max = 21
1613 [0, 28599]: LABEL
	tot = 7583
	max = 25
1729 [0, 28571]: LABEL
	tot = 8327
	max = 24
1855 [0, 28542]: LABEL
	tot = 9000
	max = 29
1991 [0, 28514]: LABEL
	tot = 9704
	max = 31
2140 [0, 28485]: LABEL
	tot = 10438
	max = 32
2224 [0, 28485]: LP
	bnd = 29192.183594
	its = 26
	hyp = 185 / 899
	cut = 29
	restart
2370 [0, 28457]: LABEL
	tot = 7750
	max = 22
2533 [0, 28428]: LABEL
	tot = 8509
	max = 25
2716 [0, 28400]: LABEL
	tot = 9458
	max = 28
2917 [0, 28371]: LABEL
	tot = 10381
	max = 35
3113 [0, 28343]: LABEL
	tot = 11334
	max = 37
3114 [0, 28343]: LP
	bnd = 29085.302734
	its = 25
	hyp = 251 / 1057
	cut = 45
	restart
3247 [0, 28315]: LABEL
	tot = 8589
	max = 36
3391 [0, 28286]: LABEL
	tot = 9413
	max = 43
3546 [0, 28258]: LABEL
	tot = 10165
	max = 45
3712 [0, 28230]: LABEL
	tot = 11040
	max = 48
3892 [0, 28202]: LABEL
	tot = 11891
	max = 52
4053 [0, 28202]: LP
	bnd = 28956.458984
	its = 28
	hyp = 318 / 1204
	cut = 60
	restart
4204 [0, 28173]: LABEL
	tot = 10117
	max = 37
4367 [0, 28145]: LABEL
	tot = 11100
	max = 40
4543 [0, 28117]: LABEL
	tot = 12077
	max = 39
4734 [0, 28089]: LABEL
	tot = 13057
	max = 42
4915 [0, 28089]: LP
	bnd = 28871.865234
	its = 23
	hyp = 316 / 1398
	cut = 76
	restart
5106 [0, 28061]: LABEL
	tot = 12468
	max = 39
5311 [0, 28033]: LABEL
	tot = 13585
	max = 39
5535 [0, 28005]: LABEL
	tot = 14881
	max = 43
5779 [0, 27977]: LABEL
	tot = 16232
	max = 48
6044 [0, 27949]: LABEL
	tot = 17724
	max = 54
6124 [0, 27949]: LP
	bnd = 28831.283203
	its = 33
	hyp = 398 / 1573
	cut = 92
	restart
6414 [0, 27921]: LABEL
	tot = 19105
	max = 50
6725 [0, 27893]: LABEL
	tot = 20934
	max = 53
7064 [0, 27865]: LABEL
	tot = 22876
	max = 51
7348 [0, 27865]: LP
	bnd = 28786.353516
	its = 30
	hyp = 496 / 1735
	cut = 108
	restart
7693 [0, 27837]: LABEL
	tot = 23365
	max = 52
8067 [0, 27809]: LABEL
	tot = 25563
	max = 55
8475 [0, 27781]: LABEL
	tot = 27925
	max = 56
8788 [0, 27781]: LP
	bnd = 28726.349609
	its = 33
	hyp = 520 / 1965
	cut = 125
	restart
9169 [0, 27754]: LABEL
	tot = 26258
	max = 44
9582 [0, 27726]: LABEL
	tot = 28647
	max = 46
10030 [0, 27698]: LABEL
	tot = 31257
	max = 47
10217 [0, 27698]: LP
	bnd = 28688.794922
	its = 31
	hyp = 557 / 2134
	cut = 142
	restart
10685 [0, 27671]: LABEL
	tot = 32223
	max = 57
11188 [0, 27643]: LABEL
	tot = 35010
	max = 53
11703 [0, 27643]: LP
	bnd = 28655.111328
	its = 32
	hyp = 578 / 2269
	cut = 160
	restart
12239 [0, 27615]: LABEL
	tot = 37376
	max = 55
12814 [0, 27588]: LABEL
	tot = 40537
	max = 62
13442 [0, 27560]: LABEL
	tot = 44129
	max = 62
14124 [0, 27532]: LABEL
	tot = 48033
	max = 76
14180 [0, 27532]: LP
	bnd = 28561.929688
	its = 47
	hyp = 610 / 2503
	cut = 178
	restart
14797 [0, 27505]: LABEL
	tot = 43950
	max = 61
15462 [0, 27477]: LABEL
	tot = 47892
	max = 63
16190 [27419, 27450]: LABEL
	tot = 52091
	max = 67
16648 [27419, 27450]: LP
	bnd = 28505.501953
	its = 44
	hyp = 678 / 2700
	cut = 196
	restart
17346 [27419, 27422]: LABEL
	tot = 51481
	max = 72
18059 [27419, 27419]: LABEL
	tot = 52163
	max = 84
