hypergraph with 9357 vertices and 368092 hyperarcs generated in 117
696 [0, 29671]: LP
	bnd = 29671.988281
	its = 26
	hyp = 133 / 365
	cut = 0
698 [0, 29671]: HEURISTIC 3
700 [0, 29671]: LABEL
	tot = 31
	max = 1
703 [0, 29642]: LABEL
	tot = 210
	max = 2
708 [0, 29612]: LABEL
	tot = 346
	max = 3
714 [0, 29583]: LABEL
	tot = 508
	max = 5
722 [0, 29553]: LABEL
	tot = 559
	max = 5
730 [0, 29523]: LABEL
	tot = 665
	max = 6
741 [0, 29494]: LABEL
	tot = 856
	max = 6
755 [0, 29464]: LABEL
	tot = 1006
	max = 6
771 [0, 29435]: LABEL
	tot = 1273
	max = 7
792 [0, 29406]: LABEL
	tot = 1635
	max = 9
817 [0, 29376]: LABEL
	tot = 1973
	max = 10
847 [0, 29347]: LABEL
	tot = 2285
	max = 11
883 [0, 29317]: LABEL
	tot = 2742
	max = 13
926 [0, 29288]: LABEL
	tot = 3203
	max = 15
978 [0, 29259]: LABEL
	tot = 3874
	max = 18
1040 [0, 29230]: LABEL
	tot = 4610
	max = 19
1113 [0, 29200]: LABEL
	tot = 5371
	max = 21
1197 [0, 29171]: LABEL
	tot = 6178
	max = 22
1295 [0, 29142]: LABEL
	tot = 7161
	max = 23
1406 [0, 29113]: LABEL
	tot = 8148
	max = 27
1536 [0, 29084]: LABEL
	tot = 9462
	max = 29
1683 [0, 29055]: LABEL
	tot = 10756
	max = 31
1744 [0, 29055]: LP
	bnd = 29546.388672
	its = 34
	hyp = 179 / 779
	cut = 15
	restart
1870 [0, 29026]: LABEL
	tot = 8216
	max = 25
2013 [0, 28996]: LABEL
	tot = 9598
	max = 31
2177 [0, 28967]: LABEL
	tot = 11061
	max = 33
2364 [0, 28939]: LABEL
	tot = 12424
	max = 46
2488 [0, 28939]: LP
	bnd = 29466.251953
	its = 22
	hyp = 286 / 930
	cut = 32
	restart
2681 [0, 28910]: LABEL
	tot = 12345
	max = 48
2899 [0, 28881]: LABEL
	tot = 14143
	max = 61
3146 [0, 28852]: LABEL
	tot = 16116
	max = 70
3426 [0, 28823]: LABEL
	tot = 18419
	max = 83
3459 [0, 28823]: LP
	bnd = 29387.607422
	its = 28
	hyp = 310 / 1109
	cut = 50
	restart
3727 [0, 28794]: LABEL
	tot = 18883
	max = 109
4030 [0, 28765]: LABEL
	tot = 21498
	max = 110
4369 [0, 28765]: LP
	bnd = 29344.625000
	its = 25
	hyp = 270 / 1271
	cut = 68
	restart
4634 [0, 28737]: LABEL
	tot = 18102
	max = 75
4934 [28588, 28708]: LABEL
	tot = 20436
	max = 84
5275 [28588, 28679]: LABEL
	tot = 23307
	max = 90
5379 [28588, 28679]: LP
	bnd = 29325.603516
	its = 27
	hyp = 297 / 1436
	cut = 86
	restart
5742 [28588, 28650]: LABEL
	tot = 25152
	max = 99
6151 [28588, 28622]: LABEL
	tot = 28402
	max = 114
6359 [28588, 28622]: LP
	bnd = 29305.251953
	its = 24
	hyp = 358 / 1541
	cut = 104
	restart
6800 [28588, 28593]: LABEL
	tot = 30588
	max = 105
7254 [28588, 28588]: LABEL
	tot = 31405
	max = 103
