hypergraph with 10802 vertices and 490335 hyperarcs generated in 2587
2611 [0, 30000]: LP
	bnd = 30000.000000
	its = 9
	hyp = 82 / 92
	cut = 0
3751 [0, 30000]: LP
	bnd = 30000.000000
	its = 6
	hyp = 85 / 248
	cut = 9
4342 [0, 30000]: LP
	bnd = 30000.000000
	its = 2
	hyp = 100 / 270
	cut = 28
4758 [0, 30000]: LP
	bnd = 30000.000000
	its = 1
	hyp = 105 / 270
	cut = 47
5149 [0, 30000]: LP
	bnd = 30000.000000
	its = 1
	hyp = 71 / 270
	cut = 67
5542 [0, 30000]: LP
	bnd = 30000.000000
	its = 1
	hyp = 71 / 270
	cut = 87
5968 [0, 30000]: LP
	bnd = 30000.000000
	its = 1
	hyp = 72 / 270
	cut = 105
6359 [0, 30000]: LP
	bnd = 30000.000000
	its = 1
	hyp = 72 / 270
	cut = 123
6751 [0, 30000]: LP
	bnd = 30000.000000
	its = 1
	hyp = 72 / 270
	cut = 141
7140 [0, 30000]: LP
	bnd = 30000.000000
	its = 1
	hyp = 72 / 270
	cut = 159
7532 [0, 30000]: LP
	bnd = 30000.000000
	its = 1
	hyp = 72 / 270
	cut = 177
7934 [0, 30000]: LP
	bnd = 30000.000000
	its = 1
	hyp = 72 / 270
	cut = 195
8327 [0, 30000]: LP
	bnd = 30000.000000
	its = 1
	hyp = 72 / 270
	cut = 213
8719 [0, 30000]: LP
	bnd = 30000.000000
	its = 1
	hyp = 72 / 270
	cut = 231
9110 [0, 30000]: LP
	bnd = 30000.000000
	its = 1
	hyp = 72 / 270
	cut = 249
9502 [0, 30000]: LP
	bnd = 30000.000000
	its = 1
	hyp = 72 / 270
	cut = 267
9894 [0, 30000]: LP
	bnd = 30000.000000
	its = 1
	hyp = 72 / 270
	cut = 285
10287 [0, 30000]: LP
	bnd = 30000.000000
	its = 1
	hyp = 72 / 270
	cut = 303
10678 [0, 30000]: LP
	bnd = 30000.000000
	its = 1
	hyp = 72 / 270
	cut = 321
11070 [0, 30000]: LP
	bnd = 30000.000000
	its = 1
	hyp = 72 / 270
	cut = 339
11462 [0, 30000]: LP
	bnd = 30000.000000
	its = 1
	hyp = 72 / 270
	cut = 357
11854 [0, 30000]: LP
	bnd = 30000.000000
	its = 1
	hyp = 72 / 270
	cut = 375
12245 [0, 30000]: LP
	bnd = 30000.000000
	its = 1
	hyp = 72 / 270
	cut = 393
12638 [0, 30000]: LP
	bnd = 30000.000000
	its = 1
	hyp = 72 / 270
	cut = 411
13031 [0, 30000]: LP
	bnd = 30000.000000
	its = 1
	hyp = 72 / 270
	cut = 429
13423 [0, 30000]: LP
	bnd = 30000.000000
	its = 1
	hyp = 72 / 270
	cut = 447
13814 [0, 30000]: LP
	bnd = 30000.000000
	its = 1
	hyp = 72 / 270
	cut = 465
14207 [0, 30000]: LP
	bnd = 30000.000000
	its = 1
	hyp = 72 / 270
	cut = 483
14600 [0, 30000]: LP
	bnd = 30000.000000
	its = 1
	hyp = 72 / 270
	cut = 501
14992 [0, 30000]: LP
	bnd = 30000.000000
	its = 1
	hyp = 72 / 270
	cut = 519
15385 [0, 30000]: LP
	bnd = 30000.000000
	its = 1
	hyp = 72 / 270
	cut = 537
15778 [0, 30000]: LP
	bnd = 30000.000000
	its = 1
	hyp = 72 / 270
	cut = 555
16171 [0, 30000]: LP
	bnd = 30000.000000
	its = 1
	hyp = 72 / 270
	cut = 573
16563 [0, 30000]: LP
	bnd = 30000.000000
	its = 1
	hyp = 72 / 270
	cut = 591
16956 [0, 30000]: LP
	bnd = 30000.000000
	its = 1
	hyp = 72 / 270
	cut = 609
17349 [0, 30000]: LP
	bnd = 30000.000000
	its = 1
	hyp = 72 / 270
	cut = 627
17740 [0, 30000]: LP
	bnd = 30000.000000
	its = 1
	hyp = 72 / 270
	cut = 645
18132 [0, 30000]: LP
	bnd = 30000.000000
	its = 1
	hyp = 72 / 270
	cut = 663
18524 [0, 30000]: LP
	bnd = 30000.000000
	its = 1
	hyp = 72 / 270
	cut = 681
18915 [0, 30000]: LP
	bnd = 30000.000000
	its = 1
	hyp = 72 / 270
	cut = 699
19307 [0, 30000]: LP
	bnd = 30000.000000
	its = 1
	hyp = 72 / 270
	cut = 717
19701 [0, 30000]: LP
	bnd = 30000.000000
	its = 1
	hyp = 72 / 270
	cut = 735
20094 [0, 30000]: LP
	bnd = 30000.000000
	its = 1
	hyp = 72 / 270
	cut = 753
20486 [0, 30000]: LP
	bnd = 30000.000000
	its = 1
	hyp = 72 / 270
	cut = 771
20878 [0, 30000]: LP
	bnd = 30000.000000
	its = 1
	hyp = 72 / 270
	cut = 789
21270 [0, 30000]: LP
	bnd = 30000.000000
	its = 1
	hyp = 72 / 270
	cut = 807
21662 [0, 30000]: LP
	bnd = 30000.000000
	its = 1
	hyp = 72 / 270
	cut = 825
22055 [0, 30000]: LP
	bnd = 30000.000000
	its = 1
	hyp = 72 / 270
	cut = 843
22449 [0, 30000]: LP
	bnd = 30000.000000
	its = 1
	hyp = 72 / 270
	cut = 861
22840 [0, 30000]: LP
	bnd = 30000.000000
	its = 1
	hyp = 72 / 270
	cut = 879
23232 [0, 30000]: LP
	bnd = 30000.000000
	its = 1
	hyp = 72 / 270
	cut = 897
23624 [0, 30000]: LP
	bnd = 30000.000000
	its = 1
	hyp = 72 / 270
	cut = 915
24016 [0, 30000]: LP
	bnd = 30000.000000
	its = 1
	hyp = 72 / 270
	cut = 933
24409 [0, 30000]: LP
	bnd = 30000.000000
	its = 1
	hyp = 72 / 270
	cut = 951
24801 [0, 30000]: LP
	bnd = 30000.000000
	its = 1
	hyp = 72 / 270
	cut = 969
25193 [0, 30000]: LP
	bnd = 30000.000000
	its = 1
	hyp = 72 / 270
	cut = 987
25592 [0, 30000]: LP
	bnd = 30000.000000
	its = 1
	hyp = 72 / 270
	cut = 1005
25984 [0, 30000]: LP
	bnd = 30000.000000
	its = 1
	hyp = 72 / 270
	cut = 1023
26377 [0, 30000]: LP
	bnd = 30000.000000
	its = 1
	hyp = 72 / 270
	cut = 1041
26769 [0, 30000]: LP
	bnd = 30000.000000
	its = 1
	hyp = 72 / 270
	cut = 1059
27162 [0, 30000]: LP
	bnd = 30000.000000
	its = 1
	hyp = 72 / 270
	cut = 1077
27555 [0, 30000]: LP
	bnd = 30000.000000
	its = 1
	hyp = 72 / 270
	cut = 1095
27947 [0, 30000]: LP
	bnd = 30000.000000
	its = 1
	hyp = 72 / 270
	cut = 1113
28339 [0, 30000]: LP
	bnd = 30000.000000
	its = 1
	hyp = 72 / 270
	cut = 1131
28730 [0, 30000]: LP
	bnd = 30000.000000
	its = 1
	hyp = 72 / 270
	cut = 1149
29123 [0, 30000]: LP
	bnd = 30000.000000
	its = 1
	hyp = 72 / 270
	cut = 1167
29516 [0, 30000]: LP
	bnd = 30000.000000
	its = 1
	hyp = 72 / 270
	cut = 1185
29908 [0, 30000]: LP
	bnd = 30000.000000
	its = 1
	hyp = 72 / 270
	cut = 1203
30300 [0, 30000]: LP
	bnd = 30000.000000
	its = 1
	hyp = 72 / 270
	cut = 1221
30692 [0, 30000]: LP
	bnd = 30000.000000
	its = 1
	hyp = 72 / 270
	cut = 1239
31084 [0, 30000]: LP
	bnd = 30000.000000
	its = 1
	hyp = 72 / 270
	cut = 1257
31477 [0, 30000]: LP
	bnd = 30000.000000
	its = 1
	hyp = 72 / 270
	cut = 1275
31869 [0, 30000]: LP
	bnd = 30000.000000
	its = 1
	hyp = 72 / 270
	cut = 1293
32263 [0, 30000]: LP
	bnd = 30000.000000
	its = 1
	hyp = 72 / 270
	cut = 1311
32656 [0, 30000]: LP
	bnd = 30000.000000
	its = 1
	hyp = 72 / 270
	cut = 1329
33049 [0, 30000]: LP
	bnd = 30000.000000
	its = 1
	hyp = 72 / 270
	cut = 1346
33441 [0, 30000]: LP
	bnd = 30000.000000
	its = 1
	hyp = 72 / 270
	cut = 1363
33838 [0, 30000]: LP
	bnd = 30000.000000
	its = 1
	hyp = 72 / 270
	cut = 1381
34230 [0, 30000]: LP
	bnd = 30000.000000
	its = 1
	hyp = 72 / 270
	cut = 1399
34623 [0, 30000]: LP
	bnd = 30000.000000
	its = 1
	hyp = 72 / 270
	cut = 1416
35016 [0, 30000]: LP
	bnd = 30000.000000
	its = 1
	hyp = 72 / 270
	cut = 1435
35409 [0, 30000]: LP
	bnd = 30000.000000
	its = 1
	hyp = 72 / 270
	cut = 1454
35803 [0, 30000]: LP
	bnd = 30000.000000
	its = 1
	hyp = 72 / 270
	cut = 1474
36179 [30000, 30000]: HEURISTIC 3
