hypergraph with 10302 vertices and 477044 hyperarcs generated in 1368
1475 [0, 30000]: LP
	bnd = 30000.000000
	its = 10
	hyp = 100 / 107
	cut = 0
2159 [0, 30000]: LP
	bnd = 30000.000000
	its = 6
	hyp = 109 / 287
	cut = 12
2484 [0, 30000]: LP
	bnd = 30000.000000
	its = 2
	hyp = 103 / 311
	cut = 27
2833 [0, 30000]: LP
	bnd = 30000.000000
	its = 2
	hyp = 136 / 344
	cut = 42
3084 [0, 30000]: LP
	bnd = 30000.000000
	its = 1
	hyp = 91 / 344
	cut = 58
3307 [0, 30000]: LP
	bnd = 30000.000000
	its = 1
	hyp = 75 / 344
	cut = 72
3530 [0, 30000]: LP
	bnd = 30000.000000
	its = 1
	hyp = 95 / 344
	cut = 84
3769 [0, 30000]: LP
	bnd = 30000.000000
	its = 1
	hyp = 55 / 344
	cut = 96
4008 [0, 30000]: LP
	bnd = 30000.000000
	its = 1
	hyp = 55 / 344
	cut = 108
4251 [0, 30000]: LP
	bnd = 30000.000000
	its = 1
	hyp = 55 / 344
	cut = 120
4491 [0, 30000]: LP
	bnd = 30000.000000
	its = 1
	hyp = 55 / 344
	cut = 131
4730 [0, 30000]: LP
	bnd = 30000.000000
	its = 1
	hyp = 55 / 344
	cut = 142
4968 [0, 30000]: LP
	bnd = 30000.000000
	its = 1
	hyp = 55 / 344
	cut = 153
5207 [0, 30000]: LP
	bnd = 30000.000000
	its = 1
	hyp = 55 / 344
	cut = 164
5446 [0, 30000]: LP
	bnd = 30000.000000
	its = 1
	hyp = 55 / 344
	cut = 175
5686 [0, 30000]: LP
	bnd = 30000.000000
	its = 1
	hyp = 55 / 344
	cut = 186
5928 [0, 30000]: LP
	bnd = 30000.000000
	its = 1
	hyp = 55 / 344
	cut = 197
6167 [0, 30000]: LP
	bnd = 30000.000000
	its = 1
	hyp = 55 / 344
	cut = 208
6407 [0, 30000]: LP
	bnd = 30000.000000
	its = 1
	hyp = 55 / 344
	cut = 219
6646 [0, 30000]: LP
	bnd = 30000.000000
	its = 1
	hyp = 55 / 344
	cut = 230
6886 [0, 30000]: LP
	bnd = 30000.000000
	its = 1
	hyp = 55 / 344
	cut = 241
7125 [0, 30000]: LP
	bnd = 30000.000000
	its = 1
	hyp = 55 / 344
	cut = 252
7364 [0, 30000]: LP
	bnd = 30000.000000
	its = 1
	hyp = 55 / 344
	cut = 263
7603 [0, 30000]: LP
	bnd = 30000.000000
	its = 1
	hyp = 55 / 344
	cut = 274
7843 [0, 30000]: LP
	bnd = 30000.000000
	its = 1
	hyp = 55 / 344
	cut = 285
8082 [0, 30000]: LP
	bnd = 30000.000000
	its = 1
	hyp = 55 / 344
	cut = 296
8323 [0, 30000]: LP
	bnd = 30000.000000
	its = 1
	hyp = 55 / 344
	cut = 307
8562 [0, 30000]: LP
	bnd = 30000.000000
	its = 1
	hyp = 55 / 344
	cut = 318
8805 [0, 30000]: LP
	bnd = 30000.000000
	its = 1
	hyp = 55 / 344
	cut = 329
9045 [0, 30000]: LP
	bnd = 30000.000000
	its = 1
	hyp = 55 / 344
	cut = 340
9285 [0, 30000]: LP
	bnd = 30000.000000
	its = 1
	hyp = 55 / 344
	cut = 351
9523 [0, 30000]: LP
	bnd = 30000.000000
	its = 1
	hyp = 55 / 344
	cut = 362
9763 [0, 30000]: LP
	bnd = 30000.000000
	its = 1
	hyp = 55 / 344
	cut = 373
10002 [0, 30000]: LP
	bnd = 30000.000000
	its = 1
	hyp = 55 / 344
	cut = 384
10242 [0, 30000]: LP
	bnd = 30000.000000
	its = 1
	hyp = 55 / 344
	cut = 395
10481 [0, 30000]: LP
	bnd = 30000.000000
	its = 1
	hyp = 55 / 344
	cut = 406
10720 [0, 30000]: LP
	bnd = 30000.000000
	its = 1
	hyp = 55 / 344
	cut = 417
10961 [0, 30000]: LP
	bnd = 30000.000000
	its = 1
	hyp = 55 / 344
	cut = 428
11200 [0, 30000]: LP
	bnd = 30000.000000
	its = 1
	hyp = 55 / 344
	cut = 439
11440 [0, 30000]: LP
	bnd = 30000.000000
	its = 1
	hyp = 55 / 344
	cut = 450
11580 [30000, 30000]: HEURISTIC 3
