hypergraph with 9555 vertices and 343023 hyperarcs generated in 211
453 [0, 29604]: LP
	bnd = 29604.173828
	its = 15
	hyp = 114 / 265
	cut = 0
455 [0, 29604]: HEURISTIC 3
457 [0, 29604]: LABEL
	tot = 25
	max = 1
462 [0, 29574]: LABEL
	tot = 251
	max = 2
469 [0, 29544]: LABEL
	tot = 348
	max = 2
477 [0, 29515]: LABEL
	tot = 440
	max = 2
487 [29397, 29485]: LABEL
	tot = 558
	max = 4
500 [29397, 29456]: LABEL
	tot = 751
	max = 4
516 [29397, 29426]: LABEL
	tot = 854
	max = 5
534 [29397, 29397]: LABEL
	tot = 1098
	max = 6
553 [29397, 29397]: LABEL
	tot = 1102
	max = 6
