hypergraph with 9357 vertices and 247440 hyperarcs generated in 199
267 [0, 29949]: LP
	bnd = 29949.302734
	its = 8
	hyp = 56 / 79
	cut = 0
269 [0, 29949]: HEURISTIC 3
270 [0, 29949]: LABEL
	tot = 11
	max = 1
274 [0, 29919]: LABEL
	tot = 123
	max = 1
277 [0, 29889]: LABEL
	tot = 123
	max = 1
282 [0, 29859]: LABEL
	tot = 155
	max = 2
286 [0, 29829]: LABEL
	tot = 175
	max = 2
291 [0, 29799]: LABEL
	tot = 192
	max = 2
297 [0, 29770]: LABEL
	tot = 259
	max = 2
302 [0, 29740]: LABEL
	tot = 259
	max = 2
310 [0, 29710]: LABEL
	tot = 323
	max = 2
318 [0, 29680]: LABEL
	tot = 367
	max = 2
330 [0, 29651]: LABEL
	tot = 591
	max = 4
344 [0, 29621]: LABEL
	tot = 740
	max = 5
361 [29520, 29591]: LABEL
	tot = 875
	max = 6
380 [29520, 29562]: LABEL
	tot = 1029
	max = 6
401 [29520, 29532]: LABEL
	tot = 1192
	max = 7
425 [29520, 29520]: LABEL
	tot = 1228
	max = 7
