hypergraph with 9065 vertices and 284605 hyperarcs generated in 104
916 [0, 29457]: LP
	bnd = 29457.865234
	its = 39
	hyp = 222 / 535
	cut = 0
918 [0, 29457]: HEURISTIC 3
919 [0, 29457]: LABEL
	tot = 50
	max = 1
922 [0, 29428]: LABEL
	tot = 151
	max = 2
926 [0, 29398]: LABEL
	tot = 180
	max = 2
930 [0, 29369]: LABEL
	tot = 217
	max = 2
935 [0, 29340]: LABEL
	tot = 282
	max = 2
943 [0, 29310]: LABEL
	tot = 476
	max = 3
951 [0, 29281]: LABEL
	tot = 528
	max = 3
961 [0, 29252]: LABEL
	tot = 669
	max = 4
973 [0, 29223]: LABEL
	tot = 795
	max = 5
988 [0, 29193]: LABEL
	tot = 963
	max = 5
1004 [0, 29164]: LABEL
	tot = 1088
	max = 5
1025 [0, 29135]: LABEL
	tot = 1376
	max = 5
1049 [0, 29106]: LABEL
	tot = 1588
	max = 6
1076 [0, 29077]: LABEL
	tot = 1775
	max = 6
1107 [0, 29048]: LABEL
	tot = 2095
	max = 7
1142 [0, 29019]: LABEL
	tot = 2314
	max = 7
1181 [0, 28990]: LABEL
	tot = 2499
	max = 7
1224 [0, 28961]: LABEL
	tot = 2823
	max = 9
1273 [0, 28932]: LABEL
	tot = 3247
	max = 9
1326 [0, 28903]: LABEL
	tot = 3585
	max = 10
1386 [0, 28874]: LABEL
	tot = 3956
	max = 11
1452 [0, 28845]: LABEL
	tot = 4441
	max = 12
1525 [0, 28816]: LABEL
	tot = 5004
	max = 13
1606 [0, 28787]: LABEL
	tot = 5554
	max = 13
1694 [0, 28758]: LABEL
	tot = 6161
	max = 15
1792 [0, 28730]: LABEL
	tot = 6782
	max = 17
1896 [0, 28701]: LABEL
	tot = 7346
	max = 18
1920 [0, 28701]: LP
	bnd = 29353.654297
	its = 35
	hyp = 253 / 993
	cut = 15
	restart
2022 [0, 28672]: LABEL
	tot = 6032
	max = 16
2131 [0, 28644]: LABEL
	tot = 6670
	max = 15
2248 [0, 28615]: LABEL
	tot = 7258
	max = 19
2376 [0, 28586]: LABEL
	tot = 7953
	max = 20
2514 [0, 28558]: LABEL
	tot = 8883
	max = 21
2665 [0, 28529]: LABEL
	tot = 9682
	max = 19
2831 [0, 28501]: LABEL
	tot = 10691
	max = 23
3012 [0, 28472]: LABEL
	tot = 11743
	max = 24
3176 [0, 28472]: LP
	bnd = 29206.359375
	its = 42
	hyp = 325 / 1323
	cut = 30
	restart
3344 [0, 28444]: LABEL
	tot = 10217
	max = 25
3526 [0, 28415]: LABEL
	tot = 11237
	max = 26
3772 [0, 28387]: LABEL
	tot = 12413
	max = 27
3987 [0, 28358]: LABEL
	tot = 13444
	max = 31
4219 [0, 28330]: LABEL
	tot = 14800
	max = 34
4374 [0, 28330]: LP
	bnd = 29122.626953
	its = 37
	hyp = 413 / 1526
	cut = 45
	restart
4590 [0, 28302]: LABEL
	tot = 13242
	max = 27
4826 [0, 28273]: LABEL
	tot = 14535
	max = 27
5080 [0, 28245]: LABEL
	tot = 15943
	max = 32
5355 [0, 28217]: LABEL
	tot = 17391
	max = 33
5608 [0, 28217]: LP
	bnd = 29061.173828
	its = 35
	hyp = 436 / 1698
	cut = 61
	restart
5872 [0, 28189]: LABEL
	tot = 16818
	max = 29
6159 [0, 28161]: LABEL
	tot = 18595
	max = 33
6470 [0, 28132]: LABEL
	tot = 20260
	max = 37
6811 [0, 28104]: LABEL
	tot = 22236
	max = 38
7130 [0, 28104]: LP
	bnd = 29023.373047
	its = 39
	hyp = 496 / 1894
	cut = 77
	restart
7484 [0, 28076]: LABEL
	tot = 23406
	max = 40
7869 [0, 28048]: LABEL
	tot = 25496
	max = 47
8287 [0, 28020]: LABEL
	tot = 27744
	max = 46
8741 [0, 27992]: LABEL
	tot = 30060
	max = 46
9154 [0, 27992]: LP
	bnd = 28967.453125
	its = 50
	hyp = 537 / 2127
	cut = 93
	restart
9585 [0, 27964]: LABEL
	tot = 28670
	max = 48
10048 [0, 27936]: LABEL
	tot = 30983
	max = 47
10548 [0, 27908]: LABEL
	tot = 33607
	max = 48
11091 [0, 27880]: LABEL
	tot = 36340
	max = 54
11135 [0, 27880]: LP
	bnd = 28919.378906
	its = 44
	hyp = 571 / 2338
	cut = 109
	restart
11681 [27863, 27863]: LABEL
	tot = 36693
	max = 55
