hypergraph with 10802 vertices and 493526 hyperarcs generated in 2600
3606 [0, 30000]: LP
	bnd = 30000.000000
	its = 16
	hyp = 204 / 326
	cut = 0
4663 [0, 30000]: LP
	bnd = 30000.000000
	its = 5
	hyp = 259 / 557
	cut = 24
5123 [0, 30000]: LP
	bnd = 30000.000000
	its = 1
	hyp = 199 / 557
	cut = 45
5567 [0, 30000]: LP
	bnd = 30000.000000
	its = 1
	hyp = 148 / 557
	cut = 61
5997 [0, 30000]: LP
	bnd = 30000.000000
	its = 1
	hyp = 151 / 557
	cut = 78
6472 [0, 30000]: LP
	bnd = 30000.000000
	its = 1
	hyp = 152 / 557
	cut = 95
6897 [0, 30000]: LP
	bnd = 30000.000000
	its = 1
	hyp = 160 / 557
	cut = 112
7347 [0, 30000]: LP
	bnd = 30000.000000
	its = 1
	hyp = 178 / 557
	cut = 129
7794 [0, 30000]: LP
	bnd = 30000.000000
	its = 1
	hyp = 178 / 557
	cut = 145
8242 [0, 30000]: LP
	bnd = 30000.000000
	its = 1
	hyp = 178 / 557
	cut = 161
8692 [0, 30000]: LP
	bnd = 30000.000000
	its = 1
	hyp = 178 / 557
	cut = 177
9143 [0, 30000]: LP
	bnd = 30000.000000
	its = 1
	hyp = 178 / 557
	cut = 193
9591 [0, 30000]: LP
	bnd = 30000.000000
	its = 1
	hyp = 178 / 557
	cut = 209
10041 [0, 30000]: LP
	bnd = 30000.000000
	its = 1
	hyp = 178 / 557
	cut = 225
10490 [0, 30000]: LP
	bnd = 30000.000000
	its = 1
	hyp = 178 / 557
	cut = 241
10940 [0, 30000]: LP
	bnd = 30000.000000
	its = 1
	hyp = 178 / 557
	cut = 257
11388 [0, 30000]: LP
	bnd = 30000.000000
	its = 1
	hyp = 178 / 557
	cut = 273
11840 [0, 30000]: LP
	bnd = 30000.000000
	its = 1
	hyp = 178 / 557
	cut = 289
12300 [0, 30000]: LP
	bnd = 30000.000000
	its = 1
	hyp = 178 / 557
	cut = 305
12747 [0, 30000]: LP
	bnd = 30000.000000
	its = 1
	hyp = 178 / 557
	cut = 321
13196 [0, 30000]: LP
	bnd = 30000.000000
	its = 1
	hyp = 178 / 557
	cut = 337
13645 [0, 30000]: LP
	bnd = 30000.000000
	its = 1
	hyp = 178 / 557
	cut = 353
14092 [0, 30000]: LP
	bnd = 30000.000000
	its = 1
	hyp = 178 / 557
	cut = 369
14543 [0, 30000]: LP
	bnd = 30000.000000
	its = 1
	hyp = 178 / 557
	cut = 385
14992 [0, 30000]: LP
	bnd = 30000.000000
	its = 1
	hyp = 178 / 557
	cut = 401
15442 [0, 30000]: LP
	bnd = 30000.000000
	its = 1
	hyp = 178 / 557
	cut = 417
15890 [0, 30000]: LP
	bnd = 30000.000000
	its = 1
	hyp = 178 / 557
	cut = 433
16337 [0, 30000]: LP
	bnd = 30000.000000
	its = 1
	hyp = 178 / 557
	cut = 449
16786 [0, 30000]: LP
	bnd = 30000.000000
	its = 1
	hyp = 178 / 557
	cut = 465
17233 [0, 30000]: LP
	bnd = 30000.000000
	its = 1
	hyp = 178 / 557
	cut = 481
17682 [0, 30000]: LP
	bnd = 30000.000000
	its = 1
	hyp = 178 / 557
	cut = 497
18133 [0, 30000]: LP
	bnd = 30000.000000
	its = 1
	hyp = 178 / 557
	cut = 513
18581 [0, 30000]: LP
	bnd = 30000.000000
	its = 1
	hyp = 178 / 557
	cut = 529
19034 [0, 30000]: LP
	bnd = 30000.000000
	its = 1
	hyp = 178 / 557
	cut = 545
19483 [0, 30000]: LP
	bnd = 30000.000000
	its = 1
	hyp = 178 / 557
	cut = 561
19935 [0, 30000]: LP
	bnd = 30000.000000
	its = 1
	hyp = 178 / 557
	cut = 577
20385 [0, 30000]: LP
	bnd = 30000.000000
	its = 1
	hyp = 178 / 557
	cut = 593
20843 [0, 30000]: LP
	bnd = 30000.000000
	its = 1
	hyp = 178 / 557
	cut = 609
21293 [0, 30000]: LP
	bnd = 30000.000000
	its = 1
	hyp = 178 / 557
	cut = 625
21741 [0, 30000]: LP
	bnd = 30000.000000
	its = 1
	hyp = 178 / 557
	cut = 641
22191 [0, 30000]: LP
	bnd = 30000.000000
	its = 1
	hyp = 178 / 557
	cut = 657
22643 [0, 30000]: LP
	bnd = 30000.000000
	its = 1
	hyp = 178 / 557
	cut = 673
23095 [0, 30000]: LP
	bnd = 30000.000000
	its = 1
	hyp = 178 / 557
	cut = 689
23545 [0, 30000]: LP
	bnd = 30000.000000
	its = 1
	hyp = 178 / 557
	cut = 705
23997 [0, 30000]: LP
	bnd = 30000.000000
	its = 1
	hyp = 178 / 557
	cut = 721
24446 [0, 30000]: LP
	bnd = 30000.000000
	its = 1
	hyp = 178 / 557
	cut = 737
24895 [0, 30000]: LP
	bnd = 30000.000000
	its = 1
	hyp = 178 / 557
	cut = 753
25342 [0, 30000]: LP
	bnd = 30000.000000
	its = 1
	hyp = 178 / 557
	cut = 769
25788 [0, 30000]: LP
	bnd = 30000.000000
	its = 1
	hyp = 178 / 557
	cut = 785
26235 [0, 30000]: LP
	bnd = 30000.000000
	its = 1
	hyp = 178 / 557
	cut = 801
26685 [0, 30000]: LP
	bnd = 30000.000000
	its = 1
	hyp = 178 / 557
	cut = 817
27137 [0, 30000]: LP
	bnd = 30000.000000
	its = 1
	hyp = 178 / 557
	cut = 833
27588 [0, 30000]: LP
	bnd = 30000.000000
	its = 1
	hyp = 178 / 557
	cut = 849
28038 [0, 30000]: LP
	bnd = 30000.000000
	its = 1
	hyp = 178 / 557
	cut = 865
28486 [0, 30000]: LP
	bnd = 30000.000000
	its = 1
	hyp = 178 / 557
	cut = 881
28934 [0, 30000]: LP
	bnd = 30000.000000
	its = 1
	hyp = 178 / 557
	cut = 897
29383 [0, 30000]: LP
	bnd = 30000.000000
	its = 1
	hyp = 178 / 557
	cut = 913
29832 [0, 30000]: LP
	bnd = 30000.000000
	its = 1
	hyp = 178 / 557
	cut = 929
30284 [0, 30000]: LP
	bnd = 30000.000000
	its = 1
	hyp = 178 / 557
	cut = 945
30736 [0, 30000]: LP
	bnd = 30000.000000
	its = 1
	hyp = 178 / 557
	cut = 961
31186 [0, 30000]: LP
	bnd = 30000.000000
	its = 1
	hyp = 178 / 557
	cut = 977
31635 [0, 30000]: LP
	bnd = 30000.000000
	its = 1
	hyp = 178 / 557
	cut = 993
32084 [0, 30000]: LP
	bnd = 30000.000000
	its = 1
	hyp = 178 / 557
	cut = 1009
32532 [0, 30000]: LP
	bnd = 30000.000000
	its = 1
	hyp = 178 / 557
	cut = 1025
32980 [0, 30000]: LP
	bnd = 30000.000000
	its = 1
	hyp = 178 / 557
	cut = 1041
33431 [0, 30000]: LP
	bnd = 30000.000000
	its = 1
	hyp = 178 / 557
	cut = 1057
33885 [0, 30000]: LP
	bnd = 30000.000000
	its = 1
	hyp = 178 / 557
	cut = 1073
34338 [0, 30000]: LP
	bnd = 30000.000000
	its = 1
	hyp = 178 / 557
	cut = 1089
34789 [0, 30000]: LP
	bnd = 30000.000000
	its = 1
	hyp = 178 / 557
	cut = 1105
35239 [0, 30000]: LP
	bnd = 30000.000000
	its = 1
	hyp = 178 / 557
	cut = 1121
35689 [0, 30000]: LP
	bnd = 30000.000000
	its = 1
	hyp = 178 / 557
	cut = 1137
36139 [0, 30000]: LP
	bnd = 30000.000000
	its = 1
	hyp = 178 / 557
	cut = 1153
36592 [0, 30000]: LP
	bnd = 30000.000000
	its = 1
	hyp = 178 / 557
	cut = 1163
37043 [0, 30000]: LP
	bnd = 30000.000000
	its = 1
	hyp = 178 / 557
	cut = 1173
37496 [0, 30000]: LP
	bnd = 30000.000000
	its = 1
	hyp = 178 / 557
	cut = 1183
37946 [0, 30000]: LP
	bnd = 30000.000000
	its = 1
	hyp = 178 / 557
	cut = 1193
38396 [0, 30000]: LP
	bnd = 30000.000000
	its = 1
	hyp = 178 / 557
	cut = 1203
38849 [0, 30000]: LP
	bnd = 30000.000000
	its = 1
	hyp = 178 / 557
	cut = 1225
39299 [0, 30000]: LP
	bnd = 30000.000000
	its = 1
	hyp = 178 / 557
	cut = 1235
39511 [30000, 30000]: HEURISTIC 3
