hypergraph with 8868 vertices and 207267 hyperarcs generated in 95
541 [0, 29427]: LP
	bnd = 29427.509766
	its = 24
	hyp = 166 / 288
	cut = 0
547 [0, 29427]: HEURISTIC 3
551 [0, 29427]: LABEL
	tot = 324
	max = 2
554 [0, 29398]: LABEL
	tot = 384
	max = 2
560 [0, 29368]: LABEL
	tot = 398
	max = 2
567 [0, 29339]: LABEL
	tot = 579
	max = 3
575 [0, 29309]: LABEL
	tot = 685
	max = 3
583 [0, 29280]: LABEL
	tot = 711
	max = 3
594 [0, 29251]: LABEL
	tot = 735
	max = 3
604 [0, 29222]: LABEL
	tot = 748
	max = 3
614 [0, 29192]: LABEL
	tot = 819
	max = 4
628 [0, 29163]: LABEL
	tot = 859
	max = 4
642 [0, 29134]: LABEL
	tot = 1058
	max = 4
660 [0, 29105]: LABEL
	tot = 1198
	max = 5
679 [0, 29076]: LABEL
	tot = 1328
	max = 6
698 [0, 29047]: LABEL
	tot = 1374
	max = 6
719 [0, 29018]: LABEL
	tot = 1545
	max = 6
743 [0, 28989]: LABEL
	tot = 1682
	max = 6
769 [0, 28960]: LABEL
	tot = 1763
	max = 6
796 [0, 28931]: LABEL
	tot = 1852
	max = 6
826 [0, 28902]: LABEL
	tot = 2022
	max = 6
859 [0, 28873]: LABEL
	tot = 2140
	max = 6
892 [0, 28844]: LABEL
	tot = 2250
	max = 8
929 [0, 28815]: LABEL
	tot = 2395
	max = 8
967 [0, 28786]: LABEL
	tot = 2433
	max = 8
1008 [28494, 28758]: LABEL
	tot = 2600
	max = 8
1049 [28494, 28729]: LABEL
	tot = 2737
	max = 8
1096 [28494, 28700]: LABEL
	tot = 2945
	max = 8
1147 [28494, 28671]: LABEL
	tot = 3198
	max = 9
1200 [28494, 28643]: LABEL
	tot = 3359
	max = 9
1259 [28494, 28614]: LABEL
	tot = 3596
	max = 9
1315 [28494, 28585]: LABEL
	tot = 3751
	max = 11
1340 [28494, 28585]: LP
	bnd = 29250.792969
	its = 28
	hyp = 159 / 654
	cut = 12
	restart
1394 [28494, 28557]: LABEL
	tot = 3124
	max = 11
1450 [28494, 28528]: LABEL
	tot = 3368
	max = 13
1512 [28494, 28500]: LABEL
	tot = 3530
	max = 14
1574 [28494, 28494]: LABEL
	tot = 3613
	max = 14
