hypergraph with 8886 vertices and 256458 hyperarcs generated in 116
433 [0, 29207]: LP
	bnd = 29207.906250
	its = 16
	hyp = 92 / 184
	cut = 0
436 [0, 29207]: HEURISTIC 3
437 [0, 29207]: LABEL
	tot = 40
	max = 1
438 [0, 29178]: LABEL
	tot = 83
	max = 1
440 [0, 29149]: LABEL
	tot = 125
	max = 1
443 [0, 29120]: LABEL
	tot = 125
	max = 1
445 [0, 29091]: LABEL
	tot = 195
	max = 2
448 [0, 29062]: LABEL
	tot = 209
	max = 2
451 [0, 29033]: LABEL
	tot = 212
	max = 2
454 [0, 29004]: LABEL
	tot = 239
	max = 2
458 [0, 28975]: LABEL
	tot = 294
	max = 2
462 [0, 28946]: LABEL
	tot = 390
	max = 2
469 [0, 28917]: LABEL
	tot = 518
	max = 2
475 [0, 28888]: LABEL
	tot = 537
	max = 2
483 [0, 28859]: LABEL
	tot = 600
	max = 3
491 [0, 28830]: LABEL
	tot = 727
	max = 3
501 [0, 28801]: LABEL
	tot = 838
	max = 3
512 [0, 28772]: LABEL
	tot = 885
	max = 3
524 [0, 28744]: LABEL
	tot = 948
	max = 4
538 [0, 28715]: LABEL
	tot = 1084
	max = 4
554 [28400, 28686]: LABEL
	tot = 1297
	max = 5
570 [28400, 28657]: LABEL
	tot = 1363
	max = 5
588 [28400, 28629]: LABEL
	tot = 1490
	max = 5
608 [28400, 28600]: LABEL
	tot = 1669
	max = 5
630 [28400, 28572]: LABEL
	tot = 1811
	max = 5
654 [28400, 28543]: LABEL
	tot = 1997
	max = 7
680 [28400, 28514]: LABEL
	tot = 2221
	max = 8
710 [28400, 28486]: LABEL
	tot = 2628
	max = 9
743 [28400, 28457]: LABEL
	tot = 2839
	max = 9
779 [28400, 28429]: LABEL
	tot = 3105
	max = 10
818 [28400, 28401]: LABEL
	tot = 3552
	max = 12
821 [28400, 28401]: LP
	bnd = 29078.785156
	its = 13
	hyp = 119 / 360
	cut = 7
	restart
857 [28400, 28400]: LABEL
	tot = 3141
	max = 11
