hypergraph with 8781 vertices and 275665 hyperarcs generated in 122
578 [0, 29432]: LP
	bnd = 29432.857422
	its = 23
	hyp = 146 / 293
	cut = 0
581 [0, 29432]: HEURISTIC 3
583 [0, 29432]: LABEL
	tot = 71
	max = 1
587 [0, 29403]: LABEL
	tot = 291
	max = 2
591 [0, 29374]: LABEL
	tot = 372
	max = 2
597 [0, 29344]: LABEL
	tot = 506
	max = 2
604 [0, 29315]: LABEL
	tot = 643
	max = 2
612 [0, 29285]: LABEL
	tot = 685
	max = 2
621 [0, 29256]: LABEL
	tot = 777
	max = 3
631 [28920, 29227]: LABEL
	tot = 892
	max = 3
642 [28920, 29198]: LABEL
	tot = 957
	max = 3
655 [28920, 29169]: LABEL
	tot = 1048
	max = 4
668 [28920, 29139]: LABEL
	tot = 1108
	max = 5
683 [28920, 29110]: LABEL
	tot = 1171
	max = 5
697 [28920, 29081]: LABEL
	tot = 1209
	max = 5
714 [28920, 29052]: LABEL
	tot = 1288
	max = 5
731 [28920, 29023]: LABEL
	tot = 1388
	max = 5
752 [28920, 28994]: LABEL
	tot = 1649
	max = 5
774 [28920, 28965]: LABEL
	tot = 1822
	max = 5
799 [28920, 28936]: LABEL
	tot = 1940
	max = 5
826 [28920, 28920]: LABEL
	tot = 2074
	max = 6
