hypergraph with 9257 vertices and 304783 hyperarcs generated in 103
306 [0, 29129]: LP
	bnd = 29129.847656
	its = 10
	hyp = 133 / 199
	cut = 0
309 [0, 29129]: HEURISTIC 3
310 [0, 29129]: LABEL
	tot = 91
	max = 2
313 [0, 29100]: LABEL
	tot = 229
	max = 3
317 [0, 29071]: LABEL
	tot = 414
	max = 4
320 [0, 29042]: LABEL
	tot = 437
	max = 4
325 [0, 29013]: LABEL
	tot = 601
	max = 5
331 [0, 28984]: LABEL
	tot = 818
	max = 5
337 [0, 28955]: LABEL
	tot = 864
	max = 6
344 [0, 28926]: LABEL
	tot = 1002
	max = 6
352 [0, 28897]: LABEL
	tot = 1036
	max = 6
360 [0, 28868]: LABEL
	tot = 1095
	max = 7
368 [0, 28839]: LABEL
	tot = 1235
	max = 7
378 [0, 28811]: LABEL
	tot = 1301
	max = 7
389 [0, 28782]: LABEL
	tot = 1360
	max = 7
399 [0, 28753]: LABEL
	tot = 1379
	max = 7
412 [0, 28724]: LABEL
	tot = 1594
	max = 7
425 [0, 28695]: LABEL
	tot = 1681
	max = 7
439 [0, 28667]: LABEL
	tot = 1752
	max = 7
454 [0, 28638]: LABEL
	tot = 1827
	max = 7
470 [0, 28609]: LABEL
	tot = 2000
	max = 7
487 [28168, 28581]: LABEL
	tot = 2109
	max = 7
505 [28168, 28552]: LABEL
	tot = 2203
	max = 7
525 [28168, 28524]: LABEL
	tot = 2366
	max = 9
545 [28270, 28495]: LABEL
	tot = 2503
	max = 11
567 [28270, 28467]: LABEL
	tot = 2576
	max = 11
591 [28270, 28438]: LABEL
	tot = 2739
	max = 10
617 [28270, 28410]: LABEL
	tot = 2948
	max = 10
646 [28270, 28381]: LABEL
	tot = 3169
	max = 12
676 [28270, 28353]: LABEL
	tot = 3485
	max = 17
708 [28270, 28325]: LABEL
	tot = 3719
	max = 16
741 [28270, 28296]: LABEL
	tot = 3979
	max = 16
757 [28270, 28296]: LP
	bnd = 29044.119141
	its = 15
	hyp = 158 / 557
	cut = 11
	restart
808 [28270, 28270]: LABEL
	tot = 4931
	max = 21
