hypergraph with 10302 vertices and 475261 hyperarcs generated in 1534
1235 [0, 30000]: LP
	bnd = 30000.000000
	its = 7
	hyp = 82 / 94
	cut = 0
1740 [0, 30000]: LP
	bnd = 30000.000000
	its = 4
	hyp = 73 / 195
	cut = 7
2226 [0, 30000]: LP
	bnd = 30000.000000
	its = 4
	hyp = 83 / 245
	cut = 15
2564 [0, 30000]: LP
	bnd = 30000.000000
	its = 2
	hyp = 104 / 259
	cut = 23
3139 [0, 30000]: LP
	bnd = 30000.000000
	its = 5
	hyp = 107 / 336
	cut = 35
3539 [0, 30000]: LP
	bnd = 30000.000000
	its = 3
	hyp = 148 / 388
	cut = 49
3889 [0, 30000]: LP
	bnd = 30000.000000
	its = 2
	hyp = 140 / 408
	cut = 65
4412 [0, 30000]: LP
	bnd = 30000.000000
	its = 4
	hyp = 133 / 491
	cut = 81
4743 [0, 30000]: LP
	bnd = 30000.000000
	its = 2
	hyp = 117 / 505
	cut = 97
5171 [0, 30000]: LP
	bnd = 30000.000000
	its = 3
	hyp = 116 / 548
	cut = 112
5429 [0, 30000]: LP
	bnd = 30000.000000
	its = 1
	hyp = 137 / 548
	cut = 128
5798 [0, 30000]: LP
	bnd = 30000.000000
	its = 2
	hyp = 152 / 576
	cut = 143
6095 [0, 30000]: LP
	bnd = 30000.000000
	its = 1
	hyp = 125 / 576
	cut = 159
6463 [0, 30000]: LP
	bnd = 30000.000000
	its = 2
	hyp = 171 / 598
	cut = 174
6862 [0, 30000]: LP
	bnd = 30000.000000
	its = 2
	hyp = 166 / 616
	cut = 190
7244 [0, 30000]: LP
	bnd = 30000.000000
	its = 2
	hyp = 137 / 642
	cut = 206
7611 [0, 30000]: LP
	bnd = 30000.000000
	its = 2
	hyp = 148 / 662
	cut = 221
7878 [0, 30000]: LP
	bnd = 30000.000000
	its = 1
	hyp = 124 / 662
	cut = 236
8170 [0, 30000]: LP
	bnd = 30000.000000
	its = 1
	hyp = 117 / 662
	cut = 250
8309 [30000, 30000]: HEURISTIC 3
