hypergraph with 10802 vertices and 493111 hyperarcs generated in 1167
4555 [0, 30000]: LP
	bnd = 30000.000000
	its = 24
	hyp = 220 / 247
	cut = 0
8179 [0, 30000]: LP
	bnd = 30000.000000
	its = 22
	hyp = 333 / 817
	cut = 47
10498 [0, 30000]: LP
	bnd = 30000.000000
	its = 12
	hyp = 431 / 1209
	cut = 105
12495 [0, 30000]: LP
	bnd = 30000.000000
	its = 9
	hyp = 490 / 1507
	cut = 165
14451 [0, 30000]: LP
	bnd = 30000.000000
	its = 7
	hyp = 493 / 1727
	cut = 229
16104 [0, 30000]: LP
	bnd = 30000.000000
	its = 5
	hyp = 587 / 1840
	cut = 296
17935 [0, 30000]: LP
	bnd = 30000.000000
	its = 5
	hyp = 561 / 2037
	cut = 362
19925 [0, 30000]: LP
	bnd = 30000.000000
	its = 5
	hyp = 594 / 2143
	cut = 428
21538 [0, 30000]: LP
	bnd = 30000.000000
	its = 3
	hyp = 547 / 2250
	cut = 495
23525 [0, 30000]: LP
	bnd = 30000.000000
	its = 4
	hyp = 676 / 2328
	cut = 566
25757 [0, 30000]: LP
	bnd = 30000.000000
	its = 5
	hyp = 678 / 2415
	cut = 637
25970 [30000, 30000]: HEURISTIC 3
