hypergraph with 7862 vertices and 242258 hyperarcs generated in 221
386 [0, 29626]: LP
	bnd = 29626.435547
	its = 16
	hyp = 108 / 213
	cut = 0
390 [0, 29626]: HEURISTIC 3
392 [0, 29626]: LABEL
	tot = 160
	max = 1
396 [0, 29596]: LABEL
	tot = 190
	max = 2
400 [0, 29567]: LABEL
	tot = 315
	max = 3
409 [0, 29537]: LABEL
	tot = 499
	max = 4
419 [0, 29508]: LABEL
	tot = 680
	max = 6
433 [0, 29478]: LABEL
	tot = 856
	max = 7
451 [0, 29449]: LABEL
	tot = 1145
	max = 10
473 [0, 29419]: LABEL
	tot = 1408
	max = 11
500 [0, 29390]: LABEL
	tot = 1698
	max = 12
534 [0, 29360]: LABEL
	tot = 2209
	max = 15
568 [0, 29360]: LP
	bnd = 29626.435547
	its = 6
	hyp = 129 / 276
	cut = 5
575 [29286, 29331]: LABEL
	tot = 2662
	max = 16
624 [29286, 29302]: LABEL
	tot = 3203
	max = 17
680 [29286, 29286]: LABEL
	tot = 3526
	max = 19
