hypergraph with 10802 vertices and 493187 hyperarcs generated in 2955
3297 [0, 30000]: LP
	bnd = 30000.000000
	its = 14
	hyp = 160 / 204
	cut = 0
4790 [0, 30000]: LP
	bnd = 30000.000000
	its = 8
	hyp = 95 / 416
	cut = 22
5218 [0, 30000]: LP
	bnd = 30000.000000
	its = 1
	hyp = 131 / 416
	cut = 44
5640 [0, 30000]: LP
	bnd = 30000.000000
	its = 1
	hyp = 104 / 416
	cut = 63
6110 [0, 30000]: LP
	bnd = 30000.000000
	its = 1
	hyp = 127 / 416
	cut = 82
6529 [0, 30000]: LP
	bnd = 30000.000000
	its = 1
	hyp = 119 / 416
	cut = 101
6950 [0, 30000]: LP
	bnd = 30000.000000
	its = 1
	hyp = 95 / 416
	cut = 118
7379 [0, 30000]: LP
	bnd = 30000.000000
	its = 1
	hyp = 95 / 416
	cut = 132
7799 [0, 30000]: LP
	bnd = 30000.000000
	its = 1
	hyp = 95 / 416
	cut = 146
8195 [0, 30000]: LP
	bnd = 30000.000000
	its = 1
	hyp = 88 / 416
	cut = 160
8619 [0, 30000]: LP
	bnd = 30000.000000
	its = 1
	hyp = 142 / 416
	cut = 173
9025 [0, 30000]: LP
	bnd = 30000.000000
	its = 1
	hyp = 80 / 416
	cut = 187
9422 [0, 30000]: LP
	bnd = 30000.000000
	its = 1
	hyp = 80 / 416
	cut = 200
9820 [0, 30000]: LP
	bnd = 30000.000000
	its = 1
	hyp = 80 / 416
	cut = 213
10216 [0, 30000]: LP
	bnd = 30000.000000
	its = 1
	hyp = 80 / 416
	cut = 226
10612 [0, 30000]: LP
	bnd = 30000.000000
	its = 1
	hyp = 80 / 416
	cut = 239
11008 [0, 30000]: LP
	bnd = 30000.000000
	its = 1
	hyp = 80 / 416
	cut = 252
11404 [0, 30000]: LP
	bnd = 30000.000000
	its = 1
	hyp = 80 / 416
	cut = 265
11802 [0, 30000]: LP
	bnd = 30000.000000
	its = 1
	hyp = 80 / 416
	cut = 278
12199 [0, 30000]: LP
	bnd = 30000.000000
	its = 1
	hyp = 80 / 416
	cut = 291
12595 [0, 30000]: LP
	bnd = 30000.000000
	its = 1
	hyp = 80 / 416
	cut = 304
12991 [0, 30000]: LP
	bnd = 30000.000000
	its = 1
	hyp = 80 / 416
	cut = 317
13404 [0, 30000]: LP
	bnd = 30000.000000
	its = 1
	hyp = 80 / 416
	cut = 330
13801 [0, 30000]: LP
	bnd = 30000.000000
	its = 1
	hyp = 80 / 416
	cut = 343
14197 [0, 30000]: LP
	bnd = 30000.000000
	its = 1
	hyp = 80 / 416
	cut = 356
14593 [0, 30000]: LP
	bnd = 30000.000000
	its = 1
	hyp = 80 / 416
	cut = 369
14990 [0, 30000]: LP
	bnd = 30000.000000
	its = 1
	hyp = 80 / 416
	cut = 382
15389 [0, 30000]: LP
	bnd = 30000.000000
	its = 1
	hyp = 80 / 416
	cut = 395
15785 [0, 30000]: LP
	bnd = 30000.000000
	its = 1
	hyp = 80 / 416
	cut = 408
16181 [0, 30000]: LP
	bnd = 30000.000000
	its = 1
	hyp = 80 / 416
	cut = 421
16578 [0, 30000]: LP
	bnd = 30000.000000
	its = 1
	hyp = 80 / 416
	cut = 434
16975 [0, 30000]: LP
	bnd = 30000.000000
	its = 1
	hyp = 80 / 416
	cut = 447
17371 [0, 30000]: LP
	bnd = 30000.000000
	its = 1
	hyp = 80 / 416
	cut = 460
17768 [0, 30000]: LP
	bnd = 30000.000000
	its = 1
	hyp = 80 / 416
	cut = 473
18164 [0, 30000]: LP
	bnd = 30000.000000
	its = 1
	hyp = 80 / 416
	cut = 486
18560 [0, 30000]: LP
	bnd = 30000.000000
	its = 1
	hyp = 80 / 416
	cut = 499
18956 [0, 30000]: LP
	bnd = 30000.000000
	its = 1
	hyp = 80 / 416
	cut = 512
19352 [0, 30000]: LP
	bnd = 30000.000000
	its = 1
	hyp = 80 / 416
	cut = 525
19748 [0, 30000]: LP
	bnd = 30000.000000
	its = 1
	hyp = 80 / 416
	cut = 538
20144 [0, 30000]: LP
	bnd = 30000.000000
	its = 1
	hyp = 80 / 416
	cut = 551
20540 [0, 30000]: LP
	bnd = 30000.000000
	its = 1
	hyp = 80 / 416
	cut = 564
20938 [0, 30000]: LP
	bnd = 30000.000000
	its = 1
	hyp = 80 / 416
	cut = 577
21336 [0, 30000]: LP
	bnd = 30000.000000
	its = 1
	hyp = 80 / 416
	cut = 590
21732 [0, 30000]: LP
	bnd = 30000.000000
	its = 1
	hyp = 80 / 416
	cut = 603
22128 [0, 30000]: LP
	bnd = 30000.000000
	its = 1
	hyp = 80 / 416
	cut = 616
22525 [0, 30000]: LP
	bnd = 30000.000000
	its = 1
	hyp = 80 / 416
	cut = 629
22921 [0, 30000]: LP
	bnd = 30000.000000
	its = 1
	hyp = 80 / 416
	cut = 642
23319 [0, 30000]: LP
	bnd = 30000.000000
	its = 1
	hyp = 80 / 416
	cut = 655
23715 [0, 30000]: LP
	bnd = 30000.000000
	its = 1
	hyp = 80 / 416
	cut = 668
24110 [0, 30000]: LP
	bnd = 30000.000000
	its = 1
	hyp = 80 / 416
	cut = 681
24506 [0, 30000]: LP
	bnd = 30000.000000
	its = 1
	hyp = 80 / 416
	cut = 694
24902 [0, 30000]: LP
	bnd = 30000.000000
	its = 1
	hyp = 80 / 416
	cut = 707
25300 [0, 30000]: LP
	bnd = 30000.000000
	its = 1
	hyp = 80 / 416
	cut = 720
25695 [0, 30000]: LP
	bnd = 30000.000000
	its = 1
	hyp = 80 / 416
	cut = 733
26092 [0, 30000]: LP
	bnd = 30000.000000
	its = 1
	hyp = 80 / 416
	cut = 746
26487 [0, 30000]: LP
	bnd = 30000.000000
	its = 1
	hyp = 80 / 416
	cut = 759
26884 [0, 30000]: LP
	bnd = 30000.000000
	its = 1
	hyp = 80 / 416
	cut = 772
27280 [0, 30000]: LP
	bnd = 30000.000000
	its = 1
	hyp = 80 / 416
	cut = 785
27676 [0, 30000]: LP
	bnd = 30000.000000
	its = 1
	hyp = 80 / 416
	cut = 798
28071 [0, 30000]: LP
	bnd = 30000.000000
	its = 1
	hyp = 80 / 416
	cut = 811
28467 [0, 30000]: LP
	bnd = 30000.000000
	its = 1
	hyp = 80 / 416
	cut = 824
28863 [0, 30000]: LP
	bnd = 30000.000000
	its = 1
	hyp = 80 / 416
	cut = 837
29260 [0, 30000]: LP
	bnd = 30000.000000
	its = 1
	hyp = 80 / 416
	cut = 850
29656 [0, 30000]: LP
	bnd = 30000.000000
	its = 1
	hyp = 80 / 416
	cut = 863
30051 [0, 30000]: LP
	bnd = 30000.000000
	its = 1
	hyp = 80 / 416
	cut = 876
30446 [0, 30000]: LP
	bnd = 30000.000000
	its = 1
	hyp = 80 / 416
	cut = 889
30843 [0, 30000]: LP
	bnd = 30000.000000
	its = 1
	hyp = 80 / 416
	cut = 902
31239 [0, 30000]: LP
	bnd = 30000.000000
	its = 1
	hyp = 80 / 416
	cut = 915
31634 [0, 30000]: LP
	bnd = 30000.000000
	its = 1
	hyp = 80 / 416
	cut = 930
32029 [0, 30000]: LP
	bnd = 30000.000000
	its = 1
	hyp = 80 / 416
	cut = 945
32425 [0, 30000]: LP
	bnd = 30000.000000
	its = 1
	hyp = 80 / 416
	cut = 960
32821 [0, 30000]: LP
	bnd = 30000.000000
	its = 1
	hyp = 80 / 416
	cut = 974
33217 [0, 30000]: LP
	bnd = 30000.000000
	its = 1
	hyp = 80 / 416
	cut = 988
33613 [0, 30000]: LP
	bnd = 30000.000000
	its = 1
	hyp = 80 / 416
	cut = 1001
34008 [0, 30000]: LP
	bnd = 30000.000000
	its = 1
	hyp = 80 / 416
	cut = 1014
34404 [0, 30000]: LP
	bnd = 30000.000000
	its = 1
	hyp = 80 / 416
	cut = 1027
34800 [0, 30000]: LP
	bnd = 30000.000000
	its = 1
	hyp = 80 / 416
	cut = 1039
35197 [0, 30000]: LP
	bnd = 30000.000000
	its = 1
	hyp = 80 / 416
	cut = 1051
35604 [0, 30000]: LP
	bnd = 30000.000000
	its = 1
	hyp = 80 / 416
	cut = 1063
35999 [0, 30000]: LP
	bnd = 30000.000000
	its = 1
	hyp = 80 / 416
	cut = 1075
36395 [0, 30000]: LP
	bnd = 30000.000000
	its = 1
	hyp = 80 / 416
	cut = 1087
36790 [0, 30000]: LP
	bnd = 30000.000000
	its = 1
	hyp = 80 / 416
	cut = 1099
37185 [0, 30000]: LP
	bnd = 30000.000000
	its = 1
	hyp = 80 / 416
	cut = 1111
37580 [0, 30000]: LP
	bnd = 30000.000000
	its = 1
	hyp = 80 / 416
	cut = 1124
37975 [0, 30000]: LP
	bnd = 30000.000000
	its = 1
	hyp = 80 / 416
	cut = 1135
38369 [0, 30000]: LP
	bnd = 30000.000000
	its = 1
	hyp = 80 / 416
	cut = 1147
38576 [30000, 30000]: HEURISTIC 3
