hypergraph with 10052 vertices and 482877 hyperarcs generated in 905
736 [0, 30000]: LP
	bnd = 30000.000000
	its = 7
	hyp = 85 / 100
	cut = 0
1078 [0, 30000]: LP
	bnd = 30000.000000
	its = 4
	hyp = 89 / 199
	cut = 6
1555 [0, 30000]: LP
	bnd = 30000.000000
	its = 7
	hyp = 89 / 360
	cut = 16
1872 [0, 30000]: LP
	bnd = 30000.000000
	its = 4
	hyp = 100 / 424
	cut = 26
2066 [0, 30000]: LP
	bnd = 30000.000000
	its = 2
	hyp = 99 / 441
	cut = 35
2459 [0, 30000]: LP
	bnd = 30000.000000
	its = 5
	hyp = 146 / 503
	cut = 48
2628 [0, 30000]: LP
	bnd = 30000.000000
	its = 1
	hyp = 148 / 503
	cut = 62
2941 [0, 30000]: LP
	bnd = 30000.000000
	its = 3
	hyp = 161 / 534
	cut = 77
3108 [0, 30000]: LP
	bnd = 30000.000000
	its = 1
	hyp = 135 / 534
	cut = 90
3342 [30000, 30000]: LP
	bnd = 30000.000000
	its = 2
	hyp = 109 / 558
	cut = 103
3346 [30000, 30000]: HEURISTIC 3
