hypergraph with 10052 vertices and 455143 hyperarcs generated in 1014
640 [0, 30000]: LP
	bnd = 30000.000000
	its = 5
	hyp = 59 / 59
	cut = 0
1121 [0, 30000]: LP
	bnd = 30000.000000
	its = 7
	hyp = 78 / 218
	cut = 6
1557 [0, 30000]: LP
	bnd = 30000.000000
	its = 6
	hyp = 95 / 320
	cut = 15
1733 [0, 30000]: LP
	bnd = 30000.000000
	its = 1
	hyp = 72 / 320
	cut = 25
1904 [0, 30000]: LP
	bnd = 30000.000000
	its = 1
	hyp = 36 / 320
	cut = 35
2072 [0, 30000]: LP
	bnd = 30000.000000
	its = 1
	hyp = 36 / 320
	cut = 44
2241 [0, 30000]: LP
	bnd = 30000.000000
	its = 1
	hyp = 36 / 320
	cut = 53
2410 [0, 30000]: LP
	bnd = 30000.000000
	its = 1
	hyp = 36 / 320
	cut = 62
2579 [0, 30000]: LP
	bnd = 30000.000000
	its = 1
	hyp = 36 / 320
	cut = 71
2747 [0, 30000]: LP
	bnd = 30000.000000
	its = 1
	hyp = 36 / 320
	cut = 80
2916 [0, 30000]: LP
	bnd = 30000.000000
	its = 1
	hyp = 36 / 320
	cut = 89
3087 [0, 30000]: LP
	bnd = 30000.000000
	its = 1
	hyp = 36 / 320
	cut = 98
3256 [0, 30000]: LP
	bnd = 30000.000000
	its = 1
	hyp = 36 / 320
	cut = 107
3425 [0, 30000]: LP
	bnd = 30000.000000
	its = 1
	hyp = 36 / 320
	cut = 116
3594 [0, 30000]: LP
	bnd = 30000.000000
	its = 1
	hyp = 36 / 320
	cut = 125
3766 [0, 30000]: LP
	bnd = 30000.000000
	its = 1
	hyp = 36 / 320
	cut = 134
3936 [0, 30000]: LP
	bnd = 30000.000000
	its = 1
	hyp = 36 / 320
	cut = 143
4105 [0, 30000]: LP
	bnd = 30000.000000
	its = 1
	hyp = 36 / 320
	cut = 152
4274 [0, 30000]: LP
	bnd = 30000.000000
	its = 1
	hyp = 36 / 320
	cut = 161
4444 [0, 30000]: LP
	bnd = 30000.000000
	its = 1
	hyp = 36 / 320
	cut = 170
4613 [0, 30000]: LP
	bnd = 30000.000000
	its = 1
	hyp = 36 / 320
	cut = 179
4654 [30000, 30000]: HEURISTIC 3
