hypergraph with 10302 vertices and 488532 hyperarcs generated in 1441
1414 [0, 30000]: LP
	bnd = 30000.000000
	its = 9
	hyp = 96 / 100
	cut = 0
1751 [0, 30000]: LP
	bnd = 30000.000000
	its = 2
	hyp = 88 / 134
	cut = 5
1990 [0, 30000]: LP
	bnd = 30000.000000
	its = 1
	hyp = 67 / 134
	cut = 13
2626 [0, 30000]: LP
	bnd = 30000.000000
	its = 6
	hyp = 94 / 245
	cut = 21
2875 [0, 30000]: LP
	bnd = 30000.000000
	its = 1
	hyp = 96 / 245
	cut = 28
3112 [0, 30000]: LP
	bnd = 30000.000000
	its = 1
	hyp = 63 / 245
	cut = 38
3362 [0, 30000]: LP
	bnd = 30000.000000
	its = 1
	hyp = 124 / 245
	cut = 48
3681 [0, 30000]: LP
	bnd = 30000.000000
	its = 2
	hyp = 64 / 274
	cut = 58
3921 [0, 30000]: LP
	bnd = 30000.000000
	its = 1
	hyp = 64 / 274
	cut = 67
4158 [0, 30000]: LP
	bnd = 30000.000000
	its = 1
	hyp = 64 / 274
	cut = 76
4396 [0, 30000]: LP
	bnd = 30000.000000
	its = 1
	hyp = 64 / 274
	cut = 85
4636 [0, 30000]: LP
	bnd = 30000.000000
	its = 1
	hyp = 61 / 274
	cut = 95
4873 [0, 30000]: LP
	bnd = 30000.000000
	its = 1
	hyp = 61 / 274
	cut = 105
5110 [0, 30000]: LP
	bnd = 30000.000000
	its = 1
	hyp = 61 / 274
	cut = 115
5347 [0, 30000]: LP
	bnd = 30000.000000
	its = 1
	hyp = 61 / 274
	cut = 125
5583 [0, 30000]: LP
	bnd = 30000.000000
	its = 1
	hyp = 61 / 274
	cut = 135
5819 [0, 30000]: LP
	bnd = 30000.000000
	its = 1
	hyp = 61 / 274
	cut = 145
6056 [0, 30000]: LP
	bnd = 30000.000000
	its = 1
	hyp = 61 / 274
	cut = 155
6292 [0, 30000]: LP
	bnd = 30000.000000
	its = 1
	hyp = 61 / 274
	cut = 165
6529 [0, 30000]: LP
	bnd = 30000.000000
	its = 1
	hyp = 61 / 274
	cut = 175
6768 [0, 30000]: LP
	bnd = 30000.000000
	its = 1
	hyp = 61 / 274
	cut = 185
7004 [0, 30000]: LP
	bnd = 30000.000000
	its = 1
	hyp = 61 / 274
	cut = 195
7241 [0, 30000]: LP
	bnd = 30000.000000
	its = 1
	hyp = 61 / 274
	cut = 205
7477 [0, 30000]: LP
	bnd = 30000.000000
	its = 1
	hyp = 61 / 274
	cut = 215
7715 [0, 30000]: LP
	bnd = 30000.000000
	its = 1
	hyp = 61 / 274
	cut = 225
7955 [0, 30000]: LP
	bnd = 30000.000000
	its = 1
	hyp = 61 / 274
	cut = 235
8192 [0, 30000]: LP
	bnd = 30000.000000
	its = 1
	hyp = 61 / 274
	cut = 245
8431 [0, 30000]: LP
	bnd = 30000.000000
	its = 1
	hyp = 61 / 274
	cut = 255
8668 [0, 30000]: LP
	bnd = 30000.000000
	its = 1
	hyp = 61 / 274
	cut = 265
8905 [0, 30000]: LP
	bnd = 30000.000000
	its = 1
	hyp = 61 / 274
	cut = 275
9141 [0, 30000]: LP
	bnd = 30000.000000
	its = 1
	hyp = 61 / 274
	cut = 285
9378 [0, 30000]: LP
	bnd = 30000.000000
	its = 1
	hyp = 61 / 274
	cut = 295
9615 [0, 30000]: LP
	bnd = 30000.000000
	its = 1
	hyp = 61 / 274
	cut = 305
9858 [0, 30000]: LP
	bnd = 30000.000000
	its = 1
	hyp = 61 / 274
	cut = 315
10094 [0, 30000]: LP
	bnd = 30000.000000
	its = 1
	hyp = 61 / 274
	cut = 325
10331 [0, 30000]: LP
	bnd = 30000.000000
	its = 1
	hyp = 61 / 274
	cut = 335
10567 [0, 30000]: LP
	bnd = 30000.000000
	its = 1
	hyp = 61 / 274
	cut = 345
10804 [0, 30000]: LP
	bnd = 30000.000000
	its = 1
	hyp = 61 / 274
	cut = 355
11041 [0, 30000]: LP
	bnd = 30000.000000
	its = 1
	hyp = 61 / 274
	cut = 365
11280 [0, 30000]: LP
	bnd = 30000.000000
	its = 1
	hyp = 61 / 274
	cut = 375
11518 [0, 30000]: LP
	bnd = 30000.000000
	its = 1
	hyp = 61 / 274
	cut = 385
11756 [0, 30000]: LP
	bnd = 30000.000000
	its = 1
	hyp = 61 / 274
	cut = 395
11993 [0, 30000]: LP
	bnd = 30000.000000
	its = 1
	hyp = 61 / 274
	cut = 405
12072 [30000, 30000]: HEURISTIC 3
