hypergraph with 10052 vertices and 480257 hyperarcs generated in 831
1001 [0, 30000]: LP
	bnd = 30000.000000
	its = 13
	hyp = 121 / 224
	cut = 0
1398 [0, 30000]: LP
	bnd = 30000.000000
	its = 5
	hyp = 137 / 425
	cut = 13
1561 [0, 30000]: LP
	bnd = 30000.000000
	its = 1
	hyp = 70 / 425
	cut = 27
1789 [0, 30000]: LP
	bnd = 30000.000000
	its = 2
	hyp = 99 / 448
	cut = 41
2125 [0, 30000]: LP
	bnd = 30000.000000
	its = 4
	hyp = 107 / 512
	cut = 55
2291 [0, 30000]: LP
	bnd = 30000.000000
	its = 1
	hyp = 99 / 512
	cut = 69
2546 [0, 30000]: LP
	bnd = 30000.000000
	its = 3
	hyp = 117 / 579
	cut = 83
2780 [0, 30000]: LP
	bnd = 30000.000000
	its = 2
	hyp = 143 / 608
	cut = 97
3089 [0, 30000]: LP
	bnd = 30000.000000
	its = 3
	hyp = 205 / 673
	cut = 112
3357 [0, 30000]: LP
	bnd = 30000.000000
	its = 2
	hyp = 160 / 695
	cut = 127
3542 [0, 30000]: LP
	bnd = 30000.000000
	its = 1
	hyp = 156 / 695
	cut = 142
3577 [30000, 30000]: HEURISTIC 3
