hypergraph with 10802 vertices and 487644 hyperarcs generated in 2341
2756 [0, 30000]: LP
	bnd = 30000.000000
	its = 10
	hyp = 117 / 128
	cut = 0
3596 [0, 30000]: LP
	bnd = 30000.000000
	its = 4
	hyp = 121 / 254
	cut = 9
4282 [0, 30000]: LP
	bnd = 30000.000000
	its = 3
	hyp = 177 / 301
	cut = 27
4850 [0, 30000]: LP
	bnd = 30000.000000
	its = 2
	hyp = 113 / 316
	cut = 47
5430 [0, 30000]: LP
	bnd = 30000.000000
	its = 2
	hyp = 147 / 339
	cut = 67
6151 [0, 30000]: LP
	bnd = 30000.000000
	its = 3
	hyp = 146 / 399
	cut = 87
6591 [0, 30000]: LP
	bnd = 30000.000000
	its = 1
	hyp = 208 / 399
	cut = 106
7345 [0, 30000]: LP
	bnd = 30000.000000
	its = 3
	hyp = 126 / 498
	cut = 125
7790 [0, 30000]: LP
	bnd = 30000.000000
	its = 1
	hyp = 170 / 498
	cut = 144
8210 [0, 30000]: LP
	bnd = 30000.000000
	its = 1
	hyp = 133 / 498
	cut = 162
8634 [0, 30000]: LP
	bnd = 30000.000000
	its = 1
	hyp = 177 / 498
	cut = 178
9101 [0, 30000]: LP
	bnd = 30000.000000
	its = 1
	hyp = 140 / 498
	cut = 196
9716 [0, 30000]: LP
	bnd = 30000.000000
	its = 2
	hyp = 177 / 529
	cut = 213
10208 [0, 30000]: LP
	bnd = 30000.000000
	its = 1
	hyp = 162 / 529
	cut = 230
10654 [0, 30000]: LP
	bnd = 30000.000000
	its = 1
	hyp = 169 / 529
	cut = 247
11266 [0, 30000]: LP
	bnd = 30000.000000
	its = 2
	hyp = 188 / 557
	cut = 266
11869 [0, 30000]: LP
	bnd = 30000.000000
	its = 2
	hyp = 150 / 580
	cut = 285
12322 [0, 30000]: LP
	bnd = 30000.000000
	its = 1
	hyp = 155 / 580
	cut = 304
12767 [0, 30000]: LP
	bnd = 30000.000000
	its = 1
	hyp = 167 / 580
	cut = 323
13264 [0, 30000]: LP
	bnd = 30000.000000
	its = 1
	hyp = 152 / 580
	cut = 343
13728 [0, 30000]: LP
	bnd = 30000.000000
	its = 1
	hyp = 126 / 580
	cut = 363
14190 [0, 30000]: LP
	bnd = 30000.000000
	its = 1
	hyp = 126 / 580
	cut = 383
14653 [0, 30000]: LP
	bnd = 30000.000000
	its = 1
	hyp = 126 / 580
	cut = 403
15115 [0, 30000]: LP
	bnd = 30000.000000
	its = 1
	hyp = 126 / 580
	cut = 423
15585 [0, 30000]: LP
	bnd = 30000.000000
	its = 1
	hyp = 130 / 580
	cut = 443
16057 [0, 30000]: LP
	bnd = 30000.000000
	its = 1
	hyp = 130 / 580
	cut = 463
16527 [0, 30000]: LP
	bnd = 30000.000000
	its = 1
	hyp = 130 / 580
	cut = 483
16999 [0, 30000]: LP
	bnd = 30000.000000
	its = 1
	hyp = 130 / 580
	cut = 503
17446 [0, 30000]: LP
	bnd = 30000.000000
	its = 1
	hyp = 136 / 580
	cut = 523
18081 [0, 30000]: LP
	bnd = 30000.000000
	its = 2
	hyp = 183 / 598
	cut = 543
18588 [0, 30000]: LP
	bnd = 30000.000000
	its = 1
	hyp = 173 / 598
	cut = 563
19089 [0, 30000]: LP
	bnd = 30000.000000
	its = 1
	hyp = 132 / 598
	cut = 587
19577 [0, 30000]: LP
	bnd = 30000.000000
	its = 1
	hyp = 132 / 598
	cut = 611
20081 [0, 30000]: LP
	bnd = 30000.000000
	its = 1
	hyp = 132 / 598
	cut = 635
20578 [0, 30000]: LP
	bnd = 30000.000000
	its = 1
	hyp = 132 / 598
	cut = 657
21081 [0, 30000]: LP
	bnd = 30000.000000
	its = 1
	hyp = 132 / 598
	cut = 679
21591 [0, 30000]: LP
	bnd = 30000.000000
	its = 1
	hyp = 132 / 598
	cut = 701
22093 [0, 30000]: LP
	bnd = 30000.000000
	its = 1
	hyp = 132 / 598
	cut = 723
22588 [0, 30000]: LP
	bnd = 30000.000000
	its = 1
	hyp = 132 / 598
	cut = 745
23081 [0, 30000]: LP
	bnd = 30000.000000
	its = 1
	hyp = 132 / 598
	cut = 767
23584 [0, 30000]: LP
	bnd = 30000.000000
	its = 1
	hyp = 132 / 598
	cut = 789
24084 [0, 30000]: LP
	bnd = 30000.000000
	its = 1
	hyp = 132 / 598
	cut = 811
24579 [0, 30000]: LP
	bnd = 30000.000000
	its = 1
	hyp = 132 / 598
	cut = 833
25073 [0, 30000]: LP
	bnd = 30000.000000
	its = 1
	hyp = 132 / 598
	cut = 855
25565 [0, 30000]: LP
	bnd = 30000.000000
	its = 1
	hyp = 132 / 598
	cut = 877
26056 [0, 30000]: LP
	bnd = 30000.000000
	its = 1
	hyp = 132 / 598
	cut = 899
26545 [0, 30000]: LP
	bnd = 30000.000000
	its = 1
	hyp = 132 / 598
	cut = 921
27037 [0, 30000]: LP
	bnd = 30000.000000
	its = 1
	hyp = 132 / 598
	cut = 943
27530 [0, 30000]: LP
	bnd = 30000.000000
	its = 1
	hyp = 132 / 598
	cut = 965
27725 [30000, 30000]: HEURISTIC 3
