hypergraph with 9853 vertices and 422811 hyperarcs generated in 232
861 [0, 29912]: LP
	bnd = 29912.443359
	its = 18
	hyp = 112 / 218
	cut = 0
865 [0, 29912]: HEURISTIC 3
868 [0, 29912]: LABEL
	tot = 56
	max = 1
873 [0, 29882]: LABEL
	tot = 218
	max = 4
879 [0, 29852]: LABEL
	tot = 318
	max = 5
889 [0, 29822]: LABEL
	tot = 429
	max = 5
902 [0, 29792]: LABEL
	tot = 648
	max = 6
921 [0, 29763]: LABEL
	tot = 889
	max = 7
947 [0, 29733]: LABEL
	tot = 1232
	max = 7
984 [0, 29703]: LABEL
	tot = 1709
	max = 13
1030 [0, 29673]: LABEL
	tot = 2189
	max = 18
1090 [0, 29644]: LABEL
	tot = 2854
	max = 19
1168 [0, 29614]: LABEL
	tot = 3844
	max = 31
1267 [0, 29585]: LABEL
	tot = 4949
	max = 38
1391 [29487, 29555]: LABEL
	tot = 6187
	max = 46
1549 [29487, 29525]: LABEL
	tot = 7756
	max = 61
1745 [29487, 29496]: LABEL
	tot = 9847
	max = 75
1875 [29487, 29496]: LP
	bnd = 29829.912109
	its = 22
	hyp = 105 / 631
	cut = 13
	restart
1976 [29487, 29487]: LABEL
	tot = 4480
	max = 31
