hypergraph with 10052 vertices and 478940 hyperarcs generated in 904
820 [0, 30000]: LP
	bnd = 30000.000000
	its = 9
	hyp = 64 / 87
	cut = 0
1460 [0, 30000]: LP
	bnd = 30000.000000
	its = 10
	hyp = 74 / 349
	cut = 8
1898 [0, 30000]: LP
	bnd = 30000.000000
	its = 6
	hyp = 116 / 428
	cut = 16
2093 [0, 30000]: LP
	bnd = 30000.000000
	its = 2
	hyp = 119 / 459
	cut = 25
2270 [0, 30000]: LP
	bnd = 30000.000000
	its = 1
	hyp = 133 / 459
	cut = 35
2441 [0, 30000]: LP
	bnd = 30000.000000
	its = 1
	hyp = 84 / 459
	cut = 45
2613 [0, 30000]: LP
	bnd = 30000.000000
	its = 1
	hyp = 98 / 459
	cut = 54
2845 [0, 30000]: LP
	bnd = 30000.000000
	its = 2
	hyp = 105 / 508
	cut = 63
3016 [0, 30000]: LP
	bnd = 30000.000000
	its = 1
	hyp = 103 / 508
	cut = 72
3184 [0, 30000]: LP
	bnd = 30000.000000
	its = 1
	hyp = 73 / 508
	cut = 81
3351 [30000, 30000]: LP
	bnd = 30000.000000
	its = 1
	hyp = 123 / 508
	cut = 90
3354 [30000, 30000]: HEURISTIC 3
