hypergraph with 10302 vertices and 487222 hyperarcs generated in 1405
1934 [0, 30000]: LP
	bnd = 30000.000000
	its = 16
	hyp = 136 / 160
	cut = 0
3388 [0, 30000]: LP
	bnd = 30000.000000
	its = 15
	hyp = 198 / 554
	cut = 16
4103 [0, 30000]: LP
	bnd = 30000.000000
	its = 6
	hyp = 254 / 681
	cut = 37
4391 [0, 30000]: LP
	bnd = 30000.000000
	its = 1
	hyp = 227 / 681
	cut = 58
4847 [0, 30000]: LP
	bnd = 30000.000000
	its = 3
	hyp = 177 / 718
	cut = 80
5482 [0, 30000]: LP
	bnd = 30000.000000
	its = 5
	hyp = 208 / 826
	cut = 103
5862 [0, 30000]: LP
	bnd = 30000.000000
	its = 2
	hyp = 229 / 852
	cut = 128
6383 [0, 30000]: LP
	bnd = 30000.000000
	its = 3
	hyp = 232 / 902
	cut = 153
6829 [0, 30000]: LP
	bnd = 30000.000000
	its = 2
	hyp = 248 / 936
	cut = 178
7344 [0, 30000]: LP
	bnd = 30000.000000
	its = 3
	hyp = 254 / 994
	cut = 203
7660 [0, 30000]: LP
	bnd = 30000.000000
	its = 1
	hyp = 290 / 994
	cut = 228
8113 [0, 30000]: LP
	bnd = 30000.000000
	its = 2
	hyp = 222 / 1022
	cut = 253
8445 [0, 30000]: LP
	bnd = 30000.000000
	its = 1
	hyp = 253 / 1022
	cut = 278
8778 [0, 30000]: LP
	bnd = 30000.000000
	its = 1
	hyp = 225 / 1022
	cut = 303
9136 [0, 30000]: LP
	bnd = 30000.000000
	its = 1
	hyp = 240 / 1022
	cut = 328
9515 [0, 30000]: LP
	bnd = 30000.000000
	its = 1
	hyp = 211 / 1022
	cut = 353
9983 [0, 30000]: LP
	bnd = 30000.000000
	its = 2
	hyp = 227 / 1050
	cut = 379
10371 [0, 30000]: LP
	bnd = 30000.000000
	its = 1
	hyp = 193 / 1050
	cut = 405
10746 [0, 30000]: LP
	bnd = 30000.000000
	its = 1
	hyp = 226 / 1050
	cut = 431
11178 [0, 30000]: LP
	bnd = 30000.000000
	its = 2
	hyp = 250 / 1093
	cut = 457
11527 [0, 30000]: LP
	bnd = 30000.000000
	its = 1
	hyp = 255 / 1093
	cut = 483
11908 [0, 30000]: LP
	bnd = 30000.000000
	its = 1
	hyp = 217 / 1093
	cut = 510
12285 [0, 30000]: LP
	bnd = 30000.000000
	its = 1
	hyp = 228 / 1093
	cut = 534
12593 [0, 30000]: LP
	bnd = 30000.000000
	its = 1
	hyp = 234 / 1093
	cut = 559
12785 [30000, 30000]: HEURISTIC 3
