hypergraph with 10802 vertices and 492573 hyperarcs generated in 2576
2616 [0, 30000]: LP
	bnd = 30000.000000
	its = 9
	hyp = 101 / 121
	cut = 0
3510 [0, 30000]: LP
	bnd = 30000.000000
	its = 4
	hyp = 163 / 255
	cut = 11
4221 [0, 30000]: LP
	bnd = 30000.000000
	its = 3
	hyp = 120 / 325
	cut = 28
4641 [0, 30000]: LP
	bnd = 30000.000000
	its = 1
	hyp = 136 / 325
	cut = 46
5099 [0, 30000]: LP
	bnd = 30000.000000
	its = 1
	hyp = 147 / 325
	cut = 65
6028 [0, 30000]: LP
	bnd = 30000.000000
	its = 4
	hyp = 135 / 444
	cut = 84
6469 [0, 30000]: LP
	bnd = 30000.000000
	its = 1
	hyp = 170 / 444
	cut = 102
6920 [0, 30000]: LP
	bnd = 30000.000000
	its = 1
	hyp = 152 / 444
	cut = 118
7398 [0, 30000]: LP
	bnd = 30000.000000
	its = 1
	hyp = 130 / 444
	cut = 134
7976 [0, 30000]: LP
	bnd = 30000.000000
	its = 2
	hyp = 140 / 475
	cut = 151
8388 [0, 30000]: LP
	bnd = 30000.000000
	its = 1
	hyp = 136 / 475
	cut = 168
8956 [0, 30000]: LP
	bnd = 30000.000000
	its = 2
	hyp = 122 / 518
	cut = 184
9393 [0, 30000]: LP
	bnd = 30000.000000
	its = 1
	hyp = 160 / 518
	cut = 200
9846 [0, 30000]: LP
	bnd = 30000.000000
	its = 1
	hyp = 175 / 518
	cut = 216
10481 [0, 30000]: LP
	bnd = 30000.000000
	its = 2
	hyp = 160 / 564
	cut = 232
11114 [0, 30000]: LP
	bnd = 30000.000000
	its = 2
	hyp = 185 / 587
	cut = 248
11589 [0, 30000]: LP
	bnd = 30000.000000
	its = 1
	hyp = 191 / 587
	cut = 264
12200 [0, 30000]: LP
	bnd = 30000.000000
	its = 2
	hyp = 157 / 618
	cut = 280
12824 [0, 30000]: LP
	bnd = 30000.000000
	its = 2
	hyp = 137 / 667
	cut = 296
13267 [0, 30000]: LP
	bnd = 30000.000000
	its = 1
	hyp = 170 / 667
	cut = 312
13749 [0, 30000]: LP
	bnd = 30000.000000
	its = 1
	hyp = 166 / 667
	cut = 328
14219 [0, 30000]: LP
	bnd = 30000.000000
	its = 1
	hyp = 168 / 667
	cut = 344
14687 [0, 30000]: LP
	bnd = 30000.000000
	its = 1
	hyp = 174 / 667
	cut = 360
15166 [0, 30000]: LP
	bnd = 30000.000000
	its = 1
	hyp = 175 / 667
	cut = 376
15645 [0, 30000]: LP
	bnd = 30000.000000
	its = 1
	hyp = 159 / 667
	cut = 392
16270 [0, 30000]: LP
	bnd = 30000.000000
	its = 2
	hyp = 158 / 695
	cut = 408
16687 [0, 30000]: LP
	bnd = 30000.000000
	its = 1
	hyp = 160 / 695
	cut = 424
17176 [0, 30000]: LP
	bnd = 30000.000000
	its = 1
	hyp = 160 / 695
	cut = 439
17661 [0, 30000]: LP
	bnd = 30000.000000
	its = 1
	hyp = 144 / 695
	cut = 454
18170 [0, 30000]: LP
	bnd = 30000.000000
	its = 1
	hyp = 158 / 695
	cut = 468
18815 [0, 30000]: LP
	bnd = 30000.000000
	its = 2
	hyp = 154 / 762
	cut = 481
19288 [0, 30000]: LP
	bnd = 30000.000000
	its = 1
	hyp = 221 / 762
	cut = 495
19760 [0, 30000]: LP
	bnd = 30000.000000
	its = 1
	hyp = 237 / 762
	cut = 510
20411 [0, 30000]: LP
	bnd = 30000.000000
	its = 2
	hyp = 179 / 794
	cut = 525
20880 [0, 30000]: LP
	bnd = 30000.000000
	its = 1
	hyp = 169 / 794
	cut = 540
21563 [0, 30000]: LP
	bnd = 30000.000000
	its = 2
	hyp = 219 / 868
	cut = 553
22061 [0, 30000]: LP
	bnd = 30000.000000
	its = 1
	hyp = 272 / 868
	cut = 566
22542 [0, 30000]: LP
	bnd = 30000.000000
	its = 1
	hyp = 227 / 868
	cut = 581
23032 [0, 30000]: LP
	bnd = 30000.000000
	its = 1
	hyp = 160 / 868
	cut = 596
23534 [0, 30000]: LP
	bnd = 30000.000000
	its = 1
	hyp = 162 / 868
	cut = 611
24013 [0, 30000]: LP
	bnd = 30000.000000
	its = 1
	hyp = 162 / 868
	cut = 624
24506 [0, 30000]: LP
	bnd = 30000.000000
	its = 1
	hyp = 172 / 868
	cut = 636
25180 [0, 30000]: LP
	bnd = 30000.000000
	its = 2
	hyp = 182 / 974
	cut = 648
25665 [0, 30000]: LP
	bnd = 30000.000000
	its = 1
	hyp = 236 / 974
	cut = 660
26350 [0, 30000]: LP
	bnd = 30000.000000
	its = 2
	hyp = 164 / 1042
	cut = 672
26858 [0, 30000]: LP
	bnd = 30000.000000
	its = 1
	hyp = 266 / 1042
	cut = 683
27583 [0, 30000]: LP
	bnd = 30000.000000
	its = 2
	hyp = 300 / 1066
	cut = 695
27954 [30000, 30000]: HEURISTIC 3
