hypergraph with 10802 vertices and 494294 hyperarcs generated in 2375
3338 [0, 30000]: LP
	bnd = 30000.000000
	its = 14
	hyp = 160 / 178
	cut = 0
4843 [0, 30000]: LP
	bnd = 30000.000000
	its = 8
	hyp = 184 / 417
	cut = 19
5605 [0, 30000]: LP
	bnd = 30000.000000
	its = 3
	hyp = 213 / 460
	cut = 48
6115 [0, 30000]: LP
	bnd = 30000.000000
	its = 1
	hyp = 215 / 460
	cut = 77
6722 [0, 30000]: LP
	bnd = 30000.000000
	its = 2
	hyp = 189 / 494
	cut = 104
7170 [0, 30000]: LP
	bnd = 30000.000000
	its = 1
	hyp = 176 / 494
	cut = 133
7641 [0, 30000]: LP
	bnd = 30000.000000
	its = 1
	hyp = 181 / 494
	cut = 163
8070 [0, 30000]: LP
	bnd = 30000.000000
	its = 1
	hyp = 173 / 494
	cut = 192
8485 [0, 30000]: LP
	bnd = 30000.000000
	its = 1
	hyp = 173 / 494
	cut = 220
8903 [0, 30000]: LP
	bnd = 30000.000000
	its = 1
	hyp = 166 / 494
	cut = 248
9320 [0, 30000]: LP
	bnd = 30000.000000
	its = 1
	hyp = 166 / 494
	cut = 276
9736 [0, 30000]: LP
	bnd = 30000.000000
	its = 1
	hyp = 166 / 494
	cut = 304
10227 [0, 30000]: LP
	bnd = 30000.000000
	its = 1
	hyp = 174 / 494
	cut = 332
10716 [0, 30000]: LP
	bnd = 30000.000000
	its = 1
	hyp = 174 / 494
	cut = 360
11191 [0, 30000]: LP
	bnd = 30000.000000
	its = 1
	hyp = 179 / 494
	cut = 388
11664 [0, 30000]: LP
	bnd = 30000.000000
	its = 1
	hyp = 179 / 494
	cut = 416
12136 [0, 30000]: LP
	bnd = 30000.000000
	its = 1
	hyp = 179 / 494
	cut = 444
12608 [0, 30000]: LP
	bnd = 30000.000000
	its = 1
	hyp = 179 / 494
	cut = 472
13082 [0, 30000]: LP
	bnd = 30000.000000
	its = 1
	hyp = 179 / 494
	cut = 500
13554 [0, 30000]: LP
	bnd = 30000.000000
	its = 1
	hyp = 179 / 494
	cut = 528
14026 [0, 30000]: LP
	bnd = 30000.000000
	its = 1
	hyp = 179 / 494
	cut = 556
14499 [0, 30000]: LP
	bnd = 30000.000000
	its = 1
	hyp = 179 / 494
	cut = 584
14970 [0, 30000]: LP
	bnd = 30000.000000
	its = 1
	hyp = 179 / 494
	cut = 612
15443 [0, 30000]: LP
	bnd = 30000.000000
	its = 1
	hyp = 179 / 494
	cut = 640
15921 [0, 30000]: LP
	bnd = 30000.000000
	its = 1
	hyp = 179 / 494
	cut = 668
16399 [0, 30000]: LP
	bnd = 30000.000000
	its = 1
	hyp = 179 / 494
	cut = 696
16871 [0, 30000]: LP
	bnd = 30000.000000
	its = 1
	hyp = 179 / 494
	cut = 724
17343 [0, 30000]: LP
	bnd = 30000.000000
	its = 1
	hyp = 179 / 494
	cut = 752
17817 [0, 30000]: LP
	bnd = 30000.000000
	its = 1
	hyp = 179 / 494
	cut = 780
18294 [0, 30000]: LP
	bnd = 30000.000000
	its = 1
	hyp = 179 / 494
	cut = 808
18771 [0, 30000]: LP
	bnd = 30000.000000
	its = 1
	hyp = 179 / 494
	cut = 836
19248 [0, 30000]: LP
	bnd = 30000.000000
	its = 1
	hyp = 179 / 494
	cut = 864
19722 [0, 30000]: LP
	bnd = 30000.000000
	its = 1
	hyp = 179 / 494
	cut = 892
20199 [0, 30000]: LP
	bnd = 30000.000000
	its = 1
	hyp = 179 / 494
	cut = 920
20677 [0, 30000]: LP
	bnd = 30000.000000
	its = 1
	hyp = 179 / 494
	cut = 948
21159 [0, 30000]: LP
	bnd = 30000.000000
	its = 1
	hyp = 179 / 494
	cut = 976
21634 [0, 30000]: LP
	bnd = 30000.000000
	its = 1
	hyp = 179 / 494
	cut = 1004
22109 [0, 30000]: LP
	bnd = 30000.000000
	its = 1
	hyp = 179 / 494
	cut = 1032
22589 [0, 30000]: LP
	bnd = 30000.000000
	its = 1
	hyp = 179 / 494
	cut = 1060
23073 [0, 30000]: LP
	bnd = 30000.000000
	its = 1
	hyp = 179 / 494
	cut = 1088
23550 [0, 30000]: LP
	bnd = 30000.000000
	its = 1
	hyp = 179 / 494
	cut = 1116
24024 [0, 30000]: LP
	bnd = 30000.000000
	its = 1
	hyp = 179 / 494
	cut = 1144
24498 [0, 30000]: LP
	bnd = 30000.000000
	its = 1
	hyp = 179 / 494
	cut = 1172
24973 [0, 30000]: LP
	bnd = 30000.000000
	its = 1
	hyp = 179 / 494
	cut = 1200
25448 [0, 30000]: LP
	bnd = 30000.000000
	its = 1
	hyp = 179 / 494
	cut = 1228
25924 [0, 30000]: LP
	bnd = 30000.000000
	its = 1
	hyp = 179 / 494
	cut = 1256
26399 [0, 30000]: LP
	bnd = 30000.000000
	its = 1
	hyp = 179 / 494
	cut = 1284
26871 [0, 30000]: LP
	bnd = 30000.000000
	its = 1
	hyp = 179 / 494
	cut = 1312
27347 [0, 30000]: LP
	bnd = 30000.000000
	its = 1
	hyp = 179 / 494
	cut = 1340
27838 [0, 30000]: LP
	bnd = 30000.000000
	its = 1
	hyp = 179 / 494
	cut = 1368
28317 [0, 30000]: LP
	bnd = 30000.000000
	its = 1
	hyp = 179 / 494
	cut = 1396
28796 [0, 30000]: LP
	bnd = 30000.000000
	its = 1
	hyp = 179 / 494
	cut = 1424
29273 [0, 30000]: LP
	bnd = 30000.000000
	its = 1
	hyp = 179 / 494
	cut = 1452
29755 [0, 30000]: LP
	bnd = 30000.000000
	its = 1
	hyp = 179 / 494
	cut = 1480
30247 [0, 30000]: LP
	bnd = 30000.000000
	its = 1
	hyp = 179 / 494
	cut = 1508
30728 [0, 30000]: LP
	bnd = 30000.000000
	its = 1
	hyp = 179 / 494
	cut = 1536
31204 [0, 30000]: LP
	bnd = 30000.000000
	its = 1
	hyp = 179 / 494
	cut = 1564
31280 [30000, 30000]: HEURISTIC 3
