hypergraph with 10802 vertices and 492677 hyperarcs generated in 3054
2870 [0, 30000]: LP
	bnd = 30000.000000
	its = 11
	hyp = 81 / 88
	cut = 0
3607 [0, 30000]: LP
	bnd = 30000.000000
	its = 3
	hyp = 96 / 145
	cut = 2
4153 [0, 30000]: LP
	bnd = 30000.000000
	its = 2
	hyp = 82 / 177
	cut = 20
4559 [0, 30000]: LP
	bnd = 30000.000000
	its = 1
	hyp = 82 / 177
	cut = 38
4966 [0, 30000]: LP
	bnd = 30000.000000
	its = 1
	hyp = 82 / 177
	cut = 56
5372 [0, 30000]: LP
	bnd = 30000.000000
	its = 1
	hyp = 82 / 177
	cut = 74
5778 [0, 30000]: LP
	bnd = 30000.000000
	its = 1
	hyp = 82 / 177
	cut = 92
6186 [0, 30000]: LP
	bnd = 30000.000000
	its = 1
	hyp = 82 / 177
	cut = 110
6592 [0, 30000]: LP
	bnd = 30000.000000
	its = 1
	hyp = 82 / 177
	cut = 128
6997 [0, 30000]: LP
	bnd = 30000.000000
	its = 1
	hyp = 82 / 177
	cut = 146
7403 [0, 30000]: LP
	bnd = 30000.000000
	its = 1
	hyp = 82 / 177
	cut = 164
7809 [0, 30000]: LP
	bnd = 30000.000000
	its = 1
	hyp = 82 / 177
	cut = 182
8216 [0, 30000]: LP
	bnd = 30000.000000
	its = 1
	hyp = 82 / 177
	cut = 200
8625 [0, 30000]: LP
	bnd = 30000.000000
	its = 1
	hyp = 82 / 177
	cut = 218
9036 [0, 30000]: LP
	bnd = 30000.000000
	its = 1
	hyp = 82 / 177
	cut = 236
9448 [0, 30000]: LP
	bnd = 30000.000000
	its = 1
	hyp = 82 / 177
	cut = 254
9854 [0, 30000]: LP
	bnd = 30000.000000
	its = 1
	hyp = 82 / 177
	cut = 272
10261 [0, 30000]: LP
	bnd = 30000.000000
	its = 1
	hyp = 82 / 177
	cut = 290
10667 [0, 30000]: LP
	bnd = 30000.000000
	its = 1
	hyp = 82 / 177
	cut = 308
11074 [0, 30000]: LP
	bnd = 30000.000000
	its = 1
	hyp = 82 / 177
	cut = 326
11479 [0, 30000]: LP
	bnd = 30000.000000
	its = 1
	hyp = 82 / 177
	cut = 344
11885 [0, 30000]: LP
	bnd = 30000.000000
	its = 1
	hyp = 82 / 177
	cut = 362
12291 [0, 30000]: LP
	bnd = 30000.000000
	its = 1
	hyp = 82 / 177
	cut = 380
12698 [0, 30000]: LP
	bnd = 30000.000000
	its = 1
	hyp = 82 / 177
	cut = 398
13106 [0, 30000]: LP
	bnd = 30000.000000
	its = 1
	hyp = 82 / 177
	cut = 416
13512 [0, 30000]: LP
	bnd = 30000.000000
	its = 1
	hyp = 82 / 177
	cut = 434
13918 [0, 30000]: LP
	bnd = 30000.000000
	its = 1
	hyp = 82 / 177
	cut = 452
14324 [0, 30000]: LP
	bnd = 30000.000000
	its = 1
	hyp = 82 / 177
	cut = 470
14730 [0, 30000]: LP
	bnd = 30000.000000
	its = 1
	hyp = 82 / 177
	cut = 488
15137 [0, 30000]: LP
	bnd = 30000.000000
	its = 1
	hyp = 82 / 177
	cut = 506
15543 [0, 30000]: LP
	bnd = 30000.000000
	its = 1
	hyp = 82 / 177
	cut = 524
15951 [0, 30000]: LP
	bnd = 30000.000000
	its = 1
	hyp = 82 / 177
	cut = 542
16357 [0, 30000]: LP
	bnd = 30000.000000
	its = 1
	hyp = 82 / 177
	cut = 560
16764 [0, 30000]: LP
	bnd = 30000.000000
	its = 1
	hyp = 82 / 177
	cut = 578
17171 [0, 30000]: LP
	bnd = 30000.000000
	its = 1
	hyp = 82 / 177
	cut = 596
17579 [0, 30000]: LP
	bnd = 30000.000000
	its = 1
	hyp = 82 / 177
	cut = 614
17987 [0, 30000]: LP
	bnd = 30000.000000
	its = 1
	hyp = 82 / 177
	cut = 632
18394 [0, 30000]: LP
	bnd = 30000.000000
	its = 1
	hyp = 82 / 177
	cut = 650
18801 [0, 30000]: LP
	bnd = 30000.000000
	its = 1
	hyp = 82 / 177
	cut = 668
19208 [0, 30000]: LP
	bnd = 30000.000000
	its = 1
	hyp = 82 / 177
	cut = 686
19614 [0, 30000]: LP
	bnd = 30000.000000
	its = 1
	hyp = 82 / 177
	cut = 704
20023 [0, 30000]: LP
	bnd = 30000.000000
	its = 1
	hyp = 82 / 177
	cut = 722
20432 [0, 30000]: LP
	bnd = 30000.000000
	its = 1
	hyp = 82 / 177
	cut = 740
20838 [0, 30000]: LP
	bnd = 30000.000000
	its = 1
	hyp = 82 / 177
	cut = 758
21244 [0, 30000]: LP
	bnd = 30000.000000
	its = 1
	hyp = 82 / 177
	cut = 776
21652 [0, 30000]: LP
	bnd = 30000.000000
	its = 1
	hyp = 82 / 177
	cut = 794
22058 [0, 30000]: LP
	bnd = 30000.000000
	its = 1
	hyp = 82 / 177
	cut = 812
22466 [0, 30000]: LP
	bnd = 30000.000000
	its = 1
	hyp = 82 / 177
	cut = 830
22873 [0, 30000]: LP
	bnd = 30000.000000
	its = 1
	hyp = 82 / 177
	cut = 848
23281 [0, 30000]: LP
	bnd = 30000.000000
	its = 1
	hyp = 82 / 177
	cut = 866
23687 [0, 30000]: LP
	bnd = 30000.000000
	its = 1
	hyp = 82 / 177
	cut = 884
24093 [0, 30000]: LP
	bnd = 30000.000000
	its = 1
	hyp = 82 / 177
	cut = 902
24500 [0, 30000]: LP
	bnd = 30000.000000
	its = 1
	hyp = 82 / 177
	cut = 920
24905 [0, 30000]: LP
	bnd = 30000.000000
	its = 1
	hyp = 82 / 177
	cut = 938
25312 [0, 30000]: LP
	bnd = 30000.000000
	its = 1
	hyp = 82 / 177
	cut = 956
25718 [0, 30000]: LP
	bnd = 30000.000000
	its = 1
	hyp = 82 / 177
	cut = 974
26123 [0, 30000]: LP
	bnd = 30000.000000
	its = 1
	hyp = 82 / 177
	cut = 992
26533 [0, 30000]: LP
	bnd = 30000.000000
	its = 1
	hyp = 82 / 177
	cut = 1010
26941 [0, 30000]: LP
	bnd = 30000.000000
	its = 1
	hyp = 82 / 177
	cut = 1028
27352 [0, 30000]: LP
	bnd = 30000.000000
	its = 1
	hyp = 82 / 177
	cut = 1046
27758 [0, 30000]: LP
	bnd = 30000.000000
	its = 1
	hyp = 82 / 177
	cut = 1064
28163 [0, 30000]: LP
	bnd = 30000.000000
	its = 1
	hyp = 82 / 177
	cut = 1082
28570 [0, 30000]: LP
	bnd = 30000.000000
	its = 1
	hyp = 82 / 177
	cut = 1100
28975 [0, 30000]: LP
	bnd = 30000.000000
	its = 1
	hyp = 82 / 177
	cut = 1118
29382 [0, 30000]: LP
	bnd = 30000.000000
	its = 1
	hyp = 82 / 177
	cut = 1136
29789 [0, 30000]: LP
	bnd = 30000.000000
	its = 1
	hyp = 82 / 177
	cut = 1154
30197 [0, 30000]: LP
	bnd = 30000.000000
	its = 1
	hyp = 82 / 177
	cut = 1172
30604 [0, 30000]: LP
	bnd = 30000.000000
	its = 1
	hyp = 82 / 177
	cut = 1190
31012 [0, 30000]: LP
	bnd = 30000.000000
	its = 1
	hyp = 82 / 177
	cut = 1208
31422 [0, 30000]: LP
	bnd = 30000.000000
	its = 1
	hyp = 82 / 177
	cut = 1226
31829 [0, 30000]: LP
	bnd = 30000.000000
	its = 1
	hyp = 82 / 177
	cut = 1244
32237 [0, 30000]: LP
	bnd = 30000.000000
	its = 1
	hyp = 82 / 177
	cut = 1262
32644 [0, 30000]: LP
	bnd = 30000.000000
	its = 1
	hyp = 82 / 177
	cut = 1280
33053 [0, 30000]: LP
	bnd = 30000.000000
	its = 1
	hyp = 82 / 177
	cut = 1298
33461 [0, 30000]: LP
	bnd = 30000.000000
	its = 1
	hyp = 82 / 177
	cut = 1316
33868 [0, 30000]: LP
	bnd = 30000.000000
	its = 1
	hyp = 82 / 177
	cut = 1319
34275 [0, 30000]: LP
	bnd = 30000.000000
	its = 1
	hyp = 82 / 177
	cut = 1322
34683 [0, 30000]: LP
	bnd = 30000.000000
	its = 1
	hyp = 82 / 177
	cut = 1325
35091 [0, 30000]: LP
	bnd = 30000.000000
	its = 1
	hyp = 82 / 177
	cut = 1328
35498 [0, 30000]: LP
	bnd = 30000.000000
	its = 1
	hyp = 82 / 177
	cut = 1331
35906 [0, 30000]: LP
	bnd = 30000.000000
	its = 1
	hyp = 82 / 177
	cut = 1334
36314 [0, 30000]: LP
	bnd = 30000.000000
	its = 1
	hyp = 82 / 177
	cut = 1337
36721 [0, 30000]: LP
	bnd = 30000.000000
	its = 1
	hyp = 82 / 177
	cut = 1340
37128 [0, 30000]: LP
	bnd = 30000.000000
	its = 1
	hyp = 82 / 177
	cut = 1342
37536 [0, 30000]: LP
	bnd = 30000.000000
	its = 1
	hyp = 82 / 177
	cut = 1344
37944 [0, 30000]: LP
	bnd = 30000.000000
	its = 1
	hyp = 82 / 177
	cut = 1346
38351 [0, 30000]: LP
	bnd = 30000.000000
	its = 1
	hyp = 82 / 177
	cut = 1348
38448 [30000, 30000]: HEURISTIC 3
