hypergraph with 10802 vertices and 490785 hyperarcs generated in 2701
3283 [0, 30000]: LP
	bnd = 30000.000000
	its = 14
	hyp = 144 / 174
	cut = 0
4498 [0, 30000]: LP
	bnd = 30000.000000
	its = 6
	hyp = 149 / 360
	cut = 13
5226 [0, 30000]: LP
	bnd = 30000.000000
	its = 3
	hyp = 163 / 409
	cut = 31
5933 [0, 30000]: LP
	bnd = 30000.000000
	its = 3
	hyp = 173 / 460
	cut = 48
6394 [0, 30000]: LP
	bnd = 30000.000000
	its = 1
	hyp = 119 / 460
	cut = 64
7465 [0, 30000]: LP
	bnd = 30000.000000
	its = 5
	hyp = 141 / 554
	cut = 81
7919 [0, 30000]: LP
	bnd = 30000.000000
	its = 1
	hyp = 151 / 554
	cut = 98
8366 [0, 30000]: LP
	bnd = 30000.000000
	its = 1
	hyp = 147 / 554
	cut = 115
8874 [0, 30000]: LP
	bnd = 30000.000000
	its = 1
	hyp = 194 / 554
	cut = 132
9338 [0, 30000]: LP
	bnd = 30000.000000
	its = 1
	hyp = 95 / 554
	cut = 149
9800 [0, 30000]: LP
	bnd = 30000.000000
	its = 1
	hyp = 95 / 554
	cut = 166
10260 [0, 30000]: LP
	bnd = 30000.000000
	its = 1
	hyp = 95 / 554
	cut = 183
10720 [0, 30000]: LP
	bnd = 30000.000000
	its = 1
	hyp = 95 / 554
	cut = 200
11181 [0, 30000]: LP
	bnd = 30000.000000
	its = 1
	hyp = 95 / 554
	cut = 217
11637 [0, 30000]: LP
	bnd = 30000.000000
	its = 1
	hyp = 95 / 554
	cut = 234
12090 [0, 30000]: LP
	bnd = 30000.000000
	its = 1
	hyp = 95 / 554
	cut = 250
12543 [0, 30000]: LP
	bnd = 30000.000000
	its = 1
	hyp = 95 / 554
	cut = 266
12996 [0, 30000]: LP
	bnd = 30000.000000
	its = 1
	hyp = 95 / 554
	cut = 282
13451 [0, 30000]: LP
	bnd = 30000.000000
	its = 1
	hyp = 95 / 554
	cut = 298
13908 [0, 30000]: LP
	bnd = 30000.000000
	its = 1
	hyp = 95 / 554
	cut = 314
14362 [0, 30000]: LP
	bnd = 30000.000000
	its = 1
	hyp = 95 / 554
	cut = 330
14815 [0, 30000]: LP
	bnd = 30000.000000
	its = 1
	hyp = 95 / 554
	cut = 346
15269 [0, 30000]: LP
	bnd = 30000.000000
	its = 1
	hyp = 95 / 554
	cut = 362
15726 [0, 30000]: LP
	bnd = 30000.000000
	its = 1
	hyp = 95 / 554
	cut = 378
16184 [0, 30000]: LP
	bnd = 30000.000000
	its = 1
	hyp = 95 / 554
	cut = 394
16643 [0, 30000]: LP
	bnd = 30000.000000
	its = 1
	hyp = 95 / 554
	cut = 410
17104 [0, 30000]: LP
	bnd = 30000.000000
	its = 1
	hyp = 95 / 554
	cut = 426
17566 [0, 30000]: LP
	bnd = 30000.000000
	its = 1
	hyp = 95 / 554
	cut = 442
18027 [0, 30000]: LP
	bnd = 30000.000000
	its = 1
	hyp = 95 / 554
	cut = 458
18491 [0, 30000]: LP
	bnd = 30000.000000
	its = 1
	hyp = 95 / 554
	cut = 474
18954 [0, 30000]: LP
	bnd = 30000.000000
	its = 1
	hyp = 95 / 554
	cut = 490
19415 [0, 30000]: LP
	bnd = 30000.000000
	its = 1
	hyp = 95 / 554
	cut = 506
19870 [0, 30000]: LP
	bnd = 30000.000000
	its = 1
	hyp = 95 / 554
	cut = 522
20323 [0, 30000]: LP
	bnd = 30000.000000
	its = 1
	hyp = 95 / 554
	cut = 538
20778 [0, 30000]: LP
	bnd = 30000.000000
	its = 1
	hyp = 95 / 554
	cut = 554
21236 [0, 30000]: LP
	bnd = 30000.000000
	its = 1
	hyp = 95 / 554
	cut = 570
21692 [0, 30000]: LP
	bnd = 30000.000000
	its = 1
	hyp = 95 / 554
	cut = 586
22146 [0, 30000]: LP
	bnd = 30000.000000
	its = 1
	hyp = 95 / 554
	cut = 602
22600 [0, 30000]: LP
	bnd = 30000.000000
	its = 1
	hyp = 95 / 554
	cut = 618
23054 [0, 30000]: LP
	bnd = 30000.000000
	its = 1
	hyp = 95 / 554
	cut = 634
23512 [0, 30000]: LP
	bnd = 30000.000000
	its = 1
	hyp = 95 / 554
	cut = 650
23971 [0, 30000]: LP
	bnd = 30000.000000
	its = 1
	hyp = 95 / 554
	cut = 666
24427 [0, 30000]: LP
	bnd = 30000.000000
	its = 1
	hyp = 95 / 554
	cut = 682
24886 [0, 30000]: LP
	bnd = 30000.000000
	its = 1
	hyp = 95 / 554
	cut = 698
25343 [0, 30000]: LP
	bnd = 30000.000000
	its = 1
	hyp = 95 / 554
	cut = 714
25801 [0, 30000]: LP
	bnd = 30000.000000
	its = 1
	hyp = 95 / 554
	cut = 730
26258 [0, 30000]: LP
	bnd = 30000.000000
	its = 1
	hyp = 95 / 554
	cut = 746
26710 [0, 30000]: LP
	bnd = 30000.000000
	its = 1
	hyp = 95 / 554
	cut = 762
27162 [0, 30000]: LP
	bnd = 30000.000000
	its = 1
	hyp = 95 / 554
	cut = 778
27617 [0, 30000]: LP
	bnd = 30000.000000
	its = 1
	hyp = 95 / 554
	cut = 794
28073 [0, 30000]: LP
	bnd = 30000.000000
	its = 1
	hyp = 95 / 554
	cut = 810
28528 [0, 30000]: LP
	bnd = 30000.000000
	its = 1
	hyp = 95 / 554
	cut = 826
28982 [0, 30000]: LP
	bnd = 30000.000000
	its = 1
	hyp = 95 / 554
	cut = 842
29436 [0, 30000]: LP
	bnd = 30000.000000
	its = 1
	hyp = 95 / 554
	cut = 858
29890 [0, 30000]: LP
	bnd = 30000.000000
	its = 1
	hyp = 95 / 554
	cut = 874
30343 [0, 30000]: LP
	bnd = 30000.000000
	its = 1
	hyp = 95 / 554
	cut = 890
30799 [0, 30000]: LP
	bnd = 30000.000000
	its = 1
	hyp = 95 / 554
	cut = 906
31253 [0, 30000]: LP
	bnd = 30000.000000
	its = 1
	hyp = 95 / 554
	cut = 922
31660 [30000, 30000]: HEURISTIC 3
