hypergraph with 10052 vertices and 484368 hyperarcs generated in 835
1113 [0, 30000]: LP
	bnd = 30000.000000
	its = 15
	hyp = 196 / 285
	cut = 0
2033 [0, 30000]: LP
	bnd = 30000.007812
	its = 13
	hyp = 231 / 692
	cut = 19
2441 [0, 30000]: LP
	bnd = 30000.000000
	its = 4
	hyp = 294 / 819
	cut = 38
2651 [0, 30000]: LP
	bnd = 30000.000000
	its = 1
	hyp = 222 / 819
	cut = 57
3042 [0, 30000]: LP
	bnd = 30000.000000
	its = 4
	hyp = 252 / 950
	cut = 76
3484 [0, 30000]: LP
	bnd = 30000.000000
	its = 4
	hyp = 269 / 1052
	cut = 98
3733 [0, 30000]: LP
	bnd = 30000.000000
	its = 1
	hyp = 238 / 1052
	cut = 121
4006 [0, 30000]: LP
	bnd = 30000.000000
	its = 1
	hyp = 257 / 1052
	cut = 142
4290 [0, 30000]: LP
	bnd = 30000.000000
	its = 1
	hyp = 197 / 1052
	cut = 164
4626 [0, 30000]: LP
	bnd = 30000.000000
	its = 2
	hyp = 292 / 1105
	cut = 187
4955 [0, 30000]: LP
	bnd = 30000.000000
	its = 2
	hyp = 234 / 1148
	cut = 209
5228 [0, 30000]: LP
	bnd = 30000.000000
	its = 1
	hyp = 144 / 1148
	cut = 231
5475 [0, 30000]: LP
	bnd = 30000.000000
	its = 1
	hyp = 258 / 1148
	cut = 253
5742 [0, 30000]: LP
	bnd = 30000.000000
	its = 1
	hyp = 133 / 1148
	cut = 272
6075 [0, 30000]: LP
	bnd = 30000.000000
	its = 2
	hyp = 249 / 1173
	cut = 291
6355 [0, 30000]: LP
	bnd = 30000.000000
	its = 1
	hyp = 171 / 1173
	cut = 310
6720 [0, 30000]: LP
	bnd = 30000.000000
	its = 2
	hyp = 252 / 1236
	cut = 330
6984 [0, 30000]: LP
	bnd = 30000.000000
	its = 1
	hyp = 267 / 1236
	cut = 350
7086 [30000, 30000]: HEURISTIC 3
