hypergraph with 9853 vertices and 423232 hyperarcs generated in 243
1032 [0, 29967]: LP
	bnd = 29967.769531
	its = 23
	hyp = 142 / 287
	cut = 0
1036 [0, 29967]: HEURISTIC 3
1038 [0, 29967]: LABEL
	tot = 28
	max = 1
1043 [0, 29937]: LABEL
	tot = 128
	max = 2
1050 [0, 29907]: LABEL
	tot = 210
	max = 2
1061 [0, 29877]: LABEL
	tot = 378
	max = 3
1078 [0, 29848]: LABEL
	tot = 554
	max = 3
1102 [0, 29818]: LABEL
	tot = 819
	max = 3
1135 [29688, 29788]: LABEL
	tot = 1148
	max = 4
1178 [29688, 29758]: LABEL
	tot = 1497
	max = 6
1236 [29691, 29728]: LABEL
	tot = 1933
	max = 7
1309 [29691, 29699]: LABEL
	tot = 2481
	max = 9
1388 [29691, 29691]: LABEL
	tot = 2681
	max = 11
