hypergraph with 10802 vertices and 491483 hyperarcs generated in 2913
2913 [0, 30000]: LP
	bnd = 30000.000000
	its = 11
	hyp = 88 / 120
	cut = 0
4260 [0, 30000]: LP
	bnd = 30000.000000
	its = 7
	hyp = 78 / 355
	cut = 9
4675 [0, 30000]: LP
	bnd = 30000.000000
	its = 1
	hyp = 116 / 355
	cut = 17
5234 [0, 30000]: LP
	bnd = 30000.000000
	its = 2
	hyp = 98 / 371
	cut = 30
5632 [0, 30000]: LP
	bnd = 30000.000000
	its = 1
	hyp = 110 / 371
	cut = 43
6037 [0, 30000]: LP
	bnd = 30000.000000
	its = 1
	hyp = 98 / 371
	cut = 57
6601 [0, 30000]: LP
	bnd = 30000.000000
	its = 2
	hyp = 140 / 438
	cut = 70
7186 [0, 30000]: LP
	bnd = 30000.000000
	its = 2
	hyp = 159 / 465
	cut = 81
7607 [0, 30000]: LP
	bnd = 30000.000000
	its = 1
	hyp = 91 / 465
	cut = 90
8044 [0, 30000]: LP
	bnd = 30000.000000
	its = 1
	hyp = 90 / 465
	cut = 96
8483 [0, 30000]: LP
	bnd = 30000.000000
	its = 1
	hyp = 110 / 465
	cut = 101
8904 [0, 30000]: LP
	bnd = 30000.000000
	its = 1
	hyp = 75 / 465
	cut = 107
9327 [0, 30000]: LP
	bnd = 30000.000000
	its = 1
	hyp = 75 / 465
	cut = 113
9761 [0, 30000]: LP
	bnd = 30000.000000
	its = 1
	hyp = 75 / 465
	cut = 119
10195 [0, 30000]: LP
	bnd = 30000.000000
	its = 1
	hyp = 75 / 465
	cut = 125
10626 [0, 30000]: LP
	bnd = 30000.000000
	its = 1
	hyp = 74 / 465
	cut = 132
11047 [0, 30000]: LP
	bnd = 30000.000000
	its = 1
	hyp = 74 / 465
	cut = 139
11466 [0, 30000]: LP
	bnd = 30000.000000
	its = 1
	hyp = 74 / 465
	cut = 146
11889 [0, 30000]: LP
	bnd = 30000.000000
	its = 1
	hyp = 74 / 465
	cut = 153
12308 [0, 30000]: LP
	bnd = 30000.000000
	its = 1
	hyp = 74 / 465
	cut = 159
12729 [0, 30000]: LP
	bnd = 30000.000000
	its = 1
	hyp = 74 / 465
	cut = 165
13149 [0, 30000]: LP
	bnd = 30000.000000
	its = 1
	hyp = 74 / 465
	cut = 171
13569 [0, 30000]: LP
	bnd = 30000.000000
	its = 1
	hyp = 74 / 465
	cut = 177
13992 [0, 30000]: LP
	bnd = 30000.000000
	its = 1
	hyp = 74 / 465
	cut = 183
14425 [0, 30000]: LP
	bnd = 30000.000000
	its = 1
	hyp = 74 / 465
	cut = 189
14847 [0, 30000]: LP
	bnd = 30000.000000
	its = 1
	hyp = 74 / 465
	cut = 195
15270 [0, 30000]: LP
	bnd = 30000.000000
	its = 1
	hyp = 74 / 465
	cut = 201
15691 [0, 30000]: LP
	bnd = 30000.000000
	its = 1
	hyp = 74 / 465
	cut = 207
16116 [0, 30000]: LP
	bnd = 30000.000000
	its = 1
	hyp = 74 / 465
	cut = 213
16537 [0, 30000]: LP
	bnd = 30000.000000
	its = 1
	hyp = 74 / 465
	cut = 219
16962 [0, 30000]: LP
	bnd = 30000.000000
	its = 1
	hyp = 74 / 465
	cut = 225
17384 [0, 30000]: LP
	bnd = 30000.000000
	its = 1
	hyp = 74 / 465
	cut = 231
17806 [0, 30000]: LP
	bnd = 30000.000000
	its = 1
	hyp = 74 / 465
	cut = 237
18228 [0, 30000]: LP
	bnd = 30000.000000
	its = 1
	hyp = 74 / 465
	cut = 243
18650 [0, 30000]: LP
	bnd = 30000.000000
	its = 1
	hyp = 74 / 465
	cut = 249
19071 [0, 30000]: LP
	bnd = 30000.000000
	its = 1
	hyp = 74 / 465
	cut = 255
19495 [0, 30000]: LP
	bnd = 30000.000000
	its = 1
	hyp = 74 / 465
	cut = 261
19919 [0, 30000]: LP
	bnd = 30000.000000
	its = 1
	hyp = 74 / 465
	cut = 267
20338 [0, 30000]: LP
	bnd = 30000.000000
	its = 1
	hyp = 74 / 465
	cut = 273
20757 [0, 30000]: LP
	bnd = 30000.000000
	its = 1
	hyp = 74 / 465
	cut = 279
21176 [0, 30000]: LP
	bnd = 30000.000000
	its = 1
	hyp = 74 / 465
	cut = 285
21596 [0, 30000]: LP
	bnd = 30000.000000
	its = 1
	hyp = 74 / 465
	cut = 291
22018 [0, 30000]: LP
	bnd = 30000.000000
	its = 1
	hyp = 74 / 465
	cut = 297
22438 [0, 30000]: LP
	bnd = 30000.000000
	its = 1
	hyp = 74 / 465
	cut = 303
22859 [0, 30000]: LP
	bnd = 30000.000000
	its = 1
	hyp = 74 / 465
	cut = 309
23279 [0, 30000]: LP
	bnd = 30000.000000
	its = 1
	hyp = 74 / 465
	cut = 315
23698 [0, 30000]: LP
	bnd = 30000.000000
	its = 1
	hyp = 74 / 465
	cut = 321
24119 [0, 30000]: LP
	bnd = 30000.000000
	its = 1
	hyp = 74 / 465
	cut = 327
24542 [0, 30000]: LP
	bnd = 30000.000000
	its = 1
	hyp = 74 / 465
	cut = 333
24962 [0, 30000]: LP
	bnd = 30000.000000
	its = 1
	hyp = 74 / 465
	cut = 339
25382 [0, 30000]: LP
	bnd = 30000.000000
	its = 1
	hyp = 74 / 465
	cut = 345
25801 [0, 30000]: LP
	bnd = 30000.000000
	its = 1
	hyp = 74 / 465
	cut = 351
26221 [0, 30000]: LP
	bnd = 30000.000000
	its = 1
	hyp = 74 / 465
	cut = 357
26664 [0, 30000]: LP
	bnd = 30000.000000
	its = 1
	hyp = 74 / 465
	cut = 363
27084 [0, 30000]: LP
	bnd = 30000.000000
	its = 1
	hyp = 74 / 465
	cut = 369
27504 [0, 30000]: LP
	bnd = 30000.000000
	its = 1
	hyp = 74 / 465
	cut = 375
27927 [0, 30000]: LP
	bnd = 30000.000000
	its = 1
	hyp = 74 / 465
	cut = 381
28346 [0, 30000]: LP
	bnd = 30000.000000
	its = 1
	hyp = 74 / 465
	cut = 387
28765 [0, 30000]: LP
	bnd = 30000.000000
	its = 1
	hyp = 74 / 465
	cut = 393
29184 [0, 30000]: LP
	bnd = 30000.000000
	its = 1
	hyp = 74 / 465
	cut = 399
29604 [0, 30000]: LP
	bnd = 30000.000000
	its = 1
	hyp = 74 / 465
	cut = 405
30023 [0, 30000]: LP
	bnd = 30000.000000
	its = 1
	hyp = 74 / 465
	cut = 411
30443 [0, 30000]: LP
	bnd = 30000.000000
	its = 1
	hyp = 74 / 465
	cut = 417
30862 [0, 30000]: LP
	bnd = 30000.000000
	its = 1
	hyp = 74 / 465
	cut = 423
31283 [0, 30000]: LP
	bnd = 30000.000000
	its = 1
	hyp = 74 / 465
	cut = 429
31703 [0, 30000]: LP
	bnd = 30000.000000
	its = 1
	hyp = 74 / 465
	cut = 435
32122 [0, 30000]: LP
	bnd = 30000.000000
	its = 1
	hyp = 74 / 465
	cut = 441
32543 [0, 30000]: LP
	bnd = 30000.000000
	its = 1
	hyp = 74 / 465
	cut = 447
32962 [0, 30000]: LP
	bnd = 30000.000000
	its = 1
	hyp = 74 / 465
	cut = 453
33383 [0, 30000]: LP
	bnd = 30000.000000
	its = 1
	hyp = 74 / 465
	cut = 459
33803 [0, 30000]: LP
	bnd = 30000.000000
	its = 1
	hyp = 74 / 465
	cut = 465
34224 [0, 30000]: LP
	bnd = 30000.000000
	its = 1
	hyp = 74 / 465
	cut = 471
34645 [0, 30000]: LP
	bnd = 30000.000000
	its = 1
	hyp = 74 / 465
	cut = 477
35064 [0, 30000]: LP
	bnd = 30000.000000
	its = 1
	hyp = 74 / 465
	cut = 483
35484 [0, 30000]: LP
	bnd = 30000.000000
	its = 1
	hyp = 74 / 465
	cut = 489
35905 [0, 30000]: LP
	bnd = 30000.000000
	its = 1
	hyp = 74 / 465
	cut = 495
36226 [30000, 30000]: HEURISTIC 3
