hypergraph with 10302 vertices and 494638 hyperarcs generated in 1785
1494 [0, 30000]: LP
	bnd = 30000.000000
	its = 10
	hyp = 97 / 109
	cut = 0
2190 [0, 30000]: LP
	bnd = 30000.000000
	its = 6
	hyp = 103 / 275
	cut = 9
2669 [0, 30000]: LP
	bnd = 30000.000000
	its = 4
	hyp = 97 / 336
	cut = 24
2913 [0, 30000]: LP
	bnd = 30000.000000
	its = 1
	hyp = 103 / 336
	cut = 39
3247 [0, 30000]: LP
	bnd = 30000.000000
	its = 2
	hyp = 106 / 342
	cut = 53
3588 [0, 30000]: LP
	bnd = 30000.000000
	its = 2
	hyp = 114 / 382
	cut = 67
3860 [0, 30000]: LP
	bnd = 30000.000000
	its = 1
	hyp = 123 / 382
	cut = 82
4111 [0, 30000]: LP
	bnd = 30000.000000
	its = 1
	hyp = 102 / 382
	cut = 97
4339 [0, 30000]: LP
	bnd = 30000.000000
	its = 1
	hyp = 95 / 382
	cut = 112
4567 [0, 30000]: LP
	bnd = 30000.000000
	its = 1
	hyp = 73 / 382
	cut = 126
4842 [0, 30000]: LP
	bnd = 30000.000000
	its = 1
	hyp = 91 / 382
	cut = 140
5113 [0, 30000]: LP
	bnd = 30000.000000
	its = 1
	hyp = 91 / 382
	cut = 154
5387 [0, 30000]: LP
	bnd = 30000.000000
	its = 1
	hyp = 91 / 382
	cut = 168
5633 [0, 30000]: LP
	bnd = 30000.000000
	its = 1
	hyp = 67 / 382
	cut = 182
5878 [0, 30000]: LP
	bnd = 30000.000000
	its = 1
	hyp = 67 / 382
	cut = 196
6123 [0, 30000]: LP
	bnd = 30000.000000
	its = 1
	hyp = 67 / 382
	cut = 210
6368 [0, 30000]: LP
	bnd = 30000.000000
	its = 1
	hyp = 67 / 382
	cut = 224
6614 [0, 30000]: LP
	bnd = 30000.000000
	its = 1
	hyp = 67 / 382
	cut = 238
6859 [0, 30000]: LP
	bnd = 30000.000000
	its = 1
	hyp = 67 / 382
	cut = 252
7104 [0, 30000]: LP
	bnd = 30000.000000
	its = 1
	hyp = 67 / 382
	cut = 266
7349 [0, 30000]: LP
	bnd = 30000.000000
	its = 1
	hyp = 67 / 382
	cut = 280
7593 [0, 30000]: LP
	bnd = 30000.000000
	its = 1
	hyp = 67 / 382
	cut = 294
7838 [0, 30000]: LP
	bnd = 30000.000000
	its = 1
	hyp = 67 / 382
	cut = 308
8082 [0, 30000]: LP
	bnd = 30000.000000
	its = 1
	hyp = 67 / 382
	cut = 322
8327 [0, 30000]: LP
	bnd = 30000.000000
	its = 1
	hyp = 67 / 382
	cut = 336
8572 [0, 30000]: LP
	bnd = 30000.000000
	its = 1
	hyp = 67 / 382
	cut = 350
8817 [0, 30000]: LP
	bnd = 30000.000000
	its = 1
	hyp = 67 / 382
	cut = 364
9061 [0, 30000]: LP
	bnd = 30000.000000
	its = 1
	hyp = 67 / 382
	cut = 378
9307 [0, 30000]: LP
	bnd = 30000.000000
	its = 1
	hyp = 67 / 382
	cut = 392
9553 [0, 30000]: LP
	bnd = 30000.000000
	its = 1
	hyp = 67 / 382
	cut = 406
9798 [0, 30000]: LP
	bnd = 30000.000000
	its = 1
	hyp = 67 / 382
	cut = 420
10043 [0, 30000]: LP
	bnd = 30000.000000
	its = 1
	hyp = 67 / 382
	cut = 434
10293 [0, 30000]: LP
	bnd = 30000.000000
	its = 1
	hyp = 67 / 382
	cut = 448
10537 [0, 30000]: LP
	bnd = 30000.000000
	its = 1
	hyp = 67 / 382
	cut = 462
10784 [0, 30000]: LP
	bnd = 30000.000000
	its = 1
	hyp = 67 / 382
	cut = 476
11030 [0, 30000]: LP
	bnd = 30000.000000
	its = 1
	hyp = 67 / 382
	cut = 490
11275 [0, 30000]: LP
	bnd = 30000.000000
	its = 1
	hyp = 67 / 382
	cut = 504
11521 [0, 30000]: LP
	bnd = 30000.000000
	its = 1
	hyp = 67 / 382
	cut = 518
11767 [0, 30000]: LP
	bnd = 30000.000000
	its = 1
	hyp = 67 / 382
	cut = 532
12013 [0, 30000]: LP
	bnd = 30000.000000
	its = 1
	hyp = 67 / 382
	cut = 546
12259 [0, 30000]: LP
	bnd = 30000.000000
	its = 1
	hyp = 67 / 382
	cut = 560
12505 [0, 30000]: LP
	bnd = 30000.000000
	its = 1
	hyp = 67 / 382
	cut = 574
12750 [0, 30000]: LP
	bnd = 30000.000000
	its = 1
	hyp = 67 / 382
	cut = 588
12995 [0, 30000]: LP
	bnd = 30000.000000
	its = 1
	hyp = 67 / 382
	cut = 602
13240 [0, 30000]: LP
	bnd = 30000.000000
	its = 1
	hyp = 67 / 382
	cut = 616
13485 [0, 30000]: LP
	bnd = 30000.000000
	its = 1
	hyp = 67 / 382
	cut = 630
13730 [0, 30000]: LP
	bnd = 30000.000000
	its = 1
	hyp = 67 / 382
	cut = 644
13975 [0, 30000]: LP
	bnd = 30000.000000
	its = 1
	hyp = 67 / 382
	cut = 658
14220 [0, 30000]: LP
	bnd = 30000.000000
	its = 1
	hyp = 67 / 382
	cut = 672
14465 [0, 30000]: LP
	bnd = 30000.000000
	its = 1
	hyp = 67 / 382
	cut = 686
14710 [0, 30000]: LP
	bnd = 30000.000000
	its = 1
	hyp = 67 / 382
	cut = 700
14956 [0, 30000]: LP
	bnd = 30000.000000
	its = 1
	hyp = 67 / 382
	cut = 714
15202 [0, 30000]: LP
	bnd = 30000.000000
	its = 1
	hyp = 67 / 382
	cut = 728
15448 [0, 30000]: LP
	bnd = 30000.000000
	its = 1
	hyp = 67 / 382
	cut = 742
15693 [0, 30000]: LP
	bnd = 30000.000000
	its = 1
	hyp = 67 / 382
	cut = 756
15939 [0, 30000]: LP
	bnd = 30000.000000
	its = 1
	hyp = 67 / 382
	cut = 770
16185 [0, 30000]: LP
	bnd = 30000.000000
	its = 1
	hyp = 67 / 382
	cut = 784
16431 [0, 30000]: LP
	bnd = 30000.000000
	its = 1
	hyp = 67 / 382
	cut = 798
16677 [0, 30000]: LP
	bnd = 30000.000000
	its = 1
	hyp = 67 / 382
	cut = 812
16875 [30000, 30000]: HEURISTIC 3
