hypergraph with 10302 vertices and 487547 hyperarcs generated in 1703
1646 [0, 30000]: LP
	bnd = 30000.000000
	its = 12
	hyp = 114 / 146
	cut = 0
2520 [0, 30000]: LP
	bnd = 30000.000000
	its = 8
	hyp = 125 / 372
	cut = 9
3095 [0, 30000]: LP
	bnd = 30000.000000
	its = 5
	hyp = 123 / 445
	cut = 17
3511 [0, 30000]: LP
	bnd = 30000.000000
	its = 3
	hyp = 162 / 491
	cut = 31
3865 [0, 30000]: LP
	bnd = 30000.000000
	its = 2
	hyp = 148 / 499
	cut = 45
4211 [0, 30000]: LP
	bnd = 30000.000000
	its = 2
	hyp = 151 / 517
	cut = 59
4628 [0, 30000]: LP
	bnd = 30000.000000
	its = 3
	hyp = 158 / 546
	cut = 73
4987 [0, 30000]: LP
	bnd = 30000.000000
	its = 2
	hyp = 173 / 557
	cut = 87
5353 [0, 30000]: LP
	bnd = 30000.000000
	its = 2
	hyp = 168 / 584
	cut = 101
5632 [0, 30000]: LP
	bnd = 30000.000000
	its = 1
	hyp = 155 / 584
	cut = 115
6012 [0, 30000]: LP
	bnd = 30000.000000
	its = 2
	hyp = 161 / 603
	cut = 130
6381 [0, 30000]: LP
	bnd = 30000.000000
	its = 2
	hyp = 187 / 620
	cut = 145
6740 [0, 30000]: LP
	bnd = 30000.000000
	its = 2
	hyp = 195 / 650
	cut = 160
7037 [0, 30000]: LP
	bnd = 30000.000000
	its = 1
	hyp = 169 / 650
	cut = 174
7507 [0, 30000]: LP
	bnd = 30000.000000
	its = 3
	hyp = 188 / 694
	cut = 190
7769 [0, 30000]: LP
	bnd = 30000.000000
	its = 1
	hyp = 160 / 694
	cut = 206
8072 [0, 30000]: LP
	bnd = 30000.000000
	its = 1
	hyp = 191 / 694
	cut = 222
8557 [0, 30000]: LP
	bnd = 30000.000000
	its = 3
	hyp = 168 / 756
	cut = 238
8948 [0, 30000]: LP
	bnd = 30000.000000
	its = 2
	hyp = 190 / 800
	cut = 254
9236 [0, 30000]: LP
	bnd = 30000.000000
	its = 1
	hyp = 154 / 800
	cut = 269
9556 [0, 30000]: LP
	bnd = 30000.000000
	its = 1
	hyp = 183 / 800
	cut = 283
9885 [0, 30000]: LP
	bnd = 30000.000000
	its = 1
	hyp = 184 / 800
	cut = 297
10299 [0, 30000]: LP
	bnd = 30000.000000
	its = 2
	hyp = 206 / 842
	cut = 311
10611 [0, 30000]: LP
	bnd = 30000.000000
	its = 1
	hyp = 180 / 842
	cut = 325
10886 [0, 30000]: LP
	bnd = 30000.000000
	its = 1
	hyp = 171 / 842
	cut = 340
11310 [0, 30000]: LP
	bnd = 30000.000000
	its = 2
	hyp = 185 / 865
	cut = 354
11604 [0, 30000]: LP
	bnd = 30000.000000
	its = 1
	hyp = 133 / 865
	cut = 368
11875 [0, 30000]: LP
	bnd = 30000.000000
	its = 1
	hyp = 188 / 865
	cut = 381
12393 [0, 30000]: LP
	bnd = 30000.000000
	its = 3
	hyp = 227 / 932
	cut = 394
12825 [0, 30000]: LP
	bnd = 30000.000000
	its = 2
	hyp = 267 / 950
	cut = 408
13262 [0, 30000]: LP
	bnd = 30000.000000
	its = 2
	hyp = 208 / 967
	cut = 422
13698 [0, 30000]: LP
	bnd = 30000.000000
	its = 2
	hyp = 218 / 980
	cut = 436
14130 [0, 30000]: LP
	bnd = 30000.000000
	its = 2
	hyp = 208 / 1011
	cut = 450
14465 [30000, 30000]: LP
	bnd = 30000.000000
	its = 1
	hyp = 216 / 1011
	cut = 464
14479 [30000, 30000]: HEURISTIC 3
