hypergraph with 10302 vertices and 491458 hyperarcs generated in 1471
1948 [0, 30000]: LP
	bnd = 30000.000000
	its = 16
	hyp = 173 / 209
	cut = 0
3116 [0, 30000]: LP
	bnd = 30000.000000
	its = 11
	hyp = 273 / 589
	cut = 27
3485 [0, 30000]: LP
	bnd = 30000.000000
	its = 2
	hyp = 225 / 629
	cut = 55
3784 [0, 30000]: LP
	bnd = 30000.000000
	its = 1
	hyp = 195 / 629
	cut = 82
4101 [0, 30000]: LP
	bnd = 30000.000000
	its = 1
	hyp = 228 / 629
	cut = 103
4429 [0, 30000]: LP
	bnd = 30000.000000
	its = 1
	hyp = 219 / 629
	cut = 125
4829 [0, 30000]: LP
	bnd = 30000.000000
	its = 2
	hyp = 230 / 651
	cut = 147
5145 [0, 30000]: LP
	bnd = 30000.000000
	its = 1
	hyp = 214 / 651
	cut = 169
5411 [0, 30000]: LP
	bnd = 30000.000000
	its = 1
	hyp = 226 / 651
	cut = 190
5732 [0, 30000]: LP
	bnd = 30000.000000
	its = 1
	hyp = 236 / 651
	cut = 212
6029 [0, 30000]: LP
	bnd = 30000.000000
	its = 1
	hyp = 229 / 651
	cut = 234
6323 [0, 30000]: LP
	bnd = 30000.000000
	its = 1
	hyp = 229 / 651
	cut = 255
6728 [0, 30000]: LP
	bnd = 30000.000000
	its = 2
	hyp = 241 / 673
	cut = 276
7070 [0, 30000]: LP
	bnd = 30000.000000
	its = 1
	hyp = 245 / 673
	cut = 298
7410 [0, 30000]: LP
	bnd = 30000.000000
	its = 1
	hyp = 242 / 673
	cut = 320
7687 [0, 30000]: LP
	bnd = 30000.000000
	its = 1
	hyp = 212 / 673
	cut = 342
8013 [0, 30000]: LP
	bnd = 30000.000000
	its = 1
	hyp = 214 / 673
	cut = 363
8338 [0, 30000]: LP
	bnd = 30000.000000
	its = 1
	hyp = 214 / 673
	cut = 384
8673 [0, 30000]: LP
	bnd = 30000.000000
	its = 1
	hyp = 213 / 673
	cut = 405
8969 [0, 30000]: LP
	bnd = 30000.000000
	its = 1
	hyp = 240 / 673
	cut = 426
9255 [0, 30000]: LP
	bnd = 30000.000000
	its = 1
	hyp = 241 / 673
	cut = 447
9583 [0, 30000]: LP
	bnd = 30000.000000
	its = 1
	hyp = 240 / 673
	cut = 468
9955 [0, 30000]: LP
	bnd = 30000.000000
	its = 1
	hyp = 242 / 673
	cut = 489
10329 [0, 30000]: LP
	bnd = 30000.000000
	its = 1
	hyp = 242 / 673
	cut = 510
10700 [0, 30000]: LP
	bnd = 30000.000000
	its = 1
	hyp = 242 / 673
	cut = 531
11060 [0, 30000]: LP
	bnd = 30000.000000
	its = 1
	hyp = 242 / 673
	cut = 552
11431 [0, 30000]: LP
	bnd = 30000.000000
	its = 1
	hyp = 243 / 673
	cut = 573
11803 [0, 30000]: LP
	bnd = 30000.000000
	its = 1
	hyp = 243 / 673
	cut = 594
12175 [0, 30000]: LP
	bnd = 30000.000000
	its = 1
	hyp = 243 / 673
	cut = 615
12546 [0, 30000]: LP
	bnd = 30000.000000
	its = 1
	hyp = 243 / 673
	cut = 636
12923 [0, 30000]: LP
	bnd = 30000.000000
	its = 1
	hyp = 243 / 673
	cut = 657
13298 [0, 30000]: LP
	bnd = 30000.000000
	its = 1
	hyp = 243 / 673
	cut = 678
13672 [0, 30000]: LP
	bnd = 30000.000000
	its = 1
	hyp = 243 / 673
	cut = 699
14047 [0, 30000]: LP
	bnd = 30000.000000
	its = 1
	hyp = 243 / 673
	cut = 720
14419 [0, 30000]: LP
	bnd = 30000.000000
	its = 1
	hyp = 243 / 673
	cut = 741
14792 [0, 30000]: LP
	bnd = 30000.000000
	its = 1
	hyp = 243 / 673
	cut = 762
15165 [0, 30000]: LP
	bnd = 30000.000000
	its = 1
	hyp = 243 / 673
	cut = 783
15534 [0, 30000]: LP
	bnd = 30000.000000
	its = 1
	hyp = 243 / 673
	cut = 804
15581 [30000, 30000]: HEURISTIC 3
