hypergraph with 10802 vertices and 492373 hyperarcs generated in 2254
2769 [0, 30000]: LP
	bnd = 30000.000000
	its = 10
	hyp = 104 / 128
	cut = 0
3697 [0, 30000]: LP
	bnd = 30000.000000
	its = 4
	hyp = 115 / 246
	cut = 17
4109 [0, 30000]: LP
	bnd = 30000.000000
	its = 1
	hyp = 90 / 246
	cut = 35
4647 [0, 30000]: LP
	bnd = 30000.000000
	its = 2
	hyp = 83 / 272
	cut = 54
5042 [0, 30000]: LP
	bnd = 30000.000000
	its = 1
	hyp = 85 / 272
	cut = 72
5479 [0, 30000]: LP
	bnd = 30000.000000
	its = 1
	hyp = 81 / 272
	cut = 84
5873 [0, 30000]: LP
	bnd = 30000.000000
	its = 1
	hyp = 83 / 272
	cut = 96
6283 [0, 30000]: LP
	bnd = 30000.000000
	its = 1
	hyp = 85 / 272
	cut = 108
6692 [0, 30000]: LP
	bnd = 30000.000000
	its = 1
	hyp = 85 / 272
	cut = 119
7105 [0, 30000]: LP
	bnd = 30000.000000
	its = 1
	hyp = 85 / 272
	cut = 130
7516 [0, 30000]: LP
	bnd = 30000.000000
	its = 1
	hyp = 85 / 272
	cut = 141
7926 [0, 30000]: LP
	bnd = 30000.000000
	its = 1
	hyp = 85 / 272
	cut = 152
8337 [0, 30000]: LP
	bnd = 30000.000000
	its = 1
	hyp = 85 / 272
	cut = 163
8752 [0, 30000]: LP
	bnd = 30000.000000
	its = 1
	hyp = 85 / 272
	cut = 174
9161 [0, 30000]: LP
	bnd = 30000.000000
	its = 1
	hyp = 85 / 272
	cut = 185
9573 [0, 30000]: LP
	bnd = 30000.000000
	its = 1
	hyp = 85 / 272
	cut = 196
9983 [0, 30000]: LP
	bnd = 30000.000000
	its = 1
	hyp = 85 / 272
	cut = 206
10393 [0, 30000]: LP
	bnd = 30000.000000
	its = 1
	hyp = 85 / 272
	cut = 216
10814 [0, 30000]: LP
	bnd = 30000.000000
	its = 1
	hyp = 83 / 272
	cut = 228
11237 [0, 30000]: LP
	bnd = 30000.000000
	its = 1
	hyp = 83 / 272
	cut = 240
11658 [0, 30000]: LP
	bnd = 30000.000000
	its = 1
	hyp = 83 / 272
	cut = 252
12080 [0, 30000]: LP
	bnd = 30000.000000
	its = 1
	hyp = 83 / 272
	cut = 264
12502 [0, 30000]: LP
	bnd = 30000.000000
	its = 1
	hyp = 83 / 272
	cut = 276
12925 [0, 30000]: LP
	bnd = 30000.000000
	its = 1
	hyp = 83 / 272
	cut = 288
13347 [0, 30000]: LP
	bnd = 30000.000000
	its = 1
	hyp = 83 / 272
	cut = 300
13769 [0, 30000]: LP
	bnd = 30000.000000
	its = 1
	hyp = 83 / 272
	cut = 312
14193 [0, 30000]: LP
	bnd = 30000.000000
	its = 1
	hyp = 83 / 272
	cut = 324
14615 [0, 30000]: LP
	bnd = 30000.000000
	its = 1
	hyp = 83 / 272
	cut = 336
15038 [0, 30000]: LP
	bnd = 30000.000000
	its = 1
	hyp = 83 / 272
	cut = 348
15462 [0, 30000]: LP
	bnd = 30000.000000
	its = 1
	hyp = 83 / 272
	cut = 360
15886 [0, 30000]: LP
	bnd = 30000.000000
	its = 1
	hyp = 83 / 272
	cut = 372
16311 [0, 30000]: LP
	bnd = 30000.000000
	its = 1
	hyp = 83 / 272
	cut = 384
16735 [0, 30000]: LP
	bnd = 30000.000000
	its = 1
	hyp = 83 / 272
	cut = 396
17158 [0, 30000]: LP
	bnd = 30000.000000
	its = 1
	hyp = 83 / 272
	cut = 408
17582 [0, 30000]: LP
	bnd = 30000.000000
	its = 1
	hyp = 83 / 272
	cut = 420
18005 [0, 30000]: LP
	bnd = 30000.000000
	its = 1
	hyp = 83 / 272
	cut = 432
18428 [0, 30000]: LP
	bnd = 30000.000000
	its = 1
	hyp = 83 / 272
	cut = 444
18850 [0, 30000]: LP
	bnd = 30000.000000
	its = 1
	hyp = 83 / 272
	cut = 456
19273 [0, 30000]: LP
	bnd = 30000.000000
	its = 1
	hyp = 83 / 272
	cut = 468
19695 [0, 30000]: LP
	bnd = 30000.000000
	its = 1
	hyp = 83 / 272
	cut = 480
20118 [0, 30000]: LP
	bnd = 30000.000000
	its = 1
	hyp = 83 / 272
	cut = 492
20541 [0, 30000]: LP
	bnd = 30000.000000
	its = 1
	hyp = 83 / 272
	cut = 504
20970 [0, 30000]: LP
	bnd = 30000.000000
	its = 1
	hyp = 83 / 272
	cut = 516
21393 [0, 30000]: LP
	bnd = 30000.000000
	its = 1
	hyp = 83 / 272
	cut = 528
21815 [0, 30000]: LP
	bnd = 30000.000000
	its = 1
	hyp = 83 / 272
	cut = 540
22238 [0, 30000]: LP
	bnd = 30000.000000
	its = 1
	hyp = 83 / 272
	cut = 552
22660 [0, 30000]: LP
	bnd = 30000.000000
	its = 1
	hyp = 83 / 272
	cut = 564
23083 [0, 30000]: LP
	bnd = 30000.000000
	its = 1
	hyp = 83 / 272
	cut = 576
23506 [0, 30000]: LP
	bnd = 30000.000000
	its = 1
	hyp = 83 / 272
	cut = 588
23929 [0, 30000]: LP
	bnd = 30000.000000
	its = 1
	hyp = 83 / 272
	cut = 600
24352 [0, 30000]: LP
	bnd = 30000.000000
	its = 1
	hyp = 83 / 272
	cut = 612
24774 [0, 30000]: LP
	bnd = 30000.000000
	its = 1
	hyp = 83 / 272
	cut = 624
25196 [0, 30000]: LP
	bnd = 30000.000000
	its = 1
	hyp = 83 / 272
	cut = 636
25619 [0, 30000]: LP
	bnd = 30000.000000
	its = 1
	hyp = 83 / 272
	cut = 648
26043 [0, 30000]: LP
	bnd = 30000.000000
	its = 1
	hyp = 83 / 272
	cut = 660
26472 [0, 30000]: LP
	bnd = 30000.000000
	its = 1
	hyp = 83 / 272
	cut = 672
26894 [0, 30000]: LP
	bnd = 30000.000000
	its = 1
	hyp = 83 / 272
	cut = 684
27321 [0, 30000]: LP
	bnd = 30000.000000
	its = 1
	hyp = 83 / 272
	cut = 696
27744 [0, 30000]: LP
	bnd = 30000.000000
	its = 1
	hyp = 83 / 272
	cut = 708
28167 [0, 30000]: LP
	bnd = 30000.000000
	its = 1
	hyp = 83 / 272
	cut = 720
28593 [0, 30000]: LP
	bnd = 30000.000000
	its = 1
	hyp = 83 / 272
	cut = 732
29016 [0, 30000]: LP
	bnd = 30000.000000
	its = 1
	hyp = 83 / 272
	cut = 744
29415 [30000, 30000]: HEURISTIC 3
