hypergraph with 10302 vertices and 487214 hyperarcs generated in 1364
1643 [0, 30000]: LP
	bnd = 30000.000000
	its = 12
	hyp = 118 / 151
	cut = 0
2733 [0, 30000]: LP
	bnd = 30000.000000
	its = 11
	hyp = 145 / 407
	cut = 16
3417 [0, 30000]: LP
	bnd = 30000.000000
	its = 6
	hyp = 192 / 531
	cut = 39
3798 [0, 30000]: LP
	bnd = 30000.000000
	its = 2
	hyp = 150 / 544
	cut = 63
4064 [0, 30000]: LP
	bnd = 30000.000000
	its = 1
	hyp = 134 / 544
	cut = 87
4349 [0, 30000]: LP
	bnd = 30000.000000
	its = 1
	hyp = 146 / 544
	cut = 110
4657 [0, 30000]: LP
	bnd = 30000.000000
	its = 1
	hyp = 134 / 544
	cut = 132
5024 [0, 30000]: LP
	bnd = 30000.000000
	its = 2
	hyp = 127 / 570
	cut = 154
5544 [0, 30000]: LP
	bnd = 30000.000000
	its = 4
	hyp = 154 / 630
	cut = 174
6010 [0, 30000]: LP
	bnd = 30000.000000
	its = 3
	hyp = 171 / 664
	cut = 195
6306 [0, 30000]: LP
	bnd = 30000.000000
	its = 1
	hyp = 140 / 664
	cut = 216
6765 [0, 30000]: LP
	bnd = 30000.000000
	its = 3
	hyp = 143 / 732
	cut = 235
7047 [0, 30000]: LP
	bnd = 30000.000000
	its = 1
	hyp = 173 / 732
	cut = 255
7360 [0, 30000]: LP
	bnd = 30000.000000
	its = 1
	hyp = 192 / 732
	cut = 274
7637 [0, 30000]: LP
	bnd = 30000.000000
	its = 1
	hyp = 167 / 732
	cut = 294
7941 [0, 30000]: LP
	bnd = 30000.000000
	its = 1
	hyp = 215 / 732
	cut = 313
8250 [0, 30000]: LP
	bnd = 30000.000000
	its = 1
	hyp = 140 / 732
	cut = 332
8560 [0, 30000]: LP
	bnd = 30000.000000
	its = 1
	hyp = 140 / 732
	cut = 352
8974 [0, 30000]: LP
	bnd = 30000.000000
	its = 2
	hyp = 198 / 761
	cut = 372
9288 [0, 30000]: LP
	bnd = 30000.000000
	its = 1
	hyp = 152 / 761
	cut = 393
9579 [0, 30000]: LP
	bnd = 30000.000000
	its = 1
	hyp = 151 / 761
	cut = 413
9875 [0, 30000]: LP
	bnd = 30000.000000
	its = 1
	hyp = 152 / 761
	cut = 432
10201 [0, 30000]: LP
	bnd = 30000.000000
	its = 1
	hyp = 151 / 761
	cut = 451
10505 [0, 30000]: LP
	bnd = 30000.000000
	its = 1
	hyp = 145 / 761
	cut = 471
10835 [0, 30000]: LP
	bnd = 30000.000000
	its = 1
	hyp = 145 / 761
	cut = 491
11163 [0, 30000]: LP
	bnd = 30000.000000
	its = 1
	hyp = 145 / 761
	cut = 511
11488 [0, 30000]: LP
	bnd = 30000.000000
	its = 1
	hyp = 156 / 761
	cut = 531
11810 [0, 30000]: LP
	bnd = 30000.000000
	its = 1
	hyp = 156 / 761
	cut = 551
12095 [0, 30000]: LP
	bnd = 30000.000000
	its = 1
	hyp = 149 / 761
	cut = 571
12381 [0, 30000]: LP
	bnd = 30000.000000
	its = 1
	hyp = 149 / 761
	cut = 591
12707 [0, 30000]: LP
	bnd = 30000.000000
	its = 1
	hyp = 147 / 761
	cut = 611
13029 [0, 30000]: LP
	bnd = 30000.000000
	its = 1
	hyp = 147 / 761
	cut = 631
13361 [0, 30000]: LP
	bnd = 30000.000000
	its = 1
	hyp = 144 / 761
	cut = 651
13394 [30000, 30000]: HEURISTIC 3
