hypergraph with 9705 vertices and 344502 hyperarcs generated in 174
962 [0, 29951]: LP
	bnd = 29951.910156
	its = 28
	hyp = 117 / 247
	cut = 0
965 [0, 29951]: HEURISTIC 3
967 [0, 29951]: LABEL
	tot = 30
	max = 2
971 [0, 29921]: LABEL
	tot = 98
	max = 2
976 [0, 29892]: LABEL
	tot = 141
	max = 3
984 [0, 29862]: LABEL
	tot = 193
	max = 3
995 [0, 29832]: LABEL
	tot = 323
	max = 3
1009 [0, 29802]: LABEL
	tot = 380
	max = 3
1028 [0, 29772]: LABEL
	tot = 559
	max = 3
1052 [0, 29742]: LABEL
	tot = 733
	max = 4
1085 [0, 29713]: LABEL
	tot = 1081
	max = 6
1126 [0, 29683]: LABEL
	tot = 1340
	max = 7
1176 [0, 29653]: LABEL
	tot = 1757
	max = 8
1237 [0, 29624]: LABEL
	tot = 2219
	max = 8
1314 [29592, 29594]: LABEL
	tot = 2858
	max = 10
1393 [29592, 29592]: LABEL
	tot = 2905
	max = 10
