hypergraph with 10802 vertices and 492644 hyperarcs generated in 2263
3002 [0, 30000]: LP
	bnd = 30000.000000
	its = 12
	hyp = 107 / 113
	cut = 0
4300 [0, 30000]: LP
	bnd = 30000.000000
	its = 7
	hyp = 106 / 285
	cut = 13
4850 [0, 30000]: LP
	bnd = 30000.000000
	its = 2
	hyp = 102 / 314
	cut = 25
5557 [0, 30000]: LP
	bnd = 30000.000000
	its = 3
	hyp = 96 / 364
	cut = 42
5989 [0, 30000]: LP
	bnd = 30000.000000
	its = 1
	hyp = 137 / 364
	cut = 60
6600 [0, 30000]: LP
	bnd = 30000.000000
	its = 2
	hyp = 133 / 385
	cut = 77
7180 [0, 30000]: LP
	bnd = 30000.000000
	its = 2
	hyp = 119 / 415
	cut = 94
7894 [0, 30000]: LP
	bnd = 30000.000000
	its = 3
	hyp = 74 / 467
	cut = 111
8340 [0, 30000]: LP
	bnd = 30000.000000
	its = 1
	hyp = 105 / 467
	cut = 128
8907 [0, 30000]: LP
	bnd = 30000.000000
	its = 2
	hyp = 101 / 552
	cut = 147
9327 [0, 30000]: LP
	bnd = 30000.000000
	its = 1
	hyp = 160 / 552
	cut = 166
9751 [0, 30000]: LP
	bnd = 30000.000000
	its = 1
	hyp = 72 / 552
	cut = 184
10169 [0, 30000]: LP
	bnd = 30000.000000
	its = 1
	hyp = 76 / 552
	cut = 201
10592 [0, 30000]: LP
	bnd = 30000.000000
	its = 1
	hyp = 73 / 552
	cut = 218
11194 [0, 30000]: LP
	bnd = 30000.000000
	its = 2
	hyp = 211 / 592
	cut = 235
11962 [0, 30000]: LP
	bnd = 30000.000000
	its = 3
	hyp = 105 / 633
	cut = 252
12409 [0, 30000]: LP
	bnd = 30000.000000
	its = 1
	hyp = 174 / 633
	cut = 269
13029 [0, 30000]: LP
	bnd = 30000.000000
	its = 2
	hyp = 160 / 666
	cut = 289
13641 [0, 30000]: LP
	bnd = 30000.000000
	its = 2
	hyp = 91 / 703
	cut = 309
14073 [0, 30000]: LP
	bnd = 30000.000000
	its = 1
	hyp = 82 / 703
	cut = 330
14678 [0, 30000]: LP
	bnd = 30000.000000
	its = 2
	hyp = 95 / 715
	cut = 351
15638 [0, 30000]: LP
	bnd = 30000.000000
	its = 4
	hyp = 182 / 799
	cut = 373
16123 [0, 30000]: LP
	bnd = 30000.000000
	its = 1
	hyp = 81 / 799
	cut = 394
16571 [0, 30000]: LP
	bnd = 30000.000000
	its = 1
	hyp = 65 / 799
	cut = 415
17012 [0, 30000]: LP
	bnd = 30000.000000
	its = 1
	hyp = 65 / 799
	cut = 436
17453 [0, 30000]: LP
	bnd = 30000.000000
	its = 1
	hyp = 65 / 799
	cut = 456
17893 [0, 30000]: LP
	bnd = 30000.000000
	its = 1
	hyp = 65 / 799
	cut = 476
18332 [0, 30000]: LP
	bnd = 30000.000000
	its = 1
	hyp = 65 / 799
	cut = 496
18772 [0, 30000]: LP
	bnd = 30000.000000
	its = 1
	hyp = 65 / 799
	cut = 516
19211 [0, 30000]: LP
	bnd = 30000.000000
	its = 1
	hyp = 65 / 799
	cut = 536
19650 [0, 30000]: LP
	bnd = 30000.000000
	its = 1
	hyp = 65 / 799
	cut = 556
20091 [0, 30000]: LP
	bnd = 30000.000000
	its = 1
	hyp = 65 / 799
	cut = 576
20534 [0, 30000]: LP
	bnd = 30000.000000
	its = 1
	hyp = 65 / 799
	cut = 596
20975 [0, 30000]: LP
	bnd = 30000.000000
	its = 1
	hyp = 65 / 799
	cut = 616
21418 [0, 30000]: LP
	bnd = 30000.000000
	its = 1
	hyp = 65 / 799
	cut = 636
21860 [0, 30000]: LP
	bnd = 30000.000000
	its = 1
	hyp = 65 / 799
	cut = 656
22305 [0, 30000]: LP
	bnd = 30000.000000
	its = 1
	hyp = 65 / 799
	cut = 676
22748 [0, 30000]: LP
	bnd = 30000.000000
	its = 1
	hyp = 65 / 799
	cut = 696
23192 [0, 30000]: LP
	bnd = 30000.000000
	its = 1
	hyp = 65 / 799
	cut = 716
23635 [0, 30000]: LP
	bnd = 30000.000000
	its = 1
	hyp = 65 / 799
	cut = 736
24079 [0, 30000]: LP
	bnd = 30000.000000
	its = 1
	hyp = 65 / 799
	cut = 756
24521 [0, 30000]: LP
	bnd = 30000.000000
	its = 1
	hyp = 65 / 799
	cut = 776
24964 [0, 30000]: LP
	bnd = 30000.000000
	its = 1
	hyp = 65 / 799
	cut = 796
25405 [0, 30000]: LP
	bnd = 30000.000000
	its = 1
	hyp = 65 / 799
	cut = 816
25848 [0, 30000]: LP
	bnd = 30000.000000
	its = 1
	hyp = 65 / 799
	cut = 836
26291 [0, 30000]: LP
	bnd = 30000.000000
	its = 1
	hyp = 65 / 799
	cut = 856
26734 [0, 30000]: LP
	bnd = 30000.000000
	its = 1
	hyp = 65 / 799
	cut = 876
27183 [0, 30000]: LP
	bnd = 30000.000000
	its = 1
	hyp = 65 / 799
	cut = 896
27635 [0, 30000]: LP
	bnd = 30000.000000
	its = 1
	hyp = 65 / 799
	cut = 916
28086 [0, 30000]: LP
	bnd = 30000.000000
	its = 1
	hyp = 65 / 799
	cut = 936
28538 [0, 30000]: LP
	bnd = 30000.000000
	its = 1
	hyp = 65 / 799
	cut = 956
28662 [30000, 30000]: HEURISTIC 3
