hypergraph with 10302 vertices and 487817 hyperarcs generated in 1441
1515 [0, 30000]: LP
	bnd = 30000.000000
	its = 10
	hyp = 94 / 157
	cut = 0
1923 [0, 30000]: LP
	bnd = 30000.000000
	its = 3
	hyp = 86 / 196
	cut = 8
2145 [0, 30000]: LP
	bnd = 30000.000000
	its = 1
	hyp = 86 / 196
	cut = 18
2364 [0, 30000]: LP
	bnd = 30000.000000
	its = 1
	hyp = 94 / 196
	cut = 29
2617 [0, 30000]: LP
	bnd = 30000.000000
	its = 1
	hyp = 99 / 196
	cut = 37
2872 [0, 30000]: LP
	bnd = 30000.000000
	its = 1
	hyp = 99 / 196
	cut = 45
3125 [0, 30000]: LP
	bnd = 30000.000000
	its = 1
	hyp = 99 / 196
	cut = 53
3378 [0, 30000]: LP
	bnd = 30000.000000
	its = 1
	hyp = 99 / 196
	cut = 61
3630 [0, 30000]: LP
	bnd = 30000.000000
	its = 1
	hyp = 99 / 196
	cut = 69
3882 [0, 30000]: LP
	bnd = 30000.000000
	its = 1
	hyp = 99 / 196
	cut = 77
4123 [0, 30000]: LP
	bnd = 30000.000000
	its = 1
	hyp = 98 / 196
	cut = 86
4364 [0, 30000]: LP
	bnd = 30000.000000
	its = 1
	hyp = 98 / 196
	cut = 95
4602 [0, 30000]: LP
	bnd = 30000.000000
	its = 1
	hyp = 98 / 196
	cut = 104
4841 [0, 30000]: LP
	bnd = 30000.000000
	its = 1
	hyp = 98 / 196
	cut = 113
5080 [0, 30000]: LP
	bnd = 30000.000000
	its = 1
	hyp = 98 / 196
	cut = 122
5319 [0, 30000]: LP
	bnd = 30000.000000
	its = 1
	hyp = 98 / 196
	cut = 131
5558 [0, 30000]: LP
	bnd = 30000.000000
	its = 1
	hyp = 98 / 196
	cut = 140
5797 [0, 30000]: LP
	bnd = 30000.000000
	its = 1
	hyp = 98 / 196
	cut = 149
6038 [0, 30000]: LP
	bnd = 30000.000000
	its = 1
	hyp = 98 / 196
	cut = 158
6279 [0, 30000]: LP
	bnd = 30000.000000
	its = 1
	hyp = 98 / 196
	cut = 167
6517 [0, 30000]: LP
	bnd = 30000.000000
	its = 1
	hyp = 98 / 196
	cut = 176
6756 [0, 30000]: LP
	bnd = 30000.000000
	its = 1
	hyp = 98 / 196
	cut = 185
6995 [0, 30000]: LP
	bnd = 30000.000000
	its = 1
	hyp = 98 / 196
	cut = 194
7235 [0, 30000]: LP
	bnd = 30000.000000
	its = 1
	hyp = 98 / 196
	cut = 203
7474 [0, 30000]: LP
	bnd = 30000.000000
	its = 1
	hyp = 98 / 196
	cut = 212
7713 [0, 30000]: LP
	bnd = 30000.000000
	its = 1
	hyp = 98 / 196
	cut = 221
7952 [0, 30000]: LP
	bnd = 30000.000000
	its = 1
	hyp = 98 / 196
	cut = 230
8191 [0, 30000]: LP
	bnd = 30000.000000
	its = 1
	hyp = 98 / 196
	cut = 239
8430 [0, 30000]: LP
	bnd = 30000.000000
	its = 1
	hyp = 98 / 196
	cut = 248
8672 [0, 30000]: LP
	bnd = 30000.000000
	its = 1
	hyp = 98 / 196
	cut = 257
8918 [0, 30000]: LP
	bnd = 30000.000000
	its = 1
	hyp = 98 / 196
	cut = 266
9157 [0, 30000]: LP
	bnd = 30000.000000
	its = 1
	hyp = 98 / 196
	cut = 275
9397 [0, 30000]: LP
	bnd = 30000.000000
	its = 1
	hyp = 98 / 196
	cut = 284
9636 [0, 30000]: LP
	bnd = 30000.000000
	its = 1
	hyp = 98 / 196
	cut = 293
9876 [0, 30000]: LP
	bnd = 30000.000000
	its = 1
	hyp = 98 / 196
	cut = 302
10116 [0, 30000]: LP
	bnd = 30000.000000
	its = 1
	hyp = 98 / 196
	cut = 311
10356 [0, 30000]: LP
	bnd = 30000.000000
	its = 1
	hyp = 98 / 196
	cut = 320
10595 [0, 30000]: LP
	bnd = 30000.000000
	its = 1
	hyp = 98 / 196
	cut = 329
10835 [0, 30000]: LP
	bnd = 30000.000000
	its = 1
	hyp = 98 / 196
	cut = 338
11076 [0, 30000]: LP
	bnd = 30000.000000
	its = 1
	hyp = 98 / 196
	cut = 347
11316 [0, 30000]: LP
	bnd = 30000.000000
	its = 1
	hyp = 98 / 196
	cut = 356
11556 [0, 30000]: LP
	bnd = 30000.000000
	its = 1
	hyp = 98 / 196
	cut = 365
11795 [0, 30000]: LP
	bnd = 30000.000000
	its = 1
	hyp = 98 / 196
	cut = 374
12034 [0, 30000]: LP
	bnd = 30000.000000
	its = 1
	hyp = 98 / 196
	cut = 383
12274 [0, 30000]: LP
	bnd = 30000.000000
	its = 1
	hyp = 98 / 196
	cut = 392
12514 [0, 30000]: LP
	bnd = 30000.000000
	its = 1
	hyp = 98 / 196
	cut = 401
12755 [0, 30000]: LP
	bnd = 30000.000000
	its = 1
	hyp = 98 / 196
	cut = 410
12994 [0, 30000]: LP
	bnd = 30000.000000
	its = 1
	hyp = 98 / 196
	cut = 419
13236 [0, 30000]: LP
	bnd = 30000.000000
	its = 1
	hyp = 98 / 196
	cut = 428
13476 [0, 30000]: LP
	bnd = 30000.000000
	its = 1
	hyp = 98 / 196
	cut = 437
13717 [0, 30000]: LP
	bnd = 30000.000000
	its = 1
	hyp = 98 / 196
	cut = 446
13956 [0, 30000]: LP
	bnd = 30000.000000
	its = 1
	hyp = 98 / 196
	cut = 455
14195 [30000, 30000]: LP
	bnd = 30000.000000
	its = 1
	hyp = 98 / 196
	cut = 464
14209 [30000, 30000]: HEURISTIC 3
