hypergraph with 8049 vertices and 225334 hyperarcs generated in 99
239 [0, 29258]: LP
	bnd = 29258.531250
	its = 8
	hyp = 68 / 98
	cut = 0
242 [0, 29258]: HEURISTIC 3
244 [0, 29258]: LABEL
	tot = 187
	max = 2
246 [0, 29229]: LABEL
	tot = 187
	max = 2
248 [0, 29200]: LABEL
	tot = 206
	max = 2
249 [0, 29170]: LABEL
	tot = 214
	max = 2
251 [0, 29141]: LABEL
	tot = 217
	max = 2
254 [0, 29112]: LABEL
	tot = 250
	max = 2
256 [0, 29083]: LABEL
	tot = 350
	max = 2
259 [0, 29054]: LABEL
	tot = 410
	max = 2
262 [0, 29025]: LABEL
	tot = 410
	max = 2
266 [0, 28996]: LABEL
	tot = 512
	max = 3
270 [0, 28967]: LABEL
	tot = 598
	max = 3
275 [0, 28938]: LABEL
	tot = 600
	max = 3
280 [0, 28909]: LABEL
	tot = 610
	max = 3
285 [0, 28880]: LABEL
	tot = 652
	max = 3
291 [0, 28851]: LABEL
	tot = 785
	max = 4
297 [0, 28822]: LABEL
	tot = 822
	max = 4
304 [0, 28793]: LABEL
	tot = 843
	max = 6
312 [0, 28765]: LABEL
	tot = 1001
	max = 6
321 [0, 28736]: LABEL
	tot = 1089
	max = 6
330 [28676, 28707]: LABEL
	tot = 1186
	max = 6
339 [28676, 28678]: LABEL
	tot = 1201
	max = 7
350 [28676, 28676]: LABEL
	tot = 1209
	max = 7
