hypergraph with 10302 vertices and 479282 hyperarcs generated in 1455
1493 [0, 30000]: LP
	bnd = 30000.000000
	its = 10
	hyp = 77 / 155
	cut = 0
2161 [0, 30000]: LP
	bnd = 30000.000000
	its = 6
	hyp = 98 / 333
	cut = 10
2576 [0, 30000]: LP
	bnd = 30000.000000
	its = 3
	hyp = 110 / 398
	cut = 20
3092 [0, 30000]: LP
	bnd = 30000.000000
	its = 4
	hyp = 90 / 467
	cut = 32
3357 [0, 30000]: LP
	bnd = 30000.000000
	its = 1
	hyp = 89 / 467
	cut = 44
3603 [0, 30000]: LP
	bnd = 30000.000000
	its = 1
	hyp = 48 / 467
	cut = 56
4023 [0, 30000]: LP
	bnd = 30000.000000
	its = 3
	hyp = 80 / 517
	cut = 68
4453 [0, 30000]: LP
	bnd = 30000.000000
	its = 3
	hyp = 119 / 549
	cut = 81
4803 [0, 30000]: LP
	bnd = 30000.000000
	its = 2
	hyp = 67 / 565
	cut = 92
5181 [0, 30000]: LP
	bnd = 30000.000000
	its = 2
	hyp = 76 / 592
	cut = 103
5875 [0, 30000]: LP
	bnd = 30000.000000
	its = 6
	hyp = 133 / 727
	cut = 114
6146 [0, 30000]: LP
	bnd = 30000.000000
	its = 1
	hyp = 145 / 727
	cut = 125
6578 [0, 30000]: LP
	bnd = 30000.000000
	its = 3
	hyp = 126 / 799
	cut = 137
6709 [30000, 30000]: HEURISTIC 3
