hypergraph with 9555 vertices and 294217 hyperarcs generated in 187
325 [0, 29801]: LP
	bnd = 29801.240234
	its = 10
	hyp = 101 / 130
	cut = 0
328 [0, 29801]: HEURISTIC 3
329 [0, 29801]: LABEL
	tot = 64
	max = 1
333 [0, 29771]: LABEL
	tot = 205
	max = 1
337 [0, 29741]: LABEL
	tot = 208
	max = 1
340 [0, 29711]: LABEL
	tot = 208
	max = 1
344 [0, 29682]: LABEL
	tot = 239
	max = 1
349 [0, 29652]: LABEL
	tot = 341
	max = 2
356 [0, 29622]: LABEL
	tot = 362
	max = 2
364 [0, 29593]: LABEL
	tot = 490
	max = 3
374 [0, 29563]: LABEL
	tot = 562
	max = 3
386 [29370, 29534]: LABEL
	tot = 742
	max = 3
402 [29370, 29504]: LABEL
	tot = 850
	max = 3
420 [29370, 29475]: LABEL
	tot = 1023
	max = 4
444 [29370, 29445]: LABEL
	tot = 1269
	max = 4
470 [29370, 29416]: LABEL
	tot = 1424
	max = 5
502 [29370, 29386]: LABEL
	tot = 1761
	max = 6
537 [29370, 29370]: LABEL
	tot = 1929
	max = 6
