hypergraph with 9743 vertices and 362548 hyperarcs generated in 173
453 [0, 29891]: LP
	bnd = 29891.515625
	its = 16
	hyp = 113 / 224
	cut = 0
454 [0, 29891]: HEURISTIC 3
455 [0, 29891]: LABEL
	tot = 4
	max = 1
458 [0, 29861]: LABEL
	tot = 154
	max = 1
463 [0, 29831]: LABEL
	tot = 256
	max = 2
469 [29712, 29801]: LABEL
	tot = 329
	max = 2
478 [29712, 29772]: LABEL
	tot = 509
	max = 3
490 [29712, 29742]: LABEL
	tot = 708
	max = 3
509 [29712, 29712]: LABEL
	tot = 1050
	max = 4
528 [29712, 29712]: LABEL
	tot = 1051
	max = 4
