hypergraph with 10302 vertices and 475904 hyperarcs generated in 1699
1551 [0, 30000]: LP
	bnd = 30000.000000
	its = 11
	hyp = 104 / 160
	cut = 0
2317 [0, 30000]: LP
	bnd = 30000.000000
	its = 7
	hyp = 116 / 335
	cut = 9
3020 [0, 30000]: LP
	bnd = 30000.000000
	its = 6
	hyp = 146 / 468
	cut = 24
3380 [0, 30000]: LP
	bnd = 30000.000000
	its = 2
	hyp = 137 / 496
	cut = 40
3608 [0, 30000]: LP
	bnd = 30000.000000
	its = 1
	hyp = 89 / 496
	cut = 54
3867 [0, 30000]: LP
	bnd = 30000.000000
	its = 1
	hyp = 78 / 496
	cut = 69
4124 [0, 30000]: LP
	bnd = 30000.000000
	its = 1
	hyp = 78 / 496
	cut = 82
4379 [0, 30000]: LP
	bnd = 30000.000000
	its = 1
	hyp = 78 / 496
	cut = 95
4623 [0, 30000]: LP
	bnd = 30000.000000
	its = 1
	hyp = 78 / 496
	cut = 109
4887 [0, 30000]: LP
	bnd = 30000.000000
	its = 1
	hyp = 80 / 496
	cut = 124
5147 [0, 30000]: LP
	bnd = 30000.000000
	its = 1
	hyp = 80 / 496
	cut = 139
5406 [0, 30000]: LP
	bnd = 30000.000000
	its = 1
	hyp = 80 / 496
	cut = 154
5665 [0, 30000]: LP
	bnd = 30000.000000
	its = 1
	hyp = 80 / 496
	cut = 169
5921 [0, 30000]: LP
	bnd = 30000.000000
	its = 1
	hyp = 80 / 496
	cut = 184
6180 [0, 30000]: LP
	bnd = 30000.000000
	its = 1
	hyp = 80 / 496
	cut = 199
6437 [0, 30000]: LP
	bnd = 30000.000000
	its = 1
	hyp = 80 / 496
	cut = 214
6694 [0, 30000]: LP
	bnd = 30000.000000
	its = 1
	hyp = 80 / 496
	cut = 229
6950 [0, 30000]: LP
	bnd = 30000.000000
	its = 1
	hyp = 80 / 496
	cut = 244
7207 [0, 30000]: LP
	bnd = 30000.000000
	its = 1
	hyp = 80 / 496
	cut = 259
7463 [0, 30000]: LP
	bnd = 30000.000000
	its = 1
	hyp = 80 / 496
	cut = 274
7719 [0, 30000]: LP
	bnd = 30000.000000
	its = 1
	hyp = 80 / 496
	cut = 289
7977 [0, 30000]: LP
	bnd = 30000.000000
	its = 1
	hyp = 80 / 496
	cut = 304
8233 [0, 30000]: LP
	bnd = 30000.000000
	its = 1
	hyp = 80 / 496
	cut = 319
8490 [0, 30000]: LP
	bnd = 30000.000000
	its = 1
	hyp = 80 / 496
	cut = 334
8747 [0, 30000]: LP
	bnd = 30000.000000
	its = 1
	hyp = 80 / 496
	cut = 349
9003 [0, 30000]: LP
	bnd = 30000.000000
	its = 1
	hyp = 80 / 496
	cut = 364
9261 [0, 30000]: LP
	bnd = 30000.000000
	its = 1
	hyp = 80 / 496
	cut = 379
9519 [0, 30000]: LP
	bnd = 30000.000000
	its = 1
	hyp = 80 / 496
	cut = 394
9776 [0, 30000]: LP
	bnd = 30000.000000
	its = 1
	hyp = 80 / 496
	cut = 409
10033 [0, 30000]: LP
	bnd = 30000.000000
	its = 1
	hyp = 80 / 496
	cut = 424
10294 [0, 30000]: LP
	bnd = 30000.000000
	its = 1
	hyp = 80 / 496
	cut = 439
10551 [0, 30000]: LP
	bnd = 30000.000000
	its = 1
	hyp = 80 / 496
	cut = 454
10807 [0, 30000]: LP
	bnd = 30000.000000
	its = 1
	hyp = 80 / 496
	cut = 469
11065 [0, 30000]: LP
	bnd = 30000.000000
	its = 1
	hyp = 80 / 496
	cut = 484
11322 [0, 30000]: LP
	bnd = 30000.000000
	its = 1
	hyp = 80 / 496
	cut = 499
11580 [0, 30000]: LP
	bnd = 30000.000000
	its = 1
	hyp = 80 / 496
	cut = 514
11844 [0, 30000]: LP
	bnd = 30000.000000
	its = 1
	hyp = 80 / 496
	cut = 529
12107 [0, 30000]: LP
	bnd = 30000.000000
	its = 1
	hyp = 80 / 496
	cut = 544
12364 [0, 30000]: LP
	bnd = 30000.000000
	its = 1
	hyp = 80 / 496
	cut = 559
12620 [0, 30000]: LP
	bnd = 30000.000000
	its = 1
	hyp = 80 / 496
	cut = 574
12876 [0, 30000]: LP
	bnd = 30000.000000
	its = 1
	hyp = 80 / 496
	cut = 589
13133 [0, 30000]: LP
	bnd = 30000.000000
	its = 1
	hyp = 80 / 496
	cut = 604
13389 [0, 30000]: LP
	bnd = 30000.000000
	its = 1
	hyp = 80 / 496
	cut = 619
13647 [0, 30000]: LP
	bnd = 30000.000000
	its = 1
	hyp = 80 / 496
	cut = 634
13905 [0, 30000]: LP
	bnd = 30000.000000
	its = 1
	hyp = 80 / 496
	cut = 649
14169 [0, 30000]: LP
	bnd = 30000.000000
	its = 1
	hyp = 80 / 496
	cut = 664
14428 [0, 30000]: LP
	bnd = 30000.000000
	its = 1
	hyp = 80 / 496
	cut = 679
14687 [0, 30000]: LP
	bnd = 30000.000000
	its = 1
	hyp = 80 / 496
	cut = 694
14706 [30000, 30000]: HEURISTIC 3
