hypergraph with 9704 vertices and 384667 hyperarcs generated in 188
1288 [0, 29861]: LP
	bnd = 29861.339844
	its = 39
	hyp = 205 / 528
	cut = 0
1291 [0, 29861]: HEURISTIC 3
1293 [0, 29861]: LABEL
	tot = 59
	max = 1
1298 [0, 29831]: LABEL
	tot = 154
	max = 1
1305 [0, 29801]: LABEL
	tot = 196
	max = 1
1316 [0, 29771]: LABEL
	tot = 395
	max = 2
1331 [0, 29742]: LABEL
	tot = 584
	max = 4
1352 [0, 29712]: LABEL
	tot = 767
	max = 4
1382 [0, 29682]: LABEL
	tot = 1114
	max = 4
1420 [0, 29652]: LABEL
	tot = 1471
	max = 7
1470 [29520, 29623]: LABEL
	tot = 1922
	max = 8
1533 [29520, 29593]: LABEL
	tot = 2462
	max = 9
1609 [29520, 29564]: LABEL
	tot = 3045
	max = 10
1704 [29520, 29534]: LABEL
	tot = 3857
	max = 12
1810 [29520, 29520]: LABEL
	tot = 4331
	max = 14
