hypergraph with 9363 vertices and 425408 hyperarcs generated in 236
501 [0, 29666]: LP
	bnd = 29666.890625
	its = 16
	hyp = 87 / 264
	cut = 0
504 [0, 29666]: HEURISTIC 3
506 [0, 29666]: LABEL
	tot = 79
	max = 1
512 [0, 29637]: LABEL
	tot = 366
	max = 3
526 [0, 29607]: LABEL
	tot = 956
	max = 6
576 [0, 29577]: LABEL
	tot = 2076
	max = 15
641 [0, 29548]: LABEL
	tot = 3947
	max = 34
750 [29122, 29518]: LABEL
	tot = 6822
	max = 62
860 [29122, 29518]: LP
	bnd = 29666.890625
	its = 9
	hyp = 96 / 400
	cut = 8
915 [29151, 29489]: LABEL
	tot = 10958
	max = 126
1122 [29151, 29459]: LABEL
	tot = 13174
	max = 154
1322 [29151, 29459]: LP
	bnd = 29665.777344
	its = 13
	hyp = 91 / 537
	cut = 16
1418 [29347, 29430]: LABEL
	tot = 19255
	max = 241
1693 [29347, 29430]: LP
	bnd = 29646.916016
	its = 10
	hyp = 116 / 612
	cut = 25
	restart
1916 [29347, 29430]: LP
	bnd = 29646.669922
	its = 5
	hyp = 161 / 633
	cut = 34
2032 [29347, 29400]: LABEL
	tot = 23330
	max = 269
2203 [29347, 29400]: LP
	bnd = 29643.085938
	its = 7
	hyp = 169 / 659
	cut = 43
2520 [29347, 29371]: LABEL
	tot = 33551
	max = 374
2616 [29347, 29371]: LP
	bnd = 29641.308594
	its = 11
	hyp = 154 / 723
	cut = 52
3067 [29347, 29371]: LP
	bnd = 29636.525391
	its = 12
	hyp = 191 / 792
	cut = 61
3176 [29347, 29347]: LABEL
	tot = 44520
	max = 485
