hypergraph with 8965 vertices and 325995 hyperarcs generated in 224
485 [0, 29819]: LP
	bnd = 29819.810547
	its = 19
	hyp = 109 / 230
	cut = 0
487 [0, 29819]: HEURISTIC 3
488 [0, 29819]: LABEL
	tot = 21
	max = 1
491 [0, 29789]: LABEL
	tot = 194
	max = 1
496 [0, 29760]: LABEL
	tot = 355
	max = 3
502 [29541, 29730]: LABEL
	tot = 491
	max = 4
511 [29541, 29700]: LABEL
	tot = 705
	max = 6
526 [29541, 29671]: LABEL
	tot = 1071
	max = 9
545 [29541, 29641]: LABEL
	tot = 1432
	max = 11
571 [29541, 29611]: LABEL
	tot = 1923
	max = 13
607 [29541, 29582]: LABEL
	tot = 2592
	max = 15
654 [29541, 29552]: LABEL
	tot = 3446
	max = 20
706 [29541, 29541]: LABEL
	tot = 3643
	max = 20
