hypergraph with 9075 vertices and 289305 hyperarcs generated in 120
718 [0, 29684]: LP
	bnd = 29684.517578
	its = 29
	hyp = 199 / 363
	cut = 0
721 [0, 29684]: HEURISTIC 3
722 [0, 29684]: LABEL
	tot = 39
	max = 1
725 [0, 29654]: LABEL
	tot = 146
	max = 1
728 [0, 29625]: LABEL
	tot = 170
	max = 1
732 [0, 29595]: LABEL
	tot = 192
	max = 1
736 [0, 29565]: LABEL
	tot = 253
	max = 2
742 [0, 29536]: LABEL
	tot = 350
	max = 2
749 [0, 29506]: LABEL
	tot = 430
	max = 2
757 [0, 29477]: LABEL
	tot = 530
	max = 2
767 [0, 29447]: LABEL
	tot = 630
	max = 3
779 [0, 29418]: LABEL
	tot = 831
	max = 3
794 [0, 29389]: LABEL
	tot = 1017
	max = 4
812 [0, 29359]: LABEL
	tot = 1145
	max = 4
832 [0, 29330]: LABEL
	tot = 1352
	max = 4
856 [0, 29300]: LABEL
	tot = 1583
	max = 4
885 [0, 29271]: LABEL
	tot = 1881
	max = 5
918 [0, 29242]: LABEL
	tot = 2142
	max = 6
980 [0, 29213]: LABEL
	tot = 2435
	max = 6
1038 [0, 29183]: LABEL
	tot = 2884
	max = 6
1105 [0, 29154]: LABEL
	tot = 3426
	max = 7
1184 [0, 29125]: LABEL
	tot = 3856
	max = 8
1273 [0, 29096]: LABEL
	tot = 4511
	max = 10
1373 [0, 29067]: LABEL
	tot = 5271
	max = 11
1461 [28747, 29038]: LABEL
	tot = 6046
	max = 13
1559 [28747, 29009]: LABEL
	tot = 6847
	max = 18
1670 [28824, 28980]: LABEL
	tot = 7798
	max = 21
1795 [28824, 28951]: LABEL
	tot = 9013
	max = 29
1799 [28824, 28951]: LP
	bnd = 29587.449219
	its = 36
	hyp = 177 / 898
	cut = 15
	restart
1911 [28824, 28922]: LABEL
	tot = 6955
	max = 16
2034 [28824, 28893]: LABEL
	tot = 7962
	max = 19
2180 [28824, 28864]: LABEL
	tot = 9056
	max = 24
2359 [28824, 28835]: LABEL
	tot = 10384
	max = 30
2550 [28824, 28824]: LABEL
	tot = 10940
	max = 33
