hypergraph with 9253 vertices and 349870 hyperarcs generated in 170
215 [0, 29856]: LP
	bnd = 29856.000000
	its = 5
	hyp = 25 / 64
	cut = 0
217 [0, 29856]: HEURISTIC 3
219 [0, 29856]: LABEL
	tot = 45
	max = 1
220 [0, 29826]: LABEL
	tot = 45
	max = 1
221 [0, 29796]: LABEL
	tot = 88
	max = 2
224 [0, 29766]: LABEL
	tot = 170
	max = 3
226 [0, 29736]: LABEL
	tot = 170
	max = 3
228 [0, 29707]: LABEL
	tot = 234
	max = 4
232 [0, 29677]: LABEL
	tot = 254
	max = 4
236 [0, 29647]: LABEL
	tot = 328
	max = 4
241 [0, 29617]: LABEL
	tot = 429
	max = 4
247 [0, 29588]: LABEL
	tot = 485
	max = 4
256 [0, 29558]: LABEL
	tot = 698
	max = 5
267 [0, 29529]: LABEL
	tot = 913
	max = 6
280 [29506, 29506]: LABEL
	tot = 1106
	max = 6
