hypergraph with 9509 vertices and 413660 hyperarcs generated in 187
1019 [0, 29947]: LP
	bnd = 29947.794922
	its = 29
	hyp = 166 / 255
	cut = 0
1024 [0, 29947]: HEURISTIC 3
1026 [0, 29947]: LABEL
	tot = 47
	max = 1
1030 [0, 29917]: LABEL
	tot = 134
	max = 2
1035 [0, 29887]: LABEL
	tot = 213
	max = 2
1044 [0, 29858]: LABEL
	tot = 335
	max = 4
1056 [0, 29828]: LABEL
	tot = 482
	max = 4
1074 [0, 29798]: LABEL
	tot = 703
	max = 6
1097 [0, 29768]: LABEL
	tot = 910
	max = 6
1128 [29644, 29738]: LABEL
	tot = 1198
	max = 6
1170 [29644, 29709]: LABEL
	tot = 1697
	max = 9
1226 [29644, 29679]: LABEL
	tot = 2208
	max = 10
1298 [29644, 29649]: LABEL
	tot = 3002
	max = 12
1375 [29644, 29644]: LABEL
	tot = 3191
	max = 12
