hypergraph with 9753 vertices and 331786 hyperarcs generated in 189
367 [0, 29315]: LP
	bnd = 29315.519531
	its = 11
	hyp = 109 / 263
	cut = 0
370 [0, 29315]: HEURISTIC 3
371 [0, 29315]: LABEL
	tot = 46
	max = 1
374 [0, 29286]: LABEL
	tot = 156
	max = 1
376 [0, 29256]: LABEL
	tot = 156
	max = 1
379 [0, 29227]: LABEL
	tot = 215
	max = 2
385 [0, 29198]: LABEL
	tot = 418
	max = 3
393 [0, 29169]: LABEL
	tot = 671
	max = 3
403 [0, 29140]: LABEL
	tot = 792
	max = 4
415 [0, 29110]: LABEL
	tot = 887
	max = 4
429 [28952, 29081]: LABEL
	tot = 1080
	max = 5
447 [28952, 29052]: LABEL
	tot = 1391
	max = 5
469 [28952, 29023]: LABEL
	tot = 1679
	max = 5
496 [28952, 28994]: LABEL
	tot = 2074
	max = 7
525 [28952, 28965]: LABEL
	tot = 2273
	max = 8
560 [28952, 28952]: LABEL
	tot = 2506
	max = 11
