hypergraph with 10802 vertices and 490012 hyperarcs generated in 1225
4634 [0, 30000]: LP
	bnd = 30000.000000
	its = 24
	hyp = 171 / 280
	cut = 0
7732 [0, 30000]: LP
	bnd = 30000.000000
	its = 19
	hyp = 290 / 807
	cut = 39
10542 [0, 30000]: LP
	bnd = 30000.000000
	its = 16
	hyp = 434 / 1278
	cut = 93
12081 [0, 30000]: LP
	bnd = 30000.000000
	its = 7
	hyp = 421 / 1461
	cut = 154
13507 [0, 30000]: LP
	bnd = 30000.000000
	its = 5
	hyp = 323 / 1586
	cut = 220
14754 [0, 30000]: LP
	bnd = 30000.000000
	its = 4
	hyp = 325 / 1684
	cut = 286
16140 [0, 30000]: LP
	bnd = 30000.000000
	its = 4
	hyp = 423 / 1779
	cut = 351
16947 [0, 30000]: LP
	bnd = 30000.000000
	its = 1
	hyp = 386 / 1779
	cut = 418
18194 [0, 30000]: LP
	bnd = 30000.000000
	its = 3
	hyp = 372 / 1867
	cut = 484
19689 [0, 30000]: LP
	bnd = 30000.000000
	its = 4
	hyp = 371 / 1946
	cut = 552
20604 [0, 30000]: LP
	bnd = 30000.000000
	its = 1
	hyp = 376 / 1946
	cut = 620
22140 [0, 30000]: LP
	bnd = 30000.000000
	its = 4
	hyp = 390 / 2079
	cut = 688
23552 [0, 30000]: LP
	bnd = 30000.000000
	its = 2
	hyp = 566 / 2113
	cut = 757
24909 [0, 30000]: LP
	bnd = 30000.000000
	its = 2
	hyp = 354 / 2151
	cut = 826
25764 [30000, 30000]: HEURISTIC 3
