hypergraph with 10802 vertices and 489411 hyperarcs generated in 1050
4568 [0, 30000]: LP
	bnd = 30000.000000
	its = 24
	hyp = 236 / 277
	cut = 0
8866 [0, 30000]: LP
	bnd = 30000.000000
	its = 27
	hyp = 348 / 1060
	cut = 48
11848 [0, 30000]: LP
	bnd = 30000.000000
	its = 17
	hyp = 368 / 1408
	cut = 102
13539 [0, 30000]: LP
	bnd = 30000.000000
	its = 7
	hyp = 413 / 1579
	cut = 160
15687 [0, 30000]: LP
	bnd = 30000.000000
	its = 10
	hyp = 439 / 1800
	cut = 219
17141 [0, 30000]: LP
	bnd = 30000.000000
	its = 5
	hyp = 436 / 1869
	cut = 282
18785 [0, 30000]: LP
	bnd = 30000.000000
	its = 5
	hyp = 497 / 2013
	cut = 346
20062 [30000, 30000]: HEURISTIC 3
