hypergraph with 8587 vertices and 258505 hyperarcs generated in 111
268 [0, 29515]: LP
	bnd = 29515.556641
	its = 8
	hyp = 94 / 105
	cut = 0
270 [0, 29515]: HEURISTIC 3
272 [0, 29515]: LABEL
	tot = 63
	max = 1
274 [0, 29486]: LABEL
	tot = 88
	max = 1
276 [0, 29456]: LABEL
	tot = 212
	max = 3
279 [0, 29427]: LABEL
	tot = 240
	max = 4
282 [0, 29397]: LABEL
	tot = 310
	max = 4
286 [0, 29368]: LABEL
	tot = 371
	max = 4
290 [0, 29338]: LABEL
	tot = 402
	max = 4
294 [0, 29309]: LABEL
	tot = 482
	max = 4
299 [0, 29280]: LABEL
	tot = 494
	max = 4
304 [0, 29250]: LABEL
	tot = 528
	max = 4
310 [0, 29221]: LABEL
	tot = 532
	max = 4
316 [0, 29192]: LABEL
	tot = 572
	max = 4
322 [0, 29163]: LABEL
	tot = 608
	max = 4
328 [0, 29134]: LABEL
	tot = 608
	max = 4
334 [0, 29105]: LABEL
	tot = 651
	max = 4
341 [0, 29075]: LABEL
	tot = 654
	max = 4
348 [0, 29046]: LABEL
	tot = 680
	max = 4
355 [0, 29017]: LABEL
	tot = 682
	max = 4
362 [0, 28988]: LABEL
	tot = 695
	max = 4
370 [0, 28959]: LABEL
	tot = 705
	max = 4
378 [0, 28930]: LABEL
	tot = 799
	max = 4
387 [0, 28901]: LABEL
	tot = 836
	max = 4
396 [0, 28872]: LABEL
	tot = 839
	max = 4
405 [0, 28844]: LABEL
	tot = 867
	max = 4
415 [0, 28815]: LABEL
	tot = 894
	max = 4
425 [0, 28786]: LABEL
	tot = 951
	max = 4
437 [0, 28757]: LABEL
	tot = 1027
	max = 4
450 [0, 28728]: LABEL
	tot = 1138
	max = 4
465 [0, 28700]: LABEL
	tot = 1300
	max = 5
480 [0, 28671]: LABEL
	tot = 1367
	max = 5
497 [0, 28642]: LABEL
	tot = 1453
	max = 5
515 [0, 28614]: LABEL
	tot = 1550
	max = 5
534 [0, 28585]: LABEL
	tot = 1639
	max = 5
554 [0, 28556]: LABEL
	tot = 1770
	max = 5
576 [0, 28528]: LABEL
	tot = 1872
	max = 5
600 [0, 28499]: LABEL
	tot = 2076
	max = 5
626 [28296, 28471]: LABEL
	tot = 2223
	max = 5
654 [28296, 28442]: LABEL
	tot = 2357
	max = 5
682 [28296, 28414]: LABEL
	tot = 2464
	max = 7
699 [28296, 28414]: LP
	bnd = 29489.500000
	its = 15
	hyp = 45 / 305
	cut = 7
	restart
730 [28296, 28386]: LABEL
	tot = 2336
	max = 7
763 [28296, 28357]: LABEL
	tot = 2510
	max = 7
797 [28296, 28329]: LABEL
	tot = 2624
	max = 7
832 [28296, 28300]: LABEL
	tot = 2712
	max = 7
869 [28296, 28296]: LABEL
	tot = 2740
	max = 7
