hypergraph with 7946 vertices and 243453 hyperarcs generated in 104
351 [0, 28768]: LP
	bnd = 28768.535156
	its = 14
	hyp = 135 / 219
	cut = 0
354 [0, 28768]: HEURISTIC 3
356 [0, 28768]: LABEL
	tot = 184
	max = 2
360 [0, 28739]: LABEL
	tot = 513
	max = 2
364 [0, 28711]: LABEL
	tot = 513
	max = 2
369 [0, 28682]: LABEL
	tot = 578
	max = 2
374 [0, 28653]: LABEL
	tot = 614
	max = 4
381 [0, 28624]: LABEL
	tot = 1067
	max = 4
390 [0, 28596]: LABEL
	tot = 1188
	max = 4
402 [0, 28567]: LABEL
	tot = 1280
	max = 4
412 [0, 28539]: LABEL
	tot = 1288
	max = 4
424 [0, 28510]: LABEL
	tot = 1379
	max = 4
435 [0, 28482]: LABEL
	tot = 1487
	max = 4
449 [0, 28453]: LABEL
	tot = 1687
	max = 6
463 [0, 28425]: LABEL
	tot = 1720
	max = 6
478 [0, 28396]: LABEL
	tot = 1832
	max = 6
496 [0, 28368]: LABEL
	tot = 2218
	max = 6
516 [0, 28340]: LABEL
	tot = 2285
	max = 6
538 [0, 28311]: LABEL
	tot = 2630
	max = 7
562 [0, 28283]: LABEL
	tot = 2779
	max = 7
587 [0, 28255]: LABEL
	tot = 2877
	max = 7
617 [0, 28226]: LABEL
	tot = 3209
	max = 8
646 [27997, 28198]: LABEL
	tot = 3261
	max = 8
677 [27997, 28170]: LABEL
	tot = 3417
	max = 8
709 [27997, 28170]: LP
	bnd = 28655.748047
	its = 13
	hyp = 149 / 399
	cut = 10
	restart
738 [27997, 28142]: LABEL
	tot = 2955
	max = 7
770 [27997, 28114]: LABEL
	tot = 3298
	max = 8
803 [27997, 28085]: LABEL
	tot = 3500
	max = 8
840 [27997, 28057]: LABEL
	tot = 3743
	max = 8
879 [27997, 28029]: LABEL
	tot = 3914
	max = 8
920 [27997, 28001]: LABEL
	tot = 4175
	max = 10
963 [27997, 27997]: LABEL
	tot = 4218
	max = 10
