hypergraph with 9655 vertices and 397252 hyperarcs generated in 253
1637 [0, 29990]: LP
	bnd = 29990.843750
	its = 42
	hyp = 221 / 445
	cut = 0
1643 [0, 29990]: HEURISTIC 3
1646 [0, 29990]: LABEL
	tot = 69
	max = 1
1656 [0, 29960]: LABEL
	tot = 150
	max = 2
1671 [0, 29930]: LABEL
	tot = 259
	max = 3
1697 [0, 29900]: LABEL
	tot = 436
	max = 4
1734 [0, 29871]: LABEL
	tot = 663
	max = 4
1786 [0, 29841]: LABEL
	tot = 1009
	max = 11
1858 [0, 29811]: LABEL
	tot = 1488
	max = 11
1954 [0, 29781]: LABEL
	tot = 2188
	max = 13
2087 [0, 29751]: LABEL
	tot = 3222
	max = 16
2271 [0, 29722]: LABEL
	tot = 4764
	max = 21
2522 [0, 29692]: LABEL
	tot = 6900
	max = 29
2863 [0, 29662]: LABEL
	tot = 9920
	max = 36
3320 [0, 29632]: LABEL
	tot = 14565
	max = 43
3921 [0, 29603]: LABEL
	tot = 20631
	max = 53
4673 [0, 29603]: LP
	bnd = 29918.417969
	its = 70
	hyp = 274 / 1301
	cut = 25
	restart
5234 [29561, 29573]: LABEL
	tot = 22356
	max = 58
5867 [29561, 29561]: LABEL
	tot = 25836
	max = 62
