hypergraph with 10802 vertices and 495014 hyperarcs generated in 1246
5090 [0, 30000]: LP
	bnd = 30000.000000
	its = 28
	hyp = 272 / 326
	cut = 0
8881 [0, 30000]: LP
	bnd = 30000.000000
	its = 23
	hyp = 339 / 1084
	cut = 54
11386 [0, 30000]: LP
	bnd = 30000.000000
	its = 14
	hyp = 454 / 1482
	cut = 120
12991 [0, 30000]: LP
	bnd = 30000.000000
	its = 7
	hyp = 536 / 1608
	cut = 188
14456 [0, 30000]: LP
	bnd = 30000.000000
	its = 5
	hyp = 477 / 1718
	cut = 256
16989 [0, 30000]: LP
	bnd = 30000.000000
	its = 11
	hyp = 579 / 2008
	cut = 328
18471 [0, 30000]: LP
	bnd = 30000.000000
	its = 5
	hyp = 465 / 2087
	cut = 399
20110 [0, 30000]: LP
	bnd = 30000.000000
	its = 4
	hyp = 553 / 2185
	cut = 473
21811 [0, 30000]: LP
	bnd = 30000.000000
	its = 4
	hyp = 510 / 2243
	cut = 548
23808 [0, 30000]: LP
	bnd = 30000.000000
	its = 6
	hyp = 541 / 2344
	cut = 624
25390 [0, 30000]: LP
	bnd = 30000.000000
	its = 3
	hyp = 513 / 2420
	cut = 701
26668 [0, 30000]: LP
	bnd = 30000.000000
	its = 2
	hyp = 600 / 2445
	cut = 778
28930 [0, 30000]: LP
	bnd = 30000.000000
	its = 5
	hyp = 593 / 2530
	cut = 854
29848 [30000, 30000]: HEURISTIC 3
