hypergraph with 10802 vertices and 491532 hyperarcs generated in 2188
3279 [0, 30000]: LP
	bnd = 30000.000000
	its = 14
	hyp = 121 / 195
	cut = 0
4450 [0, 30000]: LP
	bnd = 30000.000000
	its = 6
	hyp = 119 / 310
	cut = 12
4893 [0, 30000]: LP
	bnd = 30000.000000
	its = 1
	hyp = 155 / 310
	cut = 34
5635 [0, 30000]: LP
	bnd = 30000.000000
	its = 3
	hyp = 162 / 377
	cut = 62
6225 [0, 30000]: LP
	bnd = 30000.000000
	its = 2
	hyp = 198 / 398
	cut = 89
6796 [0, 30000]: LP
	bnd = 30000.000000
	its = 2
	hyp = 122 / 421
	cut = 112
7238 [0, 30000]: LP
	bnd = 30000.000000
	its = 1
	hyp = 127 / 421
	cut = 135
7711 [0, 30000]: LP
	bnd = 30000.000000
	its = 1
	hyp = 126 / 421
	cut = 157
8151 [0, 30000]: LP
	bnd = 30000.000000
	its = 1
	hyp = 128 / 421
	cut = 179
8582 [0, 30000]: LP
	bnd = 30000.000000
	its = 1
	hyp = 152 / 421
	cut = 201
9191 [0, 30000]: LP
	bnd = 30000.000000
	its = 2
	hyp = 130 / 442
	cut = 223
9645 [0, 30000]: LP
	bnd = 30000.000000
	its = 1
	hyp = 141 / 442
	cut = 245
10086 [0, 30000]: LP
	bnd = 30000.000000
	its = 1
	hyp = 138 / 442
	cut = 269
10711 [0, 30000]: LP
	bnd = 30000.000000
	its = 2
	hyp = 132 / 476
	cut = 293
11181 [0, 30000]: LP
	bnd = 30000.000000
	its = 1
	hyp = 128 / 476
	cut = 317
11658 [0, 30000]: LP
	bnd = 30000.000000
	its = 1
	hyp = 140 / 476
	cut = 341
12114 [0, 30000]: LP
	bnd = 30000.000000
	its = 1
	hyp = 134 / 476
	cut = 365
12569 [0, 30000]: LP
	bnd = 30000.000000
	its = 1
	hyp = 134 / 476
	cut = 389
13033 [0, 30000]: LP
	bnd = 30000.000000
	its = 1
	hyp = 135 / 476
	cut = 410
13489 [0, 30000]: LP
	bnd = 30000.000000
	its = 1
	hyp = 135 / 476
	cut = 431
13961 [0, 30000]: LP
	bnd = 30000.000000
	its = 1
	hyp = 135 / 476
	cut = 452
14449 [0, 30000]: LP
	bnd = 30000.000000
	its = 1
	hyp = 123 / 476
	cut = 473
14932 [0, 30000]: LP
	bnd = 30000.000000
	its = 1
	hyp = 123 / 476
	cut = 494
15416 [0, 30000]: LP
	bnd = 30000.000000
	its = 1
	hyp = 123 / 476
	cut = 515
15895 [0, 30000]: LP
	bnd = 30000.000000
	its = 1
	hyp = 123 / 476
	cut = 536
16373 [0, 30000]: LP
	bnd = 30000.000000
	its = 1
	hyp = 123 / 476
	cut = 557
16851 [0, 30000]: LP
	bnd = 30000.000000
	its = 1
	hyp = 123 / 476
	cut = 578
17331 [0, 30000]: LP
	bnd = 30000.000000
	its = 1
	hyp = 123 / 476
	cut = 599
17773 [0, 30000]: LP
	bnd = 30000.000000
	its = 1
	hyp = 118 / 476
	cut = 620
18209 [0, 30000]: LP
	bnd = 30000.000000
	its = 1
	hyp = 118 / 476
	cut = 641
18644 [0, 30000]: LP
	bnd = 30000.000000
	its = 1
	hyp = 118 / 476
	cut = 662
19079 [0, 30000]: LP
	bnd = 30000.000000
	its = 1
	hyp = 118 / 476
	cut = 682
19515 [0, 30000]: LP
	bnd = 30000.000000
	its = 1
	hyp = 118 / 476
	cut = 702
19960 [0, 30000]: LP
	bnd = 30000.000000
	its = 1
	hyp = 118 / 476
	cut = 722
20397 [0, 30000]: LP
	bnd = 30000.000000
	its = 1
	hyp = 118 / 476
	cut = 742
20851 [0, 30000]: LP
	bnd = 30000.000000
	its = 1
	hyp = 131 / 476
	cut = 762
21317 [0, 30000]: LP
	bnd = 30000.000000
	its = 1
	hyp = 136 / 476
	cut = 782
21771 [0, 30000]: LP
	bnd = 30000.000000
	its = 1
	hyp = 137 / 476
	cut = 802
22223 [0, 30000]: LP
	bnd = 30000.000000
	its = 1
	hyp = 137 / 476
	cut = 822
22676 [0, 30000]: LP
	bnd = 30000.000000
	its = 1
	hyp = 137 / 476
	cut = 842
23129 [0, 30000]: LP
	bnd = 30000.000000
	its = 1
	hyp = 137 / 476
	cut = 862
23592 [0, 30000]: LP
	bnd = 30000.000000
	its = 1
	hyp = 146 / 476
	cut = 882
24077 [0, 30000]: LP
	bnd = 30000.000000
	its = 1
	hyp = 143 / 476
	cut = 902
24506 [0, 30000]: LP
	bnd = 30000.000000
	its = 1
	hyp = 132 / 476
	cut = 922
24936 [0, 30000]: LP
	bnd = 30000.000000
	its = 1
	hyp = 132 / 476
	cut = 942
25364 [0, 30000]: LP
	bnd = 30000.000000
	its = 1
	hyp = 132 / 476
	cut = 962
25791 [0, 30000]: LP
	bnd = 30000.000000
	its = 1
	hyp = 132 / 476
	cut = 982
26219 [0, 30000]: LP
	bnd = 30000.000000
	its = 1
	hyp = 132 / 476
	cut = 1002
26646 [0, 30000]: LP
	bnd = 30000.000000
	its = 1
	hyp = 132 / 476
	cut = 1022
27074 [0, 30000]: LP
	bnd = 30000.000000
	its = 1
	hyp = 132 / 476
	cut = 1042
27504 [0, 30000]: LP
	bnd = 30000.000000
	its = 1
	hyp = 132 / 476
	cut = 1062
27931 [0, 30000]: LP
	bnd = 30000.000000
	its = 1
	hyp = 132 / 476
	cut = 1082
28362 [0, 30000]: LP
	bnd = 30000.000000
	its = 1
	hyp = 132 / 476
	cut = 1102
28793 [0, 30000]: LP
	bnd = 30000.000000
	its = 1
	hyp = 132 / 476
	cut = 1122
29222 [0, 30000]: LP
	bnd = 30000.000000
	its = 1
	hyp = 132 / 476
	cut = 1142
29650 [0, 30000]: LP
	bnd = 30000.000000
	its = 1
	hyp = 132 / 476
	cut = 1162
30079 [0, 30000]: LP
	bnd = 30000.000000
	its = 1
	hyp = 132 / 476
	cut = 1182
30507 [0, 30000]: LP
	bnd = 30000.000000
	its = 1
	hyp = 132 / 476
	cut = 1202
30935 [0, 30000]: LP
	bnd = 30000.000000
	its = 1
	hyp = 132 / 476
	cut = 1222
31363 [0, 30000]: LP
	bnd = 30000.000000
	its = 1
	hyp = 132 / 476
	cut = 1239
31790 [0, 30000]: LP
	bnd = 30000.000000
	its = 1
	hyp = 132 / 476
	cut = 1256
32230 [0, 30000]: LP
	bnd = 30000.000000
	its = 1
	hyp = 132 / 476
	cut = 1273
32672 [0, 30000]: LP
	bnd = 30000.000000
	its = 1
	hyp = 132 / 476
	cut = 1290
32959 [30000, 30000]: HEURISTIC 3
