hypergraph with 10052 vertices and 476981 hyperarcs generated in 1029
942 [0, 30000]: LP
	bnd = 30000.000000
	its = 12
	hyp = 126 / 156
	cut = 0
1387 [0, 30000]: LP
	bnd = 30000.000000
	its = 6
	hyp = 108 / 328
	cut = 14
1659 [0, 30000]: LP
	bnd = 30000.000000
	its = 3
	hyp = 182 / 374
	cut = 29
1893 [0, 30000]: LP
	bnd = 30000.000000
	its = 2
	hyp = 111 / 388
	cut = 45
2222 [0, 30000]: LP
	bnd = 30000.000000
	its = 4
	hyp = 171 / 469
	cut = 62
2391 [0, 30000]: LP
	bnd = 30000.000000
	its = 1
	hyp = 49 / 469
	cut = 79
2552 [0, 30000]: LP
	bnd = 30000.000000
	its = 1
	hyp = 52 / 469
	cut = 96
2712 [0, 30000]: LP
	bnd = 30000.000000
	its = 1
	hyp = 52 / 469
	cut = 113
2873 [0, 30000]: LP
	bnd = 30000.000000
	its = 1
	hyp = 52 / 469
	cut = 130
3033 [0, 30000]: LP
	bnd = 30000.000000
	its = 1
	hyp = 52 / 469
	cut = 147
3194 [0, 30000]: LP
	bnd = 30000.000000
	its = 1
	hyp = 52 / 469
	cut = 164
3354 [0, 30000]: LP
	bnd = 30000.000000
	its = 1
	hyp = 52 / 469
	cut = 181
3514 [0, 30000]: LP
	bnd = 30000.000000
	its = 1
	hyp = 52 / 469
	cut = 197
3675 [0, 30000]: LP
	bnd = 30000.000000
	its = 1
	hyp = 52 / 469
	cut = 213
3836 [0, 30000]: LP
	bnd = 30000.000000
	its = 1
	hyp = 52 / 469
	cut = 229
3996 [0, 30000]: LP
	bnd = 30000.000000
	its = 1
	hyp = 52 / 469
	cut = 245
4156 [0, 30000]: LP
	bnd = 30000.000000
	its = 1
	hyp = 52 / 469
	cut = 261
4317 [0, 30000]: LP
	bnd = 30000.000000
	its = 1
	hyp = 52 / 469
	cut = 277
4479 [0, 30000]: LP
	bnd = 30000.000000
	its = 1
	hyp = 52 / 469
	cut = 293
4639 [0, 30000]: LP
	bnd = 30000.000000
	its = 1
	hyp = 52 / 469
	cut = 309
4798 [30000, 30000]: HEURISTIC 3
4800 [30000, 30000]: LP
	bnd = 30000.000000
	its = 1
	hyp = 52 / 469
	cut = 325
