hypergraph with 10802 vertices and 489131 hyperarcs generated in 2189
2637 [0, 30000]: LP
	bnd = 30000.000000
	its = 9
	hyp = 85 / 113
	cut = 0
3825 [0, 30000]: LP
	bnd = 30000.000000
	its = 6
	hyp = 121 / 235
	cut = 9
4243 [0, 30000]: LP
	bnd = 30000.000000
	its = 1
	hyp = 91 / 235
	cut = 20
4659 [0, 30000]: LP
	bnd = 30000.000000
	its = 1
	hyp = 55 / 235
	cut = 30
5101 [0, 30000]: LP
	bnd = 30000.000000
	its = 1
	hyp = 55 / 235
	cut = 41
5543 [0, 30000]: LP
	bnd = 30000.000000
	its = 1
	hyp = 55 / 235
	cut = 52
5986 [0, 30000]: LP
	bnd = 30000.000000
	its = 1
	hyp = 55 / 235
	cut = 63
6424 [0, 30000]: LP
	bnd = 30000.000000
	its = 1
	hyp = 55 / 235
	cut = 74
6861 [0, 30000]: LP
	bnd = 30000.000000
	its = 1
	hyp = 55 / 235
	cut = 85
7279 [0, 30000]: LP
	bnd = 30000.000000
	its = 1
	hyp = 52 / 235
	cut = 96
7697 [0, 30000]: LP
	bnd = 30000.000000
	its = 1
	hyp = 52 / 235
	cut = 106
8114 [0, 30000]: LP
	bnd = 30000.000000
	its = 1
	hyp = 52 / 235
	cut = 116
8532 [0, 30000]: LP
	bnd = 30000.000000
	its = 1
	hyp = 52 / 235
	cut = 126
8959 [0, 30000]: LP
	bnd = 30000.000000
	its = 1
	hyp = 52 / 235
	cut = 136
9379 [0, 30000]: LP
	bnd = 30000.000000
	its = 1
	hyp = 52 / 235
	cut = 146
9797 [0, 30000]: LP
	bnd = 30000.000000
	its = 1
	hyp = 52 / 235
	cut = 156
10215 [0, 30000]: LP
	bnd = 30000.000000
	its = 1
	hyp = 52 / 235
	cut = 166
10633 [0, 30000]: LP
	bnd = 30000.000000
	its = 1
	hyp = 52 / 235
	cut = 176
11050 [0, 30000]: LP
	bnd = 30000.000000
	its = 1
	hyp = 52 / 235
	cut = 186
11467 [0, 30000]: LP
	bnd = 30000.000000
	its = 1
	hyp = 52 / 235
	cut = 196
11885 [0, 30000]: LP
	bnd = 30000.000000
	its = 1
	hyp = 52 / 235
	cut = 206
12302 [0, 30000]: LP
	bnd = 30000.000000
	its = 1
	hyp = 52 / 235
	cut = 216
12722 [0, 30000]: LP
	bnd = 30000.000000
	its = 1
	hyp = 52 / 235
	cut = 226
13139 [0, 30000]: LP
	bnd = 30000.000000
	its = 1
	hyp = 52 / 235
	cut = 236
13557 [0, 30000]: LP
	bnd = 30000.000000
	its = 1
	hyp = 52 / 235
	cut = 246
13976 [0, 30000]: LP
	bnd = 30000.000000
	its = 1
	hyp = 52 / 235
	cut = 256
14394 [0, 30000]: LP
	bnd = 30000.000000
	its = 1
	hyp = 52 / 235
	cut = 266
14812 [0, 30000]: LP
	bnd = 30000.000000
	its = 1
	hyp = 52 / 235
	cut = 276
15231 [0, 30000]: LP
	bnd = 30000.000000
	its = 1
	hyp = 52 / 235
	cut = 286
15649 [0, 30000]: LP
	bnd = 30000.000000
	its = 1
	hyp = 52 / 235
	cut = 296
16067 [0, 30000]: LP
	bnd = 30000.000000
	its = 1
	hyp = 52 / 235
	cut = 306
16484 [0, 30000]: LP
	bnd = 30000.000000
	its = 1
	hyp = 52 / 235
	cut = 316
16900 [0, 30000]: LP
	bnd = 30000.000000
	its = 1
	hyp = 52 / 235
	cut = 326
17318 [0, 30000]: LP
	bnd = 30000.000000
	its = 1
	hyp = 52 / 235
	cut = 336
17735 [0, 30000]: LP
	bnd = 30000.000000
	its = 1
	hyp = 52 / 235
	cut = 346
18153 [0, 30000]: LP
	bnd = 30000.000000
	its = 1
	hyp = 52 / 235
	cut = 356
18570 [0, 30000]: LP
	bnd = 30000.000000
	its = 1
	hyp = 52 / 235
	cut = 366
18991 [0, 30000]: LP
	bnd = 30000.000000
	its = 1
	hyp = 52 / 235
	cut = 376
19409 [0, 30000]: LP
	bnd = 30000.000000
	its = 1
	hyp = 52 / 235
	cut = 386
19827 [0, 30000]: LP
	bnd = 30000.000000
	its = 1
	hyp = 52 / 235
	cut = 396
20244 [0, 30000]: LP
	bnd = 30000.000000
	its = 1
	hyp = 52 / 235
	cut = 406
20662 [0, 30000]: LP
	bnd = 30000.000000
	its = 1
	hyp = 52 / 235
	cut = 416
21081 [0, 30000]: LP
	bnd = 30000.000000
	its = 1
	hyp = 52 / 235
	cut = 426
21499 [0, 30000]: LP
	bnd = 30000.000000
	its = 1
	hyp = 52 / 235
	cut = 436
21916 [0, 30000]: LP
	bnd = 30000.000000
	its = 1
	hyp = 52 / 235
	cut = 446
22335 [0, 30000]: LP
	bnd = 30000.000000
	its = 1
	hyp = 52 / 235
	cut = 456
22752 [0, 30000]: LP
	bnd = 30000.000000
	its = 1
	hyp = 52 / 235
	cut = 466
23170 [0, 30000]: LP
	bnd = 30000.000000
	its = 1
	hyp = 52 / 235
	cut = 476
23587 [0, 30000]: LP
	bnd = 30000.000000
	its = 1
	hyp = 52 / 235
	cut = 486
24003 [0, 30000]: LP
	bnd = 30000.000000
	its = 1
	hyp = 52 / 235
	cut = 496
24419 [0, 30000]: LP
	bnd = 30000.000000
	its = 1
	hyp = 52 / 235
	cut = 506
24835 [0, 30000]: LP
	bnd = 30000.000000
	its = 1
	hyp = 52 / 235
	cut = 516
25251 [0, 30000]: LP
	bnd = 30000.000000
	its = 1
	hyp = 52 / 235
	cut = 526
25668 [0, 30000]: LP
	bnd = 30000.000000
	its = 1
	hyp = 52 / 235
	cut = 536
26085 [0, 30000]: LP
	bnd = 30000.000000
	its = 1
	hyp = 52 / 235
	cut = 546
26501 [0, 30000]: LP
	bnd = 30000.000000
	its = 1
	hyp = 52 / 235
	cut = 556
26918 [0, 30000]: LP
	bnd = 30000.000000
	its = 1
	hyp = 52 / 235
	cut = 566
27334 [0, 30000]: LP
	bnd = 30000.000000
	its = 1
	hyp = 52 / 235
	cut = 576
27750 [0, 30000]: LP
	bnd = 30000.000000
	its = 1
	hyp = 52 / 235
	cut = 586
28011 [30000, 30000]: HEURISTIC 3
