hypergraph with 10302 vertices and 491761 hyperarcs generated in 1414
1363 [0, 30000]: LP
	bnd = 30000.000000
	its = 8
	hyp = 97 / 98
	cut = 0
1792 [0, 30000]: LP
	bnd = 30000.000000
	its = 3
	hyp = 82 / 162
	cut = 10
2304 [0, 30000]: LP
	bnd = 30000.000000
	its = 4
	hyp = 128 / 276
	cut = 20
2556 [0, 30000]: LP
	bnd = 30000.000000
	its = 1
	hyp = 123 / 276
	cut = 30
2984 [0, 30000]: LP
	bnd = 30000.000000
	its = 3
	hyp = 101 / 372
	cut = 40
3232 [0, 30000]: LP
	bnd = 30000.000000
	its = 1
	hyp = 147 / 372
	cut = 50
3471 [0, 30000]: LP
	bnd = 30000.000000
	its = 1
	hyp = 108 / 372
	cut = 61
4021 [0, 30000]: LP
	bnd = 30000.000000
	its = 4
	hyp = 122 / 480
	cut = 71
4299 [0, 30000]: LP
	bnd = 30000.000000
	its = 1
	hyp = 136 / 480
	cut = 82
4666 [0, 30000]: LP
	bnd = 30000.000000
	its = 2
	hyp = 138 / 522
	cut = 93
4924 [0, 30000]: LP
	bnd = 30000.000000
	its = 1
	hyp = 138 / 522
	cut = 104
5370 [0, 30000]: LP
	bnd = 30000.000000
	its = 3
	hyp = 137 / 581
	cut = 113
5653 [0, 30000]: LP
	bnd = 30000.000000
	its = 1
	hyp = 148 / 581
	cut = 127
6012 [0, 30000]: LP
	bnd = 30000.000000
	its = 2
	hyp = 148 / 595
	cut = 140
6537 [0, 30000]: LP
	bnd = 30000.000000
	its = 3
	hyp = 140 / 701
	cut = 154
7027 [0, 30000]: LP
	bnd = 30000.000000
	its = 3
	hyp = 189 / 755
	cut = 169
7392 [0, 30000]: LP
	bnd = 30000.000000
	its = 2
	hyp = 107 / 777
	cut = 184
7782 [0, 30000]: LP
	bnd = 30000.000000
	its = 2
	hyp = 265 / 804
	cut = 199
8063 [0, 30000]: LP
	bnd = 30000.000000
	its = 1
	hyp = 196 / 804
	cut = 214
8551 [0, 30000]: LP
	bnd = 30000.000000
	its = 3
	hyp = 153 / 845
	cut = 228
9111 [30000, 30000]: LP
	bnd = 30000.000000
	its = 3
	hyp = 167 / 928
	cut = 242
9121 [30000, 30000]: HEURISTIC 3
