hypergraph with 10302 vertices and 481837 hyperarcs generated in 1658
1465 [0, 30000]: LP
	bnd = 30000.000000
	its = 10
	hyp = 97 / 103
	cut = 0
2048 [0, 30000]: LP
	bnd = 30000.000000
	its = 5
	hyp = 120 / 245
	cut = 9
2527 [0, 30000]: LP
	bnd = 30000.000000
	its = 4
	hyp = 126 / 333
	cut = 20
2757 [0, 30000]: LP
	bnd = 30000.000000
	its = 1
	hyp = 98 / 333
	cut = 31
3000 [0, 30000]: LP
	bnd = 30000.000000
	its = 1
	hyp = 98 / 333
	cut = 42
3224 [0, 30000]: LP
	bnd = 30000.000000
	its = 1
	hyp = 113 / 333
	cut = 53
3448 [0, 30000]: LP
	bnd = 30000.000000
	its = 1
	hyp = 98 / 333
	cut = 64
3671 [0, 30000]: LP
	bnd = 30000.000000
	its = 1
	hyp = 98 / 333
	cut = 75
3894 [0, 30000]: LP
	bnd = 30000.000000
	its = 1
	hyp = 77 / 333
	cut = 86
4117 [0, 30000]: LP
	bnd = 30000.000000
	its = 1
	hyp = 77 / 333
	cut = 97
4340 [0, 30000]: LP
	bnd = 30000.000000
	its = 1
	hyp = 77 / 333
	cut = 108
4568 [0, 30000]: LP
	bnd = 30000.000000
	its = 1
	hyp = 77 / 333
	cut = 119
4797 [0, 30000]: LP
	bnd = 30000.000000
	its = 1
	hyp = 77 / 333
	cut = 130
5022 [0, 30000]: LP
	bnd = 30000.000000
	its = 1
	hyp = 77 / 333
	cut = 141
5247 [0, 30000]: LP
	bnd = 30000.000000
	its = 1
	hyp = 77 / 333
	cut = 152
5471 [0, 30000]: LP
	bnd = 30000.000000
	its = 1
	hyp = 77 / 333
	cut = 163
5698 [0, 30000]: LP
	bnd = 30000.000000
	its = 1
	hyp = 77 / 333
	cut = 174
5923 [0, 30000]: LP
	bnd = 30000.000000
	its = 1
	hyp = 77 / 333
	cut = 185
6148 [0, 30000]: LP
	bnd = 30000.000000
	its = 1
	hyp = 77 / 333
	cut = 196
6372 [0, 30000]: LP
	bnd = 30000.000000
	its = 1
	hyp = 77 / 333
	cut = 207
6597 [0, 30000]: LP
	bnd = 30000.000000
	its = 1
	hyp = 77 / 333
	cut = 218
6821 [0, 30000]: LP
	bnd = 30000.000000
	its = 1
	hyp = 77 / 333
	cut = 229
7048 [0, 30000]: LP
	bnd = 30000.000000
	its = 1
	hyp = 77 / 333
	cut = 240
7273 [0, 30000]: LP
	bnd = 30000.000000
	its = 1
	hyp = 77 / 333
	cut = 251
7498 [0, 30000]: LP
	bnd = 30000.000000
	its = 1
	hyp = 77 / 333
	cut = 262
7722 [0, 30000]: LP
	bnd = 30000.000000
	its = 1
	hyp = 77 / 333
	cut = 273
7947 [0, 30000]: LP
	bnd = 30000.000000
	its = 1
	hyp = 77 / 333
	cut = 284
8172 [0, 30000]: LP
	bnd = 30000.000000
	its = 1
	hyp = 77 / 333
	cut = 295
8397 [0, 30000]: LP
	bnd = 30000.000000
	its = 1
	hyp = 77 / 333
	cut = 306
8635 [0, 30000]: LP
	bnd = 30000.000000
	its = 1
	hyp = 77 / 333
	cut = 317
8857 [0, 30000]: LP
	bnd = 30000.000000
	its = 1
	hyp = 77 / 333
	cut = 328
9085 [0, 30000]: LP
	bnd = 30000.000000
	its = 1
	hyp = 77 / 333
	cut = 339
9310 [0, 30000]: LP
	bnd = 30000.000000
	its = 1
	hyp = 77 / 333
	cut = 350
9534 [0, 30000]: LP
	bnd = 30000.000000
	its = 1
	hyp = 77 / 333
	cut = 361
9759 [0, 30000]: LP
	bnd = 30000.000000
	its = 1
	hyp = 77 / 333
	cut = 372
9983 [0, 30000]: LP
	bnd = 30000.000000
	its = 1
	hyp = 77 / 333
	cut = 383
10205 [0, 30000]: LP
	bnd = 30000.000000
	its = 1
	hyp = 77 / 333
	cut = 394
10430 [0, 30000]: LP
	bnd = 30000.000000
	its = 1
	hyp = 77 / 333
	cut = 405
10654 [0, 30000]: LP
	bnd = 30000.000000
	its = 1
	hyp = 77 / 333
	cut = 416
10879 [0, 30000]: LP
	bnd = 30000.000000
	its = 1
	hyp = 77 / 333
	cut = 427
11103 [0, 30000]: LP
	bnd = 30000.000000
	its = 1
	hyp = 77 / 333
	cut = 438
11331 [0, 30000]: LP
	bnd = 30000.000000
	its = 1
	hyp = 77 / 333
	cut = 449
11557 [0, 30000]: LP
	bnd = 30000.000000
	its = 1
	hyp = 77 / 333
	cut = 460
11780 [0, 30000]: LP
	bnd = 30000.000000
	its = 1
	hyp = 77 / 333
	cut = 471
12001 [0, 30000]: LP
	bnd = 30000.000000
	its = 1
	hyp = 77 / 333
	cut = 482
12223 [0, 30000]: LP
	bnd = 30000.000000
	its = 1
	hyp = 77 / 333
	cut = 493
12445 [0, 30000]: LP
	bnd = 30000.000000
	its = 1
	hyp = 77 / 333
	cut = 504
12667 [0, 30000]: LP
	bnd = 30000.000000
	its = 1
	hyp = 77 / 333
	cut = 515
12889 [0, 30000]: LP
	bnd = 30000.000000
	its = 1
	hyp = 77 / 333
	cut = 526
13111 [0, 30000]: LP
	bnd = 30000.000000
	its = 1
	hyp = 77 / 333
	cut = 537
13334 [0, 30000]: LP
	bnd = 30000.000000
	its = 1
	hyp = 77 / 333
	cut = 548
13556 [30000, 30000]: LP
	bnd = 30000.000000
	its = 1
	hyp = 77 / 333
	cut = 559
13560 [30000, 30000]: HEURISTIC 3
