hypergraph with 10052 vertices and 488207 hyperarcs generated in 1010
850 [0, 30000]: LP
	bnd = 30000.000000
	its = 9
	hyp = 73 / 85
	cut = 0
1075 [0, 30000]: LP
	bnd = 30000.000000
	its = 2
	hyp = 100 / 133
	cut = 6
1450 [0, 30000]: LP
	bnd = 30000.000000
	its = 4
	hyp = 62 / 306
	cut = 13
1710 [0, 30000]: LP
	bnd = 30000.000000
	its = 2
	hyp = 80 / 391
	cut = 21
1908 [0, 30000]: LP
	bnd = 30000.000000
	its = 1
	hyp = 126 / 391
	cut = 30
2081 [0, 30000]: LP
	bnd = 30000.000000
	its = 1
	hyp = 78 / 391
	cut = 38
2335 [0, 30000]: LP
	bnd = 30000.000000
	its = 2
	hyp = 124 / 434
	cut = 47
2514 [0, 30000]: LP
	bnd = 30000.000000
	its = 1
	hyp = 81 / 434
	cut = 56
2717 [0, 30000]: LP
	bnd = 30000.000000
	its = 1
	hyp = 130 / 434
	cut = 65
2951 [0, 30000]: LP
	bnd = 30000.000000
	its = 2
	hyp = 113 / 504
	cut = 74
3130 [0, 30000]: LP
	bnd = 30000.000000
	its = 1
	hyp = 160 / 504
	cut = 83
3342 [0, 30000]: LP
	bnd = 30000.000000
	its = 1
	hyp = 94 / 504
	cut = 91
3517 [0, 30000]: LP
	bnd = 30000.000000
	its = 1
	hyp = 171 / 504
	cut = 99
3716 [0, 30000]: LP
	bnd = 30000.000000
	its = 1
	hyp = 174 / 504
	cut = 107
3918 [0, 30000]: LP
	bnd = 30000.000000
	its = 1
	hyp = 101 / 504
	cut = 115
4114 [0, 30000]: LP
	bnd = 30000.000000
	its = 1
	hyp = 101 / 504
	cut = 123
4302 [0, 30000]: LP
	bnd = 30000.000000
	its = 1
	hyp = 97 / 504
	cut = 131
4489 [0, 30000]: LP
	bnd = 30000.000000
	its = 1
	hyp = 97 / 504
	cut = 139
4670 [0, 30000]: LP
	bnd = 30000.000000
	its = 1
	hyp = 87 / 504
	cut = 148
4849 [0, 30000]: LP
	bnd = 30000.000000
	its = 1
	hyp = 87 / 504
	cut = 157
5029 [0, 30000]: LP
	bnd = 30000.000000
	its = 1
	hyp = 87 / 504
	cut = 166
5208 [0, 30000]: LP
	bnd = 30000.000000
	its = 1
	hyp = 87 / 504
	cut = 175
5388 [0, 30000]: LP
	bnd = 30000.000000
	its = 1
	hyp = 87 / 504
	cut = 184
5567 [0, 30000]: LP
	bnd = 30000.000000
	its = 1
	hyp = 87 / 504
	cut = 193
5746 [0, 30000]: LP
	bnd = 30000.000000
	its = 1
	hyp = 87 / 504
	cut = 202
5926 [0, 30000]: LP
	bnd = 30000.000000
	its = 1
	hyp = 87 / 504
	cut = 211
6109 [0, 30000]: LP
	bnd = 30000.000000
	its = 1
	hyp = 87 / 504
	cut = 220
6241 [30000, 30000]: HEURISTIC 3
