hypergraph with 9753 vertices and 356149 hyperarcs generated in 115
672 [0, 29570]: LP
	bnd = 29570.861328
	its = 24
	hyp = 159 / 312
	cut = 0
677 [0, 29570]: HEURISTIC 3
680 [0, 29570]: LABEL
	tot = 236
	max = 2
683 [0, 29541]: LABEL
	tot = 289
	max = 3
689 [0, 29511]: LABEL
	tot = 496
	max = 4
697 [0, 29482]: LABEL
	tot = 679
	max = 6
705 [0, 29452]: LABEL
	tot = 794
	max = 8
715 [0, 29423]: LABEL
	tot = 885
	max = 8
727 [0, 29393]: LABEL
	tot = 1174
	max = 8
741 [0, 29364]: LABEL
	tot = 1375
	max = 8
759 [0, 29335]: LABEL
	tot = 1682
	max = 8
780 [0, 29305]: LABEL
	tot = 2029
	max = 11
804 [0, 29276]: LABEL
	tot = 2326
	max = 11
831 [0, 29247]: LABEL
	tot = 2683
	max = 11
862 [0, 29217]: LABEL
	tot = 2967
	max = 14
896 [0, 29188]: LABEL
	tot = 3290
	max = 14
935 [0, 29159]: LABEL
	tot = 3740
	max = 20
978 [0, 29130]: LABEL
	tot = 4233
	max = 23
1027 [0, 29101]: LABEL
	tot = 4864
	max = 24
1084 [0, 29072]: LABEL
	tot = 5585
	max = 27
1146 [0, 29043]: LABEL
	tot = 6074
	max = 31
1214 [0, 29014]: LABEL
	tot = 6650
	max = 39
1290 [0, 28985]: LABEL
	tot = 7300
	max = 41
1372 [0, 28956]: LABEL
	tot = 7905
	max = 41
1465 [0, 28927]: LABEL
	tot = 8807
	max = 43
1566 [0, 28898]: LABEL
	tot = 9747
	max = 50
1621 [0, 28898]: LP
	bnd = 29475.324219
	its = 30
	hyp = 187 / 680
	cut = 14
	restart
1726 [0, 28869]: LABEL
	tot = 8298
	max = 32
1839 [0, 28840]: LABEL
	tot = 9195
	max = 36
1964 [0, 28811]: LABEL
	tot = 10077
	max = 42
2103 [0, 28782]: LABEL
	tot = 11089
	max = 42
2255 [0, 28753]: LABEL
	tot = 12111
	max = 47
2386 [0, 28753]: LP
	bnd = 29388.287109
	its = 23
	hyp = 256 / 818
	cut = 30
	restart
2547 [0, 28725]: LABEL
	tot = 12508
	max = 51
2721 [0, 28696]: LABEL
	tot = 13748
	max = 66
2913 [0, 28667]: LABEL
	tot = 15089
	max = 73
3126 [0, 28639]: LABEL
	tot = 16840
	max = 74
3338 [0, 28639]: LP
	bnd = 29334.150391
	its = 28
	hyp = 301 / 992
	cut = 46
	restart
3529 [0, 28610]: LABEL
	tot = 14853
	max = 84
3740 [0, 28581]: LABEL
	tot = 16316
	max = 87
3974 [0, 28553]: LABEL
	tot = 18045
	max = 91
4227 [0, 28524]: LABEL
	tot = 19839
	max = 98
4460 [0, 28524]: LP
	bnd = 29246.585938
	its = 33
	hyp = 325 / 1195
	cut = 62
	restart
4680 [0, 28496]: LABEL
	tot = 17709
	max = 79
4923 [0, 28467]: LABEL
	tot = 19481
	max = 79
5193 [0, 28439]: LABEL
	tot = 21373
	max = 81
5487 [0, 28410]: LABEL
	tot = 23375
	max = 95
5744 [0, 28410]: LP
	bnd = 29157.080078
	its = 36
	hyp = 367 / 1365
	cut = 78
	restart
6020 [0, 28382]: LABEL
	tot = 21631
	max = 73
6320 [0, 28354]: LABEL
	tot = 23773
	max = 77
6652 [0, 28325]: LABEL
	tot = 26203
	max = 84
7017 [0, 28297]: LABEL
	tot = 28700
	max = 91
7039 [0, 28297]: LP
	bnd = 29103.308594
	its = 35
	hyp = 434 / 1546
	cut = 94
	restart
7412 [0, 28269]: LABEL
	tot = 28664
	max = 89
7817 [0, 28240]: LABEL
	tot = 31432
	max = 97
8264 [28048, 28212]: LABEL
	tot = 34298
	max = 108
8354 [28048, 28212]: LP
	bnd = 29055.884766
	its = 33
	hyp = 433 / 1708
	cut = 110
	restart
8782 [28048, 28184]: LABEL
	tot = 33228
	max = 104
9254 [28048, 28156]: LABEL
	tot = 36393
	max = 104
9465 [28048, 28156]: LP
	bnd = 29012.525391
	its = 26
	hyp = 538 / 1829
	cut = 126
	restart
9952 [28084, 28127]: LABEL
	tot = 37821
	max = 106
10487 [28084, 28099]: LABEL
	tot = 41162
	max = 104
10982 [28084, 28099]: LP
	bnd = 28983.318359
	its = 35
	hyp = 536 / 2001
	cut = 142
	restart
11543 [28084, 28084]: LABEL
	tot = 42206
	max = 109
