hypergraph with 10802 vertices and 485085 hyperarcs generated in 2146
2844 [0, 30000]: LP
	bnd = 30000.000000
	its = 11
	hyp = 132 / 138
	cut = 0
3982 [0, 30000]: LP
	bnd = 30000.000000
	its = 6
	hyp = 74 / 298
	cut = 9
4390 [0, 30000]: LP
	bnd = 30000.000000
	its = 1
	hyp = 82 / 298
	cut = 18
4796 [0, 30000]: LP
	bnd = 30000.000000
	its = 1
	hyp = 97 / 298
	cut = 29
5204 [0, 30000]: LP
	bnd = 30000.000000
	its = 1
	hyp = 93 / 298
	cut = 42
5889 [0, 30000]: LP
	bnd = 30000.000000
	its = 3
	hyp = 84 / 361
	cut = 54
6571 [0, 30000]: LP
	bnd = 30000.000000
	its = 3
	hyp = 158 / 410
	cut = 65
6982 [0, 30000]: LP
	bnd = 30000.000000
	its = 1
	hyp = 134 / 410
	cut = 76
7431 [0, 30000]: LP
	bnd = 30000.000000
	its = 1
	hyp = 114 / 410
	cut = 88
7982 [0, 30000]: LP
	bnd = 30000.000000
	its = 2
	hyp = 109 / 431
	cut = 100
8401 [0, 30000]: LP
	bnd = 30000.000000
	its = 1
	hyp = 123 / 431
	cut = 113
8873 [0, 30000]: LP
	bnd = 30000.000000
	its = 1
	hyp = 113 / 431
	cut = 128
9433 [0, 30000]: LP
	bnd = 30000.000000
	its = 2
	hyp = 171 / 447
	cut = 144
9854 [0, 30000]: LP
	bnd = 30000.000000
	its = 1
	hyp = 152 / 447
	cut = 159
10298 [0, 30000]: LP
	bnd = 30000.000000
	its = 1
	hyp = 132 / 447
	cut = 174
10747 [0, 30000]: LP
	bnd = 30000.000000
	its = 1
	hyp = 75 / 447
	cut = 187
11197 [0, 30000]: LP
	bnd = 30000.000000
	its = 1
	hyp = 75 / 447
	cut = 200
11645 [0, 30000]: LP
	bnd = 30000.000000
	its = 1
	hyp = 75 / 447
	cut = 213
12094 [0, 30000]: LP
	bnd = 30000.000000
	its = 1
	hyp = 75 / 447
	cut = 226
12540 [0, 30000]: LP
	bnd = 30000.000000
	its = 1
	hyp = 75 / 447
	cut = 239
12989 [0, 30000]: LP
	bnd = 30000.000000
	its = 1
	hyp = 75 / 447
	cut = 252
13436 [0, 30000]: LP
	bnd = 30000.000000
	its = 1
	hyp = 75 / 447
	cut = 265
13887 [0, 30000]: LP
	bnd = 30000.000000
	its = 1
	hyp = 75 / 447
	cut = 278
14333 [0, 30000]: LP
	bnd = 30000.000000
	its = 1
	hyp = 75 / 447
	cut = 291
14780 [0, 30000]: LP
	bnd = 30000.000000
	its = 1
	hyp = 75 / 447
	cut = 304
15226 [0, 30000]: LP
	bnd = 30000.000000
	its = 1
	hyp = 75 / 447
	cut = 317
15672 [0, 30000]: LP
	bnd = 30000.000000
	its = 1
	hyp = 75 / 447
	cut = 330
16122 [0, 30000]: LP
	bnd = 30000.000000
	its = 1
	hyp = 75 / 447
	cut = 343
16572 [0, 30000]: LP
	bnd = 30000.000000
	its = 1
	hyp = 75 / 447
	cut = 356
17021 [0, 30000]: LP
	bnd = 30000.000000
	its = 1
	hyp = 75 / 447
	cut = 369
17472 [0, 30000]: LP
	bnd = 30000.000000
	its = 1
	hyp = 75 / 447
	cut = 382
17922 [0, 30000]: LP
	bnd = 30000.000000
	its = 1
	hyp = 75 / 447
	cut = 395
18373 [0, 30000]: LP
	bnd = 30000.000000
	its = 1
	hyp = 75 / 447
	cut = 408
18821 [0, 30000]: LP
	bnd = 30000.000000
	its = 1
	hyp = 75 / 447
	cut = 421
19268 [0, 30000]: LP
	bnd = 30000.000000
	its = 1
	hyp = 75 / 447
	cut = 434
19716 [0, 30000]: LP
	bnd = 30000.000000
	its = 1
	hyp = 75 / 447
	cut = 447
20164 [0, 30000]: LP
	bnd = 30000.000000
	its = 1
	hyp = 75 / 447
	cut = 460
20611 [0, 30000]: LP
	bnd = 30000.000000
	its = 1
	hyp = 75 / 447
	cut = 473
21064 [0, 30000]: LP
	bnd = 30000.000000
	its = 1
	hyp = 75 / 447
	cut = 486
21517 [0, 30000]: LP
	bnd = 30000.000000
	its = 1
	hyp = 75 / 447
	cut = 499
21973 [0, 30000]: LP
	bnd = 30000.000000
	its = 1
	hyp = 75 / 447
	cut = 512
22425 [0, 30000]: LP
	bnd = 30000.000000
	its = 1
	hyp = 75 / 447
	cut = 525
22876 [0, 30000]: LP
	bnd = 30000.000000
	its = 1
	hyp = 75 / 447
	cut = 538
23327 [0, 30000]: LP
	bnd = 30000.000000
	its = 1
	hyp = 75 / 447
	cut = 551
23777 [0, 30000]: LP
	bnd = 30000.000000
	its = 1
	hyp = 75 / 447
	cut = 564
24211 [30000, 30000]: HEURISTIC 3
