hypergraph with 10302 vertices and 470856 hyperarcs generated in 1436
1317 [0, 30000]: LP
	bnd = 30000.000000
	its = 8
	hyp = 87 / 94
	cut = 0
1735 [0, 30000]: LP
	bnd = 30000.000000
	its = 3
	hyp = 53 / 180
	cut = 5
2068 [0, 30000]: LP
	bnd = 30000.000000
	its = 2
	hyp = 79 / 203
	cut = 13
2368 [0, 30000]: LP
	bnd = 30000.000000
	its = 2
	hyp = 71 / 228
	cut = 21
2605 [0, 30000]: LP
	bnd = 30000.000000
	its = 1
	hyp = 64 / 228
	cut = 30
2907 [0, 30000]: LP
	bnd = 30000.000000
	its = 2
	hyp = 64 / 251
	cut = 38
3129 [0, 30000]: LP
	bnd = 30000.000000
	its = 1
	hyp = 83 / 251
	cut = 46
3455 [0, 30000]: LP
	bnd = 30000.000000
	its = 2
	hyp = 87 / 267
	cut = 55
3943 [0, 30000]: LP
	bnd = 30000.000000
	its = 4
	hyp = 79 / 311
	cut = 65
4417 [0, 30000]: LP
	bnd = 30000.000000
	its = 4
	hyp = 96 / 338
	cut = 75
4658 [0, 30000]: LP
	bnd = 30000.000000
	its = 1
	hyp = 74 / 338
	cut = 85
4899 [0, 30000]: LP
	bnd = 30000.000000
	its = 1
	hyp = 74 / 338
	cut = 95
5139 [0, 30000]: LP
	bnd = 30000.000000
	its = 1
	hyp = 74 / 338
	cut = 105
5381 [0, 30000]: LP
	bnd = 30000.000000
	its = 1
	hyp = 77 / 338
	cut = 115
5621 [0, 30000]: LP
	bnd = 30000.000000
	its = 1
	hyp = 77 / 338
	cut = 125
5874 [0, 30000]: LP
	bnd = 30000.000000
	its = 1
	hyp = 80 / 338
	cut = 136
6124 [0, 30000]: LP
	bnd = 30000.000000
	its = 1
	hyp = 80 / 338
	cut = 147
6371 [0, 30000]: LP
	bnd = 30000.000000
	its = 1
	hyp = 80 / 338
	cut = 158
6617 [0, 30000]: LP
	bnd = 30000.000000
	its = 1
	hyp = 80 / 338
	cut = 169
6864 [0, 30000]: LP
	bnd = 30000.000000
	its = 1
	hyp = 80 / 338
	cut = 180
7110 [0, 30000]: LP
	bnd = 30000.000000
	its = 1
	hyp = 80 / 338
	cut = 191
7358 [0, 30000]: LP
	bnd = 30000.000000
	its = 1
	hyp = 80 / 338
	cut = 202
7607 [0, 30000]: LP
	bnd = 30000.000000
	its = 1
	hyp = 80 / 338
	cut = 213
7857 [0, 30000]: LP
	bnd = 30000.000000
	its = 1
	hyp = 80 / 338
	cut = 224
8078 [30000, 30000]: HEURISTIC 3
