hypergraph with 10052 vertices and 473369 hyperarcs generated in 922
956 [0, 30000]: LP
	bnd = 30000.000000
	its = 12
	hyp = 123 / 148
	cut = 0
1609 [0, 30000]: LP
	bnd = 30000.000000
	its = 10
	hyp = 151 / 404
	cut = 14
1991 [0, 30000]: LP
	bnd = 30000.000000
	its = 5
	hyp = 130 / 478
	cut = 28
2504 [0, 30000]: LP
	bnd = 30000.000000
	its = 7
	hyp = 210 / 668
	cut = 44
2727 [0, 30000]: LP
	bnd = 30000.000000
	its = 2
	hyp = 205 / 707
	cut = 60
2924 [0, 30000]: LP
	bnd = 30000.000000
	its = 1
	hyp = 193 / 707
	cut = 75
3211 [0, 30000]: LP
	bnd = 30000.000000
	its = 3
	hyp = 236 / 770
	cut = 89
3546 [0, 30000]: LP
	bnd = 30000.000000
	its = 3
	hyp = 246 / 834
	cut = 104
3813 [0, 30000]: LP
	bnd = 30000.000000
	its = 2
	hyp = 230 / 869
	cut = 119
4085 [0, 30000]: LP
	bnd = 30000.000000
	its = 2
	hyp = 230 / 892
	cut = 134
4381 [0, 30000]: LP
	bnd = 30000.000000
	its = 2
	hyp = 198 / 922
	cut = 149
4650 [0, 30000]: LP
	bnd = 30000.000000
	its = 2
	hyp = 304 / 942
	cut = 164
4949 [0, 30000]: LP
	bnd = 30000.000000
	its = 2
	hyp = 295 / 974
	cut = 180
5234 [0, 30000]: LP
	bnd = 30000.000000
	its = 2
	hyp = 272 / 998
	cut = 196
5314 [30000, 30000]: HEURISTIC 3
