hypergraph with 10802 vertices and 494983 hyperarcs generated in 2603
3321 [0, 30000]: LP
	bnd = 30000.000000
	its = 14
	hyp = 113 / 154
	cut = 0
4075 [0, 30000]: LP
	bnd = 30000.000000
	its = 3
	hyp = 71 / 275
	cut = 12
4522 [0, 30000]: LP
	bnd = 30000.000000
	its = 1
	hyp = 141 / 275
	cut = 25
4931 [0, 30000]: LP
	bnd = 30000.000000
	its = 1
	hyp = 66 / 275
	cut = 43
5342 [0, 30000]: LP
	bnd = 30000.000000
	its = 1
	hyp = 99 / 275
	cut = 59
5749 [0, 30000]: LP
	bnd = 30000.000000
	its = 1
	hyp = 78 / 275
	cut = 74
6157 [0, 30000]: LP
	bnd = 30000.000000
	its = 1
	hyp = 80 / 275
	cut = 89
6566 [0, 30000]: LP
	bnd = 30000.000000
	its = 1
	hyp = 80 / 275
	cut = 104
6993 [0, 30000]: LP
	bnd = 30000.000000
	its = 1
	hyp = 80 / 275
	cut = 119
7426 [0, 30000]: LP
	bnd = 30000.000000
	its = 1
	hyp = 79 / 275
	cut = 134
7857 [0, 30000]: LP
	bnd = 30000.000000
	its = 1
	hyp = 79 / 275
	cut = 149
8267 [0, 30000]: LP
	bnd = 30000.000000
	its = 1
	hyp = 66 / 275
	cut = 164
8674 [0, 30000]: LP
	bnd = 30000.000000
	its = 1
	hyp = 66 / 275
	cut = 179
9080 [0, 30000]: LP
	bnd = 30000.000000
	its = 1
	hyp = 66 / 275
	cut = 194
9486 [0, 30000]: LP
	bnd = 30000.000000
	its = 1
	hyp = 66 / 275
	cut = 209
9893 [0, 30000]: LP
	bnd = 30000.000000
	its = 1
	hyp = 66 / 275
	cut = 224
10300 [0, 30000]: LP
	bnd = 30000.000000
	its = 1
	hyp = 66 / 275
	cut = 239
10706 [0, 30000]: LP
	bnd = 30000.000000
	its = 1
	hyp = 66 / 275
	cut = 254
11113 [0, 30000]: LP
	bnd = 30000.000000
	its = 1
	hyp = 66 / 275
	cut = 269
11520 [0, 30000]: LP
	bnd = 30000.000000
	its = 1
	hyp = 66 / 275
	cut = 284
11927 [0, 30000]: LP
	bnd = 30000.000000
	its = 1
	hyp = 66 / 275
	cut = 299
12336 [0, 30000]: LP
	bnd = 30000.000000
	its = 1
	hyp = 66 / 275
	cut = 314
12743 [0, 30000]: LP
	bnd = 30000.000000
	its = 1
	hyp = 66 / 275
	cut = 329
13150 [0, 30000]: LP
	bnd = 30000.000000
	its = 1
	hyp = 66 / 275
	cut = 344
13557 [0, 30000]: LP
	bnd = 30000.000000
	its = 1
	hyp = 66 / 275
	cut = 359
13964 [0, 30000]: LP
	bnd = 30000.000000
	its = 1
	hyp = 66 / 275
	cut = 374
14371 [0, 30000]: LP
	bnd = 30000.000000
	its = 1
	hyp = 66 / 275
	cut = 389
14777 [0, 30000]: LP
	bnd = 30000.000000
	its = 1
	hyp = 66 / 275
	cut = 404
15184 [0, 30000]: LP
	bnd = 30000.000000
	its = 1
	hyp = 66 / 275
	cut = 419
15591 [0, 30000]: LP
	bnd = 30000.000000
	its = 1
	hyp = 66 / 275
	cut = 434
15998 [0, 30000]: LP
	bnd = 30000.000000
	its = 1
	hyp = 66 / 275
	cut = 449
16404 [0, 30000]: LP
	bnd = 30000.000000
	its = 1
	hyp = 66 / 275
	cut = 464
16810 [0, 30000]: LP
	bnd = 30000.000000
	its = 1
	hyp = 66 / 275
	cut = 479
17217 [0, 30000]: LP
	bnd = 30000.000000
	its = 1
	hyp = 66 / 275
	cut = 494
17624 [0, 30000]: LP
	bnd = 30000.000000
	its = 1
	hyp = 66 / 275
	cut = 509
18031 [0, 30000]: LP
	bnd = 30000.000000
	its = 1
	hyp = 66 / 275
	cut = 524
18438 [0, 30000]: LP
	bnd = 30000.000000
	its = 1
	hyp = 66 / 275
	cut = 539
18844 [0, 30000]: LP
	bnd = 30000.000000
	its = 1
	hyp = 66 / 275
	cut = 554
19253 [0, 30000]: LP
	bnd = 30000.000000
	its = 1
	hyp = 66 / 275
	cut = 569
19660 [0, 30000]: LP
	bnd = 30000.000000
	its = 1
	hyp = 66 / 275
	cut = 584
20068 [0, 30000]: LP
	bnd = 30000.000000
	its = 1
	hyp = 66 / 275
	cut = 599
20475 [0, 30000]: LP
	bnd = 30000.000000
	its = 1
	hyp = 66 / 275
	cut = 614
20882 [0, 30000]: LP
	bnd = 30000.000000
	its = 1
	hyp = 66 / 275
	cut = 629
21288 [0, 30000]: LP
	bnd = 30000.000000
	its = 1
	hyp = 66 / 275
	cut = 644
21694 [0, 30000]: LP
	bnd = 30000.000000
	its = 1
	hyp = 66 / 275
	cut = 659
22101 [0, 30000]: LP
	bnd = 30000.000000
	its = 1
	hyp = 66 / 275
	cut = 674
22508 [0, 30000]: LP
	bnd = 30000.000000
	its = 1
	hyp = 66 / 275
	cut = 689
22915 [0, 30000]: LP
	bnd = 30000.000000
	its = 1
	hyp = 66 / 275
	cut = 704
23322 [0, 30000]: LP
	bnd = 30000.000000
	its = 1
	hyp = 66 / 275
	cut = 719
23729 [0, 30000]: LP
	bnd = 30000.000000
	its = 1
	hyp = 66 / 275
	cut = 734
24136 [0, 30000]: LP
	bnd = 30000.000000
	its = 1
	hyp = 66 / 275
	cut = 749
24542 [0, 30000]: LP
	bnd = 30000.000000
	its = 1
	hyp = 66 / 275
	cut = 764
24948 [0, 30000]: LP
	bnd = 30000.000000
	its = 1
	hyp = 66 / 275
	cut = 779
25354 [0, 30000]: LP
	bnd = 30000.000000
	its = 1
	hyp = 66 / 275
	cut = 794
25761 [0, 30000]: LP
	bnd = 30000.000000
	its = 1
	hyp = 66 / 275
	cut = 809
26167 [0, 30000]: LP
	bnd = 30000.000000
	its = 1
	hyp = 66 / 275
	cut = 824
26574 [0, 30000]: LP
	bnd = 30000.000000
	its = 1
	hyp = 66 / 275
	cut = 839
26981 [0, 30000]: LP
	bnd = 30000.000000
	its = 1
	hyp = 66 / 275
	cut = 854
27387 [0, 30000]: LP
	bnd = 30000.000000
	its = 1
	hyp = 66 / 275
	cut = 869
27794 [0, 30000]: LP
	bnd = 30000.000000
	its = 1
	hyp = 66 / 275
	cut = 884
28201 [0, 30000]: LP
	bnd = 30000.000000
	its = 1
	hyp = 66 / 275
	cut = 899
28607 [0, 30000]: LP
	bnd = 30000.000000
	its = 1
	hyp = 66 / 275
	cut = 914
29013 [0, 30000]: LP
	bnd = 30000.000000
	its = 1
	hyp = 66 / 275
	cut = 929
29420 [0, 30000]: LP
	bnd = 30000.000000
	its = 1
	hyp = 66 / 275
	cut = 944
29828 [0, 30000]: LP
	bnd = 30000.000000
	its = 1
	hyp = 66 / 275
	cut = 959
30239 [0, 30000]: LP
	bnd = 30000.000000
	its = 1
	hyp = 66 / 275
	cut = 974
30646 [0, 30000]: LP
	bnd = 30000.000000
	its = 1
	hyp = 66 / 275
	cut = 989
31064 [0, 30000]: LP
	bnd = 30000.000000
	its = 1
	hyp = 66 / 275
	cut = 1004
31481 [0, 30000]: LP
	bnd = 30000.000000
	its = 1
	hyp = 66 / 275
	cut = 1019
31888 [0, 30000]: LP
	bnd = 30000.000000
	its = 1
	hyp = 66 / 275
	cut = 1034
32295 [0, 30000]: LP
	bnd = 30000.000000
	its = 1
	hyp = 66 / 275
	cut = 1049
32495 [30000, 30000]: HEURISTIC 3
