hypergraph with 9605 vertices and 288368 hyperarcs generated in 170
763 [0, 29824]: LP
	bnd = 29824.564453
	its = 23
	hyp = 127 / 220
	cut = 0
766 [0, 29824]: HEURISTIC 3
767 [0, 29824]: LABEL
	tot = 8
	max = 1
770 [0, 29794]: LABEL
	tot = 80
	max = 1
774 [0, 29764]: LABEL
	tot = 110
	max = 2
778 [0, 29735]: LABEL
	tot = 145
	max = 2
784 [0, 29705]: LABEL
	tot = 192
	max = 2
791 [0, 29675]: LABEL
	tot = 264
	max = 2
802 [0, 29646]: LABEL
	tot = 462
	max = 3
816 [0, 29616]: LABEL
	tot = 591
	max = 4
834 [0, 29586]: LABEL
	tot = 781
	max = 4
855 [29523, 29557]: LABEL
	tot = 953
	max = 4
881 [29523, 29527]: LABEL
	tot = 1096
	max = 4
908 [29523, 29523]: LABEL
	tot = 1148
	max = 4
