hypergraph with 9266 vertices and 365015 hyperarcs generated in 115
498 [0, 29537]: LP
	bnd = 29537.955078
	its = 17
	hyp = 144 / 244
	cut = 0
500 [0, 29537]: HEURISTIC 3
501 [0, 29537]: LABEL
	tot = 11
	max = 1
504 [0, 29508]: LABEL
	tot = 153
	max = 2
507 [0, 29478]: LABEL
	tot = 207
	max = 2
513 [0, 29449]: LABEL
	tot = 395
	max = 3
519 [0, 29419]: LABEL
	tot = 499
	max = 3
527 [0, 29390]: LABEL
	tot = 638
	max = 3
537 [0, 29361]: LABEL
	tot = 776
	max = 4
549 [0, 29331]: LABEL
	tot = 934
	max = 4
564 [0, 29302]: LABEL
	tot = 1082
	max = 4
580 [0, 29273]: LABEL
	tot = 1239
	max = 4
599 [0, 29243]: LABEL
	tot = 1410
	max = 5
622 [0, 29214]: LABEL
	tot = 1649
	max = 7
647 [0, 29185]: LABEL
	tot = 1824
	max = 8
676 [0, 29156]: LABEL
	tot = 2052
	max = 9
709 [0, 29127]: LABEL
	tot = 2377
	max = 9
747 [0, 29097]: LABEL
	tot = 2654
	max = 9
790 [0, 29068]: LABEL
	tot = 3035
	max = 9
839 [0, 29039]: LABEL
	tot = 3318
	max = 9
894 [0, 29010]: LABEL
	tot = 3800
	max = 10
958 [0, 28981]: LABEL
	tot = 4262
	max = 10
1030 [0, 28952]: LABEL
	tot = 4848
	max = 11
1112 [0, 28923]: LABEL
	tot = 5481
	max = 13
1208 [28706, 28894]: LABEL
	tot = 6170
	max = 13
1344 [28706, 28866]: LABEL
	tot = 6984
	max = 15
1464 [28706, 28866]: LP
	bnd = 29340.447266
	its = 31
	hyp = 221 / 695
	cut = 14
	restart
1558 [28706, 28837]: LABEL
	tot = 4500
	max = 13
1658 [28706, 28808]: LABEL
	tot = 5016
	max = 14
1768 [28706, 28779]: LABEL
	tot = 5746
	max = 16
1891 [28706, 28750]: LABEL
	tot = 6492
	max = 18
2029 [28706, 28721]: LABEL
	tot = 7398
	max = 20
2179 [28706, 28706]: LABEL
	tot = 7854
	max = 20
