hypergraph with 10052 vertices and 477665 hyperarcs generated in 829
914 [0, 30000]: LP
	bnd = 30000.000000
	its = 11
	hyp = 94 / 121
	cut = 0
1562 [0, 30000]: LP
	bnd = 30000.000000
	its = 10
	hyp = 101 / 288
	cut = 13
1947 [0, 30000]: LP
	bnd = 30000.000000
	its = 5
	hyp = 133 / 357
	cut = 27
2494 [0, 30000]: LP
	bnd = 30000.000000
	its = 8
	hyp = 159 / 473
	cut = 42
2668 [0, 30000]: LP
	bnd = 30000.000000
	its = 1
	hyp = 128 / 473
	cut = 56
2967 [0, 30000]: LP
	bnd = 30000.000000
	its = 3
	hyp = 116 / 524
	cut = 70
3229 [0, 30000]: LP
	bnd = 30000.000000
	its = 2
	hyp = 126 / 556
	cut = 85
3574 [0, 30000]: LP
	bnd = 30000.000000
	its = 4
	hyp = 136 / 584
	cut = 101
3870 [0, 30000]: LP
	bnd = 30000.000000
	its = 3
	hyp = 156 / 637
	cut = 117
4153 [0, 30000]: LP
	bnd = 30000.000000
	its = 2
	hyp = 166 / 652
	cut = 133
4475 [30000, 30000]: HEURISTIC 3
