hypergraph with 10052 vertices and 480519 hyperarcs generated in 1020
923 [0, 30000]: LP
	bnd = 30000.000000
	its = 11
	hyp = 117 / 212
	cut = 0
1459 [0, 30000]: LP
	bnd = 30000.000000
	its = 7
	hyp = 147 / 456
	cut = 15
1886 [0, 30000]: LP
	bnd = 30000.000000
	its = 5
	hyp = 180 / 562
	cut = 30
2177 [0, 30000]: LP
	bnd = 30000.000000
	its = 3
	hyp = 147 / 615
	cut = 45
2524 [0, 30000]: LP
	bnd = 30000.000000
	its = 4
	hyp = 170 / 706
	cut = 60
2885 [0, 30000]: LP
	bnd = 30000.000000
	its = 4
	hyp = 164 / 783
	cut = 75
3214 [0, 30000]: LP
	bnd = 30000.000000
	its = 3
	hyp = 237 / 864
	cut = 91
3667 [0, 30000]: LP
	bnd = 30000.005859
	its = 5
	hyp = 211 / 965
	cut = 108
3961 [0, 30000]: LP
	bnd = 30000.005859
	its = 2
	hyp = 200 / 984
	cut = 125
4310 [0, 30000]: LP
	bnd = 30000.000000
	its = 3
	hyp = 218 / 1047
	cut = 142
4511 [0, 30000]: LP
	bnd = 30000.000000
	its = 1
	hyp = 160 / 1047
	cut = 159
4800 [0, 30000]: LP
	bnd = 30000.000000
	its = 2
	hyp = 168 / 1063
	cut = 176
5088 [0, 30000]: LP
	bnd = 30000.000000
	its = 2
	hyp = 204 / 1106
	cut = 192
5297 [0, 30000]: LP
	bnd = 30000.000000
	its = 1
	hyp = 190 / 1106
	cut = 208
5474 [30000, 30000]: HEURISTIC 3
