hypergraph with 9149 vertices and 300534 hyperarcs generated in 100
623 [0, 28575]: LP
	bnd = 28575.832031
	its = 26
	hyp = 182 / 376
	cut = 0
627 [0, 28575]: HEURISTIC 3
630 [0, 28575]: LABEL
	tot = 135
	max = 1
634 [0, 28547]: LABEL
	tot = 230
	max = 1
639 [0, 28518]: LABEL
	tot = 303
	max = 2
645 [0, 28490]: LABEL
	tot = 328
	max = 2
654 [0, 28461]: LABEL
	tot = 606
	max = 2
664 [0, 28433]: LABEL
	tot = 674
	max = 2
676 [0, 28404]: LABEL
	tot = 785
	max = 3
692 [0, 28376]: LABEL
	tot = 1028
	max = 3
709 [0, 28348]: LABEL
	tot = 1240
	max = 4
730 [0, 28319]: LABEL
	tot = 1463
	max = 4
754 [0, 28291]: LABEL
	tot = 1595
	max = 4
780 [0, 28263]: LABEL
	tot = 1841
	max = 5
810 [0, 28234]: LABEL
	tot = 2078
	max = 5
844 [0, 28206]: LABEL
	tot = 2421
	max = 6
881 [0, 28178]: LABEL
	tot = 2641
	max = 6
922 [0, 28150]: LABEL
	tot = 2883
	max = 6
969 [0, 28122]: LABEL
	tot = 3193
	max = 7
1019 [0, 28093]: LABEL
	tot = 3377
	max = 7
1075 [0, 28065]: LABEL
	tot = 3661
	max = 8
1135 [0, 28037]: LABEL
	tot = 4010
	max = 8
1204 [27659, 28009]: LABEL
	tot = 4307
	max = 8
1269 [27659, 27981]: LABEL
	tot = 4684
	max = 9
1288 [27659, 27981]: LP
	bnd = 28480.468750
	its = 21
	hyp = 228 / 766
	cut = 14
	restart
1355 [27659, 27953]: LABEL
	tot = 4131
	max = 9
1425 [27659, 27925]: LABEL
	tot = 4408
	max = 9
1499 [27659, 27897]: LABEL
	tot = 4774
	max = 9
1579 [27659, 27869]: LABEL
	tot = 5086
	max = 9
1667 [27659, 27842]: LABEL
	tot = 5391
	max = 10
1752 [27659, 27814]: LABEL
	tot = 5753
	max = 10
1842 [27659, 27786]: LABEL
	tot = 6152
	max = 10
1940 [27659, 27758]: LABEL
	tot = 6590
	max = 11
2022 [27659, 27758]: LP
	bnd = 28415.697266
	its = 24
	hyp = 277 / 923
	cut = 29
	restart
2132 [27659, 27730]: LABEL
	tot = 6730
	max = 10
2243 [27659, 27703]: LABEL
	tot = 7178
	max = 10
2364 [27659, 27675]: LABEL
	tot = 7621
	max = 13
2490 [27659, 27659]: LABEL
	tot = 7960
	max = 14
