hypergraph with 7871 vertices and 219851 hyperarcs generated in 109
463 [0, 29017]: LP
	bnd = 29017.550781
	its = 19
	hyp = 169 / 255
	cut = 0
466 [0, 29017]: HEURISTIC 3
468 [0, 29017]: LABEL
	tot = 87
	max = 1
470 [0, 28988]: LABEL
	tot = 138
	max = 1
472 [0, 28959]: LABEL
	tot = 163
	max = 1
475 [0, 28930]: LABEL
	tot = 190
	max = 2
478 [0, 28901]: LABEL
	tot = 248
	max = 2
481 [0, 28872]: LABEL
	tot = 274
	max = 2
486 [0, 28843]: LABEL
	tot = 368
	max = 2
491 [0, 28815]: LABEL
	tot = 412
	max = 3
496 [0, 28786]: LABEL
	tot = 456
	max = 3
503 [0, 28757]: LABEL
	tot = 488
	max = 4
510 [0, 28728]: LABEL
	tot = 512
	max = 4
517 [0, 28699]: LABEL
	tot = 585
	max = 4
526 [0, 28671]: LABEL
	tot = 719
	max = 4
537 [0, 28642]: LABEL
	tot = 751
	max = 4
547 [0, 28613]: LABEL
	tot = 795
	max = 4
559 [0, 28585]: LABEL
	tot = 882
	max = 4
572 [0, 28556]: LABEL
	tot = 937
	max = 4
587 [0, 28528]: LABEL
	tot = 1025
	max = 4
603 [0, 28499]: LABEL
	tot = 1218
	max = 4
620 [0, 28471]: LABEL
	tot = 1319
	max = 5
640 [0, 28442]: LABEL
	tot = 1442
	max = 5
660 [0, 28414]: LABEL
	tot = 1580
	max = 6
683 [0, 28385]: LABEL
	tot = 1678
	max = 6
707 [0, 28357]: LABEL
	tot = 1822
	max = 6
735 [0, 28329]: LABEL
	tot = 2034
	max = 6
765 [0, 28300]: LABEL
	tot = 2259
	max = 6
797 [0, 28272]: LABEL
	tot = 2375
	max = 6
832 [0, 28244]: LABEL
	tot = 2578
	max = 7
870 [0, 28215]: LABEL
	tot = 2803
	max = 7
912 [0, 28187]: LABEL
	tot = 3062
	max = 7
957 [0, 28159]: LABEL
	tot = 3396
	max = 7
1008 [0, 28131]: LABEL
	tot = 3737
	max = 9
1062 [0, 28103]: LABEL
	tot = 3989
	max = 9
1120 [0, 28075]: LABEL
	tot = 4257
	max = 10
1183 [0, 28047]: LABEL
	tot = 4636
	max = 10
1250 [0, 28019]: LABEL
	tot = 4959
	max = 10
1302 [0, 28019]: LP
	bnd = 28887.900391
	its = 33
	hyp = 208 / 656
	cut = 13
	restart
1389 [0, 27990]: LABEL
	tot = 5680
	max = 12
1494 [0, 27963]: LABEL
	tot = 6117
	max = 14
1602 [0, 27935]: LABEL
	tot = 6502
	max = 15
1719 [0, 27907]: LABEL
	tot = 7018
	max = 16
1844 [0, 27879]: LABEL
	tot = 7602
	max = 17
1966 [0, 27879]: LP
	bnd = 28793.267578
	its = 23
	hyp = 267 / 824
	cut = 27
	restart
2084 [0, 27851]: LABEL
	tot = 6942
	max = 16
2208 [0, 27823]: LABEL
	tot = 7515
	max = 18
2340 [0, 27795]: LABEL
	tot = 8066
	max = 19
2482 [0, 27767]: LABEL
	tot = 8645
	max = 20
2635 [0, 27740]: LABEL
	tot = 9455
	max = 21
2690 [0, 27740]: LP
	bnd = 28704.609375
	its = 25
	hyp = 247 / 1048
	cut = 41
	restart
2838 [0, 27712]: LABEL
	tot = 8941
	max = 23
2992 [0, 27684]: LABEL
	tot = 9629
	max = 24
3158 [0, 27656]: LABEL
	tot = 10343
	max = 28
3333 [0, 27629]: LABEL
	tot = 11015
	max = 31
3462 [0, 27629]: LP
	bnd = 28631.376953
	its = 26
	hyp = 293 / 1181
	cut = 55
	restart
3628 [0, 27601]: LABEL
	tot = 10494
	max = 24
3806 [0, 27574]: LABEL
	tot = 11255
	max = 26
3974 [0, 27546]: LABEL
	tot = 12063
	max = 28
4153 [0, 27518]: LABEL
	tot = 12906
	max = 30
4261 [0, 27518]: LP
	bnd = 28562.107422
	its = 25
	hyp = 404 / 1295
	cut = 69
	restart
4440 [27426, 27491]: LABEL
	tot = 12680
	max = 27
4627 [27426, 27463]: LABEL
	tot = 13597
	max = 28
4829 [27426, 27436]: LABEL
	tot = 14561
	max = 32
5037 [27426, 27426]: LABEL
	tot = 14975
	max = 32
