hypergraph with 10802 vertices and 491381 hyperarcs generated in 1143
4448 [0, 30000]: LP
	bnd = 30000.000000
	its = 23
	hyp = 242 / 273
	cut = 0
7700 [0, 30000]: LP
	bnd = 30000.000000
	its = 20
	hyp = 271 / 855
	cut = 48
10044 [0, 30000]: LP
	bnd = 30000.000000
	its = 13
	hyp = 411 / 1224
	cut = 102
11437 [0, 30000]: LP
	bnd = 30000.000000
	its = 5
	hyp = 374 / 1350
	cut = 161
12960 [0, 30000]: LP
	bnd = 30000.000000
	its = 6
	hyp = 458 / 1507
	cut = 221
14448 [0, 30000]: LP
	bnd = 30000.000000
	its = 5
	hyp = 450 / 1610
	cut = 284
16248 [0, 30000]: LP
	bnd = 30000.000000
	its = 6
	hyp = 463 / 1766
	cut = 347
17980 [0, 30000]: LP
	bnd = 30000.000000
	its = 5
	hyp = 432 / 1905
	cut = 410
19510 [0, 30000]: LP
	bnd = 30000.000000
	its = 4
	hyp = 502 / 1985
	cut = 473
21420 [0, 30000]: LP
	bnd = 30000.000000
	its = 4
	hyp = 494 / 2096
	cut = 537
22867 [0, 30000]: LP
	bnd = 30000.000000
	its = 3
	hyp = 502 / 2178
	cut = 602
23163 [30000, 30000]: HEURISTIC 3
