hypergraph with 10802 vertices and 488593 hyperarcs generated in 1131
4312 [0, 30000]: LP
	bnd = 30000.000000
	its = 22
	hyp = 215 / 323
	cut = 0
7849 [0, 30000]: LP
	bnd = 30000.000000
	its = 22
	hyp = 301 / 990
	cut = 42
10342 [0, 30000]: LP
	bnd = 30000.000000
	its = 14
	hyp = 374 / 1295
	cut = 92
12797 [0, 30000]: LP
	bnd = 30000.000000
	its = 13
	hyp = 374 / 1535
	cut = 148
14944 [0, 30000]: LP
	bnd = 30000.000000
	its = 10
	hyp = 485 / 1726
	cut = 207
16660 [0, 30000]: LP
	bnd = 30000.000000
	its = 7
	hyp = 438 / 1856
	cut = 269
18861 [0, 30000]: LP
	bnd = 30000.000000
	its = 9
	hyp = 388 / 2027
	cut = 332
19085 [30000, 30000]: HEURISTIC 3
