hypergraph with 9256 vertices and 366026 hyperarcs generated in 204
315 [0, 29770]: LP
	bnd = 29770.906250
	its = 10
	hyp = 96 / 136
	cut = 0
318 [0, 29770]: HEURISTIC 3
320 [29470, 29770]: LABEL
	tot = 95
	max = 2
324 [29470, 29741]: LABEL
	tot = 185
	max = 2
328 [29470, 29711]: LABEL
	tot = 277
	max = 2
333 [29470, 29681]: LABEL
	tot = 405
	max = 3
341 [29470, 29652]: LABEL
	tot = 482
	max = 3
350 [29470, 29622]: LABEL
	tot = 625
	max = 4
365 [29470, 29592]: LABEL
	tot = 812
	max = 5
382 [29470, 29563]: LABEL
	tot = 946
	max = 7
402 [29470, 29533]: LABEL
	tot = 1120
	max = 8
425 [29470, 29504]: LABEL
	tot = 1269
	max = 8
451 [29470, 29474]: LABEL
	tot = 1455
	max = 11
478 [29470, 29470]: LABEL
	tot = 1455
	max = 11
