hypergraph with 10802 vertices and 492195 hyperarcs generated in 2265
3275 [0, 30000]: LP
	bnd = 30000.000000
	its = 14
	hyp = 234 / 247
	cut = 0
4664 [0, 30000]: LP
	bnd = 30000.000000
	its = 7
	hyp = 207 / 469
	cut = 22
5514 [0, 30000]: LP
	bnd = 30000.000000
	its = 4
	hyp = 232 / 532
	cut = 42
6264 [0, 30000]: LP
	bnd = 30000.000000
	its = 3
	hyp = 288 / 610
	cut = 65
6710 [0, 30000]: LP
	bnd = 30000.000000
	its = 1
	hyp = 230 / 610
	cut = 89
7207 [0, 30000]: LP
	bnd = 30000.000000
	its = 1
	hyp = 210 / 610
	cut = 113
7839 [0, 30000]: LP
	bnd = 30000.000000
	its = 2
	hyp = 304 / 684
	cut = 137
8292 [0, 30000]: LP
	bnd = 30000.000000
	its = 1
	hyp = 199 / 684
	cut = 162
8721 [0, 30000]: LP
	bnd = 30000.000000
	its = 1
	hyp = 143 / 684
	cut = 186
9147 [0, 30000]: LP
	bnd = 30000.000000
	its = 1
	hyp = 143 / 684
	cut = 210
9573 [0, 30000]: LP
	bnd = 30000.000000
	its = 1
	hyp = 143 / 684
	cut = 234
10003 [0, 30000]: LP
	bnd = 30000.000000
	its = 1
	hyp = 143 / 684
	cut = 258
10431 [0, 30000]: LP
	bnd = 30000.000000
	its = 1
	hyp = 143 / 684
	cut = 282
10859 [0, 30000]: LP
	bnd = 30000.000000
	its = 1
	hyp = 143 / 684
	cut = 306
11286 [0, 30000]: LP
	bnd = 30000.000000
	its = 1
	hyp = 143 / 684
	cut = 330
11712 [0, 30000]: LP
	bnd = 30000.000000
	its = 1
	hyp = 143 / 684
	cut = 354
12155 [0, 30000]: LP
	bnd = 30000.000000
	its = 1
	hyp = 143 / 684
	cut = 378
12670 [0, 30000]: LP
	bnd = 30000.000000
	its = 1
	hyp = 143 / 684
	cut = 402
13179 [0, 30000]: LP
	bnd = 30000.000000
	its = 1
	hyp = 143 / 684
	cut = 426
13686 [0, 30000]: LP
	bnd = 30000.000000
	its = 1
	hyp = 143 / 684
	cut = 450
14118 [0, 30000]: LP
	bnd = 30000.000000
	its = 1
	hyp = 143 / 684
	cut = 473
14575 [0, 30000]: LP
	bnd = 30000.000000
	its = 1
	hyp = 135 / 684
	cut = 496
15017 [0, 30000]: LP
	bnd = 30000.000000
	its = 1
	hyp = 135 / 684
	cut = 519
15458 [0, 30000]: LP
	bnd = 30000.000000
	its = 1
	hyp = 135 / 684
	cut = 542
15899 [0, 30000]: LP
	bnd = 30000.000000
	its = 1
	hyp = 135 / 684
	cut = 565
16344 [0, 30000]: LP
	bnd = 30000.000000
	its = 1
	hyp = 135 / 684
	cut = 588
16787 [0, 30000]: LP
	bnd = 30000.000000
	its = 1
	hyp = 135 / 684
	cut = 611
17229 [0, 30000]: LP
	bnd = 30000.000000
	its = 1
	hyp = 135 / 684
	cut = 634
17670 [0, 30000]: LP
	bnd = 30000.000000
	its = 1
	hyp = 135 / 684
	cut = 657
18115 [0, 30000]: LP
	bnd = 30000.000000
	its = 1
	hyp = 135 / 684
	cut = 680
18557 [0, 30000]: LP
	bnd = 30000.000000
	its = 1
	hyp = 135 / 684
	cut = 703
18997 [0, 30000]: LP
	bnd = 30000.000000
	its = 1
	hyp = 135 / 684
	cut = 726
19438 [0, 30000]: LP
	bnd = 30000.000000
	its = 1
	hyp = 135 / 684
	cut = 749
19879 [0, 30000]: LP
	bnd = 30000.000000
	its = 1
	hyp = 135 / 684
	cut = 772
20319 [0, 30000]: LP
	bnd = 30000.000000
	its = 1
	hyp = 135 / 684
	cut = 795
20763 [0, 30000]: LP
	bnd = 30000.000000
	its = 1
	hyp = 135 / 684
	cut = 818
21206 [0, 30000]: LP
	bnd = 30000.000000
	its = 1
	hyp = 135 / 684
	cut = 841
21650 [0, 30000]: LP
	bnd = 30000.000000
	its = 1
	hyp = 135 / 684
	cut = 864
22095 [0, 30000]: LP
	bnd = 30000.000000
	its = 1
	hyp = 135 / 684
	cut = 887
22541 [0, 30000]: LP
	bnd = 30000.000000
	its = 1
	hyp = 135 / 684
	cut = 910
22985 [0, 30000]: LP
	bnd = 30000.000000
	its = 1
	hyp = 135 / 684
	cut = 933
23429 [0, 30000]: LP
	bnd = 30000.000000
	its = 1
	hyp = 135 / 684
	cut = 956
23873 [0, 30000]: LP
	bnd = 30000.000000
	its = 1
	hyp = 135 / 684
	cut = 979
24315 [0, 30000]: LP
	bnd = 30000.000000
	its = 1
	hyp = 135 / 684
	cut = 1002
24755 [0, 30000]: LP
	bnd = 30000.000000
	its = 1
	hyp = 135 / 684
	cut = 1025
25197 [0, 30000]: LP
	bnd = 30000.000000
	its = 1
	hyp = 135 / 684
	cut = 1048
25640 [0, 30000]: LP
	bnd = 30000.000000
	its = 1
	hyp = 135 / 684
	cut = 1071
26083 [0, 30000]: LP
	bnd = 30000.000000
	its = 1
	hyp = 135 / 684
	cut = 1094
26525 [0, 30000]: LP
	bnd = 30000.000000
	its = 1
	hyp = 135 / 684
	cut = 1117
26966 [0, 30000]: LP
	bnd = 30000.000000
	its = 1
	hyp = 135 / 684
	cut = 1140
27417 [0, 30000]: LP
	bnd = 30000.000000
	its = 1
	hyp = 135 / 684
	cut = 1163
27859 [0, 30000]: LP
	bnd = 30000.000000
	its = 1
	hyp = 135 / 684
	cut = 1186
28300 [0, 30000]: LP
	bnd = 30000.000000
	its = 1
	hyp = 135 / 684
	cut = 1209
28742 [0, 30000]: LP
	bnd = 30000.000000
	its = 1
	hyp = 135 / 684
	cut = 1232
29186 [0, 30000]: LP
	bnd = 30000.000000
	its = 1
	hyp = 135 / 684
	cut = 1255
29632 [0, 30000]: LP
	bnd = 30000.000000
	its = 1
	hyp = 135 / 684
	cut = 1278
29979 [30000, 30000]: HEURISTIC 3
