hypergraph with 9607 vertices and 408960 hyperarcs generated in 186
971 [0, 29923]: LP
	bnd = 29923.126953
	its = 28
	hyp = 133 / 267
	cut = 0
974 [0, 29923]: HEURISTIC 3
975 [0, 29923]: LABEL
	tot = 10
	max = 1
979 [0, 29893]: LABEL
	tot = 167
	max = 2
985 [0, 29863]: LABEL
	tot = 230
	max = 2
993 [0, 29833]: LABEL
	tot = 325
	max = 3
1004 [0, 29803]: LABEL
	tot = 469
	max = 3
1020 [0, 29773]: LABEL
	tot = 644
	max = 3
1042 [0, 29744]: LABEL
	tot = 882
	max = 3
1070 [0, 29714]: LABEL
	tot = 1179
	max = 5
1107 [0, 29684]: LABEL
	tot = 1576
	max = 8
1156 [0, 29654]: LABEL
	tot = 1994
	max = 8
1218 [0, 29625]: LABEL
	tot = 2562
	max = 8
1299 [0, 29595]: LABEL
	tot = 3417
	max = 12
1402 [29502, 29566]: LABEL
	tot = 4395
	max = 13
1531 [29502, 29536]: LABEL
	tot = 5640
	max = 20
1691 [29502, 29506]: LABEL
	tot = 7156
	max = 23
1860 [29502, 29502]: LABEL
	tot = 7493
	max = 25
