hypergraph with 10802 vertices and 494907 hyperarcs generated in 2862
3176 [0, 30000]: LP
	bnd = 30000.000000
	its = 13
	hyp = 106 / 131
	cut = 0
3804 [0, 30000]: LP
	bnd = 30000.000000
	its = 2
	hyp = 91 / 171
	cut = 8
4204 [0, 30000]: LP
	bnd = 30000.000000
	its = 1
	hyp = 84 / 171
	cut = 14
4616 [0, 30000]: LP
	bnd = 30000.000000
	its = 1
	hyp = 84 / 171
	cut = 20
5014 [0, 30000]: LP
	bnd = 30000.000000
	its = 1
	hyp = 84 / 171
	cut = 24
5412 [0, 30000]: LP
	bnd = 30000.000000
	its = 1
	hyp = 84 / 171
	cut = 28
5808 [0, 30000]: LP
	bnd = 30000.000000
	its = 1
	hyp = 84 / 171
	cut = 32
6206 [0, 30000]: LP
	bnd = 30000.000000
	its = 1
	hyp = 84 / 171
	cut = 36
6614 [0, 30000]: LP
	bnd = 30000.000000
	its = 1
	hyp = 84 / 171
	cut = 40
7010 [0, 30000]: LP
	bnd = 30000.000000
	its = 1
	hyp = 84 / 171
	cut = 44
7425 [0, 30000]: LP
	bnd = 30000.000000
	its = 1
	hyp = 84 / 171
	cut = 48
7826 [0, 30000]: LP
	bnd = 30000.000000
	its = 1
	hyp = 84 / 171
	cut = 52
8224 [0, 30000]: LP
	bnd = 30000.000000
	its = 1
	hyp = 84 / 171
	cut = 56
8620 [0, 30000]: LP
	bnd = 30000.000000
	its = 1
	hyp = 84 / 171
	cut = 60
9023 [0, 30000]: LP
	bnd = 30000.000000
	its = 1
	hyp = 84 / 171
	cut = 64
9422 [0, 30000]: LP
	bnd = 30000.000000
	its = 1
	hyp = 84 / 171
	cut = 68
9829 [0, 30000]: LP
	bnd = 30000.000000
	its = 1
	hyp = 84 / 171
	cut = 72
10234 [0, 30000]: LP
	bnd = 30000.000000
	its = 1
	hyp = 84 / 171
	cut = 76
10639 [0, 30000]: LP
	bnd = 30000.000000
	its = 1
	hyp = 84 / 171
	cut = 80
11039 [0, 30000]: LP
	bnd = 30000.000000
	its = 1
	hyp = 84 / 171
	cut = 84
11437 [0, 30000]: LP
	bnd = 30000.000000
	its = 1
	hyp = 84 / 171
	cut = 88
11835 [0, 30000]: LP
	bnd = 30000.000000
	its = 1
	hyp = 84 / 171
	cut = 92
12232 [0, 30000]: LP
	bnd = 30000.000000
	its = 1
	hyp = 84 / 171
	cut = 96
12636 [0, 30000]: LP
	bnd = 30000.000000
	its = 1
	hyp = 84 / 171
	cut = 100
13032 [0, 30000]: LP
	bnd = 30000.000000
	its = 1
	hyp = 84 / 171
	cut = 104
13429 [0, 30000]: LP
	bnd = 30000.000000
	its = 1
	hyp = 84 / 171
	cut = 108
13828 [0, 30000]: LP
	bnd = 30000.000000
	its = 1
	hyp = 84 / 171
	cut = 112
14226 [0, 30000]: LP
	bnd = 30000.000000
	its = 1
	hyp = 84 / 171
	cut = 116
14622 [0, 30000]: LP
	bnd = 30000.000000
	its = 1
	hyp = 84 / 171
	cut = 120
15019 [0, 30000]: LP
	bnd = 30000.000000
	its = 1
	hyp = 84 / 171
	cut = 124
15416 [0, 30000]: LP
	bnd = 30000.000000
	its = 1
	hyp = 84 / 171
	cut = 128
15812 [0, 30000]: LP
	bnd = 30000.000000
	its = 1
	hyp = 84 / 171
	cut = 132
16209 [0, 30000]: LP
	bnd = 30000.000000
	its = 1
	hyp = 84 / 171
	cut = 136
16606 [0, 30000]: LP
	bnd = 30000.000000
	its = 1
	hyp = 84 / 171
	cut = 140
17002 [0, 30000]: LP
	bnd = 30000.000000
	its = 1
	hyp = 84 / 171
	cut = 144
17399 [0, 30000]: LP
	bnd = 30000.000000
	its = 1
	hyp = 84 / 171
	cut = 148
17796 [0, 30000]: LP
	bnd = 30000.000000
	its = 1
	hyp = 84 / 171
	cut = 152
18195 [0, 30000]: LP
	bnd = 30000.000000
	its = 1
	hyp = 84 / 171
	cut = 156
18591 [0, 30000]: LP
	bnd = 30000.000000
	its = 1
	hyp = 84 / 171
	cut = 160
18988 [0, 30000]: LP
	bnd = 30000.000000
	its = 1
	hyp = 84 / 171
	cut = 164
19386 [0, 30000]: LP
	bnd = 30000.000000
	its = 1
	hyp = 84 / 171
	cut = 168
19783 [0, 30000]: LP
	bnd = 30000.000000
	its = 1
	hyp = 84 / 171
	cut = 172
20179 [0, 30000]: LP
	bnd = 30000.000000
	its = 1
	hyp = 84 / 171
	cut = 176
20576 [0, 30000]: LP
	bnd = 30000.000000
	its = 1
	hyp = 84 / 171
	cut = 180
20973 [0, 30000]: LP
	bnd = 30000.000000
	its = 1
	hyp = 84 / 171
	cut = 184
21376 [0, 30000]: LP
	bnd = 30000.000000
	its = 1
	hyp = 84 / 171
	cut = 188
21772 [0, 30000]: LP
	bnd = 30000.000000
	its = 1
	hyp = 84 / 171
	cut = 192
22175 [0, 30000]: LP
	bnd = 30000.000000
	its = 1
	hyp = 84 / 171
	cut = 196
22571 [0, 30000]: LP
	bnd = 30000.000000
	its = 1
	hyp = 84 / 171
	cut = 200
22974 [0, 30000]: LP
	bnd = 30000.000000
	its = 1
	hyp = 84 / 171
	cut = 204
23370 [0, 30000]: LP
	bnd = 30000.000000
	its = 1
	hyp = 84 / 171
	cut = 208
23773 [0, 30000]: LP
	bnd = 30000.000000
	its = 1
	hyp = 84 / 171
	cut = 212
24170 [0, 30000]: LP
	bnd = 30000.000000
	its = 1
	hyp = 84 / 171
	cut = 216
24573 [0, 30000]: LP
	bnd = 30000.000000
	its = 1
	hyp = 84 / 171
	cut = 220
24968 [0, 30000]: LP
	bnd = 30000.000000
	its = 1
	hyp = 84 / 171
	cut = 224
25368 [0, 30000]: LP
	bnd = 30000.000000
	its = 1
	hyp = 84 / 171
	cut = 228
25764 [0, 30000]: LP
	bnd = 30000.000000
	its = 1
	hyp = 84 / 171
	cut = 232
26160 [0, 30000]: LP
	bnd = 30000.000000
	its = 1
	hyp = 84 / 171
	cut = 236
26557 [0, 30000]: LP
	bnd = 30000.000000
	its = 1
	hyp = 84 / 171
	cut = 240
26952 [0, 30000]: LP
	bnd = 30000.000000
	its = 1
	hyp = 84 / 171
	cut = 244
27350 [0, 30000]: LP
	bnd = 30000.000000
	its = 1
	hyp = 84 / 171
	cut = 248
27746 [0, 30000]: LP
	bnd = 30000.000000
	its = 1
	hyp = 84 / 171
	cut = 252
28143 [0, 30000]: LP
	bnd = 30000.000000
	its = 1
	hyp = 84 / 171
	cut = 256
28539 [0, 30000]: LP
	bnd = 30000.000000
	its = 1
	hyp = 84 / 171
	cut = 260
28936 [0, 30000]: LP
	bnd = 30000.000000
	its = 1
	hyp = 84 / 171
	cut = 264
29332 [0, 30000]: LP
	bnd = 30000.000000
	its = 1
	hyp = 84 / 171
	cut = 268
29729 [0, 30000]: LP
	bnd = 30000.000000
	its = 1
	hyp = 84 / 171
	cut = 272
30128 [0, 30000]: LP
	bnd = 30000.000000
	its = 1
	hyp = 84 / 171
	cut = 276
30525 [0, 30000]: LP
	bnd = 30000.000000
	its = 1
	hyp = 84 / 171
	cut = 280
30922 [0, 30000]: LP
	bnd = 30000.000000
	its = 1
	hyp = 84 / 171
	cut = 284
31318 [0, 30000]: LP
	bnd = 30000.000000
	its = 1
	hyp = 84 / 171
	cut = 288
31715 [0, 30000]: LP
	bnd = 30000.000000
	its = 1
	hyp = 84 / 171
	cut = 292
32113 [0, 30000]: LP
	bnd = 30000.000000
	its = 1
	hyp = 84 / 171
	cut = 296
32510 [0, 30000]: LP
	bnd = 30000.000000
	its = 1
	hyp = 84 / 171
	cut = 300
32907 [0, 30000]: LP
	bnd = 30000.000000
	its = 1
	hyp = 84 / 171
	cut = 304
33304 [0, 30000]: LP
	bnd = 30000.000000
	its = 1
	hyp = 84 / 171
	cut = 308
33701 [0, 30000]: LP
	bnd = 30000.000000
	its = 1
	hyp = 84 / 171
	cut = 312
34120 [0, 30000]: LP
	bnd = 30000.000000
	its = 1
	hyp = 84 / 171
	cut = 316
34518 [0, 30000]: LP
	bnd = 30000.000000
	its = 1
	hyp = 84 / 171
	cut = 320
34915 [0, 30000]: LP
	bnd = 30000.000000
	its = 1
	hyp = 84 / 171
	cut = 324
35312 [0, 30000]: LP
	bnd = 30000.000000
	its = 1
	hyp = 84 / 171
	cut = 328
35709 [0, 30000]: LP
	bnd = 30000.000000
	its = 1
	hyp = 84 / 171
	cut = 332
36105 [0, 30000]: LP
	bnd = 30000.000000
	its = 1
	hyp = 84 / 171
	cut = 336
36502 [30000, 30000]: LP
	bnd = 30000.000000
	its = 1
	hyp = 84 / 171
	cut = 340
36528 [30000, 30000]: HEURISTIC 3
