hypergraph with 9460 vertices and 297948 hyperarcs generated in 124
453 [0, 29335]: LP
	bnd = 29335.732422
	its = 16
	hyp = 114 / 183
	cut = 0
455 [0, 29335]: HEURISTIC 3
456 [0, 29335]: LABEL
	tot = 10
	max = 1
459 [0, 29306]: LABEL
	tot = 154
	max = 2
461 [0, 29277]: LABEL
	tot = 171
	max = 2
465 [0, 29247]: LABEL
	tot = 208
	max = 2
469 [0, 29218]: LABEL
	tot = 358
	max = 3
474 [0, 29189]: LABEL
	tot = 443
	max = 3
481 [0, 29160]: LABEL
	tot = 557
	max = 3
488 [0, 29130]: LABEL
	tot = 594
	max = 3
496 [0, 29101]: LABEL
	tot = 801
	max = 3
507 [0, 29072]: LABEL
	tot = 935
	max = 3
518 [0, 29043]: LABEL
	tot = 1056
	max = 3
530 [0, 29014]: LABEL
	tot = 1144
	max = 3
544 [0, 28985]: LABEL
	tot = 1362
	max = 3
560 [0, 28956]: LABEL
	tot = 1434
	max = 3
576 [0, 28927]: LABEL
	tot = 1550
	max = 4
594 [0, 28898]: LABEL
	tot = 1672
	max = 4
614 [0, 28869]: LABEL
	tot = 1793
	max = 4
636 [0, 28840]: LABEL
	tot = 1927
	max = 5
660 [0, 28812]: LABEL
	tot = 2080
	max = 5
687 [0, 28783]: LABEL
	tot = 2260
	max = 6
716 [0, 28754]: LABEL
	tot = 2416
	max = 6
748 [0, 28725]: LABEL
	tot = 2613
	max = 6
782 [0, 28697]: LABEL
	tot = 2869
	max = 6
819 [0, 28668]: LABEL
	tot = 3125
	max = 7
860 [0, 28639]: LABEL
	tot = 3393
	max = 7
905 [0, 28611]: LABEL
	tot = 3694
	max = 7
953 [0, 28582]: LABEL
	tot = 4069
	max = 7
1004 [0, 28553]: LABEL
	tot = 4393
	max = 8
1062 [0, 28525]: LABEL
	tot = 4810
	max = 9
1125 [0, 28496]: LABEL
	tot = 5241
	max = 10
1193 [0, 28468]: LABEL
	tot = 5761
	max = 12
1205 [0, 28468]: LP
	bnd = 29223.556641
	its = 25
	hyp = 157 / 544
	cut = 12
	restart
1296 [0, 28439]: LABEL
	tot = 6378
	max = 19
1392 [0, 28411]: LABEL
	tot = 6838
	max = 21
1499 [0, 28382]: LABEL
	tot = 7432
	max = 21
1613 [0, 28354]: LABEL
	tot = 7988
	max = 21
1732 [0, 28326]: LABEL
	tot = 8562
	max = 21
1861 [0, 28297]: LABEL
	tot = 9217
	max = 21
1928 [0, 28297]: LP
	bnd = 29070.912109
	its = 23
	hyp = 242 / 742
	cut = 26
	restart
2047 [0, 28269]: LABEL
	tot = 7209
	max = 20
2171 [0, 28241]: LABEL
	tot = 7839
	max = 20
2303 [0, 28213]: LABEL
	tot = 8398
	max = 20
2445 [0, 28184]: LABEL
	tot = 9035
	max = 23
2597 [0, 28156]: LABEL
	tot = 9842
	max = 23
2761 [0, 28128]: LABEL
	tot = 10450
	max = 23
2936 [0, 28100]: LABEL
	tot = 11281
	max = 26
3057 [0, 28100]: LP
	bnd = 29007.015625
	its = 36
	hyp = 283 / 954
	cut = 40
	restart
3245 [0, 28072]: LABEL
	tot = 11185
	max = 17
3443 [0, 28044]: LABEL
	tot = 12076
	max = 19
3657 [0, 28016]: LABEL
	tot = 12971
	max = 20
3889 [27917, 27988]: LABEL
	tot = 13900
	max = 20
3955 [27917, 27988]: LP
	bnd = 28950.550781
	its = 25
	hyp = 362 / 1137
	cut = 56
	restart
4188 [27917, 27960]: LABEL
	tot = 18833
	max = 27
4435 [27917, 27932]: LABEL
	tot = 20089
	max = 29
4697 [27917, 27917]: LABEL
	tot = 20955
	max = 29
