hypergraph with 10302 vertices and 491816 hyperarcs generated in 1437
2158 [0, 30000]: LP
	bnd = 30000.000000
	its = 19
	hyp = 141 / 172
	cut = 0
3257 [0, 30000]: LP
	bnd = 30000.000000
	its = 10
	hyp = 168 / 515
	cut = 18
3946 [0, 30000]: LP
	bnd = 30000.000000
	its = 6
	hyp = 136 / 648
	cut = 39
4231 [0, 30000]: LP
	bnd = 30000.000000
	its = 1
	hyp = 144 / 648
	cut = 58
4597 [0, 30000]: LP
	bnd = 30000.000000
	its = 2
	hyp = 129 / 669
	cut = 80
4903 [0, 30000]: LP
	bnd = 30000.000000
	its = 1
	hyp = 133 / 669
	cut = 100
5189 [0, 30000]: LP
	bnd = 30000.000000
	its = 1
	hyp = 158 / 669
	cut = 121
5492 [0, 30000]: LP
	bnd = 30000.000000
	its = 1
	hyp = 127 / 669
	cut = 141
5783 [0, 30000]: LP
	bnd = 30000.000000
	its = 1
	hyp = 117 / 669
	cut = 161
6073 [0, 30000]: LP
	bnd = 30000.000000
	its = 1
	hyp = 117 / 669
	cut = 180
6347 [0, 30000]: LP
	bnd = 30000.000000
	its = 1
	hyp = 120 / 669
	cut = 199
6618 [0, 30000]: LP
	bnd = 30000.000000
	its = 1
	hyp = 120 / 669
	cut = 216
6889 [0, 30000]: LP
	bnd = 30000.000000
	its = 1
	hyp = 120 / 669
	cut = 233
7153 [0, 30000]: LP
	bnd = 30000.000000
	its = 1
	hyp = 202 / 669
	cut = 250
7416 [0, 30000]: LP
	bnd = 30000.000000
	its = 1
	hyp = 100 / 669
	cut = 267
7676 [0, 30000]: LP
	bnd = 30000.000000
	its = 1
	hyp = 100 / 669
	cut = 283
7937 [0, 30000]: LP
	bnd = 30000.000000
	its = 1
	hyp = 100 / 669
	cut = 299
8198 [0, 30000]: LP
	bnd = 30000.000000
	its = 1
	hyp = 100 / 669
	cut = 315
8458 [0, 30000]: LP
	bnd = 30000.000000
	its = 1
	hyp = 100 / 669
	cut = 331
8722 [0, 30000]: LP
	bnd = 30000.000000
	its = 1
	hyp = 100 / 669
	cut = 347
8985 [0, 30000]: LP
	bnd = 30000.000000
	its = 1
	hyp = 100 / 669
	cut = 363
9246 [0, 30000]: LP
	bnd = 30000.000000
	its = 1
	hyp = 100 / 669
	cut = 379
9508 [0, 30000]: LP
	bnd = 30000.000000
	its = 1
	hyp = 100 / 669
	cut = 395
9769 [0, 30000]: LP
	bnd = 30000.000000
	its = 1
	hyp = 100 / 669
	cut = 411
10030 [0, 30000]: LP
	bnd = 30000.000000
	its = 1
	hyp = 100 / 669
	cut = 427
10291 [0, 30000]: LP
	bnd = 30000.000000
	its = 1
	hyp = 100 / 669
	cut = 443
10551 [0, 30000]: LP
	bnd = 30000.000000
	its = 1
	hyp = 100 / 669
	cut = 459
10812 [0, 30000]: LP
	bnd = 30000.000000
	its = 1
	hyp = 100 / 669
	cut = 475
11072 [0, 30000]: LP
	bnd = 30000.000000
	its = 1
	hyp = 100 / 669
	cut = 491
11332 [0, 30000]: LP
	bnd = 30000.000000
	its = 1
	hyp = 100 / 669
	cut = 507
11593 [0, 30000]: LP
	bnd = 30000.000000
	its = 1
	hyp = 100 / 669
	cut = 523
11854 [0, 30000]: LP
	bnd = 30000.000000
	its = 1
	hyp = 100 / 669
	cut = 539
12114 [0, 30000]: LP
	bnd = 30000.000000
	its = 1
	hyp = 100 / 669
	cut = 555
12374 [0, 30000]: LP
	bnd = 30000.000000
	its = 1
	hyp = 100 / 669
	cut = 571
12634 [0, 30000]: LP
	bnd = 30000.000000
	its = 1
	hyp = 100 / 669
	cut = 587
12895 [0, 30000]: LP
	bnd = 30000.000000
	its = 1
	hyp = 100 / 669
	cut = 603
13155 [0, 30000]: LP
	bnd = 30000.000000
	its = 1
	hyp = 100 / 669
	cut = 619
13417 [0, 30000]: LP
	bnd = 30000.000000
	its = 1
	hyp = 100 / 669
	cut = 635
13677 [0, 30000]: LP
	bnd = 30000.000000
	its = 1
	hyp = 100 / 669
	cut = 651
13938 [0, 30000]: LP
	bnd = 30000.000000
	its = 1
	hyp = 100 / 669
	cut = 667
14198 [0, 30000]: LP
	bnd = 30000.000000
	its = 1
	hyp = 100 / 669
	cut = 683
14462 [0, 30000]: LP
	bnd = 30000.000000
	its = 1
	hyp = 100 / 669
	cut = 699
14730 [0, 30000]: LP
	bnd = 30000.000000
	its = 1
	hyp = 100 / 669
	cut = 715
14991 [0, 30000]: LP
	bnd = 30000.000000
	its = 1
	hyp = 100 / 669
	cut = 731
15252 [0, 30000]: LP
	bnd = 30000.000000
	its = 1
	hyp = 100 / 669
	cut = 747
15513 [0, 30000]: LP
	bnd = 30000.000000
	its = 1
	hyp = 100 / 669
	cut = 763
15555 [30000, 30000]: HEURISTIC 3
