hypergraph with 10802 vertices and 487986 hyperarcs generated in 2694
2782 [0, 30000]: LP
	bnd = 30000.000000
	its = 10
	hyp = 133 / 139
	cut = 0
3782 [0, 30000]: LP
	bnd = 30000.000000
	its = 5
	hyp = 120 / 281
	cut = 19
4628 [0, 30000]: LP
	bnd = 30000.000000
	its = 4
	hyp = 85 / 327
	cut = 37
5042 [0, 30000]: LP
	bnd = 30000.000000
	its = 1
	hyp = 86 / 327
	cut = 54
5457 [0, 30000]: LP
	bnd = 30000.000000
	its = 1
	hyp = 77 / 327
	cut = 73
5871 [0, 30000]: LP
	bnd = 30000.000000
	its = 1
	hyp = 77 / 327
	cut = 92
6280 [0, 30000]: LP
	bnd = 30000.000000
	its = 1
	hyp = 75 / 327
	cut = 111
6688 [0, 30000]: LP
	bnd = 30000.000000
	its = 1
	hyp = 75 / 327
	cut = 129
7098 [0, 30000]: LP
	bnd = 30000.000000
	its = 1
	hyp = 75 / 327
	cut = 147
7506 [0, 30000]: LP
	bnd = 30000.000000
	its = 1
	hyp = 75 / 327
	cut = 165
7915 [0, 30000]: LP
	bnd = 30000.000000
	its = 1
	hyp = 75 / 327
	cut = 183
8324 [0, 30000]: LP
	bnd = 30000.000000
	its = 1
	hyp = 75 / 327
	cut = 201
8730 [0, 30000]: LP
	bnd = 30000.000000
	its = 1
	hyp = 75 / 327
	cut = 219
9140 [0, 30000]: LP
	bnd = 30000.000000
	its = 1
	hyp = 75 / 327
	cut = 237
9550 [0, 30000]: LP
	bnd = 30000.000000
	its = 1
	hyp = 75 / 327
	cut = 255
9958 [0, 30000]: LP
	bnd = 30000.000000
	its = 1
	hyp = 75 / 327
	cut = 273
10366 [0, 30000]: LP
	bnd = 30000.000000
	its = 1
	hyp = 75 / 327
	cut = 291
10774 [0, 30000]: LP
	bnd = 30000.000000
	its = 1
	hyp = 75 / 327
	cut = 309
11182 [0, 30000]: LP
	bnd = 30000.000000
	its = 1
	hyp = 75 / 327
	cut = 327
11591 [0, 30000]: LP
	bnd = 30000.000000
	its = 1
	hyp = 75 / 327
	cut = 345
11999 [0, 30000]: LP
	bnd = 30000.000000
	its = 1
	hyp = 75 / 327
	cut = 363
12408 [0, 30000]: LP
	bnd = 30000.000000
	its = 1
	hyp = 75 / 327
	cut = 381
12816 [0, 30000]: LP
	bnd = 30000.000000
	its = 1
	hyp = 75 / 327
	cut = 399
13224 [0, 30000]: LP
	bnd = 30000.000000
	its = 1
	hyp = 75 / 327
	cut = 417
13631 [0, 30000]: LP
	bnd = 30000.000000
	its = 1
	hyp = 75 / 327
	cut = 435
14039 [0, 30000]: LP
	bnd = 30000.000000
	its = 1
	hyp = 75 / 327
	cut = 453
14447 [0, 30000]: LP
	bnd = 30000.000000
	its = 1
	hyp = 75 / 327
	cut = 471
14856 [0, 30000]: LP
	bnd = 30000.000000
	its = 1
	hyp = 75 / 327
	cut = 489
15266 [0, 30000]: LP
	bnd = 30000.000000
	its = 1
	hyp = 75 / 327
	cut = 507
15681 [0, 30000]: LP
	bnd = 30000.000000
	its = 1
	hyp = 75 / 327
	cut = 525
16089 [0, 30000]: LP
	bnd = 30000.000000
	its = 1
	hyp = 75 / 327
	cut = 543
16497 [0, 30000]: LP
	bnd = 30000.000000
	its = 1
	hyp = 75 / 327
	cut = 561
16909 [0, 30000]: LP
	bnd = 30000.000000
	its = 1
	hyp = 75 / 327
	cut = 579
17317 [0, 30000]: LP
	bnd = 30000.000000
	its = 1
	hyp = 75 / 327
	cut = 597
17725 [0, 30000]: LP
	bnd = 30000.000000
	its = 1
	hyp = 75 / 327
	cut = 615
18133 [0, 30000]: LP
	bnd = 30000.000000
	its = 1
	hyp = 75 / 327
	cut = 633
18542 [0, 30000]: LP
	bnd = 30000.000000
	its = 1
	hyp = 75 / 327
	cut = 651
18950 [0, 30000]: LP
	bnd = 30000.000000
	its = 1
	hyp = 75 / 327
	cut = 669
19360 [0, 30000]: LP
	bnd = 30000.000000
	its = 1
	hyp = 75 / 327
	cut = 687
19767 [0, 30000]: LP
	bnd = 30000.000000
	its = 1
	hyp = 75 / 327
	cut = 705
20178 [0, 30000]: LP
	bnd = 30000.000000
	its = 1
	hyp = 75 / 327
	cut = 723
20587 [0, 30000]: LP
	bnd = 30000.000000
	its = 1
	hyp = 75 / 327
	cut = 741
20996 [0, 30000]: LP
	bnd = 30000.000000
	its = 1
	hyp = 75 / 327
	cut = 759
21404 [0, 30000]: LP
	bnd = 30000.000000
	its = 1
	hyp = 75 / 327
	cut = 777
21812 [0, 30000]: LP
	bnd = 30000.000000
	its = 1
	hyp = 75 / 327
	cut = 795
22220 [0, 30000]: LP
	bnd = 30000.000000
	its = 1
	hyp = 75 / 327
	cut = 813
22629 [0, 30000]: LP
	bnd = 30000.000000
	its = 1
	hyp = 75 / 327
	cut = 831
23037 [0, 30000]: LP
	bnd = 30000.000000
	its = 1
	hyp = 75 / 327
	cut = 849
23448 [0, 30000]: LP
	bnd = 30000.000000
	its = 1
	hyp = 75 / 327
	cut = 867
23856 [0, 30000]: LP
	bnd = 30000.000000
	its = 1
	hyp = 75 / 327
	cut = 885
24266 [0, 30000]: LP
	bnd = 30000.000000
	its = 1
	hyp = 75 / 327
	cut = 903
24674 [0, 30000]: LP
	bnd = 30000.000000
	its = 1
	hyp = 75 / 327
	cut = 921
25083 [0, 30000]: LP
	bnd = 30000.000000
	its = 1
	hyp = 75 / 327
	cut = 939
25493 [0, 30000]: LP
	bnd = 30000.000000
	its = 1
	hyp = 75 / 327
	cut = 957
25903 [0, 30000]: LP
	bnd = 30000.000000
	its = 1
	hyp = 75 / 327
	cut = 975
26312 [0, 30000]: LP
	bnd = 30000.000000
	its = 1
	hyp = 75 / 327
	cut = 993
26721 [0, 30000]: LP
	bnd = 30000.000000
	its = 1
	hyp = 75 / 327
	cut = 1011
27132 [0, 30000]: LP
	bnd = 30000.000000
	its = 1
	hyp = 75 / 327
	cut = 1029
27540 [0, 30000]: LP
	bnd = 30000.000000
	its = 1
	hyp = 75 / 327
	cut = 1047
27948 [0, 30000]: LP
	bnd = 30000.000000
	its = 1
	hyp = 75 / 327
	cut = 1065
28357 [0, 30000]: LP
	bnd = 30000.000000
	its = 1
	hyp = 75 / 327
	cut = 1083
28765 [0, 30000]: LP
	bnd = 30000.000000
	its = 1
	hyp = 75 / 327
	cut = 1101
29178 [0, 30000]: LP
	bnd = 30000.000000
	its = 1
	hyp = 75 / 327
	cut = 1119
29598 [0, 30000]: LP
	bnd = 30000.000000
	its = 1
	hyp = 75 / 327
	cut = 1137
30006 [0, 30000]: LP
	bnd = 30000.000000
	its = 1
	hyp = 75 / 327
	cut = 1155
30414 [0, 30000]: LP
	bnd = 30000.000000
	its = 1
	hyp = 75 / 327
	cut = 1173
30823 [0, 30000]: LP
	bnd = 30000.000000
	its = 1
	hyp = 75 / 327
	cut = 1191
31232 [0, 30000]: LP
	bnd = 30000.000000
	its = 1
	hyp = 75 / 327
	cut = 1209
31649 [0, 30000]: LP
	bnd = 30000.000000
	its = 1
	hyp = 75 / 327
	cut = 1225
32061 [0, 30000]: LP
	bnd = 30000.000000
	its = 1
	hyp = 75 / 327
	cut = 1241
32471 [0, 30000]: LP
	bnd = 30000.000000
	its = 1
	hyp = 75 / 327
	cut = 1257
32553 [30000, 30000]: HEURISTIC 3
