hypergraph with 8771 vertices and 153017 hyperarcs generated in 95
437 [0, 29067]: LP
	bnd = 29067.074219
	its = 21
	hyp = 166 / 263
	cut = 0
441 [0, 29067]: HEURISTIC 3
443 [0, 29067]: LABEL
	tot = 169
	max = 2
446 [0, 29038]: LABEL
	tot = 243
	max = 2
450 [0, 29008]: LABEL
	tot = 263
	max = 2
454 [0, 28979]: LABEL
	tot = 282
	max = 2
458 [0, 28950]: LABEL
	tot = 329
	max = 2
462 [0, 28922]: LABEL
	tot = 331
	max = 2
466 [0, 28893]: LABEL
	tot = 342
	max = 2
470 [0, 28864]: LABEL
	tot = 372
	max = 2
475 [0, 28835]: LABEL
	tot = 377
	max = 2
480 [0, 28806]: LABEL
	tot = 386
	max = 2
488 [0, 28777]: LABEL
	tot = 721
	max = 3
497 [0, 28748]: LABEL
	tot = 784
	max = 3
507 [0, 28720]: LABEL
	tot = 828
	max = 3
517 [0, 28691]: LABEL
	tot = 884
	max = 3
527 [0, 28662]: LABEL
	tot = 930
	max = 3
539 [0, 28634]: LABEL
	tot = 1115
	max = 5
553 [0, 28605]: LABEL
	tot = 1177
	max = 5
567 [0, 28576]: LABEL
	tot = 1200
	max = 5
580 [0, 28548]: LABEL
	tot = 1229
	max = 5
596 [0, 28519]: LABEL
	tot = 1387
	max = 5
613 [27849, 28491]: LABEL
	tot = 1446
	max = 5
631 [27849, 28462]: LABEL
	tot = 1613
	max = 5
651 [27849, 28434]: LABEL
	tot = 1777
	max = 5
673 [27849, 28405]: LABEL
	tot = 1875
	max = 5
696 [27849, 28377]: LABEL
	tot = 2008
	max = 7
720 [27849, 28349]: LABEL
	tot = 2143
	max = 8
745 [27849, 28320]: LABEL
	tot = 2211
	max = 8
772 [27849, 28292]: LABEL
	tot = 2333
	max = 8
800 [27849, 28264]: LABEL
	tot = 2441
	max = 8
828 [27849, 28235]: LABEL
	tot = 2498
	max = 8
859 [27849, 28207]: LABEL
	tot = 2658
	max = 8
891 [27849, 28179]: LABEL
	tot = 2794
	max = 8
923 [27849, 28179]: LP
	bnd = 28917.857422
	its = 20
	hyp = 185 / 477
	cut = 11
	restart
962 [27966, 28151]: LABEL
	tot = 2930
	max = 10
1000 [27966, 28123]: LABEL
	tot = 3047
	max = 10
1041 [27966, 28094]: LABEL
	tot = 3121
	max = 10
1083 [27966, 28066]: LABEL
	tot = 3247
	max = 10
1128 [27966, 28038]: LABEL
	tot = 3434
	max = 11
1174 [27966, 28010]: LABEL
	tot = 3551
	max = 11
1224 [27966, 27982]: LABEL
	tot = 3735
	max = 11
1275 [27966, 27966]: LABEL
	tot = 3827
	max = 11
