hypergraph with 10802 vertices and 494164 hyperarcs generated in 1165
4776 [0, 30000]: LP
	bnd = 30000.000000
	its = 26
	hyp = 257 / 297
	cut = 0
9441 [0, 30000]: LP
	bnd = 30000.000000
	its = 29
	hyp = 375 / 1043
	cut = 54
11736 [0, 30000]: LP
	bnd = 30000.000000
	its = 12
	hyp = 469 / 1384
	cut = 117
14253 [0, 30000]: LP
	bnd = 30000.000000
	its = 12
	hyp = 518 / 1669
	cut = 183
16592 [0, 30000]: LP
	bnd = 30000.000000
	its = 9
	hyp = 590 / 1946
	cut = 251
18996 [0, 30000]: LP
	bnd = 30000.000000
	its = 8
	hyp = 534 / 2118
	cut = 323
21341 [0, 30000]: LP
	bnd = 30000.000000
	its = 7
	hyp = 583 / 2293
	cut = 396
23518 [0, 30000]: LP
	bnd = 30000.000000
	its = 6
	hyp = 549 / 2463
	cut = 470
25678 [0, 30000]: LP
	bnd = 30000.000000
	its = 5
	hyp = 651 / 2593
	cut = 544
25837 [30000, 30000]: HEURISTIC 3
