hypergraph with 10302 vertices and 485938 hyperarcs generated in 1389
1941 [0, 30000]: LP
	bnd = 30000.000000
	its = 16
	hyp = 145 / 182
	cut = 0
2724 [0, 30000]: LP
	bnd = 30000.000000
	its = 7
	hyp = 146 / 369
	cut = 15
3655 [0, 30000]: LP
	bnd = 30000.000000
	its = 9
	hyp = 248 / 573
	cut = 31
4129 [0, 30000]: LP
	bnd = 30000.000000
	its = 3
	hyp = 204 / 627
	cut = 50
4602 [0, 30000]: LP
	bnd = 30000.000000
	its = 3
	hyp = 153 / 664
	cut = 69
5094 [0, 30000]: LP
	bnd = 30000.000000
	its = 3
	hyp = 226 / 716
	cut = 92
5610 [0, 30000]: LP
	bnd = 30000.000000
	its = 3
	hyp = 216 / 766
	cut = 115
6200 [0, 30000]: LP
	bnd = 30000.000000
	its = 4
	hyp = 210 / 853
	cut = 138
6628 [0, 30000]: LP
	bnd = 30000.000000
	its = 2
	hyp = 267 / 881
	cut = 162
6949 [0, 30000]: LP
	bnd = 30000.000000
	its = 1
	hyp = 274 / 881
	cut = 186
7359 [0, 30000]: LP
	bnd = 30000.000000
	its = 2
	hyp = 247 / 915
	cut = 208
7661 [0, 30000]: LP
	bnd = 30000.000000
	its = 1
	hyp = 257 / 915
	cut = 229
8067 [0, 30000]: LP
	bnd = 30000.000000
	its = 2
	hyp = 259 / 938
	cut = 250
8410 [0, 30000]: LP
	bnd = 30000.000000
	its = 1
	hyp = 267 / 938
	cut = 271
9072 [0, 30000]: LP
	bnd = 30000.000000
	its = 4
	hyp = 260 / 1011
	cut = 294
9385 [0, 30000]: LP
	bnd = 30000.000000
	its = 1
	hyp = 220 / 1011
	cut = 316
9726 [0, 30000]: LP
	bnd = 30000.000000
	its = 1
	hyp = 292 / 1011
	cut = 337
10066 [0, 30000]: LP
	bnd = 30000.000000
	its = 1
	hyp = 171 / 1011
	cut = 358
10538 [0, 30000]: LP
	bnd = 30000.000000
	its = 2
	hyp = 241 / 1048
	cut = 379
10861 [0, 30000]: LP
	bnd = 30000.000000
	its = 1
	hyp = 226 / 1048
	cut = 399
11314 [0, 30000]: LP
	bnd = 30000.000000
	its = 2
	hyp = 270 / 1077
	cut = 419
11631 [0, 30000]: LP
	bnd = 30000.000000
	its = 1
	hyp = 287 / 1077
	cut = 441
12106 [0, 30000]: LP
	bnd = 30000.000000
	its = 2
	hyp = 239 / 1104
	cut = 463
12513 [0, 30000]: LP
	bnd = 30000.000000
	its = 2
	hyp = 247 / 1125
	cut = 485
12863 [0, 30000]: LP
	bnd = 30000.000000
	its = 1
	hyp = 260 / 1125
	cut = 507
13235 [0, 30000]: LP
	bnd = 30000.000000
	its = 1
	hyp = 212 / 1125
	cut = 530
13398 [30000, 30000]: HEURISTIC 3
