hypergraph with 9705 vertices and 407584 hyperarcs generated in 188
948 [0, 29950]: LP
	bnd = 29950.751953
	its = 27
	hyp = 161 / 279
	cut = 0
951 [0, 29950]: HEURISTIC 3
952 [0, 29950]: LABEL
	tot = 1
	max = 1
956 [0, 29920]: LABEL
	tot = 101
	max = 1
963 [0, 29890]: LABEL
	tot = 245
	max = 3
974 [0, 29860]: LABEL
	tot = 366
	max = 5
990 [0, 29831]: LABEL
	tot = 522
	max = 5
1014 [0, 29801]: LABEL
	tot = 787
	max = 7
1046 [29685, 29771]: LABEL
	tot = 1097
	max = 8
1089 [29685, 29741]: LABEL
	tot = 1573
	max = 8
1147 [29685, 29711]: LABEL
	tot = 2210
	max = 10
1221 [29685, 29685]: LABEL
	tot = 2993
	max = 16
