hypergraph with 10802 vertices and 495610 hyperarcs generated in 3104
3332 [0, 30000]: LP
	bnd = 30000.000000
	its = 14
	hyp = 91 / 141
	cut = 0
3763 [0, 30000]: LP
	bnd = 30000.000000
	its = 1
	hyp = 57 / 141
	cut = 3
4169 [0, 30000]: LP
	bnd = 30000.000000
	its = 1
	hyp = 57 / 141
	cut = 6
4582 [0, 30000]: LP
	bnd = 30000.000000
	its = 1
	hyp = 57 / 141
	cut = 9
4984 [0, 30000]: LP
	bnd = 30000.000000
	its = 1
	hyp = 57 / 141
	cut = 12
5382 [0, 30000]: LP
	bnd = 30000.000000
	its = 1
	hyp = 57 / 141
	cut = 15
5786 [0, 30000]: LP
	bnd = 30000.000000
	its = 1
	hyp = 57 / 141
	cut = 18
6185 [0, 30000]: LP
	bnd = 30000.000000
	its = 1
	hyp = 57 / 141
	cut = 21
6586 [0, 30000]: LP
	bnd = 30000.000000
	its = 1
	hyp = 57 / 141
	cut = 24
6985 [0, 30000]: LP
	bnd = 30000.000000
	its = 1
	hyp = 57 / 141
	cut = 27
7384 [0, 30000]: LP
	bnd = 30000.000000
	its = 1
	hyp = 57 / 141
	cut = 30
7781 [0, 30000]: LP
	bnd = 30000.000000
	its = 1
	hyp = 57 / 141
	cut = 33
8181 [0, 30000]: LP
	bnd = 30000.000000
	its = 1
	hyp = 57 / 141
	cut = 36
8585 [0, 30000]: LP
	bnd = 30000.000000
	its = 1
	hyp = 57 / 141
	cut = 39
8983 [0, 30000]: LP
	bnd = 30000.000000
	its = 1
	hyp = 57 / 141
	cut = 42
9381 [0, 30000]: LP
	bnd = 30000.000000
	its = 1
	hyp = 57 / 141
	cut = 45
9778 [0, 30000]: LP
	bnd = 30000.000000
	its = 1
	hyp = 57 / 141
	cut = 48
10177 [0, 30000]: LP
	bnd = 30000.000000
	its = 1
	hyp = 57 / 141
	cut = 51
10575 [0, 30000]: LP
	bnd = 30000.000000
	its = 1
	hyp = 57 / 141
	cut = 54
10974 [0, 30000]: LP
	bnd = 30000.000000
	its = 1
	hyp = 57 / 141
	cut = 57
11372 [0, 30000]: LP
	bnd = 30000.000000
	its = 1
	hyp = 57 / 141
	cut = 60
11771 [0, 30000]: LP
	bnd = 30000.000000
	its = 1
	hyp = 57 / 141
	cut = 63
12168 [0, 30000]: LP
	bnd = 30000.000000
	its = 1
	hyp = 57 / 141
	cut = 66
12572 [0, 30000]: LP
	bnd = 30000.000000
	its = 1
	hyp = 57 / 141
	cut = 69
12971 [0, 30000]: LP
	bnd = 30000.000000
	its = 1
	hyp = 57 / 141
	cut = 72
13370 [0, 30000]: LP
	bnd = 30000.000000
	its = 1
	hyp = 57 / 141
	cut = 75
13775 [0, 30000]: LP
	bnd = 30000.000000
	its = 1
	hyp = 57 / 141
	cut = 78
14173 [0, 30000]: LP
	bnd = 30000.000000
	its = 1
	hyp = 57 / 141
	cut = 81
14572 [0, 30000]: LP
	bnd = 30000.000000
	its = 1
	hyp = 57 / 141
	cut = 84
14970 [0, 30000]: LP
	bnd = 30000.000000
	its = 1
	hyp = 57 / 141
	cut = 87
15368 [0, 30000]: LP
	bnd = 30000.000000
	its = 1
	hyp = 57 / 141
	cut = 90
15766 [0, 30000]: LP
	bnd = 30000.000000
	its = 1
	hyp = 57 / 141
	cut = 93
16164 [0, 30000]: LP
	bnd = 30000.000000
	its = 1
	hyp = 57 / 141
	cut = 96
16565 [0, 30000]: LP
	bnd = 30000.000000
	its = 1
	hyp = 57 / 141
	cut = 99
16964 [0, 30000]: LP
	bnd = 30000.000000
	its = 1
	hyp = 57 / 141
	cut = 102
17362 [0, 30000]: LP
	bnd = 30000.000000
	its = 1
	hyp = 57 / 141
	cut = 105
17764 [0, 30000]: LP
	bnd = 30000.000000
	its = 1
	hyp = 57 / 141
	cut = 108
18163 [0, 30000]: LP
	bnd = 30000.000000
	its = 1
	hyp = 57 / 141
	cut = 111
18562 [0, 30000]: LP
	bnd = 30000.000000
	its = 1
	hyp = 57 / 141
	cut = 114
18961 [0, 30000]: LP
	bnd = 30000.000000
	its = 1
	hyp = 57 / 141
	cut = 117
19359 [0, 30000]: LP
	bnd = 30000.000000
	its = 1
	hyp = 57 / 141
	cut = 120
19757 [0, 30000]: LP
	bnd = 30000.000000
	its = 1
	hyp = 57 / 141
	cut = 123
20156 [0, 30000]: LP
	bnd = 30000.000000
	its = 1
	hyp = 57 / 141
	cut = 126
20554 [0, 30000]: LP
	bnd = 30000.000000
	its = 1
	hyp = 57 / 141
	cut = 129
20952 [0, 30000]: LP
	bnd = 30000.000000
	its = 1
	hyp = 57 / 141
	cut = 132
21351 [0, 30000]: LP
	bnd = 30000.000000
	its = 1
	hyp = 57 / 141
	cut = 135
21752 [0, 30000]: LP
	bnd = 30000.000000
	its = 1
	hyp = 57 / 141
	cut = 138
22151 [0, 30000]: LP
	bnd = 30000.000000
	its = 1
	hyp = 57 / 141
	cut = 141
22549 [0, 30000]: LP
	bnd = 30000.000000
	its = 1
	hyp = 57 / 141
	cut = 144
22947 [0, 30000]: LP
	bnd = 30000.000000
	its = 1
	hyp = 57 / 141
	cut = 147
23346 [0, 30000]: LP
	bnd = 30000.000000
	its = 1
	hyp = 57 / 141
	cut = 150
23745 [0, 30000]: LP
	bnd = 30000.000000
	its = 1
	hyp = 57 / 141
	cut = 153
24143 [0, 30000]: LP
	bnd = 30000.000000
	its = 1
	hyp = 57 / 141
	cut = 156
24542 [0, 30000]: LP
	bnd = 30000.000000
	its = 1
	hyp = 57 / 141
	cut = 159
24940 [0, 30000]: LP
	bnd = 30000.000000
	its = 1
	hyp = 57 / 141
	cut = 162
25340 [0, 30000]: LP
	bnd = 30000.000000
	its = 1
	hyp = 57 / 141
	cut = 165
25738 [0, 30000]: LP
	bnd = 30000.000000
	its = 1
	hyp = 57 / 141
	cut = 168
26136 [0, 30000]: LP
	bnd = 30000.000000
	its = 1
	hyp = 57 / 141
	cut = 171
26535 [0, 30000]: LP
	bnd = 30000.000000
	its = 1
	hyp = 57 / 141
	cut = 174
26932 [0, 30000]: LP
	bnd = 30000.000000
	its = 1
	hyp = 57 / 141
	cut = 177
27330 [0, 30000]: LP
	bnd = 30000.000000
	its = 1
	hyp = 57 / 141
	cut = 180
27729 [0, 30000]: LP
	bnd = 30000.000000
	its = 1
	hyp = 57 / 141
	cut = 183
28127 [0, 30000]: LP
	bnd = 30000.000000
	its = 1
	hyp = 57 / 141
	cut = 186
28525 [0, 30000]: LP
	bnd = 30000.000000
	its = 1
	hyp = 57 / 141
	cut = 189
28924 [0, 30000]: LP
	bnd = 30000.000000
	its = 1
	hyp = 57 / 141
	cut = 192
29322 [0, 30000]: LP
	bnd = 30000.000000
	its = 1
	hyp = 57 / 141
	cut = 195
29720 [0, 30000]: LP
	bnd = 30000.000000
	its = 1
	hyp = 57 / 141
	cut = 198
30118 [0, 30000]: LP
	bnd = 30000.000000
	its = 1
	hyp = 57 / 141
	cut = 201
30516 [0, 30000]: LP
	bnd = 30000.000000
	its = 1
	hyp = 57 / 141
	cut = 204
30914 [0, 30000]: LP
	bnd = 30000.000000
	its = 1
	hyp = 57 / 141
	cut = 207
31312 [0, 30000]: LP
	bnd = 30000.000000
	its = 1
	hyp = 57 / 141
	cut = 210
31710 [0, 30000]: LP
	bnd = 30000.000000
	its = 1
	hyp = 57 / 141
	cut = 213
32108 [0, 30000]: LP
	bnd = 30000.000000
	its = 1
	hyp = 57 / 141
	cut = 216
32507 [0, 30000]: LP
	bnd = 30000.000000
	its = 1
	hyp = 57 / 141
	cut = 219
32905 [0, 30000]: LP
	bnd = 30000.000000
	its = 1
	hyp = 57 / 141
	cut = 222
33303 [0, 30000]: LP
	bnd = 30000.000000
	its = 1
	hyp = 57 / 141
	cut = 225
33702 [0, 30000]: LP
	bnd = 30000.000000
	its = 1
	hyp = 57 / 141
	cut = 228
34101 [0, 30000]: LP
	bnd = 30000.000000
	its = 1
	hyp = 57 / 141
	cut = 231
34502 [0, 30000]: LP
	bnd = 30000.000000
	its = 1
	hyp = 57 / 141
	cut = 234
34901 [0, 30000]: LP
	bnd = 30000.000000
	its = 1
	hyp = 57 / 141
	cut = 237
35024 [30000, 30000]: HEURISTIC 3
