hypergraph with 3132 vertices and 41775 hyperarcs generated in 72
114 [0, 5503]: LP
	bnd = 5503.030273
	its = 5
	hyp = 56 / 56
	cut = 0
116 [0, 5503]: HEURISTIC 3
117 [0, 5503]: LABEL
	tot = 84
	max = 1
118 [0, 5497]: LABEL
	tot = 84
	max = 1
119 [0, 5492]: LABEL
	tot = 125
	max = 2
120 [0, 5486]: LABEL
	tot = 138
	max = 3
121 [0, 5481]: LABEL
	tot = 177
	max = 3
123 [0, 5475]: LABEL
	tot = 207
	max = 4
125 [5380, 5470]: LABEL
	tot = 266
	max = 5
127 [5451, 5464]: LABEL
	tot = 328
	max = 5
130 [5451, 5459]: LABEL
	tot = 406
	max = 6
133 [5451, 5453]: LABEL
	tot = 506
	max = 11
138 [5451, 5451]: LABEL
	tot = 530
	max = 13
