hypergraph with 4146 vertices and 77883 hyperarcs generated in 72
182 [0, 6248]: LP
	bnd = 6248.553223
	its = 12
	hyp = 78 / 106
	cut = 0
183 [0, 6248]: HEURISTIC 3
184 [0, 6248]: LABEL
	tot = 27
	max = 3
186 [0, 6242]: LABEL
	tot = 95
	max = 4
187 [0, 6236]: LABEL
	tot = 104
	max = 4
188 [0, 6229]: LABEL
	tot = 125
	max = 6
190 [0, 6223]: LABEL
	tot = 226
	max = 6
193 [0, 6217]: LABEL
	tot = 239
	max = 6
195 [0, 6211]: LABEL
	tot = 276
	max = 6
199 [0, 6204]: LABEL
	tot = 349
	max = 6
202 [0, 6198]: LABEL
	tot = 433
	max = 6
207 [6179, 6192]: LABEL
	tot = 528
	max = 9
212 [6179, 6186]: LABEL
	tot = 598
	max = 9
219 [6179, 6180]: LABEL
	tot = 728
	max = 10
227 [6179, 6179]: LABEL
	tot = 738
	max = 10
