hypergraph with 8923 vertices and 245583 hyperarcs generated in 169
301 [0, 13192]: LP
	bnd = 13192.000000
	its = 9
	hyp = 59 / 94
	cut = 0
303 [0, 13192]: HEURISTIC 3
305 [0, 13192]: LABEL
	tot = 68
	max = 1
306 [0, 13178]: LABEL
	tot = 85
	max = 1
308 [0, 13165]: LABEL
	tot = 172
	max = 3
311 [0, 13152]: LABEL
	tot = 307
	max = 4
315 [0, 13139]: LABEL
	tot = 418
	max = 5
321 [0, 13126]: LABEL
	tot = 558
	max = 8
329 [13099, 13113]: LABEL
	tot = 782
	max = 8
339 [13099, 13099]: LABEL
	tot = 1107
	max = 12
351 [13099, 13099]: LABEL
	tot = 1121
	max = 12
