hypergraph with 1817 vertices and 17296 hyperarcs generated in 26
54 [0, 3385]: LP
	bnd = 3385.500000
	its = 9
	hyp = 23 / 75
	cut = 0
55 [0, 3385]: HEURISTIC 3
56 [0, 3385]: LABEL
	tot = 62
	max = 1
56 [0, 3382]: LABEL
	tot = 87
	max = 2
57 [0, 3378]: LABEL
	tot = 94
	max = 3
58 [0, 3375]: LABEL
	tot = 110
	max = 3
59 [0, 3371]: LABEL
	tot = 110
	max = 3
61 [0, 3368]: LABEL
	tot = 110
	max = 3
61 [0, 3365]: LABEL
	tot = 110
	max = 3
63 [0, 3361]: LABEL
	tot = 141
	max = 3
64 [0, 3358]: LABEL
	tot = 150
	max = 5
65 [0, 3355]: LABEL
	tot = 166
	max = 5
67 [0, 3351]: LABEL
	tot = 166
	max = 5
68 [0, 3348]: LABEL
	tot = 166
	max = 5
70 [0, 3345]: LABEL
	tot = 179
	max = 5
72 [0, 3341]: LABEL
	tot = 204
	max = 5
74 [3236, 3338]: LABEL
	tot = 221
	max = 5
76 [3236, 3335]: LABEL
	tot = 262
	max = 7
78 [3236, 3331]: LABEL
	tot = 288
	max = 7
80 [3236, 3328]: LABEL
	tot = 288
	max = 7
83 [3236, 3325]: LABEL
	tot = 310
	max = 7
86 [3236, 3321]: LABEL
	tot = 311
	max = 7
89 [3236, 3318]: LABEL
	tot = 330
	max = 7
93 [3244, 3315]: LABEL
	tot = 425
	max = 11
98 [3266, 3311]: LABEL
	tot = 521
	max = 12
103 [3279, 3308]: LABEL
	tot = 535
	max = 13
106 [3279, 3308]: LP
	bnd = 3385.500244
	its = 8
	hyp = 23 / 110
	cut = 4
108 [3279, 3305]: LABEL
	tot = 556
	max = 13
114 [3279, 3301]: LABEL
	tot = 645
	max = 12
120 [3279, 3298]: LABEL
	tot = 659
	max = 13
127 [3279, 3295]: LABEL
	tot = 737
	max = 13
129 [3279, 3295]: LP
	bnd = 3351.400391
	its = 4
	hyp = 31 / 122
	cut = 8
	restart
132 [3279, 3291]: LABEL
	tot = 235
	max = 4
134 [3279, 3288]: LABEL
	tot = 242
	max = 4
137 [3279, 3285]: LABEL
	tot = 257
	max = 4
140 [3279, 3282]: LABEL
	tot = 268
	max = 4
143 [3279, 3279]: LABEL
	tot = 304
	max = 6
