hypergraph with 16740 vertices and 938824 hyperarcs generated in 198
393 [0, 7402]: LP
	bnd = 7402.000000
	its = 5
	hyp = 105 / 122
	cut = 0
660 [0, 7402]: LP
	bnd = 7402.000000
	its = 3
	hyp = 92 / 276
	cut = 15
804 [0, 7402]: LP
	bnd = 7402.000000
	its = 1
	hyp = 114 / 276
	cut = 30
948 [0, 7402]: LP
	bnd = 7402.000000
	its = 1
	hyp = 113 / 276
	cut = 45
1148 [0, 7402]: LP
	bnd = 7402.000000
	its = 2
	hyp = 143 / 348
	cut = 60
1293 [0, 7402]: LP
	bnd = 7402.000000
	its = 1
	hyp = 102 / 348
	cut = 75
1438 [0, 7402]: LP
	bnd = 7402.000000
	its = 1
	hyp = 102 / 348
	cut = 90
1583 [0, 7402]: LP
	bnd = 7402.000000
	its = 1
	hyp = 102 / 348
	cut = 105
1727 [0, 7402]: LP
	bnd = 7402.000000
	its = 1
	hyp = 102 / 348
	cut = 120
1871 [0, 7402]: LP
	bnd = 7402.000000
	its = 1
	hyp = 102 / 348
	cut = 135
2014 [0, 7402]: LP
	bnd = 7402.000000
	its = 1
	hyp = 102 / 348
	cut = 150
2158 [0, 7402]: LP
	bnd = 7402.000000
	its = 1
	hyp = 102 / 348
	cut = 165
2302 [0, 7402]: LP
	bnd = 7402.000000
	its = 1
	hyp = 102 / 348
	cut = 180
2446 [0, 7402]: LP
	bnd = 7402.000000
	its = 1
	hyp = 102 / 348
	cut = 195
2589 [0, 7402]: LP
	bnd = 7402.000000
	its = 1
	hyp = 106 / 348
	cut = 210
2733 [0, 7402]: LP
	bnd = 7402.000000
	its = 1
	hyp = 102 / 348
	cut = 225
2876 [0, 7402]: LP
	bnd = 7402.000000
	its = 1
	hyp = 102 / 348
	cut = 240
3019 [0, 7402]: LP
	bnd = 7402.000000
	its = 1
	hyp = 102 / 348
	cut = 255
3163 [0, 7402]: LP
	bnd = 7402.000000
	its = 1
	hyp = 102 / 348
	cut = 270
3306 [0, 7402]: LP
	bnd = 7402.000000
	its = 1
	hyp = 102 / 348
	cut = 285
3451 [0, 7402]: LP
	bnd = 7402.000000
	its = 1
	hyp = 102 / 348
	cut = 300
3595 [0, 7402]: LP
	bnd = 7402.000000
	its = 1
	hyp = 102 / 348
	cut = 315
3739 [0, 7402]: LP
	bnd = 7402.000000
	its = 1
	hyp = 102 / 348
	cut = 330
3883 [0, 7402]: LP
	bnd = 7402.000000
	its = 1
	hyp = 102 / 348
	cut = 345
4027 [0, 7402]: LP
	bnd = 7402.000000
	its = 1
	hyp = 102 / 348
	cut = 360
4171 [0, 7402]: LP
	bnd = 7402.000000
	its = 1
	hyp = 102 / 348
	cut = 375
4316 [0, 7402]: LP
	bnd = 7402.000000
	its = 1
	hyp = 102 / 348
	cut = 390
4460 [0, 7402]: LP
	bnd = 7402.000000
	its = 1
	hyp = 102 / 348
	cut = 405
4604 [0, 7402]: LP
	bnd = 7402.000000
	its = 1
	hyp = 102 / 348
	cut = 420
4749 [0, 7402]: LP
	bnd = 7402.000000
	its = 1
	hyp = 102 / 348
	cut = 435
4893 [0, 7402]: LP
	bnd = 7402.000000
	its = 1
	hyp = 102 / 348
	cut = 450
5039 [0, 7402]: LP
	bnd = 7402.000000
	its = 1
	hyp = 102 / 348
	cut = 465
5184 [0, 7402]: LP
	bnd = 7402.000000
	its = 1
	hyp = 102 / 348
	cut = 480
5329 [0, 7402]: LP
	bnd = 7402.000000
	its = 1
	hyp = 102 / 348
	cut = 495
5475 [0, 7402]: LP
	bnd = 7402.000000
	its = 1
	hyp = 102 / 348
	cut = 510
5619 [0, 7402]: LP
	bnd = 7402.000000
	its = 1
	hyp = 102 / 348
	cut = 525
5764 [0, 7402]: LP
	bnd = 7402.000000
	its = 1
	hyp = 102 / 348
	cut = 540
5909 [0, 7402]: LP
	bnd = 7402.000000
	its = 1
	hyp = 102 / 348
	cut = 555
6053 [0, 7402]: LP
	bnd = 7402.000000
	its = 1
	hyp = 102 / 348
	cut = 570
6199 [0, 7402]: LP
	bnd = 7402.000000
	its = 1
	hyp = 102 / 348
	cut = 585
6344 [0, 7402]: LP
	bnd = 7402.000000
	its = 1
	hyp = 102 / 348
	cut = 600
6488 [0, 7402]: LP
	bnd = 7402.000000
	its = 1
	hyp = 102 / 348
	cut = 615
6633 [0, 7402]: LP
	bnd = 7402.000000
	its = 1
	hyp = 102 / 348
	cut = 630
6777 [0, 7402]: LP
	bnd = 7402.000000
	its = 1
	hyp = 102 / 348
	cut = 645
6921 [0, 7402]: LP
	bnd = 7402.000000
	its = 1
	hyp = 102 / 348
	cut = 660
7066 [0, 7402]: LP
	bnd = 7402.000000
	its = 1
	hyp = 102 / 348
	cut = 675
7210 [0, 7402]: LP
	bnd = 7402.000000
	its = 1
	hyp = 102 / 348
	cut = 690
7354 [0, 7402]: LP
	bnd = 7402.000000
	its = 1
	hyp = 102 / 348
	cut = 705
7454 [7402, 7402]: HEURISTIC 3
