hypergraph with 39791 vertices and 3260794 hyperarcs generated in 587
1219 [0, 13932]: LP
	bnd = 13932.000000
	its = 4
	hyp = 100 / 136
	cut = 0
1928 [0, 13932]: LP
	bnd = 13932.000000
	its = 2
	hyp = 73 / 286
	cut = 15
2427 [0, 13932]: LP
	bnd = 13932.000000
	its = 1
	hyp = 73 / 286
	cut = 30
2925 [0, 13932]: LP
	bnd = 13932.000000
	its = 1
	hyp = 73 / 286
	cut = 45
3422 [0, 13932]: LP
	bnd = 13932.000000
	its = 1
	hyp = 73 / 286
	cut = 60
3919 [0, 13932]: LP
	bnd = 13932.000000
	its = 1
	hyp = 73 / 286
	cut = 75
4417 [0, 13932]: LP
	bnd = 13932.000000
	its = 1
	hyp = 73 / 286
	cut = 90
4914 [0, 13932]: LP
	bnd = 13932.000000
	its = 1
	hyp = 73 / 286
	cut = 105
5409 [0, 13932]: LP
	bnd = 13932.000000
	its = 1
	hyp = 73 / 286
	cut = 120
5904 [0, 13932]: LP
	bnd = 13932.000000
	its = 1
	hyp = 73 / 286
	cut = 135
6404 [0, 13932]: LP
	bnd = 13932.000000
	its = 1
	hyp = 73 / 286
	cut = 150
6903 [0, 13932]: LP
	bnd = 13932.000000
	its = 1
	hyp = 73 / 286
	cut = 165
7405 [0, 13932]: LP
	bnd = 13932.000000
	its = 1
	hyp = 73 / 286
	cut = 180
7903 [0, 13932]: LP
	bnd = 13932.000000
	its = 1
	hyp = 73 / 286
	cut = 195
8399 [0, 13932]: LP
	bnd = 13932.000000
	its = 1
	hyp = 73 / 286
	cut = 210
8893 [0, 13932]: LP
	bnd = 13932.000000
	its = 1
	hyp = 73 / 286
	cut = 225
9393 [0, 13932]: LP
	bnd = 13932.000000
	its = 1
	hyp = 73 / 286
	cut = 240
9889 [0, 13932]: LP
	bnd = 13932.000000
	its = 1
	hyp = 73 / 286
	cut = 255
10386 [0, 13932]: LP
	bnd = 13932.000000
	its = 1
	hyp = 73 / 286
	cut = 270
10884 [0, 13932]: LP
	bnd = 13932.000000
	its = 1
	hyp = 73 / 286
	cut = 285
11380 [0, 13932]: LP
	bnd = 13932.000000
	its = 1
	hyp = 73 / 286
	cut = 300
11880 [0, 13932]: LP
	bnd = 13932.000000
	its = 1
	hyp = 73 / 286
	cut = 315
12375 [0, 13932]: LP
	bnd = 13932.000000
	its = 1
	hyp = 73 / 286
	cut = 330
12872 [0, 13932]: LP
	bnd = 13932.000000
	its = 1
	hyp = 73 / 286
	cut = 345
13371 [0, 13932]: LP
	bnd = 13932.000000
	its = 1
	hyp = 73 / 286
	cut = 360
13873 [0, 13932]: LP
	bnd = 13932.000000
	its = 1
	hyp = 73 / 286
	cut = 375
14374 [0, 13932]: LP
	bnd = 13932.000000
	its = 1
	hyp = 73 / 286
	cut = 390
14869 [0, 13932]: LP
	bnd = 13932.000000
	its = 1
	hyp = 73 / 286
	cut = 405
15368 [0, 13932]: LP
	bnd = 13932.000000
	its = 1
	hyp = 73 / 286
	cut = 420
15865 [0, 13932]: LP
	bnd = 13932.000000
	its = 1
	hyp = 73 / 286
	cut = 435
16362 [0, 13932]: LP
	bnd = 13932.000000
	its = 1
	hyp = 73 / 286
	cut = 450
16860 [0, 13932]: LP
	bnd = 13932.000000
	its = 1
	hyp = 73 / 286
	cut = 465
17359 [0, 13932]: LP
	bnd = 13932.000000
	its = 1
	hyp = 73 / 286
	cut = 480
17860 [0, 13932]: LP
	bnd = 13932.000000
	its = 1
	hyp = 73 / 286
	cut = 495
18359 [0, 13932]: LP
	bnd = 13932.000000
	its = 1
	hyp = 73 / 286
	cut = 510
18874 [0, 13932]: LP
	bnd = 13932.000000
	its = 1
	hyp = 73 / 286
	cut = 525
19379 [0, 13932]: LP
	bnd = 13932.000000
	its = 1
	hyp = 73 / 286
	cut = 540
19563 [13932, 13932]: HEURISTIC 3
