hypergraph with 353 vertices and 2170 hyperarcs generated in 5
21 [0, 395]: LP
	bnd = 395.530853
	its = 10
	hyp = 54 / 67
	cut = 0
22 [0, 395]: HEURISTIC 3
23 [0, 395]: LABEL
	tot = 44
	max = 1
23 [0, 395]: LABEL
	tot = 44
	max = 1
24 [0, 394]: LABEL
	tot = 50
	max = 1
25 [0, 394]: LABEL
	tot = 58
	max = 1
25 [0, 393]: LABEL
	tot = 60
	max = 1
26 [0, 393]: LABEL
	tot = 76
	max = 2
27 [0, 393]: LABEL
	tot = 79
	max = 2
28 [0, 392]: LABEL
	tot = 97
	max = 3
29 [390, 392]: LABEL
	tot = 107
	max = 3
30 [390, 391]: LABEL
	tot = 114
	max = 4
31 [390, 391]: LABEL
	tot = 114
	max = 4
31 [390, 391]: LABEL
	tot = 125
	max = 5
32 [390, 390]: LABEL
	tot = 147
	max = 5
33 [390, 390]: LABEL
	tot = 151
	max = 5
35 [390, 390]: LABEL
	tot = 159
	max = 5
36 [390, 390]: LABEL
	tot = 159
	max = 5
