hypergraph with 49614 vertices and 425900 hyperarcs generated in 2715
3204 [0, 250848]: LP
	bnd = 250848.750000
	its = 4
	hyp = 60 / 60
	cut = 0
3211 [0, 250848]: HEURISTIC 3
3216 [0, 250848]: LABEL
	tot = 109
	max = 2
3222 [247150, 250597]: LABEL
	tot = 329
	max = 2
3229 [247150, 250347]: LABEL
	tot = 365
	max = 3
3241 [247150, 250096]: LABEL
	tot = 717
	max = 4
3252 [247150, 249846]: LABEL
	tot = 717
	max = 4
3268 [247150, 249597]: LABEL
	tot = 1147
	max = 7
3285 [247150, 249347]: LABEL
	tot = 1198
	max = 9
3303 [247150, 249098]: LABEL
	tot = 1486
	max = 10
3324 [247150, 248849]: LABEL
	tot = 1909
	max = 11
3350 [247150, 248600]: LABEL
	tot = 2473
	max = 15
3376 [247150, 248351]: LABEL
	tot = 2485
	max = 16
3401 [247150, 248103]: LABEL
	tot = 2493
	max = 17
3430 [247150, 247855]: LABEL
	tot = 2955
	max = 20
3461 [247150, 247607]: LABEL
	tot = 3241
	max = 23
3495 [247150, 247359]: LABEL
	tot = 3608
	max = 26
3532 [247150, 247150]: LABEL
	tot = 3691
	max = 26
