hypergraph with 7915 vertices and 200819 hyperarcs generated in 100
512 [0, 12258]: LP
	bnd = 12258.446289
	its = 23
	hyp = 153 / 325
	cut = 0
513 [0, 12258]: HEURISTIC 3
513 [0, 12258]: LABEL
	tot = 35
	max = 1
516 [0, 12246]: LABEL
	tot = 231
	max = 1
518 [0, 12233]: LABEL
	tot = 241
	max = 2
522 [0, 12221]: LABEL
	tot = 371
	max = 2
527 [0, 12209]: LABEL
	tot = 452
	max = 2
533 [0, 12197]: LABEL
	tot = 645
	max = 3
540 [0, 12185]: LABEL
	tot = 757
	max = 4
550 [0, 12172]: LABEL
	tot = 965
	max = 6
563 [0, 12160]: LABEL
	tot = 1282
	max = 6
578 [0, 12148]: LABEL
	tot = 1541
	max = 7
596 [0, 12136]: LABEL
	tot = 2090
	max = 8
619 [0, 12124]: LABEL
	tot = 2536
	max = 9
646 [0, 12112]: LABEL
	tot = 3008
	max = 9
679 [0, 12100]: LABEL
	tot = 3844
	max = 14
717 [0, 12087]: LABEL
	tot = 4444
	max = 16
761 [0, 12075]: LABEL
	tot = 5415
	max = 19
831 [0, 12063]: LABEL
	tot = 6766
	max = 25
904 [11994, 12051]: LABEL
	tot = 8208
	max = 30
985 [11994, 12039]: LABEL
	tot = 9689
	max = 36
1004 [11994, 12039]: LP
	bnd = 12239.875977
	its = 19
	hyp = 173 / 552
	cut = 9
	restart
1099 [11994, 12027]: LABEL
	tot = 10680
	max = 34
1205 [11994, 12015]: LABEL
	tot = 12778
	max = 41
1331 [11994, 12003]: LABEL
	tot = 15735
	max = 49
1472 [11994, 11994]: LABEL
	tot = 17997
	max = 55
