hypergraph with 7915 vertices and 200939 hyperarcs generated in 136
245 [0, 12354]: LP
	bnd = 12354.028320
	its = 8
	hyp = 72 / 94
	cut = 0
246 [0, 12354]: HEURISTIC 3
247 [0, 12354]: LABEL
	tot = 49
	max = 1
248 [0, 12341]: LABEL
	tot = 118
	max = 1
250 [0, 12329]: LABEL
	tot = 160
	max = 2
252 [0, 12317]: LABEL
	tot = 271
	max = 2
256 [0, 12304]: LABEL
	tot = 365
	max = 4
260 [0, 12292]: LABEL
	tot = 490
	max = 5
265 [0, 12280]: LABEL
	tot = 601
	max = 6
272 [0, 12267]: LABEL
	tot = 854
	max = 7
282 [12214, 12255]: LABEL
	tot = 1165
	max = 10
295 [12214, 12243]: LABEL
	tot = 1507
	max = 11
309 [12215, 12231]: LABEL
	tot = 1852
	max = 11
329 [12215, 12218]: LABEL
	tot = 2608
	max = 22
351 [12215, 12215]: LABEL
	tot = 2764
	max = 24
