hypergraph with 1323 vertices and 9576 hyperarcs generated in 25
37 [0, 2729]: LP
	bnd = 2729.100098
	its = 6
	hyp = 41 / 46
	cut = 0
37 [0, 2729]: HEURISTIC 3
38 [0, 2729]: LABEL
	tot = 64
	max = 1
39 [2690, 2726]: LABEL
	tot = 83
	max = 2
39 [2690, 2723]: LABEL
	tot = 83
	max = 2
40 [2690, 2720]: LABEL
	tot = 83
	max = 2
41 [2690, 2718]: LABEL
	tot = 98
	max = 2
41 [2690, 2715]: LABEL
	tot = 104
	max = 2
42 [2690, 2712]: LABEL
	tot = 104
	max = 2
43 [2690, 2710]: LABEL
	tot = 110
	max = 2
43 [2690, 2707]: LABEL
	tot = 110
	max = 2
44 [2690, 2704]: LABEL
	tot = 110
	max = 2
45 [2690, 2701]: LABEL
	tot = 133
	max = 2
46 [2690, 2699]: LABEL
	tot = 143
	max = 3
47 [2690, 2696]: LABEL
	tot = 154
	max = 3
48 [2690, 2693]: LABEL
	tot = 159
	max = 3
49 [2690, 2691]: LABEL
	tot = 206
	max = 3
51 [2690, 2690]: LABEL
	tot = 206
	max = 3
