hypergraph with 1866 vertices and 17097 hyperarcs generated in 64
64 [0, 2615]: LP
	bnd = 2615.000000
	its = 11
	hyp = 53 / 117
	cut = 0
66 [0, 2615]: HEURISTIC 3
67 [0, 2615]: LABEL
	tot = 101
	max = 1
68 [0, 2612]: LABEL
	tot = 101
	max = 1
69 [0, 2609]: LABEL
	tot = 101
	max = 1
70 [0, 2607]: LABEL
	tot = 101
	max = 1
71 [0, 2604]: LABEL
	tot = 144
	max = 3
72 [0, 2601]: LABEL
	tot = 144
	max = 3
73 [0, 2599]: LABEL
	tot = 144
	max = 3
74 [0, 2596]: LABEL
	tot = 144
	max = 3
75 [0, 2594]: LABEL
	tot = 175
	max = 4
76 [0, 2591]: LABEL
	tot = 175
	max = 4
78 [0, 2588]: LABEL
	tot = 175
	max = 4
79 [0, 2586]: LABEL
	tot = 175
	max = 4
81 [0, 2583]: LABEL
	tot = 180
	max = 4
82 [0, 2581]: LABEL
	tot = 180
	max = 4
83 [0, 2578]: LABEL
	tot = 180
	max = 4
85 [0, 2576]: LABEL
	tot = 180
	max = 4
86 [0, 2573]: LABEL
	tot = 235
	max = 4
89 [0, 2570]: LABEL
	tot = 235
	max = 4
91 [0, 2568]: LABEL
	tot = 235
	max = 4
93 [0, 2565]: LABEL
	tot = 235
	max = 4
96 [0, 2563]: LABEL
	tot = 289
	max = 5
98 [0, 2560]: LABEL
	tot = 289
	max = 5
101 [0, 2558]: LABEL
	tot = 289
	max = 5
104 [0, 2555]: LABEL
	tot = 289
	max = 5
108 [2225, 2552]: LABEL
	tot = 370
	max = 6
112 [2225, 2550]: LABEL
	tot = 370
	max = 6
114 [2225, 2550]: LP
	bnd = 2610.000000
	its = 6
	hyp = 51 / 161
	cut = 4
	restart
119 [2225, 2547]: LABEL
	tot = 472
	max = 5
124 [2225, 2545]: LABEL
	tot = 472
	max = 5
129 [2225, 2542]: LABEL
	tot = 486
	max = 6
134 [2225, 2540]: LABEL
	tot = 486
	max = 6
139 [2430, 2537]: LABEL
	tot = 539
	max = 6
145 [2430, 2535]: LABEL
	tot = 539
	max = 6
149 [2430, 2535]: LP
	bnd = 2581.363770
	its = 6
	hyp = 51 / 193
	cut = 8
	restart
155 [2505, 2532]: LABEL
	tot = 487
	max = 7
159 [2505, 2530]: LABEL
	tot = 501
	max = 7
164 [2505, 2527]: LABEL
	tot = 539
	max = 7
170 [2505, 2525]: LABEL
	tot = 586
	max = 7
176 [2505, 2522]: LABEL
	tot = 627
	max = 7
181 [2505, 2522]: LP
	bnd = 2558.457031
	its = 5
	hyp = 80 / 226
	cut = 12
	restart
186 [2505, 2519]: LABEL
	tot = 512
	max = 8
192 [2505, 2517]: LABEL
	tot = 577
	max = 9
197 [2505, 2514]: LABEL
	tot = 618
	max = 9
203 [2505, 2512]: LABEL
	tot = 666
	max = 9
209 [2505, 2512]: LP
	bnd = 2552.037109
	its = 4
	hyp = 68 / 242
	cut = 16
	restart
216 [2505, 2509]: LABEL
	tot = 741
	max = 9
223 [2505, 2507]: LABEL
	tot = 792
	max = 9
228 [2505, 2507]: LP
	bnd = 2552.037109
	its = 2
	hyp = 58 / 246
	cut = 20
231 [2505, 2505]: LABEL
	tot = 802
	max = 9
