hypergraph with 244506 vertices and 39123794 hyperarcs generated in 10480
51413 [0, 221527]: LP
	bnd = 221527.484375
	its = 16
	hyp = 283 / 637
	cut = 0
51448 [0, 221527]: HEURISTIC 3
51476 [0, 221527]: LABEL
	tot = 592
	max = 1
51546 [0, 221305]: LABEL
	tot = 2856
	max = 2
51667 [0, 221084]: LABEL
	tot = 4577
	max = 2
51815 [0, 220863]: LABEL
	tot = 6133
	max = 3
52027 [0, 220642]: LABEL
	tot = 8960
	max = 5
52337 [0, 220422]: LABEL
	tot = 13739
	max = 7
52745 [0, 220201]: LABEL
	tot = 18810
	max = 15
53347 [0, 219981]: LABEL
	tot = 28836
	max = 25
54286 [0, 219761]: LABEL
	tot = 46007
	max = 41
55601 [219354, 219541]: LABEL
	tot = 66195
	max = 58
57401 [219354, 219354]: LABEL
	tot = 92713
	max = 76
