hypergraph with 177857 vertices and 27908599 hyperarcs generated in 8535
32730 [0, 168649]: LP
	bnd = 168649.968750
	its = 14
	hyp = 164 / 449
	cut = 0
32750 [0, 168649]: HEURISTIC 3
32762 [0, 168649]: LABEL
	tot = 59
	max = 1
32818 [0, 168481]: LABEL
	tot = 2128
	max = 3
32896 [0, 168312]: LABEL
	tot = 2904
	max = 3
33019 [167660, 168144]: LABEL
	tot = 5545
	max = 7
33185 [167660, 167976]: LABEL
	tot = 7976
	max = 11
33433 [167660, 167808]: LABEL
	tot = 12438
	max = 21
33758 [167660, 167660]: LABEL
	tot = 17054
	max = 37
