hypergraph with 158623 vertices and 19948796 hyperarcs generated in 7767
27223 [0, 152319]: LP
	bnd = 152319.625000
	its = 15
	hyp = 206 / 331
	cut = 0
27278 [0, 152319]: HEURISTIC 3
27320 [0, 152319]: LABEL
	tot = 1297
	max = 1
27363 [0, 152167]: LABEL
	tot = 1445
	max = 2
27409 [0, 152015]: LABEL
	tot = 1628
	max = 3
27488 [0, 151863]: LABEL
	tot = 3050
	max = 6
27594 [0, 151711]: LABEL
	tot = 4513
	max = 8
27727 [0, 151559]: LABEL
	tot = 6009
	max = 9
27916 [0, 151407]: LABEL
	tot = 8458
	max = 11
28159 [0, 151256]: LABEL
	tot = 11917
	max = 17
28467 [0, 151105]: LABEL
	tot = 15218
	max = 23
28875 [150043, 150954]: LABEL
	tot = 20876
	max = 29
29394 [150234, 150803]: LABEL
	tot = 26658
	max = 37
30084 [150234, 150652]: LABEL
	tot = 37211
	max = 53
31047 [150234, 150501]: LABEL
	tot = 47505
	max = 69
32146 [150234, 150351]: LABEL
	tot = 60157
	max = 97
33411 [150234, 150234]: LABEL
	tot = 71692
	max = 112
