hypergraph with 264746 vertices and 52387267 hyperarcs generated in 16644
79983 [0, 217372]: LP
	bnd = 217372.906250
	its = 22
	hyp = 288 / 818
	cut = 0
80042 [0, 217372]: HEURISTIC 3
80084 [0, 217372]: LABEL
	tot = 757
	max = 1
80150 [0, 217155]: LABEL
	tot = 1790
	max = 3
80277 [0, 216938]: LABEL
	tot = 2961
	max = 3
80484 [0, 216721]: LABEL
	tot = 5620
	max = 4
80823 [214840, 216504]: LABEL
	tot = 11195
	max = 8
81399 [214840, 216288]: LABEL
	tot = 19843
	max = 14
82321 [214840, 216071]: LABEL
	tot = 33869
	max = 23
83808 [214840, 215855]: LABEL
	tot = 59280
	max = 42
86076 [214840, 215640]: LABEL
	tot = 100419
	max = 74
89891 [214840, 215424]: LABEL
	tot = 172315
	max = 107
95833 [214840, 215208]: LABEL
	tot = 290308
	max = 177
105011 [214840, 214993]: LABEL
	tot = 476407
	max = 299
117433 [214840, 214840]: LABEL
	tot = 676470
	max = 454
