hypergraph with 8923 vertices and 245583 hyperarcs generated in 162
440 [0, 8907]: LP
	bnd = 8907.111328
	its = 16
	hyp = 66 / 182
	cut = 0
442 [0, 8907]: HEURISTIC 3
443 [0, 8907]: LABEL
	tot = 81
	max = 1
444 [0, 8898]: LABEL
	tot = 83
	max = 1
446 [0, 8889]: LABEL
	tot = 98
	max = 1
448 [0, 8880]: LABEL
	tot = 189
	max = 2
450 [0, 8871]: LABEL
	tot = 200
	max = 2
453 [0, 8862]: LABEL
	tot = 239
	max = 2
456 [0, 8853]: LABEL
	tot = 293
	max = 3
460 [0, 8844]: LABEL
	tot = 390
	max = 3
465 [0, 8836]: LABEL
	tot = 494
	max = 3
472 [0, 8827]: LABEL
	tot = 678
	max = 4
479 [0, 8818]: LABEL
	tot = 831
	max = 5
489 [0, 8809]: LABEL
	tot = 954
	max = 6
500 [0, 8800]: LABEL
	tot = 1125
	max = 9
513 [0, 8792]: LABEL
	tot = 1422
	max = 12
529 [0, 8783]: LABEL
	tot = 1785
	max = 16
548 [0, 8774]: LABEL
	tot = 2118
	max = 19
570 [0, 8765]: LABEL
	tot = 2516
	max = 21
595 [8699, 8756]: LABEL
	tot = 3006
	max = 25
623 [8699, 8748]: LABEL
	tot = 3552
	max = 30
656 [8699, 8739]: LABEL
	tot = 4134
	max = 36
694 [8699, 8730]: LABEL
	tot = 4839
	max = 42
737 [8699, 8721]: LABEL
	tot = 5611
	max = 46
784 [8699, 8713]: LABEL
	tot = 6419
	max = 54
799 [8699, 8713]: LP
	bnd = 8844.419922
	its = 11
	hyp = 105 / 282
	cut = 7
	restart
830 [8699, 8704]: LABEL
	tot = 3387
	max = 20
864 [8699, 8699]: LABEL
	tot = 3838
	max = 24
