hypergraph with 1817 vertices and 17296 hyperarcs generated in 30
41 [0, 2398]: LP
	bnd = 2398.000000
	its = 5
	hyp = 30 / 45
	cut = 0
42 [0, 2398]: HEURISTIC 3
43 [0, 2398]: LABEL
	tot = 99
	max = 3
44 [0, 2395]: LABEL
	tot = 99
	max = 3
45 [0, 2393]: LABEL
	tot = 99
	max = 3
46 [0, 2390]: LABEL
	tot = 99
	max = 3
47 [0, 2388]: LABEL
	tot = 99
	max = 3
48 [0, 2386]: LABEL
	tot = 99
	max = 3
49 [0, 2383]: LABEL
	tot = 99
	max = 3
50 [0, 2381]: LABEL
	tot = 99
	max = 3
51 [0, 2378]: LABEL
	tot = 99
	max = 3
52 [0, 2376]: LABEL
	tot = 99
	max = 3
53 [0, 2374]: LABEL
	tot = 99
	max = 3
54 [0, 2371]: LABEL
	tot = 99
	max = 3
55 [0, 2369]: LABEL
	tot = 99
	max = 3
56 [0, 2367]: LABEL
	tot = 99
	max = 3
57 [0, 2364]: LABEL
	tot = 99
	max = 3
58 [0, 2362]: LABEL
	tot = 154
	max = 3
59 [0, 2359]: LABEL
	tot = 154
	max = 3
61 [0, 2357]: LABEL
	tot = 154
	max = 3
62 [0, 2355]: LABEL
	tot = 154
	max = 3
64 [0, 2352]: LABEL
	tot = 159
	max = 3
66 [2326, 2350]: LABEL
	tot = 241
	max = 6
68 [2326, 2348]: LABEL
	tot = 241
	max = 6
70 [2326, 2345]: LABEL
	tot = 263
	max = 6
73 [2326, 2343]: LABEL
	tot = 285
	max = 6
76 [2326, 2341]: LABEL
	tot = 285
	max = 6
79 [2326, 2338]: LABEL
	tot = 303
	max = 6
82 [2326, 2336]: LABEL
	tot = 303
	max = 6
85 [2326, 2334]: LABEL
	tot = 348
	max = 7
89 [2326, 2331]: LABEL
	tot = 368
	max = 8
93 [2326, 2329]: LABEL
	tot = 383
	max = 8
97 [2326, 2329]: LP
	bnd = 2398.000000
	its = 9
	hyp = 27 / 146
	cut = 4
97 [2326, 2327]: LABEL
	tot = 465
	max = 9
104 [2326, 2326]: LABEL
	tot = 674
	max = 14
