hypergraph with 16740 vertices and 938824 hyperarcs generated in 190
588 [0, 5283]: LP
	bnd = 5283.000000
	its = 9
	hyp = 150 / 203
	cut = 0
913 [0, 5283]: LP
	bnd = 5283.000000
	its = 4
	hyp = 221 / 374
	cut = 15
1114 [0, 5283]: LP
	bnd = 5283.000000
	its = 2
	hyp = 261 / 481
	cut = 30
1321 [0, 5283]: LP
	bnd = 5283.000000
	its = 2
	hyp = 235 / 545
	cut = 45
1471 [0, 5283]: LP
	bnd = 5283.000000
	its = 1
	hyp = 241 / 545
	cut = 60
1684 [0, 5283]: LP
	bnd = 5283.000000
	its = 2
	hyp = 211 / 580
	cut = 75
1838 [0, 5283]: LP
	bnd = 5283.000000
	its = 1
	hyp = 114 / 580
	cut = 90
1987 [0, 5283]: LP
	bnd = 5283.000000
	its = 1
	hyp = 114 / 580
	cut = 105
2137 [0, 5283]: LP
	bnd = 5283.000000
	its = 1
	hyp = 114 / 580
	cut = 120
2287 [0, 5283]: LP
	bnd = 5283.000000
	its = 1
	hyp = 114 / 580
	cut = 135
2437 [0, 5283]: LP
	bnd = 5283.000000
	its = 1
	hyp = 114 / 580
	cut = 150
2586 [0, 5283]: LP
	bnd = 5283.000000
	its = 1
	hyp = 114 / 580
	cut = 165
2736 [0, 5283]: LP
	bnd = 5283.000000
	its = 1
	hyp = 114 / 580
	cut = 180
2885 [0, 5283]: LP
	bnd = 5283.000000
	its = 1
	hyp = 114 / 580
	cut = 195
3034 [0, 5283]: LP
	bnd = 5283.000000
	its = 1
	hyp = 114 / 580
	cut = 210
3184 [0, 5283]: LP
	bnd = 5283.000000
	its = 1
	hyp = 114 / 580
	cut = 225
3334 [0, 5283]: LP
	bnd = 5283.000000
	its = 1
	hyp = 114 / 580
	cut = 240
3485 [0, 5283]: LP
	bnd = 5283.000000
	its = 1
	hyp = 114 / 580
	cut = 255
3636 [0, 5283]: LP
	bnd = 5283.000000
	its = 1
	hyp = 114 / 580
	cut = 270
3786 [0, 5283]: LP
	bnd = 5283.000000
	its = 1
	hyp = 114 / 580
	cut = 285
3936 [0, 5283]: LP
	bnd = 5283.000000
	its = 1
	hyp = 114 / 580
	cut = 300
4087 [0, 5283]: LP
	bnd = 5283.000000
	its = 1
	hyp = 114 / 580
	cut = 315
4236 [0, 5283]: LP
	bnd = 5283.000000
	its = 1
	hyp = 114 / 580
	cut = 330
4386 [0, 5283]: LP
	bnd = 5283.000000
	its = 1
	hyp = 114 / 580
	cut = 345
4536 [0, 5283]: LP
	bnd = 5283.000000
	its = 1
	hyp = 114 / 580
	cut = 360
4687 [0, 5283]: LP
	bnd = 5283.000000
	its = 1
	hyp = 114 / 580
	cut = 375
4837 [0, 5283]: LP
	bnd = 5283.000000
	its = 1
	hyp = 114 / 580
	cut = 390
4987 [0, 5283]: LP
	bnd = 5283.000000
	its = 1
	hyp = 114 / 580
	cut = 405
5137 [0, 5283]: LP
	bnd = 5283.000000
	its = 1
	hyp = 114 / 580
	cut = 420
5287 [0, 5283]: LP
	bnd = 5283.000000
	its = 1
	hyp = 114 / 580
	cut = 435
5437 [0, 5283]: LP
	bnd = 5283.000000
	its = 1
	hyp = 114 / 580
	cut = 450
5588 [0, 5283]: LP
	bnd = 5283.000000
	its = 1
	hyp = 114 / 580
	cut = 465
5739 [0, 5283]: LP
	bnd = 5283.000000
	its = 1
	hyp = 114 / 580
	cut = 480
5889 [0, 5283]: LP
	bnd = 5283.000000
	its = 1
	hyp = 114 / 580
	cut = 495
6040 [0, 5283]: LP
	bnd = 5283.000000
	its = 1
	hyp = 114 / 580
	cut = 510
6190 [0, 5283]: LP
	bnd = 5283.000000
	its = 1
	hyp = 114 / 580
	cut = 525
6343 [0, 5283]: LP
	bnd = 5283.000000
	its = 1
	hyp = 114 / 580
	cut = 540
6494 [0, 5283]: LP
	bnd = 5283.000000
	its = 1
	hyp = 114 / 580
	cut = 555
6644 [0, 5283]: LP
	bnd = 5283.000000
	its = 1
	hyp = 114 / 580
	cut = 570
6795 [0, 5283]: LP
	bnd = 5283.000000
	its = 1
	hyp = 114 / 580
	cut = 585
6840 [0, 5283]: HEURISTIC 3
6945 [0, 5283]: LP
	bnd = 5283.000000
	its = 1
	hyp = 114 / 580
	cut = 600
7093 [0, 5283]: LP
	bnd = 5283.000000
	its = 1
	hyp = 114 / 580
	cut = 615
7241 [0, 5283]: LP
	bnd = 5283.000000
	its = 1
	hyp = 114 / 580
	cut = 630
7389 [0, 5283]: LP
	bnd = 5283.000000
	its = 1
	hyp = 114 / 580
	cut = 645
7537 [0, 5283]: LP
	bnd = 5283.000000
	its = 1
	hyp = 114 / 580
	cut = 660
7686 [0, 5283]: LP
	bnd = 5283.000000
	its = 1
	hyp = 114 / 580
	cut = 675
7834 [0, 5283]: LP
	bnd = 5283.000000
	its = 1
	hyp = 114 / 580
	cut = 690
7981 [0, 5283]: LP
	bnd = 5283.000000
	its = 1
	hyp = 114 / 580
	cut = 705
8128 [0, 5283]: LP
	bnd = 5283.000000
	its = 1
	hyp = 114 / 580
	cut = 720
8276 [0, 5283]: LP
	bnd = 5283.000000
	its = 1
	hyp = 114 / 580
	cut = 735
8425 [0, 5283]: LP
	bnd = 5283.000000
	its = 1
	hyp = 114 / 580
	cut = 750
8572 [0, 5283]: LP
	bnd = 5283.000000
	its = 1
	hyp = 114 / 580
	cut = 765
8720 [0, 5283]: LP
	bnd = 5283.000000
	its = 1
	hyp = 114 / 580
	cut = 780
8868 [0, 5283]: LP
	bnd = 5283.000000
	its = 1
	hyp = 114 / 580
	cut = 795
9015 [0, 5283]: LP
	bnd = 5283.000000
	its = 1
	hyp = 114 / 580
	cut = 810
9162 [0, 5283]: LP
	bnd = 5283.000000
	its = 1
	hyp = 114 / 580
	cut = 825
9309 [0, 5283]: LP
	bnd = 5283.000000
	its = 1
	hyp = 114 / 580
	cut = 840
9458 [0, 5283]: LP
	bnd = 5283.000000
	its = 1
	hyp = 114 / 580
	cut = 855
9607 [0, 5283]: LP
	bnd = 5283.000000
	its = 1
	hyp = 114 / 580
	cut = 870
9755 [0, 5283]: LP
	bnd = 5283.000000
	its = 1
	hyp = 114 / 580
	cut = 885
9902 [0, 5283]: LP
	bnd = 5283.000000
	its = 1
	hyp = 114 / 580
	cut = 900
10050 [0, 5283]: LP
	bnd = 5283.000000
	its = 1
	hyp = 114 / 580
	cut = 915
10197 [0, 5283]: LP
	bnd = 5283.000000
	its = 1
	hyp = 114 / 580
	cut = 930
10346 [0, 5283]: LP
	bnd = 5283.000000
	its = 1
	hyp = 114 / 580
	cut = 945
10494 [0, 5283]: LP
	bnd = 5283.000000
	its = 1
	hyp = 114 / 580
	cut = 960
10642 [0, 5283]: LP
	bnd = 5283.000000
	its = 1
	hyp = 114 / 580
	cut = 975
10790 [0, 5283]: LP
	bnd = 5283.000000
	its = 1
	hyp = 114 / 580
	cut = 990
10938 [0, 5283]: LP
	bnd = 5283.000000
	its = 1
	hyp = 114 / 580
	cut = 1005
11086 [0, 5283]: LP
	bnd = 5283.000000
	its = 1
	hyp = 114 / 580
	cut = 1020
11234 [0, 5283]: LP
	bnd = 5283.000000
	its = 1
	hyp = 114 / 580
	cut = 1035
11382 [0, 5283]: LP
	bnd = 5283.000000
	its = 1
	hyp = 114 / 580
	cut = 1050
11529 [0, 5283]: LP
	bnd = 5283.000000
	its = 1
	hyp = 114 / 580
	cut = 1065
11676 [0, 5283]: LP
	bnd = 5283.000000
	its = 1
	hyp = 114 / 580
	cut = 1080
11823 [0, 5283]: LP
	bnd = 5283.000000
	its = 1
	hyp = 114 / 580
	cut = 1095
11970 [0, 5283]: LP
	bnd = 5283.000000
	its = 1
	hyp = 114 / 580
	cut = 1110
12118 [0, 5283]: LP
	bnd = 5283.000000
	its = 1
	hyp = 114 / 580
	cut = 1125
12265 [0, 5283]: LP
	bnd = 5283.000000
	its = 1
	hyp = 114 / 580
	cut = 1140
12414 [0, 5283]: LP
	bnd = 5283.000000
	its = 1
	hyp = 114 / 580
	cut = 1155
12562 [0, 5283]: LP
	bnd = 5283.000000
	its = 1
	hyp = 114 / 580
	cut = 1170
12709 [0, 5283]: LP
	bnd = 5283.000000
	its = 1
	hyp = 114 / 580
	cut = 1185
12857 [0, 5283]: LP
	bnd = 5283.000000
	its = 1
	hyp = 114 / 580
	cut = 1200
13005 [0, 5283]: LP
	bnd = 5283.000000
	its = 1
	hyp = 114 / 580
	cut = 1215
13151 [0, 5283]: LP
	bnd = 5283.000000
	its = 1
	hyp = 114 / 580
	cut = 1230
13299 [0, 5283]: LP
	bnd = 5283.000000
	its = 1
	hyp = 114 / 580
	cut = 1245
13447 [0, 5283]: LP
	bnd = 5283.000000
	its = 1
	hyp = 114 / 580
	cut = 1260
13593 [0, 5283]: LP
	bnd = 5283.000000
	its = 1
	hyp = 114 / 580
	cut = 1275
13740 [0, 5283]: LP
	bnd = 5283.000000
	its = 1
	hyp = 114 / 580
	cut = 1290
13889 [0, 5283]: LP
	bnd = 5283.000000
	its = 1
	hyp = 114 / 580
	cut = 1305
14036 [0, 5283]: LP
	bnd = 5283.000000
	its = 1
	hyp = 114 / 580
	cut = 1320
14183 [0, 5283]: LP
	bnd = 5283.000000
	its = 1
	hyp = 114 / 580
	cut = 1335
14329 [0, 5283]: LP
	bnd = 5283.000000
	its = 1
	hyp = 114 / 580
	cut = 1350
14476 [0, 5283]: LP
	bnd = 5283.000000
	its = 1
	hyp = 114 / 580
	cut = 1365
14622 [0, 5283]: LP
	bnd = 5283.000000
	its = 1
	hyp = 114 / 580
	cut = 1380
14767 [0, 5283]: LP
	bnd = 5283.000000
	its = 1
	hyp = 114 / 580
	cut = 1395
14912 [0, 5283]: LP
	bnd = 5283.000000
	its = 1
	hyp = 114 / 580
	cut = 1410
15057 [0, 5283]: LP
	bnd = 5283.000000
	its = 1
	hyp = 114 / 580
	cut = 1425
15203 [0, 5283]: LP
	bnd = 5283.000000
	its = 1
	hyp = 114 / 580
	cut = 1440
15350 [0, 5283]: LP
	bnd = 5283.000000
	its = 1
	hyp = 114 / 580
	cut = 1455
15496 [0, 5283]: LP
	bnd = 5283.000000
	its = 1
	hyp = 114 / 580
	cut = 1468
15642 [0, 5283]: LP
	bnd = 5283.000000
	its = 1
	hyp = 114 / 580
	cut = 1477
15787 [0, 5283]: LP
	bnd = 5283.000000
	its = 1
	hyp = 114 / 580
	cut = 1485
15932 [0, 5283]: LP
	bnd = 5283.000000
	its = 1
	hyp = 114 / 580
	cut = 1490
16077 [0, 5283]: LP
	bnd = 5283.000000
	its = 1
	hyp = 114 / 580
	cut = 1493
16221 [0, 5283]: LP
	bnd = 5283.000000
	its = 1
	hyp = 114 / 580
	cut = 1494
16364 [0, 5283]: LP STOP
34678 [0, 5283]: HEURISTIC 9
285123 [5283, 5283]: HEURISTIC 27
