hypergraph with 39791 vertices and 3260794 hyperarcs generated in 505
1874 [0, 8998]: LP
	bnd = 8998.000000
	its = 8
	hyp = 193 / 271
	cut = 0
2785 [0, 8998]: LP
	bnd = 8998.000000
	its = 3
	hyp = 243 / 525
	cut = 15
3490 [0, 8998]: LP
	bnd = 8998.000000
	its = 2
	hyp = 209 / 542
	cut = 30
4395 [0, 8998]: LP
	bnd = 8998.000000
	its = 3
	hyp = 380 / 691
	cut = 45
4911 [0, 8998]: LP
	bnd = 8998.000000
	its = 1
	hyp = 375 / 691
	cut = 60
5428 [0, 8998]: LP
	bnd = 8998.000000
	its = 1
	hyp = 348 / 691
	cut = 75
5946 [0, 8998]: LP
	bnd = 8998.000000
	its = 1
	hyp = 392 / 691
	cut = 90
6461 [0, 8998]: LP
	bnd = 8998.000000
	its = 1
	hyp = 284 / 691
	cut = 104
7169 [0, 8998]: LP
	bnd = 8998.000000
	its = 2
	hyp = 186 / 800
	cut = 119
7683 [0, 8998]: LP
	bnd = 8998.000000
	its = 1
	hyp = 244 / 800
	cut = 134
8410 [0, 8998]: LP
	bnd = 8998.000000
	its = 2
	hyp = 260 / 894
	cut = 149
8933 [0, 8998]: LP
	bnd = 8998.000000
	its = 1
	hyp = 354 / 894
	cut = 164
9467 [0, 8998]: LP
	bnd = 8998.000000
	its = 1
	hyp = 340 / 894
	cut = 178
9993 [0, 8998]: LP
	bnd = 8998.000000
	its = 1
	hyp = 348 / 894
	cut = 193
10522 [0, 8998]: LP
	bnd = 8998.000000
	its = 1
	hyp = 267 / 894
	cut = 208
11047 [0, 8998]: LP
	bnd = 8998.000000
	its = 1
	hyp = 289 / 894
	cut = 223
11577 [0, 8998]: LP
	bnd = 8998.000000
	its = 1
	hyp = 317 / 894
	cut = 238
12102 [0, 8998]: LP
	bnd = 8998.000000
	its = 1
	hyp = 309 / 894
	cut = 253
12627 [0, 8998]: LP
	bnd = 8998.000000
	its = 1
	hyp = 327 / 894
	cut = 268
13363 [0, 8998]: LP
	bnd = 8998.000000
	its = 2
	hyp = 321 / 1044
	cut = 283
13891 [0, 8998]: LP
	bnd = 8998.000000
	its = 1
	hyp = 472 / 1044
	cut = 298
14425 [0, 8998]: LP
	bnd = 8998.000000
	its = 1
	hyp = 390 / 1044
	cut = 313
14960 [0, 8998]: LP
	bnd = 8998.000000
	its = 1
	hyp = 432 / 1044
	cut = 328
15493 [0, 8998]: LP
	bnd = 8998.000000
	its = 1
	hyp = 347 / 1044
	cut = 343
16029 [0, 8998]: LP
	bnd = 8998.000000
	its = 1
	hyp = 257 / 1044
	cut = 358
16557 [0, 8998]: LP
	bnd = 8998.000000
	its = 1
	hyp = 257 / 1044
	cut = 373
16965 [0, 8998]: HEURISTIC 3
17084 [0, 8998]: LP
	bnd = 8998.000000
	its = 1
	hyp = 257 / 1044
	cut = 388
17606 [0, 8998]: LP
	bnd = 8998.000000
	its = 1
	hyp = 255 / 1044
	cut = 403
18127 [0, 8998]: LP
	bnd = 8998.000000
	its = 1
	hyp = 234 / 1044
	cut = 418
18646 [0, 8998]: LP
	bnd = 8998.000000
	its = 1
	hyp = 234 / 1044
	cut = 433
19175 [0, 8998]: LP
	bnd = 8998.000000
	its = 1
	hyp = 234 / 1044
	cut = 448
19695 [0, 8998]: LP
	bnd = 8998.000000
	its = 1
	hyp = 234 / 1044
	cut = 463
20215 [0, 8998]: LP
	bnd = 8998.000000
	its = 1
	hyp = 234 / 1044
	cut = 478
20736 [0, 8998]: LP
	bnd = 8998.000000
	its = 1
	hyp = 234 / 1044
	cut = 493
21254 [0, 8998]: LP
	bnd = 8998.000000
	its = 1
	hyp = 234 / 1044
	cut = 508
21774 [0, 8998]: LP
	bnd = 8998.000000
	its = 1
	hyp = 234 / 1044
	cut = 523
22294 [0, 8998]: LP
	bnd = 8998.000000
	its = 1
	hyp = 234 / 1044
	cut = 538
22816 [0, 8998]: LP
	bnd = 8998.000000
	its = 1
	hyp = 234 / 1044
	cut = 553
23337 [0, 8998]: LP
	bnd = 8998.000000
	its = 1
	hyp = 234 / 1044
	cut = 568
23857 [0, 8998]: LP
	bnd = 8998.000000
	its = 1
	hyp = 234 / 1044
	cut = 583
24376 [0, 8998]: LP
	bnd = 8998.000000
	its = 1
	hyp = 234 / 1044
	cut = 598
24902 [0, 8998]: LP
	bnd = 8998.000000
	its = 1
	hyp = 234 / 1044
	cut = 613
25421 [0, 8998]: LP
	bnd = 8998.000000
	its = 1
	hyp = 234 / 1044
	cut = 628
25944 [0, 8998]: LP
	bnd = 8998.000000
	its = 1
	hyp = 234 / 1044
	cut = 643
26465 [0, 8998]: LP
	bnd = 8998.000000
	its = 1
	hyp = 234 / 1044
	cut = 658
26983 [0, 8998]: LP
	bnd = 8998.000000
	its = 1
	hyp = 234 / 1044
	cut = 673
27503 [0, 8998]: LP
	bnd = 8998.000000
	its = 1
	hyp = 234 / 1044
	cut = 688
28024 [0, 8998]: LP
	bnd = 8998.000000
	its = 1
	hyp = 234 / 1044
	cut = 703
28543 [0, 8998]: LP
	bnd = 8998.000000
	its = 1
	hyp = 234 / 1044
	cut = 718
29064 [0, 8998]: LP
	bnd = 8998.000000
	its = 1
	hyp = 234 / 1044
	cut = 733
29584 [0, 8998]: LP
	bnd = 8998.000000
	its = 1
	hyp = 234 / 1044
	cut = 748
30103 [0, 8998]: LP
	bnd = 8998.000000
	its = 1
	hyp = 234 / 1044
	cut = 763
30620 [0, 8998]: LP
	bnd = 8998.000000
	its = 1
	hyp = 234 / 1044
	cut = 778
31140 [0, 8998]: LP
	bnd = 8998.000000
	its = 1
	hyp = 234 / 1044
	cut = 793
31659 [0, 8998]: LP
	bnd = 8998.000000
	its = 1
	hyp = 234 / 1044
	cut = 808
32178 [0, 8998]: LP
	bnd = 8998.000000
	its = 1
	hyp = 234 / 1044
	cut = 823
32702 [0, 8998]: LP
	bnd = 8998.000000
	its = 1
	hyp = 234 / 1044
	cut = 838
33222 [0, 8998]: LP
	bnd = 8998.000000
	its = 1
	hyp = 234 / 1044
	cut = 853
33742 [0, 8998]: LP
	bnd = 8998.000000
	its = 1
	hyp = 234 / 1044
	cut = 868
34262 [0, 8998]: LP
	bnd = 8998.000000
	its = 1
	hyp = 234 / 1044
	cut = 883
34781 [0, 8998]: LP
	bnd = 8998.000000
	its = 1
	hyp = 234 / 1044
	cut = 898
35302 [0, 8998]: LP
	bnd = 8998.000000
	its = 1
	hyp = 234 / 1044
	cut = 913
35822 [0, 8998]: LP
	bnd = 8998.000000
	its = 1
	hyp = 234 / 1044
	cut = 928
36343 [0, 8998]: LP
	bnd = 8998.000000
	its = 1
	hyp = 234 / 1044
	cut = 943
36863 [0, 8998]: LP
	bnd = 8998.000000
	its = 1
	hyp = 234 / 1044
	cut = 958
37380 [0, 8998]: LP
	bnd = 8998.000000
	its = 1
	hyp = 234 / 1044
	cut = 973
37901 [0, 8998]: LP
	bnd = 8998.000000
	its = 1
	hyp = 234 / 1044
	cut = 988
38419 [0, 8998]: LP
	bnd = 8998.000000
	its = 1
	hyp = 234 / 1044
	cut = 1003
38941 [0, 8998]: LP
	bnd = 8998.000000
	its = 1
	hyp = 234 / 1044
	cut = 1018
39460 [0, 8998]: LP
	bnd = 8998.000000
	its = 1
	hyp = 234 / 1044
	cut = 1033
39982 [0, 8998]: LP
	bnd = 8998.000000
	its = 1
	hyp = 234 / 1044
	cut = 1048
40502 [0, 8998]: LP
	bnd = 8998.000000
	its = 1
	hyp = 234 / 1044
	cut = 1063
41025 [0, 8998]: LP
	bnd = 8998.000000
	its = 1
	hyp = 234 / 1044
	cut = 1078
41545 [0, 8998]: LP
	bnd = 8998.000000
	its = 1
	hyp = 234 / 1044
	cut = 1093
42064 [0, 8998]: LP
	bnd = 8998.000000
	its = 1
	hyp = 234 / 1044
	cut = 1108
42586 [0, 8998]: LP
	bnd = 8998.000000
	its = 1
	hyp = 234 / 1044
	cut = 1123
43106 [0, 8998]: LP
	bnd = 8998.000000
	its = 1
	hyp = 234 / 1044
	cut = 1138
43627 [0, 8998]: LP
	bnd = 8998.000000
	its = 1
	hyp = 234 / 1044
	cut = 1153
44147 [0, 8998]: LP
	bnd = 8998.000000
	its = 1
	hyp = 234 / 1044
	cut = 1168
44667 [0, 8998]: LP
	bnd = 8998.000000
	its = 1
	hyp = 234 / 1044
	cut = 1183
45184 [0, 8998]: LP
	bnd = 8998.000000
	its = 1
	hyp = 234 / 1044
	cut = 1198
45706 [0, 8998]: LP
	bnd = 8998.000000
	its = 1
	hyp = 234 / 1044
	cut = 1213
46224 [0, 8998]: LP
	bnd = 8998.000000
	its = 1
	hyp = 234 / 1044
	cut = 1228
46745 [0, 8998]: LP
	bnd = 8998.000000
	its = 1
	hyp = 234 / 1044
	cut = 1243
47267 [0, 8998]: LP
	bnd = 8998.000000
	its = 1
	hyp = 234 / 1044
	cut = 1258
47785 [0, 8998]: LP
	bnd = 8998.000000
	its = 1
	hyp = 234 / 1044
	cut = 1273
48302 [0, 8998]: LP
	bnd = 8998.000000
	its = 1
	hyp = 234 / 1044
	cut = 1288
48819 [0, 8998]: LP
	bnd = 8998.000000
	its = 1
	hyp = 234 / 1044
	cut = 1303
49335 [0, 8998]: LP
	bnd = 8998.000000
	its = 1
	hyp = 234 / 1044
	cut = 1318
49881 [0, 8998]: LP
	bnd = 8998.000000
	its = 1
	hyp = 234 / 1044
	cut = 1333
50397 [0, 8998]: LP
	bnd = 8998.000000
	its = 1
	hyp = 234 / 1044
	cut = 1348
50937 [0, 8998]: LP
	bnd = 8998.000000
	its = 1
	hyp = 234 / 1044
	cut = 1363
51472 [0, 8998]: LP
	bnd = 8998.000000
	its = 1
	hyp = 234 / 1044
	cut = 1378
52010 [0, 8998]: LP
	bnd = 8998.000000
	its = 1
	hyp = 234 / 1044
	cut = 1393
52532 [0, 8998]: LP
	bnd = 8998.000000
	its = 1
	hyp = 234 / 1044
	cut = 1407
53064 [0, 8998]: LP
	bnd = 8998.000000
	its = 1
	hyp = 234 / 1044
	cut = 1422
53595 [0, 8998]: LP
	bnd = 8998.000000
	its = 1
	hyp = 234 / 1044
	cut = 1437
54107 [0, 8998]: LP
	bnd = 8998.000000
	its = 1
	hyp = 234 / 1044
	cut = 1452
54635 [0, 8998]: LP
	bnd = 8998.000000
	its = 1
	hyp = 234 / 1044
	cut = 1467
55171 [0, 8998]: LP
	bnd = 8998.000000
	its = 1
	hyp = 234 / 1044
	cut = 1482
55690 [0, 8998]: LP
	bnd = 8998.000000
	its = 1
	hyp = 234 / 1044
	cut = 1497
56222 [0, 8998]: LP
	bnd = 8998.000000
	its = 1
	hyp = 234 / 1044
	cut = 1512
56740 [0, 8998]: LP
	bnd = 8998.000000
	its = 1
	hyp = 234 / 1044
	cut = 1527
57270 [0, 8998]: LP
	bnd = 8998.000000
	its = 1
	hyp = 234 / 1044
	cut = 1542
57803 [0, 8998]: LP
	bnd = 8998.000000
	its = 1
	hyp = 234 / 1044
	cut = 1557
58310 [0, 8998]: LP
	bnd = 8998.000000
	its = 1
	hyp = 234 / 1044
	cut = 1572
58819 [0, 8998]: LP
	bnd = 8998.000000
	its = 1
	hyp = 234 / 1044
	cut = 1587
59328 [0, 8998]: LP
	bnd = 8998.000000
	its = 1
	hyp = 234 / 1044
	cut = 1602
59868 [0, 8998]: LP
	bnd = 8998.000000
	its = 1
	hyp = 234 / 1044
	cut = 1617
60374 [0, 8998]: LP
	bnd = 8998.000000
	its = 1
	hyp = 234 / 1044
	cut = 1632
60878 [0, 8998]: LP
	bnd = 8998.000000
	its = 1
	hyp = 234 / 1044
	cut = 1647
61381 [0, 8998]: LP
	bnd = 8998.000000
	its = 1
	hyp = 234 / 1044
	cut = 1662
61886 [0, 8998]: LP
	bnd = 8998.000000
	its = 1
	hyp = 234 / 1044
	cut = 1677
62392 [0, 8998]: LP
	bnd = 8998.000000
	its = 1
	hyp = 234 / 1044
	cut = 1692
62901 [0, 8998]: LP
	bnd = 8998.000000
	its = 1
	hyp = 234 / 1044
	cut = 1707
63408 [0, 8998]: LP
	bnd = 8998.000000
	its = 1
	hyp = 234 / 1044
	cut = 1722
63912 [0, 8998]: LP
	bnd = 8998.000000
	its = 1
	hyp = 234 / 1044
	cut = 1735
64415 [0, 8998]: LP
	bnd = 8998.000000
	its = 1
	hyp = 234 / 1044
	cut = 1742
64917 [0, 8998]: LP
	bnd = 8998.000000
	its = 1
	hyp = 234 / 1044
	cut = 1749
65420 [0, 8998]: LP
	bnd = 8998.000000
	its = 1
	hyp = 234 / 1044
	cut = 1755
65926 [0, 8998]: LP
	bnd = 8998.000000
	its = 1
	hyp = 234 / 1044
	cut = 1756
66429 [0, 8998]: LP STOP
74769 [8998, 8998]: HEURISTIC 9
