hypergraph with 5930 vertices and 71255 hyperarcs generated in 129
128 [0, 6605]: LP
	bnd = 6605.333008
	its = 4
	hyp = 32 / 40
	cut = 0
132 [0, 6605]: HEURISTIC 3
136 [6328, 6605]: LABEL
	tot = 261
	max = 2
139 [6328, 6598]: LABEL
	tot = 261
	max = 2
142 [6328, 6592]: LABEL
	tot = 261
	max = 2
145 [6328, 6585]: LABEL
	tot = 261
	max = 2
148 [6328, 6578]: LABEL
	tot = 261
	max = 2
151 [6328, 6572]: LABEL
	tot = 326
	max = 3
154 [6328, 6565]: LABEL
	tot = 326
	max = 3
157 [6328, 6559]: LABEL
	tot = 326
	max = 3
161 [6328, 6552]: LABEL
	tot = 357
	max = 4
166 [6328, 6546]: LABEL
	tot = 357
	max = 4
169 [6328, 6539]: LABEL
	tot = 357
	max = 4
173 [6328, 6533]: LABEL
	tot = 357
	max = 4
177 [6328, 6526]: LABEL
	tot = 357
	max = 4
181 [6328, 6519]: LABEL
	tot = 365
	max = 5
185 [6328, 6513]: LABEL
	tot = 365
	max = 5
189 [6328, 6506]: LABEL
	tot = 390
	max = 6
193 [6328, 6500]: LABEL
	tot = 390
	max = 6
197 [6328, 6493]: LABEL
	tot = 390
	max = 6
201 [6328, 6487]: LABEL
	tot = 390
	max = 6
206 [6328, 6480]: LABEL
	tot = 453
	max = 7
210 [6328, 6474]: LABEL
	tot = 453
	max = 7
215 [6328, 6467]: LABEL
	tot = 472
	max = 7
219 [6328, 6461]: LABEL
	tot = 502
	max = 7
230 [6328, 6455]: LABEL
	tot = 502
	max = 7
230 [6328, 6455]: LP
	bnd = 6605.333496
	its = 3
	hyp = 33 / 73
	cut = 1
240 [6328, 6448]: LABEL
	tot = 526
	max = 7
248 [6328, 6442]: LABEL
	tot = 558
	max = 7
254 [6328, 6435]: LABEL
	tot = 558
	max = 7
262 [6328, 6429]: LABEL
	tot = 1003
	max = 9
270 [6328, 6422]: LABEL
	tot = 1006
	max = 9
277 [6328, 6416]: LABEL
	tot = 1015
	max = 9
285 [6328, 6410]: LABEL
	tot = 1015
	max = 9
292 [6328, 6403]: LABEL
	tot = 1015
	max = 9
296 [6328, 6403]: LP
	bnd = 6605.333496
	its = 2
	hyp = 34 / 84
	cut = 2
306 [6402, 6402]: LABEL
	tot = 1591
	max = 12
