hypergraph with 8436 vertices and 90312 hyperarcs generated in 197
306 [0, 5594]: LP
	bnd = 5594.000000
	its = 7
	hyp = 74 / 103
	cut = 0
310 [0, 5594]: HEURISTIC 3
314 [0, 5594]: LABEL
	tot = 214
	max = 1
317 [0, 5588]: LABEL
	tot = 214
	max = 1
321 [0, 5582]: LABEL
	tot = 214
	max = 1
324 [0, 5577]: LABEL
	tot = 214
	max = 1
327 [0, 5571]: LABEL
	tot = 214
	max = 1
331 [0, 5566]: LABEL
	tot = 290
	max = 4
335 [0, 5560]: LABEL
	tot = 290
	max = 4
339 [0, 5554]: LABEL
	tot = 290
	max = 4
343 [0, 5549]: LABEL
	tot = 290
	max = 4
347 [0, 5543]: LABEL
	tot = 321
	max = 5
351 [0, 5538]: LABEL
	tot = 349
	max = 6
357 [0, 5532]: LABEL
	tot = 349
	max = 6
361 [0, 5527]: LABEL
	tot = 349
	max = 6
366 [0, 5521]: LABEL
	tot = 349
	max = 6
370 [0, 5516]: LABEL
	tot = 349
	max = 6
375 [0, 5510]: LABEL
	tot = 349
	max = 6
379 [0, 5505]: LABEL
	tot = 349
	max = 6
383 [0, 5499]: LABEL
	tot = 349
	max = 6
390 [0, 5494]: LABEL
	tot = 447
	max = 6
395 [0, 5488]: LABEL
	tot = 463
	max = 6
401 [5279, 5483]: LABEL
	tot = 561
	max = 8
408 [5279, 5477]: LABEL
	tot = 618
	max = 9
415 [5279, 5472]: LABEL
	tot = 682
	max = 10
423 [5279, 5466]: LABEL
	tot = 682
	max = 10
430 [5279, 5461]: LABEL
	tot = 704
	max = 10
439 [5283, 5455]: LABEL
	tot = 949
	max = 15
447 [5283, 5450]: LABEL
	tot = 951
	max = 15
456 [5354, 5444]: LABEL
	tot = 1034
	max = 16
465 [5354, 5439]: LABEL
	tot = 1034
	max = 16
475 [5354, 5434]: LABEL
	tot = 1082
	max = 18
476 [5354, 5434]: LP
	bnd = 5594.000000
	its = 3
	hyp = 79 / 139
	cut = 3
487 [5354, 5428]: LABEL
	tot = 1266
	max = 22
498 [5354, 5423]: LABEL
	tot = 1325
	max = 23
522 [5354, 5417]: LABEL
	tot = 1558
	max = 23
538 [5354, 5412]: LABEL
	tot = 1558
	max = 23
552 [5354, 5406]: LABEL
	tot = 1693
	max = 25
564 [5354, 5401]: LABEL
	tot = 1693
	max = 25
580 [5354, 5396]: LABEL
	tot = 2188
	max = 29
596 [5354, 5396]: LP
	bnd = 5594.000000
	its = 2
	hyp = 83 / 147
	cut = 6
596 [5354, 5390]: LABEL
	tot = 2188
	max = 29
613 [5354, 5385]: LABEL
	tot = 2304
	max = 33
630 [5354, 5379]: LABEL
	tot = 2332
	max = 33
647 [5354, 5374]: LABEL
	tot = 2485
	max = 35
668 [5354, 5369]: LABEL
	tot = 3020
	max = 40
688 [5354, 5363]: LABEL
	tot = 3051
	max = 41
708 [5354, 5358]: LABEL
	tot = 3078
	max = 41
730 [5354, 5354]: LABEL
	tot = 3082
	max = 41
