hypergraph with 19326 vertices and 255181 hyperarcs generated in 661
858 [0, 5792]: LP
	bnd = 5792.500000
	its = 6
	hyp = 36 / 90
	cut = 0
865 [0, 5792]: HEURISTIC 3
870 [5687, 5792]: LABEL
	tot = 272
	max = 2
874 [5687, 5786]: LABEL
	tot = 272
	max = 2
878 [5687, 5780]: LABEL
	tot = 272
	max = 2
883 [5687, 5775]: LABEL
	tot = 334
	max = 3
888 [5687, 5769]: LABEL
	tot = 334
	max = 3
893 [5687, 5763]: LABEL
	tot = 334
	max = 3
899 [5687, 5757]: LABEL
	tot = 369
	max = 3
904 [5687, 5752]: LABEL
	tot = 369
	max = 3
910 [5687, 5746]: LABEL
	tot = 369
	max = 3
916 [5687, 5740]: LABEL
	tot = 396
	max = 3
921 [5687, 5734]: LABEL
	tot = 396
	max = 3
927 [5687, 5729]: LABEL
	tot = 396
	max = 3
934 [5687, 5723]: LABEL
	tot = 570
	max = 4
941 [5687, 5717]: LABEL
	tot = 570
	max = 4
949 [5687, 5711]: LABEL
	tot = 763
	max = 5
959 [5687, 5706]: LABEL
	tot = 921
	max = 6
970 [5687, 5700]: LABEL
	tot = 921
	max = 6
981 [5687, 5694]: LABEL
	tot = 1011
	max = 6
992 [5687, 5689]: LABEL
	tot = 1020
	max = 6
1006 [5689, 5689]: LABEL
	tot = 1313
	max = 7
