hypergraph with 29272 vertices and 246645 hyperarcs generated in 1588
1690 [0, 6295]: LP
	bnd = 6295.666504
	its = 4
	hyp = 301 / 301
	cut = 0
2147 [0, 6295]: HEURISTIC 3
2671 [0, 6295]: HEURISTIC 9
3169 [0, 6295]: LP
	bnd = 6295.666504
	its = 4
	hyp = 242 / 445
	cut = 3
3196 [6158, 6295]: LABEL
	tot = 44118
	max = 5
3722 [6158, 6289]: LABEL
	tot = 44118
	max = 5
4243 [6158, 6283]: LABEL
	tot = 44118
	max = 5
4394 [6158, 6283]: LP
	bnd = 6295.666504
	its = 3
	hyp = 213 / 491
	cut = 6
4770 [6158, 6276]: LABEL
	tot = 44118
	max = 5
5301 [6158, 6270]: LABEL
	tot = 44113
	max = 5
5621 [6158, 6270]: LP
	bnd = 6295.666504
	its = 3
	hyp = 216 / 515
	cut = 9
5831 [6158, 6264]: LABEL
	tot = 44113
	max = 5
6361 [6158, 6257]: LABEL
	tot = 44113
	max = 5
6612 [6158, 6257]: LP
	bnd = 6290.409668
	its = 2
	hyp = 256 / 522
	cut = 12
	restart
7147 [6158, 6251]: LABEL
	tot = 44264
	max = 5
7601 [6158, 6251]: LP
	bnd = 6284.100586
	its = 2
	hyp = 264 / 570
	cut = 15
	restart
8136 [6158, 6245]: LABEL
	tot = 44265
	max = 5
8667 [6158, 6239]: LABEL
	tot = 44265
	max = 5
9094 [6158, 6239]: LP
	bnd = 6266.750000
	its = 4
	hyp = 249 / 599
	cut = 18
	restart
9631 [6158, 6232]: LABEL
	tot = 44477
	max = 5
9840 [6158, 6232]: LP
	bnd = 6266.750000
	its = 1
	hyp = 258 / 599
	cut = 21
10170 [6158, 6226]: LABEL
	tot = 44477
	max = 5
10702 [6158, 6220]: LABEL
	tot = 44477
	max = 5
10833 [6158, 6220]: LP
	bnd = 6266.750000
	its = 2
	hyp = 277 / 610
	cut = 24
11239 [6158, 6214]: LABEL
	tot = 44477
	max = 5
11769 [6158, 6208]: LABEL
	tot = 44477
	max = 5
11820 [6158, 6208]: LP
	bnd = 6266.750000
	its = 2
	hyp = 249 / 627
	cut = 27
12304 [6158, 6201]: LABEL
	tot = 44477
	max = 5
12812 [6158, 6201]: LP
	bnd = 6266.750000
	its = 2
	hyp = 252 / 632
	cut = 30
12841 [6158, 6195]: LABEL
	tot = 44477
	max = 5
13372 [6158, 6189]: LABEL
	tot = 44335
	max = 5
13902 [6158, 6183]: LABEL
	tot = 44335
	max = 5
14048 [6158, 6183]: LP
	bnd = 6266.750000
	its = 3
	hyp = 253 / 659
	cut = 33
14447 [6175, 6177]: LABEL
	tot = 44994
	max = 8
14982 [6175, 6175]: LABEL
	tot = 44994
	max = 8
