hypergraph with 33121 vertices and 612470 hyperarcs generated in 1342
2292 [0, 4653]: LP
	bnd = 4653.000000
	its = 8
	hyp = 125 / 246
	cut = 0
2325 [0, 4653]: HEURISTIC 3
2351 [0, 4653]: LABEL
	tot = 1140
	max = 1
2376 [0, 4648]: LABEL
	tot = 1140
	max = 1
2401 [0, 4643]: LABEL
	tot = 1140
	max = 1
2425 [0, 4639]: LABEL
	tot = 1140
	max = 1
2449 [4605, 4634]: LABEL
	tot = 1150
	max = 2
2473 [4605, 4629]: LABEL
	tot = 1150
	max = 2
2498 [4605, 4625]: LABEL
	tot = 1196
	max = 2
2522 [4605, 4620]: LABEL
	tot = 1196
	max = 2
2550 [4605, 4615]: LABEL
	tot = 1196
	max = 2
2577 [4605, 4611]: LABEL
	tot = 1452
	max = 3
2604 [4605, 4606]: LABEL
	tot = 1452
	max = 3
2641 [4605, 4605]: LABEL
	tot = 2070
	max = 3
