hypergraph with 3620 vertices and 69444 hyperarcs generated in 77
138 [0, 5283]: LP
	bnd = 5283.020996
	its = 14
	hyp = 67 / 122
	cut = 0
140 [0, 5283]: HEURISTIC 3
141 [0, 5283]: LABEL
	tot = 64
	max = 1
143 [0, 5277]: LABEL
	tot = 113
	max = 2
145 [0, 5272]: LABEL
	tot = 181
	max = 4
147 [5160, 5267]: LABEL
	tot = 213
	max = 5
150 [5160, 5261]: LABEL
	tot = 258
	max = 6
153 [5160, 5256]: LABEL
	tot = 300
	max = 7
156 [5160, 5251]: LABEL
	tot = 407
	max = 10
161 [5190, 5246]: LABEL
	tot = 517
	max = 14
168 [5240, 5240]: LABEL
	tot = 672
	max = 17
175 [5240, 5240]: LABEL
	tot = 695
	max = 17
