hypergraph with 11166 vertices and 347468 hyperarcs generated in 242
885 [0, 10053]: LP
	bnd = 10053.176758
	its = 23
	hyp = 143 / 289
	cut = 0
889 [0, 10053]: HEURISTIC 3
891 [0, 10053]: LABEL
	tot = 123
	max = 2
894 [0, 10043]: LABEL
	tot = 236
	max = 2
900 [0, 10033]: LABEL
	tot = 392
	max = 3
907 [0, 10023]: LABEL
	tot = 606
	max = 4
916 [0, 10013]: LABEL
	tot = 774
	max = 5
927 [0, 10003]: LABEL
	tot = 1047
	max = 7
943 [0, 9993]: LABEL
	tot = 1589
	max = 9
965 [0, 9983]: LABEL
	tot = 2220
	max = 11
992 [0, 9973]: LABEL
	tot = 3037
	max = 15
1028 [9849, 9963]: LABEL
	tot = 4101
	max = 21
1071 [9954, 9954]: LABEL
	tot = 5229
	max = 30
