hypergraph with 11258 vertices and 355533 hyperarcs generated in 222
709 [0, 11606]: LP
	bnd = 11606.960938
	its = 18
	hyp = 147 / 249
	cut = 0
713 [0, 11606]: HEURISTIC 3
716 [0, 11606]: LABEL
	tot = 204
	max = 1
722 [0, 11595]: LABEL
	tot = 385
	max = 3
728 [0, 11583]: LABEL
	tot = 481
	max = 7
734 [0, 11572]: LABEL
	tot = 610
	max = 12
742 [0, 11560]: LABEL
	tot = 744
	max = 12
752 [0, 11549]: LABEL
	tot = 986
	max = 17
765 [0, 11537]: LABEL
	tot = 1350
	max = 18
782 [0, 11525]: LABEL
	tot = 1803
	max = 19
801 [0, 11514]: LABEL
	tot = 2189
	max = 22
824 [0, 11502]: LABEL
	tot = 2633
	max = 29
852 [0, 11491]: LABEL
	tot = 3256
	max = 38
885 [0, 11479]: LABEL
	tot = 4070
	max = 46
926 [0, 11468]: LABEL
	tot = 5013
	max = 49
972 [0, 11456]: LABEL
	tot = 5995
	max = 55
1028 [0, 11445]: LABEL
	tot = 7272
	max = 62
1094 [0, 11434]: LABEL
	tot = 8815
	max = 68
1171 [11272, 11422]: LABEL
	tot = 10678
	max = 75
1262 [11296, 11411]: LABEL
	tot = 12864
	max = 90
1385 [11296, 11399]: LABEL
	tot = 15030
	max = 103
1441 [11296, 11399]: LP
	bnd = 11585.507812
	its = 17
	hyp = 174 / 558
	cut = 9
	restart
1558 [11296, 11388]: LABEL
	tot = 14061
	max = 90
1693 [11296, 11377]: LABEL
	tot = 16509
	max = 121
1830 [11303, 11365]: LABEL
	tot = 19544
	max = 154
1985 [11303, 11354]: LABEL
	tot = 22940
	max = 205
2056 [11303, 11354]: LP
	bnd = 11580.690430
	its = 14
	hyp = 179 / 665
	cut = 18
2165 [11303, 11342]: LABEL
	tot = 27066
	max = 263
2395 [11303, 11331]: LABEL
	tot = 35354
	max = 422
2658 [11303, 11320]: LABEL
	tot = 41950
	max = 532
2682 [11303, 11320]: LP
	bnd = 11569.234375
	its = 14
	hyp = 162 / 755
	cut = 27
	restart
2957 [11303, 11308]: LABEL
	tot = 42810
	max = 584
3254 [11303, 11303]: LABEL
	tot = 46682
	max = 650
