hypergraph with 3297 vertices and 57380 hyperarcs generated in 74
101 [0, 4681]: LP
	bnd = 4681.666504
	its = 10
	hyp = 52 / 96
	cut = 0
102 [0, 4681]: HEURISTIC 3
103 [4620, 4681]: LABEL
	tot = 70
	max = 2
103 [4620, 4676]: LABEL
	tot = 70
	max = 2
104 [4620, 4672]: LABEL
	tot = 70
	max = 2
105 [4620, 4667]: LABEL
	tot = 74
	max = 2
105 [4620, 4662]: LABEL
	tot = 86
	max = 2
107 [4620, 4658]: LABEL
	tot = 133
	max = 2
108 [4620, 4653]: LABEL
	tot = 156
	max = 4
110 [4620, 4648]: LABEL
	tot = 188
	max = 4
111 [4620, 4644]: LABEL
	tot = 190
	max = 4
113 [4620, 4639]: LABEL
	tot = 268
	max = 5
116 [4620, 4635]: LABEL
	tot = 280
	max = 5
118 [4620, 4630]: LABEL
	tot = 330
	max = 6
121 [4620, 4625]: LABEL
	tot = 364
	max = 7
125 [4620, 4621]: LABEL
	tot = 471
	max = 8
129 [4620, 4620]: LABEL
	tot = 471
	max = 8
