hypergraph with 1664 vertices and 5880 hyperarcs generated in 374
114 [0, 208504]: LP
	bnd = 208504.671875
	its = 6
	hyp = 59 / 108
	cut = 0
116 [0, 208504]: HEURISTIC 3
119 [181982, 208504]: LABEL
	tot = 166
	max = 2
121 [181982, 208296]: LABEL
	tot = 166
	max = 2
123 [181982, 208087]: LABEL
	tot = 166
	max = 2
125 [181982, 207879]: LABEL
	tot = 166
	max = 2
127 [181982, 207671]: LABEL
	tot = 166
	max = 2
129 [181982, 207464]: LABEL
	tot = 166
	max = 2
131 [181982, 207256]: LABEL
	tot = 166
	max = 2
134 [181982, 207049]: LABEL
	tot = 188
	max = 2
136 [181982, 206842]: LABEL
	tot = 188
	max = 2
139 [181982, 206635]: LABEL
	tot = 207
	max = 2
141 [181982, 206428]: LABEL
	tot = 207
	max = 2
144 [181982, 206222]: LABEL
	tot = 207
	max = 2
147 [181982, 206016]: LABEL
	tot = 207
	max = 2
149 [181982, 205810]: LABEL
	tot = 207
	max = 2
152 [181982, 205604]: LABEL
	tot = 215
	max = 2
155 [181982, 205398]: LABEL
	tot = 327
	max = 2
159 [181982, 205193]: LABEL
	tot = 327
	max = 2
163 [181982, 204988]: LABEL
	tot = 327
	max = 2
167 [181982, 204783]: LABEL
	tot = 401
	max = 2
172 [181982, 204578]: LABEL
	tot = 404
	max = 2
177 [181982, 204373]: LABEL
	tot = 404
	max = 2
182 [181982, 204169]: LABEL
	tot = 475
	max = 2
188 [181982, 203965]: LABEL
	tot = 475
	max = 2
193 [181982, 203761]: LABEL
	tot = 478
	max = 2
199 [192907, 203557]: LABEL
	tot = 530
	max = 3
204 [192907, 203354]: LABEL
	tot = 530
	max = 3
210 [192907, 203150]: LABEL
	tot = 530
	max = 3
215 [192907, 202947]: LABEL
	tot = 530
	max = 3
217 [192907, 202947]: LP
	bnd = 203523.500000
	its = 6
	hyp = 46 / 198
	cut = 5
	restart
219 [192907, 202744]: LABEL
	tot = 92
	max = 2
220 [192907, 202541]: LABEL
	tot = 92
	max = 2
222 [192907, 202339]: LABEL
	tot = 92
	max = 2
223 [192907, 202137]: LABEL
	tot = 92
	max = 2
225 [192907, 201934]: LABEL
	tot = 92
	max = 2
227 [192907, 201732]: LABEL
	tot = 108
	max = 2
229 [192907, 201531]: LABEL
	tot = 127
	max = 2
231 [192907, 201329]: LABEL
	tot = 127
	max = 2
234 [192907, 201128]: LABEL
	tot = 201
	max = 2
237 [192907, 200927]: LABEL
	tot = 201
	max = 2
240 [192907, 200726]: LABEL
	tot = 201
	max = 2
245 [192907, 200525]: LABEL
	tot = 413
	max = 2
250 [192907, 200325]: LABEL
	tot = 413
	max = 2
255 [192907, 200124]: LABEL
	tot = 413
	max = 2
259 [192907, 199924]: LABEL
	tot = 413
	max = 2
264 [192907, 199724]: LABEL
	tot = 413
	max = 2
269 [192907, 199524]: LABEL
	tot = 416
	max = 2
274 [192907, 199325]: LABEL
	tot = 416
	max = 2
279 [192907, 199126]: LABEL
	tot = 424
	max = 3
282 [192907, 199126]: LP
	bnd = 203523.500000
	its = 4
	hyp = 45 / 206
	cut = 10
284 [192907, 198926]: LABEL
	tot = 438
	max = 3
289 [192907, 198728]: LABEL
	tot = 452
	max = 3
294 [192907, 198529]: LABEL
	tot = 452
	max = 3
299 [192907, 198330]: LABEL
	tot = 452
	max = 3
304 [192907, 198132]: LABEL
	tot = 452
	max = 3
309 [192907, 197934]: LABEL
	tot = 452
	max = 3
314 [192907, 197736]: LABEL
	tot = 452
	max = 3
319 [192907, 197538]: LABEL
	tot = 452
	max = 3
324 [192907, 197341]: LABEL
	tot = 452
	max = 3
326 [192907, 197341]: LP
	bnd = 203523.500000
	its = 2
	hyp = 45 / 216
	cut = 15
330 [192907, 197143]: LABEL
	tot = 466
	max = 3
335 [192907, 196946]: LABEL
	tot = 474
	max = 3
340 [192907, 196749]: LABEL
	tot = 474
	max = 3
345 [192907, 196552]: LABEL
	tot = 474
	max = 3
350 [192907, 196356]: LABEL
	tot = 475
	max = 3
355 [192907, 196160]: LABEL
	tot = 475
	max = 3
361 [192907, 195963]: LABEL
	tot = 475
	max = 3
366 [192907, 195767]: LABEL
	tot = 475
	max = 3
372 [195582, 195582]: LABEL
	tot = 570
	max = 3
