hypergraph with 9800 vertices and 32038 hyperarcs generated in 2849
1271 [0, 931465]: LP
	bnd = 931465.750000
	its = 6
	hyp = 86 / 186
	cut = 0
1279 [0, 931465]: HEURISTIC 3
1286 [0, 931465]: LABEL
	tot = 45
	max = 1
1293 [0, 930534]: LABEL
	tot = 45
	max = 1
1300 [0, 929603]: LABEL
	tot = 45
	max = 1
1307 [0, 928674]: LABEL
	tot = 45
	max = 1
1314 [0, 927745]: LABEL
	tot = 45
	max = 1
1320 [0, 926817]: LABEL
	tot = 45
	max = 1
1327 [0, 925890]: LABEL
	tot = 45
	max = 1
1334 [0, 924965]: LABEL
	tot = 45
	max = 1
1341 [0, 924040]: LABEL
	tot = 45
	max = 1
1348 [0, 923116]: LABEL
	tot = 45
	max = 1
1354 [0, 922192]: LABEL
	tot = 45
	max = 1
1361 [0, 921270]: LABEL
	tot = 45
	max = 1
1371 [0, 920349]: LABEL
	tot = 45
	max = 1
1382 [0, 919429]: LABEL
	tot = 45
	max = 1
1392 [0, 918509]: LABEL
	tot = 45
	max = 1
1402 [0, 917591]: LABEL
	tot = 45
	max = 1
1413 [0, 916673]: LABEL
	tot = 45
	max = 1
1424 [0, 915756]: LABEL
	tot = 147
	max = 1
1436 [0, 914841]: LABEL
	tot = 331
	max = 2
1450 [0, 913926]: LABEL
	tot = 331
	max = 2
1463 [0, 913012]: LABEL
	tot = 331
	max = 2
1476 [903435, 912099]: LABEL
	tot = 450
	max = 3
1488 [903435, 911187]: LABEL
	tot = 450
	max = 3
1504 [903435, 910276]: LABEL
	tot = 681
	max = 4
1519 [903435, 909365]: LABEL
	tot = 681
	max = 4
1534 [903435, 908456]: LABEL
	tot = 681
	max = 4
1549 [903435, 907548]: LABEL
	tot = 681
	max = 4
1564 [903435, 906640]: LABEL
	tot = 681
	max = 4
1580 [903435, 905733]: LABEL
	tot = 681
	max = 4
1599 [903435, 904828]: LABEL
	tot = 1090
	max = 6
1617 [903435, 903923]: LABEL
	tot = 1090
	max = 6
1637 [903435, 903435]: LABEL
	tot = 1231
	max = 6
