hypergraph with 20641 vertices and 234030 hyperarcs generated in 598
827 [0, 61555]: LP
	bnd = 61555.332031
	its = 5
	hyp = 33 / 48
	cut = 0
831 [0, 61555]: HEURISTIC 3
833 [0, 61555]: LABEL
	tot = 58
	max = 1
835 [0, 61493]: LABEL
	tot = 58
	max = 1
837 [0, 61432]: LABEL
	tot = 58
	max = 1
839 [0, 61370]: LABEL
	tot = 58
	max = 1
842 [0, 61309]: LABEL
	tot = 119
	max = 1
845 [0, 61248]: LABEL
	tot = 182
	max = 2
848 [0, 61186]: LABEL
	tot = 199
	max = 3
852 [0, 61125]: LABEL
	tot = 224
	max = 3
856 [0, 61064]: LABEL
	tot = 246
	max = 3
861 [60942, 61003]: LABEL
	tot = 368
	max = 3
867 [60942, 60942]: LABEL
	tot = 401
	max = 3
873 [60942, 60942]: LABEL
	tot = 401
	max = 3
