hypergraph with 67175 vertices and 329694 hyperarcs generated in 6035
10350 [0, 972031]: LP
	bnd = 972031.875000
	its = 6
	hyp = 99 / 126
	cut = 0
10362 [0, 972031]: HEURISTIC 3
10371 [0, 972031]: LABEL
	tot = 142
	max = 1
10380 [0, 971059]: LABEL
	tot = 155
	max = 1
10389 [0, 970088]: LABEL
	tot = 155
	max = 1
10398 [0, 969118]: LABEL
	tot = 210
	max = 2
10408 [0, 968149]: LABEL
	tot = 222
	max = 2
10417 [0, 967181]: LABEL
	tot = 222
	max = 2
10426 [0, 966214]: LABEL
	tot = 222
	max = 2
10436 [0, 965248]: LABEL
	tot = 260
	max = 2
10448 [0, 964282]: LABEL
	tot = 450
	max = 3
10459 [0, 963318]: LABEL
	tot = 450
	max = 3
10478 [955389, 962355]: LABEL
	tot = 1173
	max = 4
10497 [955389, 961392]: LABEL
	tot = 1195
	max = 4
10523 [955389, 960431]: LABEL
	tot = 1227
	max = 4
10551 [955389, 959471]: LABEL
	tot = 1369
	max = 4
10581 [955389, 958511]: LABEL
	tot = 1473
	max = 5
10612 [955389, 957553]: LABEL
	tot = 1606
	max = 5
10643 [955389, 956595]: LABEL
	tot = 1645
	max = 5
10677 [955389, 955638]: LABEL
	tot = 1759
	max = 6
10714 [955389, 955389]: LABEL
	tot = 1759
	max = 6
