hypergraph with 1396 vertices and 11568 hyperarcs generated in 35
44 [0, 1896]: LP
	bnd = 1896.000000
	its = 8
	hyp = 34 / 56
	cut = 0
45 [0, 1896]: HEURISTIC 3
46 [1840, 1895]: LABEL
	tot = 75
	max = 2
46 [1840, 1894]: LABEL
	tot = 75
	max = 2
47 [1840, 1892]: LABEL
	tot = 75
	max = 2
48 [1840, 1890]: LABEL
	tot = 114
	max = 3
49 [1840, 1888]: LABEL
	tot = 114
	max = 3
50 [1840, 1886]: LABEL
	tot = 114
	max = 3
51 [1840, 1884]: LABEL
	tot = 114
	max = 3
52 [1840, 1882]: LABEL
	tot = 155
	max = 6
53 [1840, 1880]: LABEL
	tot = 155
	max = 6
54 [1840, 1879]: LABEL
	tot = 155
	max = 6
55 [1840, 1877]: LABEL
	tot = 155
	max = 6
56 [1840, 1875]: LABEL
	tot = 169
	max = 7
57 [1840, 1873]: LABEL
	tot = 169
	max = 7
59 [1840, 1871]: LABEL
	tot = 328
	max = 10
61 [1840, 1869]: LABEL
	tot = 328
	max = 10
63 [1840, 1867]: LABEL
	tot = 328
	max = 10
65 [1840, 1865]: LABEL
	tot = 328
	max = 10
67 [1840, 1864]: LABEL
	tot = 328
	max = 10
69 [1840, 1862]: LABEL
	tot = 353
	max = 14
71 [1840, 1862]: LP
	bnd = 1896.000000
	its = 3
	hyp = 33 / 87
	cut = 3
71 [1840, 1860]: LABEL
	tot = 353
	max = 14
74 [1860, 1860]: LABEL
	tot = 375
	max = 14
