hypergraph with 568 vertices and 3109 hyperarcs generated in 22
24 [0, 1739]: LP
	bnd = 1739.869629
	its = 8
	hyp = 34 / 52
	cut = 0
25 [0, 1739]: HEURISTIC 3
26 [0, 1739]: LABEL
	tot = 49
	max = 1
27 [0, 1738]: LABEL
	tot = 49
	max = 1
28 [0, 1736]: LABEL
	tot = 49
	max = 1
28 [0, 1734]: LABEL
	tot = 49
	max = 1
29 [0, 1732]: LABEL
	tot = 49
	max = 1
30 [0, 1731]: LABEL
	tot = 58
	max = 1
31 [0, 1729]: LABEL
	tot = 58
	max = 1
31 [0, 1727]: LABEL
	tot = 58
	max = 1
32 [0, 1725]: LABEL
	tot = 58
	max = 1
33 [0, 1724]: LABEL
	tot = 58
	max = 1
33 [0, 1722]: LABEL
	tot = 69
	max = 1
34 [0, 1720]: LABEL
	tot = 69
	max = 1
34 [0, 1719]: LABEL
	tot = 69
	max = 1
35 [0, 1717]: LABEL
	tot = 69
	max = 1
36 [0, 1715]: LABEL
	tot = 69
	max = 1
36 [0, 1713]: LABEL
	tot = 83
	max = 2
37 [0, 1712]: LABEL
	tot = 92
	max = 2
38 [0, 1710]: LABEL
	tot = 95
	max = 2
39 [0, 1708]: LABEL
	tot = 102
	max = 2
40 [0, 1707]: LABEL
	tot = 109
	max = 3
41 [0, 1705]: LABEL
	tot = 121
	max = 3
42 [0, 1703]: LABEL
	tot = 134
	max = 3
43 [0, 1701]: LABEL
	tot = 134
	max = 3
45 [0, 1700]: LABEL
	tot = 140
	max = 3
45 [0, 1700]: LP
	bnd = 1739.869629
	its = 8
	hyp = 40 / 101
	cut = 4
46 [0, 1698]: LABEL
	tot = 145
	max = 3
47 [1688, 1696]: LABEL
	tot = 192
	max = 4
49 [1688, 1695]: LABEL
	tot = 232
	max = 4
51 [1688, 1693]: LABEL
	tot = 232
	max = 4
53 [1688, 1691]: LABEL
	tot = 245
	max = 4
54 [1688, 1691]: LP
	bnd = 1733.893677
	its = 5
	hyp = 48 / 116
	cut = 8
	restart
56 [1688, 1690]: LABEL
	tot = 198
	max = 3
58 [1688, 1688]: LABEL
	tot = 198
	max = 3
59 [1688, 1688]: LABEL
	tot = 202
	max = 3
