hypergraph with 56 vertices and 180 hyperarcs generated in 3
11 [0, 271]: LP
	bnd = 271.000000
	its = 6
	hyp = 11 / 20
	cut = 0
11 [0, 271]: HEURISTIC 3
12 [0, 270]: LABEL
	tot = 25
	max = 3
12 [0, 270]: LABEL
	tot = 25
	max = 3
12 [0, 270]: LABEL
	tot = 25
	max = 3
12 [0, 270]: LABEL
	tot = 25
	max = 3
12 [0, 269]: LABEL
	tot = 25
	max = 3
13 [0, 269]: LABEL
	tot = 25
	max = 3
13 [0, 269]: LABEL
	tot = 25
	max = 3
13 [0, 269]: LABEL
	tot = 25
	max = 3
14 [0, 268]: LABEL
	tot = 25
	max = 3
14 [0, 268]: LABEL
	tot = 25
	max = 3
14 [0, 268]: LABEL
	tot = 25
	max = 3
14 [0, 268]: LP
	bnd = 271.000000
	its = 3
	hyp = 11 / 28
	cut = 2
14 [0, 268]: LABEL
	tot = 25
	max = 3
15 [268, 268]: LABEL
	tot = 48
	max = 5
