hypergraph with 101 vertices and 418 hyperarcs generated in 3
14 [0, 252]: LP
	bnd = 252.666656
	its = 5
	hyp = 16 / 22
	cut = 0
15 [0, 252]: HEURISTIC 3
15 [0, 252]: LABEL
	tot = 26
	max = 1
15 [0, 252]: LABEL
	tot = 26
	max = 1
16 [0, 252]: LABEL
	tot = 26
	max = 1
16 [0, 251]: LABEL
	tot = 26
	max = 1
17 [0, 251]: LABEL
	tot = 26
	max = 1
17 [0, 251]: LABEL
	tot = 26
	max = 1
17 [0, 251]: LABEL
	tot = 26
	max = 1
18 [0, 250]: LABEL
	tot = 32
	max = 1
18 [0, 250]: LABEL
	tot = 32
	max = 1
19 [0, 250]: LABEL
	tot = 32
	max = 1
19 [0, 250]: LABEL
	tot = 32
	max = 1
20 [0, 249]: LABEL
	tot = 32
	max = 1
20 [0, 249]: LABEL
	tot = 39
	max = 2
21 [0, 249]: LABEL
	tot = 39
	max = 2
21 [0, 249]: LABEL
	tot = 39
	max = 2
21 [0, 249]: LP
	bnd = 252.666656
	its = 6
	hyp = 18 / 46
	cut = 3
22 [0, 248]: LABEL
	tot = 49
	max = 2
23 [0, 248]: LABEL
	tot = 49
	max = 2
24 [0, 248]: LABEL
	tot = 49
	max = 2
24 [0, 248]: LABEL
	tot = 52
	max = 2
25 [0, 247]: LABEL
	tot = 52
	max = 2
25 [0, 247]: LABEL
	tot = 52
	max = 2
26 [0, 247]: LABEL
	tot = 52
	max = 2
26 [0, 247]: LABEL
	tot = 52
	max = 2
27 [0, 247]: LP
	bnd = 249.199997
	its = 4
	hyp = 22 / 58
	cut = 6
	restart
28 [247, 247]: LABEL
	tot = 71
	max = 5
