hypergraph with 151 vertices and 701 hyperarcs generated in 4
19 [0, 312]: LP
	bnd = 312.302338
	its = 11
	hyp = 39 / 65
	cut = 0
19 [0, 312]: HEURISTIC 3
20 [0, 312]: LABEL
	tot = 38
	max = 2
20 [0, 311]: LABEL
	tot = 43
	max = 2
21 [0, 311]: LABEL
	tot = 43
	max = 2
21 [0, 311]: LABEL
	tot = 43
	max = 2
22 [0, 311]: LABEL
	tot = 43
	max = 2
23 [0, 310]: LABEL
	tot = 43
	max = 2
23 [0, 310]: LABEL
	tot = 43
	max = 2
24 [0, 310]: LABEL
	tot = 43
	max = 2
24 [0, 309]: LABEL
	tot = 43
	max = 2
25 [0, 309]: LABEL
	tot = 43
	max = 2
25 [0, 309]: LABEL
	tot = 45
	max = 2
26 [0, 308]: LABEL
	tot = 45
	max = 2
26 [0, 308]: LABEL
	tot = 45
	max = 2
26 [0, 308]: LP
	bnd = 307.194824
	its = 10
	hyp = 50 / 109
	cut = 7
	restart
27 [0, 307]: LABEL
	tot = 54
	max = 2
27 [0, 306]: LABEL
	tot = 54
	max = 2
28 [0, 306]: LABEL
	tot = 54
	max = 2
28 [0, 306]: LABEL
	tot = 54
	max = 2
29 [0, 305]: LABEL
	tot = 54
	max = 2
29 [0, 305]: LABEL
	tot = 54
	max = 2
29 [0, 305]: LABEL
	tot = 54
	max = 2
30 [0, 305]: LABEL
	tot = 54
	max = 2
30 [0, 304]: LABEL
	tot = 54
	max = 2
31 [0, 304]: LABEL
	tot = 55
	max = 2
31 [0, 304]: LABEL
	tot = 55
	max = 2
31 [0, 303]: LABEL
	tot = 55
	max = 2
32 [0, 303]: LABEL
	tot = 55
	max = 2
32 [0, 303]: LABEL
	tot = 57
	max = 2
33 [0, 302]: LABEL
	tot = 60
	max = 2
33 [0, 302]: LABEL
	tot = 60
	max = 2
34 [0, 302]: LABEL
	tot = 62
	max = 2
34 [0, 302]: LABEL
	tot = 69
	max = 2
35 [0, 301]: LABEL
	tot = 69
	max = 2
35 [0, 301]: LABEL
	tot = 70
	max = 2
36 [0, 301]: LABEL
	tot = 70
	max = 2
36 [0, 300]: LABEL
	tot = 70
	max = 2
37 [0, 300]: LP
	bnd = 304.768524
	its = 11
	hyp = 60 / 136
	cut = 15
	restart
37 [0, 300]: LABEL
	tot = 72
	max = 2
38 [0, 300]: LABEL
	tot = 73
	max = 2
38 [0, 299]: LABEL
	tot = 73
	max = 2
39 [0, 299]: LABEL
	tot = 73
	max = 2
39 [0, 299]: LABEL
	tot = 73
	max = 2
40 [0, 299]: LABEL
	tot = 74
	max = 2
40 [0, 298]: LABEL
	tot = 75
	max = 2
41 [0, 298]: LABEL
	tot = 75
	max = 2
41 [0, 298]: LABEL
	tot = 75
	max = 2
42 [0, 297]: LABEL
	tot = 78
	max = 2
42 [0, 297]: LABEL
	tot = 102
	max = 2
43 [0, 297]: LP
	bnd = 298.870880
	its = 7
	hyp = 63 / 151
	cut = 23
	restart
43 [0, 297]: LABEL
	tot = 51
	max = 2
44 [0, 296]: LABEL
	tot = 51
	max = 2
44 [0, 296]: LABEL
	tot = 71
	max = 2
45 [0, 296]: LABEL
	tot = 71
	max = 2
45 [0, 296]: LABEL
	tot = 71
	max = 2
46 [0, 295]: LABEL
	tot = 71
	max = 2
46 [0, 295]: LABEL
	tot = 71
	max = 2
47 [0, 295]: LABEL
	tot = 71
	max = 2
47 [0, 294]: LABEL
	tot = 76
	max = 2
47 [0, 294]: LP
	bnd = 294.395874
	its = 3
	hyp = 57 / 157
	cut = 31
	restart
48 [0, 294]: LABEL
	tot = 92
	max = 3
49 [0, 294]: LABEL
	tot = 92
	max = 3
49 [0, 293]: LABEL
	tot = 92
	max = 3
50 [0, 293]: LABEL
	tot = 96
	max = 3
50 [0, 293]: LABEL
	tot = 99
	max = 3
51 [0, 292]: LABEL
	tot = 99
	max = 3
51 [0, 292]: LABEL
	tot = 99
	max = 3
52 [0, 292]: LABEL
	tot = 99
	max = 3
52 [0, 292]: LABEL
	tot = 100
	max = 3
53 [0, 291]: LABEL
	tot = 100
	max = 3
53 [0, 291]: LABEL
	tot = 101
	max = 3
54 [0, 291]: LABEL
	tot = 101
	max = 3
55 [0, 290]: LABEL
	tot = 102
	max = 3
55 [0, 290]: LABEL
	tot = 104
	max = 3
55 [0, 290]: LP
	bnd = 289.500000
	its = 7
	hyp = 63 / 178
	cut = 39
	restart
56 [0, 289]: LABEL
	tot = 99
	max = 3
57 [289, 289]: LABEL
	tot = 108
	max = 3
57 [289, 289]: LABEL
	tot = 109
	max = 3
