hypergraph with 208 vertices and 1242 hyperarcs generated in 4
16 [0, 888]: LP
	bnd = 888.174011
	its = 11
	hyp = 53 / 84
	cut = 0
17 [0, 888]: HEURISTIC 3
18 [0, 888]: LABEL
	tot = 78
	max = 3
19 [0, 887]: LABEL
	tot = 78
	max = 3
20 [810, 886]: LABEL
	tot = 108
	max = 3
21 [810, 885]: LABEL
	tot = 111
	max = 3
23 [810, 884]: LABEL
	tot = 111
	max = 3
24 [810, 883]: LABEL
	tot = 117
	max = 3
25 [810, 882]: LABEL
	tot = 117
	max = 3
25 [810, 882]: LP
	bnd = 880.359985
	its = 5
	hyp = 42 / 106
	cut = 5
	restart
26 [810, 880]: LABEL
	tot = 70
	max = 2
27 [810, 879]: LABEL
	tot = 82
	max = 3
27 [810, 878]: LABEL
	tot = 82
	max = 3
28 [810, 877]: LABEL
	tot = 82
	max = 3
28 [810, 876]: LABEL
	tot = 82
	max = 3
29 [810, 875]: LABEL
	tot = 82
	max = 3
29 [810, 875]: LABEL
	tot = 82
	max = 3
30 [810, 874]: LABEL
	tot = 82
	max = 3
30 [810, 873]: LABEL
	tot = 82
	max = 3
31 [810, 872]: LABEL
	tot = 93
	max = 4
32 [810, 871]: LABEL
	tot = 105
	max = 4
33 [810, 870]: LABEL
	tot = 105
	max = 4
33 [810, 869]: LABEL
	tot = 105
	max = 4
34 [810, 868]: LABEL
	tot = 130
	max = 4
35 [810, 868]: LABEL
	tot = 131
	max = 4
36 [810, 867]: LABEL
	tot = 131
	max = 4
36 [810, 867]: LP
	bnd = 876.695740
	its = 9
	hyp = 58 / 126
	cut = 10
	restart
37 [810, 866]: LABEL
	tot = 146
	max = 4
38 [810, 865]: LABEL
	tot = 156
	max = 5
39 [810, 864]: LABEL
	tot = 156
	max = 5
40 [810, 863]: LABEL
	tot = 156
	max = 5
41 [810, 862]: LABEL
	tot = 156
	max = 5
42 [810, 862]: LABEL
	tot = 156
	max = 5
42 [810, 862]: LP
	bnd = 873.277771
	its = 5
	hyp = 69 / 153
	cut = 15
	restart
44 [810, 861]: LABEL
	tot = 161
	max = 4
45 [810, 860]: LABEL
	tot = 165
	max = 4
46 [810, 859]: LABEL
	tot = 172
	max = 4
47 [810, 858]: LABEL
	tot = 174
	max = 4
49 [810, 858]: LP
	bnd = 871.870972
	its = 5
	hyp = 56 / 162
	cut = 20
	restart
50 [810, 857]: LABEL
	tot = 171
	max = 4
52 [834, 856]: LABEL
	tot = 176
	max = 5
53 [834, 856]: LP
	bnd = 871.859619
	its = 3
	hyp = 60 / 165
	cut = 25
53 [834, 856]: LABEL
	tot = 178
	max = 5
55 [834, 855]: LABEL
	tot = 192
	max = 5
56 [834, 854]: LABEL
	tot = 192
	max = 5
57 [834, 853]: LABEL
	tot = 225
	max = 6
59 [834, 852]: LABEL
	tot = 238
	max = 6
59 [834, 852]: LP
	bnd = 870.597595
	its = 5
	hyp = 88 / 178
	cut = 30
	restart
61 [834, 851]: LABEL
	tot = 220
	max = 5
63 [834, 850]: LABEL
	tot = 246
	max = 6
65 [834, 850]: LABEL
	tot = 247
	max = 6
65 [834, 850]: LP
	bnd = 869.765991
	its = 4
	hyp = 72 / 186
	cut = 35
	restart
67 [834, 849]: LABEL
	tot = 249
	max = 6
69 [834, 848]: LABEL
	tot = 255
	max = 6
70 [834, 848]: LP
	bnd = 868.861084
	its = 3
	hyp = 70 / 196
	cut = 40
	restart
72 [834, 847]: LABEL
	tot = 261
	max = 6
74 [834, 847]: LP
	bnd = 868.632751
	its = 2
	hyp = 55 / 198
	cut = 45
74 [834, 846]: LABEL
	tot = 264
	max = 7
76 [834, 845]: LABEL
	tot = 271
	max = 7
78 [834, 844]: LABEL
	tot = 273
	max = 7
79 [834, 844]: LP
	bnd = 868.279114
	its = 3
	hyp = 58 / 200
	cut = 50
80 [834, 844]: LABEL
	tot = 280
	max = 7
82 [834, 844]: LP
	bnd = 868.150635
	its = 1
	hyp = 67 / 200
	cut = 55
82 [834, 843]: LABEL
	tot = 285
	max = 7
85 [834, 842]: LABEL
	tot = 297
	max = 7
87 [834, 841]: LABEL
	tot = 303
	max = 7
88 [834, 841]: LP
	bnd = 867.902893
	its = 4
	hyp = 60 / 206
	cut = 60
89 [834, 840]: LABEL
	tot = 317
	max = 9
91 [834, 839]: LABEL
	tot = 315
	max = 8
92 [834, 839]: LP
	bnd = 867.384216
	its = 2
	hyp = 66 / 207
	cut = 65
	restart
95 [834, 839]: LABEL
	tot = 324
	max = 8
97 [834, 838]: LABEL
	tot = 333
	max = 9
99 [834, 838]: LP
	bnd = 867.226807
	its = 5
	hyp = 70 / 212
	cut = 70
99 [834, 837]: LABEL
	tot = 337
	max = 9
101 [834, 836]: LABEL
	tot = 345
	max = 9
104 [834, 835]: LABEL
	tot = 347
	max = 9
105 [834, 835]: LP
	bnd = 866.956177
	its = 3
	hyp = 76 / 216
	cut = 75
106 [834, 834]: LABEL
	tot = 352
	max = 9
108 [834, 834]: LABEL
	tot = 352
	max = 9
111 [834, 834]: LABEL
	tot = 352
	max = 9
