hypergraph with 851 vertices and 5769 hyperarcs generated in 12
30 [0, 1917]: LP
	bnd = 1917.416748
	its = 8
	hyp = 37 / 52
	cut = 0
31 [0, 1917]: HEURISTIC 3
33 [0, 1917]: HEURISTIC 9
34 [0, 1917]: LABEL
	tot = 122
	max = 4
36 [0, 1915]: LABEL
	tot = 122
	max = 4
36 [0, 1913]: LABEL
	tot = 130
	max = 4
38 [0, 1911]: LABEL
	tot = 130
	max = 4
38 [0, 1909]: LABEL
	tot = 130
	max = 4
40 [0, 1907]: LABEL
	tot = 202
	max = 4
42 [0, 1905]: LABEL
	tot = 202
	max = 4
43 [0, 1904]: LABEL
	tot = 202
	max = 4
45 [0, 1902]: LABEL
	tot = 202
	max = 4
47 [0, 1900]: LABEL
	tot = 202
	max = 4
49 [0, 1900]: LP
	bnd = 1915.833374
	its = 5
	hyp = 40 / 114
	cut = 4
	restart
51 [0, 1898]: LABEL
	tot = 201
	max = 4
53 [0, 1896]: LABEL
	tot = 201
	max = 4
55 [0, 1894]: LABEL
	tot = 281
	max = 4
58 [0, 1892]: LABEL
	tot = 281
	max = 4
61 [0, 1890]: LABEL
	tot = 362
	max = 5
65 [0, 1890]: LP
	bnd = 1894.000000
	its = 7
	hyp = 52 / 149
	cut = 8
	restart
68 [0, 1888]: LABEL
	tot = 320
	max = 5
70 [0, 1886]: LABEL
	tot = 320
	max = 5
73 [0, 1886]: LP
	bnd = 1891.000000
	its = 3
	hyp = 43 / 158
	cut = 12
	restart
76 [0, 1885]: LABEL
	tot = 314
	max = 5
78 [0, 1883]: LABEL
	tot = 321
	max = 5
81 [0, 1881]: LABEL
	tot = 321
	max = 5
82 [0, 1881]: LP
	bnd = 1891.000000
	its = 3
	hyp = 52 / 181
	cut = 17
84 [0, 1879]: LABEL
	tot = 326
	max = 5
87 [0, 1877]: LABEL
	tot = 330
	max = 5
90 [1865, 1875]: LABEL
	tot = 388
	max = 8
91 [1865, 1875]: LP
	bnd = 1891.000000
	its = 3
	hyp = 46 / 188
	cut = 22
93 [1865, 1873]: LABEL
	tot = 388
	max = 8
96 [1865, 1871]: LABEL
	tot = 322
	max = 7
98 [1865, 1870]: LABEL
	tot = 322
	max = 7
101 [1865, 1868]: LABEL
	tot = 350
	max = 7
103 [1865, 1868]: LP
	bnd = 1886.000000
	its = 4
	hyp = 42 / 203
	cut = 27
	restart
106 [1865, 1866]: LABEL
	tot = 353
	max = 7
109 [1865, 1865]: LABEL
	tot = 360
	max = 7
