hypergraph with 69 vertices and 210 hyperarcs generated in 2
15 [0, 203]: LP
	bnd = 203.125000
	its = 6
	hyp = 21 / 27
	cut = 0
15 [0, 203]: HEURISTIC 3
16 [164, 203]: LABEL
	tot = 20
	max = 2
16 [164, 202]: LABEL
	tot = 20
	max = 2
16 [164, 202]: LABEL
	tot = 20
	max = 2
17 [164, 202]: LABEL
	tot = 20
	max = 2
17 [164, 202]: LABEL
	tot = 20
	max = 2
17 [164, 202]: LABEL
	tot = 20
	max = 2
17 [164, 201]: LABEL
	tot = 20
	max = 2
18 [164, 201]: LABEL
	tot = 20
	max = 2
18 [164, 201]: LABEL
	tot = 20
	max = 2
18 [164, 201]: LABEL
	tot = 20
	max = 2
19 [164, 201]: LABEL
	tot = 20
	max = 2
19 [164, 200]: LABEL
	tot = 20
	max = 2
19 [164, 200]: LABEL
	tot = 20
	max = 2
19 [164, 200]: LABEL
	tot = 20
	max = 2
20 [164, 200]: LABEL
	tot = 20
	max = 2
20 [164, 200]: LP
	bnd = 187.000000
	its = 5
	hyp = 20 / 37
	cut = 3
	restart
20 [164, 187]: LABEL
	tot = 38
	max = 2
21 [164, 186]: LABEL
	tot = 38
	max = 2
21 [164, 186]: LABEL
	tot = 38
	max = 2
22 [164, 186]: LABEL
	tot = 38
	max = 2
22 [164, 186]: LABEL
	tot = 38
	max = 2
23 [164, 186]: LABEL
	tot = 38
	max = 2
23 [164, 185]: LABEL
	tot = 38
	max = 2
23 [164, 185]: LABEL
	tot = 38
	max = 2
24 [164, 185]: LABEL
	tot = 38
	max = 2
24 [164, 185]: LP
	bnd = 185.222229
	its = 4
	hyp = 21 / 49
	cut = 6
	restart
25 [164, 185]: LABEL
	tot = 34
	max = 2
25 [164, 185]: LABEL
	tot = 34
	max = 2
25 [164, 184]: LABEL
	tot = 34
	max = 2
26 [164, 184]: LABEL
	tot = 34
	max = 2
26 [164, 184]: LABEL
	tot = 34
	max = 2
26 [164, 184]: LABEL
	tot = 34
	max = 2
27 [164, 184]: LABEL
	tot = 34
	max = 2
27 [164, 183]: LABEL
	tot = 34
	max = 2
27 [164, 183]: LABEL
	tot = 34
	max = 2
28 [164, 183]: LABEL
	tot = 34
	max = 2
28 [164, 183]: LABEL
	tot = 34
	max = 2
28 [164, 183]: LP
	bnd = 180.430557
	its = 4
	hyp = 25 / 53
	cut = 9
	restart
29 [164, 180]: LABEL
	tot = 34
	max = 2
29 [164, 180]: LABEL
	tot = 34
	max = 2
29 [164, 180]: LABEL
	tot = 34
	max = 2
30 [164, 179]: LABEL
	tot = 34
	max = 2
30 [164, 179]: LABEL
	tot = 36
	max = 2
31 [164, 179]: LABEL
	tot = 36
	max = 2
31 [164, 179]: LP
	bnd = 178.961533
	its = 1
	hyp = 32 / 53
	cut = 12
	restart
31 [164, 178]: LABEL
	tot = 34
	max = 2
31 [164, 178]: LABEL
	tot = 34
	max = 2
32 [164, 178]: LABEL
	tot = 34
	max = 2
32 [164, 178]: LABEL
	tot = 34
	max = 2
32 [164, 178]: LABEL
	tot = 34
	max = 2
33 [164, 178]: LABEL
	tot = 34
	max = 2
33 [164, 177]: LABEL
	tot = 34
	max = 2
33 [164, 177]: LABEL
	tot = 34
	max = 2
33 [164, 177]: LP
	bnd = 176.150009
	its = 2
	hyp = 27 / 55
	cut = 14
	restart
34 [164, 176]: LABEL
	tot = 36
	max = 2
34 [164, 175]: LABEL
	tot = 36
	max = 2
34 [164, 175]: LABEL
	tot = 36
	max = 2
34 [164, 175]: LABEL
	tot = 36
	max = 2
35 [164, 175]: LABEL
	tot = 36
	max = 2
35 [164, 175]: LP
	bnd = 175.333359
	its = 1
	hyp = 22 / 55
	cut = 16
	restart
35 [164, 175]: LABEL
	tot = 40
	max = 2
36 [164, 175]: LABEL
	tot = 40
	max = 2
36 [164, 174]: LABEL
	tot = 40
	max = 2
36 [164, 174]: LABEL
	tot = 41
	max = 2
36 [164, 174]: LP
	bnd = 175.333359
	its = 1
	hyp = 22 / 55
	cut = 18
37 [164, 174]: LABEL
	tot = 41
	max = 2
37 [164, 174]: LABEL
	tot = 41
	max = 2
37 [164, 174]: LABEL
	tot = 41
	max = 2
37 [164, 174]: LABEL
	tot = 41
	max = 2
38 [164, 173]: LABEL
	tot = 41
	max = 2
38 [164, 173]: LP
	bnd = 175.333359
	its = 1
	hyp = 22 / 55
	cut = 20
38 [164, 173]: LABEL
	tot = 41
	max = 2
38 [164, 173]: LABEL
	tot = 41
	max = 2
39 [164, 173]: LABEL
	tot = 41
	max = 2
39 [164, 173]: LABEL
	tot = 41
	max = 2
39 [164, 173]: LP
	bnd = 175.333359
	its = 1
	hyp = 22 / 55
	cut = 22
39 [164, 173]: LABEL
	tot = 41
	max = 2
40 [164, 172]: LABEL
	tot = 41
	max = 2
40 [164, 172]: LABEL
	tot = 41
	max = 2
40 [164, 172]: LABEL
	tot = 41
	max = 2
41 [164, 172]: LABEL
	tot = 41
	max = 2
41 [164, 172]: LABEL
	tot = 41
	max = 2
41 [164, 172]: LP
	bnd = 175.333359
	its = 1
	hyp = 24 / 55
	cut = 24
41 [164, 171]: LABEL
	tot = 41
	max = 2
42 [164, 171]: LABEL
	tot = 41
	max = 2
42 [164, 171]: LABEL
	tot = 41
	max = 2
42 [164, 171]: LABEL
	tot = 41
	max = 2
43 [164, 171]: LP
	bnd = 175.000015
	its = 1
	hyp = 15 / 55
	cut = 26
	restart
43 [164, 171]: LABEL
	tot = 41
	max = 2
43 [164, 171]: LABEL
	tot = 41
	max = 2
44 [164, 170]: LABEL
	tot = 41
	max = 2
44 [164, 170]: LP
	bnd = 175.000015
	its = 1
	hyp = 15 / 55
	cut = 28
44 [164, 170]: LABEL
	tot = 41
	max = 2
44 [164, 170]: LABEL
	tot = 41
	max = 2
44 [164, 170]: LABEL
	tot = 41
	max = 2
45 [164, 170]: LABEL
	tot = 41
	max = 2
45 [164, 170]: LP
	bnd = 175.000015
	its = 1
	hyp = 15 / 55
	cut = 30
45 [164, 170]: LABEL
	tot = 41
	max = 2
45 [164, 169]: LABEL
	tot = 41
	max = 2
46 [164, 169]: LABEL
	tot = 41
	max = 2
46 [164, 169]: LP
	bnd = 175.000015
	its = 1
	hyp = 15 / 55
	cut = 32
46 [164, 169]: LABEL
	tot = 41
	max = 2
46 [164, 169]: LABEL
	tot = 41
	max = 2
46 [164, 169]: LABEL
	tot = 41
	max = 2
47 [164, 169]: LABEL
	tot = 41
	max = 2
47 [164, 169]: LP
	bnd = 175.000015
	its = 1
	hyp = 15 / 55
	cut = 34
47 [164, 168]: LABEL
	tot = 41
	max = 2
47 [164, 168]: LABEL
	tot = 41
	max = 2
48 [164, 168]: LABEL
	tot = 41
	max = 2
48 [164, 168]: LABEL
	tot = 41
	max = 2
48 [164, 168]: LP
	bnd = 175.000015
	its = 1
	hyp = 15 / 55
	cut = 36
48 [164, 168]: LABEL
	tot = 41
	max = 2
48 [164, 168]: LABEL
	tot = 41
	max = 2
49 [164, 167]: LABEL
	tot = 41
	max = 2
49 [164, 167]: LABEL
	tot = 41
	max = 2
49 [164, 167]: LP
	bnd = 175.000015
	its = 1
	hyp = 15 / 55
	cut = 38
49 [164, 167]: LABEL
	tot = 41
	max = 2
50 [164, 167]: LABEL
	tot = 41
	max = 2
50 [164, 167]: LABEL
	tot = 41
	max = 2
50 [164, 167]: LABEL
	tot = 41
	max = 2
50 [164, 167]: LP
	bnd = 175.000015
	its = 1
	hyp = 15 / 55
	cut = 40
50 [164, 166]: LABEL
	tot = 41
	max = 2
51 [164, 166]: LABEL
	tot = 41
	max = 2
51 [164, 166]: LABEL
	tot = 41
	max = 2
51 [164, 166]: LABEL
	tot = 41
	max = 2
51 [164, 166]: LP
	bnd = 175.000015
	its = 1
	hyp = 15 / 55
	cut = 42
52 [164, 166]: LABEL
	tot = 41
	max = 2
52 [164, 166]: LABEL
	tot = 41
	max = 2
52 [164, 165]: LABEL
	tot = 43
	max = 2
52 [164, 165]: LP
	bnd = 175.000015
	its = 1
	hyp = 15 / 55
	cut = 44
52 [164, 165]: LABEL
	tot = 43
	max = 2
53 [164, 165]: LABEL
	tot = 43
	max = 2
53 [164, 165]: LABEL
	tot = 43
	max = 2
53 [164, 165]: LABEL
	tot = 43
	max = 2
53 [164, 165]: LP
	bnd = 175.000015
	its = 1
	hyp = 15 / 55
	cut = 46
54 [164, 165]: LABEL
	tot = 43
	max = 2
54 [164, 164]: LABEL
	tot = 43
	max = 2
54 [164, 164]: LABEL
	tot = 43
	max = 2
54 [164, 164]: LP
	bnd = 175.000015
	its = 1
	hyp = 15 / 55
	cut = 48
55 [164, 164]: LABEL
	tot = 43
	max = 2
55 [164, 164]: LABEL
	tot = 43
	max = 2
55 [164, 164]: LABEL
	tot = 43
	max = 2
55 [164, 164]: LP
	bnd = 175.000015
	its = 1
	hyp = 15 / 55
	cut = 50
55 [164, 164]: LABEL
	tot = 43
	max = 2
56 [164, 164]: LABEL
	tot = 53
	max = 3
