hypergraph with 9716 vertices and 98378 hyperarcs generated in 103
151 [0, 28055]: LP
	bnd = 28055.167969
	its = 8
	hyp = 31 / 88
	cut = 0
153 [0, 28055]: HEURISTIC 3
154 [27589, 28055]: LABEL
	tot = 64
	max = 2
156 [27589, 28027]: LABEL
	tot = 65
	max = 2
158 [27589, 27999]: LABEL
	tot = 159
	max = 4
162 [27589, 27971]: LABEL
	tot = 249
	max = 7
165 [27589, 27943]: LABEL
	tot = 249
	max = 7
168 [27589, 27915]: LABEL
	tot = 385
	max = 9
172 [27589, 27887]: LABEL
	tot = 414
	max = 9
177 [27589, 27859]: LABEL
	tot = 578
	max = 11
186 [27589, 27831]: LABEL
	tot = 734
	max = 16
195 [27589, 27803]: LABEL
	tot = 846
	max = 17
208 [27589, 27775]: LABEL
	tot = 995
	max = 19
224 [27589, 27775]: LP
	bnd = 28055.167969
	its = 2
	hyp = 36 / 98
	cut = 2
231 [27589, 27748]: LABEL
	tot = 1211
	max = 24
246 [27589, 27720]: LABEL
	tot = 1370
	max = 29
259 [27589, 27692]: LABEL
	tot = 1556
	max = 33
275 [27589, 27664]: LABEL
	tot = 1921
	max = 42
291 [27589, 27664]: LP
	bnd = 28055.167969
	its = 3
	hyp = 38 / 106
	cut = 4
294 [27589, 27637]: LABEL
	tot = 2064
	max = 43
316 [27589, 27609]: LABEL
	tot = 2308
	max = 46
339 [27589, 27589]: LABEL
	tot = 2483
	max = 50
