hypergraph with 8743 vertices and 134715 hyperarcs generated in 71
379 [0, 24409]: LP
	bnd = 24409.458984
	its = 21
	hyp = 164 / 325
	cut = 0
383 [0, 24409]: HEURISTIC 3
386 [0, 24409]: LABEL
	tot = 193
	max = 2
388 [0, 24385]: LABEL
	tot = 284
	max = 2
393 [0, 24360]: LABEL
	tot = 473
	max = 2
399 [0, 24336]: LABEL
	tot = 473
	max = 2
404 [0, 24311]: LABEL
	tot = 473
	max = 2
410 [0, 24287]: LABEL
	tot = 473
	max = 2
415 [0, 24263]: LABEL
	tot = 479
	max = 2
423 [0, 24239]: LABEL
	tot = 564
	max = 3
432 [0, 24214]: LABEL
	tot = 640
	max = 3
440 [0, 24190]: LABEL
	tot = 645
	max = 3
450 [0, 24166]: LABEL
	tot = 703
	max = 4
461 [0, 24142]: LABEL
	tot = 833
	max = 4
473 [0, 24118]: LABEL
	tot = 874
	max = 4
489 [0, 24094]: LABEL
	tot = 1195
	max = 5
507 [0, 24069]: LABEL
	tot = 1393
	max = 5
527 [0, 24045]: LABEL
	tot = 1476
	max = 5
548 [0, 24021]: LABEL
	tot = 1509
	max = 5
570 [0, 23997]: LABEL
	tot = 1663
	max = 7
595 [0, 23973]: LABEL
	tot = 1951
	max = 9
622 [0, 23949]: LABEL
	tot = 2047
	max = 9
657 [0, 23925]: LABEL
	tot = 2110
	max = 9
679 [0, 23901]: LABEL
	tot = 2153
	max = 9
703 [0, 23878]: LABEL
	tot = 2287
	max = 10
729 [0, 23854]: LABEL
	tot = 2447
	max = 10
756 [0, 23830]: LABEL
	tot = 2556
	max = 10
786 [0, 23806]: LABEL
	tot = 2772
	max = 10
817 [0, 23782]: LABEL
	tot = 2922
	max = 10
849 [0, 23758]: LABEL
	tot = 3079
	max = 11
885 [0, 23735]: LABEL
	tot = 3430
	max = 13
925 [0, 23711]: LABEL
	tot = 4227
	max = 14
933 [0, 23711]: LP
	bnd = 24406.937500
	its = 26
	hyp = 192 / 651
	cut = 14
971 [0, 23687]: LABEL
	tot = 4596
	max = 17
1025 [0, 23664]: LABEL
	tot = 4901
	max = 17
1080 [0, 23640]: LABEL
	tot = 5042
	max = 17
1138 [0, 23616]: LABEL
	tot = 5274
	max = 17
1201 [0, 23593]: LABEL
	tot = 5608
	max = 17
1268 [0, 23569]: LABEL
	tot = 5880
	max = 17
1338 [0, 23545]: LABEL
	tot = 6172
	max = 17
1414 [0, 23522]: LABEL
	tot = 6534
	max = 18
1470 [0, 23522]: LP
	bnd = 24316.062500
	its = 26
	hyp = 197 / 808
	cut = 28
	restart
1565 [21947, 23498]: LABEL
	tot = 7673
	max = 22
1665 [21947, 23475]: LABEL
	tot = 8177
	max = 22
1771 [21947, 23451]: LABEL
	tot = 8681
	max = 22
1883 [21947, 23428]: LABEL
	tot = 9188
	max = 23
2003 [21947, 23405]: LABEL
	tot = 10021
	max = 23
2019 [21947, 23405]: LP
	bnd = 24177.783203
	its = 25
	hyp = 246 / 981
	cut = 42
	restart
2111 [21947, 23381]: LABEL
	tot = 7638
	max = 23
2207 [21947, 23358]: LABEL
	tot = 8152
	max = 23
2310 [21947, 23334]: LABEL
	tot = 8802
	max = 23
2418 [21947, 23311]: LABEL
	tot = 9286
	max = 23
2532 [21947, 23288]: LABEL
	tot = 9631
	max = 24
2653 [22502, 23264]: LABEL
	tot = 10162
	max = 24
2712 [22502, 23264]: LP
	bnd = 24089.753906
	its = 32
	hyp = 231 / 1138
	cut = 56
	restart
2820 [22502, 23241]: LABEL
	tot = 8978
	max = 23
2934 [22502, 23218]: LABEL
	tot = 9537
	max = 23
3055 [22502, 23195]: LABEL
	tot = 10090
	max = 23
3181 [22502, 23172]: LABEL
	tot = 10442
	max = 23
3315 [22502, 23148]: LABEL
	tot = 11012
	max = 24
3456 [22502, 23125]: LABEL
	tot = 11559
	max = 24
3606 [22502, 23102]: LABEL
	tot = 12515
	max = 24
3634 [22502, 23102]: LP
	bnd = 24050.146484
	its = 40
	hyp = 318 / 1325
	cut = 70
	restart
3787 [22502, 23079]: LABEL
	tot = 12588
	max = 28
3949 [22502, 23056]: LABEL
	tot = 13455
	max = 29
4121 [22502, 23033]: LABEL
	tot = 14185
	max = 29
4303 [22502, 23010]: LABEL
	tot = 14939
	max = 31
4355 [22502, 23010]: LP
	bnd = 23997.166016
	its = 27
	hyp = 326 / 1442
	cut = 84
	restart
4529 [22502, 22987]: LABEL
	tot = 14416
	max = 28
4711 [22502, 22964]: LABEL
	tot = 15096
	max = 28
4903 [22502, 22941]: LABEL
	tot = 15966
	max = 29
5094 [22502, 22941]: LP
	bnd = 23912.167969
	its = 26
	hyp = 316 / 1571
	cut = 99
	restart
5263 [22502, 22918]: LABEL
	tot = 14259
	max = 27
5443 [22502, 22895]: LABEL
	tot = 15091
	max = 27
5630 [22502, 22872]: LABEL
	tot = 15634
	max = 29
5829 [22502, 22849]: LABEL
	tot = 16497
	max = 33
5929 [22502, 22849]: LP
	bnd = 23862.453125
	its = 32
	hyp = 362 / 1702
	cut = 115
	restart
6112 [22502, 22826]: LABEL
	tot = 15261
	max = 29
6348 [22502, 22804]: LABEL
	tot = 16087
	max = 31
6597 [22502, 22781]: LABEL
	tot = 16902
	max = 31
6873 [22502, 22758]: LABEL
	tot = 17808
	max = 36
7159 [22502, 22758]: LP
	bnd = 23813.601562
	its = 38
	hyp = 392 / 1859
	cut = 131
	restart
7386 [22502, 22735]: LABEL
	tot = 16591
	max = 30
7643 [22502, 22712]: LABEL
	tot = 17537
	max = 29
7917 [22502, 22690]: LABEL
	tot = 18386
	max = 32
8219 [22502, 22667]: LABEL
	tot = 19343
	max = 34
8255 [22502, 22667]: LP
	bnd = 23747.587891
	its = 30
	hyp = 422 / 1978
	cut = 147
	restart
8495 [22502, 22644]: LABEL
	tot = 18048
	max = 31
8761 [22502, 22622]: LABEL
	tot = 18780
	max = 34
9039 [22502, 22599]: LABEL
	tot = 19474
	max = 34
9339 [22502, 22577]: LABEL
	tot = 20426
	max = 34
9671 [22502, 22554]: LABEL
	tot = 21340
	max = 36
9916 [22502, 22554]: LP
	bnd = 23693.384766
	its = 46
	hyp = 594 / 2183
	cut = 163
	restart
10185 [22502, 22531]: LABEL
	tot = 20469
	max = 36
10472 [22502, 22509]: LABEL
	tot = 21715
	max = 37
10770 [22502, 22502]: LABEL
	tot = 21889
	max = 37
