hypergraph with 7269 vertices and 86787 hyperarcs generated in 94
283 [0, 26167]: LP
	bnd = 26167.470703
	its = 18
	hyp = 109 / 190
	cut = 0
286 [0, 26167]: HEURISTIC 3
288 [0, 26167]: LABEL
	tot = 87
	max = 1
290 [0, 26141]: LABEL
	tot = 97
	max = 1
293 [0, 26115]: LABEL
	tot = 106
	max = 1
295 [0, 26089]: LABEL
	tot = 115
	max = 1
298 [0, 26062]: LABEL
	tot = 115
	max = 1
301 [0, 26036]: LABEL
	tot = 142
	max = 1
304 [0, 26010]: LABEL
	tot = 195
	max = 3
308 [0, 25984]: LABEL
	tot = 214
	max = 3
312 [0, 25958]: LABEL
	tot = 225
	max = 3
316 [0, 25932]: LABEL
	tot = 268
	max = 3
321 [0, 25906]: LABEL
	tot = 278
	max = 3
327 [0, 25881]: LABEL
	tot = 340
	max = 3
332 [0, 25855]: LABEL
	tot = 384
	max = 3
339 [0, 25829]: LABEL
	tot = 434
	max = 3
346 [0, 25803]: LABEL
	tot = 449
	max = 3
355 [0, 25777]: LABEL
	tot = 482
	max = 3
363 [0, 25751]: LABEL
	tot = 571
	max = 3
373 [0, 25726]: LABEL
	tot = 590
	max = 3
384 [0, 25700]: LABEL
	tot = 738
	max = 6
396 [0, 25674]: LABEL
	tot = 866
	max = 7
409 [0, 25649]: LABEL
	tot = 942
	max = 7
424 [0, 25623]: LABEL
	tot = 1098
	max = 7
440 [0, 25597]: LABEL
	tot = 1154
	max = 7
457 [0, 25572]: LABEL
	tot = 1279
	max = 8
476 [0, 25546]: LABEL
	tot = 1386
	max = 8
497 [0, 25521]: LABEL
	tot = 1464
	max = 8
518 [0, 25495]: LABEL
	tot = 1569
	max = 8
542 [0, 25470]: LABEL
	tot = 1662
	max = 8
567 [0, 25444]: LABEL
	tot = 1900
	max = 8
594 [0, 25419]: LABEL
	tot = 2032
	max = 9
624 [0, 25393]: LABEL
	tot = 2230
	max = 9
655 [0, 25368]: LABEL
	tot = 2465
	max = 10
689 [0, 25342]: LABEL
	tot = 2626
	max = 11
721 [0, 25342]: LP
	bnd = 25896.884766
	its = 25
	hyp = 128 / 532
	cut = 11
	restart
744 [0, 25317]: LABEL
	tot = 1405
	max = 7
768 [0, 25292]: LABEL
	tot = 1517
	max = 7
793 [0, 25267]: LABEL
	tot = 1676
	max = 7
822 [0, 25241]: LABEL
	tot = 1869
	max = 8
852 [0, 25216]: LABEL
	tot = 2024
	max = 8
884 [0, 25191]: LABEL
	tot = 2160
	max = 8
917 [0, 25166]: LABEL
	tot = 2311
	max = 8
953 [0, 25140]: LABEL
	tot = 2417
	max = 8
991 [0, 25115]: LABEL
	tot = 2623
	max = 9
1020 [0, 25115]: LP
	bnd = 25772.398438
	its = 16
	hyp = 170 / 661
	cut = 23
	restart
1056 [0, 25090]: LABEL
	tot = 2389
	max = 9
1094 [0, 25065]: LABEL
	tot = 2517
	max = 9
1134 [0, 25040]: LABEL
	tot = 2789
	max = 11
1177 [0, 25015]: LABEL
	tot = 2993
	max = 11
1223 [0, 24990]: LABEL
	tot = 3201
	max = 11
1271 [0, 24965]: LABEL
	tot = 3433
	max = 12
1324 [0, 24940]: LABEL
	tot = 3648
	max = 12
1378 [0, 24915]: LABEL
	tot = 3883
	max = 13
1434 [0, 24890]: LABEL
	tot = 4112
	max = 13
1495 [0, 24865]: LABEL
	tot = 4399
	max = 14
1517 [0, 24865]: LP
	bnd = 25765.060547
	its = 27
	hyp = 164 / 852
	cut = 35
1557 [0, 24840]: LABEL
	tot = 4635
	max = 16
1629 [0, 24816]: LABEL
	tot = 5295
	max = 16
1705 [0, 24791]: LABEL
	tot = 5713
	max = 16
1787 [0, 24766]: LABEL
	tot = 6065
	max = 19
1873 [0, 24741]: LABEL
	tot = 6416
	max = 19
1965 [0, 24716]: LABEL
	tot = 6858
	max = 21
2007 [0, 24716]: LP
	bnd = 25731.283203
	its = 26
	hyp = 203 / 971
	cut = 48
	restart
2089 [0, 24692]: LABEL
	tot = 6049
	max = 17
2175 [0, 24667]: LABEL
	tot = 6405
	max = 18
2267 [0, 24642]: LABEL
	tot = 6863
	max = 19
2364 [0, 24618]: LABEL
	tot = 7227
	max = 20
2416 [0, 24618]: LP
	bnd = 25628.027344
	its = 20
	hyp = 241 / 1077
	cut = 61
	restart
2494 [0, 24593]: LABEL
	tot = 5694
	max = 16
2577 [0, 24568]: LABEL
	tot = 6039
	max = 16
2663 [0, 24544]: LABEL
	tot = 6467
	max = 18
2756 [0, 24519]: LABEL
	tot = 6872
	max = 19
2852 [0, 24495]: LABEL
	tot = 7206
	max = 21
2954 [0, 24470]: LABEL
	tot = 7599
	max = 21
3028 [0, 24470]: LP
	bnd = 25508.962891
	its = 29
	hyp = 281 / 1209
	cut = 75
	restart
3121 [0, 24446]: LABEL
	tot = 6814
	max = 18
3218 [0, 24421]: LABEL
	tot = 7271
	max = 19
3320 [0, 24397]: LABEL
	tot = 7707
	max = 20
3427 [0, 24373]: LABEL
	tot = 8146
	max = 21
3540 [0, 24348]: LABEL
	tot = 8575
	max = 21
3659 [0, 24324]: LABEL
	tot = 9003
	max = 23
3783 [0, 24300]: LABEL
	tot = 9525
	max = 24
3786 [0, 24300]: LP
	bnd = 25445.476562
	its = 37
	hyp = 270 / 1348
	cut = 89
	restart
3909 [0, 24275]: LABEL
	tot = 9206
	max = 23
4035 [0, 24251]: LABEL
	tot = 9723
	max = 25
4169 [0, 24227]: LABEL
	tot = 10214
	max = 28
4311 [23743, 24203]: LABEL
	tot = 10767
	max = 30
4448 [23743, 24203]: LP
	bnd = 25412.789062
	its = 29
	hyp = 359 / 1445
	cut = 104
	restart
4596 [24019, 24178]: LABEL
	tot = 11337
	max = 31
4750 [24019, 24154]: LABEL
	tot = 11908
	max = 33
4913 [24019, 24130]: LABEL
	tot = 12527
	max = 35
5084 [24019, 24106]: LABEL
	tot = 13130
	max = 37
5266 [24019, 24082]: LABEL
	tot = 13854
	max = 39
5457 [24019, 24058]: LABEL
	tot = 14599
	max = 43
5463 [24019, 24058]: LP
	bnd = 25371.761719
	its = 45
	hyp = 309 / 1598
	cut = 119
	restart
5652 [24019, 24034]: LABEL
	tot = 14584
	max = 41
5851 [24019, 24019]: LABEL
	tot = 15071
	max = 42
