hypergraph with 1328101 vertices and 470878964 hyperarcs generated in 114995
660885 [0, 5749444]: LP
	bnd = 5749444.500000
	its = 12
	hyp = 335 / 1045
	cut = 0
661425 [0, 5749444]: HEURISTIC 3
661843 [0, 5749444]: LABEL
	tot = 4341
	max = 1
662444 [0, 5743695]: LABEL
	tot = 6473
	max = 2
663091 [0, 5737951]: LABEL
	tot = 6473
	max = 2
665085 [0, 5732213]: LABEL
	tot = 13892
	max = 3
667454 [0, 5726481]: LABEL
	tot = 18816
	max = 5
670747 [0, 5720755]: LABEL
	tot = 29021
	max = 6
676059 [0, 5715034]: LABEL
	tot = 45643
	max = 7
681717 [0, 5709319]: LABEL
	tot = 53646
	max = 9
688641 [0, 5703609]: LABEL
	tot = 68294
	max = 13
697939 [0, 5697906]: LABEL
	tot = 97870
	max = 18
709174 [0, 5692208]: LABEL
	tot = 133385
	max = 26
723019 [0, 5686516]: LABEL
	tot = 173705
	max = 30
739496 [0, 5680829]: LABEL
	tot = 213354
	max = 36
758190 [0, 5675148]: LABEL
	tot = 253730
	max = 47
780260 [0, 5669473]: LABEL
	tot = 309050
	max = 64
806829 [5597604, 5663804]: LABEL
	tot = 365413
	max = 78
837389 [5597604, 5658140]: LABEL
	tot = 432010
	max = 93
875045 [5597604, 5652482]: LABEL
	tot = 529657
	max = 116
920560 [5597604, 5646829]: LABEL
	tot = 622851
	max = 131
976188 [5597604, 5641182]: LABEL
	tot = 762608
	max = 162
1048133 [5597604, 5635541]: LABEL
	tot = 940724
	max = 196
1135442 [5597604, 5629906]: LABEL
	tot = 1123530
	max = 232
1179982 [5597604, 5629906]: LP
	bnd = 5749444.500000
	its = 10
	hyp = 347 / 1657
	cut = 7
1248018 [5597604, 5624276]: LABEL
	tot = 1401005
	max = 282
1389096 [5597604, 5618651]: LABEL
	tot = 1860258
	max = 350
1567708 [5597604, 5613033]: LABEL
	tot = 2290435
	max = 423
1581380 [5597604, 5613033]: LP
	bnd = 5749444.500000
	its = 6
	hyp = 338 / 1838
	cut = 14
1788831 [5597604, 5607420]: LABEL
	tot = 2786315
	max = 485
1958414 [5597604, 5607420]: LP
	bnd = 5749444.500000
	its = 6
	hyp = 359 / 1928
	cut = 21
2067127 [5597604, 5601812]: LABEL
	tot = 3393962
	max = 562
2297521 [5597604, 5601812]: LP
	bnd = 5749444.500000
	its = 5
	hyp = 395 / 2008
	cut = 28
2472623 [5597604, 5597604]: LABEL
	tot = 3752487
	max = 620
