hypergraph with 1191297 vertices and 334287108 hyperarcs generated in 103264
1708808 [0, 4035803]: LP
	bnd = 4035803.250000
	its = 48
	hyp = 676 / 3022
	cut = 0
1709109 [0, 4035803]: HEURISTIC 3
1709351 [0, 4035803]: LABEL
	tot = 3174
	max = 1
1709972 [0, 4031767]: LABEL
	tot = 9392
	max = 4
1711301 [0, 4027735]: LABEL
	tot = 21616
	max = 8
1713584 [0, 4023708]: LABEL
	tot = 42059
	max = 9
1717689 [0, 4019684]: LABEL
	tot = 77463
	max = 11
1724342 [0, 4015664]: LABEL
	tot = 133710
	max = 17
1735465 [0, 4011648]: LABEL
	tot = 259321
	max = 35
1754766 [3561343, 4007637]: LABEL
	tot = 489495
	max = 97
1783739 [3561343, 4003629]: LABEL
	tot = 856263
	max = 182
1828277 [3604393, 3999625]: LABEL
	tot = 1536734
	max = 394
1896877 [3829137, 3995625]: LABEL
	tot = 2707606
	max = 838
2004932 [3829137, 3991630]: LABEL
	tot = 4730848
	max = 1639
2173935 [3829137, 3987638]: LABEL
	tot = 8169424
	max = 3164
2444120 [3841400, 3983650]: LABEL
	tot = 13787100
	max = 5741
2895112 [3841400, 3979666]: LABEL
	tot = 23097127
	max = 9872
3034386 [3841400, 3979666]: LP
	bnd = 4034730.000000
	its = 30
	hyp = 631 / 4263
	cut = 12
3651192 [3841400, 3975687]: LABEL
	tot = 38619854
	max = 16991
3928606 [3841400, 3975687]: LP
	bnd = 4034289.500000
	its = 19
	hyp = 720 / 4519
	cut = 24
4830616 [3841400, 3971711]: LABEL
	tot = 58767930
	max = 28345
5123090 [3841400, 3971711]: LP
	bnd = 4034251.500000
	its = 26
	hyp = 831 / 5199
	cut = 37
6074106 [3841400, 3971711]: LP
	bnd = 4034140.000000
	its = 20
	hyp = 865 / 5578
	cut = 50
6732119 [3841400, 3967739]: LABEL
	tot = 90692709
	max = 41732
