hypergraph with 1308787 vertices and 445998936 hyperarcs generated in 94651
2252856 [0, 3895954]: LP
	bnd = 3895954.750000
	its = 59
	hyp = 596 / 2588
	cut = 0
2253058 [0, 3895954]: HEURISTIC 3
2253208 [0, 3895954]: LABEL
	tot = 967
	max = 1
2253852 [0, 3892058]: LABEL
	tot = 8235
	max = 3
2255589 [0, 3888166]: LABEL
	tot = 25081
	max = 7
2259625 [0, 3884278]: LABEL
	tot = 64816
	max = 19
2268405 [0, 3880394]: LABEL
	tot = 154826
	max = 38
2286075 [0, 3876513]: LABEL
	tot = 364559
	max = 100
2319984 [0, 3872637]: LABEL
	tot = 830802
	max = 233
2383680 [0, 3868764]: LABEL
	tot = 1821626
	max = 466
2504387 [0, 3864895]: LABEL
	tot = 3878211
	max = 918
2731268 [0, 3861030]: LABEL
	tot = 8062319
	max = 1727
3158384 [0, 3857169]: LABEL
	tot = 16358255
	max = 3170
3993615 [0, 3853312]: LABEL
	tot = 32507354
	max = 5682
4090511 [0, 3853312]: LP
	bnd = 3894869.500000
	its = 37
	hyp = 633 / 4892
	cut = 15
5647177 [0, 3849459]: LABEL
	tot = 63175020
	max = 9865
5948398 [0, 3849459]: LP
	bnd = 3893164.250000
	its = 38
	hyp = 771 / 5830
	cut = 30
