hypergraph with 1101425 vertices and 258641079 hyperarcs generated in 83289
768191 [0, 4791652]: LP
	bnd = 4791652.000000
	its = 21
	hyp = 577 / 1570
	cut = 0
769310 [0, 4791652]: HEURISTIC 3
770356 [0, 4791652]: LABEL
	tot = 16572
	max = 3
771468 [0, 4786860]: LABEL
	tot = 17647
	max = 3
772786 [0, 4782073]: LABEL
	tot = 21687
	max = 3
774380 [0, 4777291]: LABEL
	tot = 25855
	max = 5
776228 [0, 4772514]: LABEL
	tot = 33729
	max = 6
779066 [0, 4767741]: LABEL
	tot = 55860
	max = 12
782173 [0, 4762974]: LABEL
	tot = 68513
	max = 12
785892 [0, 4758211]: LABEL
	tot = 85026
	max = 15
790471 [0, 4753453]: LABEL
	tot = 116225
	max = 17
797412 [0, 4748699]: LABEL
	tot = 188277
	max = 23
805410 [0, 4743951]: LABEL
	tot = 212076
	max = 25
815493 [4514948, 4739207]: LABEL
	tot = 270164
	max = 29
828045 [4514948, 4734468]: LABEL
	tot = 338444
	max = 35
844032 [4514948, 4729733]: LABEL
	tot = 422543
	max = 44
862945 [4514948, 4725004]: LABEL
	tot = 497054
	max = 44
887520 [4514948, 4720279]: LABEL
	tot = 600963
	max = 55
914713 [4527641, 4715558]: LABEL
	tot = 683872
	max = 62
946908 [4527641, 4710843]: LABEL
	tot = 822441
	max = 74
989332 [4527641, 4706132]: LABEL
	tot = 1051863
	max = 84
1037850 [4536306, 4701426]: LABEL
	tot = 1217497
	max = 99
1093705 [4543974, 4696724]: LABEL
	tot = 1443629
	max = 123
1160155 [4543974, 4692028]: LABEL
	tot = 1692213
	max = 150
1239132 [4543974, 4687336]: LABEL
	tot = 1995399
	max = 178
1330879 [4543974, 4682648]: LABEL
	tot = 2281915
	max = 207
1371218 [4543974, 4682648]: LP
	bnd = 4791652.000000
	its = 15
	hyp = 589 / 3183
	cut = 8
1439164 [4570442, 4677966]: LABEL
	tot = 2637327
	max = 240
1556631 [4570442, 4673288]: LABEL
	tot = 2827037
	max = 257
1694894 [4570442, 4668614]: LABEL
	tot = 3276916
	max = 307
1862554 [4570442, 4663946]: LABEL
	tot = 3915934
	max = 357
1876574 [4570442, 4663946]: LP
	bnd = 4791463.500000
	its = 12
	hyp = 704 / 3588
	cut = 16
2057325 [4570442, 4659282]: LABEL
	tot = 4497586
	max = 425
2208110 [4570442, 4659282]: LP
	bnd = 4791463.500000
	its = 7
	hyp = 636 / 3813
	cut = 25
2243613 [4652649, 4654622]: LABEL
	tot = 4565059
	max = 563
2443808 [4652649, 4652649]: LABEL
	tot = 4869815
	max = 625
