hypergraph with 1358646 vertices and 506155287 hyperarcs generated in 126779
1129017 [0, 6246159]: LP
	bnd = 6246159.000000
	its = 24
	hyp = 484 / 1509
	cut = 0
1129627 [0, 6246159]: HEURISTIC 3
1130116 [0, 6246159]: LABEL
	tot = 5166
	max = 3
1131129 [6148320, 6239913]: LABEL
	tot = 10904
	max = 3
1132394 [6148320, 6233673]: LABEL
	tot = 14581
	max = 3
1135468 [6148320, 6227439]: LABEL
	tot = 31250
	max = 9
1139067 [6148320, 6221212]: LABEL
	tot = 42826
	max = 16
1142971 [6185679, 6214991]: LABEL
	tot = 51576
	max = 19
1149440 [6185679, 6208776]: LABEL
	tot = 84656
	max = 29
1159740 [6185679, 6202567]: LABEL
	tot = 117732
	max = 29
1172962 [6185679, 6196364]: LABEL
	tot = 163677
	max = 46
1189710 [6185679, 6190168]: LABEL
	tot = 205614
	max = 56
1210007 [6185679, 6185679]: LABEL
	tot = 248533
	max = 70
