hypergraph with 1484102 vertices and 640233123 hyperarcs generated in 143202
2185607 [0, 5671303]: LP
	bnd = 5671303.000000
	its = 45
	hyp = 483 / 2167
	cut = 0
2186108 [0, 5671303]: HEURISTIC 3
2186429 [0, 5671303]: LABEL
	tot = 782
	max = 1
2187280 [0, 5665631]: LABEL
	tot = 8389
	max = 3
2188894 [0, 5659966]: LABEL
	tot = 17868
	max = 6
2192262 [0, 5654306]: LABEL
	tot = 39430
	max = 8
2198275 [0, 5648651]: LABEL
	tot = 73193
	max = 19
2210741 [0, 5643003]: LABEL
	tot = 137956
	max = 36
2234491 [0, 5637360]: LABEL
	tot = 245852
	max = 59
2274382 [0, 5631722]: LABEL
	tot = 425169
	max = 86
2340626 [0, 5626091]: LABEL
	tot = 743251
	max = 143
2448762 [0, 5620465]: LABEL
	tot = 1246735
	max = 263
2623131 [0, 5614844]: LABEL
	tot = 2105096
	max = 465
2903979 [0, 5609229]: LABEL
	tot = 3485582
	max = 857
3357216 [0, 5603620]: LABEL
	tot = 5774929
	max = 1547
4032724 [0, 5603620]: LP
	bnd = 5670912.500000
	its = 28
	hyp = 528 / 3790
	cut = 14
4095041 [0, 5598017]: LABEL
	tot = 9478190
	max = 2664
5560408 [5440650, 5592419]: LABEL
	tot = 18487506
	max = 4528
5658746 [5440650, 5592419]: LP
	bnd = 5669770.000000
	its = 23
	hyp = 616 / 4513
	cut = 29
