hypergraph with 394714 vertices and 96476281 hyperarcs generated in 28927
361955 [0, 1505805]: LP
	bnd = 1505805.625000
	its = 55
	hyp = 459 / 1716
	cut = 0
362124 [0, 1505805]: HEURISTIC 3
362242 [0, 1505805]: LABEL
	tot = 1149
	max = 2
362548 [0, 1504299]: LABEL
	tot = 4903
	max = 3
363129 [0, 1502795]: LABEL
	tot = 8922
	max = 4
364353 [0, 1501292]: LABEL
	tot = 18137
	max = 6
366705 [0, 1499791]: LABEL
	tot = 34100
	max = 12
370840 [0, 1498291]: LABEL
	tot = 59534
	max = 22
378267 [0, 1496793]: LABEL
	tot = 109851
	max = 42
391464 [0, 1495296]: LABEL
	tot = 200225
	max = 73
412680 [0, 1493801]: LABEL
	tot = 354436
	max = 150
446857 [0, 1492307]: LABEL
	tot = 618015
	max = 306
502048 [0, 1490815]: LABEL
	tot = 1076121
	max = 624
589028 [1428381, 1489324]: LABEL
	tot = 1868427
	max = 1182
628251 [1428381, 1489324]: LP
	bnd = 1505597.625000
	its = 36
	hyp = 523 / 3434
	cut = 16
727448 [1428381, 1487835]: LABEL
	tot = 3221897
	max = 2327
884058 [1428381, 1487835]: LP
	bnd = 1505597.625000
	its = 34
	hyp = 545 / 3910
	cut = 32
942637 [1448314, 1486347]: LABEL
	tot = 5322590
	max = 3563
1084463 [1448314, 1486347]: LP
	bnd = 1505510.125000
	its = 26
	hyp = 601 / 4202
	cut = 48
1303358 [1466724, 1484861]: LABEL
	tot = 9341724
	max = 6737
1356566 [1466724, 1484861]: LP
	bnd = 1505074.875000
	its = 35
	hyp = 597 / 4562
	cut = 64
1596391 [1466724, 1484861]: LP
	bnd = 1504925.500000
	its = 31
	hyp = 665 / 4816
	cut = 80
1814787 [1466724, 1484861]: LP
	bnd = 1504585.875000
	its = 27
	hyp = 780 / 5027
	cut = 96
	restart
2124490 [1466724, 1484861]: LP
	bnd = 1504315.000000
	its = 41
	hyp = 878 / 5369
	cut = 112
2363909 [1466724, 1483376]: LABEL
	tot = 14606953
	max = 8245
2444868 [1466724, 1483376]: LP
	bnd = 1504116.750000
	its = 41
	hyp = 882 / 5747
	cut = 128
2766584 [1466724, 1483376]: LP
	bnd = 1503804.250000
	its = 41
	hyp = 951 / 6139
	cut = 144
3160059 [1466724, 1483376]: LP
	bnd = 1503618.000000
	its = 50
	hyp = 987 / 6577
	cut = 160
3279307 [1468970, 1481892]: LABEL
	tot = 24283508
	max = 14444
3583693 [1468970, 1481892]: LP
	bnd = 1503389.375000
	its = 55
	hyp = 1054 / 7007
	cut = 176
3969432 [1468970, 1481892]: LP
	bnd = 1503263.750000
	its = 49
	hyp = 1091 / 7320
	cut = 192
4429364 [1468970, 1481892]: LP
	bnd = 1503093.500000
	its = 57
	hyp = 1126 / 7715
	cut = 208
4639110 [1478178, 1480411]: LABEL
	tot = 36082411
	max = 23569
4905407 [1478178, 1480411]: LP
	bnd = 1502960.250000
	its = 59
	hyp = 1268 / 8101
	cut = 224
5417171 [1478178, 1480411]: LP
	bnd = 1502825.625000
	its = 64
	hyp = 1269 / 8516
	cut = 240
5895207 [1478178, 1480411]: LP
	bnd = 1502681.000000
	its = 59
	hyp = 1289 / 8899
	cut = 256
6483436 [1478178, 1480411]: LP
	bnd = 1502422.250000
	its = 74
	hyp = 1492 / 9419
	cut = 272
6795471 [1478178, 1478930]: LABEL
	tot = 57314575
	max = 32760
6991744 [1478178, 1478930]: LP
	bnd = 1502238.250000
	its = 63
	hyp = 1616 / 9830
	cut = 289
