hypergraph with 1358861 vertices and 499683858 hyperarcs generated in 131257
1796764 [0, 4934381]: LP
	bnd = 4934381.000000
	its = 42
	hyp = 781 / 2492
	cut = 0
1797525 [0, 4934381]: HEURISTIC 3
1798154 [0, 4934381]: LABEL
	tot = 5208
	max = 1
1799495 [0, 4929446]: LABEL
	tot = 14080
	max = 4
1801810 [0, 4924517]: LABEL
	tot = 28979
	max = 6
1806231 [0, 4919592]: LABEL
	tot = 52808
	max = 8
1815383 [0, 4914673]: LABEL
	tot = 114228
	max = 16
1829896 [0, 4909758]: LABEL
	tot = 194349
	max = 20
1852298 [0, 4904848]: LABEL
	tot = 313773
	max = 43
1885729 [4634988, 4899943]: LABEL
	tot = 494112
	max = 92
1935249 [4634988, 4895043]: LABEL
	tot = 759252
	max = 152
2009896 [4842104, 4890148]: LABEL
	tot = 1180929
	max = 239
2120837 [4864880, 4885258]: LABEL
	tot = 1833051
	max = 385
2282460 [4871149, 4880373]: LABEL
	tot = 2800878
	max = 623
2517440 [4871149, 4875492]: LABEL
	tot = 4190397
	max = 976
2841902 [4871149, 4871149]: LABEL
	tot = 5926783
	max = 1441
