hypergraph with 1440785 vertices and 592171559 hyperarcs generated in 144509
2773867 [0, 5784326]: LP
	bnd = 5784326.500000
	its = 61
	hyp = 560 / 2794
	cut = 0
2774401 [0, 5784326]: HEURISTIC 3
2774762 [0, 5784326]: LABEL
	tot = 1527
	max = 1
2775522 [0, 5778542]: LABEL
	tot = 6021
	max = 2
2777323 [0, 5772763]: LABEL
	tot = 15519
	max = 5
2781193 [0, 5766990]: LABEL
	tot = 32932
	max = 8
2789920 [0, 5761223]: LABEL
	tot = 76114
	max = 16
2808162 [0, 5755462]: LABEL
	tot = 163335
	max = 26
2842364 [0, 5749707]: LABEL
	tot = 330566
	max = 39
2905780 [0, 5743957]: LABEL
	tot = 660330
	max = 57
3017829 [0, 5738213]: LABEL
	tot = 1284566
	max = 119
3212553 [0, 5732475]: LABEL
	tot = 2460193
	max = 196
3548323 [5401128, 5726743]: LABEL
	tot = 4615416
	max = 368
4139494 [5544533, 5721016]: LABEL
	tot = 8604150
	max = 709
5153604 [5544533, 5721016]: LP
	bnd = 5782824.500000
	its = 40
	hyp = 732 / 5179
	cut = 16
5184462 [5544533, 5715295]: LABEL
	tot = 15732140
	max = 1303
