hypergraph with 1448955 vertices and 594208809 hyperarcs generated in 141785
823550 [0, 6512681]: LP
	bnd = 6512681.000000
	its = 12
	hyp = 170 / 710
	cut = 0
825784 [0, 6512681]: HEURISTIC 3
827823 [0, 6512681]: LABEL
	tot = 17267
	max = 2
829874 [0, 6506168]: LABEL
	tot = 17897
	max = 3
831967 [0, 6499662]: LABEL
	tot = 19932
	max = 4
834672 [0, 6493163]: LABEL
	tot = 27664
	max = 6
837467 [0, 6486670]: LABEL
	tot = 31431
	max = 7
840366 [0, 6480183]: LABEL
	tot = 34606
	max = 9
844961 [0, 6473703]: LABEL
	tot = 57091
	max = 15
850307 [0, 6467230]: LABEL
	tot = 67398
	max = 20
856021 [0, 6460763]: LABEL
	tot = 76677
	max = 24
862417 [0, 6454302]: LABEL
	tot = 92844
	max = 31
869436 [0, 6447847]: LABEL
	tot = 104858
	max = 34
878777 [0, 6441399]: LABEL
	tot = 136349
	max = 39
893018 [0, 6434958]: LABEL
	tot = 195662
	max = 43
911247 [6312237, 6428523]: LABEL
	tot = 254078
	max = 46
932970 [6423864, 6423864]: LABEL
	tot = 318134
	max = 65
