hypergraph with 388419 vertices and 91892223 hyperarcs generated in 28859
245583 [0, 1516696]: LP
	bnd = 1516696.500000
	its = 35
	hyp = 399 / 1295
	cut = 0
245701 [0, 1516696]: HEURISTIC 3
245776 [0, 1516696]: LABEL
	tot = 273
	max = 1
245955 [0, 1515179]: LABEL
	tot = 2260
	max = 2
246428 [0, 1513664]: LABEL
	tot = 7755
	max = 5
247157 [0, 1512151]: LABEL
	tot = 11947
	max = 6
248445 [0, 1510638]: LABEL
	tot = 20811
	max = 8
250518 [0, 1509128]: LABEL
	tot = 35532
	max = 19
253852 [0, 1507619]: LABEL
	tot = 58384
	max = 21
259152 [0, 1506111]: LABEL
	tot = 98213
	max = 37
267508 [0, 1504605]: LABEL
	tot = 155032
	max = 62
280953 [1429643, 1503100]: LABEL
	tot = 250767
	max = 94
301267 [1429643, 1501597]: LABEL
	tot = 397226
	max = 159
331585 [1448889, 1500096]: LABEL
	tot = 633433
	max = 242
377356 [1448889, 1498595]: LABEL
	tot = 1001336
	max = 461
388721 [1448889, 1498595]: LP
	bnd = 1515935.000000
	its = 18
	hyp = 384 / 2601
	cut = 12
	restart
460609 [1448889, 1497097]: LABEL
	tot = 1509337
	max = 772
537889 [1448889, 1497097]: LP
	bnd = 1515935.000000
	its = 18
	hyp = 405 / 2902
	cut = 24
566724 [1470469, 1495600]: LABEL
	tot = 2400535
	max = 1392
675138 [1470469, 1495600]: LP
	bnd = 1515935.000000
	its = 16
	hyp = 417 / 3081
	cut = 36
721992 [1470469, 1494104]: LABEL
	tot = 3657066
	max = 2333
840076 [1470469, 1494104]: LP
	bnd = 1515878.500000
	its = 20
	hyp = 465 / 3288
	cut = 48
957364 [1470469, 1492610]: LABEL
	tot = 5787644
	max = 4459
1007077 [1470469, 1492610]: LP
	bnd = 1515878.625000
	its = 20
	hyp = 468 / 3469
	cut = 60
1212157 [1470469, 1492610]: LP
	bnd = 1515387.125000
	its = 26
	hyp = 700 / 3871
	cut = 72
1315966 [1470469, 1491117]: LABEL
	tot = 9001159
	max = 7659
1356640 [1470469, 1491117]: LP
	bnd = 1515238.625000
	its = 17
	hyp = 568 / 4108
	cut = 84
1594004 [1470469, 1491117]: LP
	bnd = 1515175.125000
	its = 31
	hyp = 669 / 4480
	cut = 96
1799723 [1470469, 1491117]: LP
	bnd = 1515171.750000
	its = 27
	hyp = 670 / 4740
	cut = 108
1853074 [1470469, 1489626]: LABEL
	tot = 13539128
	max = 11586
2034580 [1470469, 1489626]: LP
	bnd = 1515150.250000
	its = 31
	hyp = 700 / 5083
	cut = 120
2202737 [1470469, 1489626]: LP
	bnd = 1515090.750000
	its = 20
	hyp = 802 / 5269
	cut = 132
2383633 [1470469, 1489626]: LP
	bnd = 1515049.000000
	its = 23
	hyp = 863 / 5440
	cut = 144
2554395 [1470469, 1489626]: LP
	bnd = 1514966.000000
	its = 21
	hyp = 752 / 5639
	cut = 156
2636850 [1471197, 1488137]: LABEL
	tot = 19704378
	max = 12783
2813766 [1471197, 1488137]: LP
	bnd = 1514906.625000
	its = 33
	hyp = 920 / 6043
	cut = 168
3088533 [1471197, 1488137]: LP
	bnd = 1514718.125000
	its = 36
	hyp = 791 / 6309
	cut = 180
3350746 [1471197, 1488137]: LP
	bnd = 1514667.500000
	its = 33
	hyp = 975 / 6553
	cut = 192
3694246 [1471197, 1488137]: LP
	bnd = 1514583.250000
	its = 45
	hyp = 1136 / 6907
	cut = 204
3889918 [1476275, 1486648]: LABEL
	tot = 30417626
	max = 35782
3989165 [1476275, 1486648]: LP
	bnd = 1514113.500000
	its = 37
	hyp = 1032 / 7294
	cut = 216
4330568 [1476275, 1486648]: LP
	bnd = 1513723.000000
	its = 43
	hyp = 991 / 7741
	cut = 228
	restart
4727190 [1476275, 1486648]: LP
	bnd = 1513585.875000
	its = 51
	hyp = 1070 / 8265
	cut = 241
5081323 [1476275, 1486648]: LP
	bnd = 1513290.125000
	its = 45
	hyp = 1242 / 8587
	cut = 254
5531359 [1476275, 1486648]: LP
	bnd = 1513158.500000
	its = 57
	hyp = 1480 / 9147
	cut = 267
5946552 [1476275, 1486648]: LP
	bnd = 1513011.625000
	its = 52
	hyp = 1414 / 9529
	cut = 280
5962876 [1476275, 1485162]: LABEL
	tot = 38339667
	max = 29842
6408719 [1476275, 1485162]: LP
	bnd = 1512856.375000
	its = 57
	hyp = 1564 / 9927
	cut = 293
6879357 [1476275, 1485162]: LP
	bnd = 1512669.000000
	its = 58
	hyp = 1597 / 10349
	cut = 306
