hypergraph with 1414376 vertices and 560809516 hyperarcs generated in 126022
2505185 [0, 5087106]: LP
	bnd = 5087106.000000
	its = 59
	hyp = 632 / 2945
	cut = 0
2505594 [0, 5087106]: HEURISTIC 3
2505885 [0, 5087106]: LABEL
	tot = 2110
	max = 1
2506598 [0, 5082019]: LABEL
	tot = 7499
	max = 3
2508169 [0, 5076937]: LABEL
	tot = 19149
	max = 6
2511558 [0, 5071860]: LABEL
	tot = 42897
	max = 10
2518826 [0, 5066788]: LABEL
	tot = 94835
	max = 21
2532997 [0, 5061721]: LABEL
	tot = 190500
	max = 37
2559772 [0, 5056659]: LABEL
	tot = 372634
	max = 62
2608571 [0, 5051603]: LABEL
	tot = 731097
	max = 110
2694596 [0, 5046551]: LABEL
	tot = 1394501
	max = 224
2839688 [0, 5041505]: LABEL
	tot = 2581749
	max = 433
3083193 [0, 5036463]: LABEL
	tot = 4761776
	max = 760
3487991 [0, 5031427]: LABEL
	tot = 8686630
	max = 1426
4166775 [4939773, 5026395]: LABEL
	tot = 15694421
	max = 2878
4618722 [4939773, 5026395]: LP
	bnd = 5086408.500000
	its = 38
	hyp = 778 / 5306
	cut = 15
5318210 [4939773, 5021369]: LABEL
	tot = 28061416
	max = 5592
7021656 [4939773, 5021369]: LP
	bnd = 5086053.500000
	its = 41
	hyp = 748 / 6318
	cut = 30
