hypergraph with 370939 vertices and 80040361 hyperarcs generated in 21695
226686 [0, 1357998]: LP
	bnd = 1357998.750000
	its = 37
	hyp = 447 / 1182
	cut = 0
226824 [0, 1357998]: HEURISTIC 3
226926 [0, 1357998]: LABEL
	tot = 1331
	max = 1
227207 [0, 1356640]: LABEL
	tot = 4106
	max = 3
227729 [0, 1355284]: LABEL
	tot = 8322
	max = 4
228812 [0, 1353928]: LABEL
	tot = 16769
	max = 8
230533 [0, 1352575]: LABEL
	tot = 28620
	max = 13
233265 [0, 1351222]: LABEL
	tot = 49550
	max = 19
237922 [0, 1349871]: LABEL
	tot = 83342
	max = 32
244679 [0, 1348521]: LABEL
	tot = 130155
	max = 58
255050 [0, 1347172]: LABEL
	tot = 201255
	max = 86
271650 [1273571, 1345825]: LABEL
	tot = 311446
	max = 144
297879 [1277945, 1344479]: LABEL
	tot = 469806
	max = 222
339333 [1282915, 1343135]: LABEL
	tot = 700203
	max = 330
389483 [1282915, 1343135]: LP
	bnd = 1355863.375000
	its = 23
	hyp = 482 / 1987
	cut = 14
	restart
420685 [1282915, 1341792]: LABEL
	tot = 572864
	max = 263
468201 [1282915, 1340450]: LABEL
	tot = 837473
	max = 374
533123 [1282915, 1340450]: LP
	bnd = 1355172.625000
	its = 20
	hyp = 504 / 2501
	cut = 28
	restart
593135 [1307591, 1339109]: LABEL
	tot = 1128477
	max = 784
684901 [1307789, 1337770]: LABEL
	tot = 1602474
	max = 1095
711866 [1307789, 1337770]: LP
	bnd = 1354817.750000
	its = 25
	hyp = 600 / 2912
	cut = 42
824513 [1307789, 1336433]: LABEL
	tot = 2249812
	max = 1576
871321 [1307789, 1336433]: LP
	bnd = 1354432.250000
	its = 22
	hyp = 659 / 3193
	cut = 56
1017783 [1312495, 1335096]: LABEL
	tot = 2753241
	max = 1497
1025515 [1312495, 1335096]: LP
	bnd = 1354301.250000
	its = 21
	hyp = 645 / 3412
	cut = 70
1218142 [1312495, 1335096]: LP
	bnd = 1353966.625000
	its = 27
	hyp = 791 / 3781
	cut = 84
1293944 [1312495, 1333761]: LABEL
	tot = 3582679
	max = 1582
1377746 [1312495, 1333761]: LP
	bnd = 1353140.625000
	its = 21
	hyp = 804 / 4151
	cut = 98
	restart
1631978 [1312495, 1333761]: LP
	bnd = 1352876.625000
	its = 35
	hyp = 988 / 4501
	cut = 112
1754642 [1312495, 1332427]: LABEL
	tot = 4633952
	max = 2053
1883387 [1312495, 1332427]: LP
	bnd = 1352320.125000
	its = 35
	hyp = 983 / 4923
	cut = 128
2130394 [1312495, 1332427]: LP
	bnd = 1352068.000000
	its = 35
	hyp = 1087 / 5235
	cut = 144
	restart
2345570 [1312495, 1332427]: LP
	bnd = 1351582.875000
	its = 29
	hyp = 890 / 5510
	cut = 160
2546283 [1312495, 1331095]: LABEL
	tot = 5140244
	max = 2330
2560273 [1312495, 1331095]: LP
	bnd = 1351078.000000
	its = 30
	hyp = 1393 / 5876
	cut = 176
2783811 [1312495, 1331095]: LP
	bnd = 1350766.125000
	its = 31
	hyp = 1306 / 6369
	cut = 192
	restart
3009344 [1312495, 1331095]: LP
	bnd = 1350141.000000
	its = 31
	hyp = 1247 / 6612
	cut = 208
3245400 [1312495, 1329764]: LABEL
	tot = 5769319
	max = 3138
3324945 [1312495, 1329764]: LP
	bnd = 1349537.750000
	its = 45
	hyp = 1257 / 7032
	cut = 224
3583131 [1312495, 1329764]: LP
	bnd = 1349274.000000
	its = 36
	hyp = 1399 / 7351
	cut = 240
	restart
3850904 [1312495, 1329764]: LP
	bnd = 1349114.125000
	its = 37
	hyp = 1353 / 7618
	cut = 256
4123382 [1312495, 1328434]: LABEL
	tot = 6737326
	max = 4110
4237139 [1312495, 1328434]: LP
	bnd = 1348820.750000
	its = 55
	hyp = 1239 / 8326
	cut = 273
4527805 [1312495, 1328434]: LP
	bnd = 1348554.625000
	its = 40
	hyp = 1451 / 8650
	cut = 290
4805230 [1312495, 1327106]: LABEL
	tot = 8206762
	max = 5445
4812845 [1312495, 1327106]: LP
	bnd = 1348349.875000
	its = 38
	hyp = 1603 / 8969
	cut = 307
5148835 [1312495, 1327106]: LP
	bnd = 1348087.000000
	its = 46
	hyp = 1624 / 9288
	cut = 326
5483589 [1312495, 1327106]: LP
	bnd = 1347649.625000
	its = 45
	hyp = 1753 / 9843
	cut = 345
	restart
5806353 [1312495, 1327106]: LP
	bnd = 1347500.750000
	its = 44
	hyp = 1838 / 10174
	cut = 364
6206219 [1312495, 1327106]: LP
	bnd = 1347339.000000
	its = 55
	hyp = 1933 / 10613
	cut = 383
6506632 [1312495, 1327106]: LP
	bnd = 1347211.625000
	its = 40
	hyp = 1922 / 10872
	cut = 402
6508912 [1312495, 1325779]: LABEL
	tot = 10604776
	max = 7611
6969117 [1312495, 1325779]: LP
	bnd = 1346978.875000
	its = 63
	hyp = 2102 / 11480
	cut = 421
