hypergraph with 339860 vertices and 63525494 hyperarcs generated in 15629
348390 [0, 1172773]: LP
	bnd = 1172773.125000
	its = 69
	hyp = 427 / 2443
	cut = 0
348449 [0, 1172773]: HEURISTIC 3
348498 [0, 1172773]: LABEL
	tot = 478
	max = 1
348625 [0, 1171600]: LABEL
	tot = 2686
	max = 2
348915 [0, 1170428]: LABEL
	tot = 7897
	max = 7
349559 [0, 1169258]: LABEL
	tot = 17408
	max = 16
350924 [0, 1168089]: LABEL
	tot = 38825
	max = 27
353572 [0, 1166921]: LABEL
	tot = 81723
	max = 46
358556 [0, 1165754]: LABEL
	tot = 173769
	max = 80
367354 [0, 1164588]: LABEL
	tot = 359026
	max = 160
382765 [0, 1163423]: LABEL
	tot = 730889
	max = 293
410043 [0, 1162260]: LABEL
	tot = 1454313
	max = 689
458670 [0, 1161098]: LABEL
	tot = 2856783
	max = 1535
547000 [0, 1159937]: LABEL
	tot = 5547598
	max = 3117
576106 [0, 1159937]: LP
	bnd = 1172570.000000
	its = 39
	hyp = 505 / 4006
	cut = 16
709150 [1154148, 1158777]: LABEL
	tot = 10567539
	max = 6234
772265 [1154148, 1158777]: LP
	bnd = 1172462.000000
	its = 33
	hyp = 577 / 4380
	cut = 32
968160 [1154148, 1158777]: LP
	bnd = 1171995.500000
	its = 33
	hyp = 618 / 4735
	cut = 48
1034686 [1154148, 1157618]: LABEL
	tot = 20821414
	max = 11918
1163196 [1154148, 1157618]: LP
	bnd = 1171866.500000
	its = 32
	hyp = 756 / 5018
	cut = 64
1409211 [1154148, 1157618]: LP
	bnd = 1171709.750000
	its = 41
	hyp = 893 / 5421
	cut = 80
1708446 [1154148, 1156460]: LABEL
	tot = 40228499
	max = 26277
1748139 [1154148, 1156460]: LP
	bnd = 1171489.500000
	its = 57
	hyp = 946 / 5942
	cut = 96
2107954 [1154148, 1156460]: LP
	bnd = 1171290.125000
	its = 61
	hyp = 1129 / 6457
	cut = 112
2404082 [1154148, 1156460]: LP
	bnd = 1171119.875000
	its = 49
	hyp = 1171 / 6895
	cut = 128
	restart
2757771 [1154148, 1156460]: LP
	bnd = 1170875.250000
	its = 59
	hyp = 1187 / 7439
	cut = 144
3112964 [1154148, 1156460]: LP
	bnd = 1170693.250000
	its = 59
	hyp = 1223 / 7895
	cut = 160
3462958 [1154148, 1156460]: LP
	bnd = 1170580.000000
	its = 57
	hyp = 1371 / 8387
	cut = 176
3928826 [1154148, 1155304]: LABEL
	tot = 86433811
	max = 27347
4022430 [1154148, 1155304]: LP
	bnd = 1170318.500000
	its = 91
	hyp = 1526 / 9092
	cut = 192
4566723 [1154148, 1155304]: LP
	bnd = 1170144.250000
	its = 88
	hyp = 1749 / 9676
	cut = 208
5100526 [1154148, 1155304]: LP
	bnd = 1170023.875000
	its = 85
	hyp = 1731 / 10276
	cut = 224
5588342 [1154148, 1155304]: LP
	bnd = 1169897.750000
	its = 77
	hyp = 1815 / 10793
	cut = 240
	restart
6144692 [1154148, 1155304]: LP
	bnd = 1169714.125000
	its = 88
	hyp = 2017 / 11335
	cut = 256
6697017 [1154148, 1155304]: LP
	bnd = 1169578.250000
	its = 88
	hyp = 2069 / 11890
	cut = 272
7170593 [1154148, 1155304]: LP
	bnd = 1169466.125000
	its = 75
	hyp = 1891 / 12349
	cut = 288
