hypergraph with 1239251 vertices and 369392079 hyperarcs generated in 109693
1100113 [0, 5648242]: LP
	bnd = 5648242.000000
	its = 26
	hyp = 995 / 2166
	cut = 0
1100607 [0, 5648242]: HEURISTIC 3
1100976 [0, 5648242]: LABEL
	tot = 4453
	max = 1
1102260 [0, 5642594]: LABEL
	tot = 17044
	max = 2
1104327 [0, 5636951]: LABEL
	tot = 30132
	max = 4
1108256 [0, 5631314]: LABEL
	tot = 56272
	max = 5
1113323 [0, 5625683]: LABEL
	tot = 75611
	max = 8
1122063 [0, 5620057]: LABEL
	tot = 130794
	max = 12
1135131 [0, 5614437]: LABEL
	tot = 193370
	max = 18
1152967 [0, 5608823]: LABEL
	tot = 276738
	max = 32
1179584 [0, 5603214]: LABEL
	tot = 418221
	max = 51
1216586 [0, 5597611]: LABEL
	tot = 583558
	max = 85
1267765 [0, 5592013]: LABEL
	tot = 843097
	max = 130
1337311 [0, 5586421]: LABEL
	tot = 1156853
	max = 204
1428700 [5491181, 5580835]: LABEL
	tot = 1574385
	max = 313
1552727 [5491181, 5575254]: LABEL
	tot = 2169054
	max = 468
1717338 [5491181, 5569678]: LABEL
	tot = 2925249
	max = 697
1943297 [5491181, 5564109]: LABEL
	tot = 3975017
	max = 1023
2098835 [5491181, 5564109]: LP
	bnd = 5648121.500000
	its = 21
	hyp = 764 / 3450
	cut = 11
2244036 [5491181, 5558545]: LABEL
	tot = 5384747
	max = 1514
2515010 [5491181, 5552986]: LABEL
	tot = 5016976
	max = 1354
2618746 [5491181, 5552986]: LP
	bnd = 5648096.000000
	its = 9
	hyp = 777 / 4164
	cut = 22
2863520 [5491181, 5547433]: LABEL
	tot = 6673905
	max = 1952
3532698 [5491181, 5541886]: LABEL
	tot = 12050624
	max = 4895
3803981 [5491181, 5541886]: LP
	bnd = 5648096.000000
	its = 25
	hyp = 818 / 4731
	cut = 33
4433957 [5491181, 5541886]: LP
	bnd = 5648096.000000
	its = 11
	hyp = 905 / 4891
	cut = 44
4455240 [5491181, 5536344]: LABEL
	tot = 16116277
	max = 6823
5380083 [5491181, 5536344]: LP
	bnd = 5648096.000000
	its = 18
	hyp = 854 / 5184
	cut = 55
5671703 [5491181, 5530807]: LABEL
	tot = 21023009
	max = 9472
6220937 [5491181, 5530807]: LP
	bnd = 5647269.000000
	its = 16
	hyp = 919 / 5581
	cut = 66
6912107 [5491181, 5530807]: LP
	bnd = 5646857.000000
	its = 12
	hyp = 862 / 5748
	cut = 77
