hypergraph with 1384996 vertices and 532473711 hyperarcs generated in 137448
1844877 [0, 5721052]: LP
	bnd = 5721052.500000
	its = 40
	hyp = 542 / 2289
	cut = 0
1845289 [0, 5721052]: HEURISTIC 3
1845549 [0, 5721052]: LABEL
	tot = 599
	max = 1
1846264 [0, 5715331]: LABEL
	tot = 5884
	max = 2
1847276 [0, 5709616]: LABEL
	tot = 9134
	max = 3
1849352 [0, 5703906]: LABEL
	tot = 21120
	max = 3
1853886 [0, 5698202]: LABEL
	tot = 42386
	max = 5
1861942 [0, 5692504]: LABEL
	tot = 77091
	max = 9
1875745 [0, 5686812]: LABEL
	tot = 131838
	max = 14
1898861 [0, 5681125]: LABEL
	tot = 233751
	max = 28
1936465 [0, 5675444]: LABEL
	tot = 373921
	max = 46
1997727 [0, 5669768]: LABEL
	tot = 614163
	max = 78
2093224 [0, 5664098]: LABEL
	tot = 963565
	max = 108
2238906 [0, 5658434]: LABEL
	tot = 1518486
	max = 191
2450110 [0, 5652776]: LABEL
	tot = 2297156
	max = 270
2761289 [0, 5647123]: LABEL
	tot = 3489388
	max = 424
3204941 [5313640, 5641476]: LABEL
	tot = 5268640
	max = 599
3313837 [5313640, 5641476]: LP
	bnd = 5720603.500000
	its = 27
	hyp = 663 / 4425
	cut = 14
3852808 [5584138, 5635834]: LABEL
	tot = 7871744
	max = 866
4464801 [5584138, 5635834]: LP
	bnd = 5720603.500000
	its = 20
	hyp = 653 / 4933
	cut = 28
4724110 [5584138, 5630198]: LABEL
	tot = 10414240
	max = 1181
5379745 [5584138, 5630198]: LP
	bnd = 5720603.500000
	its = 14
	hyp = 692 / 5160
	cut = 42
5995262 [5584138, 5624568]: LABEL
	tot = 15261258
	max = 1554
6614959 [5584138, 5624568]: LP
	bnd = 5720603.500000
	its = 22
	hyp = 729 / 5517
	cut = 56
