hypergraph with 308385 vertices and 47071493 hyperarcs generated in 15483
219847 [0, 1155182]: LP
	bnd = 1155182.250000
	its = 46
	hyp = 452 / 1654
	cut = 0
219954 [0, 1155182]: HEURISTIC 3
220041 [0, 1155182]: LABEL
	tot = 2007
	max = 3
220232 [0, 1154027]: LABEL
	tot = 4420
	max = 4
220485 [0, 1152873]: LABEL
	tot = 6814
	max = 10
220926 [0, 1151720]: LABEL
	tot = 13423
	max = 17
221693 [0, 1150568]: LABEL
	tot = 26753
	max = 19
222899 [0, 1149417]: LABEL
	tot = 44985
	max = 24
224681 [0, 1148268]: LABEL
	tot = 72615
	max = 36
227582 [1040191, 1147120]: LABEL
	tot = 123451
	max = 69
231780 [1057435, 1145973]: LABEL
	tot = 193981
	max = 118
237700 [1078113, 1144827]: LABEL
	tot = 290543
	max = 176
246267 [1078113, 1143682]: LABEL
	tot = 441835
	max = 288
258704 [1097464, 1142538]: LABEL
	tot = 663914
	max = 450
276863 [1106745, 1141396]: LABEL
	tot = 986182
	max = 633
303116 [1106745, 1140254]: LABEL
	tot = 1450612
	max = 896
341791 [1106745, 1139114]: LABEL
	tot = 2126955
	max = 1320
351216 [1106745, 1139114]: LP
	bnd = 1154941.375000
	its = 24
	hyp = 496 / 2466
	cut = 12
398634 [1129168, 1137975]: LABEL
	tot = 3053674
	max = 1848
439105 [1129168, 1137975]: LP
	bnd = 1154244.500000
	its = 15
	hyp = 470 / 2668
	cut = 24
	restart
506529 [1129168, 1136837]: LABEL
	tot = 3598138
	max = 2501
542264 [1129168, 1136837]: LP
	bnd = 1153938.250000
	its = 18
	hyp = 445 / 3227
	cut = 36
604470 [1129168, 1135700]: LABEL
	tot = 5072793
	max = 3635
625942 [1129168, 1135700]: LP
	bnd = 1153938.250000
	its = 14
	hyp = 472 / 3478
	cut = 48
740401 [1129168, 1135700]: LP
	bnd = 1153783.250000
	its = 20
	hyp = 581 / 3715
	cut = 60
747322 [1130784, 1134564]: LABEL
	tot = 7288646
	max = 4494
854529 [1130784, 1134564]: LP
	bnd = 1153620.875000
	its = 20
	hyp = 612 / 3958
	cut = 72
920573 [1130784, 1133430]: LABEL
	tot = 8946175
	max = 4649
983483 [1130784, 1133430]: LP
	bnd = 1153593.750000
	its = 23
	hyp = 699 / 4152
	cut = 84
1128084 [1130784, 1133430]: LP
	bnd = 1153367.000000
	its = 26
	hyp = 633 / 4404
	cut = 97
1177175 [1130784, 1132296]: LABEL
	tot = 12437901
	max = 6894
1281913 [1130784, 1132296]: LP
	bnd = 1153262.500000
	its = 28
	hyp = 704 / 4573
	cut = 110
1426380 [1130784, 1132296]: LP
	bnd = 1153086.625000
	its = 26
	hyp = 764 / 4786
	cut = 123
1515568 [1131479, 1131479]: LABEL
	tot = 15856244
	max = 7794
