hypergraph with 378569 vertices and 86746812 hyperarcs generated in 30250
150021 [0, 1528030]: LP
	bnd = 1528030.000000
	its = 19
	hyp = 374 / 1037
	cut = 0
150229 [0, 1528030]: HEURISTIC 3
150388 [0, 1528030]: LABEL
	tot = 1853
	max = 1
150723 [0, 1526502]: LABEL
	tot = 4195
	max = 2
151128 [0, 1524975]: LABEL
	tot = 6175
	max = 3
151619 [0, 1523450]: LABEL
	tot = 7727
	max = 4
152414 [0, 1521927]: LABEL
	tot = 12751
	max = 5
153401 [0, 1520405]: LABEL
	tot = 15743
	max = 6
154696 [0, 1518884]: LABEL
	tot = 20234
	max = 9
156776 [0, 1517365]: LABEL
	tot = 33089
	max = 9
159699 [0, 1515848]: LABEL
	tot = 48354
	max = 14
163595 [0, 1514332]: LABEL
	tot = 64173
	max = 24
168989 [0, 1512818]: LABEL
	tot = 86259
	max = 33
176218 [0, 1511305]: LABEL
	tot = 118804
	max = 48
185691 [0, 1509794]: LABEL
	tot = 158201
	max = 63
198057 [1463911, 1508284]: LABEL
	tot = 207997
	max = 82
216295 [1493751, 1506776]: LABEL
	tot = 293912
	max = 115
240375 [1493751, 1505269]: LABEL
	tot = 402565
	max = 171
271543 [1504034, 1504034]: LABEL
	tot = 537187
	max = 229
