hypergraph with 278943 vertices and 36322527 hyperarcs generated in 13976
118260 [0, 1298315]: LP
	bnd = 1298315.750000
	its = 26
	hyp = 272 / 850
	cut = 0
118356 [0, 1298315]: HEURISTIC 3
118432 [0, 1298315]: LABEL
	tot = 1640
	max = 3
118735 [0, 1297017]: LABEL
	tot = 7698
	max = 6
119141 [0, 1295720]: LABEL
	tot = 10216
	max = 8
119744 [0, 1294424]: LABEL
	tot = 16029
	max = 11
120684 [0, 1293130]: LABEL
	tot = 27992
	max = 24
121966 [0, 1291837]: LABEL
	tot = 40670
	max = 31
123663 [0, 1290545]: LABEL
	tot = 61617
	max = 44
125968 [0, 1289254]: LABEL
	tot = 94590
	max = 69
128948 [0, 1287965]: LABEL
	tot = 132873
	max = 88
132848 [0, 1286677]: LABEL
	tot = 187980
	max = 121
138496 [0, 1285390]: LABEL
	tot = 272222
	max = 172
145952 [0, 1284105]: LABEL
	tot = 368047
	max = 246
155284 [0, 1282821]: LABEL
	tot = 477496
	max = 360
168053 [0, 1281538]: LABEL
	tot = 657163
	max = 537
176670 [0, 1281538]: LP
	bnd = 1298315.750000
	its = 11
	hyp = 297 / 1614
	cut = 8
184956 [1172129, 1280257]: LABEL
	tot = 870402
	max = 722
207220 [1172129, 1278976]: LABEL
	tot = 1123301
	max = 972
221232 [1172129, 1278976]: LP
	bnd = 1298315.750000
	its = 8
	hyp = 338 / 1723
	cut = 16
237257 [1181611, 1277697]: LABEL
	tot = 1479808
	max = 1307
262092 [1181611, 1277697]: LP
	bnd = 1298310.875000
	its = 7
	hyp = 323 / 1958
	cut = 24
277275 [1192918, 1276420]: LABEL
	tot = 1929032
	max = 1684
315948 [1192918, 1276420]: LP
	bnd = 1298210.000000
	its = 10
	hyp = 359 / 2125
	cut = 32
331329 [1210091, 1275143]: LABEL
	tot = 2485213
	max = 2150
382490 [1210091, 1275143]: LP
	bnd = 1298030.125000
	its = 13
	hyp = 368 / 2322
	cut = 40
402746 [1267473, 1273868]: LABEL
	tot = 3210873
	max = 2811
449413 [1267473, 1273868]: LP
	bnd = 1297369.250000
	its = 13
	hyp = 455 / 2535
	cut = 48
	restart
508294 [1267473, 1273868]: LP
	bnd = 1296920.750000
	its = 11
	hyp = 551 / 2716
	cut = 56
543005 [1267473, 1272594]: LABEL
	tot = 4049047
	max = 3528
585383 [1267473, 1272594]: LP
	bnd = 1296842.750000
	its = 15
	hyp = 536 / 2932
	cut = 64
643955 [1267473, 1272594]: LP
	bnd = 1296778.875000
	its = 11
	hyp = 529 / 3038
	cut = 72
655109 [1267473, 1271322]: LABEL
	tot = 4817541
	max = 4139
702825 [1267473, 1271322]: LP
	bnd = 1296748.375000
	its = 11
	hyp = 580 / 3194
	cut = 80
770737 [1267473, 1271322]: LP
	bnd = 1296685.875000
	its = 13
	hyp = 557 / 3278
	cut = 88
799032 [1267473, 1270050]: LABEL
	tot = 6141118
	max = 5356
843901 [1267473, 1270050]: LP
	bnd = 1296646.375000
	its = 14
	hyp = 590 / 3400
	cut = 96
907169 [1267473, 1270050]: LP
	bnd = 1296621.375000
	its = 12
	hyp = 585 / 3524
	cut = 104
985107 [1267473, 1268780]: LABEL
	tot = 7588342
	max = 6657
992911 [1267473, 1268780]: LP
	bnd = 1296608.500000
	its = 17
	hyp = 585 / 3674
	cut = 112
1082843 [1267473, 1268780]: LP
	bnd = 1296563.250000
	its = 18
	hyp = 526 / 3799
	cut = 120
1173411 [1267473, 1268780]: LP
	bnd = 1296533.875000
	its = 18
	hyp = 654 / 3923
	cut = 128
1227601 [1267473, 1267511]: LABEL
	tot = 9535621
	max = 8536
1263456 [1267473, 1267511]: LP
	bnd = 1296443.625000
	its = 18
	hyp = 664 / 4095
	cut = 136
1348182 [1267473, 1267511]: LP
	bnd = 1296363.625000
	its = 17
	hyp = 624 / 4197
	cut = 144
1424186 [1267473, 1267511]: LP
	bnd = 1296234.875000
	its = 15
	hyp = 618 / 4320
	cut = 152
1467424 [1267473, 1267473]: LABEL
	tot = 9438910
	max = 8343
