hypergraph with 1425477 vertices and 583389766 hyperarcs generated in 137421
2203847 [0, 5942909]: LP
	bnd = 5942909.500000
	its = 48
	hyp = 710 / 2510
	cut = 0
2204459 [0, 5942909]: HEURISTIC 3
2204897 [0, 5942909]: LABEL
	tot = 2848
	max = 1
2205651 [0, 5936966]: LABEL
	tot = 7216
	max = 3
2206900 [0, 5931029]: LABEL
	tot = 13322
	max = 3
2209607 [0, 5925098]: LABEL
	tot = 29604
	max = 6
2214959 [0, 5919173]: LABEL
	tot = 57338
	max = 8
2225847 [0, 5913254]: LABEL
	tot = 119356
	max = 12
2243633 [0, 5907341]: LABEL
	tot = 197876
	max = 18
2275415 [0, 5901433]: LABEL
	tot = 361279
	max = 35
2327749 [0, 5895532]: LABEL
	tot = 621508
	max = 78
2416783 [5432044, 5889636]: LABEL
	tot = 1043246
	max = 155
2559232 [5477470, 5883747]: LABEL
	tot = 1726372
	max = 258
2785871 [5660368, 5877863]: LABEL
	tot = 2846961
	max = 458
3135761 [5660368, 5871985]: LABEL
	tot = 4558775
	max = 755
3677007 [5660368, 5866113]: LABEL
	tot = 7303521
	max = 1263
3713818 [5660368, 5866113]: LP
	bnd = 5942586.000000
	its = 26
	hyp = 715 / 4834
	cut = 14
4505953 [5660368, 5860247]: LABEL
	tot = 11507652
	max = 1988
4519759 [5660368, 5860247]: LP
	bnd = 5942585.500000
	its = 13
	hyp = 745 / 5387
	cut = 29
5715412 [5704555, 5854387]: LABEL
	tot = 16158366
	max = 3059
5929701 [5704555, 5854387]: LP
	bnd = 5942331.000000
	its = 25
	hyp = 884 / 6399
	cut = 44
