hypergraph with 354026 vertices and 71003872 hyperarcs generated in 20733
271308 [0, 1380001]: LP
	bnd = 1380001.750000
	its = 47
	hyp = 792 / 2115
	cut = 0
271587 [0, 1380001]: HEURISTIC 3
271830 [0, 1380001]: LABEL
	tot = 3621
	max = 1
272135 [0, 1378621]: LABEL
	tot = 5235
	max = 2
272516 [0, 1377243]: LABEL
	tot = 7277
	max = 3
273010 [0, 1375865]: LABEL
	tot = 10349
	max = 4
273844 [0, 1374490]: LABEL
	tot = 16927
	max = 4
274976 [0, 1373115]: LABEL
	tot = 23380
	max = 5
276566 [0, 1371742]: LABEL
	tot = 33692
	max = 7
278733 [0, 1370370]: LABEL
	tot = 45366
	max = 11
281539 [0, 1369000]: LABEL
	tot = 61069
	max = 15
285391 [0, 1367631]: LABEL
	tot = 82199
	max = 18
291106 [0, 1366263]: LABEL
	tot = 119778
	max = 27
298648 [0, 1364897]: LABEL
	tot = 161095
	max = 38
308719 [0, 1363532]: LABEL
	tot = 220690
	max = 60
322033 [0, 1362169]: LABEL
	tot = 298406
	max = 83
339331 [0, 1360806]: LABEL
	tot = 390640
	max = 122
361667 [0, 1359446]: LABEL
	tot = 520690
	max = 173
390632 [0, 1358086]: LABEL
	tot = 683645
	max = 233
428142 [0, 1356728]: LABEL
	tot = 895711
	max = 319
476355 [0, 1355371]: LABEL
	tot = 1166100
	max = 411
487657 [0, 1355371]: LP
	bnd = 1379846.375000
	its = 33
	hyp = 799 / 3715
	cut = 13
539688 [0, 1354016]: LABEL
	tot = 1524679
	max = 525
603436 [0, 1354016]: LP
	bnd = 1379846.500000
	its = 16
	hyp = 807 / 4254
	cut = 26
657592 [0, 1352662]: LABEL
	tot = 2355761
	max = 1110
773985 [0, 1352662]: LP
	bnd = 1379489.250000
	its = 25
	hyp = 919 / 4829
	cut = 39
810482 [0, 1351309]: LABEL
	tot = 3011780
	max = 1386
965203 [0, 1351309]: LP
	bnd = 1378275.250000
	its = 27
	hyp = 1094 / 5262
	cut = 52
	restart
1100593 [0, 1349958]: LABEL
	tot = 2823026
	max = 790
1206157 [0, 1349958]: LP
	bnd = 1378021.750000
	its = 35
	hyp = 1105 / 6030
	cut = 66
1274914 [0, 1348608]: LABEL
	tot = 3612753
	max = 994
1476111 [0, 1348608]: LP
	bnd = 1377576.875000
	its = 40
	hyp = 1208 / 6636
	cut = 80
1506863 [0, 1347259]: LABEL
	tot = 4808503
	max = 1437
1701746 [0, 1347259]: LP
	bnd = 1377549.750000
	its = 33
	hyp = 1293 / 6967
	cut = 94
1832395 [1338032, 1345912]: LABEL
	tot = 6403607
	max = 1929
1952088 [1338032, 1345912]: LP
	bnd = 1377308.375000
	its = 37
	hyp = 1336 / 7455
	cut = 108
2261173 [1341652, 1344566]: LABEL
	tot = 8241420
	max = 2371
2264222 [1341652, 1344566]: LP
	bnd = 1377184.500000
	its = 47
	hyp = 1416 / 7944
	cut = 122
2511844 [1341652, 1344566]: LP
	bnd = 1377101.750000
	its = 36
	hyp = 1405 / 8350
	cut = 136
2802981 [1341652, 1344566]: LP
	bnd = 1377017.625000
	its = 43
	hyp = 1531 / 8781
	cut = 150
2827608 [1341652, 1343222]: LABEL
	tot = 10351549
	max = 3100
3044469 [1341652, 1343222]: LP
	bnd = 1376964.500000
	its = 34
	hyp = 1564 / 9125
	cut = 164
3443033 [1341652, 1343222]: LP
	bnd = 1376885.375000
	its = 58
	hyp = 1576 / 9617
	cut = 178
3536325 [1341652, 1341878]: LABEL
	tot = 12841519
	max = 3413
3738463 [1341652, 1341878]: LP
	bnd = 1376846.375000
	its = 42
	hyp = 1753 / 9959
	cut = 192
4046575 [1341652, 1341878]: LP
	bnd = 1376823.000000
	its = 43
	hyp = 1781 / 10299
	cut = 206
4286578 [1341652, 1341652]: LABEL
	tot = 13465886
	max = 3648
