hypergraph with 1432435 vertices and 579408699 hyperarcs generated in 139898
1718343 [0, 5731327]: LP
	bnd = 5731327.000000
	its = 35
	hyp = 976 / 2244
	cut = 0
1718955 [0, 5731327]: HEURISTIC 3
1719393 [0, 5731327]: LABEL
	tot = 1687
	max = 1
1721133 [0, 5725595]: LABEL
	tot = 15203
	max = 2
1723261 [0, 5719870]: LABEL
	tot = 19765
	max = 3
1726546 [0, 5714150]: LABEL
	tot = 31855
	max = 3
1730901 [0, 5708436]: LABEL
	tot = 44928
	max = 6
1737432 [0, 5702727]: LABEL
	tot = 68529
	max = 7
1747842 [0, 5697025]: LABEL
	tot = 121699
	max = 13
1763186 [0, 5691328]: LABEL
	tot = 187807
	max = 18
1785717 [0, 5685636]: LABEL
	tot = 291825
	max = 31
1818338 [0, 5679951]: LABEL
	tot = 450076
	max = 53
1864054 [0, 5674271]: LABEL
	tot = 637591
	max = 79
1931462 [0, 5668596]: LABEL
	tot = 967203
	max = 124
2031130 [0, 5662928]: LABEL
	tot = 1454391
	max = 185
2178382 [0, 5657265]: LABEL
	tot = 2158686
	max = 268
2388076 [0, 5651607]: LABEL
	tot = 3215685
	max = 388
2686499 [0, 5645956]: LABEL
	tot = 4725972
	max = 563
3108241 [0, 5640310]: LABEL
	tot = 6867503
	max = 790
3709440 [0, 5634669]: LABEL
	tot = 10005873
	max = 1188
3871323 [0, 5634669]: LP
	bnd = 5726108.500000
	its = 34
	hyp = 1189 / 5111
	cut = 14
	restart
4683044 [0, 5629035]: LABEL
	tot = 12736458
	max = 1832
5731954 [0, 5629035]: LP
	bnd = 5726078.500000
	its = 30
	hyp = 1238 / 5881
	cut = 28
5822925 [5540589, 5623406]: LABEL
	tot = 18484974
	max = 2650
