hypergraph with 386856 vertices and 91882632 hyperarcs generated in 30494
192298 [0, 1537761]: LP
	bnd = 1537761.000000
	its = 26
	hyp = 364 / 1004
	cut = 0
192505 [0, 1537761]: HEURISTIC 3
192667 [0, 1537761]: LABEL
	tot = 1841
	max = 1
193074 [0, 1536223]: LABEL
	tot = 5849
	max = 3
193490 [0, 1534687]: LABEL
	tot = 6316
	max = 3
194030 [0, 1533152]: LABEL
	tot = 8403
	max = 4
194978 [0, 1531619]: LABEL
	tot = 13524
	max = 6
196047 [0, 1530087]: LABEL
	tot = 17119
	max = 7
197405 [0, 1528557]: LABEL
	tot = 22466
	max = 10
199427 [0, 1527029]: LABEL
	tot = 34087
	max = 13
202160 [0, 1525502]: LABEL
	tot = 46788
	max = 20
206734 [0, 1523976]: LABEL
	tot = 68893
	max = 32
212584 [0, 1522452]: LABEL
	tot = 94110
	max = 49
221342 [0, 1520930]: LABEL
	tot = 129637
	max = 73
233594 [1513942, 1519409]: LABEL
	tot = 186860
	max = 106
250170 [1513942, 1517889]: LABEL
	tot = 260577
	max = 171
271897 [1513942, 1516371]: LABEL
	tot = 359714
	max = 240
300694 [1513942, 1514855]: LABEL
	tot = 491545
	max = 356
334579 [1513942, 1513942]: LABEL
	tot = 589165
	max = 438
