hypergraph with 1241676 vertices and 370145841 hyperarcs generated in 91776
1942671 [0, 3267880]: LP
	bnd = 3267880.500000
	its = 53
	hyp = 696 / 3758
	cut = 0
1943104 [0, 3267880]: HEURISTIC 3
1943469 [0, 3267880]: LABEL
	tot = 3151
	max = 2
1944212 [0, 3264612]: LABEL
	tot = 8347
	max = 4
1945725 [0, 3261348]: LABEL
	tot = 24462
	max = 10
1948378 [0, 3258086]: LABEL
	tot = 63991
	max = 18
1953807 [0, 3254828]: LABEL
	tot = 134553
	max = 30
1962846 [0, 3251574]: LABEL
	tot = 226998
	max = 58
1978389 [0, 3248322]: LABEL
	tot = 414458
	max = 86
2005288 [0, 3245074]: LABEL
	tot = 704024
	max = 138
2047914 [0, 3241829]: LABEL
	tot = 1134091
	max = 209
2115228 [0, 3238587]: LABEL
	tot = 1790143
	max = 300
2218775 [0, 3235349]: LABEL
	tot = 2823464
	max = 447
2381508 [0, 3232113]: LABEL
	tot = 4391339
	max = 684
2633343 [0, 3228881]: LABEL
	tot = 6807009
	max = 1034
3017892 [0, 3225652]: LABEL
	tot = 10535257
	max = 1490
3297625 [0, 3225652]: LP
	bnd = 3267022.000000
	its = 29
	hyp = 725 / 6459
	cut = 13
3606890 [3139458, 3222427]: LABEL
	tot = 16195839
	max = 2136
4544585 [3193042, 3219204]: LABEL
	tot = 26334925
	max = 2559
4670777 [3193042, 3219204]: LP
	bnd = 3266881.500000
	its = 30
	hyp = 781 / 6934
	cut = 27
5937216 [3193042, 3219204]: LP
	bnd = 3266535.500000
	its = 27
	hyp = 869 / 7574
	cut = 41
5999655 [3193042, 3215985]: LABEL
	tot = 40370138
	max = 3893
