hypergraph with 388951 vertices and 91957420 hyperarcs generated in 25559
307203 [0, 1440808]: LP
	bnd = 1440808.625000
	its = 46
	hyp = 555 / 1556
	cut = 0
307353 [0, 1440808]: HEURISTIC 3
307449 [0, 1440808]: LABEL
	tot = 798
	max = 2
307881 [0, 1439367]: LABEL
	tot = 6334
	max = 7
308579 [0, 1437928]: LABEL
	tot = 10765
	max = 8
310012 [0, 1436490]: LABEL
	tot = 22168
	max = 13
312757 [0, 1435054]: LABEL
	tot = 42730
	max = 26
318164 [0, 1433619]: LABEL
	tot = 84207
	max = 54
327482 [0, 1432185]: LABEL
	tot = 152698
	max = 100
343043 [0, 1430753]: LABEL
	tot = 265339
	max = 197
368357 [0, 1429322]: LABEL
	tot = 454183
	max = 343
409142 [0, 1427893]: LABEL
	tot = 771427
	max = 610
474987 [1367122, 1426465]: LABEL
	tot = 1284000
	max = 1157
488457 [1367122, 1426465]: LP
	bnd = 1440808.625000
	its = 24
	hyp = 550 / 2757
	cut = 13
580473 [1388973, 1425038]: LABEL
	tot = 2103889
	max = 2118
674394 [1388973, 1425038]: LP
	bnd = 1440808.625000
	its = 25
	hyp = 556 / 3205
	cut = 26
756870 [1388973, 1423613]: LABEL
	tot = 3443682
	max = 3825
823305 [1388973, 1423613]: LP
	bnd = 1440806.000000
	its = 19
	hyp = 576 / 3478
	cut = 39
1021396 [1388973, 1423613]: LP
	bnd = 1440528.000000
	its = 25
	hyp = 672 / 3790
	cut = 52
1038396 [1406083, 1422190]: LABEL
	tot = 5525023
	max = 6713
1166875 [1406083, 1422190]: LP
	bnd = 1440451.375000
	its = 17
	hyp = 680 / 3969
	cut = 65
1366632 [1406083, 1422190]: LP
	bnd = 1440267.625000
	its = 25
	hyp = 655 / 4224
	cut = 78
1447582 [1406083, 1420768]: LABEL
	tot = 7915126
	max = 10286
1592723 [1406083, 1420768]: LP
	bnd = 1440243.625000
	its = 29
	hyp = 705 / 4546
	cut = 91
1821914 [1406083, 1420768]: LP
	bnd = 1440164.625000
	its = 30
	hyp = 754 / 4786
	cut = 104
1996774 [1406083, 1420768]: LP
	bnd = 1439940.500000
	its = 22
	hyp = 911 / 4957
	cut = 117
2071644 [1406083, 1419347]: LABEL
	tot = 11992623
	max = 14406
2213892 [1406083, 1419347]: LP
	bnd = 1439790.250000
	its = 28
	hyp = 894 / 5179
	cut = 130
2473349 [1406083, 1419347]: LP
	bnd = 1439542.500000
	its = 35
	hyp = 830 / 5468
	cut = 143
2666977 [1406083, 1419347]: LP
	bnd = 1439409.500000
	its = 25
	hyp = 894 / 5681
	cut = 156
2841038 [1406083, 1419347]: LP
	bnd = 1439286.375000
	its = 22
	hyp = 982 / 5849
	cut = 169
2983169 [1406083, 1417927]: LABEL
	tot = 17206052
	max = 23980
3031091 [1406083, 1417927]: LP
	bnd = 1439175.125000
	its = 24
	hyp = 885 / 6053
	cut = 182
3305536 [1406083, 1417927]: LP
	bnd = 1438200.375000
	its = 36
	hyp = 925 / 6391
	cut = 195
	restart
3549727 [1406083, 1417927]: LP
	bnd = 1437941.250000
	its = 32
	hyp = 1021 / 6632
	cut = 208
3774546 [1406083, 1417927]: LP
	bnd = 1437731.750000
	its = 28
	hyp = 1039 / 6906
	cut = 221
4041608 [1406083, 1417927]: LP
	bnd = 1437634.625000
	its = 35
	hyp = 1117 / 7155
	cut = 234
4206338 [1410150, 1416510]: LABEL
	tot = 17846672
	max = 23118
4338434 [1410150, 1416510]: LP
	bnd = 1437463.250000
	its = 39
	hyp = 1184 / 7504
	cut = 247
4653854 [1410150, 1416510]: LP
	bnd = 1437348.500000
	its = 41
	hyp = 1133 / 7780
	cut = 260
4949439 [1410150, 1416510]: LP
	bnd = 1436956.625000
	its = 38
	hyp = 1145 / 8062
	cut = 273
5273391 [1410150, 1416510]: LP
	bnd = 1436768.125000
	its = 43
	hyp = 1380 / 8412
	cut = 286
	restart
5613712 [1410150, 1416510]: LP
	bnd = 1436660.750000
	its = 45
	hyp = 1432 / 8793
	cut = 299
5966127 [1410150, 1416510]: LP
	bnd = 1436437.750000
	its = 47
	hyp = 1470 / 9140
	cut = 312
6336454 [1410150, 1416510]: LP
	bnd = 1436250.000000
	its = 50
	hyp = 1453 / 9478
	cut = 325
6482030 [1411945, 1415093]: LABEL
	tot = 23076991
	max = 28772
6709437 [1411945, 1415093]: LP
	bnd = 1436049.250000
	its = 49
	hyp = 1554 / 9807
	cut = 338
7099027 [1411945, 1415093]: LP
	bnd = 1435868.500000
	its = 51
	hyp = 1545 / 10194
	cut = 351
