hypergraph with 336081 vertices and 58960853 hyperarcs generated in 21379
172463 [0, 1405485]: LP
	bnd = 1405485.250000
	its = 30
	hyp = 527 / 1354
	cut = 0
172636 [0, 1405485]: HEURISTIC 3
172769 [0, 1405485]: LABEL
	tot = 2071
	max = 1
172936 [0, 1404079]: LABEL
	tot = 3189
	max = 3
173204 [0, 1402675]: LABEL
	tot = 5483
	max = 3
173631 [0, 1401273]: LABEL
	tot = 9029
	max = 6
174187 [0, 1399871]: LABEL
	tot = 13284
	max = 6
174976 [0, 1398471]: LABEL
	tot = 19242
	max = 9
176116 [0, 1397073]: LABEL
	tot = 28823
	max = 13
177639 [0, 1395676]: LABEL
	tot = 39908
	max = 19
179828 [0, 1394280]: LABEL
	tot = 56238
	max = 26
182773 [0, 1392886]: LABEL
	tot = 81087
	max = 35
186674 [0, 1391493]: LABEL
	tot = 108056
	max = 46
191958 [0, 1390102]: LABEL
	tot = 152984
	max = 63
198899 [0, 1388711]: LABEL
	tot = 208589
	max = 89
208116 [0, 1387323]: LABEL
	tot = 286216
	max = 141
220205 [0, 1385935]: LABEL
	tot = 385510
	max = 209
235977 [0, 1384549]: LABEL
	tot = 517123
	max = 297
256249 [0, 1383165]: LABEL
	tot = 686108
	max = 427
283077 [1288555, 1381782]: LABEL
	tot = 923391
	max = 575
287241 [1288555, 1381782]: LP
	bnd = 1405485.250000
	its = 18
	hyp = 538 / 2677
	cut = 12
318120 [1335755, 1380400]: LABEL
	tot = 1235281
	max = 773
365012 [1335755, 1379020]: LABEL
	tot = 1648300
	max = 1034
366852 [1335755, 1379020]: LP
	bnd = 1405485.250000
	its = 12
	hyp = 531 / 2922
	cut = 24
426739 [1335755, 1377641]: LABEL
	tot = 2193194
	max = 1354
492363 [1335755, 1377641]: LP
	bnd = 1405398.375000
	its = 20
	hyp = 632 / 3260
	cut = 36
507303 [1356391, 1376263]: LABEL
	tot = 2905864
	max = 1747
587086 [1356391, 1376263]: LP
	bnd = 1405398.375000
	its = 14
	hyp = 624 / 3410
	cut = 48
614771 [1356391, 1374887]: LABEL
	tot = 3844377
	max = 1971
657784 [1356391, 1374887]: LP
	bnd = 1405398.375000
	its = 10
	hyp = 653 / 3528
	cut = 60
739465 [1356391, 1374887]: LP
	bnd = 1405398.375000
	its = 12
	hyp = 604 / 3642
	cut = 72
756907 [1356391, 1373512]: LABEL
	tot = 5073800
	max = 2569
823810 [1356391, 1373512]: LP
	bnd = 1405398.375000
	its = 12
	hyp = 637 / 3745
	cut = 84
902066 [1356391, 1373512]: LP
	bnd = 1405398.375000
	its = 11
	hyp = 671 / 3841
	cut = 96
945254 [1356391, 1372138]: LABEL
	tot = 6667554
	max = 3410
991524 [1356391, 1372138]: LP
	bnd = 1405375.375000
	its = 13
	hyp = 648 / 3986
	cut = 108
1114032 [1356391, 1372138]: LP
	bnd = 1405312.875000
	its = 19
	hyp = 642 / 4181
	cut = 120
1195214 [1356391, 1370766]: LABEL
	tot = 8681073
	max = 4808
1271897 [1356391, 1370766]: LP
	bnd = 1405313.000000
	its = 25
	hyp = 601 / 4381
	cut = 132
1397634 [1356391, 1370766]: LP
	bnd = 1405293.875000
	its = 19
	hyp = 677 / 4537
	cut = 144
1517438 [1369942, 1369942]: LABEL
	tot = 10963007
	max = 6527
