hypergraph with 1217120 vertices and 355650465 hyperarcs generated in 102755
1028609 [0, 5944816]: LP
	bnd = 5944816.000000
	its = 25
	hyp = 477 / 1558
	cut = 0
1029010 [0, 5944816]: HEURISTIC 3
1029314 [0, 5944816]: LABEL
	tot = 1859
	max = 2
1029656 [0, 5938871]: LABEL
	tot = 2602
	max = 2
1030051 [0, 5932932]: LABEL
	tot = 3800
	max = 3
1030660 [0, 5926999]: LABEL
	tot = 10078
	max = 4
1031602 [0, 5921072]: LABEL
	tot = 13498
	max = 5
1033008 [0, 5915151]: LABEL
	tot = 21985
	max = 8
1034969 [0, 5909236]: LABEL
	tot = 29841
	max = 11
1037605 [0, 5903327]: LABEL
	tot = 40438
	max = 13
1041075 [0, 5897423]: LABEL
	tot = 53840
	max = 15
1045636 [0, 5891526]: LABEL
	tot = 74494
	max = 21
1051296 [0, 5885634]: LABEL
	tot = 92742
	max = 27
1058743 [0, 5879749]: LABEL
	tot = 128903
	max = 33
1069287 [0, 5873869]: LABEL
	tot = 176797
	max = 41
1082369 [0, 5867995]: LABEL
	tot = 236631
	max = 49
1100256 [0, 5862127]: LABEL
	tot = 319677
	max = 58
1123161 [5576501, 5856265]: LABEL
	tot = 420738
	max = 69
1153324 [5844398, 5850409]: LABEL
	tot = 558916
	max = 83
1192804 [5844398, 5844558]: LABEL
	tot = 741444
	max = 110
1232228 [5844398, 5844398]: LABEL
	tot = 745912
	max = 110
