hypergraph with 1346509 vertices and 482320442 hyperarcs generated in 131212
2472422 [0, 5441180]: LP
	bnd = 5441180.500000
	its = 57
	hyp = 757 / 3311
	cut = 0
2472886 [0, 5441180]: HEURISTIC 3
2473182 [0, 5441180]: LABEL
	tot = 1445
	max = 1
2473911 [0, 5435739]: LABEL
	tot = 6225
	max = 3
2475549 [0, 5430304]: LABEL
	tot = 15780
	max = 4
2478933 [0, 5424873]: LABEL
	tot = 32511
	max = 9
2485338 [0, 5419448]: LABEL
	tot = 66091
	max = 10
2497337 [0, 5414029]: LABEL
	tot = 129268
	max = 18
2519772 [0, 5408615]: LABEL
	tot = 245765
	max = 29
2558502 [0, 5403206]: LABEL
	tot = 451353
	max = 46
2624049 [0, 5397803]: LABEL
	tot = 818143
	max = 76
2732340 [0, 5392405]: LABEL
	tot = 1458277
	max = 143
2910558 [0, 5387013]: LABEL
	tot = 2582358
	max = 228
3197729 [0, 5381626]: LABEL
	tot = 4480845
	max = 398
3662917 [0, 5376244]: LABEL
	tot = 7774599
	max = 644
4395421 [0, 5370868]: LABEL
	tot = 13353808
	max = 1071
5162597 [0, 5370868]: LP
	bnd = 5438551.500000
	its = 51
	hyp = 801 / 7135
	cut = 18
5561285 [0, 5365497]: LABEL
	tot = 22729622
	max = 1792
