hypergraph with 1150601 vertices and 314070151 hyperarcs generated in 108550
652573 [0, 5719423]: LP
	bnd = 5719423.000000
	its = 15
	hyp = 641 / 1061
	cut = 0
652853 [0, 5719423]: HEURISTIC 3
653037 [0, 5719423]: LABEL
	tot = 1244
	max = 3
654020 [0, 5713703]: LABEL
	tot = 13393
	max = 6
656037 [0, 5707990]: LABEL
	tot = 22451
	max = 6
658846 [0, 5702282]: LABEL
	tot = 32300
	max = 8
662196 [0, 5696579]: LABEL
	tot = 39422
	max = 8
669633 [0, 5690883]: LABEL
	tot = 81008
	max = 18
677978 [0, 5685192]: LABEL
	tot = 98011
	max = 23
689307 [0, 5679507]: LABEL
	tot = 163276
	max = 30
704878 [0, 5673827]: LABEL
	tot = 235453
	max = 42
727446 [0, 5668153]: LABEL
	tot = 335636
	max = 51
756558 [0, 5662485]: LABEL
	tot = 466391
	max = 80
794818 [5546821, 5656823]: LABEL
	tot = 609143
	max = 121
845240 [5546821, 5651166]: LABEL
	tot = 809121
	max = 166
908815 [5546821, 5645515]: LABEL
	tot = 1034217
	max = 221
992058 [5574158, 5639869]: LABEL
	tot = 1318586
	max = 277
1099037 [5595387, 5634229]: LABEL
	tot = 1675334
	max = 396
1130968 [5595387, 5634229]: LP
	bnd = 5719423.000000
	its = 10
	hyp = 592 / 1989
	cut = 7
1238902 [5595387, 5628595]: LABEL
	tot = 2199460
	max = 526
1421689 [5599777, 5622967]: LABEL
	tot = 2764167
	max = 681
1548350 [5599777, 5622967]: LP
	bnd = 5719423.000000
	its = 8
	hyp = 661 / 2107
	cut = 14
1654729 [5599777, 5617344]: LABEL
	tot = 3517576
	max = 878
1917937 [5599777, 5617344]: LP
	bnd = 5719423.000000
	its = 7
	hyp = 772 / 2185
	cut = 21
1949545 [5599777, 5611726]: LABEL
	tot = 4404185
	max = 1092
2195734 [5599777, 5611726]: LP
	bnd = 5719423.000000
	its = 5
	hyp = 590 / 2225
	cut = 28
2336689 [5599777, 5606115]: LABEL
	tot = 5577829
	max = 1371
2498716 [5599777, 5606115]: LP
	bnd = 5719423.000000
	its = 5
	hyp = 551 / 2272
	cut = 35
2819978 [5599777, 5606115]: LP
	bnd = 5719423.000000
	its = 6
	hyp = 572 / 2316
	cut = 42
2828768 [5599777, 5600509]: LABEL
	tot = 6892068
	max = 1700
3181954 [5599777, 5600509]: LP
	bnd = 5719423.000000
	its = 7
	hyp = 693 / 2526
	cut = 49
3341892 [5599777, 5599777]: LABEL
	tot = 7104199
	max = 1762
