hypergraph with 1150011 vertices and 295868525 hyperarcs generated in 79539
1366782 [0, 4660922]: LP
	bnd = 4660922.000000
	its = 39
	hyp = 588 / 2186
	cut = 0
1367251 [0, 4660922]: HEURISTIC 3
1367657 [0, 4660922]: LABEL
	tot = 4287
	max = 2
1368565 [0, 4656261]: LABEL
	tot = 8532
	max = 3
1369620 [0, 4651604]: LABEL
	tot = 12310
	max = 4
1371043 [0, 4646953]: LABEL
	tot = 21440
	max = 6
1373073 [0, 4642306]: LABEL
	tot = 36161
	max = 8
1376123 [0, 4637663]: LABEL
	tot = 69876
	max = 13
1380407 [0, 4633026]: LABEL
	tot = 102748
	max = 16
1386696 [0, 4628393]: LABEL
	tot = 160000
	max = 21
1396305 [0, 4623764]: LABEL
	tot = 288213
	max = 31
1410115 [0, 4619140]: LABEL
	tot = 439930
	max = 45
1429425 [0, 4614521]: LABEL
	tot = 686534
	max = 61
1456203 [0, 4609907]: LABEL
	tot = 1026527
	max = 86
1494661 [0, 4605297]: LABEL
	tot = 1564689
	max = 130
1548277 [0, 4600691]: LABEL
	tot = 2314781
	max = 198
1623492 [0, 4596091]: LABEL
	tot = 3462569
	max = 291
1730910 [4507512, 4591495]: LABEL
	tot = 5147484
	max = 451
1883209 [4507512, 4586903]: LABEL
	tot = 7466743
	max = 707
2017772 [4507512, 4586903]: LP
	bnd = 4660922.000000
	its = 15
	hyp = 610 / 3844
	cut = 11
2101586 [4507512, 4582316]: LABEL
	tot = 10890003
	max = 1118
2415706 [4507512, 4577734]: LABEL
	tot = 15353559
	max = 1797
2868191 [4507512, 4573156]: LABEL
	tot = 21788635
	max = 2811
2902624 [4507512, 4573156]: LP
	bnd = 4659793.000000
	its = 21
	hyp = 554 / 4309
	cut = 22
3529004 [4522461, 4568583]: LABEL
	tot = 30904409
	max = 4334
3825721 [4522461, 4568583]: LP
	bnd = 4659608.000000
	its = 22
	hyp = 605 / 4707
	cut = 33
4487340 [4546540, 4564015]: LABEL
	tot = 45109687
	max = 7133
4685052 [4546540, 4564015]: LP
	bnd = 4659524.500000
	its = 20
	hyp = 634 / 5120
	cut = 44
5426262 [4546540, 4564015]: LP
	bnd = 4659498.000000
	its = 17
	hyp = 667 / 5424
	cut = 55
5726647 [4546540, 4559451]: LABEL
	tot = 57708554
	max = 11368
6121123 [4546540, 4559451]: LP
	bnd = 4659498.000000
	its = 16
	hyp = 762 / 5668
	cut = 66
6843160 [4546540, 4559451]: LP
	bnd = 4659477.000000
	its = 17
	hyp = 847 / 5949
	cut = 77
