hypergraph with 1325454 vertices and 463165349 hyperarcs generated in 132134
505473 [0, 6822647]: LP
	bnd = 6822647.000000
	its = 6
	hyp = 149 / 397
	cut = 0
506116 [0, 6822647]: HEURISTIC 3
506589 [0, 6822647]: LABEL
	tot = 3721
	max = 3
507131 [0, 6815824]: LABEL
	tot = 4801
	max = 3
507675 [0, 6809008]: LABEL
	tot = 4801
	max = 3
508221 [0, 6802199]: LABEL
	tot = 5032
	max = 4
509046 [0, 6795397]: LABEL
	tot = 9250
	max = 4
509967 [0, 6788602]: LABEL
	tot = 10937
	max = 4
510904 [0, 6781813]: LABEL
	tot = 11819
	max = 5
511894 [0, 6775031]: LABEL
	tot = 14836
	max = 8
513159 [0, 6768256]: LABEL
	tot = 20766
	max = 11
514512 [0, 6761488]: LABEL
	tot = 25419
	max = 16
516438 [0, 6754726]: LABEL
	tot = 34058
	max = 20
518409 [0, 6747972]: LABEL
	tot = 36274
	max = 23
520672 [0, 6741224]: LABEL
	tot = 46564
	max = 27
523498 [0, 6734483]: LABEL
	tot = 61971
	max = 40
526601 [0, 6727748]: LABEL
	tot = 71060
	max = 51
531444 [0, 6721021]: LABEL
	tot = 107791
	max = 74
538558 [6718582, 6718582]: LABEL
	tot = 142047
	max = 98
