hypergraph with 1342551 vertices and 478828934 hyperarcs generated in 130184
2441403 [0, 5441180]: LP
	bnd = 5441180.500000
	its = 57
	hyp = 765 / 3293
	cut = 0
2441885 [0, 5441180]: HEURISTIC 3
2442198 [0, 5441180]: LABEL
	tot = 1440
	max = 1
2442937 [0, 5435739]: LABEL
	tot = 6201
	max = 3
2444569 [0, 5430304]: LABEL
	tot = 15594
	max = 4
2447923 [0, 5424873]: LABEL
	tot = 32150
	max = 9
2454242 [0, 5419448]: LABEL
	tot = 65162
	max = 10
2466021 [0, 5414029]: LABEL
	tot = 127055
	max = 18
2487922 [0, 5408615]: LABEL
	tot = 240527
	max = 29
2525845 [0, 5403206]: LABEL
	tot = 440300
	max = 45
2589913 [0, 5397803]: LABEL
	tot = 793314
	max = 76
2696539 [0, 5392405]: LABEL
	tot = 1401345
	max = 127
2868256 [0, 5387013]: LABEL
	tot = 2460925
	max = 197
3142789 [0, 5381626]: LABEL
	tot = 4234284
	max = 355
3586692 [0, 5376244]: LABEL
	tot = 7286743
	max = 606
4284737 [0, 5370868]: LABEL
	tot = 12388345
	max = 990
5007283 [0, 5370868]: LP
	bnd = 5438551.500000
	its = 49
	hyp = 812 / 7109
	cut = 18
5397097 [0, 5365497]: LABEL
	tot = 20872115
	max = 1621
6845198 [0, 5365497]: LP
	bnd = 5438372.500000
	its = 34
	hyp = 818 / 8114
	cut = 37
6864986 [0, 5360132]: LABEL
	tot = 26944644
	max = 3504
