hypergraph with 1423573 vertices and 573435833 hyperarcs generated in 132828
1420701 [0, 5885688]: LP
	bnd = 5885688.000000
	its = 28
	hyp = 611 / 1694
	cut = 0
1421318 [0, 5885688]: HEURISTIC 3
1421752 [0, 5885688]: LABEL
	tot = 3163
	max = 1
1422430 [0, 5879802]: LABEL
	tot = 6436
	max = 2
1423893 [0, 5873922]: LABEL
	tot = 12579
	max = 3
1425855 [0, 5868048]: LABEL
	tot = 19955
	max = 4
1428911 [0, 5862180]: LABEL
	tot = 33510
	max = 9
1433173 [0, 5856318]: LABEL
	tot = 49084
	max = 11
1439522 [0, 5850462]: LABEL
	tot = 79352
	max = 17
1450416 [0, 5844611]: LABEL
	tot = 141417
	max = 26
1466443 [0, 5838767]: LABEL
	tot = 211666
	max = 36
1490439 [0, 5832928]: LABEL
	tot = 320018
	max = 58
1526549 [0, 5827095]: LABEL
	tot = 492820
	max = 90
1582523 [0, 5821268]: LABEL
	tot = 749222
	max = 117
1662437 [0, 5815446]: LABEL
	tot = 1070525
	max = 160
1777182 [0, 5809631]: LABEL
	tot = 1550716
	max = 228
1944087 [0, 5803821]: LABEL
	tot = 2260373
	max = 334
2182249 [0, 5798017]: LABEL
	tot = 3240032
	max = 469
2521364 [0, 5792219]: LABEL
	tot = 4620353
	max = 694
2912168 [0, 5792219]: LP
	bnd = 5885393.500000
	its = 24
	hyp = 734 / 3991
	cut = 14
3001237 [0, 5786427]: LABEL
	tot = 6547588
	max = 1027
3761016 [0, 5780641]: LABEL
	tot = 9460244
	max = 1595
3876708 [0, 5780641]: LP
	bnd = 5885393.500000
	its = 14
	hyp = 778 / 4334
	cut = 28
4827211 [0, 5774860]: LABEL
	tot = 13289562
	max = 2257
5082491 [0, 5774860]: LP
	bnd = 5885393.500000
	its = 20
	hyp = 796 / 4834
	cut = 42
6018959 [0, 5774860]: LP
	bnd = 5885393.500000
	its = 14
	hyp = 742 / 5011
	cut = 56
6337646 [0, 5769085]: LABEL
	tot = 18387734
	max = 3273
