hypergraph with 1353530 vertices and 499352216 hyperarcs generated in 125425
1458055 [0, 5158786]: LP
	bnd = 5158786.000000
	its = 33
	hyp = 762 / 2100
	cut = 0
1458671 [0, 5158786]: HEURISTIC 3
1459164 [0, 5158786]: LABEL
	tot = 4983
	max = 1
1460154 [0, 5153627]: LABEL
	tot = 12011
	max = 2
1461560 [0, 5148473]: LABEL
	tot = 16499
	max = 4
1463652 [0, 5143325]: LABEL
	tot = 24642
	max = 5
1467052 [0, 5138181]: LABEL
	tot = 41076
	max = 6
1472479 [0, 5133043]: LABEL
	tot = 61686
	max = 7
1479960 [0, 5127910]: LABEL
	tot = 89735
	max = 9
1490682 [0, 5122782]: LABEL
	tot = 135583
	max = 12
1505968 [0, 5117659]: LABEL
	tot = 193575
	max = 16
1525866 [0, 5112542]: LABEL
	tot = 272015
	max = 25
1554576 [0, 5107429]: LABEL
	tot = 398103
	max = 39
1594529 [0, 5102322]: LABEL
	tot = 569241
	max = 57
1648933 [0, 5097219]: LABEL
	tot = 804829
	max = 80
1722211 [0, 5092122]: LABEL
	tot = 1144940
	max = 121
1819007 [0, 5087030]: LABEL
	tot = 1567852
	max = 170
1949844 [0, 5081943]: LABEL
	tot = 2189985
	max = 229
2123035 [0, 5076861]: LABEL
	tot = 3026763
	max = 319
2353105 [0, 5071784]: LABEL
	tot = 4140964
	max = 453
2496707 [0, 5071784]: LP
	bnd = 5158786.000000
	its = 21
	hyp = 785 / 4235
	cut = 11
2654033 [0, 5066712]: LABEL
	tot = 5626877
	max = 632
3068448 [0, 5061646]: LABEL
	tot = 7729675
	max = 871
3535296 [0, 5061646]: LP
	bnd = 5158786.000000
	its = 21
	hyp = 813 / 4716
	cut = 22
3618478 [0, 5056584]: LABEL
	tot = 10459243
	max = 1221
4250446 [0, 5056584]: LP
	bnd = 5158786.000000
	its = 13
	hyp = 830 / 5004
	cut = 33
4347691 [0, 5051528]: LABEL
	tot = 14196232
	max = 1733
4764898 [0, 5051528]: LP
	bnd = 5158786.000000
	its = 8
	hyp = 882 / 5160
	cut = 44
5335374 [0, 5046476]: LABEL
	tot = 19287157
	max = 2409
5461789 [0, 5046476]: LP
	bnd = 5158786.000000
	its = 13
	hyp = 888 / 5574
	cut = 55
6345376 [0, 5046476]: LP
	bnd = 5158786.000000
	its = 16
	hyp = 959 / 5957
	cut = 66
6669216 [0, 5041430]: LABEL
	tot = 26087374
	max = 3330
