hypergraph with 1116639 vertices and 269433547 hyperarcs generated in 79561
983152 [0, 5386110]: LP
	bnd = 5386110.000000
	its = 28
	hyp = 544 / 1845
	cut = 0
983895 [0, 5386110]: HEURISTIC 3
984571 [0, 5386110]: LABEL
	tot = 7773
	max = 1
985593 [0, 5380724]: LABEL
	tot = 12675
	max = 2
986754 [0, 5375343]: LABEL
	tot = 14372
	max = 4
988338 [0, 5369968]: LABEL
	tot = 23813
	max = 4
990711 [0, 5364598]: LABEL
	tot = 31879
	max = 5
994103 [0, 5359233]: LABEL
	tot = 45424
	max = 5
998512 [0, 5353874]: LABEL
	tot = 63169
	max = 5
1003833 [0, 5348520]: LABEL
	tot = 81077
	max = 6
1010191 [0, 5343172]: LABEL
	tot = 101145
	max = 7
1018250 [0, 5337829]: LABEL
	tot = 138541
	max = 10
1029043 [0, 5332491]: LABEL
	tot = 188107
	max = 12
1042517 [0, 5327158]: LABEL
	tot = 244129
	max = 16
1060190 [0, 5321831]: LABEL
	tot = 351889
	max = 27
1082802 [0, 5316509]: LABEL
	tot = 486111
	max = 39
1110235 [0, 5311193]: LABEL
	tot = 606747
	max = 55
1144723 [0, 5305882]: LABEL
	tot = 803315
	max = 71
1188474 [0, 5300576]: LABEL
	tot = 1075542
	max = 88
1241582 [0, 5295275]: LABEL
	tot = 1358305
	max = 103
1306257 [0, 5289980]: LABEL
	tot = 1712661
	max = 123
1385532 [0, 5284690]: LABEL
	tot = 2179716
	max = 142
1480863 [4897145, 5279405]: LABEL
	tot = 2716053
	max = 155
1597974 [4897145, 5274126]: LABEL
	tot = 3440687
	max = 183
1742350 [4897145, 5268852]: LABEL
	tot = 4368489
	max = 223
1884607 [4897145, 5268852]: LP
	bnd = 5381854.500000
	its = 22
	hyp = 614 / 3731
	cut = 9
	restart
2050537 [4897145, 5263583]: LABEL
	tot = 4874383
	max = 244
2253133 [4897145, 5258319]: LABEL
	tot = 6164976
	max = 302
2499183 [4897145, 5253061]: LABEL
	tot = 7718704
	max = 374
2547914 [4897145, 5253061]: LP
	bnd = 5381820.500000
	its = 14
	hyp = 706 / 4546
	cut = 18
2797369 [4897145, 5247808]: LABEL
	tot = 9566308
	max = 462
2896445 [4897145, 5247808]: LP
	bnd = 5381820.500000
	its = 6
	hyp = 752 / 4770
	cut = 27
3160725 [4902601, 5242560]: LABEL
	tot = 11793427
	max = 559
3335715 [4902601, 5242560]: LP
	bnd = 5381820.500000
	its = 8
	hyp = 782 / 4962
	cut = 36
3603675 [4944818, 5237317]: LABEL
	tot = 14519934
	max = 681
3789871 [4944818, 5237317]: LP
	bnd = 5381820.500000
	its = 9
	hyp = 826 / 5105
	cut = 45
4152383 [4955384, 5232080]: LABEL
	tot = 17964186
	max = 837
4220745 [4955384, 5232080]: LP
	bnd = 5381820.500000
	its = 8
	hyp = 803 / 5225
	cut = 54
4709664 [4955384, 5232080]: LP
	bnd = 5381820.500000
	its = 10
	hyp = 794 / 5590
	cut = 63
4817156 [4955384, 5226848]: LABEL
	tot = 21835197
	max = 1033
5378496 [4955384, 5226848]: LP
	bnd = 5380836.500000
	its = 14
	hyp = 777 / 5867
	cut = 72
5636947 [5008167, 5221621]: LABEL
	tot = 26873606
	max = 1260
6029014 [5008167, 5221621]: LP
	bnd = 5379178.500000
	its = 14
	hyp = 921 / 6184
	cut = 81
6620493 [5008167, 5216399]: LABEL
	tot = 31257827
	max = 1479
6770177 [5008167, 5216399]: LP
	bnd = 5378734.500000
	its = 16
	hyp = 905 / 6446
	cut = 90
