hypergraph with 358765 vertices and 74518962 hyperarcs generated in 22023
200898 [0, 1437659]: LP
	bnd = 1437659.375000
	its = 33
	hyp = 550 / 1409
	cut = 0
201127 [0, 1437659]: HEURISTIC 3
201319 [0, 1437659]: LABEL
	tot = 3451
	max = 1
201684 [0, 1436221]: LABEL
	tot = 7547
	max = 3
202721 [0, 1434785]: LABEL
	tot = 20856
	max = 6
204334 [0, 1433350]: LABEL
	tot = 34182
	max = 7
206917 [0, 1431917]: LABEL
	tot = 54975
	max = 11
210896 [0, 1430485]: LABEL
	tot = 81375
	max = 15
216304 [0, 1429055]: LABEL
	tot = 114097
	max = 19
224489 [0, 1427626]: LABEL
	tot = 166731
	max = 32
235993 [0, 1426198]: LABEL
	tot = 225483
	max = 42
252360 [0, 1424772]: LABEL
	tot = 295461
	max = 51
274920 [0, 1423347]: LABEL
	tot = 390933
	max = 70
305464 [0, 1421924]: LABEL
	tot = 505939
	max = 92
340889 [0, 1421924]: LP
	bnd = 1437200.875000
	its = 21
	hyp = 580 / 2315
	cut = 12
346888 [0, 1420502]: LABEL
	tot = 646595
	max = 110
385355 [0, 1419081]: LABEL
	tot = 658678
	max = 133
436555 [1393799, 1417662]: LABEL
	tot = 833282
	max = 168
442383 [1393799, 1417662]: LP
	bnd = 1436897.000000
	its = 14
	hyp = 582 / 2628
	cut = 24
503905 [1393799, 1416244]: LABEL
	tot = 1053917
	max = 206
567745 [1393799, 1416244]: LP
	bnd = 1436897.000000
	its = 18
	hyp = 608 / 2931
	cut = 36
590275 [1393799, 1414828]: LABEL
	tot = 1274890
	max = 238
645507 [1393799, 1414828]: LP
	bnd = 1436897.000000
	its = 10
	hyp = 649 / 3139
	cut = 48
706301 [1393799, 1413413]: LABEL
	tot = 1618841
	max = 307
759277 [1393799, 1413413]: LP
	bnd = 1436897.000000
	its = 16
	hyp = 578 / 3277
	cut = 60
853225 [1393799, 1412000]: LABEL
	tot = 2015439
	max = 377
866440 [1393799, 1412000]: LP
	bnd = 1436897.000000
	its = 15
	hyp = 657 / 3561
	cut = 72
961657 [1393799, 1412000]: LP
	bnd = 1436897.000000
	its = 13
	hyp = 555 / 3659
	cut = 84
1044356 [1393799, 1410588]: LABEL
	tot = 2531115
	max = 459
1063526 [1393799, 1410588]: LP
	bnd = 1436851.250000
	its = 14
	hyp = 658 / 3802
	cut = 96
1141191 [1393799, 1410588]: LP
	bnd = 1436851.250000
	its = 10
	hyp = 651 / 3961
	cut = 108
1290228 [1393799, 1409177]: LABEL
	tot = 3147306
	max = 551
1292569 [1393799, 1409177]: LP
	bnd = 1436849.000000
	its = 22
	hyp = 775 / 4185
	cut = 120
1392733 [1393799, 1409177]: LP
	bnd = 1436728.500000
	its = 14
	hyp = 858 / 4354
	cut = 132
1600400 [1393799, 1409177]: LP
	bnd = 1436653.875000
	its = 31
	hyp = 913 / 4616
	cut = 144
1602037 [1393799, 1407768]: LABEL
	tot = 3949508
	max = 689
1735117 [1393799, 1407768]: LP
	bnd = 1436467.625000
	its = 19
	hyp = 814 / 4791
	cut = 156
1996583 [1393799, 1407768]: LP
	bnd = 1436383.625000
	its = 40
	hyp = 799 / 5144
	cut = 168
2009744 [1393799, 1406360]: LABEL
	tot = 4897391
	max = 825
2191030 [1393799, 1406360]: LP
	bnd = 1436337.750000
	its = 29
	hyp = 920 / 5316
	cut = 180
2417044 [1393799, 1404954]: LABEL
	tot = 5385170
	max = 1026
2431083 [1393799, 1404954]: LP
	bnd = 1436237.500000
	its = 36
	hyp = 1062 / 5545
	cut = 192
2656353 [1393799, 1404954]: LP
	bnd = 1436155.500000
	its = 34
	hyp = 1009 / 5743
	cut = 204
2915996 [1393799, 1404954]: LP
	bnd = 1435944.750000
	its = 39
	hyp = 1110 / 5969
	cut = 216
2924384 [1393799, 1403549]: LABEL
	tot = 6732351
	max = 1298
3204233 [1393799, 1403549]: LP
	bnd = 1435680.375000
	its = 44
	hyp = 1131 / 6284
	cut = 228
3471481 [1393799, 1403549]: LP
	bnd = 1435254.875000
	its = 40
	hyp = 980 / 6694
	cut = 240
3556425 [1402031, 1402146]: LABEL
	tot = 8212015
	max = 1630
3769642 [1402031, 1402146]: LP
	bnd = 1435142.125000
	its = 45
	hyp = 1103 / 6928
	cut = 252
4000932 [1402031, 1402146]: LP
	bnd = 1434950.250000
	its = 34
	hyp = 1284 / 7149
	cut = 264
4102314 [1402031, 1402031]: LABEL
	tot = 7469421
	max = 1599
