hypergraph with 1455519 vertices and 607426643 hyperarcs generated in 141878
1226005 [0, 5911962]: LP
	bnd = 5911962.000000
	its = 22
	hyp = 578 / 1683
	cut = 0
1227335 [0, 5911962]: HEURISTIC 3
1228477 [0, 5911962]: LABEL
	tot = 8027
	max = 1
1229765 [0, 5906050]: LABEL
	tot = 10375
	max = 1
1231426 [0, 5900144]: LABEL
	tot = 14476
	max = 2
1233541 [0, 5894244]: LABEL
	tot = 20460
	max = 4
1236605 [0, 5888350]: LABEL
	tot = 32135
	max = 7
1240592 [0, 5882461]: LABEL
	tot = 45056
	max = 9
1246332 [0, 5876579]: LABEL
	tot = 68296
	max = 14
1254091 [0, 5870702]: LABEL
	tot = 92028
	max = 16
1266638 [0, 5864832]: LABEL
	tot = 144367
	max = 22
1284049 [0, 5858967]: LABEL
	tot = 211686
	max = 32
1310818 [0, 5853108]: LABEL
	tot = 321133
	max = 45
1350789 [0, 5847255]: LABEL
	tot = 472027
	max = 58
1409136 [0, 5841407]: LABEL
	tot = 714490
	max = 87
1491109 [0, 5835566]: LABEL
	tot = 1036112
	max = 109
1606973 [0, 5829730]: LABEL
	tot = 1483518
	max = 153
1770057 [0, 5823901]: LABEL
	tot = 2114375
	max = 201
2004529 [0, 5818077]: LABEL
	tot = 3062193
	max = 293
2339880 [0, 5812259]: LABEL
	tot = 4394149
	max = 446
2608901 [0, 5812259]: LP
	bnd = 5909422.000000
	its = 21
	hyp = 744 / 3857
	cut = 11
2818387 [0, 5806446]: LABEL
	tot = 6155560
	max = 644
3497512 [0, 5800640]: LABEL
	tot = 8728853
	max = 1143
3580008 [0, 5800640]: LP
	bnd = 5909357.000000
	its = 12
	hyp = 752 / 4350
	cut = 23
4455949 [5744240, 5794839]: LABEL
	tot = 12192413
	max = 1594
4606640 [5744240, 5794839]: LP
	bnd = 5908973.500000
	its = 14
	hyp = 838 / 4780
	cut = 35
5618839 [5744240, 5794839]: LP
	bnd = 5908973.500000
	its = 14
	hyp = 751 / 5102
	cut = 48
5812471 [5744240, 5789044]: LABEL
	tot = 16679360
	max = 2278
6623454 [5744240, 5789044]: LP
	bnd = 5908973.500000
	its = 13
	hyp = 835 / 5388
	cut = 61
