hypergraph with 363761 vertices and 76103299 hyperarcs generated in 22939
194022 [0, 1499563]: LP
	bnd = 1499563.000000
	its = 31
	hyp = 576 / 1472
	cut = 0
194383 [0, 1499563]: HEURISTIC 3
194708 [0, 1499563]: LABEL
	tot = 4306
	max = 1
195153 [0, 1498063]: LABEL
	tot = 5815
	max = 2
195726 [0, 1496565]: LABEL
	tot = 8286
	max = 3
196486 [0, 1495068]: LABEL
	tot = 13341
	max = 5
197617 [0, 1493573]: LABEL
	tot = 21736
	max = 8
199201 [0, 1492079]: LABEL
	tot = 31497
	max = 13
201486 [1459973, 1490587]: LABEL
	tot = 50007
	max = 22
204766 [1464807, 1489097]: LABEL
	tot = 77152
	max = 34
209692 [1464807, 1487608]: LABEL
	tot = 113629
	max = 54
216437 [1464807, 1486120]: LABEL
	tot = 165098
	max = 86
225817 [1465163, 1484634]: LABEL
	tot = 242432
	max = 127
238766 [1465163, 1483149]: LABEL
	tot = 341493
	max = 176
256444 [1465163, 1481666]: LABEL
	tot = 476520
	max = 269
280461 [1475418, 1480184]: LABEL
	tot = 664863
	max = 365
311966 [1475418, 1480184]: LP
	bnd = 1499278.875000
	its = 17
	hyp = 647 / 2145
	cut = 10
313738 [1475418, 1478704]: LABEL
	tot = 919033
	max = 514
361089 [1475418, 1477226]: LABEL
	tot = 1284742
	max = 762
396006 [1475418, 1477226]: LP
	bnd = 1499139.125000
	its = 11
	hyp = 701 / 2577
	cut = 20
426828 [1475774, 1475774]: LABEL
	tot = 1769470
	max = 1065
