hypergraph with 1417331 vertices and 557190256 hyperarcs generated in 122721
1948273 [0, 5299257]: LP
	bnd = 5299257.500000
	its = 44
	hyp = 932 / 2803
	cut = 0
1948762 [0, 5299257]: HEURISTIC 3
1949120 [0, 5299257]: LABEL
	tot = 3056
	max = 2
1949921 [0, 5293958]: LABEL
	tot = 13858
	max = 5
1951325 [0, 5288664]: LABEL
	tot = 22643
	max = 9
1953933 [0, 5283375]: LABEL
	tot = 39703
	max = 9
1959047 [0, 5278092]: LABEL
	tot = 76393
	max = 16
1968101 [0, 5272814]: LABEL
	tot = 134543
	max = 25
1982925 [0, 5267541]: LABEL
	tot = 218453
	max = 37
2005220 [0, 5262273]: LABEL
	tot = 328703
	max = 60
2039780 [0, 5257011]: LABEL
	tot = 510595
	max = 88
2092126 [0, 5251754]: LABEL
	tot = 783249
	max = 146
2171601 [0, 5246502]: LABEL
	tot = 1197573
	max = 227
2289234 [0, 5241255]: LABEL
	tot = 1823155
	max = 337
2457585 [0, 5236014]: LABEL
	tot = 2720251
	max = 495
2697769 [0, 5230778]: LABEL
	tot = 4009637
	max = 706
3026732 [0, 5230778]: LP
	bnd = 5299257.500000
	its = 18
	hyp = 914 / 5456
	cut = 13
3036052 [5141634, 5225547]: LABEL
	tot = 5895933
	max = 1009
3531524 [5216406, 5220321]: LABEL
	tot = 8683671
	max = 1429
3659606 [5216406, 5220321]: LP
	bnd = 5299257.500000
	its = 9
	hyp = 941 / 5717
	cut = 26
4179732 [5216406, 5216406]: LABEL
	tot = 11530386
	max = 1878
