hypergraph with 341412 vertices and 63688479 hyperarcs generated in 17491
244338 [0, 1208916]: LP
	bnd = 1208916.875000
	its = 47
	hyp = 447 / 1741
	cut = 0
244412 [0, 1208916]: HEURISTIC 3
244471 [0, 1208916]: LABEL
	tot = 951
	max = 1
244603 [0, 1207708]: LABEL
	tot = 2962
	max = 3
244888 [0, 1206500]: LABEL
	tot = 6470
	max = 5
245496 [0, 1205293]: LABEL
	tot = 15366
	max = 13
246487 [0, 1204088]: LABEL
	tot = 28532
	max = 22
248262 [0, 1202884]: LABEL
	tot = 54942
	max = 33
251301 [0, 1201681]: LABEL
	tot = 105068
	max = 85
255978 [0, 1200479]: LABEL
	tot = 185815
	max = 112
263416 [0, 1199279]: LABEL
	tot = 328696
	max = 208
275164 [0, 1198080]: LABEL
	tot = 577912
	max = 366
293366 [0, 1196882]: LABEL
	tot = 977691
	max = 630
322101 [0, 1195685]: LABEL
	tot = 1647525
	max = 1134
368211 [1178499, 1194489]: LABEL
	tot = 2704277
	max = 1871
398894 [1178499, 1194489]: LP
	bnd = 1208593.250000
	its = 25
	hyp = 540 / 2906
	cut = 12
442763 [1178499, 1193295]: LABEL
	tot = 4373926
	max = 3095
524837 [1178499, 1193295]: LP
	bnd = 1208103.500000
	its = 20
	hyp = 480 / 3206
	cut = 24
552535 [1178499, 1192101]: LABEL
	tot = 6263634
	max = 6189
644253 [1178499, 1192101]: LP
	bnd = 1208098.750000
	its = 19
	hyp = 553 / 3489
	cut = 36
740984 [1178499, 1192101]: LP
	bnd = 1208089.500000
	its = 15
	hyp = 581 / 3636
	cut = 48
784283 [1178499, 1190909]: LABEL
	tot = 12288066
	max = 10513
826946 [1178499, 1190909]: LP
	bnd = 1208082.125000
	its = 13
	hyp = 604 / 3757
	cut = 60
898890 [1178499, 1190909]: LP
	bnd = 1208081.250000
	its = 10
	hyp = 566 / 3847
	cut = 72
1055795 [1178499, 1190909]: LP
	bnd = 1208058.000000
	its = 26
	hyp = 568 / 4015
	cut = 84
1146631 [1178499, 1190909]: LP
	bnd = 1208018.250000
	its = 14
	hyp = 610 / 4114
	cut = 96
1228471 [1178499, 1189718]: LABEL
	tot = 21126973
	max = 16522
1303429 [1178499, 1189718]: LP
	bnd = 1207828.250000
	its = 26
	hyp = 681 / 4354
	cut = 108
1399408 [1178499, 1189718]: LP
	bnd = 1207768.500000
	its = 15
	hyp = 624 / 4481
	cut = 120
1507815 [1178499, 1189718]: LP
	bnd = 1207759.625000
	its = 17
	hyp = 759 / 4636
	cut = 132
1631921 [1178499, 1189718]: LP
	bnd = 1207704.500000
	its = 20
	hyp = 702 / 4761
	cut = 144
1790274 [1178499, 1189718]: LP
	bnd = 1207632.000000
	its = 26
	hyp = 802 / 4930
	cut = 156
1910980 [1178499, 1188529]: LABEL
	tot = 29794560
	max = 23952
1957013 [1178499, 1188529]: LP
	bnd = 1207564.375000
	its = 27
	hyp = 841 / 5089
	cut = 168
2094885 [1178499, 1188529]: LP
	bnd = 1207544.875000
	its = 21
	hyp = 797 / 5234
	cut = 180
2278636 [1178499, 1188529]: LP
	bnd = 1207511.625000
	its = 29
	hyp = 947 / 5428
	cut = 192
2470013 [1178499, 1188529]: LP
	bnd = 1207434.625000
	its = 31
	hyp = 938 / 5613
	cut = 204
2661508 [1178499, 1188529]: LP
	bnd = 1207381.500000
	its = 31
	hyp = 886 / 5831
	cut = 216
2841649 [1178499, 1188529]: LP
	bnd = 1207349.375000
	its = 29
	hyp = 1113 / 6012
	cut = 228
3020066 [1178499, 1188529]: LP
	bnd = 1207311.500000
	its = 28
	hyp = 947 / 6249
	cut = 240
3188821 [1178499, 1188529]: LP
	bnd = 1207263.500000
	its = 26
	hyp = 1009 / 6453
	cut = 252
3286721 [1184738, 1187340]: LABEL
	tot = 50099401
	max = 35604
3399466 [1184738, 1187340]: LP
	bnd = 1207197.375000
	its = 33
	hyp = 1072 / 6676
	cut = 264
3638447 [1184738, 1187340]: LP
	bnd = 1207145.625000
	its = 39
	hyp = 1093 / 6905
	cut = 276
3839002 [1184738, 1187340]: LP
	bnd = 1207100.375000
	its = 32
	hyp = 1033 / 7098
	cut = 288
4046227 [1184738, 1187340]: LP
	bnd = 1207024.000000
	its = 33
	hyp = 1182 / 7316
	cut = 300
4310323 [1184738, 1187340]: LP
	bnd = 1206945.625000
	its = 43
	hyp = 1293 / 7565
	cut = 312
4545498 [1184738, 1187340]: LP
	bnd = 1206911.250000
	its = 38
	hyp = 1276 / 7821
	cut = 324
4789936 [1184738, 1187340]: LP
	bnd = 1206859.375000
	its = 39
	hyp = 1270 / 8038
	cut = 336
5023583 [1184738, 1187340]: LP
	bnd = 1206807.500000
	its = 37
	hyp = 1205 / 8252
	cut = 348
5278005 [1184738, 1187340]: LP
	bnd = 1206758.750000
	its = 40
	hyp = 1297 / 8514
	cut = 360
5564566 [1184738, 1187340]: LP
	bnd = 1206699.625000
	its = 45
	hyp = 1390 / 8772
	cut = 372
5631076 [1185968, 1186153]: LABEL
	tot = 73408479
	max = 53195
5882934 [1185968, 1186153]: LP
	bnd = 1206645.125000
	its = 50
	hyp = 1577 / 9089
	cut = 384
6197697 [1185968, 1186153]: LP
	bnd = 1206578.125000
	its = 49
	hyp = 1577 / 9406
	cut = 396
6562429 [1185968, 1186153]: LP
	bnd = 1206534.750000
	its = 57
	hyp = 1577 / 9738
	cut = 408
6876681 [1185968, 1186153]: LP
	bnd = 1206505.875000
	its = 49
	hyp = 1668 / 9959
	cut = 420
