hypergraph with 1114751 vertices and 261381069 hyperarcs generated in 85642
1719789 [0, 4287592]: LP
	bnd = 4287592.000000
	its = 51
	hyp = 651 / 2926
	cut = 0
1720114 [0, 4287592]: HEURISTIC 3
1720386 [0, 4287592]: LABEL
	tot = 2597
	max = 2
1720891 [0, 4283304]: LABEL
	tot = 4974
	max = 3
1721819 [0, 4279021]: LABEL
	tot = 12247
	max = 5
1723556 [0, 4274742]: LABEL
	tot = 25928
	max = 8
1726377 [0, 4270467]: LABEL
	tot = 45041
	max = 16
1730994 [0, 4266197]: LABEL
	tot = 81620
	max = 25
1738693 [0, 4261931]: LABEL
	tot = 151132
	max = 31
1750520 [0, 4257669]: LABEL
	tot = 259702
	max = 43
1769390 [0, 4253411]: LABEL
	tot = 459550
	max = 78
1797339 [0, 4249158]: LABEL
	tot = 770677
	max = 107
1838351 [0, 4244909]: LABEL
	tot = 1257466
	max = 154
1897209 [0, 4240664]: LABEL
	tot = 2000927
	max = 217
1982492 [0, 4236423]: LABEL
	tot = 3194093
	max = 314
2106235 [0, 4232187]: LABEL
	tot = 4980768
	max = 426
2286143 [0, 4227955]: LABEL
	tot = 7650042
	max = 569
2547155 [0, 4223727]: LABEL
	tot = 11645998
	max = 758
2910285 [0, 4223727]: LP
	bnd = 4287416.000000
	its = 29
	hyp = 857 / 5045
	cut = 13
2932667 [0, 4219503]: LABEL
	tot = 17485074
	max = 1147
3581894 [4190986, 4215284]: LABEL
	tot = 29882065
	max = 2037
4018918 [4190986, 4215284]: LP
	bnd = 4287185.000000
	its = 26
	hyp = 780 / 5566
	cut = 26
4571040 [4190986, 4211068]: LABEL
	tot = 44573932
	max = 3034
5468063 [4190986, 4211068]: LP
	bnd = 4286350.000000
	its = 36
	hyp = 910 / 6123
	cut = 39
6143415 [4190986, 4206857]: LABEL
	tot = 65632553
	max = 3368
6545078 [4190986, 4206857]: LP
	bnd = 4285518.500000
	its = 27
	hyp = 934 / 6797
	cut = 52
