hypergraph with 376421 vertices and 82971715 hyperarcs generated in 22881
151958 [0, 1502127]: LP
	bnd = 1502127.000000
	its = 22
	hyp = 312 / 1132
	cut = 0
152246 [0, 1502127]: HEURISTIC 3
152497 [0, 1502127]: LABEL
	tot = 4178
	max = 1
152947 [0, 1500624]: LABEL
	tot = 8358
	max = 3
153490 [0, 1499124]: LABEL
	tot = 9746
	max = 4
154800 [0, 1497625]: LABEL
	tot = 20983
	max = 6
156187 [0, 1496127]: LABEL
	tot = 24516
	max = 9
158045 [0, 1494631]: LABEL
	tot = 31894
	max = 12
160374 [0, 1493136]: LABEL
	tot = 42682
	max = 15
162954 [0, 1491643]: LABEL
	tot = 50307
	max = 21
167371 [0, 1490152]: LABEL
	tot = 84031
	max = 29
172434 [1449227, 1488661]: LABEL
	tot = 108088
	max = 44
179454 [1449227, 1487173]: LABEL
	tot = 147036
	max = 70
188736 [1482864, 1485686]: LABEL
	tot = 201785
	max = 106
200265 [1482864, 1484200]: LABEL
	tot = 264473
	max = 149
215238 [1482864, 1482864]: LABEL
	tot = 344687
	max = 192
