hypergraph with 298867 vertices and 41021756 hyperarcs generated in 13612
208869 [0, 1013426]: LP
	bnd = 1013426.375000
	its = 45
	hyp = 583 / 1791
	cut = 0
208936 [0, 1013426]: HEURISTIC 3
208990 [0, 1013426]: LABEL
	tot = 630
	max = 1
209149 [0, 1012412]: LABEL
	tot = 4737
	max = 4
209368 [0, 1011400]: LABEL
	tot = 6462
	max = 5
209634 [0, 1010389]: LABEL
	tot = 7933
	max = 5
210023 [0, 1009378]: LABEL
	tot = 11500
	max = 5
210551 [0, 1008369]: LABEL
	tot = 17421
	max = 8
211360 [0, 1007361]: LABEL
	tot = 27734
	max = 17
212425 [0, 1006353]: LABEL
	tot = 38390
	max = 24
213777 [0, 1005347]: LABEL
	tot = 53119
	max = 31
215566 [0, 1004341]: LABEL
	tot = 71014
	max = 38
217887 [0, 1003337]: LABEL
	tot = 96395
	max = 62
220920 [0, 1002334]: LABEL
	tot = 128610
	max = 86
224813 [0, 1001331]: LABEL
	tot = 170458
	max = 109
229816 [874585, 1000330]: LABEL
	tot = 225026
	max = 147
236137 [874585, 999330]: LABEL
	tot = 299201
	max = 207
244251 [874585, 998331]: LABEL
	tot = 400708
	max = 281
254451 [874585, 997332]: LABEL
	tot = 524941
	max = 372
267282 [874585, 996335]: LABEL
	tot = 682478
	max = 477
283493 [933661, 995339]: LABEL
	tot = 878461
	max = 617
303633 [960607, 994343]: LABEL
	tot = 1128171
	max = 802
329154 [971168, 993349]: LABEL
	tot = 1449696
	max = 1047
361411 [975395, 992356]: LABEL
	tot = 1869658
	max = 1341
402115 [975395, 991363]: LABEL
	tot = 2394258
	max = 1700
447336 [975395, 991363]: LP
	bnd = 1013242.250000
	its = 46
	hyp = 663 / 3386
	cut = 14
453180 [975395, 990372]: LABEL
	tot = 3052644
	max = 2221
522379 [988315, 989381]: LABEL
	tot = 4022270
	max = 2798
608397 [988315, 989381]: LP
	bnd = 1012741.500000
	its = 30
	hyp = 734 / 3839
	cut = 28
609474 [988315, 988392]: LABEL
	tot = 5109105
	max = 3513
690278 [988315, 988315]: LABEL
	tot = 4721137
	max = 1976
