hypergraph with 1403437 vertices and 547051664 hyperarcs generated in 123027
2051301 [0, 5040128]: LP
	bnd = 5040128.500000
	its = 47
	hyp = 719 / 2242
	cut = 0
2051672 [0, 5040128]: HEURISTIC 3
2051927 [0, 5040128]: LABEL
	tot = 1731
	max = 1
2052876 [0, 5035088]: LABEL
	tot = 10586
	max = 5
2054842 [0, 5030053]: LABEL
	tot = 21619
	max = 5
2058948 [0, 5025023]: LABEL
	tot = 47071
	max = 8
2067277 [0, 5019998]: LABEL
	tot = 93044
	max = 13
2082901 [0, 5014978]: LABEL
	tot = 180976
	max = 27
2110927 [0, 5009963]: LABEL
	tot = 332867
	max = 54
2156850 [0, 5004953]: LABEL
	tot = 585140
	max = 102
2231205 [0, 4999948]: LABEL
	tot = 1026160
	max = 188
2350338 [0, 4994948]: LABEL
	tot = 1741366
	max = 318
2536956 [0, 4989953]: LABEL
	tot = 2955907
	max = 565
2827325 [0, 4984963]: LABEL
	tot = 4931598
	max = 969
3286863 [0, 4979978]: LABEL
	tot = 8176752
	max = 1619
3421057 [0, 4979978]: LP
	bnd = 5040034.500000
	its = 25
	hyp = 696 / 4005
	cut = 14
4007658 [0, 4974998]: LABEL
	tot = 13449409
	max = 2699
4656358 [0, 4974998]: LP
	bnd = 5039113.000000
	its = 22
	hyp = 724 / 4426
	cut = 28
5058807 [0, 4970023]: LABEL
	tot = 19862392
	max = 3171
5786642 [0, 4970023]: LP
	bnd = 5038853.500000
	its = 21
	hyp = 713 / 5055
	cut = 42
6582940 [4880728, 4965053]: LABEL
	tot = 29514532
	max = 4641
