hypergraph with 361636 vertices and 74400206 hyperarcs generated in 23856
106601 [0, 1544233]: LP
	bnd = 1544233.875000
	its = 12
	hyp = 187 / 373
	cut = 0
106767 [0, 1544233]: HEURISTIC 3
106886 [0, 1544233]: LABEL
	tot = 1016
	max = 2
107034 [0, 1542689]: LABEL
	tot = 1573
	max = 2
107192 [0, 1541146]: LABEL
	tot = 1671
	max = 3
107370 [0, 1539605]: LABEL
	tot = 2505
	max = 3
107618 [0, 1538066]: LABEL
	tot = 4468
	max = 4
107873 [0, 1536528]: LABEL
	tot = 4667
	max = 6
108279 [0, 1534991]: LABEL
	tot = 7852
	max = 7
108931 [1524945, 1533456]: LABEL
	tot = 12205
	max = 7
109881 [1525337, 1531923]: LABEL
	tot = 19691
	max = 12
111082 [1525337, 1530391]: LABEL
	tot = 26278
	max = 15
112792 [1525337, 1528860]: LABEL
	tot = 38098
	max = 23
115597 [1525337, 1527331]: LABEL
	tot = 58278
	max = 33
119372 [1525337, 1525804]: LABEL
	tot = 76386
	max = 43
123576 [1525337, 1525337]: LABEL
	tot = 83277
	max = 48
