hypergraph with 1462001 vertices and 610079894 hyperarcs generated in 126521
2855701 [0, 4501231]: LP
	bnd = 4501231.500000
	its = 66
	hyp = 704 / 3059
	cut = 0
2856149 [0, 4501231]: HEURISTIC 3
2856477 [0, 4501231]: LABEL
	tot = 1779
	max = 2
2857476 [0, 4496730]: LABEL
	tot = 10958
	max = 2
2860214 [0, 4492234]: LABEL
	tot = 31920
	max = 7
2868126 [0, 4487742]: LABEL
	tot = 101002
	max = 16
2888427 [0, 4483254]: LABEL
	tot = 267646
	max = 45
2936979 [0, 4478771]: LABEL
	tot = 723979
	max = 130
3043079 [0, 4474292]: LABEL
	tot = 1833824
	max = 357
3272622 [0, 4469817]: LABEL
	tot = 4621046
	max = 945
3759095 [0, 4465347]: LABEL
	tot = 11339090
	max = 2457
4834327 [0, 4460882]: LABEL
	tot = 27247842
	max = 5815
5703893 [0, 4460882]: LP
	bnd = 4500208.500000
	its = 46
	hyp = 741 / 7371
	cut = 17
