hypergraph with 965253 vertices and 173562111 hyperarcs generated in 76509
695114 [0, 4592735]: LP
	bnd = 4592735.000000
	its = 22
	hyp = 671 / 1990
	cut = 0
696806 [0, 4592735]: HEURISTIC 3
698573 [0, 4592735]: HEURISTIC 9
700355 [0, 4592735]: HEURISTIC 27
702181 [0, 4592735]: LABEL
	tot = 62288
	max = 14
704069 [0, 4588142]: LABEL
	tot = 63546
	max = 14
705952 [0, 4583554]: LABEL
	tot = 63546
	max = 14
708569 [0, 4578971]: LABEL
	tot = 98885
	max = 29
711462 [0, 4574392]: LABEL
	tot = 107664
	max = 29
714628 [4537918, 4569817]: LABEL
	tot = 116458
	max = 35
717821 [4537918, 4565247]: LABEL
	tot = 120130
	max = 35
721148 [4537918, 4560682]: LABEL
	tot = 123925
	max = 36
724511 [4537918, 4556122]: LABEL
	tot = 126606
	max = 36
729158 [4537918, 4551566]: LABEL
	tot = 176015
	max = 47
734055 [4537918, 4547014]: LABEL
	tot = 184380
	max = 47
739220 [4537918, 4542467]: LABEL
	tot = 197724
	max = 67
744786 [4537918, 4537925]: LABEL
	tot = 207576
	max = 67
750377 [4537918, 4537918]: LABEL
	tot = 207576
	max = 67
