hypergraph with 310803 vertices and 46814704 hyperarcs generated in 15307
151408 [0, 1350325]: LP
	bnd = 1350325.000000
	its = 30
	hyp = 318 / 878
	cut = 0
151453 [0, 1350325]: HEURISTIC 3
151488 [0, 1350325]: LABEL
	tot = 463
	max = 1
151635 [0, 1348974]: LABEL
	tot = 2996
	max = 3
151807 [0, 1347625]: LABEL
	tot = 3925
	max = 4
152045 [0, 1346278]: LABEL
	tot = 6076
	max = 4
152428 [0, 1344931]: LABEL
	tot = 9869
	max = 8
152897 [0, 1343586]: LABEL
	tot = 12341
	max = 11
153669 [0, 1342243]: LABEL
	tot = 20864
	max = 15
154700 [0, 1340901]: LABEL
	tot = 30519
	max = 22
155961 [0, 1339560]: LABEL
	tot = 38490
	max = 27
157729 [0, 1338220]: LABEL
	tot = 57328
	max = 39
160017 [0, 1336882]: LABEL
	tot = 77000
	max = 56
163048 [0, 1335545]: LABEL
	tot = 106556
	max = 80
167064 [0, 1334210]: LABEL
	tot = 148390
	max = 102
172082 [0, 1332875]: LABEL
	tot = 198063
	max = 125
178435 [0, 1331542]: LABEL
	tot = 262118
	max = 160
186695 [0, 1330211]: LABEL
	tot = 358491
	max = 217
197249 [0, 1328881]: LABEL
	tot = 469217
	max = 273
211122 [1249481, 1327552]: LABEL
	tot = 625958
	max = 342
228790 [1249481, 1326224]: LABEL
	tot = 838086
	max = 459
251296 [1276264, 1324898]: LABEL
	tot = 1110766
	max = 699
254926 [1276264, 1324898]: LP
	bnd = 1349554.875000
	its = 18
	hyp = 288 / 1318
	cut = 11
	restart
271433 [1276264, 1323573]: LABEL
	tot = 758820
	max = 438
291983 [1276264, 1322250]: LABEL
	tot = 981433
	max = 545
317729 [1276264, 1320927]: LABEL
	tot = 1267558
	max = 687
348768 [1276264, 1320927]: LP
	bnd = 1349274.000000
	its = 16
	hyp = 406 / 1635
	cut = 22
350850 [1276264, 1319606]: LABEL
	tot = 1642037
	max = 875
416070 [1276264, 1318287]: LABEL
	tot = 3547255
	max = 3379
423773 [1276264, 1318287]: LP
	bnd = 1349274.000000
	its = 12
	hyp = 369 / 1815
	cut = 33
501204 [1284673, 1316969]: LABEL
	tot = 4644986
	max = 4672
509547 [1284673, 1316969]: LP
	bnd = 1349273.875000
	its = 14
	hyp = 463 / 2008
	cut = 44
607604 [1284673, 1316969]: LP
	bnd = 1349180.500000
	its = 16
	hyp = 416 / 2153
	cut = 55
612375 [1285197, 1315652]: LABEL
	tot = 6034207
	max = 6201
685251 [1285197, 1315652]: LP
	bnd = 1349131.375000
	its = 12
	hyp = 469 / 2349
	cut = 66
699062 [1285197, 1314336]: LABEL
	tot = 4566801
	max = 2683
795445 [1285197, 1314336]: LP
	bnd = 1348762.750000
	its = 19
	hyp = 436 / 2471
	cut = 77
806958 [1294491, 1313022]: LABEL
	tot = 5763589
	max = 2862
922120 [1294491, 1313022]: LP
	bnd = 1348493.500000
	its = 22
	hyp = 408 / 2667
	cut = 88
933598 [1294491, 1311709]: LABEL
	tot = 6752512
	max = 3414
1068602 [1294491, 1311709]: LP
	bnd = 1348239.625000
	its = 26
	hyp = 513 / 2946
	cut = 99
1080798 [1294491, 1310397]: LABEL
	tot = 7867939
	max = 4946
1209406 [1294491, 1310397]: LP
	bnd = 1348043.375000
	its = 25
	hyp = 661 / 3201
	cut = 110
1266446 [1294491, 1309086]: LABEL
	tot = 9761991
	max = 5230
1314597 [1294491, 1309086]: LP
	bnd = 1347888.625000
	its = 18
	hyp = 620 / 3335
	cut = 121
1475915 [1294491, 1309086]: LP
	bnd = 1347784.750000
	its = 29
	hyp = 604 / 3528
	cut = 132
1531862 [1299322, 1307777]: LABEL
	tot = 13772217
	max = 8229
1571668 [1299322, 1307777]: LP
	bnd = 1347552.750000
	its = 16
	hyp = 704 / 3666
	cut = 143
1752806 [1299322, 1307777]: LP
	bnd = 1346930.000000
	its = 33
	hyp = 649 / 3890
	cut = 154
	restart
1877707 [1299322, 1307777]: LP
	bnd = 1346802.875000
	its = 22
	hyp = 568 / 4129
	cut = 165
1973278 [1299322, 1307777]: LP
	bnd = 1346488.125000
	its = 16
	hyp = 743 / 4260
	cut = 176
2052609 [1299322, 1306470]: LABEL
	tot = 15374020
	max = 9006
2135831 [1299322, 1306470]: LP
	bnd = 1346384.375000
	its = 29
	hyp = 832 / 4506
	cut = 187
2320176 [1299322, 1306470]: LP
	bnd = 1346254.000000
	its = 33
	hyp = 898 / 4759
	cut = 199
2428761 [1304153, 1305163]: LABEL
	tot = 18951431
	max = 10857
2489280 [1304153, 1305163]: LP
	bnd = 1345827.250000
	its = 30
	hyp = 1017 / 5005
	cut = 211
2674259 [1304153, 1305163]: LP
	bnd = 1345663.375000
	its = 33
	hyp = 1038 / 5245
	cut = 223
2828803 [1304153, 1305163]: LP
	bnd = 1345250.125000
	its = 27
	hyp = 915 / 5451
	cut = 235
	restart
3024915 [1304153, 1305163]: LP
	bnd = 1345004.500000
	its = 35
	hyp = 1102 / 5721
	cut = 247
3216620 [1304153, 1305163]: LP
	bnd = 1344883.625000
	its = 34
	hyp = 1131 / 5951
	cut = 259
3281433 [1304153, 1304153]: LABEL
	tot = 22871142
	max = 12353
