hypergraph with 301181 vertices and 44738951 hyperarcs generated in 20031
98585 [0, 1453760]: LP
	bnd = 1453760.500000
	its = 17
	hyp = 217 / 709
	cut = 0
98709 [0, 1453760]: HEURISTIC 3
98805 [0, 1453760]: LABEL
	tot = 1456
	max = 2
98940 [0, 1452306]: LABEL
	tot = 2603
	max = 3
99106 [1422630, 1450854]: LABEL
	tot = 3465
	max = 4
99314 [1422630, 1449403]: LABEL
	tot = 4532
	max = 4
99570 [1422630, 1447954]: LABEL
	tot = 5684
	max = 5
99882 [1422630, 1446506]: LABEL
	tot = 6845
	max = 5
100239 [1422630, 1445059]: LABEL
	tot = 8277
	max = 9
100821 [1422630, 1443614]: LABEL
	tot = 13071
	max = 11
101562 [1422630, 1442171]: LABEL
	tot = 18186
	max = 13
102562 [1422630, 1440729]: LABEL
	tot = 27104
	max = 24
103738 [1422630, 1439288]: LABEL
	tot = 32186
	max = 31
105125 [1422630, 1437849]: LABEL
	tot = 40023
	max = 43
106956 [1432538, 1436411]: LABEL
	tot = 55026
	max = 68
109227 [1432538, 1434974]: LABEL
	tot = 72848
	max = 102
112070 [1432538, 1433539]: LABEL
	tot = 94126
	max = 148
115424 [1432538, 1432538]: LABEL
	tot = 112367
	max = 178
