hypergraph with 362861 vertices and 75391133 hyperarcs generated in 26430
182949 [0, 1494238]: LP
	bnd = 1494238.250000
	its = 26
	hyp = 362 / 957
	cut = 0
183134 [0, 1494238]: HEURISTIC 3
183273 [0, 1494238]: LABEL
	tot = 1596
	max = 1
183512 [0, 1492744]: LABEL
	tot = 4108
	max = 2
183897 [0, 1491251]: LABEL
	tot = 7667
	max = 4
184670 [0, 1489760]: LABEL
	tot = 16406
	max = 7
185942 [0, 1488270]: LABEL
	tot = 26532
	max = 11
187646 [0, 1486782]: LABEL
	tot = 37259
	max = 18
190135 [0, 1485295]: LABEL
	tot = 56488
	max = 25
193879 [0, 1483810]: LABEL
	tot = 84241
	max = 38
199514 [1478603, 1482326]: LABEL
	tot = 122543
	max = 54
207047 [1479563, 1480843]: LABEL
	tot = 167471
	max = 72
217246 [1479563, 1479563]: LABEL
	tot = 225105
	max = 101
