hypergraph with 1458156 vertices and 608534154 hyperarcs generated in 131212
2830860 [0, 4789297]: LP
	bnd = 4789297.500000
	its = 65
	hyp = 714 / 3348
	cut = 0
2831299 [0, 4789297]: HEURISTIC 3
2831620 [0, 4789297]: LABEL
	tot = 1507
	max = 1
2832284 [0, 4784508]: LABEL
	tot = 6098
	max = 2
2833804 [0, 4779723]: LABEL
	tot = 14255
	max = 3
2837287 [0, 4774944]: LABEL
	tot = 34846
	max = 6
2844806 [0, 4770169]: LABEL
	tot = 75367
	max = 11
2859465 [0, 4765399]: LABEL
	tot = 151259
	max = 20
2886553 [0, 4760633]: LABEL
	tot = 288558
	max = 32
2933511 [0, 4755873]: LABEL
	tot = 541400
	max = 63
3014692 [0, 4751117]: LABEL
	tot = 1011979
	max = 108
3150956 [0, 4746366]: LABEL
	tot = 1860561
	max = 204
3375635 [0, 4741619]: LABEL
	tot = 3342045
	max = 366
3741695 [0, 4736878]: LABEL
	tot = 5959701
	max = 625
4335092 [0, 4732141]: LABEL
	tot = 10511738
	max = 1071
5312129 [4685179, 4727409]: LABEL
	tot = 18303648
	max = 1736
6353831 [4685179, 4727409]: LP
	bnd = 4783573.500000
	its = 58
	hyp = 856 / 6877
	cut = 15
	restart
