hypergraph with 377107 vertices and 84341172 hyperarcs generated in 27341
200734 [0, 1627622]: LP
	bnd = 1627622.375000
	its = 28
	hyp = 350 / 859
	cut = 0
200863 [0, 1627622]: HEURISTIC 3
200947 [0, 1627622]: LABEL
	tot = 701
	max = 1
201165 [0, 1625994]: LABEL
	tot = 3399
	max = 2
201518 [0, 1624368]: LABEL
	tot = 5884
	max = 3
202048 [0, 1622744]: LABEL
	tot = 9195
	max = 4
202824 [0, 1621121]: LABEL
	tot = 13739
	max = 6
204007 [1599802, 1619500]: LABEL
	tot = 21405
	max = 7
205955 [1599802, 1617881]: LABEL
	tot = 35325
	max = 11
208848 [1599802, 1616263]: LABEL
	tot = 50772
	max = 16
213042 [1599802, 1614646]: LABEL
	tot = 74264
	max = 19
218784 [1599802, 1613032]: LABEL
	tot = 104035
	max = 29
227128 [1599802, 1611419]: LABEL
	tot = 149813
	max = 44
238615 [1599802, 1609807]: LABEL
	tot = 208151
	max = 66
254858 [1599802, 1608198]: LABEL
	tot = 296933
	max = 88
277519 [1599802, 1606589]: LABEL
	tot = 418209
	max = 129
307615 [1599802, 1604983]: LABEL
	tot = 575436
	max = 185
310843 [1599802, 1604983]: LP
	bnd = 1627622.375000
	its = 14
	hyp = 378 / 1654
	cut = 10
348995 [1599802, 1603378]: LABEL
	tot = 792553
	max = 282
407077 [1599802, 1601774]: LABEL
	tot = 1097391
	max = 432
425434 [1599802, 1601774]: LP
	bnd = 1625102.625000
	its = 15
	hyp = 397 / 1958
	cut = 20
	restart
495497 [1599802, 1600173]: LABEL
	tot = 1241128
	max = 594
542670 [1599802, 1600173]: LP
	bnd = 1625015.750000
	its = 15
	hyp = 440 / 2175
	cut = 30
571007 [1599802, 1599802]: LABEL
	tot = 1342342
	max = 653
