hypergraph with 319890 vertices and 51298985 hyperarcs generated in 15613
63882 [0, 1507012]: LP
	bnd = 1507012.750000
	its = 10
	hyp = 180 / 369
	cut = 0
63965 [0, 1507012]: HEURISTIC 3
64028 [0, 1507012]: LABEL
	tot = 1478
	max = 1
64143 [1447954, 1505505]: LABEL
	tot = 2925
	max = 2
64292 [1447954, 1504000]: LABEL
	tot = 4117
	max = 3
64456 [1447954, 1502496]: LABEL
	tot = 4785
	max = 3
64809 [1447954, 1500993]: LABEL
	tot = 10387
	max = 4
65215 [1447954, 1499492]: LABEL
	tot = 12445
	max = 5
65743 [1447954, 1497993]: LABEL
	tot = 16478
	max = 8
66412 [1447954, 1496495]: LABEL
	tot = 23236
	max = 11
67237 [1447954, 1494998]: LABEL
	tot = 29171
	max = 15
68408 [1447954, 1493503]: LABEL
	tot = 41018
	max = 22
69855 [1447954, 1492010]: LABEL
	tot = 52515
	max = 27
71563 [1447954, 1490518]: LABEL
	tot = 65873
	max = 35
73640 [1447954, 1489027]: LABEL
	tot = 80310
	max = 46
76260 [1447954, 1487538]: LABEL
	tot = 99626
	max = 65
79477 [1447954, 1486051]: LABEL
	tot = 126204
	max = 88
83335 [1447954, 1484565]: LABEL
	tot = 153605
	max = 114
87935 [1447954, 1483080]: LABEL
	tot = 183680
	max = 142
93478 [1447954, 1481597]: LABEL
	tot = 218804
	max = 173
100024 [1447954, 1480115]: LABEL
	tot = 259068
	max = 216
108089 [1477798, 1478635]: LABEL
	tot = 318086
	max = 285
116898 [1477798, 1477798]: LABEL
	tot = 344109
	max = 307
