hypergraph with 358151 vertices and 72234966 hyperarcs generated in 19642
83306 [0, 1590206]: LP
	bnd = 1590206.500000
	its = 10
	hyp = 230 / 348
	cut = 0
83511 [0, 1590206]: HEURISTIC 3
83683 [0, 1590206]: LABEL
	tot = 2460
	max = 1
83853 [0, 1588616]: LABEL
	tot = 2460
	max = 1
84068 [0, 1587027]: LABEL
	tot = 3390
	max = 2
84444 [1566776, 1585440]: LABEL
	tot = 7137
	max = 4
84850 [1566776, 1583855]: LABEL
	tot = 8557
	max = 8
85337 [1566776, 1582271]: LABEL
	tot = 11605
	max = 15
85905 [1575475, 1580689]: LABEL
	tot = 14964
	max = 19
86595 [1575475, 1579108]: LABEL
	tot = 18050
	max = 20
87505 [1575475, 1577529]: LABEL
	tot = 24112
	max = 28
88618 [1575475, 1575951]: LABEL
	tot = 31659
	max = 37
89814 [1575475, 1575475]: LABEL
	tot = 34392
	max = 41
