hypergraph with 1157703 vertices and 300201935 hyperarcs generated in 94303
676977 [0, 4512233]: LP
	bnd = 4512233.500000
	its = 17
	hyp = 743 / 1515
	cut = 0
677152 [0, 4512233]: HEURISTIC 3
677281 [0, 4512233]: LABEL
	tot = 187
	max = 1
677985 [0, 4507721]: LABEL
	tot = 8280
	max = 2
678832 [0, 4503214]: LABEL
	tot = 12482
	max = 3
679946 [0, 4498711]: LABEL
	tot = 14459
	max = 4
681266 [0, 4494212]: LABEL
	tot = 17134
	max = 4
682840 [0, 4489718]: LABEL
	tot = 23718
	max = 6
685055 [0, 4485229]: LABEL
	tot = 29559
	max = 6
688206 [0, 4480744]: LABEL
	tot = 43064
	max = 6
692336 [0, 4476263]: LABEL
	tot = 53283
	max = 7
696877 [0, 4471787]: LABEL
	tot = 68327
	max = 8
703351 [0, 4467315]: LABEL
	tot = 98824
	max = 9
710906 [0, 4462847]: LABEL
	tot = 132929
	max = 12
719649 [0, 4458384]: LABEL
	tot = 169954
	max = 17
729885 [0, 4453926]: LABEL
	tot = 209404
	max = 21
743373 [0, 4449472]: LABEL
	tot = 274963
	max = 25
759630 [4279066, 4445022]: LABEL
	tot = 350111
	max = 30
778839 [4373223, 4440577]: LABEL
	tot = 441263
	max = 35
800561 [4373223, 4436137]: LABEL
	tot = 533918
	max = 47
826432 [4426778, 4431701]: LABEL
	tot = 674443
	max = 56
857239 [4426778, 4427269]: LABEL
	tot = 851439
	max = 82
888602 [4426778, 4426778]: LABEL
	tot = 867648
	max = 84
