hypergraph with 350301 vertices and 69155215 hyperarcs generated in 22224
246069 [0, 1336460]: LP
	bnd = 1336460.500000
	its = 43
	hyp = 459 / 1597
	cut = 0
246144 [0, 1336460]: HEURISTIC 3
246196 [0, 1336460]: LABEL
	tot = 267
	max = 1
246375 [0, 1335124]: LABEL
	tot = 3523
	max = 4
246733 [0, 1333788]: LABEL
	tot = 7437
	max = 12
247383 [0, 1332455]: LABEL
	tot = 14922
	max = 26
248520 [0, 1331122]: LABEL
	tot = 28825
	max = 38
250451 [0, 1329791]: LABEL
	tot = 51228
	max = 51
253636 [0, 1328461]: LABEL
	tot = 86898
	max = 76
258579 [0, 1327133]: LABEL
	tot = 144535
	max = 114
266125 [0, 1325806]: LABEL
	tot = 233747
	max = 156
277549 [0, 1324480]: LABEL
	tot = 372327
	max = 219
294920 [0, 1323155]: LABEL
	tot = 586585
	max = 322
321156 [0, 1321832]: LABEL
	tot = 906965
	max = 494
360022 [1291763, 1320510]: LABEL
	tot = 1386540
	max = 865
418045 [1295343, 1319190]: LABEL
	tot = 2089278
	max = 1467
464369 [1295343, 1319190]: LP
	bnd = 1336204.500000
	its = 35
	hyp = 541 / 2988
	cut = 13
505274 [1298886, 1317871]: LABEL
	tot = 3116885
	max = 2389
575586 [1298886, 1317871]: LP
	bnd = 1336084.500000
	its = 16
	hyp = 543 / 3236
	cut = 26
624756 [1302429, 1316553]: LABEL
	tot = 4182236
	max = 2593
776397 [1302429, 1316553]: LP
	bnd = 1335702.000000
	its = 31
	hyp = 633 / 3663
	cut = 39
790566 [1305623, 1315236]: LABEL
	tot = 5726670
	max = 3364
1018353 [1305623, 1315236]: LP
	bnd = 1335320.875000
	its = 38
	hyp = 811 / 3978
	cut = 52
1054698 [1310190, 1313921]: LABEL
	tot = 8965914
	max = 5339
1209819 [1310190, 1313921]: LP
	bnd = 1334971.500000
	its = 29
	hyp = 752 / 4377
	cut = 65
1447898 [1310190, 1313921]: LP
	bnd = 1334836.250000
	its = 37
	hyp = 775 / 4696
	cut = 78
1455531 [1310190, 1312607]: LABEL
	tot = 13368370
	max = 8971
1687843 [1310190, 1312607]: LP
	bnd = 1334648.625000
	its = 38
	hyp = 949 / 5131
	cut = 91
1913392 [1310190, 1312607]: LP
	bnd = 1334241.375000
	its = 35
	hyp = 907 / 5413
	cut = 104
2020545 [1311361, 1311361]: LABEL
	tot = 18385226
	max = 11654
