hypergraph with 1284619 vertices and 411415059 hyperarcs generated in 94912
1523835 [0, 4225460]: LP
	bnd = 4225460.500000
	its = 39
	hyp = 680 / 2333
	cut = 0
1524032 [0, 4225460]: HEURISTIC 3
1524179 [0, 4225460]: LABEL
	tot = 1137
	max = 1
1524660 [0, 4221235]: LABEL
	tot = 6891
	max = 3
1525373 [0, 4217014]: LABEL
	tot = 12502
	max = 4
1527000 [0, 4212797]: LABEL
	tot = 31053
	max = 6
1529838 [0, 4208584]: LABEL
	tot = 55856
	max = 13
1534690 [0, 4204375]: LABEL
	tot = 103439
	max = 19
1542442 [0, 4200171]: LABEL
	tot = 175246
	max = 27
1554585 [0, 4195971]: LABEL
	tot = 290211
	max = 43
1572666 [0, 4191775]: LABEL
	tot = 456060
	max = 61
1599074 [0, 4187583]: LABEL
	tot = 710575
	max = 97
1638689 [3903551, 4183395]: LABEL
	tot = 1115211
	max = 156
1696359 [3955023, 4179212]: LABEL
	tot = 1747154
	max = 257
1780602 [4012838, 4175033]: LABEL
	tot = 2701015
	max = 404
1902484 [4048255, 4170858]: LABEL
	tot = 4113930
	max = 667
2082141 [4129424, 4166687]: LABEL
	tot = 6236337
	max = 1013
2344760 [4129424, 4162520]: LABEL
	tot = 9405228
	max = 1738
2696269 [4129424, 4162520]: LP
	bnd = 4225460.500000
	its = 23
	hyp = 715 / 4523
	cut = 12
2730506 [4129424, 4158358]: LABEL
	tot = 14096924
	max = 2962
3311710 [4142706, 4154199]: LABEL
	tot = 20961985
	max = 4823
3795417 [4142706, 4154199]: LP
	bnd = 4223833.000000
	its = 22
	hyp = 767 / 5598
	cut = 24
4166785 [4142706, 4150045]: LABEL
	tot = 30936169
	max = 7709
4530173 [4142706, 4150045]: LP
	bnd = 4223833.000000
	its = 14
	hyp = 802 / 5741
	cut = 36
5289311 [4142706, 4150045]: LP
	bnd = 4223833.000000
	its = 14
	hyp = 747 / 6018
	cut = 48
5409339 [4142706, 4145895]: LABEL
	tot = 44167428
	max = 11646
6170075 [4142706, 4145895]: LP
	bnd = 4223612.000000
	its = 17
	hyp = 954 / 6218
	cut = 60
6721332 [4142706, 4145895]: LP
	bnd = 4223294.000000
	its = 10
	hyp = 1044 / 6398
	cut = 72
