hypergraph with 1313962 vertices and 451117797 hyperarcs generated in 132166
497071 [0, 6822647]: LP
	bnd = 6822647.000000
	its = 6
	hyp = 149 / 397
	cut = 0
497688 [0, 6822647]: HEURISTIC 3
498137 [0, 6822647]: LABEL
	tot = 3675
	max = 3
498655 [0, 6815824]: LABEL
	tot = 4742
	max = 3
499173 [0, 6809008]: LABEL
	tot = 4742
	max = 3
499694 [0, 6802199]: LABEL
	tot = 4961
	max = 4
500487 [0, 6795397]: LABEL
	tot = 9139
	max = 4
501376 [0, 6788602]: LABEL
	tot = 10791
	max = 4
502280 [0, 6781813]: LABEL
	tot = 11655
	max = 5
503235 [0, 6775031]: LABEL
	tot = 14531
	max = 8
504459 [0, 6768256]: LABEL
	tot = 20263
	max = 11
505757 [0, 6761488]: LABEL
	tot = 24360
	max = 16
507620 [0, 6754726]: LABEL
	tot = 32625
	max = 20
509524 [0, 6747972]: LABEL
	tot = 34725
	max = 23
511702 [0, 6741224]: LABEL
	tot = 44531
	max = 27
514429 [0, 6734483]: LABEL
	tot = 59003
	max = 40
517429 [0, 6727748]: LABEL
	tot = 67754
	max = 51
522163 [0, 6721021]: LABEL
	tot = 102981
	max = 74
529056 [6718582, 6718582]: LABEL
	tot = 135767
	max = 98
