hypergraph with 1464373 vertices and 614106234 hyperarcs generated in 154271
2270129 [0, 5521568]: LP
	bnd = 5521568.000000
	its = 48
	hyp = 676 / 2651
	cut = 0
2270806 [0, 5521568]: HEURISTIC 3
2271283 [0, 5521568]: LABEL
	tot = 3300
	max = 3
2272032 [0, 5516046]: LABEL
	tot = 6147
	max = 3
2273842 [0, 5510530]: LABEL
	tot = 19186
	max = 6
2277100 [0, 5505020]: LABEL
	tot = 33253
	max = 8
2283432 [0, 5499515]: LABEL
	tot = 63540
	max = 13
2294379 [0, 5494015]: LABEL
	tot = 108893
	max = 17
2313888 [0, 5488521]: LABEL
	tot = 195003
	max = 37
2347013 [0, 5483033]: LABEL
	tot = 335974
	max = 52
2401948 [0, 5477550]: LABEL
	tot = 568535
	max = 88
2488653 [0, 5472072]: LABEL
	tot = 932152
	max = 128
2624938 [0, 5466600]: LABEL
	tot = 1524444
	max = 204
2834714 [0, 5461134]: LABEL
	tot = 2488466
	max = 323
3155079 [0, 5455673]: LABEL
	tot = 4040339
	max = 556
3643677 [0, 5450217]: LABEL
	tot = 6577455
	max = 904
4383262 [0, 5444767]: LABEL
	tot = 10607270
	max = 1640
4517696 [0, 5444767]: LP
	bnd = 5521568.500000
	its = 36
	hyp = 711 / 6028
	cut = 17
5516267 [0, 5439322]: LABEL
	tot = 17015175
	max = 2943
6327284 [0, 5439322]: LP
	bnd = 5521039.000000
	its = 29
	hyp = 766 / 6704
	cut = 34
