hypergraph with 350289 vertices and 67120484 hyperarcs generated in 15449
382958 [0, 1295163]: LP
	bnd = 1295163.250000
	its = 75
	hyp = 621 / 2213
	cut = 0
383094 [0, 1295163]: HEURISTIC 3
383207 [0, 1295163]: LABEL
	tot = 1612
	max = 1
383536 [0, 1293868]: LABEL
	tot = 6304
	max = 3
384649 [0, 1292574]: LABEL
	tot = 27034
	max = 16
387668 [0, 1291281]: LABEL
	tot = 89729
	max = 42
394769 [1254486, 1289990]: LABEL
	tot = 256466
	max = 121
410847 [1264341, 1288700]: LABEL
	tot = 685215
	max = 317
448011 [1272604, 1287411]: LABEL
	tot = 1716080
	max = 914
535450 [1286848, 1286848]: LABEL
	tot = 4086991
	max = 2310
