hypergraph with 1458701 vertices and 606582647 hyperarcs generated in 125264
3416898 [0, 4534740]: LP
	bnd = 4534740.500000
	its = 80
	hyp = 768 / 3482
	cut = 0
3417245 [0, 4534740]: HEURISTIC 3
3417478 [0, 4534740]: LABEL
	tot = 705
	max = 1
3418487 [0, 4530206]: LABEL
	tot = 7990
	max = 2
3421632 [0, 4525676]: LABEL
	tot = 26293
	max = 3
3430526 [0, 4521150]: LABEL
	tot = 77144
	max = 9
3452197 [0, 4516629]: LABEL
	tot = 204036
	max = 21
3501578 [0, 4512113]: LABEL
	tot = 527293
	max = 58
3603105 [0, 4507601]: LABEL
	tot = 1274881
	max = 133
3805274 [0, 4503093]: LABEL
	tot = 3002793
	max = 283
4199344 [0, 4498590]: LABEL
	tot = 6902992
	max = 656
4968433 [0, 4494092]: LABEL
	tot = 15498740
	max = 1742
6198857 [0, 4494092]: LP
	bnd = 4534129.000000
	its = 46
	hyp = 964 / 6310
	cut = 17
6489216 [0, 4489598]: LABEL
	tot = 34088366
	max = 4561
