hypergraph with 279761 vertices and 33015641 hyperarcs generated in 15136
80111 [0, 1635077]: LP
	bnd = 1635077.500000
	its = 16
	hyp = 389 / 1020
	cut = 0
80378 [0, 1635077]: HEURISTIC 3
80623 [0, 1635077]: HEURISTIC 9
80864 [0, 1635077]: HEURISTIC 27
81117 [0, 1635077]: LABEL
	tot = 11094
	max = 10
81418 [0, 1633442]: LABEL
	tot = 14088
	max = 15
82015 [0, 1631808]: LABEL
	tot = 26694
	max = 18
82873 [0, 1630177]: LABEL
	tot = 38330
	max = 25
84301 [0, 1628547]: LABEL
	tot = 65176
	max = 51
86468 [0, 1626918]: LABEL
	tot = 93218
	max = 57
88919 [0, 1625291]: LABEL
	tot = 112177
	max = 69
92039 [1612793, 1623666]: LABEL
	tot = 146934
	max = 87
96345 [1612793, 1622042]: LABEL
	tot = 198785
	max = 135
102130 [1617544, 1620420]: LABEL
	tot = 266580
	max = 158
108455 [1617544, 1618800]: LABEL
	tot = 305936
	max = 197
116894 [1617544, 1617544]: LABEL
	tot = 415635
	max = 261
