hypergraph with 1219719 vertices and 360168882 hyperarcs generated in 88789
1312706 [0, 5795395]: LP
	bnd = 5795395.500000
	its = 35
	hyp = 868 / 2654
	cut = 0
1313076 [0, 5795395]: HEURISTIC 3
1313380 [0, 5795395]: LABEL
	tot = 5363
	max = 2
1314038 [0, 5789600]: LABEL
	tot = 12917
	max = 3
1315311 [0, 5783810]: LABEL
	tot = 30168
	max = 9
1317360 [0, 5778026]: LABEL
	tot = 55119
	max = 18
1320632 [0, 5772248]: LABEL
	tot = 103359
	max = 44
1325348 [0, 5766476]: LABEL
	tot = 168998
	max = 84
1332132 [0, 5760710]: LABEL
	tot = 260647
	max = 141
1342226 [0, 5754949]: LABEL
	tot = 410028
	max = 233
1357495 [0, 5749194]: LABEL
	tot = 619031
	max = 371
1380054 [0, 5743445]: LABEL
	tot = 930201
	max = 571
1413129 [5655080, 5737702]: LABEL
	tot = 1345515
	max = 872
1460852 [5666271, 5731964]: LABEL
	tot = 1920800
	max = 1260
1529262 [5666271, 5726232]: LABEL
	tot = 2703884
	max = 1765
1629577 [5666271, 5720506]: LABEL
	tot = 3810707
	max = 2417
1707247 [5666271, 5720506]: LP
	bnd = 5795395.500000
	its = 8
	hyp = 895 / 3460
	cut = 9
1775082 [5698735, 5714786]: LABEL
	tot = 5351682
	max = 3378
1987379 [5698735, 5709071]: LABEL
	tot = 7448234
	max = 4593
2155246 [5698735, 5709071]: LP
	bnd = 5795132.500000
	its = 9
	hyp = 726 / 3868
	cut = 18
2295923 [5698735, 5703362]: LABEL
	tot = 10296235
	max = 6375
2545538 [5698735, 5703362]: LP
	bnd = 5795132.500000
	its = 7
	hyp = 766 / 4071
	cut = 27
2710162 [5698735, 5698735]: LABEL
	tot = 13235088
	max = 8008
