hypergraph with 368225 vertices and 80609247 hyperarcs generated in 25286
119641 [0, 1660535]: LP
	bnd = 1660535.375000
	its = 14
	hyp = 366 / 613
	cut = 0
119975 [0, 1660535]: HEURISTIC 3
120289 [0, 1660535]: LABEL
	tot = 3194
	max = 2
120638 [0, 1658874]: LABEL
	tot = 4091
	max = 3
120979 [0, 1657216]: LABEL
	tot = 4107
	max = 4
121321 [0, 1655558]: LABEL
	tot = 4346
	max = 5
121882 [0, 1653903]: LABEL
	tot = 6408
	max = 6
122500 [1641976, 1652249]: LABEL
	tot = 8085
	max = 7
123533 [1641976, 1650597]: LABEL
	tot = 11371
	max = 10
124578 [1641976, 1648946]: LABEL
	tot = 12689
	max = 14
125873 [1641976, 1647297]: LABEL
	tot = 17059
	max = 19
127246 [1641976, 1645650]: LABEL
	tot = 19480
	max = 22
129158 [1641976, 1644004]: LABEL
	tot = 27109
	max = 24
131272 [1641976, 1642360]: LABEL
	tot = 30498
	max = 27
133399 [1641976, 1641976]: LABEL
	tot = 31094
	max = 27
