hypergraph with 381751 vertices and 85949213 hyperarcs generated in 26976
299742 [0, 1500460]: LP
	bnd = 1500460.625000
	its = 45
	hyp = 550 / 1529
	cut = 0
299896 [0, 1500460]: HEURISTIC 3
300006 [0, 1500460]: LABEL
	tot = 1035
	max = 1
300291 [0, 1498960]: LABEL
	tot = 5184
	max = 4
300763 [0, 1497461]: LABEL
	tot = 9558
	max = 5
301566 [0, 1495963]: LABEL
	tot = 16198
	max = 12
302933 [0, 1494467]: LABEL
	tot = 29264
	max = 18
305390 [0, 1492973]: LABEL
	tot = 51717
	max = 29
310022 [0, 1491480]: LABEL
	tot = 95946
	max = 59
317455 [0, 1489988]: LABEL
	tot = 154115
	max = 91
329434 [0, 1488498]: LABEL
	tot = 256904
	max = 176
348836 [0, 1487010]: LABEL
	tot = 424152
	max = 330
379515 [0, 1485523]: LABEL
	tot = 673500
	max = 522
428085 [0, 1484037]: LABEL
	tot = 1072216
	max = 922
504967 [1408605, 1482553]: LABEL
	tot = 1691696
	max = 1548
526649 [1408605, 1482553]: LP
	bnd = 1500427.625000
	its = 31
	hyp = 611 / 2792
	cut = 13
625619 [1441870, 1481071]: LABEL
	tot = 2649255
	max = 2592
761677 [1441870, 1481071]: LP
	bnd = 1500198.000000
	its = 32
	hyp = 619 / 3382
	cut = 26
821942 [1441870, 1479590]: LABEL
	tot = 4087515
	max = 4041
992175 [1441870, 1479590]: LP
	bnd = 1500000.250000
	its = 29
	hyp = 741 / 3782
	cut = 39
1123520 [1458234, 1478110]: LABEL
	tot = 5931354
	max = 5601
1277923 [1458234, 1478110]: LP
	bnd = 1499759.125000
	its = 37
	hyp = 870 / 4126
	cut = 52
1516766 [1458234, 1478110]: LP
	bnd = 1499574.375000
	its = 31
	hyp = 907 / 4742
	cut = 65
1650568 [1461315, 1476632]: LABEL
	tot = 9155602
	max = 9999
1764293 [1461315, 1476632]: LP
	bnd = 1499137.250000
	its = 32
	hyp = 936 / 5099
	cut = 78
2056125 [1461315, 1476632]: LP
	bnd = 1498989.750000
	its = 39
	hyp = 992 / 5499
	cut = 91
2383228 [1461315, 1476632]: LP
	bnd = 1498811.375000
	its = 44
	hyp = 1090 / 5862
	cut = 104
	restart
2691437 [1461315, 1476632]: LP
	bnd = 1498647.750000
	its = 40
	hyp = 1053 / 6210
	cut = 117
3027281 [1461315, 1476632]: LP
	bnd = 1498411.750000
	its = 43
	hyp = 1118 / 6572
	cut = 130
3049153 [1461315, 1475155]: LABEL
	tot = 11079346
	max = 5287
3352712 [1461315, 1475155]: LP
	bnd = 1497832.000000
	its = 41
	hyp = 1203 / 6911
	cut = 143
3674956 [1461315, 1475155]: LP
	bnd = 1497461.375000
	its = 41
	hyp = 1246 / 7231
	cut = 156
	restart
4048168 [1461315, 1475155]: LP
	bnd = 1497171.500000
	its = 47
	hyp = 1289 / 7789
	cut = 169
4444572 [1461315, 1475155]: LP
	bnd = 1496815.250000
	its = 50
	hyp = 1545 / 8135
	cut = 182
4580295 [1461315, 1473680]: LABEL
	tot = 15399105
	max = 5643
4923985 [1461315, 1473680]: LP
	bnd = 1496562.125000
	its = 61
	hyp = 1369 / 8698
	cut = 195
5361801 [1461315, 1473680]: LP
	bnd = 1496171.500000
	its = 55
	hyp = 1360 / 9111
	cut = 208
5798846 [1461315, 1473680]: LP
	bnd = 1496046.000000
	its = 55
	hyp = 1471 / 9478
	cut = 221
	restart
6226502 [1461315, 1473680]: LP
	bnd = 1495826.625000
	its = 53
	hyp = 1364 / 9809
	cut = 234
6685747 [1461315, 1473680]: LP
	bnd = 1495641.625000
	its = 57
	hyp = 1431 / 10208
	cut = 247
6848221 [1466790, 1472206]: LABEL
	tot = 18333503
	max = 6178
7107295 [1466790, 1472206]: LP
	bnd = 1495498.875000
	its = 53
	hyp = 1728 / 10557
	cut = 260
