hypergraph with 1163148 vertices and 307695326 hyperarcs generated in 96417
855222 [0, 5631143]: LP
	bnd = 5631143.500000
	its = 21
	hyp = 505 / 1338
	cut = 0
855818 [0, 5631143]: HEURISTIC 3
856313 [0, 5631143]: LABEL
	tot = 5137
	max = 1
857441 [0, 5625512]: LABEL
	tot = 8661
	max = 2
858815 [0, 5619887]: LABEL
	tot = 12724
	max = 3
861050 [0, 5614267]: LABEL
	tot = 23895
	max = 3
863707 [5539135, 5608652]: LABEL
	tot = 28580
	max = 5
867052 [5551640, 5603044]: LABEL
	tot = 40419
	max = 10
871005 [5551640, 5597441]: LABEL
	tot = 50570
	max = 12
875791 [5551640, 5591843]: LABEL
	tot = 62812
	max = 13
881712 [5551640, 5586251]: LABEL
	tot = 79666
	max = 18
889216 [5551640, 5580665]: LABEL
	tot = 118084
	max = 25
900321 [5551640, 5575084]: LABEL
	tot = 172890
	max = 33
913927 [5551640, 5569509]: LABEL
	tot = 216204
	max = 41
932855 [5551640, 5563940]: LABEL
	tot = 306334
	max = 58
955315 [5551640, 5558376]: LABEL
	tot = 364044
	max = 70
982607 [5551640, 5552817]: LABEL
	tot = 457173
	max = 96
1011669 [5551640, 5551640]: LABEL
	tot = 483276
	max = 106
