hypergraph with 345219 vertices and 64215858 hyperarcs generated in 15963
194644 [0, 1020124]: LP
	bnd = 1020124.687500
	its = 36
	hyp = 671 / 1572
	cut = 0
194847 [0, 1020124]: HEURISTIC 3
195025 [0, 1020124]: LABEL
	tot = 4665
	max = 2
195867 [0, 1019104]: LABEL
	tot = 21097
	max = 6
196999 [0, 1018085]: LABEL
	tot = 32027
	max = 10
198765 [0, 1017067]: LABEL
	tot = 61426
	max = 20
201543 [0, 1016050]: LABEL
	tot = 112100
	max = 36
206124 [0, 1015034]: LABEL
	tot = 188112
	max = 46
213311 [0, 1014019]: LABEL
	tot = 299650
	max = 76
224229 [0, 1013005]: LABEL
	tot = 452520
	max = 103
240526 [0, 1011992]: LABEL
	tot = 664163
	max = 138
265186 [0, 1010980]: LABEL
	tot = 973690
	max = 211
301093 [1003345, 1009969]: LABEL
	tot = 1396103
	max = 383
316169 [1003345, 1009969]: LP
	bnd = 1020058.125000
	its = 18
	hyp = 492 / 2383
	cut = 13
354827 [1006949, 1008959]: LABEL
	tot = 2018059
	max = 716
408261 [1006949, 1008959]: LP
	bnd = 1020033.875000
	its = 13
	hyp = 640 / 2651
	cut = 26
431447 [1008351, 1008351]: LABEL
	tot = 2723061
	max = 1048
