hypergraph with 327525 vertices and 56052714 hyperarcs generated in 15068
250573 [0, 985847]: LP
	bnd = 985847.375000
	its = 50
	hyp = 513 / 1991
	cut = 0
250630 [0, 985847]: HEURISTIC 3
250676 [0, 985847]: LABEL
	tot = 259
	max = 1
250803 [0, 984861]: LABEL
	tot = 2250
	max = 2
251137 [0, 983876]: LABEL
	tot = 6173
	max = 4
251739 [0, 982892]: LABEL
	tot = 13016
	max = 5
252745 [0, 981909]: LABEL
	tot = 24180
	max = 7
254640 [0, 980927]: LABEL
	tot = 49289
	max = 16
257999 [0, 979947]: LABEL
	tot = 93558
	max = 25
263489 [0, 978967]: LABEL
	tot = 170041
	max = 41
272432 [0, 977988]: LABEL
	tot = 309830
	max = 77
286504 [837744, 977010]: LABEL
	tot = 550755
	max = 124
309001 [913017, 976033]: LABEL
	tot = 966379
	max = 237
344203 [913017, 975057]: LABEL
	tot = 1668138
	max = 385
400168 [930224, 974082]: LABEL
	tot = 2848407
	max = 713
490136 [930224, 973107]: LABEL
	tot = 4765940
	max = 1277
527050 [930224, 973107]: LP
	bnd = 984705.750000
	its = 49
	hyp = 536 / 3610
	cut = 14
	restart
623822 [930224, 972134]: LABEL
	tot = 4890059
	max = 1028
749492 [930224, 972134]: LP
	bnd = 984212.250000
	its = 39
	hyp = 664 / 4311
	cut = 28
	restart
905683 [930224, 971162]: LABEL
	tot = 7795019
	max = 2691
972783 [930224, 971162]: LP
	bnd = 983851.500000
	its = 39
	hyp = 687 / 4871
	cut = 42
1160399 [933062, 970191]: LABEL
	tot = 12652442
	max = 4591
1202919 [933062, 970191]: LP
	bnd = 983547.000000
	its = 40
	hyp = 766 / 5420
	cut = 56
1400971 [933062, 970191]: LP
	bnd = 983437.375000
	its = 34
	hyp = 840 / 5717
	cut = 70
1496769 [933062, 969221]: LABEL
	tot = 16999008
	max = 5356
1635473 [933062, 969221]: LP
	bnd = 983208.375000
	its = 41
	hyp = 917 / 6032
	cut = 84
1827067 [933062, 969221]: LP
	bnd = 983088.937500
	its = 33
	hyp = 993 / 6338
	cut = 98
2006988 [967576, 968252]: LABEL
	tot = 25194134
	max = 7583
2154143 [967576, 968252]: LP
	bnd = 982881.562500
	its = 58
	hyp = 1106 / 6851
	cut = 112
2438341 [967576, 968252]: LP
	bnd = 982632.312500
	its = 50
	hyp = 1062 / 7213
	cut = 126
2754929 [967576, 967576]: LABEL
	tot = 34992231
	max = 8634
