hypergraph with 373011 vertices and 81178516 hyperarcs generated in 21812
207741 [0, 1362072]: LP
	bnd = 1362072.000000
	its = 33
	hyp = 467 / 1070
	cut = 0
207864 [0, 1362072]: HEURISTIC 3
207952 [0, 1362072]: LABEL
	tot = 1069
	max = 1
208220 [0, 1360709]: LABEL
	tot = 4739
	max = 3
208800 [0, 1359349]: LABEL
	tot = 10715
	max = 4
210104 [0, 1357989]: LABEL
	tot = 23270
	max = 10
212244 [0, 1356631]: LABEL
	tot = 42294
	max = 16
215607 [0, 1355275]: LABEL
	tot = 68540
	max = 25
220926 [0, 1353919]: LABEL
	tot = 106203
	max = 43
228949 [0, 1352566]: LABEL
	tot = 164774
	max = 63
240942 [0, 1351213]: LABEL
	tot = 254646
	max = 94
258833 [0, 1349862]: LABEL
	tot = 383566
	max = 151
285360 [1295871, 1348512]: LABEL
	tot = 565257
	max = 259
325346 [1295871, 1347163]: LABEL
	tot = 832029
	max = 441
384868 [1295871, 1345816]: LABEL
	tot = 1192979
	max = 711
418439 [1295871, 1345816]: LP
	bnd = 1361962.750000
	its = 30
	hyp = 459 / 2296
	cut = 15
473517 [1295871, 1344470]: LABEL
	tot = 1696270
	max = 1079
587098 [1295871, 1344470]: LP
	bnd = 1361341.125000
	its = 23
	hyp = 553 / 2713
	cut = 30
638483 [1295871, 1343126]: LABEL
	tot = 2659217
	max = 1677
788994 [1295871, 1343126]: LP
	bnd = 1361098.250000
	its = 28
	hyp = 611 / 3105
	cut = 45
807354 [1295871, 1341783]: LABEL
	tot = 2807252
	max = 1994
1004162 [1295871, 1341783]: LP
	bnd = 1360445.375000
	its = 30
	hyp = 633 / 3490
	cut = 60
1025839 [1295871, 1340441]: LABEL
	tot = 3531967
	max = 2736
1217137 [1295871, 1340441]: LP
	bnd = 1359860.625000
	its = 29
	hyp = 695 / 3844
	cut = 75
1310872 [1295871, 1339100]: LABEL
	tot = 4412160
	max = 3462
1437887 [1295871, 1339100]: LP
	bnd = 1359691.375000
	its = 31
	hyp = 822 / 4161
	cut = 90
1638819 [1295871, 1339100]: LP
	bnd = 1359497.125000
	its = 28
	hyp = 751 / 4456
	cut = 105
1694916 [1295871, 1337761]: LABEL
	tot = 5763585
	max = 4254
1878472 [1295871, 1337761]: LP
	bnd = 1359229.500000
	its = 34
	hyp = 853 / 4841
	cut = 120
2139363 [1295871, 1337761]: LP
	bnd = 1358946.625000
	its = 37
	hyp = 819 / 5347
	cut = 135
2172882 [1310716, 1336424]: LABEL
	tot = 7034547
	max = 5384
2399804 [1310716, 1336424]: LP
	bnd = 1358557.750000
	its = 37
	hyp = 1206 / 5826
	cut = 150
2682489 [1310716, 1336424]: LP
	bnd = 1358436.250000
	its = 40
	hyp = 1277 / 6274
	cut = 165
2781559 [1313527, 1335087]: LABEL
	tot = 8687816
	max = 6822
3016647 [1313527, 1335087]: LP
	bnd = 1358026.125000
	its = 48
	hyp = 1247 / 6688
	cut = 180
3284992 [1313527, 1335087]: LP
	bnd = 1357593.625000
	its = 38
	hyp = 1542 / 7035
	cut = 195
	restart
3661545 [1313527, 1335087]: LP
	bnd = 1357097.750000
	its = 54
	hyp = 1569 / 7545
	cut = 211
3951720 [1313527, 1335087]: LP
	bnd = 1356578.625000
	its = 40
	hyp = 1585 / 7912
	cut = 227
	restart
4348294 [1313527, 1335087]: LP
	bnd = 1355950.500000
	its = 57
	hyp = 1673 / 8491
	cut = 243
4643242 [1313527, 1333752]: LABEL
	tot = 9878110
	max = 7459
4752357 [1313527, 1333752]: LP
	bnd = 1355776.875000
	its = 58
	hyp = 1647 / 8947
	cut = 259
5081534 [1313527, 1333752]: LP
	bnd = 1355294.500000
	its = 45
	hyp = 1873 / 9345
	cut = 275
5515202 [1313527, 1333752]: LP
	bnd = 1354982.250000
	its = 61
	hyp = 1696 / 9827
	cut = 291
	restart
5866758 [1313527, 1333752]: LP
	bnd = 1354694.625000
	its = 48
	hyp = 1798 / 10255
	cut = 307
6260074 [1313527, 1332418]: LABEL
	tot = 10724962
	max = 7687
6274922 [1313527, 1332418]: LP
	bnd = 1354401.750000
	its = 58
	hyp = 1948 / 10690
	cut = 323
6677037 [1313527, 1332418]: LP
	bnd = 1354132.750000
	its = 56
	hyp = 2099 / 11055
	cut = 338
7167266 [1313527, 1332418]: LP
	bnd = 1353933.000000
	its = 69
	hyp = 1952 / 11514
	cut = 354
	restart
