hypergraph with 363761 vertices and 76103299 hyperarcs generated in 22920
178058 [0, 1488169]: LP
	bnd = 1488169.000000
	its = 28
	hyp = 561 / 1403
	cut = 0
178343 [0, 1488169]: HEURISTIC 3
178591 [0, 1488169]: LABEL
	tot = 3299
	max = 1
178899 [0, 1486680]: LABEL
	tot = 4722
	max = 2
179226 [0, 1485194]: LABEL
	tot = 5455
	max = 3
179656 [0, 1483709]: LABEL
	tot = 8803
	max = 5
180191 [0, 1482225]: LABEL
	tot = 11578
	max = 8
181155 [0, 1480743]: LABEL
	tot = 22101
	max = 11
182444 [0, 1479262]: LABEL
	tot = 29802
	max = 15
184492 [0, 1477783]: LABEL
	tot = 49205
	max = 21
187134 [0, 1476305]: LABEL
	tot = 68109
	max = 35
190949 [0, 1474829]: LABEL
	tot = 103391
	max = 51
196078 [1458754, 1473354]: LABEL
	tot = 144205
	max = 70
203380 [1458754, 1471880]: LABEL
	tot = 208748
	max = 111
213409 [1459110, 1470408]: LABEL
	tot = 288992
	max = 172
227287 [1459110, 1468938]: LABEL
	tot = 408692
	max = 281
245607 [1459110, 1467469]: LABEL
	tot = 552896
	max = 431
271546 [1459110, 1466002]: LABEL
	tot = 778418
	max = 672
306111 [1461996, 1464536]: LABEL
	tot = 1055262
	max = 969
347810 [1461996, 1464536]: LP
	bnd = 1487430.250000
	its = 25
	hyp = 598 / 2351
	cut = 10
354021 [1461996, 1463071]: LABEL
	tot = 1457907
	max = 1421
413200 [1461996, 1463071]: LP
	bnd = 1487430.250000
	its = 8
	hyp = 643 / 2523
	cut = 20
418896 [1461996, 1461996]: LABEL
	tot = 1824783
	max = 1497
