hypergraph with 1132433 vertices and 286198665 hyperarcs generated in 97373
869322 [0, 5794556]: LP
	bnd = 5794556.000000
	its = 22
	hyp = 414 / 1538
	cut = 0
869860 [0, 5794556]: HEURISTIC 3
870290 [0, 5794556]: LABEL
	tot = 3995
	max = 3
871315 [0, 5788761]: LABEL
	tot = 12166
	max = 5
872570 [0, 5782972]: LABEL
	tot = 15713
	max = 5
874196 [0, 5777189]: LABEL
	tot = 21220
	max = 6
876218 [0, 5771412]: LABEL
	tot = 32933
	max = 8
879524 [0, 5765641]: LABEL
	tot = 48112
	max = 9
883427 [0, 5759875]: LABEL
	tot = 57184
	max = 12
888334 [0, 5754115]: LABEL
	tot = 71432
	max = 14
894368 [0, 5748361]: LABEL
	tot = 100278
	max = 15
901203 [0, 5742613]: LABEL
	tot = 113318
	max = 17
909720 [0, 5736870]: LABEL
	tot = 144612
	max = 18
921420 [0, 5731133]: LABEL
	tot = 196728
	max = 19
935716 [0, 5725402]: LABEL
	tot = 247264
	max = 25
952884 [5559005, 5719677]: LABEL
	tot = 302134
	max = 29
975678 [5619038, 5713957]: LABEL
	tot = 396334
	max = 32
1002911 [5619038, 5708243]: LABEL
	tot = 502164
	max = 53
1035676 [5619038, 5702535]: LABEL
	tot = 605415
	max = 69
1075272 [5619038, 5696833]: LABEL
	tot = 745868
	max = 91
1124367 [5619293, 5691136]: LABEL
	tot = 928228
	max = 119
1181055 [5619293, 5685445]: LABEL
	tot = 1101742
	max = 139
1239156 [5619293, 5685445]: LP
	bnd = 5794556.000000
	its = 7
	hyp = 417 / 2415
	cut = 7
1251553 [5619293, 5679759]: LABEL
	tot = 1358947
	max = 164
1331650 [5619548, 5674079]: LABEL
	tot = 1421896
	max = 137
1427998 [5619548, 5668405]: LABEL
	tot = 1729533
	max = 178
1537296 [5619548, 5668405]: LP
	bnd = 5794556.000000
	its = 5
	hyp = 435 / 2548
	cut = 14
1542785 [5665790, 5665790]: LABEL
	tot = 2102696
	max = 219
