hypergraph with 1389331 vertices and 541591825 hyperarcs generated in 127707
900220 [0, 6369027]: LP
	bnd = 6369027.000000
	its = 15
	hyp = 455 / 788
	cut = 0
901085 [0, 6369027]: HEURISTIC 3
901777 [0, 6369027]: LABEL
	tot = 5640
	max = 2
902570 [0, 6362658]: LABEL
	tot = 7062
	max = 3
903427 [0, 6356295]: LABEL
	tot = 8766
	max = 3
904495 [0, 6349939]: LABEL
	tot = 12693
	max = 4
905733 [0, 6343589]: LABEL
	tot = 16352
	max = 8
907739 [0, 6337245]: LABEL
	tot = 27157
	max = 9
910268 [0, 6330908]: LABEL
	tot = 38146
	max = 14
913238 [0, 6324577]: LABEL
	tot = 46298
	max = 15
917875 [6166354, 6318253]: LABEL
	tot = 72717
	max = 23
923558 [6166354, 6311934]: LABEL
	tot = 98375
	max = 25
931123 [6166354, 6305622]: LABEL
	tot = 122304
	max = 28
940381 [6166354, 6299317]: LABEL
	tot = 163617
	max = 38
952642 [6166354, 6293017]: LABEL
	tot = 232124
	max = 45
968801 [6166354, 6286724]: LABEL
	tot = 318876
	max = 55
989637 [6166354, 6280438]: LABEL
	tot = 398320
	max = 66
1018903 [6182347, 6274157]: LABEL
	tot = 573940
	max = 96
1057113 [6182347, 6267883]: LABEL
	tot = 790195
	max = 177
1109838 [6182347, 6261615]: LABEL
	tot = 1043416
	max = 290
1185892 [6182347, 6255354]: LABEL
	tot = 1407334
	max = 407
1287334 [6182347, 6249098]: LABEL
	tot = 1913817
	max = 606
1423302 [6182347, 6242849]: LABEL
	tot = 2571011
	max = 902
1558875 [6182347, 6242849]: LP
	bnd = 6369027.000000
	its = 10
	hyp = 441 / 1753
	cut = 9
1597890 [6182347, 6236606]: LABEL
	tot = 3282567
	max = 1299
1858349 [6231728, 6231728]: LABEL
	tot = 4787627
	max = 1798
