hypergraph with 1419071 vertices and 560477489 hyperarcs generated in 128179
2286129 [0, 5117787]: LP
	bnd = 5117787.500000
	its = 53
	hyp = 812 / 2959
	cut = 0
2286547 [0, 5117787]: HEURISTIC 3
2286841 [0, 5117787]: LABEL
	tot = 2120
	max = 1
2287770 [0, 5112669]: LABEL
	tot = 11347
	max = 4
2289647 [0, 5107557]: LABEL
	tot = 25914
	max = 5
2293128 [0, 5102449]: LABEL
	tot = 49611
	max = 7
2299133 [0, 5097347]: LABEL
	tot = 86715
	max = 11
2309447 [0, 5092249]: LABEL
	tot = 149452
	max = 18
2327654 [0, 5087157]: LABEL
	tot = 264944
	max = 25
2358431 [0, 5082070]: LABEL
	tot = 465944
	max = 42
2410451 [0, 5076988]: LABEL
	tot = 794485
	max = 80
2493286 [0, 5071911]: LABEL
	tot = 1325493
	max = 131
2623733 [0, 5066839]: LABEL
	tot = 2206675
	max = 202
2825760 [0, 5061772]: LABEL
	tot = 3624521
	max = 347
3141086 [0, 5056710]: LABEL
	tot = 5947318
	max = 590
3629552 [0, 5051654]: LABEL
	tot = 9647455
	max = 953
4360560 [0, 5051654]: LP
	bnd = 5117061.000000
	its = 36
	hyp = 943 / 5356
	cut = 16
4395116 [0, 5046602]: LABEL
	tot = 15618881
	max = 1557
5842715 [4872641, 5041556]: LABEL
	tot = 28202865
	max = 2556
6292659 [4872641, 5041556]: LP
	bnd = 5116954.000000
	its = 36
	hyp = 1043 / 6343
	cut = 32
