hypergraph with 314123 vertices and 50413011 hyperarcs generated in 20837
112437 [0, 1453760]: LP
	bnd = 1453760.375000
	its = 19
	hyp = 189 / 833
	cut = 0
112611 [0, 1453760]: HEURISTIC 3
112755 [0, 1453760]: LABEL
	tot = 2720
	max = 2
112898 [0, 1452306]: LABEL
	tot = 2779
	max = 2
113065 [0, 1450854]: LABEL
	tot = 3454
	max = 4
113297 [1422630, 1449403]: LABEL
	tot = 5022
	max = 4
113553 [1422630, 1447954]: LABEL
	tot = 6075
	max = 5
114053 [1422630, 1446506]: LABEL
	tot = 9841
	max = 5
114576 [1422630, 1445059]: LABEL
	tot = 10907
	max = 8
115258 [1422630, 1443614]: LABEL
	tot = 15434
	max = 11
116133 [1422630, 1442171]: LABEL
	tot = 21557
	max = 15
117266 [1422630, 1440728]: LABEL
	tot = 29704
	max = 24
118643 [1422630, 1439288]: LABEL
	tot = 36702
	max = 33
120271 [1432538, 1437848]: LABEL
	tot = 45087
	max = 47
122396 [1432538, 1436411]: LABEL
	tot = 61392
	max = 72
125151 [1432538, 1434974]: LABEL
	tot = 83790
	max = 111
128559 [1432538, 1433539]: LABEL
	tot = 106762
	max = 153
132617 [1432538, 1432538]: LABEL
	tot = 125556
	max = 186
