hypergraph with 298011 vertices and 42869697 hyperarcs generated in 15738
153237 [0, 1278771]: LP
	bnd = 1278771.375000
	its = 32
	hyp = 434 / 1271
	cut = 0
153333 [0, 1278771]: HEURISTIC 3
153413 [0, 1278771]: LABEL
	tot = 1754
	max = 3
153572 [0, 1277492]: LABEL
	tot = 4487
	max = 6
153842 [0, 1276215]: LABEL
	tot = 10016
	max = 10
154295 [0, 1274938]: LABEL
	tot = 17235
	max = 15
154934 [0, 1273663]: LABEL
	tot = 24311
	max = 18
155811 [0, 1272390]: LABEL
	tot = 36953
	max = 26
157174 [0, 1271117]: LABEL
	tot = 60354
	max = 38
159299 [0, 1269846]: LABEL
	tot = 94012
	max = 59
162222 [0, 1268576]: LABEL
	tot = 137776
	max = 86
166146 [0, 1267308]: LABEL
	tot = 194762
	max = 113
171518 [0, 1266041]: LABEL
	tot = 286388
	max = 148
178993 [0, 1264775]: LABEL
	tot = 410774
	max = 229
189046 [0, 1263510]: LABEL
	tot = 557498
	max = 355
202913 [1130440, 1262246]: LABEL
	tot = 781600
	max = 573
222632 [1130440, 1260984]: LABEL
	tot = 1097463
	max = 910
242789 [1130440, 1260984]: LP
	bnd = 1278771.375000
	its = 16
	hyp = 450 / 2247
	cut = 8
248980 [1130440, 1259723]: LABEL
	tot = 1488807
	max = 1452
285028 [1137460, 1258463]: LABEL
	tot = 2020813
	max = 2148
305881 [1137460, 1258463]: LP
	bnd = 1278771.375000
	its = 11
	hyp = 450 / 2473
	cut = 16
335472 [1137460, 1257205]: LABEL
	tot = 2758386
	max = 3238
373287 [1137460, 1257205]: LP
	bnd = 1278771.375000
	its = 12
	hyp = 473 / 2611
	cut = 24
405283 [1208400, 1255948]: LABEL
	tot = 3730979
	max = 4670
447472 [1208400, 1255948]: LP
	bnd = 1278771.375000
	its = 13
	hyp = 505 / 2792
	cut = 32
499900 [1208400, 1254692]: LABEL
	tot = 4985478
	max = 6656
509997 [1208400, 1254692]: LP
	bnd = 1278771.375000
	its = 11
	hyp = 534 / 2884
	cut = 40
574620 [1208400, 1254692]: LP
	bnd = 1278134.875000
	its = 11
	hyp = 495 / 3001
	cut = 48
631435 [1208400, 1253437]: LABEL
	tot = 6726155
	max = 9423
638557 [1208400, 1253437]: LP
	bnd = 1278134.875000
	its = 11
	hyp = 514 / 3163
	cut = 56
744304 [1208400, 1253437]: LP
	bnd = 1277831.000000
	its = 20
	hyp = 437 / 3422
	cut = 64
816153 [1208400, 1253437]: LP
	bnd = 1277831.000000
	its = 13
	hyp = 449 / 3590
	cut = 72
822769 [1208400, 1252183]: LABEL
	tot = 9460846
	max = 15691
874601 [1208400, 1252183]: LP
	bnd = 1277831.000000
	its = 10
	hyp = 487 / 3734
	cut = 80
954066 [1208400, 1252183]: LP
	bnd = 1277718.500000
	its = 14
	hyp = 592 / 3868
	cut = 88
1048402 [1208400, 1252183]: LP
	bnd = 1277709.000000
	its = 17
	hyp = 568 / 4028
	cut = 96
1100245 [1226694, 1250931]: LABEL
	tot = 13242012
	max = 19300
1199347 [1226694, 1250931]: LP
	bnd = 1277707.625000
	its = 29
	hyp = 585 / 4261
	cut = 105
1313514 [1226694, 1250931]: LP
	bnd = 1277699.750000
	its = 21
	hyp = 641 / 4459
	cut = 114
1462048 [1226694, 1250931]: LP
	bnd = 1277685.375000
	its = 28
	hyp = 663 / 4894
	cut = 123
1485221 [1226694, 1249680]: LABEL
	tot = 17118545
	max = 21932
1590756 [1226694, 1249680]: LP
	bnd = 1277677.750000
	its = 24
	hyp = 677 / 5063
	cut = 132
1738358 [1226694, 1249680]: LP
	bnd = 1277669.000000
	its = 28
	hyp = 689 / 5298
	cut = 141
1871757 [1226694, 1249680]: LP
	bnd = 1277590.750000
	its = 25
	hyp = 771 / 5439
	cut = 150
1989464 [1226694, 1248431]: LABEL
	tot = 21800220
	max = 25069
2020602 [1226694, 1248431]: LP
	bnd = 1277519.750000
	its = 28
	hyp = 747 / 5659
	cut = 159
2164985 [1226694, 1248431]: LP
	bnd = 1277496.750000
	its = 27
	hyp = 717 / 5801
	cut = 168
2278861 [1226694, 1248431]: LP
	bnd = 1277366.750000
	its = 21
	hyp = 858 / 5993
	cut = 177
2441734 [1226694, 1248431]: LP
	bnd = 1277324.875000
	its = 31
	hyp = 902 / 6169
	cut = 186
2575840 [1226694, 1248431]: LP
	bnd = 1277315.750000
	its = 25
	hyp = 909 / 6337
	cut = 195
2671869 [1247423, 1247423]: LABEL
	tot = 28215364
	max = 33030
