hypergraph with 361595 vertices and 74701824 hyperarcs generated in 25719
180893 [0, 1498231]: LP
	bnd = 1498231.250000
	its = 26
	hyp = 434 / 1007
	cut = 0
181011 [0, 1498231]: HEURISTIC 3
181089 [0, 1498231]: LABEL
	tot = 535
	max = 1
181328 [0, 1496733]: LABEL
	tot = 3207
	max = 2
181750 [0, 1495236]: LABEL
	tot = 6582
	max = 6
182396 [0, 1493741]: LABEL
	tot = 10620
	max = 10
183549 [0, 1492247]: LABEL
	tot = 19316
	max = 14
185167 [0, 1490755]: LABEL
	tot = 28022
	max = 18
187608 [0, 1489264]: LABEL
	tot = 44156
	max = 29
191067 [0, 1487775]: LABEL
	tot = 63871
	max = 43
196288 [0, 1486287]: LABEL
	tot = 96282
	max = 67
203595 [1455339, 1484801]: LABEL
	tot = 133650
	max = 91
213362 [1463843, 1483316]: LABEL
	tot = 181678
	max = 122
226640 [1463843, 1481832]: LABEL
	tot = 253391
	max = 167
245430 [1464173, 1480351]: LABEL
	tot = 353361
	max = 245
248038 [1464173, 1480351]: LP
	bnd = 1498231.250000
	its = 9
	hyp = 441 / 1450
	cut = 9
271883 [1464173, 1478870]: LABEL
	tot = 492167
	max = 337
307631 [1464173, 1477391]: LABEL
	tot = 668815
	max = 480
311498 [1464173, 1477391]: LP
	bnd = 1497544.750000
	its = 8
	hyp = 459 / 2040
	cut = 18
357043 [1467303, 1475914]: LABEL
	tot = 919829
	max = 663
382413 [1467303, 1475914]: LP
	bnd = 1497515.125000
	its = 9
	hyp = 491 / 2182
	cut = 27
401165 [1467303, 1474438]: LABEL
	tot = 966891
	max = 642
459241 [1467303, 1474438]: LP
	bnd = 1497284.750000
	its = 10
	hyp = 520 / 2331
	cut = 36
461545 [1467303, 1472964]: LABEL
	tot = 1333634
	max = 862
528241 [1467303, 1472964]: LP
	bnd = 1497128.625000
	its = 9
	hyp = 475 / 2436
	cut = 45
537994 [1467303, 1471491]: LABEL
	tot = 1679665
	max = 1140
622582 [1467303, 1471491]: LP
	bnd = 1496949.375000
	its = 13
	hyp = 533 / 2642
	cut = 54
632026 [1467303, 1470019]: LABEL
	tot = 2110605
	max = 1414
679459 [1467303, 1470019]: LP
	bnd = 1496927.750000
	its = 7
	hyp = 506 / 2682
	cut = 63
755444 [1467303, 1468549]: LABEL
	tot = 2802924
	max = 2335
795068 [1467303, 1468549]: LP
	bnd = 1496699.750000
	its = 16
	hyp = 532 / 2808
	cut = 72
876546 [1467303, 1468549]: LP
	bnd = 1496658.000000
	its = 10
	hyp = 514 / 2873
	cut = 81
921605 [1467303, 1467303]: LABEL
	tot = 3713478
	max = 3127
