hypergraph with 1404847 vertices and 550907694 hyperarcs generated in 148443
1024616 [0, 6091159]: LP
	bnd = 6091159.000000
	its = 18
	hyp = 531 / 870
	cut = 0
1025369 [0, 6091159]: HEURISTIC 3
1025947 [0, 6091159]: LABEL
	tot = 3255
	max = 1
1026606 [0, 6085068]: LABEL
	tot = 4434
	max = 2
1027924 [0, 6078983]: LABEL
	tot = 9126
	max = 2
1030178 [0, 6072904]: LABEL
	tot = 18255
	max = 3
1032821 [0, 6066831]: LABEL
	tot = 24417
	max = 7
1035943 [0, 6060764]: LABEL
	tot = 30090
	max = 7
1039951 [0, 6054703]: LABEL
	tot = 39791
	max = 8
1045724 [0, 6048648]: LABEL
	tot = 62148
	max = 14
1053605 [0, 6042600]: LABEL
	tot = 87597
	max = 23
1065189 [0, 6036557]: LABEL
	tot = 127008
	max = 28
1082559 [5991830, 6030521]: LABEL
	tot = 177006
	max = 40
1108305 [5999610, 6024490]: LABEL
	tot = 256563
	max = 52
1141732 [6000821, 6018466]: LABEL
	tot = 337809
	max = 76
1188550 [6000821, 6012447]: LABEL
	tot = 458681
	max = 96
1250452 [6000821, 6006435]: LABEL
	tot = 630387
	max = 134
1329142 [6000821, 6000821]: LABEL
	tot = 825121
	max = 192
