hypergraph with 345661 vertices and 65415644 hyperarcs generated in 19276
159472 [0, 1516074]: LP
	bnd = 1516074.000000
	its = 26
	hyp = 274 / 883
	cut = 0
159593 [0, 1516074]: HEURISTIC 3
159682 [0, 1516074]: LABEL
	tot = 1075
	max = 2
159866 [0, 1514557]: LABEL
	tot = 3933
	max = 3
160080 [0, 1513043]: LABEL
	tot = 5303
	max = 5
160314 [0, 1511530]: LABEL
	tot = 5947
	max = 5
160560 [0, 1510018]: LABEL
	tot = 6442
	max = 5
160861 [1469308, 1508508]: LABEL
	tot = 8303
	max = 7
161362 [1475655, 1507000]: LABEL
	tot = 12430
	max = 8
162100 [1475655, 1505493]: LABEL
	tot = 17596
	max = 10
162942 [1475655, 1503987]: LABEL
	tot = 22744
	max = 14
163910 [1475655, 1502483]: LABEL
	tot = 26779
	max = 19
165122 [1475655, 1500981]: LABEL
	tot = 33699
	max = 23
166891 [1475655, 1499480]: LABEL
	tot = 47300
	max = 31
168957 [1475655, 1497980]: LABEL
	tot = 59149
	max = 43
172228 [1475655, 1496482]: LABEL
	tot = 90401
	max = 56
176097 [1475655, 1494986]: LABEL
	tot = 110257
	max = 73
180614 [1475655, 1493491]: LABEL
	tot = 134423
	max = 119
186125 [1475655, 1491997]: LABEL
	tot = 169351
	max = 141
192979 [1475655, 1490505]: LABEL
	tot = 217884
	max = 210
201165 [1475655, 1489015]: LABEL
	tot = 268378
	max = 256
212274 [1475655, 1487526]: LABEL
	tot = 355843
	max = 341
225749 [1475655, 1486038]: LABEL
	tot = 444051
	max = 427
242519 [1475655, 1484552]: LABEL
	tot = 562793
	max = 556
263040 [1475655, 1483068]: LABEL
	tot = 683335
	max = 656
264372 [1475655, 1483068]: LP
	bnd = 1516067.000000
	its = 15
	hyp = 260 / 1908
	cut = 9
289682 [1475655, 1481585]: LABEL
	tot = 875232
	max = 832
320693 [1475655, 1480103]: LABEL
	tot = 1010403
	max = 1007
358799 [1475655, 1480103]: LP
	bnd = 1516067.000000
	its = 14
	hyp = 260 / 2314
	cut = 18
360344 [1475655, 1478623]: LABEL
	tot = 1251821
	max = 1231
409319 [1475655, 1477144]: LABEL
	tot = 1523177
	max = 1496
453560 [1475655, 1477144]: LP
	bnd = 1516067.000000
	its = 13
	hyp = 351 / 2462
	cut = 27
468047 [1475655, 1475667]: LABEL
	tot = 1849309
	max = 1844
526859 [1475655, 1475655]: LABEL
	tot = 1820010
	max = 1316
