hypergraph with 1429627 vertices and 587299336 hyperarcs generated in 136555
807219 [0, 6152607]: LP
	bnd = 6152607.500000
	its = 12
	hyp = 353 / 717
	cut = 0
807999 [0, 6152607]: HEURISTIC 3
808594 [0, 6152607]: LABEL
	tot = 5208
	max = 1
810026 [0, 6146455]: LABEL
	tot = 13190
	max = 3
811780 [0, 6140308]: LABEL
	tot = 16048
	max = 4
814470 [0, 6134168]: LABEL
	tot = 26844
	max = 7
818281 [0, 6128034]: LABEL
	tot = 39439
	max = 13
825109 [0, 6121906]: LABEL
	tot = 63786
	max = 15
836326 [0, 6115784]: LABEL
	tot = 112865
	max = 24
854094 [0, 6109668]: LABEL
	tot = 178021
	max = 36
878527 [0, 6103558]: LABEL
	tot = 244503
	max = 51
916266 [5960186, 6097455]: LABEL
	tot = 381920
	max = 61
969914 [5960186, 6091357]: LABEL
	tot = 574323
	max = 84
1049181 [5960186, 6085266]: LABEL
	tot = 860792
	max = 128
1169984 [5983673, 6079180]: LABEL
	tot = 1288275
	max = 215
1344993 [5983673, 6073101]: LABEL
	tot = 1829851
	max = 315
1527266 [5983673, 6073101]: LP
	bnd = 6152375.000000
	its = 10
	hyp = 419 / 1463
	cut = 8
1592406 [5983673, 6067028]: LABEL
	tot = 2628435
	max = 505
2130864 [5992728, 6060961]: LABEL
	tot = 5118184
	max = 1180
2360020 [5992728, 6060961]: LP
	bnd = 6152375.000000
	its = 13
	hyp = 427 / 2164
	cut = 19
2902784 [5992728, 6060961]: LP
	bnd = 6152375.000000
	its = 7
	hyp = 429 / 2260
	cut = 30
2950980 [5992728, 6054900]: LABEL
	tot = 7382118
	max = 1779
3392110 [5992728, 6054900]: LP
	bnd = 6152375.000000
	its = 6
	hyp = 428 / 2344
	cut = 41
3964855 [5992728, 6054900]: LP
	bnd = 6152375.000000
	its = 7
	hyp = 504 / 2450
	cut = 52
4172475 [5992728, 6048845]: LABEL
	tot = 10453982
	max = 2623
4432499 [5992728, 6048845]: LP
	bnd = 6152375.000000
	its = 7
	hyp = 425 / 2530
	cut = 63
4773254 [5992728, 6048845]: LP
	bnd = 6152375.000000
	its = 3
	hyp = 540 / 2544
	cut = 74
5286052 [5992728, 6048845]: LP
	bnd = 6152375.000000
	its = 6
	hyp = 531 / 2678
	cut = 85
5752300 [5992728, 6048845]: LP
	bnd = 6152375.000000
	its = 6
	hyp = 513 / 2782
	cut = 96
6042543 [5992728, 6042796]: LABEL
	tot = 14793879
	max = 3808
6184397 [5992728, 6042796]: LP
	bnd = 6152375.000000
	its = 6
	hyp = 483 / 2907
	cut = 107
6661505 [5992728, 6042796]: LP
	bnd = 6152375.000000
	its = 5
	hyp = 691 / 2958
	cut = 118
