hypergraph with 371988 vertices and 82264549 hyperarcs generated in 25695
279321 [0, 1427185]: LP
	bnd = 1427185.375000
	its = 47
	hyp = 548 / 1679
	cut = 0
279408 [0, 1427185]: HEURISTIC 3
279468 [0, 1427185]: LABEL
	tot = 450
	max = 1
279664 [0, 1425758]: LABEL
	tot = 3888
	max = 4
280258 [0, 1424332]: LABEL
	tot = 12890
	max = 9
281734 [0, 1422908]: LABEL
	tot = 32561
	max = 16
284829 [0, 1421485]: LABEL
	tot = 72139
	max = 40
291281 [0, 1420063]: LABEL
	tot = 162979
	max = 89
304521 [0, 1418643]: LABEL
	tot = 364272
	max = 257
330539 [0, 1417225]: LABEL
	tot = 794498
	max = 704
381385 [0, 1415807]: LABEL
	tot = 1706485
	max = 1763
481985 [0, 1414392]: LABEL
	tot = 3602970
	max = 4229
482285 [0, 1414392]: LP
	bnd = 1427132.250000
	its = 30
	hyp = 644 / 3111
	cut = 14
686656 [0, 1412977]: LABEL
	tot = 7545311
	max = 9544
742488 [0, 1412977]: LP
	bnd = 1426934.000000
	its = 39
	hyp = 662 / 3738
	cut = 29
939615 [0, 1412977]: LP
	bnd = 1426763.000000
	its = 29
	hyp = 707 / 4217
	cut = 44
1137691 [0, 1412977]: LP
	bnd = 1426663.500000
	its = 29
	hyp = 823 / 4609
	cut = 59
1189060 [1380171, 1411564]: LABEL
	tot = 18364208
	max = 23185
1369058 [1380171, 1411564]: LP
	bnd = 1426606.250000
	its = 34
	hyp = 844 / 4959
	cut = 74
1578730 [1380171, 1411564]: LP
	bnd = 1426494.250000
	its = 30
	hyp = 835 / 5280
	cut = 89
1920998 [1380171, 1411564]: LP
	bnd = 1426372.000000
	its = 51
	hyp = 1025 / 5762
	cut = 104
2201362 [1395734, 1410153]: LABEL
	tot = 36163366
	max = 22045
2210109 [1395734, 1410153]: LP
	bnd = 1426326.250000
	its = 42
	hyp = 963 / 6056
	cut = 119
2507834 [1395734, 1410153]: LP
	bnd = 1426108.875000
	its = 43
	hyp = 1088 / 6489
	cut = 134
2878113 [1395734, 1410153]: LP
	bnd = 1426019.000000
	its = 54
	hyp = 1177 / 6894
	cut = 149
3174664 [1395734, 1410153]: LP
	bnd = 1425927.500000
	its = 42
	hyp = 1204 / 7238
	cut = 164
3551636 [1395734, 1410153]: LP
	bnd = 1425809.500000
	its = 54
	hyp = 1281 / 7616
	cut = 179
3943244 [1395734, 1410153]: LP
	bnd = 1425692.750000
	its = 55
	hyp = 1508 / 7995
	cut = 194
4292964 [1395734, 1410153]: LP
	bnd = 1425621.250000
	its = 48
	hyp = 1549 / 8341
	cut = 210
	restart
4774742 [1395734, 1410153]: LP
	bnd = 1425532.000000
	its = 66
	hyp = 1600 / 8751
	cut = 226
5200727 [1395734, 1410153]: LP
	bnd = 1425456.125000
	its = 58
	hyp = 1522 / 9173
	cut = 242
5592089 [1395734, 1410153]: LP
	bnd = 1425352.500000
	its = 54
	hyp = 1385 / 9541
	cut = 258
6061702 [1395734, 1410153]: LP
	bnd = 1425241.750000
	its = 65
	hyp = 1611 / 9979
	cut = 274
6541776 [1395734, 1410153]: LP
	bnd = 1425133.250000
	its = 67
	hyp = 1649 / 10400
	cut = 290
6992777 [1395734, 1410153]: LP
	bnd = 1425012.500000
	its = 62
	hyp = 1755 / 10781
	cut = 306
6995759 [1395734, 1408742]: LABEL
	tot = 89376816
	max = 37396
