hypergraph with 276402 vertices and 34504604 hyperarcs generated in 13337
128086 [0, 1220566]: LP
	bnd = 1220566.500000
	its = 29
	hyp = 206 / 958
	cut = 0
128154 [0, 1220566]: HEURISTIC 3
128207 [0, 1220566]: LABEL
	tot = 717
	max = 1
128306 [0, 1219345]: LABEL
	tot = 2264
	max = 4
128448 [0, 1218126]: LABEL
	tot = 3671
	max = 5
128647 [0, 1216908]: LABEL
	tot = 5206
	max = 7
128948 [0, 1215691]: LABEL
	tot = 9937
	max = 12
129340 [0, 1214475]: LABEL
	tot = 14852
	max = 16
129858 [0, 1213261]: LABEL
	tot = 21504
	max = 25
130583 [0, 1212048]: LABEL
	tot = 34449
	max = 35
131552 [0, 1210836]: LABEL
	tot = 49355
	max = 44
132886 [0, 1209625]: LABEL
	tot = 71904
	max = 59
134808 [0, 1208415]: LABEL
	tot = 110137
	max = 89
137231 [0, 1207207]: LABEL
	tot = 145484
	max = 119
140511 [0, 1205999]: LABEL
	tot = 206826
	max = 194
144825 [0, 1204793]: LABEL
	tot = 282998
	max = 293
150471 [1136948, 1203589]: LABEL
	tot = 375310
	max = 398
158133 [1170003, 1202385]: LABEL
	tot = 521317
	max = 595
168141 [1181310, 1201183]: LABEL
	tot = 677400
	max = 798
181382 [1181310, 1199982]: LABEL
	tot = 901350
	max = 1087
183282 [1181310, 1199982]: LP
	bnd = 1220566.500000
	its = 11
	hyp = 238 / 1363
	cut = 10
199266 [1181310, 1198782]: LABEL
	tot = 1199438
	max = 1412
222562 [1181310, 1197583]: LABEL
	tot = 1545396
	max = 1816
243669 [1181310, 1197583]: LP
	bnd = 1220566.500000
	its = 12
	hyp = 233 / 1776
	cut = 20
254474 [1181310, 1196385]: LABEL
	tot = 2045967
	max = 2306
296345 [1181310, 1196385]: LP
	bnd = 1220566.500000
	its = 10
	hyp = 271 / 1934
	cut = 30
297113 [1181310, 1195189]: LABEL
	tot = 2632595
	max = 2936
352406 [1181310, 1193994]: LABEL
	tot = 3370689
	max = 3622
358428 [1181310, 1193994]: LP
	bnd = 1220472.000000
	its = 12
	hyp = 290 / 2081
	cut = 40
404580 [1181310, 1193994]: LP
	bnd = 1220472.000000
	its = 8
	hyp = 320 / 2200
	cut = 50
426131 [1181310, 1192800]: LABEL
	tot = 4369144
	max = 4596
466892 [1181310, 1192800]: LP
	bnd = 1220442.375000
	its = 12
	hyp = 331 / 2289
	cut = 60
525444 [1181310, 1192800]: LP
	bnd = 1220327.875000
	its = 11
	hyp = 279 / 2353
	cut = 70
530997 [1181310, 1191607]: LABEL
	tot = 5916714
	max = 6213
584505 [1181310, 1191607]: LP
	bnd = 1219805.000000
	its = 11
	hyp = 305 / 2415
	cut = 80
661997 [1181310, 1191607]: LP
	bnd = 1219568.250000
	its = 15
	hyp = 374 / 2562
	cut = 90
	restart
733978 [1181310, 1191607]: LP
	bnd = 1219534.750000
	its = 14
	hyp = 380 / 2652
	cut = 100
756994 [1187169, 1190415]: LABEL
	tot = 5697591
	max = 4877
806047 [1187169, 1190415]: LP
	bnd = 1219429.750000
	its = 14
	hyp = 384 / 2761
	cut = 110
875030 [1187169, 1190415]: LP
	bnd = 1219384.750000
	its = 13
	hyp = 409 / 2870
	cut = 120
889589 [1187169, 1189225]: LABEL
	tot = 7643574
	max = 6414
939243 [1187169, 1189225]: LP
	bnd = 1219303.375000
	its = 12
	hyp = 403 / 2931
	cut = 130
1002071 [1187169, 1189225]: LP
	bnd = 1219280.250000
	its = 12
	hyp = 444 / 3001
	cut = 140
1058365 [1187169, 1188036]: LABEL
	tot = 9586468
	max = 7302
1078495 [1187169, 1188036]: LP
	bnd = 1219142.500000
	its = 15
	hyp = 412 / 3090
	cut = 150
1171979 [1187169, 1188036]: LP
	bnd = 1218906.750000
	its = 19
	hyp = 369 / 3256
	cut = 160
1262017 [1187169, 1188036]: LP
	bnd = 1217141.250000
	its = 18
	hyp = 541 / 3433
	cut = 170
	restart
1356001 [1187169, 1188036]: LP
	bnd = 1217020.500000
	its = 19
	hyp = 556 / 3624
	cut = 180
1425793 [1188027, 1188027]: LABEL
	tot = 9354211
	max = 5815
