hypergraph with 1306391 vertices and 428849209 hyperarcs generated in 99227
1214261 [0, 5822809]: LP
	bnd = 5822809.000000
	its = 30
	hyp = 788 / 2178
	cut = 0
1215235 [0, 5822809]: HEURISTIC 3
1216136 [0, 5822809]: LABEL
	tot = 12245
	max = 1
1218035 [0, 5816986]: LABEL
	tot = 25496
	max = 2
1220955 [0, 5811169]: LABEL
	tot = 37132
	max = 3
1224297 [0, 5805358]: LABEL
	tot = 42921
	max = 3
1228696 [0, 5799552]: LABEL
	tot = 64724
	max = 5
1233720 [0, 5793753]: LABEL
	tot = 73245
	max = 5
1240999 [0, 5787959]: LABEL
	tot = 111301
	max = 13
1250265 [0, 5782171]: LABEL
	tot = 157473
	max = 16
1264854 [0, 5776389]: LABEL
	tot = 242874
	max = 26
1286041 [0, 5770612]: LABEL
	tot = 361387
	max = 36
1313464 [0, 5764842]: LABEL
	tot = 506260
	max = 52
1348085 [0, 5759077]: LABEL
	tot = 678433
	max = 64
1392672 [5615820, 5753318]: LABEL
	tot = 938310
	max = 86
1449006 [5615820, 5747564]: LABEL
	tot = 1256437
	max = 111
1523625 [5615820, 5741817]: LABEL
	tot = 1733065
	max = 158
1622375 [5615820, 5736075]: LABEL
	tot = 2343733
	max = 226
1748973 [5631796, 5730339]: LABEL
	tot = 3200975
	max = 348
1915871 [5631796, 5724608]: LABEL
	tot = 4365699
	max = 521
2139461 [5631796, 5718884]: LABEL
	tot = 5901545
	max = 752
2316271 [5631796, 5718884]: LP
	bnd = 5822809.000000
	its = 20
	hyp = 887 / 3964
	cut = 10
2435253 [5631796, 5713165]: LABEL
	tot = 7957967
	max = 1098
2831567 [5631796, 5707452]: LABEL
	tot = 10743375
	max = 1586
3358267 [5631796, 5701744]: LABEL
	tot = 14360986
	max = 2242
3525137 [5631796, 5701744]: LP
	bnd = 5822774.500000
	its = 21
	hyp = 988 / 4559
	cut = 20
4057878 [5631796, 5696043]: LABEL
	tot = 19041650
	max = 3163
4376314 [5631796, 5696043]: LP
	bnd = 5822774.500000
	its = 15
	hyp = 882 / 4906
	cut = 30
4993926 [5661321, 5690347]: LABEL
	tot = 25068308
	max = 4319
5436529 [5661321, 5690347]: LP
	bnd = 5822774.500000
	its = 19
	hyp = 943 / 5286
	cut = 40
6222698 [5661321, 5684656]: LABEL
	tot = 32694576
	max = 5912
6497081 [5661321, 5684656]: LP
	bnd = 5821690.000000
	its = 20
	hyp = 903 / 5552
	cut = 50
