hypergraph with 1351795 vertices and 492245966 hyperarcs generated in 120474
1266240 [0, 6037308]: LP
	bnd = 6037308.500000
	its = 28
	hyp = 570 / 1831
	cut = 0
1266732 [0, 6037308]: HEURISTIC 3
1267103 [0, 6037308]: LABEL
	tot = 3685
	max = 1
1268562 [0, 6031271]: LABEL
	tot = 14247
	max = 2
1270928 [0, 6025239]: LABEL
	tot = 25680
	max = 3
1275283 [0, 6019214]: LABEL
	tot = 44113
	max = 5
1281877 [0, 6013195]: LABEL
	tot = 72142
	max = 8
1291707 [0, 6007182]: LABEL
	tot = 111753
	max = 11
1306301 [0, 6001175]: LABEL
	tot = 170246
	max = 13
1328466 [0, 5995174]: LABEL
	tot = 266867
	max = 17
1362515 [0, 5989179]: LABEL
	tot = 413349
	max = 28
1412393 [0, 5983190]: LABEL
	tot = 617611
	max = 42
1486894 [0, 5977207]: LABEL
	tot = 912633
	max = 64
1589296 [0, 5971230]: LABEL
	tot = 1304578
	max = 94
1726844 [0, 5965259]: LABEL
	tot = 1843149
	max = 130
1856845 [0, 5965259]: LP
	bnd = 6037308.500000
	its = 10
	hyp = 545 / 2862
	cut = 9
1915176 [0, 5959294]: LABEL
	tot = 2596427
	max = 192
2177364 [0, 5953334]: LABEL
	tot = 3613792
	max = 280
2534723 [5897569, 5947381]: LABEL
	tot = 5026034
	max = 403
2550866 [5897569, 5947381]: LP
	bnd = 6037308.500000
	its = 13
	hyp = 537 / 3237
	cut = 18
3022988 [5897569, 5941433]: LABEL
	tot = 7000937
	max = 578
3266393 [5897569, 5941433]: LP
	bnd = 6037308.500000
	its = 12
	hyp = 546 / 3647
	cut = 27
3685514 [5903966, 5935492]: LABEL
	tot = 9651369
	max = 819
3909032 [5903966, 5935492]: LP
	bnd = 6037308.500000
	its = 11
	hyp = 638 / 3960
	cut = 36
4538864 [5903966, 5935492]: LP
	bnd = 6037308.500000
	its = 11
	hyp = 592 / 4139
	cut = 45
4606810 [5903966, 5929556]: LABEL
	tot = 13173153
	max = 1131
4998828 [5903966, 5929556]: LP
	bnd = 6037308.500000
	its = 7
	hyp = 602 / 4229
	cut = 54
5564512 [5903966, 5929556]: LP
	bnd = 6037141.500000
	its = 10
	hyp = 657 / 4448
	cut = 63
5868961 [5903966, 5923627]: LABEL
	tot = 17987374
	max = 1569
6340907 [5903966, 5923627]: LP
	bnd = 6037098.000000
	its = 14
	hyp = 636 / 4624
	cut = 72
6981889 [5903966, 5923627]: LP
	bnd = 6037004.500000
	its = 11
	hyp = 647 / 4790
	cut = 81
