hypergraph with 344787 vertices and 63907168 hyperarcs generated in 15267
273195 [0, 1190330]: LP
	bnd = 1190330.250000
	its = 53
	hyp = 540 / 1849
	cut = 0
273277 [0, 1190330]: HEURISTIC 3
273343 [0, 1190330]: LABEL
	tot = 1071
	max = 1
273563 [0, 1189139]: LABEL
	tot = 5782
	max = 5
274223 [0, 1187950]: LABEL
	tot = 20910
	max = 11
276339 [0, 1186762]: LABEL
	tot = 72388
	max = 25
281834 [0, 1185576]: LABEL
	tot = 217101
	max = 82
295247 [1140396, 1184390]: LABEL
	tot = 607586
	max = 291
326794 [1149158, 1183206]: LABEL
	tot = 1587907
	max = 837
402804 [1157602, 1182022]: LABEL
	tot = 3959231
	max = 2119
517342 [1157602, 1182022]: LP
	bnd = 1190051.750000
	its = 40
	hyp = 561 / 3416
	cut = 16
589832 [1166089, 1180840]: LABEL
	tot = 9604596
	max = 4962
786672 [1166089, 1180840]: LP
	bnd = 1189897.750000
	its = 44
	hyp = 678 / 4115
	cut = 32
973247 [1166089, 1180840]: LP
	bnd = 1189644.375000
	its = 29
	hyp = 688 / 4459
	cut = 48
1106391 [1174932, 1179659]: LABEL
	tot = 24671843
	max = 17857
1167313 [1174932, 1179659]: LP
	bnd = 1189578.750000
	its = 30
	hyp = 668 / 4799
	cut = 64
1414578 [1174932, 1179659]: LP
	bnd = 1189313.125000
	its = 40
	hyp = 768 / 5142
	cut = 80
1661770 [1174932, 1179659]: LP
	bnd = 1189211.000000
	its = 40
	hyp = 935 / 5500
	cut = 96
1881704 [1174932, 1179659]: LP
	bnd = 1189075.375000
	its = 35
	hyp = 1024 / 5803
	cut = 112
2151940 [1179256, 1179256]: LABEL
	tot = 44255273
	max = 37234
