hypergraph with 1167656 vertices and 306553326 hyperarcs generated in 87333
2036179 [0, 4255683]: LP
	bnd = 4255683.000000
	its = 59
	hyp = 902 / 3794
	cut = 0
2036468 [0, 4255683]: HEURISTIC 3
2036726 [0, 4255683]: LABEL
	tot = 1908
	max = 1
2037440 [0, 4251427]: LABEL
	tot = 7361
	max = 2
2039123 [0, 4247176]: LABEL
	tot = 22202
	max = 5
2042585 [0, 4242929]: LABEL
	tot = 51280
	max = 9
2049654 [0, 4238686]: LABEL
	tot = 112552
	max = 13
2062535 [0, 4234447]: LABEL
	tot = 233978
	max = 22
2084881 [0, 4230213]: LABEL
	tot = 473409
	max = 40
2122685 [0, 4225983]: LABEL
	tot = 936273
	max = 69
2184650 [0, 4221757]: LABEL
	tot = 1769847
	max = 114
2284523 [0, 4217535]: LABEL
	tot = 3251152
	max = 174
2444916 [0, 4213317]: LABEL
	tot = 5841668
	max = 330
2709034 [0, 4209104]: LABEL
	tot = 10328918
	max = 610
3142608 [4110985, 4204895]: LABEL
	tot = 17845939
	max = 1104
3543291 [4110985, 4204895]: LP
	bnd = 4255235.000000
	its = 36
	hyp = 994 / 7056
	cut = 15
3871640 [4143689, 4200690]: LABEL
	tot = 30291357
	max = 1895
4968002 [4143689, 4200690]: LP
	bnd = 4254838.500000
	its = 34
	hyp = 1142 / 7699
	cut = 30
5118298 [4143689, 4196489]: LABEL
	tot = 50496840
	max = 2890
6597250 [4143689, 4196489]: LP
	bnd = 4254500.000000
	its = 39
	hyp = 898 / 8348
	cut = 45
