hypergraph with 336150 vertices and 59669053 hyperarcs generated in 21867
162324 [0, 1330296]: LP
	bnd = 1330296.000000
	its = 27
	hyp = 469 / 1176
	cut = 0
162395 [0, 1330296]: HEURISTIC 3
162444 [0, 1330296]: LABEL
	tot = 112
	max = 1
162614 [0, 1328965]: LABEL
	tot = 3285
	max = 6
162826 [0, 1327636]: LABEL
	tot = 5040
	max = 11
163144 [0, 1326309]: LABEL
	tot = 8686
	max = 15
163546 [0, 1324982]: LABEL
	tot = 11895
	max = 19
164202 [0, 1323657]: LABEL
	tot = 18981
	max = 29
164998 [0, 1322334]: LABEL
	tot = 25022
	max = 34
166000 [0, 1321011]: LABEL
	tot = 32209
	max = 42
167395 [0, 1319690]: LABEL
	tot = 45831
	max = 60
169235 [0, 1318371]: LABEL
	tot = 60850
	max = 66
171722 [0, 1317052]: LABEL
	tot = 83049
	max = 78
174939 [0, 1315735]: LABEL
	tot = 112351
	max = 103
179278 [0, 1314420]: LABEL
	tot = 153677
	max = 122
185243 [1287618, 1313105]: LABEL
	tot = 215712
	max = 156
193342 [1292668, 1311792]: LABEL
	tot = 293381
	max = 213
204154 [1306088, 1310480]: LABEL
	tot = 398850
	max = 315
218347 [1306088, 1309170]: LABEL
	tot = 541117
	max = 495
237367 [1306088, 1307861]: LABEL
	tot = 734876
	max = 687
262898 [1306088, 1306553]: LABEL
	tot = 997238
	max = 978
280241 [1306088, 1306553]: LP
	bnd = 1330276.500000
	its = 18
	hyp = 442 / 2084
	cut = 11
291104 [1306088, 1306088]: LABEL
	tot = 1113467
	max = 1097
