hypergraph with 385801 vertices and 90241490 hyperarcs generated in 28798
243751 [0, 1516696]: LP
	bnd = 1516696.500000
	its = 35
	hyp = 399 / 1279
	cut = 0
243869 [0, 1516696]: HEURISTIC 3
243944 [0, 1516696]: LABEL
	tot = 271
	max = 1
244122 [0, 1515179]: LABEL
	tot = 2242
	max = 2
244573 [0, 1513664]: LABEL
	tot = 7421
	max = 5
245273 [0, 1512151]: LABEL
	tot = 11488
	max = 6
246524 [0, 1510638]: LABEL
	tot = 20272
	max = 8
248539 [0, 1509128]: LABEL
	tot = 34650
	max = 19
251788 [0, 1507619]: LABEL
	tot = 56715
	max = 21
256998 [0, 1506111]: LABEL
	tot = 95213
	max = 37
265119 [0, 1504605]: LABEL
	tot = 149493
	max = 62
278097 [1429643, 1503100]: LABEL
	tot = 240942
	max = 94
297534 [1429643, 1501597]: LABEL
	tot = 381280
	max = 157
326535 [1448889, 1500096]: LABEL
	tot = 606304
	max = 239
370065 [1448889, 1498595]: LABEL
	tot = 954422
	max = 451
433939 [1470469, 1497097]: LABEL
	tot = 1497408
	max = 876
435674 [1470469, 1497097]: LP
	bnd = 1515935.000000
	its = 24
	hyp = 379 / 2651
	cut = 12
	restart
539624 [1470469, 1495600]: LABEL
	tot = 2276474
	max = 1333
592765 [1470469, 1495600]: LP
	bnd = 1515935.000000
	its = 20
	hyp = 406 / 3025
	cut = 24
692376 [1470469, 1494104]: LABEL
	tot = 3573438
	max = 2368
753418 [1470469, 1494104]: LP
	bnd = 1515935.000000
	its = 20
	hyp = 439 / 3439
	cut = 36
909552 [1470469, 1494104]: LP
	bnd = 1515921.750000
	its = 19
	hyp = 489 / 3699
	cut = 48
916388 [1470469, 1492610]: LABEL
	tot = 5568240
	max = 4099
1093986 [1470469, 1492610]: LP
	bnd = 1515757.250000
	its = 24
	hyp = 599 / 4062
	cut = 60
1236820 [1470469, 1492610]: LP
	bnd = 1515670.625000
	its = 18
	hyp = 608 / 4278
	cut = 72
1257587 [1470469, 1491117]: LABEL
	tot = 8564967
	max = 6360
1440729 [1470469, 1491117]: LP
	bnd = 1515442.250000
	its = 27
	hyp = 722 / 4608
	cut = 84
1611544 [1470469, 1491117]: LP
	bnd = 1515217.125000
	its = 22
	hyp = 771 / 4914
	cut = 96
1786480 [1471197, 1489626]: LABEL
	tot = 13375834
	max = 14545
1875760 [1471197, 1489626]: LP
	bnd = 1515196.625000
	its = 34
	hyp = 908 / 5288
	cut = 108
2102147 [1471197, 1489626]: LP
	bnd = 1515023.625000
	its = 30
	hyp = 873 / 5562
	cut = 120
2355740 [1471197, 1489626]: LP
	bnd = 1515004.250000
	its = 34
	hyp = 923 / 5871
	cut = 132
2521016 [1471197, 1488137]: LABEL
	tot = 18511649
	max = 18625
2628315 [1471197, 1488137]: LP
	bnd = 1514979.375000
	its = 35
	hyp = 970 / 6166
	cut = 144
3004233 [1471197, 1488137]: LP
	bnd = 1514927.750000
	its = 51
	hyp = 1001 / 6571
	cut = 156
3249091 [1471197, 1488137]: LP
	bnd = 1514849.750000
	its = 31
	hyp = 956 / 6858
	cut = 168
3545823 [1471197, 1488137]: LP
	bnd = 1514774.625000
	its = 38
	hyp = 1137 / 7150
	cut = 181
3629198 [1476275, 1486648]: LABEL
	tot = 27045080
	max = 21432
3897913 [1476275, 1486648]: LP
	bnd = 1514719.625000
	its = 45
	hyp = 1178 / 7454
	cut = 194
4235347 [1476275, 1486648]: LP
	bnd = 1514652.250000
	its = 43
	hyp = 1184 / 7847
	cut = 207
4599478 [1476275, 1486648]: LP
	bnd = 1514072.500000
	its = 48
	hyp = 1166 / 8435
	cut = 220
4931552 [1476275, 1486648]: LP
	bnd = 1513968.125000
	its = 43
	hyp = 1096 / 8823
	cut = 233
	restart
5198329 [1476275, 1486648]: LP
	bnd = 1513697.875000
	its = 34
	hyp = 1086 / 9067
	cut = 246
5540499 [1476275, 1486648]: LP
	bnd = 1513581.000000
	its = 45
	hyp = 1113 / 9397
	cut = 259
5927367 [1476275, 1486648]: LP
	bnd = 1513390.375000
	its = 50
	hyp = 1345 / 9752
	cut = 272
6338437 [1476275, 1486648]: LP
	bnd = 1513162.250000
	its = 52
	hyp = 1551 / 10162
	cut = 285
	restart
6801734 [1476275, 1486648]: LP
	bnd = 1512907.125000
	its = 59
	hyp = 1632 / 10610
	cut = 298
