hypergraph with 1417197 vertices and 563653922 hyperarcs generated in 140020
2354184 [0, 5745381]: LP
	bnd = 5745381.500000
	its = 52
	hyp = 615 / 2121
	cut = 0
2354646 [0, 5745381]: HEURISTIC 3
2354937 [0, 5745381]: LABEL
	tot = 1396
	max = 1
2355779 [0, 5739636]: LABEL
	tot = 7064
	max = 2
2357471 [0, 5733896]: LABEL
	tot = 15779
	max = 3
2361564 [0, 5728162]: LABEL
	tot = 39736
	max = 6
2370632 [0, 5722434]: LABEL
	tot = 83113
	max = 12
2387992 [0, 5716712]: LABEL
	tot = 164464
	max = 18
2421875 [0, 5710995]: LABEL
	tot = 327110
	max = 38
2485342 [0, 5705284]: LABEL
	tot = 635063
	max = 73
2594833 [5509702, 5699579]: LABEL
	tot = 1179681
	max = 130
2785279 [5509702, 5693879]: LABEL
	tot = 2183101
	max = 215
3110580 [5524126, 5688185]: LABEL
	tot = 3959076
	max = 366
3663552 [5544579, 5682497]: LABEL
	tot = 7080697
	max = 578
4418908 [5544579, 5682497]: LP
	bnd = 5745109.000000
	its = 36
	hyp = 708 / 4261
	cut = 16
4626486 [5544579, 5676815]: LABEL
	tot = 12528391
	max = 975
6208059 [5544579, 5676815]: LP
	bnd = 5742914.500000
	its = 32
	hyp = 807 / 5310
	cut = 32
6341171 [5580129, 5671138]: LABEL
	tot = 22408939
	max = 1728
