hypergraph with 387638 vertices and 91156552 hyperarcs generated in 25295
308201 [0, 1433246]: LP
	bnd = 1433246.250000
	its = 47
	hyp = 530 / 1793
	cut = 0
308384 [0, 1433246]: HEURISTIC 3
308515 [0, 1433246]: LABEL
	tot = 1416
	max = 1
308752 [0, 1431813]: LABEL
	tot = 3395
	max = 3
309341 [0, 1430381]: LABEL
	tot = 9233
	max = 6
310553 [0, 1428950]: LABEL
	tot = 19803
	max = 11
312988 [0, 1427521]: LABEL
	tot = 37990
	max = 26
317595 [0, 1426094]: LABEL
	tot = 74600
	max = 51
325364 [0, 1424668]: LABEL
	tot = 132373
	max = 93
338961 [0, 1423243]: LABEL
	tot = 237262
	max = 167
360812 [0, 1421820]: LABEL
	tot = 406838
	max = 311
397020 [1367122, 1420398]: LABEL
	tot = 695155
	max = 638
455877 [1389738, 1418978]: LABEL
	tot = 1163612
	max = 1154
549425 [1389738, 1418978]: LP
	bnd = 1433184.625000
	its = 33
	hyp = 527 / 3548
	cut = 13
550133 [1389738, 1417559]: LABEL
	tot = 1926249
	max = 2137
685193 [1389738, 1417559]: LP
	bnd = 1433184.625000
	its = 17
	hyp = 538 / 3752
	cut = 26
692480 [1389738, 1416141]: LABEL
	tot = 2859700
	max = 4304
842408 [1389738, 1416141]: LP
	bnd = 1433158.250000
	its = 20
	hyp = 582 / 3902
	cut = 39
924239 [1389738, 1414725]: LABEL
	tot = 4651694
	max = 7496
1099446 [1389738, 1414725]: LP
	bnd = 1432626.625000
	its = 35
	hyp = 689 / 4277
	cut = 52
1291644 [1389738, 1413310]: LABEL
	tot = 7446635
	max = 10812
1324707 [1389738, 1413310]: LP
	bnd = 1432536.000000
	its = 30
	hyp = 824 / 4576
	cut = 65
1516111 [1389738, 1413310]: LP
	bnd = 1432386.625000
	its = 25
	hyp = 798 / 4779
	cut = 78
1723884 [1389738, 1413310]: LP
	bnd = 1432249.125000
	its = 28
	hyp = 774 / 5018
	cut = 91
1880165 [1401813, 1411897]: LABEL
	tot = 11159621
	max = 17303
1930227 [1401813, 1411897]: LP
	bnd = 1431850.375000
	its = 28
	hyp = 775 / 5290
	cut = 104
2194163 [1401813, 1411897]: LP
	bnd = 1431650.000000
	its = 36
	hyp = 994 / 5590
	cut = 117
2377694 [1401813, 1411897]: LP
	bnd = 1431484.625000
	its = 24
	hyp = 899 / 5752
	cut = 130
	restart
2587437 [1401813, 1411897]: LP
	bnd = 1431406.625000
	its = 28
	hyp = 905 / 6038
	cut = 143
2832174 [1401813, 1411897]: LP
	bnd = 1431079.625000
	its = 33
	hyp = 899 / 6365
	cut = 156
3169846 [1401813, 1411897]: LP
	bnd = 1430986.250000
	its = 47
	hyp = 1034 / 6756
	cut = 169
3226985 [1405771, 1410485]: LABEL
	tot = 16088920
	max = 18753
3445024 [1405771, 1410485]: LP
	bnd = 1430851.125000
	its = 37
	hyp = 1023 / 7035
	cut = 182
3699819 [1405771, 1410485]: LP
	bnd = 1430720.625000
	its = 33
	hyp = 1022 / 7238
	cut = 195
3979730 [1405771, 1410485]: LP
	bnd = 1430577.625000
	its = 38
	hyp = 1072 / 7523
	cut = 208
4239071 [1405771, 1410485]: LP
	bnd = 1430489.250000
	its = 35
	hyp = 1111 / 7756
	cut = 221
4539225 [1405771, 1409075]: LABEL
	tot = 24008349
	max = 29458
4560947 [1405771, 1409075]: LP
	bnd = 1430368.250000
	its = 44
	hyp = 1215 / 8138
	cut = 234
4864449 [1405771, 1409075]: LP
	bnd = 1430209.000000
	its = 41
	hyp = 1302 / 8400
	cut = 247
5169670 [1405771, 1409075]: LP
	bnd = 1430054.500000
	its = 41
	hyp = 1342 / 8681
	cut = 260
5544513 [1405771, 1409075]: LP
	bnd = 1429908.375000
	its = 50
	hyp = 1390 / 9003
	cut = 273
5828696 [1405771, 1409075]: LP
	bnd = 1429749.750000
	its = 38
	hyp = 1289 / 9319
	cut = 287
	restart
6229803 [1405771, 1409075]: LP
	bnd = 1429576.250000
	its = 53
	hyp = 1414 / 9670
	cut = 301
6703993 [1405771, 1409075]: LP
	bnd = 1429391.750000
	its = 64
	hyp = 1508 / 10120
	cut = 315
7109043 [1405771, 1409075]: LP
	bnd = 1429194.000000
	its = 52
	hyp = 1641 / 10465
	cut = 329
