hypergraph with 333112 vertices and 57914984 hyperarcs generated in 19475
142998 [0, 1417855]: LP
	bnd = 1417855.125000
	its = 24
	hyp = 348 / 901
	cut = 0
143132 [0, 1417855]: HEURISTIC 3
143233 [0, 1417855]: LABEL
	tot = 1244
	max = 1
143375 [0, 1416437]: LABEL
	tot = 2583
	max = 2
143623 [0, 1415020]: LABEL
	tot = 4856
	max = 4
144029 [0, 1413605]: LABEL
	tot = 8687
	max = 7
144649 [1393523, 1412192]: LABEL
	tot = 14448
	max = 8
145444 [1393523, 1410780]: LABEL
	tot = 20465
	max = 11
146616 [1393523, 1409369]: LABEL
	tot = 29811
	max = 16
148206 [1393523, 1407959]: LABEL
	tot = 42012
	max = 25
150407 [1394394, 1406551]: LABEL
	tot = 58638
	max = 33
153349 [1394750, 1405145]: LABEL
	tot = 83203
	max = 46
157335 [1398295, 1403740]: LABEL
	tot = 111101
	max = 63
162877 [1398295, 1402336]: LABEL
	tot = 151976
	max = 89
170205 [1398295, 1400934]: LABEL
	tot = 202634
	max = 119
179655 [1398295, 1399533]: LABEL
	tot = 261185
	max = 148
191465 [1398295, 1398295]: LABEL
	tot = 324391
	max = 198
