hypergraph with 302958 vertices and 42805987 hyperarcs generated in 14218
226243 [0, 944295]: LP
	bnd = 944295.875000
	its = 48
	hyp = 382 / 1684
	cut = 0
226291 [0, 944295]: HEURISTIC 3
226328 [0, 944295]: LABEL
	tot = 205
	max = 1
226426 [0, 943351]: LABEL
	tot = 1729
	max = 3
226596 [0, 942408]: LABEL
	tot = 3830
	max = 4
226922 [0, 941465]: LABEL
	tot = 8218
	max = 5
227536 [0, 940524]: LABEL
	tot = 15689
	max = 7
228589 [0, 939583]: LABEL
	tot = 29253
	max = 10
230257 [0, 938644]: LABEL
	tot = 52300
	max = 15
232983 [0, 937705]: LABEL
	tot = 92279
	max = 24
237093 [0, 936767]: LABEL
	tot = 155451
	max = 40
243398 [0, 935831]: LABEL
	tot = 259470
	max = 68
252946 [0, 934895]: LABEL
	tot = 427840
	max = 109
267257 [734196, 933960]: LABEL
	tot = 698723
	max = 167
288467 [742683, 933026]: LABEL
	tot = 1118703
	max = 239
319960 [751403, 932093]: LABEL
	tot = 1770767
	max = 343
366757 [807078, 931161]: LABEL
	tot = 2768224
	max = 544
436987 [814963, 930230]: LABEL
	tot = 4290280
	max = 855
437544 [814963, 930230]: LP
	bnd = 944216.625000
	its = 40
	hyp = 425 / 2987
	cut = 14
542548 [836226, 929300]: LABEL
	tot = 6595433
	max = 1282
618160 [836226, 929300]: LP
	bnd = 944045.000000
	its = 34
	hyp = 473 / 3408
	cut = 28
739048 [893329, 928370]: LABEL
	tot = 12355821
	max = 1936
815138 [893329, 928370]: LP
	bnd = 943919.562500
	its = 37
	hyp = 611 / 3892
	cut = 42
936866 [893329, 927442]: LABEL
	tot = 12092067
	max = 1769
1042381 [893329, 927442]: LP
	bnd = 942677.625000
	its = 43
	hyp = 611 / 4427
	cut = 56
	restart
1209296 [893329, 926514]: LABEL
	tot = 10302972
	max = 2092
1225162 [893329, 926514]: LP
	bnd = 942490.937500
	its = 34
	hyp = 616 / 4729
	cut = 70
1461973 [893329, 925588]: LABEL
	tot = 15391814
	max = 3175
1469679 [893329, 925588]: LP
	bnd = 942285.250000
	its = 46
	hyp = 749 / 5119
	cut = 84
1685422 [893329, 925588]: LP
	bnd = 942056.625000
	its = 40
	hyp = 855 / 5490
	cut = 98
1925262 [922575, 924662]: LABEL
	tot = 27639285
	max = 5195
2001696 [922575, 924662]: LP
	bnd = 941966.375000
	its = 59
	hyp = 874 / 5903
	cut = 112
2292504 [922575, 924662]: LP
	bnd = 941795.812500
	its = 53
	hyp = 1024 / 6227
	cut = 126
2546239 [922575, 923738]: LABEL
	tot = 35674349
	max = 6350
2631340 [922575, 923738]: LP
	bnd = 941580.000000
	its = 62
	hyp = 1013 / 6664
	cut = 140
2898136 [922575, 923738]: LP
	bnd = 941383.437500
	its = 48
	hyp = 1174 / 6963
	cut = 154
3219919 [922575, 923738]: LP
	bnd = 941158.250000
	its = 58
	hyp = 1324 / 7406
	cut = 168
	restart
3643719 [922575, 923738]: LP
	bnd = 940946.312500
	its = 77
	hyp = 1455 / 7974
	cut = 182
4003488 [922575, 922814]: LABEL
	tot = 43332408
	max = 6128
4006845 [922575, 922814]: LP
	bnd = 940761.687500
	its = 65
	hyp = 1506 / 8424
	cut = 196
4468467 [922575, 922814]: LP
	bnd = 940653.750000
	its = 83
	hyp = 1745 / 8949
	cut = 210
4853426 [922575, 922575]: LABEL
	tot = 46155243
	max = 6378
