hypergraph with 368472 vertices and 79062410 hyperarcs generated in 26073
179928 [0, 1563258]: LP
	bnd = 1563258.750000
	its = 25
	hyp = 328 / 793
	cut = 0
180089 [0, 1563258]: HEURISTIC 3
180203 [0, 1563258]: LABEL
	tot = 1415
	max = 1
180379 [0, 1561695]: LABEL
	tot = 3044
	max = 3
180615 [0, 1560133]: LABEL
	tot = 4672
	max = 4
180941 [1490948, 1558573]: LABEL
	tot = 7097
	max = 6
181456 [1490948, 1557015]: LABEL
	tot = 11680
	max = 8
182297 [1490948, 1555458]: LABEL
	tot = 18099
	max = 14
183462 [1499198, 1553902]: LABEL
	tot = 26861
	max = 21
185197 [1513365, 1552348]: LABEL
	tot = 40625
	max = 30
187712 [1513365, 1550796]: LABEL
	tot = 57930
	max = 46
191452 [1528292, 1549245]: LABEL
	tot = 86973
	max = 70
196476 [1528292, 1547696]: LABEL
	tot = 121029
	max = 103
203783 [1528292, 1546148]: LABEL
	tot = 175794
	max = 155
214052 [1528292, 1544602]: LABEL
	tot = 250809
	max = 227
228614 [1528292, 1543057]: LABEL
	tot = 360953
	max = 316
249368 [1528292, 1541514]: LABEL
	tot = 515979
	max = 493
278345 [1528292, 1539973]: LABEL
	tot = 724605
	max = 732
304118 [1528292, 1539973]: LP
	bnd = 1563001.125000
	its = 16
	hyp = 380 / 1716
	cut = 8
317730 [1528292, 1538433]: LABEL
	tot = 1015237
	max = 1030
366685 [1528292, 1536894]: LABEL
	tot = 1240080
	max = 1336
434180 [1528292, 1535358]: LABEL
	tot = 1713161
	max = 1933
449880 [1528292, 1535358]: LP
	bnd = 1562912.375000
	its = 19
	hyp = 418 / 2153
	cut = 16
525916 [1528292, 1533822]: LABEL
	tot = 2363950
	max = 2696
542606 [1528292, 1533822]: LP
	bnd = 1562550.500000
	its = 12
	hyp = 557 / 2336
	cut = 24
641149 [1528292, 1533822]: LP
	bnd = 1562540.125000
	its = 12
	hyp = 586 / 2546
	cut = 32
660277 [1528292, 1532288]: LABEL
	tot = 3335925
	max = 3203
722582 [1528292, 1532288]: LP
	bnd = 1562540.125000
	its = 10
	hyp = 546 / 2629
	cut = 40
809394 [1528292, 1530756]: LABEL
	tot = 3803978
	max = 4591
837290 [1528292, 1530756]: LP
	bnd = 1562540.125000
	its = 14
	hyp = 557 / 2839
	cut = 48
986519 [1528292, 1530756]: LP
	bnd = 1562287.625000
	its = 20
	hyp = 509 / 3049
	cut = 56
1010512 [1528292, 1529225]: LABEL
	tot = 5122450
	max = 6432
1122594 [1528292, 1529225]: LP
	bnd = 1561396.250000
	its = 17
	hyp = 620 / 3219
	cut = 65
	restart
1305250 [1528292, 1529225]: LP
	bnd = 1561272.625000
	its = 24
	hyp = 585 / 3390
	cut = 74
1364209 [1528292, 1528292]: LABEL
	tot = 5969506
	max = 4987
