hypergraph with 1361315 vertices and 502144921 hyperarcs generated in 131248
1798566 [0, 4934381]: LP
	bnd = 4934381.000000
	its = 42
	hyp = 782 / 2494
	cut = 0
1799315 [0, 4934381]: HEURISTIC 3
1799936 [0, 4934381]: LABEL
	tot = 5225
	max = 1
1801275 [0, 4929446]: LABEL
	tot = 14106
	max = 4
1803664 [0, 4924517]: LABEL
	tot = 29073
	max = 6
1808176 [0, 4919592]: LABEL
	tot = 52955
	max = 8
1817528 [0, 4914673]: LABEL
	tot = 114550
	max = 16
1832345 [0, 4909758]: LABEL
	tot = 194716
	max = 20
1855226 [0, 4904848]: LABEL
	tot = 314305
	max = 43
1889317 [4634988, 4899943]: LABEL
	tot = 494894
	max = 92
1939452 [4634988, 4895043]: LABEL
	tot = 760167
	max = 152
2015146 [4842104, 4890148]: LABEL
	tot = 1182288
	max = 239
2127358 [4864880, 4885258]: LABEL
	tot = 1834744
	max = 385
2290990 [4871149, 4880373]: LABEL
	tot = 2803247
	max = 623
2529219 [4871149, 4875492]: LABEL
	tot = 4193546
	max = 976
2856899 [4871149, 4871149]: LABEL
	tot = 5930776
	max = 1442
