hypergraph with 1336936 vertices and 477331353 hyperarcs generated in 118619
1439721 [0, 6071124]: LP
	bnd = 6071124.000000
	its = 33
	hyp = 463 / 1792
	cut = 0
1440136 [0, 6071124]: HEURISTIC 3
1440404 [0, 6071124]: LABEL
	tot = 1269
	max = 1
1441190 [0, 6065053]: LABEL
	tot = 8238
	max = 2
1442303 [0, 6058988]: LABEL
	tot = 14799
	max = 3
1444644 [0, 6052929]: LABEL
	tot = 31902
	max = 4
1448513 [0, 6046876]: LABEL
	tot = 53683
	max = 6
1455616 [0, 6040829]: LABEL
	tot = 92344
	max = 12
1466415 [0, 6034788]: LABEL
	tot = 148204
	max = 18
1481622 [0, 6028753]: LABEL
	tot = 225027
	max = 25
1506413 [0, 6022724]: LABEL
	tot = 369945
	max = 41
1543751 [0, 6016701]: LABEL
	tot = 581294
	max = 68
1597091 [0, 6010685]: LABEL
	tot = 882610
	max = 105
1676545 [0, 6004674]: LABEL
	tot = 1346329
	max = 165
1794645 [0, 5998670]: LABEL
	tot = 2062943
	max = 263
1963561 [5870817, 5992671]: LABEL
	tot = 3099409
	max = 419
2000205 [5870817, 5992671]: LP
	bnd = 6071124.000000
	its = 10
	hyp = 470 / 3421
	cut = 9
2212188 [5909695, 5986679]: LABEL
	tot = 4637984
	max = 603
2565411 [5909695, 5986679]: LP
	bnd = 6071124.000000
	its = 10
	hyp = 489 / 3816
	cut = 18
2570392 [5911162, 5980692]: LABEL
	tot = 6748037
	max = 921
3086581 [5928008, 5974712]: LABEL
	tot = 9810301
	max = 1355
3104809 [5928008, 5974712]: LP
	bnd = 6071124.000000
	its = 9
	hyp = 514 / 4361
	cut = 27
3690892 [5928008, 5974712]: LP
	bnd = 6071114.500000
	its = 11
	hyp = 561 / 4582
	cut = 36
3832676 [5928008, 5968737]: LABEL
	tot = 14256107
	max = 1959
4195191 [5928008, 5968737]: LP
	bnd = 6071114.500000
	its = 9
	hyp = 535 / 4708
	cut = 45
4626663 [5928008, 5968737]: LP
	bnd = 6071114.500000
	its = 7
	hyp = 502 / 4798
	cut = 54
4888648 [5928008, 5962769]: LABEL
	tot = 20206250
	max = 2893
5121981 [5928008, 5962769]: LP
	bnd = 6071114.500000
	its = 9
	hyp = 591 / 4901
	cut = 63
5577521 [5928008, 5962769]: LP
	bnd = 6071114.500000
	its = 8
	hyp = 557 / 5017
	cut = 72
6247729 [5928008, 5962769]: LP
	bnd = 6071114.500000
	its = 12
	hyp = 630 / 5145
	cut = 81
6440707 [5932705, 5956806]: LABEL
	tot = 28799026
	max = 4216
6606904 [5932705, 5956806]: LP
	bnd = 6070846.000000
	its = 5
	hyp = 713 / 5226
	cut = 90
