hypergraph with 1230486 vertices and 358987689 hyperarcs generated in 108595
1124377 [0, 5648121]: LP
	bnd = 5648121.500000
	its = 27
	hyp = 958 / 2198
	cut = 0
1124940 [0, 5648121]: HEURISTIC 3
1125391 [0, 5648121]: LABEL
	tot = 6397
	max = 1
1126278 [0, 5642473]: LABEL
	tot = 11502
	max = 2
1127673 [0, 5636831]: LABEL
	tot = 18691
	max = 2
1129667 [0, 5631194]: LABEL
	tot = 29247
	max = 4
1133226 [0, 5625563]: LABEL
	tot = 53380
	max = 7
1139330 [0, 5619937]: LABEL
	tot = 86059
	max = 11
1147863 [0, 5614317]: LABEL
	tot = 128593
	max = 15
1160534 [0, 5608703]: LABEL
	tot = 199654
	max = 22
1178844 [0, 5603094]: LABEL
	tot = 280206
	max = 29
1203213 [0, 5597491]: LABEL
	tot = 384786
	max = 39
1236484 [0, 5591894]: LABEL
	tot = 547319
	max = 74
1281910 [0, 5586302]: LABEL
	tot = 753687
	max = 107
1342992 [0, 5580715]: LABEL
	tot = 1038674
	max = 165
1423966 [0, 5575135]: LABEL
	tot = 1425108
	max = 252
1530924 [5491181, 5569560]: LABEL
	tot = 1938723
	max = 351
1670606 [5491181, 5563990]: LABEL
	tot = 2557520
	max = 532
1826827 [5491181, 5563990]: LP
	bnd = 5648121.500000
	its = 14
	hyp = 842 / 3718
	cut = 10
1857484 [5491181, 5558426]: LABEL
	tot = 3443269
	max = 811
2099887 [5491181, 5552868]: LABEL
	tot = 4417886
	max = 1149
2417853 [5491181, 5547315]: LABEL
	tot = 5824688
	max = 1607
2792951 [5491181, 5547315]: LP
	bnd = 5646970.000000
	its = 20
	hyp = 822 / 4342
	cut = 20
2837651 [5491181, 5541767]: LABEL
	tot = 7699143
	max = 2235
3436623 [5491181, 5541767]: LP
	bnd = 5646969.500000
	its = 12
	hyp = 810 / 4528
	cut = 30
3625715 [5491181, 5536225]: LABEL
	tot = 13659323
	max = 3321
4158729 [5491181, 5536225]: LP
	bnd = 5646969.500000
	its = 13
	hyp = 877 / 4722
	cut = 40
4665332 [5491181, 5530689]: LABEL
	tot = 17740214
	max = 4637
5061503 [5491181, 5530689]: LP
	bnd = 5646970.000000
	its = 18
	hyp = 957 / 4993
	cut = 50
5652719 [5491181, 5530689]: LP
	bnd = 5646970.000000
	its = 11
	hyp = 804 / 5158
	cut = 60
6065888 [5491181, 5525159]: LABEL
	tot = 23493609
	max = 6352
6775415 [5491181, 5525159]: LP
	bnd = 5646467.000000
	its = 23
	hyp = 1315 / 5433
	cut = 70
