hypergraph with 1447753 vertices and 600364136 hyperarcs generated in 140334
1586267 [0, 5762705]: LP
	bnd = 5762705.000000
	its = 31
	hyp = 655 / 1956
	cut = 0
1587151 [0, 5762705]: HEURISTIC 3
1587687 [0, 5762705]: LABEL
	tot = 4201
	max = 2
1588841 [0, 5756942]: LABEL
	tot = 11752
	max = 3
1590848 [0, 5751185]: LABEL
	tot = 23701
	max = 9
1594318 [0, 5745434]: LABEL
	tot = 35967
	max = 15
1599940 [0, 5739689]: LABEL
	tot = 59731
	max = 32
1608531 [0, 5733949]: LABEL
	tot = 98908
	max = 59
1621577 [0, 5728215]: LABEL
	tot = 169583
	max = 96
1640768 [0, 5722487]: LABEL
	tot = 246225
	max = 154
1671160 [0, 5716765]: LABEL
	tot = 377961
	max = 238
1718312 [5355003, 5711048]: LABEL
	tot = 572091
	max = 379
1790374 [5355003, 5705337]: LABEL
	tot = 868842
	max = 588
1898779 [5355003, 5699631]: LABEL
	tot = 1280781
	max = 861
2055937 [5355003, 5693932]: LABEL
	tot = 1862383
	max = 1300
2278709 [5355003, 5688238]: LABEL
	tot = 2727752
	max = 1947
2600581 [5507997, 5682550]: LABEL
	tot = 3919866
	max = 2867
3081585 [5507997, 5676867]: LABEL
	tot = 5681155
	max = 4155
3484657 [5507997, 5676867]: LP
	bnd = 5762705.000000
	its = 30
	hyp = 701 / 4706
	cut = 11
3805262 [5507997, 5671190]: LABEL
	tot = 8132511
	max = 5948
4330503 [5507997, 5671190]: LP
	bnd = 5762705.000000
	its = 12
	hyp = 676 / 4881
	cut = 22
4897762 [5507997, 5665519]: LABEL
	tot = 11638792
	max = 8616
5294525 [5507997, 5665519]: LP
	bnd = 5762705.000000
	its = 15
	hyp = 686 / 5089
	cut = 33
6405612 [5507997, 5665519]: LP
	bnd = 5762465.000000
	its = 16
	hyp = 878 / 5331
	cut = 44
6550605 [5507997, 5659854]: LABEL
	tot = 16800543
	max = 12957
