hypergraph with 1342421 vertices and 483260565 hyperarcs generated in 121611
1934795 [0, 5213673]: LP
	bnd = 5213673.500000
	its = 46
	hyp = 819 / 2813
	cut = 0
1935087 [0, 5213673]: HEURISTIC 3
1935279 [0, 5213673]: LABEL
	tot = 1093
	max = 1
1935865 [0, 5208460]: LABEL
	tot = 6302
	max = 2
1937001 [0, 5203251]: LABEL
	tot = 12568
	max = 3
1938860 [0, 5198048]: LABEL
	tot = 22833
	max = 4
1942488 [0, 5192850]: LABEL
	tot = 47543
	max = 7
1948372 [0, 5187657]: LABEL
	tot = 76564
	max = 12
1957581 [0, 5182469]: LABEL
	tot = 123329
	max = 19
1972360 [0, 5177287]: LABEL
	tot = 199216
	max = 27
1995165 [0, 5172109]: LABEL
	tot = 310023
	max = 43
2028427 [0, 5166937]: LABEL
	tot = 475216
	max = 55
2078902 [0, 5161770]: LABEL
	tot = 740734
	max = 77
2151608 [0, 5156608]: LABEL
	tot = 1124595
	max = 121
2255718 [0, 5151452]: LABEL
	tot = 1695682
	max = 187
2404997 [0, 5146300]: LABEL
	tot = 2546239
	max = 269
2614492 [0, 5141154]: LABEL
	tot = 3804597
	max = 424
2909935 [0, 5136013]: LABEL
	tot = 5690771
	max = 601
3327690 [0, 5130877]: LABEL
	tot = 8453840
	max = 875
3894707 [0, 5130877]: LP
	bnd = 5212867.500000
	its = 38
	hyp = 848 / 5677
	cut = 15
3922493 [4736640, 5125746]: LABEL
	tot = 12531311
	max = 1292
4753676 [4736640, 5120620]: LABEL
	tot = 17408141
	max = 2018
5265284 [4736640, 5120620]: LP
	bnd = 5212667.000000
	its = 25
	hyp = 988 / 6403
	cut = 30
5926178 [5012542, 5115500]: LABEL
	tot = 25553965
	max = 2883
6592698 [5012542, 5115500]: LP
	bnd = 5211367.500000
	its = 24
	hyp = 1047 / 6978
	cut = 45
