hypergraph with 1309011 vertices and 447120263 hyperarcs generated in 109592
1589422 [0, 5503128]: LP
	bnd = 5503128.000000
	its = 38
	hyp = 796 / 2027
	cut = 0
1589838 [0, 5503128]: HEURISTIC 3
1590137 [0, 5503128]: LABEL
	tot = 2347
	max = 1
1590587 [0, 5497625]: LABEL
	tot = 3623
	max = 2
1591355 [0, 5492127]: LABEL
	tot = 7882
	max = 2
1592824 [0, 5486635]: LABEL
	tot = 16664
	max = 4
1595128 [0, 5481149]: LABEL
	tot = 28004
	max = 5
1599057 [0, 5475668]: LABEL
	tot = 49578
	max = 7
1604934 [0, 5470192]: LABEL
	tot = 76243
	max = 11
1613775 [0, 5464722]: LABEL
	tot = 123793
	max = 13
1627088 [0, 5459258]: LABEL
	tot = 187492
	max = 18
1646853 [0, 5453798]: LABEL
	tot = 293576
	max = 30
1674905 [0, 5448344]: LABEL
	tot = 433007
	max = 43
1715264 [0, 5442896]: LABEL
	tot = 652260
	max = 67
1772189 [0, 5437453]: LABEL
	tot = 974485
	max = 104
1851668 [0, 5432015]: LABEL
	tot = 1427660
	max = 148
1961225 [0, 5426583]: LABEL
	tot = 2069417
	max = 209
2111367 [0, 5421157]: LABEL
	tot = 2972409
	max = 300
2315284 [0, 5415736]: LABEL
	tot = 4235863
	max = 421
2594518 [5211751, 5410320]: LABEL
	tot = 5998890
	max = 584
2978864 [5280490, 5404910]: LABEL
	tot = 8446291
	max = 814
3093273 [5280490, 5404910]: LP
	bnd = 5503128.000000
	its = 31
	hyp = 768 / 4535
	cut = 12
3508986 [5280490, 5399505]: LABEL
	tot = 11785206
	max = 1135
3983535 [5280490, 5399505]: LP
	bnd = 5502988.500000
	its = 17
	hyp = 843 / 4890
	cut = 24
4233103 [5280490, 5394105]: LABEL
	tot = 15999172
	max = 1555
4879723 [5280490, 5394105]: LP
	bnd = 5502988.500000
	its = 17
	hyp = 920 / 5242
	cut = 36
5315705 [5283395, 5388711]: LABEL
	tot = 23779404
	max = 2540
6052628 [5283395, 5388711]: LP
	bnd = 5502988.500000
	its = 23
	hyp = 862 / 5630
	cut = 48
6808391 [5283659, 5383323]: LABEL
	tot = 32436899
	max = 3106
7030832 [5283659, 5383323]: LP
	bnd = 5499485.500000
	its = 19
	hyp = 889 / 5870
	cut = 60
	restart
