hypergraph with 359937 vertices and 73747634 hyperarcs generated in 26106
170256 [0, 1560217]: LP
	bnd = 1560217.000000
	its = 24
	hyp = 284 / 745
	cut = 0
170381 [0, 1560217]: HEURISTIC 3
170465 [0, 1560217]: LABEL
	tot = 549
	max = 1
170596 [0, 1558656]: LABEL
	tot = 1563
	max = 2
170800 [0, 1557098]: LABEL
	tot = 2847
	max = 3
171075 [0, 1555541]: LABEL
	tot = 4399
	max = 3
171536 [0, 1553985]: LABEL
	tot = 8095
	max = 4
172201 [0, 1552431]: LABEL
	tot = 11733
	max = 6
173292 [0, 1550879]: LABEL
	tot = 20507
	max = 8
174900 [0, 1549328]: LABEL
	tot = 31351
	max = 12
177253 [0, 1547778]: LABEL
	tot = 44781
	max = 17
180727 [0, 1546231]: LABEL
	tot = 66509
	max = 30
186018 [0, 1544684]: LABEL
	tot = 101001
	max = 41
193847 [0, 1543140]: LABEL
	tot = 152547
	max = 64
204646 [0, 1541597]: LABEL
	tot = 215996
	max = 91
219691 [1505818, 1540055]: LABEL
	tot = 313753
	max = 143
241131 [1525944, 1538515]: LABEL
	tot = 459935
	max = 225
271657 [1525944, 1536977]: LABEL
	tot = 667697
	max = 357
291760 [1525944, 1536977]: LP
	bnd = 1559822.750000
	its = 16
	hyp = 294 / 1839
	cut = 10
314598 [1525944, 1535440]: LABEL
	tot = 963256
	max = 539
392894 [1534885, 1534885]: LABEL
	tot = 1741814
	max = 1123
