hypergraph with 370541 vertices and 79170842 hyperarcs generated in 23051
137521 [0, 1493048]: LP
	bnd = 1493048.000000
	its = 20
	hyp = 561 / 1038
	cut = 0
137813 [0, 1493048]: HEURISTIC 3
138066 [0, 1493048]: LABEL
	tot = 3039
	max = 1
138470 [0, 1491555]: LABEL
	tot = 4961
	max = 1
138884 [0, 1490063]: LABEL
	tot = 5410
	max = 2
139364 [0, 1488573]: LABEL
	tot = 7859
	max = 3
139975 [0, 1487084]: LABEL
	tot = 10397
	max = 4
140652 [0, 1485597]: LABEL
	tot = 12114
	max = 6
141672 [0, 1484112]: LABEL
	tot = 21851
	max = 9
143004 [0, 1482627]: LABEL
	tot = 29010
	max = 13
144830 [0, 1481145]: LABEL
	tot = 41049
	max = 18
147525 [0, 1479664]: LABEL
	tot = 58378
	max = 24
151252 [1437838, 1478184]: LABEL
	tot = 83004
	max = 38
156155 [1443101, 1476706]: LABEL
	tot = 114406
	max = 55
162880 [1446100, 1475229]: LABEL
	tot = 158743
	max = 75
171718 [1446100, 1473754]: LABEL
	tot = 212247
	max = 105
183384 [1446100, 1472280]: LABEL
	tot = 288639
	max = 141
199139 [1447990, 1470808]: LABEL
	tot = 386785
	max = 196
220141 [1454477, 1469337]: LABEL
	tot = 522948
	max = 295
228565 [1454477, 1469337]: LP
	bnd = 1493048.000000
	its = 13
	hyp = 583 / 2180
	cut = 7
247939 [1454477, 1467868]: LABEL
	tot = 699829
	max = 419
283882 [1454477, 1466400]: LABEL
	tot = 921079
	max = 575
287030 [1454477, 1466400]: LP
	bnd = 1493048.000000
	its = 7
	hyp = 623 / 2390
	cut = 14
327928 [1454477, 1466400]: LP
	bnd = 1493048.000000
	its = 5
	hyp = 596 / 2450
	cut = 21
331249 [1456444, 1464934]: LABEL
	tot = 1212532
	max = 794
387595 [1456444, 1464934]: LP
	bnd = 1493048.000000
	its = 8
	hyp = 624 / 2597
	cut = 28
393324 [1456444, 1463469]: LABEL
	tot = 1605106
	max = 1112
459252 [1456444, 1463469]: LP
	bnd = 1493048.000000
	its = 9
	hyp = 680 / 2748
	cut = 35
474816 [1456444, 1462005]: LABEL
	tot = 2108632
	max = 1536
525068 [1456444, 1462005]: LP
	bnd = 1493048.000000
	its = 9
	hyp = 733 / 2958
	cut = 42
583882 [1456444, 1460543]: LABEL
	tot = 2760412
	max = 2086
609767 [1456444, 1460543]: LP
	bnd = 1493048.125000
	its = 11
	hyp = 622 / 3080
	cut = 49
675801 [1456444, 1460543]: LP
	bnd = 1493048.000000
	its = 8
	hyp = 677 / 3258
	cut = 56
727552 [1456444, 1459083]: LABEL
	tot = 3637366
	max = 2800
797442 [1456444, 1459083]: LP
	bnd = 1492989.000000
	its = 17
	hyp = 740 / 3410
	cut = 63
905283 [1456444, 1459083]: LP
	bnd = 1492739.000000
	its = 15
	hyp = 835 / 3669
	cut = 70
919745 [1456444, 1457624]: LABEL
	tot = 4735829
	max = 3726
1077262 [1456444, 1457624]: LP
	bnd = 1492557.625000
	its = 25
	hyp = 764 / 3992
	cut = 77
1150678 [1456444, 1456444]: LABEL
	tot = 5656186
	max = 4505
