hypergraph with 350889 vertices and 66842898 hyperarcs generated in 16226
447672 [0, 877145]: LP
	bnd = 877145.812500
	its = 88
	hyp = 590 / 2490
	cut = 0
447728 [0, 877145]: HEURISTIC 3
447768 [0, 877145]: LABEL
	tot = 404
	max = 1
447949 [0, 876268]: LABEL
	tot = 3942
	max = 9
448518 [0, 875392]: LABEL
	tot = 14668
	max = 25
450050 [0, 874517]: LABEL
	tot = 41474
	max = 44
453552 [0, 873642]: LABEL
	tot = 109667
	max = 77
461045 [0, 872768]: LABEL
	tot = 276864
	max = 126
475993 [0, 871896]: LABEL
	tot = 667481
	max = 253
506438 [0, 871024]: LABEL
	tot = 1543241
	max = 481
568273 [0, 870153]: LABEL
	tot = 3446367
	max = 973
696821 [0, 869283]: LABEL
	tot = 7455748
	max = 1815
970086 [0, 868413]: LABEL
	tot = 15666315
	max = 3751
991248 [0, 868413]: LP
	bnd = 876629.812500
	its = 91
	hyp = 828 / 4416
	cut = 20
	restart
1372472 [0, 868413]: LP
	bnd = 876335.312500
	its = 62
	hyp = 831 / 5231
	cut = 40
1490786 [0, 867545]: LABEL
	tot = 26606537
	max = 6753
1790384 [0, 867545]: LP
	bnd = 876097.250000
	its = 68
	hyp = 906 / 5816
	cut = 60
2149995 [0, 867545]: LP
	bnd = 875852.812500
	its = 58
	hyp = 1028 / 6472
	cut = 80
	restart
2652012 [0, 867545]: LP
	bnd = 875619.500000
	its = 83
	hyp = 1096 / 7387
	cut = 100
2925854 [0, 866677]: LABEL
	tot = 40597181
	max = 9220
3048922 [0, 866677]: LP
	bnd = 875369.625000
	its = 64
	hyp = 1148 / 7979
	cut = 120
3485745 [0, 866677]: LP
	bnd = 875154.562500
	its = 70
	hyp = 1319 / 8529
	cut = 140
	restart
3956308 [0, 866677]: LP
	bnd = 875005.875000
	its = 73
	hyp = 1624 / 9170
	cut = 160
4040160 [0, 865811]: LABEL
	tot = 27731966
	max = 4480
4508879 [0, 865811]: LP
	bnd = 874787.250000
	its = 85
	hyp = 1628 / 9874
	cut = 180
5088462 [0, 864945]: LABEL
	tot = 49067342
	max = 7455
5193479 [0, 864945]: LP
	bnd = 874621.625000
	its = 106
	hyp = 1887 / 10714
	cut = 200
5806395 [0, 864945]: LP
	bnd = 874455.250000
	its = 92
	hyp = 1902 / 11419
	cut = 220
6538010 [0, 864945]: LP
	bnd = 874221.875000
	its = 111
	hyp = 1943 / 12397
	cut = 240
	restart
7170004 [0, 864945]: LP
	bnd = 874081.750000
	its = 96
	hyp = 2197 / 13220
	cut = 260
