hypergraph with 1210967 vertices and 340561060 hyperarcs generated in 91628
1774821 [0, 3390504]: LP
	bnd = 3390504.500000
	its = 49
	hyp = 691 / 2566
	cut = 0
1775072 [0, 3390504]: HEURISTIC 3
1775268 [0, 3390504]: LABEL
	tot = 1705
	max = 1
1775686 [0, 3387114]: LABEL
	tot = 6068
	max = 3
1776574 [0, 3383727]: LABEL
	tot = 13000
	max = 4
1778058 [0, 3380343]: LABEL
	tot = 24580
	max = 6
1780609 [0, 3376963]: LABEL
	tot = 45107
	max = 8
1784536 [0, 3373586]: LABEL
	tot = 78079
	max = 13
1790812 [0, 3370212]: LABEL
	tot = 134666
	max = 19
1800344 [0, 3366842]: LABEL
	tot = 218930
	max = 27
1815467 [0, 3363475]: LABEL
	tot = 365828
	max = 38
1837116 [0, 3360112]: LABEL
	tot = 577534
	max = 62
1868615 [0, 3356752]: LABEL
	tot = 902304
	max = 110
1912579 [0, 3353395]: LABEL
	tot = 1387817
	max = 177
1973477 [0, 3350041]: LABEL
	tot = 2121797
	max = 291
2059213 [0, 3346691]: LABEL
	tot = 3230638
	max = 417
2181641 [2958784, 3343345]: LABEL
	tot = 4865438
	max = 641
2354606 [2958784, 3340001]: LABEL
	tot = 7260353
	max = 931
2601802 [3293757, 3336661]: LABEL
	tot = 10799575
	max = 1359
2683200 [3293757, 3336661]: LP
	bnd = 3390504.500000
	its = 20
	hyp = 694 / 4487
	cut = 14
2955932 [3293757, 3333325]: LABEL
	tot = 15904126
	max = 1946
3477613 [3293757, 3329991]: LABEL
	tot = 23282098
	max = 2796
3753904 [3293757, 3329991]: LP
	bnd = 3390455.000000
	its = 22
	hyp = 716 / 5225
	cut = 28
4237755 [3293757, 3326661]: LABEL
	tot = 33929993
	max = 3959
5081163 [3293757, 3326661]: LP
	bnd = 3390117.250000
	its = 29
	hyp = 767 / 5961
	cut = 42
5323731 [3293757, 3323335]: LABEL
	tot = 47334585
	max = 4757
6337798 [3293757, 3323335]: LP
	bnd = 3390087.500000
	its = 27
	hyp = 878 / 6351
	cut = 56
6909325 [3296086, 3320011]: LABEL
	tot = 67039737
	max = 6258
