hypergraph with 1418089 vertices and 559336113 hyperarcs generated in 127941
2627533 [0, 5300985]: LP
	bnd = 5300985.000000
	its = 62
	hyp = 676 / 3912
	cut = 0
2628325 [0, 5300985]: HEURISTIC 3
2628993 [0, 5300985]: LABEL
	tot = 4873
	max = 1
2630066 [0, 5295684]: LABEL
	tot = 9703
	max = 3
2632478 [0, 5290388]: LABEL
	tot = 25649
	max = 5
2637324 [0, 5285098]: LABEL
	tot = 51987
	max = 7
2646397 [0, 5279813]: LABEL
	tot = 104505
	max = 14
2663217 [0, 5274533]: LABEL
	tot = 203092
	max = 22
2691964 [0, 5269258]: LABEL
	tot = 368358
	max = 37
2740797 [0, 5263989]: LABEL
	tot = 646168
	max = 78
2817843 [0, 5258725]: LABEL
	tot = 1082008
	max = 130
2938949 [0, 5253466]: LABEL
	tot = 1836002
	max = 248
3125197 [0, 5248213]: LABEL
	tot = 3036316
	max = 387
3411918 [0, 5242965]: LABEL
	tot = 5015093
	max = 659
3860543 [0, 5237722]: LABEL
	tot = 8254538
	max = 1082
4560316 [0, 5237722]: LP
	bnd = 5300155.000000
	its = 33
	hyp = 679 / 6339
	cut = 14
4563388 [0, 5232484]: LABEL
	tot = 13525352
	max = 1798
5569466 [0, 5227252]: LABEL
	tot = 19165064
	max = 1416
6499704 [0, 5227252]: LP
	bnd = 5298006.000000
	its = 34
	hyp = 923 / 6986
	cut = 28
