hypergraph with 959823 vertices and 186757587 hyperarcs generated in 82173
479820 [0, 4546855]: LP
	bnd = 4546855.500000
	its = 14
	hyp = 455 / 1027
	cut = 0
480152 [0, 4546855]: HEURISTIC 3
480423 [0, 4546855]: LABEL
	tot = 3619
	max = 3
481065 [4419127, 4542308]: LABEL
	tot = 11462
	max = 5
481741 [4419127, 4537766]: LABEL
	tot = 12294
	max = 5
482448 [4419127, 4533228]: LABEL
	tot = 13532
	max = 5
483502 [4419127, 4528695]: LABEL
	tot = 24513
	max = 7
484603 [4460388, 4524166]: LABEL
	tot = 27337
	max = 10
486004 [4460388, 4519642]: LABEL
	tot = 33194
	max = 13
487523 [4460388, 4515123]: LABEL
	tot = 35970
	max = 18
489140 [4460388, 4510608]: LABEL
	tot = 41371
	max = 21
491497 [4460388, 4506097]: LABEL
	tot = 54390
	max = 28
494263 [4460388, 4501591]: LABEL
	tot = 67060
	max = 32
497365 [4460388, 4497090]: LABEL
	tot = 77693
	max = 34
501099 [4492877, 4492877]: LABEL
	tot = 91725
	max = 48
