hypergraph with 1225171 vertices and 365121414 hyperarcs generated in 89149
1327929 [0, 5795395]: LP
	bnd = 5795395.500000
	its = 35
	hyp = 869 / 2659
	cut = 0
1328328 [0, 5795395]: HEURISTIC 3
1328658 [0, 5795395]: LABEL
	tot = 5683
	max = 2
1329358 [0, 5789600]: LABEL
	tot = 13482
	max = 3
1330715 [0, 5783810]: LABEL
	tot = 31136
	max = 9
1332915 [0, 5778026]: LABEL
	tot = 56694
	max = 18
1336372 [0, 5772248]: LABEL
	tot = 105730
	max = 44
1341434 [0, 5766476]: LABEL
	tot = 173079
	max = 84
1348657 [0, 5760710]: LABEL
	tot = 266806
	max = 141
1359367 [0, 5754949]: LABEL
	tot = 418952
	max = 232
1375546 [0, 5749194]: LABEL
	tot = 631008
	max = 371
1399265 [0, 5743445]: LABEL
	tot = 946655
	max = 569
1434401 [5655080, 5737702]: LABEL
	tot = 1367279
	max = 870
1485383 [5666271, 5731964]: LABEL
	tot = 1952605
	max = 1254
1558691 [5666271, 5726232]: LABEL
	tot = 2746475
	max = 1769
1665756 [5666271, 5720506]: LABEL
	tot = 3867189
	max = 2416
1745678 [5666271, 5720506]: LP
	bnd = 5795395.500000
	its = 8
	hyp = 902 / 3471
	cut = 9
1819766 [5698735, 5714786]: LABEL
	tot = 5424158
	max = 3397
2040918 [5698735, 5709071]: LABEL
	tot = 7541867
	max = 4662
2260334 [5698735, 5709071]: LP
	bnd = 5795132.500000
	its = 11
	hyp = 710 / 3741
	cut = 18
2359571 [5698735, 5703362]: LABEL
	tot = 10421718
	max = 6363
2593131 [5698735, 5703362]: LP
	bnd = 5795132.000000
	its = 6
	hyp = 736 / 3981
	cut = 27
2785755 [5698735, 5698735]: LABEL
	tot = 13388617
	max = 8037
