hypergraph with 1242591 vertices and 377150717 hyperarcs generated in 88005
1508993 [0, 4633547]: LP
	bnd = 4633547.000000
	its = 40
	hyp = 971 / 3424
	cut = 0
1509721 [0, 4633547]: HEURISTIC 3
1510377 [0, 4633547]: LABEL
	tot = 6985
	max = 1
1511829 [0, 4628913]: LABEL
	tot = 15808
	max = 3
1514679 [0, 4624284]: LABEL
	tot = 29908
	max = 5
1519629 [0, 4619660]: LABEL
	tot = 47794
	max = 5
1527147 [0, 4615040]: LABEL
	tot = 75710
	max = 7
1538393 [0, 4610425]: LABEL
	tot = 124803
	max = 12
1553129 [0, 4605815]: LABEL
	tot = 203344
	max = 19
1572879 [0, 4601209]: LABEL
	tot = 299437
	max = 27
1598421 [0, 4596608]: LABEL
	tot = 453889
	max = 35
1634036 [0, 4592011]: LABEL
	tot = 732766
	max = 63
1683476 [0, 4587419]: LABEL
	tot = 1166308
	max = 116
1749651 [0, 4582832]: LABEL
	tot = 1735384
	max = 200
1840084 [0, 4578249]: LABEL
	tot = 2597384
	max = 319
1964633 [0, 4573671]: LABEL
	tot = 3899575
	max = 520
2141868 [0, 4569097]: LABEL
	tot = 5895083
	max = 838
2393621 [4288408, 4564528]: LABEL
	tot = 8742704
	max = 1367
2638636 [4288408, 4564528]: LP
	bnd = 4633468.000000
	its = 24
	hyp = 1000 / 5405
	cut = 10
2754277 [4384291, 4559964]: LABEL
	tot = 12843318
	max = 2153
3287026 [4488242, 4555404]: LABEL
	tot = 18670012
	max = 3349
3970838 [4488242, 4555404]: LP
	bnd = 4631412.500000
	its = 28
	hyp = 1106 / 6425
	cut = 20
4063928 [4536335, 4550848]: LABEL
	tot = 27165140
	max = 5241
4957710 [4544848, 4546297]: LABEL
	tot = 31820164
	max = 5771
4964615 [4544848, 4546297]: LP
	bnd = 4631069.500000
	its = 19
	hyp = 1116 / 6971
	cut = 31
5970558 [4544848, 4544848]: LABEL
	tot = 35772952
	max = 6631
