hypergraph with 1186335 vertices and 313256554 hyperarcs generated in 86040
1696553 [0, 4336793]: LP
	bnd = 4336793.000000
	its = 48
	hyp = 794 / 3472
	cut = 0
1696929 [0, 4336793]: HEURISTIC 3
1697243 [0, 4336793]: LABEL
	tot = 2719
	max = 3
1698189 [0, 4332456]: LABEL
	tot = 17595
	max = 6
1700357 [0, 4328123]: LABEL
	tot = 51180
	max = 9
1703466 [0, 4323795]: LABEL
	tot = 75402
	max = 11
1707807 [0, 4319471]: LABEL
	tot = 113870
	max = 17
1714793 [0, 4315152]: LABEL
	tot = 216998
	max = 31
1725400 [0, 4310837]: LABEL
	tot = 346947
	max = 52
1740792 [3907979, 4306526]: LABEL
	tot = 537438
	max = 78
1763661 [3907979, 4302219]: LABEL
	tot = 866190
	max = 133
1797076 [3907979, 4297917]: LABEL
	tot = 1326287
	max = 201
1845758 [3936368, 4293619]: LABEL
	tot = 1997014
	max = 283
1919211 [4133331, 4289326]: LABEL
	tot = 2989842
	max = 389
2023072 [4133331, 4285036]: LABEL
	tot = 4323886
	max = 509
2178853 [4133331, 4280751]: LABEL
	tot = 6409661
	max = 729
2411778 [4133331, 4276470]: LABEL
	tot = 9296185
	max = 974
2749521 [4133331, 4276470]: LP
	bnd = 4336738.500000
	its = 24
	hyp = 1003 / 5276
	cut = 14
2753295 [4146610, 4272194]: LABEL
	tot = 13394275
	max = 1258
3271398 [4146610, 4267922]: LABEL
	tot = 19053243
	max = 1570
4039081 [4146610, 4263654]: LABEL
	tot = 26881683
	max = 2402
4082438 [4146610, 4263654]: LP
	bnd = 4336475.000000
	its = 29
	hyp = 1097 / 5908
	cut = 28
5075343 [4146610, 4263654]: LP
	bnd = 4336280.000000
	its = 21
	hyp = 1261 / 6387
	cut = 42
5184352 [4183956, 4259390]: LABEL
	tot = 37808897
	max = 3776
5939198 [4183956, 4259390]: LP
	bnd = 4335678.000000
	its = 18
	hyp = 1310 / 6766
	cut = 56
6777144 [4183956, 4255131]: LABEL
	tot = 51998776
	max = 5868
7004551 [4183956, 4255131]: LP
	bnd = 4335488.000000
	its = 23
	hyp = 1485 / 7375
	cut = 70
