hypergraph with 1447753 vertices and 600364136 hyperarcs generated in 141444
1583977 [0, 5762705]: LP
	bnd = 5762705.000000
	its = 31
	hyp = 655 / 1956
	cut = 0
1584700 [0, 5762705]: HEURISTIC 3
1585239 [0, 5762705]: LABEL
	tot = 4201
	max = 2
1586368 [0, 5756942]: LABEL
	tot = 11752
	max = 3
1588342 [0, 5751185]: LABEL
	tot = 23701
	max = 9
1591777 [0, 5745434]: LABEL
	tot = 35967
	max = 15
1597172 [0, 5739689]: LABEL
	tot = 59731
	max = 32
1605607 [0, 5733949]: LABEL
	tot = 98908
	max = 59
1618279 [0, 5728215]: LABEL
	tot = 169583
	max = 96
1636411 [0, 5722487]: LABEL
	tot = 246225
	max = 154
1665733 [0, 5716765]: LABEL
	tot = 377961
	max = 238
1711338 [5355003, 5711048]: LABEL
	tot = 572091
	max = 379
1780535 [5355003, 5705337]: LABEL
	tot = 868959
	max = 588
1884134 [5355003, 5699631]: LABEL
	tot = 1280897
	max = 861
2035035 [5355003, 5693932]: LABEL
	tot = 1862734
	max = 1300
2254265 [5355003, 5688238]: LABEL
	tot = 2728125
	max = 1947
2574976 [5507997, 5682550]: LABEL
	tot = 3921175
	max = 2868
3054828 [5507997, 5676867]: LABEL
	tot = 5684583
	max = 4153
3490120 [5507997, 5676867]: LP
	bnd = 5762705.000000
	its = 30
	hyp = 701 / 4706
	cut = 11
3776253 [5507997, 5671190]: LABEL
	tot = 8138265
	max = 5978
4350513 [5507997, 5671190]: LP
	bnd = 5762705.000000
	its = 12
	hyp = 676 / 4881
	cut = 22
4864792 [5507997, 5665519]: LABEL
	tot = 11651247
	max = 8651
5327487 [5507997, 5665519]: LP
	bnd = 5762705.000000
	its = 15
	hyp = 686 / 5089
	cut = 33
6447948 [5507997, 5665519]: LP
	bnd = 5762465.000000
	its = 16
	hyp = 878 / 5331
	cut = 44
6518612 [5507997, 5659854]: LABEL
	tot = 16819664
	max = 13042
