hypergraph with 378569 vertices and 86581044 hyperarcs generated in 30978
146017 [0, 1483582]: LP
	bnd = 1483582.625000
	its = 18
	hyp = 333 / 917
	cut = 0
146187 [0, 1483582]: HEURISTIC 3
146309 [0, 1483582]: LABEL
	tot = 1174
	max = 1
146549 [0, 1482099]: LABEL
	tot = 2565
	max = 1
146823 [0, 1480616]: LABEL
	tot = 3096
	max = 2
147225 [0, 1479136]: LABEL
	tot = 5256
	max = 3
147684 [0, 1477657]: LABEL
	tot = 6334
	max = 3
148546 [0, 1476179]: LABEL
	tot = 11075
	max = 4
149605 [0, 1474703]: LABEL
	tot = 15227
	max = 6
151148 [0, 1473228]: LABEL
	tot = 22183
	max = 6
153094 [0, 1471755]: LABEL
	tot = 30218
	max = 8
155948 [0, 1470283]: LABEL
	tot = 41174
	max = 11
159416 [0, 1468813]: LABEL
	tot = 50458
	max = 15
164024 [0, 1467344]: LABEL
	tot = 65703
	max = 20
169922 [0, 1465877]: LABEL
	tot = 86825
	max = 26
177613 [0, 1464411]: LABEL
	tot = 115022
	max = 34
188447 [1449784, 1462946]: LABEL
	tot = 152789
	max = 49
202369 [1449784, 1461483]: LABEL
	tot = 198339
	max = 66
220143 [1449784, 1460022]: LABEL
	tot = 262351
	max = 90
242167 [1449784, 1458562]: LABEL
	tot = 337248
	max = 116
270003 [1449784, 1457103]: LABEL
	tot = 442940
	max = 150
290767 [1449784, 1457103]: LP
	bnd = 1483582.625000
	its = 19
	hyp = 345 / 1863
	cut = 10
305279 [1449784, 1455646]: LABEL
	tot = 577184
	max = 184
352295 [1449784, 1454191]: LABEL
	tot = 784853
	max = 238
412509 [1449784, 1452736]: LABEL
	tot = 1020757
	max = 303
415140 [1449784, 1452736]: LP
	bnd = 1483582.625000
	its = 16
	hyp = 357 / 2442
	cut = 20
487780 [1449784, 1451284]: LABEL
	tot = 1315219
	max = 420
548458 [1449784, 1451284]: LP
	bnd = 1482938.375000
	its = 16
	hyp = 389 / 2696
	cut = 30
581894 [1449784, 1449832]: LABEL
	tot = 1704326
	max = 565
633698 [1449784, 1449832]: LP
	bnd = 1482938.250000
	its = 9
	hyp = 392 / 2813
	cut = 40
685785 [1449784, 1449784]: LABEL
	tot = 1799497
	max = 764
