hypergraph with 311405 vertices and 46705738 hyperarcs generated in 18460
77864 [0, 1398571]: LP
	bnd = 1398571.625000
	its = 12
	hyp = 221 / 449
	cut = 0
78003 [0, 1398571]: HEURISTIC 3
78111 [0, 1398571]: LABEL
	tot = 1701
	max = 1
78240 [0, 1397173]: LABEL
	tot = 2526
	max = 3
78383 [0, 1395775]: LABEL
	tot = 2966
	max = 3
78551 [0, 1394380]: LABEL
	tot = 3434
	max = 3
78737 [0, 1392985]: LABEL
	tot = 3885
	max = 3
78931 [0, 1391592]: LABEL
	tot = 4178
	max = 3
79202 [0, 1390201]: LABEL
	tot = 6048
	max = 4
79618 [0, 1388810]: LABEL
	tot = 9254
	max = 5
80324 [0, 1387422]: LABEL
	tot = 15630
	max = 8
81112 [0, 1386034]: LABEL
	tot = 18925
	max = 9
82362 [1379957, 1384648]: LABEL
	tot = 28945
	max = 13
83983 [1379957, 1383264]: LABEL
	tot = 35719
	max = 15
85734 [1379957, 1381880]: LABEL
	tot = 40018
	max = 18
87812 [1379957, 1380499]: LABEL
	tot = 48499
	max = 25
90125 [1379957, 1379957]: LABEL
	tot = 52334
	max = 25
