hypergraph with 387560 vertices and 90306719 hyperarcs generated in 28695
197439 [0, 1482238]: LP
	bnd = 1482238.000000
	its = 27
	hyp = 438 / 964
	cut = 0
197667 [0, 1482238]: HEURISTIC 3
197844 [0, 1482238]: LABEL
	tot = 2330
	max = 1
198151 [0, 1480755]: LABEL
	tot = 4067
	max = 2
198550 [0, 1479275]: LABEL
	tot = 5616
	max = 3
199218 [0, 1477795]: LABEL
	tot = 10724
	max = 6
200603 [0, 1476318]: LABEL
	tot = 22292
	max = 12
203144 [0, 1474841]: LABEL
	tot = 38067
	max = 20
207242 [0, 1473366]: LABEL
	tot = 64589
	max = 38
213696 [0, 1471893]: LABEL
	tot = 106964
	max = 69
223178 [0, 1470421]: LABEL
	tot = 172413
	max = 121
237639 [0, 1468951]: LABEL
	tot = 270005
	max = 196
259598 [0, 1467482]: LABEL
	tot = 425378
	max = 309
292747 [0, 1466014]: LABEL
	tot = 674440
	max = 502
343126 [1351365, 1464548]: LABEL
	tot = 1044770
	max = 797
389913 [1351365, 1464548]: LP
	bnd = 1481711.375000
	its = 25
	hyp = 372 / 2451
	cut = 10
418970 [1351365, 1463084]: LABEL
	tot = 1600334
	max = 1261
482849 [1351365, 1463084]: LP
	bnd = 1481711.375000
	its = 11
	hyp = 392 / 2611
	cut = 20
543136 [1417406, 1461621]: LABEL
	tot = 2683843
	max = 1989
574877 [1417406, 1461621]: LP
	bnd = 1481711.250000
	its = 11
	hyp = 389 / 2717
	cut = 30
680178 [1417406, 1461621]: LP
	bnd = 1481472.000000
	its = 12
	hyp = 508 / 2904
	cut = 40
727245 [1438805, 1460159]: LABEL
	tot = 4048645
	max = 3226
758461 [1438805, 1460159]: LP
	bnd = 1481472.000000
	its = 9
	hyp = 508 / 3052
	cut = 50
852786 [1438805, 1460159]: LP
	bnd = 1481432.500000
	its = 11
	hyp = 438 / 3220
	cut = 60
953954 [1438805, 1460159]: LP
	bnd = 1481413.625000
	its = 12
	hyp = 466 / 3348
	cut = 71
1005296 [1442563, 1458699]: LABEL
	tot = 6336653
	max = 5682
1093367 [1442563, 1458699]: LP
	bnd = 1481396.250000
	its = 18
	hyp = 457 / 3650
	cut = 82
1240646 [1442563, 1458699]: LP
	bnd = 1481072.375000
	its = 19
	hyp = 555 / 3970
	cut = 93
1380669 [1442563, 1458699]: LP
	bnd = 1480257.000000
	its = 18
	hyp = 681 / 4254
	cut = 104
	restart
1505116 [1442563, 1458699]: LP
	bnd = 1479959.250000
	its = 16
	hyp = 562 / 4455
	cut = 115
1654051 [1442563, 1458699]: LP
	bnd = 1479865.500000
	its = 19
	hyp = 651 / 4646
	cut = 126
1715462 [1451936, 1457240]: LABEL
	tot = 7657674
	max = 6503
1795507 [1451936, 1457240]: LP
	bnd = 1479774.250000
	its = 18
	hyp = 634 / 4844
	cut = 137
1994067 [1451936, 1457240]: LP
	bnd = 1479406.125000
	its = 26
	hyp = 694 / 5048
	cut = 148
2173143 [1451936, 1457240]: LP
	bnd = 1479281.125000
	its = 23
	hyp = 764 / 5188
	cut = 159
2188948 [1451936, 1455783]: LABEL
	tot = 10714837
	max = 8289
2456285 [1451936, 1455783]: LP
	bnd = 1478868.500000
	its = 38
	hyp = 864 / 5516
	cut = 170
2659726 [1451936, 1455783]: LP
	bnd = 1478654.125000
	its = 26
	hyp = 767 / 5774
	cut = 181
2841863 [1451936, 1455783]: LP
	bnd = 1478576.375000
	its = 23
	hyp = 992 / 5946
	cut = 192
2881937 [1452875, 1454327]: LABEL
	tot = 15035089
	max = 10323
3112336 [1452875, 1454327]: LP
	bnd = 1478538.250000
	its = 36
	hyp = 1050 / 6203
	cut = 203
3307343 [1452875, 1454327]: LP
	bnd = 1478448.000000
	its = 25
	hyp = 1005 / 6376
	cut = 213
3534261 [1452875, 1454327]: LP
	bnd = 1478363.375000
	its = 30
	hyp = 1102 / 6582
	cut = 223
3764549 [1452875, 1454327]: LP
	bnd = 1478260.500000
	its = 30
	hyp = 1188 / 6815
	cut = 233
3854773 [1452875, 1452875]: LABEL
	tot = 20674799
	max = 12637
