hypergraph with 302927 vertices and 43158406 hyperarcs generated in 15102
47918 [0, 1482712]: LP
	bnd = 1482712.875000
	its = 7
	hyp = 184 / 314
	cut = 0
48019 [0, 1482712]: HEURISTIC 3
48085 [0, 1482712]: LABEL
	tot = 1220
	max = 1
48430 [1414664, 1481230]: LABEL
	tot = 8640
	max = 2
48762 [1414664, 1479748]: LABEL
	tot = 8640
	max = 2
49094 [1414664, 1478269]: LABEL
	tot = 8640
	max = 2
49585 [1414664, 1476790]: LABEL
	tot = 12108
	max = 3
50212 [1414664, 1475314]: LABEL
	tot = 18256
	max = 4
50847 [1414664, 1473838]: LABEL
	tot = 18941
	max = 5
51480 [1414664, 1472364]: LABEL
	tot = 18941
	max = 5
52182 [1414664, 1470892]: LABEL
	tot = 23611
	max = 7
53086 [1414664, 1469421]: LABEL
	tot = 29037
	max = 8
54166 [1460657, 1467952]: LABEL
	tot = 37698
	max = 11
55234 [1461076, 1466484]: LABEL
	tot = 38736
	max = 15
56464 [1461076, 1465017]: LABEL
	tot = 47767
	max = 19
57897 [1461076, 1463552]: LABEL
	tot = 55021
	max = 21
59860 [1461076, 1462089]: LABEL
	tot = 80202
	max = 30
61838 [1461076, 1461076]: LABEL
	tot = 82877
	max = 31
