hypergraph with 1131251 vertices and 271393727 hyperarcs generated in 80343
938539 [0, 5402765]: LP
	bnd = 5402765.000000
	its = 26
	hyp = 531 / 1605
	cut = 0
938891 [0, 5402765]: HEURISTIC 3
939191 [0, 5402765]: LABEL
	tot = 2244
	max = 1
939995 [0, 5397362]: LABEL
	tot = 6191
	max = 1
940854 [0, 5391964]: LABEL
	tot = 6981
	max = 1
941873 [0, 5386572]: LABEL
	tot = 8804
	max = 2
943035 [0, 5381186]: LABEL
	tot = 9940
	max = 2
944816 [0, 5375805]: LABEL
	tot = 15441
	max = 2
947185 [0, 5370429]: LABEL
	tot = 21192
	max = 4
950008 [0, 5365058]: LABEL
	tot = 26311
	max = 4
953606 [0, 5359693]: LABEL
	tot = 37182
	max = 4
958058 [0, 5354334]: LABEL
	tot = 46459
	max = 5
963413 [0, 5348979]: LABEL
	tot = 58941
	max = 5
970257 [0, 5343630]: LABEL
	tot = 85724
	max = 7
979074 [0, 5338287]: LABEL
	tot = 115352
	max = 8
990153 [0, 5332948]: LABEL
	tot = 150849
	max = 10
1005123 [0, 5327615]: LABEL
	tot = 216705
	max = 12
1023402 [0, 5322288]: LABEL
	tot = 285696
	max = 16
1045740 [0, 5316965]: LABEL
	tot = 365078
	max = 19
1073907 [0, 5311648]: LABEL
	tot = 493140
	max = 23
1108534 [0, 5306337]: LABEL
	tot = 643290
	max = 28
1148512 [0, 5301030]: LABEL
	tot = 803576
	max = 35
1195931 [0, 5295729]: LABEL
	tot = 1005094
	max = 45
1252409 [0, 5290434]: LABEL
	tot = 1249839
	max = 50
1320228 [0, 5285143]: LABEL
	tot = 1592095
	max = 68
1400573 [0, 5279858]: LABEL
	tot = 2008953
	max = 89
1497266 [0, 5274578]: LABEL
	tot = 2554215
	max = 123
1614983 [0, 5269304]: LABEL
	tot = 3237336
	max = 164
1755917 [0, 5264034]: LABEL
	tot = 4063323
	max = 214
1926992 [0, 5258770]: LABEL
	tot = 5074956
	max = 269
1967472 [0, 5258770]: LP
	bnd = 5402361.500000
	its = 23
	hyp = 596 / 3114
	cut = 10
2133954 [0, 5253511]: LABEL
	tot = 6354794
	max = 340
2376940 [4951211, 5248258]: LABEL
	tot = 7314458
	max = 372
2669235 [4951211, 5243009]: LABEL
	tot = 9090553
	max = 463
3021147 [4951211, 5237766]: LABEL
	tot = 11238248
	max = 571
3057890 [4951211, 5237766]: LP
	bnd = 5398846.500000
	its = 24
	hyp = 646 / 4147
	cut = 20
	restart
3457363 [5050248, 5232528]: LABEL
	tot = 13434913
	max = 629
3947180 [5050248, 5227296]: LABEL
	tot = 16587863
	max = 774
4037730 [5050248, 5227296]: LP
	bnd = 5398411.000000
	its = 22
	hyp = 847 / 4854
	cut = 30
4543809 [5050248, 5222068]: LABEL
	tot = 20432275
	max = 972
4888412 [5050248, 5222068]: LP
	bnd = 5397791.500000
	its = 19
	hyp = 767 / 5391
	cut = 40
5317974 [5050248, 5216846]: LABEL
	tot = 27153942
	max = 1169
5737960 [5050248, 5216846]: LP
	bnd = 5397791.500000
	its = 19
	hyp = 834 / 5663
	cut = 50
6302639 [5050248, 5211629]: LABEL
	tot = 33962618
	max = 1431
