hypergraph with 1492085 vertices and 654634281 hyperarcs generated in 140670
2042622 [0, 5428118]: LP
	bnd = 5428118.000000
	its = 41
	hyp = 736 / 2515
	cut = 0
2043283 [0, 5428118]: HEURISTIC 3
2043756 [0, 5428118]: LABEL
	tot = 2569
	max = 2
2044717 [0, 5422690]: LABEL
	tot = 9400
	max = 4
2046457 [0, 5417267]: LABEL
	tot = 20198
	max = 8
2049396 [0, 5411850]: LABEL
	tot = 35545
	max = 12
2054577 [0, 5406438]: LABEL
	tot = 61727
	max = 15
2064506 [0, 5401031]: LABEL
	tot = 112321
	max = 29
2083602 [0, 5395630]: LABEL
	tot = 210908
	max = 58
2116089 [0, 5390235]: LABEL
	tot = 366082
	max = 117
2170469 [0, 5384845]: LABEL
	tot = 634321
	max = 211
2259262 [0, 5379460]: LABEL
	tot = 1065530
	max = 341
2400674 [0, 5374080]: LABEL
	tot = 1762524
	max = 592
2627126 [0, 5368706]: LABEL
	tot = 2883718
	max = 1077
2985427 [5339726, 5363338]: LABEL
	tot = 4687062
	max = 1855
3553995 [5339726, 5357974]: LABEL
	tot = 7572049
	max = 3068
4481176 [5339726, 5352616]: LABEL
	tot = 12191960
	max = 4842
4552131 [5339726, 5352616]: LP
	bnd = 5425272.000000
	its = 42
	hyp = 804 / 5044
	cut = 11
	restart
6212384 [5339726, 5347264]: LABEL
	tot = 19990744
	max = 10309
6762965 [5339726, 5347264]: LP
	bnd = 5425116.500000
	its = 35
	hyp = 794 / 6466
	cut = 24
