hypergraph with 860046 vertices and 112289154 hyperarcs generated in 66802
451317 [0, 6138796]: LP
	bnd = 6138796.000000
	its = 15
	hyp = 508 / 1215
	cut = 0
451912 [0, 6138796]: HEURISTIC 3
452436 [0, 6138796]: LABEL
	tot = 4908
	max = 2
454478 [0, 6132657]: LABEL
	tot = 9133
	max = 2
456539 [0, 6126524]: LABEL
	tot = 9207
	max = 2
458579 [0, 6120398]: LABEL
	tot = 10077
	max = 2
460648 [0, 6114277]: LABEL
	tot = 11770
	max = 3
463155 [0, 6108163]: LABEL
	tot = 13652
	max = 3
466309 [0, 6102055]: LABEL
	tot = 34404
	max = 4
469614 [0, 6095953]: LABEL
	tot = 36155
	max = 6
473255 [0, 6089857]: LABEL
	tot = 41386
	max = 6
477086 [0, 6083767]: LABEL
	tot = 48718
	max = 8
482224 [0, 6077683]: LABEL
	tot = 60006
	max = 10
488205 [0, 6071605]: LABEL
	tot = 77533
	max = 10
495113 [0, 6065534]: LABEL
	tot = 93098
	max = 11
502487 [0, 6059468]: LABEL
	tot = 112414
	max = 13
510583 [0, 6053409]: LABEL
	tot = 147808
	max = 17
521810 [0, 6047355]: LABEL
	tot = 203371
	max = 20
533984 [0, 6041308]: LABEL
	tot = 241901
	max = 22
546966 [0, 6035266]: LABEL
	tot = 270286
	max = 24
561293 [0, 6029231]: LABEL
	tot = 348404
	max = 27
577321 [0, 6023202]: LABEL
	tot = 400948
	max = 29
595551 [0, 6017179]: LABEL
	tot = 484029
	max = 29
615982 [0, 6011162]: LABEL
	tot = 566714
	max = 31
639106 [5801291, 6005151]: LABEL
	tot = 682280
	max = 44
664759 [5801291, 5999146]: LABEL
	tot = 789394
	max = 49
685160 [5801291, 5999146]: LP
	bnd = 6138796.000000
	its = 7
	hyp = 579 / 2291
	cut = 8
693348 [5801291, 5993147]: LABEL
	tot = 890635
	max = 62
726669 [5801291, 5987154]: LABEL
	tot = 1107271
	max = 75
764275 [5801291, 5981167]: LABEL
	tot = 1297566
	max = 91
807591 [5801291, 5975186]: LABEL
	tot = 1522516
	max = 105
856140 [5801291, 5969211]: LABEL
	tot = 1781381
	max = 125
911327 [5801291, 5963242]: LABEL
	tot = 2061726
	max = 158
930331 [5801291, 5963242]: LP
	bnd = 6138796.000000
	its = 7
	hyp = 581 / 2578
	cut = 16
975131 [5801291, 5957279]: LABEL
	tot = 2444246
	max = 178
1047863 [5801291, 5951321]: LABEL
	tot = 2771778
	max = 200
1129952 [5935834, 5945370]: LABEL
	tot = 3244789
	max = 223
1223921 [5935834, 5939424]: LABEL
	tot = 3757549
	max = 247
1235596 [5935834, 5939424]: LP
	bnd = 6138796.000000
	its = 9
	hyp = 639 / 2815
	cut = 23
1323966 [5935834, 5935834]: LABEL
	tot = 4033043
	max = 267
