hypergraph with 379359 vertices and 85850721 hyperarcs generated in 24921
228433 [0, 1578892]: LP
	bnd = 1578892.000000
	its = 33
	hyp = 349 / 954
	cut = 0
228633 [0, 1578892]: HEURISTIC 3
228783 [0, 1578892]: LABEL
	tot = 1555
	max = 1
228993 [0, 1577313]: LABEL
	tot = 2554
	max = 2
229310 [0, 1575735]: LABEL
	tot = 4148
	max = 2
229760 [0, 1574160]: LABEL
	tot = 6378
	max = 3
230407 [0, 1572585]: LABEL
	tot = 9686
	max = 4
231530 [0, 1571013]: LABEL
	tot = 16983
	max = 5
233271 [0, 1569442]: LABEL
	tot = 25908
	max = 8
235679 [0, 1567872]: LABEL
	tot = 37882
	max = 8
239332 [0, 1566304]: LABEL
	tot = 57193
	max = 14
244652 [0, 1564738]: LABEL
	tot = 82529
	max = 21
252726 [1492291, 1563173]: LABEL
	tot = 122037
	max = 31
264422 [1492291, 1561610]: LABEL
	tot = 180137
	max = 45
280111 [1492291, 1560049]: LABEL
	tot = 249300
	max = 67
301908 [1494199, 1558489]: LABEL
	tot = 359038
	max = 114
332546 [1494199, 1556930]: LABEL
	tot = 520179
	max = 171
364839 [1494199, 1556930]: LP
	bnd = 1578773.625000
	its = 18
	hyp = 392 / 1957
	cut = 11
375720 [1494199, 1555373]: LABEL
	tot = 743295
	max = 237
436060 [1494199, 1553818]: LABEL
	tot = 1009644
	max = 278
517061 [1494199, 1552264]: LABEL
	tot = 1404295
	max = 426
557773 [1494199, 1552264]: LP
	bnd = 1578558.625000
	its = 26
	hyp = 427 / 2632
	cut = 22
625401 [1506733, 1550712]: LABEL
	tot = 1960954
	max = 616
671539 [1506733, 1550712]: LP
	bnd = 1578386.750000
	its = 15
	hyp = 447 / 2876
	cut = 33
792571 [1506733, 1549161]: LABEL
	tot = 3176590
	max = 1291
845487 [1506733, 1549161]: LP
	bnd = 1578279.250000
	its = 24
	hyp = 565 / 3230
	cut = 44
993730 [1506733, 1549161]: LP
	bnd = 1578105.375000
	its = 20
	hyp = 500 / 3507
	cut = 56
1042239 [1513250, 1547612]: LABEL
	tot = 4763261
	max = 1717
1105072 [1513250, 1547612]: LP
	bnd = 1577998.375000
	its = 14
	hyp = 463 / 3686
	cut = 68
1255802 [1513250, 1547612]: LP
	bnd = 1577906.750000
	its = 20
	hyp = 525 / 3857
	cut = 80
1380725 [1513250, 1547612]: LP
	bnd = 1577842.250000
	its = 16
	hyp = 557 / 4000
	cut = 92
1383776 [1546490, 1546490]: LABEL
	tot = 6516093
	max = 2389
