hypergraph with 323951 vertices and 55260380 hyperarcs generated in 16419
160671 [0, 1379940]: LP
	bnd = 1379940.250000
	its = 31
	hyp = 507 / 1324
	cut = 0
160777 [0, 1379940]: HEURISTIC 3
160861 [0, 1379940]: LABEL
	tot = 1752
	max = 1
161039 [0, 1378560]: LABEL
	tot = 4629
	max = 3
161500 [0, 1377181]: LABEL
	tot = 13404
	max = 8
162371 [0, 1375804]: LABEL
	tot = 25935
	max = 13
163813 [0, 1374428]: LABEL
	tot = 43940
	max = 21
165975 [0, 1373054]: LABEL
	tot = 64656
	max = 30
169044 [0, 1371681]: LABEL
	tot = 90636
	max = 39
173015 [0, 1370309]: LABEL
	tot = 119422
	max = 54
177753 [0, 1368939]: LABEL
	tot = 144805
	max = 69
183826 [0, 1367570]: LABEL
	tot = 187078
	max = 91
191416 [0, 1366203]: LABEL
	tot = 235701
	max = 104
201145 [0, 1364836]: LABEL
	tot = 308287
	max = 123
213522 [0, 1363471]: LABEL
	tot = 401036
	max = 160
229396 [0, 1362108]: LABEL
	tot = 527196
	max = 213
249279 [1337581, 1360746]: LABEL
	tot = 678654
	max = 283
274913 [1346929, 1359385]: LABEL
	tot = 898532
	max = 391
279075 [1346929, 1359385]: LP
	bnd = 1379799.125000
	its = 20
	hyp = 525 / 2128
	cut = 9
308401 [1346929, 1358026]: LABEL
	tot = 1199500
	max = 530
350603 [1346929, 1356668]: LABEL
	tot = 1492234
	max = 666
355793 [1346929, 1356668]: LP
	bnd = 1379799.125000
	its = 12
	hyp = 503 / 2460
	cut = 18
406079 [1346929, 1355311]: LABEL
	tot = 1980015
	max = 895
422951 [1346929, 1355311]: LP
	bnd = 1379799.125000
	its = 10
	hyp = 507 / 2609
	cut = 27
478850 [1346929, 1355311]: LP
	bnd = 1379799.125000
	its = 8
	hyp = 619 / 2809
	cut = 36
478895 [1346929, 1353956]: LABEL
	tot = 2605724
	max = 1175
566129 [1346929, 1353956]: LP
	bnd = 1379799.125000
	its = 14
	hyp = 589 / 2939
	cut = 45
576415 [1346929, 1352602]: LABEL
	tot = 3439805
	max = 1530
606923 [1346929, 1352602]: LP
	bnd = 1379792.750000
	its = 5
	hyp = 619 / 2974
	cut = 54
667644 [1346929, 1352602]: LP
	bnd = 1379789.500000
	its = 9
	hyp = 571 / 3084
	cut = 63
706475 [1346929, 1351249]: LABEL
	tot = 4468246
	max = 1950
743910 [1346929, 1351249]: LP
	bnd = 1379787.875000
	its = 12
	hyp = 639 / 3173
	cut = 72
814015 [1346929, 1351249]: LP
	bnd = 1379787.875000
	its = 11
	hyp = 631 / 3314
	cut = 81
885413 [1346929, 1349898]: LABEL
	tot = 5823064
	max = 2408
889300 [1346929, 1349898]: LP
	bnd = 1379774.500000
	its = 12
	hyp = 653 / 3437
	cut = 90
1028266 [1346929, 1349898]: LP
	bnd = 1379771.875000
	its = 24
	hyp = 718 / 3606
	cut = 99
1125440 [1346929, 1349898]: LP
	bnd = 1379753.375000
	its = 16
	hyp = 650 / 3729
	cut = 108
1126958 [1346929, 1348548]: LABEL
	tot = 7488825
	max = 3064
1197327 [1346929, 1348548]: LP
	bnd = 1379491.625000
	its = 11
	hyp = 535 / 3817
	cut = 117
1344756 [1346929, 1348548]: LP
	bnd = 1379432.750000
	its = 25
	hyp = 691 / 4020
	cut = 126
1459753 [1346929, 1348548]: LP
	bnd = 1379340.250000
	its = 19
	hyp = 664 / 4229
	cut = 135
1491921 [1346929, 1347200]: LABEL
	tot = 10264684
	max = 3893
1569984 [1346929, 1347200]: LP
	bnd = 1379071.375000
	its = 18
	hyp = 596 / 4331
	cut = 144
1648442 [1346929, 1347200]: LP
	bnd = 1378976.875000
	its = 12
	hyp = 626 / 4411
	cut = 153
1711150 [1346929, 1346929]: LABEL
	tot = 7233180
	max = 2370
