hypergraph with 1300661 vertices and 437357674 hyperarcs generated in 97243
2392078 [0, 4022790]: LP
	bnd = 4022790.000000
	its = 63
	hyp = 773 / 3003
	cut = 0
2392401 [0, 4022790]: HEURISTIC 3
2392657 [0, 4022790]: LABEL
	tot = 3016
	max = 1
2393421 [0, 4018767]: LABEL
	tot = 9976
	max = 3
2395790 [0, 4014748]: LABEL
	tot = 35453
	max = 8
2401573 [0, 4010733]: LABEL
	tot = 97105
	max = 25
2414484 [0, 4006723]: LABEL
	tot = 246201
	max = 47
2440563 [0, 4002716]: LABEL
	tot = 600945
	max = 102
2491428 [0, 3998713]: LABEL
	tot = 1399209
	max = 244
2588319 [0, 3994714]: LABEL
	tot = 3149434
	max = 567
2774931 [0, 3990720]: LABEL
	tot = 6840596
	max = 1269
3137878 [0, 3986729]: LABEL
	tot = 14407922
	max = 2676
3715348 [0, 3986729]: LP
	bnd = 4022787.500000
	its = 27
	hyp = 821 / 5326
	cut = 15
3859161 [0, 3982742]: LABEL
	tot = 29648381
	max = 5404
4998654 [0, 3982742]: LP
	bnd = 4022721.500000
	its = 26
	hyp = 862 / 5820
	cut = 30
5339261 [3807486, 3978759]: LABEL
	tot = 59759279
	max = 10468
5921050 [3807486, 3978759]: LP
	bnd = 4022303.500000
	its = 18
	hyp = 739 / 6055
	cut = 45
6985845 [3807486, 3978759]: LP
	bnd = 4022291.000000
	its = 22
	hyp = 808 / 6518
	cut = 61
