hypergraph with 1442611 vertices and 591642315 hyperarcs generated in 142967
1335485 [0, 5947761]: LP
	bnd = 5947761.500000
	its = 25
	hyp = 566 / 1617
	cut = 0
1336025 [0, 5947761]: HEURISTIC 3
1336393 [0, 5947761]: LABEL
	tot = 2124
	max = 1
1337188 [0, 5941813]: LABEL
	tot = 6727
	max = 3
1338234 [0, 5935871]: LABEL
	tot = 10482
	max = 4
1340234 [0, 5929935]: LABEL
	tot = 20202
	max = 6
1343888 [0, 5924005]: LABEL
	tot = 40152
	max = 15
1348670 [0, 5918081]: LABEL
	tot = 53345
	max = 17
1356496 [0, 5912163]: LABEL
	tot = 87981
	max = 29
1367238 [0, 5906251]: LABEL
	tot = 122202
	max = 34
1382866 [0, 5900345]: LABEL
	tot = 194108
	max = 59
1404638 [0, 5894444]: LABEL
	tot = 268313
	max = 66
1436774 [0, 5888550]: LABEL
	tot = 397694
	max = 93
1480049 [0, 5882661]: LABEL
	tot = 543159
	max = 115
1543682 [0, 5876779]: LABEL
	tot = 815105
	max = 166
1627370 [0, 5870902]: LABEL
	tot = 1099762
	max = 206
1749096 [0, 5865031]: LABEL
	tot = 1569523
	max = 288
1911766 [0, 5859166]: LABEL
	tot = 2140177
	max = 370
2149908 [0, 5853307]: LABEL
	tot = 3064339
	max = 513
2359316 [0, 5853307]: LP
	bnd = 5946771.500000
	its = 15
	hyp = 470 / 3484
	cut = 12
2472573 [0, 5847453]: LABEL
	tot = 4151923
	max = 669
2997873 [0, 5841606]: LABEL
	tot = 6602924
	max = 1069
3258671 [0, 5841606]: LP
	bnd = 5946771.500000
	its = 12
	hyp = 483 / 3772
	cut = 25
3737674 [5714618, 5835764]: LABEL
	tot = 9111517
	max = 1578
3991506 [5714618, 5835764]: LP
	bnd = 5946771.500000
	its = 9
	hyp = 482 / 3877
	cut = 38
4694867 [5714618, 5835764]: LP
	bnd = 5946771.500000
	its = 9
	hyp = 483 / 3985
	cut = 51
4781394 [5714618, 5829928]: LABEL
	tot = 12436992
	max = 2232
5560247 [5714618, 5829928]: LP
	bnd = 5946771.500000
	its = 13
	hyp = 500 / 4370
	cut = 64
6235460 [5714618, 5824098]: LABEL
	tot = 16896616
	max = 3181
6456801 [5714618, 5824098]: LP
	bnd = 5946642.500000
	its = 12
	hyp = 597 / 4488
	cut = 77
