hypergraph with 329791 vertices and 57907635 hyperarcs generated in 22443
73581 [0, 1572937]: LP
	bnd = 1572937.125000
	its = 8
	hyp = 182 / 325
	cut = 0
73740 [0, 1572937]: HEURISTIC 3
73857 [1498059, 1572937]: LABEL
	tot = 1115
	max = 2
74106 [1498059, 1571364]: LABEL
	tot = 2814
	max = 2
74354 [1498059, 1569792]: LABEL
	tot = 2814
	max = 2
74649 [1498059, 1568223]: LABEL
	tot = 3529
	max = 3
75164 [1517270, 1566654]: LABEL
	tot = 8209
	max = 3
75682 [1517270, 1565088]: LABEL
	tot = 8316
	max = 3
76242 [1517270, 1563523]: LABEL
	tot = 9326
	max = 4
76813 [1517270, 1561959]: LABEL
	tot = 9638
	max = 4
77770 [1544376, 1560397]: LABEL
	tot = 16740
	max = 7
78760 [1544376, 1558837]: LABEL
	tot = 17553
	max = 7
80083 [1544376, 1557278]: LABEL
	tot = 25412
	max = 14
81605 [1544376, 1555721]: LABEL
	tot = 30804
	max = 14
83673 [1544376, 1554165]: LABEL
	tot = 39772
	max = 21
85826 [1544376, 1552611]: LABEL
	tot = 43437
	max = 26
88325 [1544376, 1551058]: LABEL
	tot = 52830
	max = 32
91576 [1544376, 1549507]: LABEL
	tot = 69138
	max = 46
94938 [1544376, 1547958]: LABEL
	tot = 73151
	max = 53
99210 [1544376, 1546410]: LABEL
	tot = 93506
	max = 72
104763 [1544376, 1544863]: LABEL
	tot = 115591
	max = 93
110473 [1544376, 1544376]: LABEL
	tot = 119911
	max = 97
