hypergraph with 1316375 vertices and 453469287 hyperarcs generated in 131911
501292 [0, 6822647]: LP
	bnd = 6822647.000000
	its = 6
	hyp = 149 / 397
	cut = 0
501936 [0, 6822647]: HEURISTIC 3
502414 [0, 6822647]: LABEL
	tot = 3695
	max = 3
502961 [0, 6815824]: LABEL
	tot = 4762
	max = 3
503507 [0, 6809008]: LABEL
	tot = 4762
	max = 3
504056 [0, 6802199]: LABEL
	tot = 4981
	max = 4
504884 [0, 6795397]: LABEL
	tot = 9179
	max = 4
505808 [0, 6788602]: LABEL
	tot = 10831
	max = 4
506747 [0, 6781813]: LABEL
	tot = 11695
	max = 5
507735 [0, 6775031]: LABEL
	tot = 14576
	max = 8
508995 [0, 6768256]: LABEL
	tot = 20308
	max = 11
510326 [0, 6761488]: LABEL
	tot = 24407
	max = 16
512228 [0, 6754726]: LABEL
	tot = 32692
	max = 20
514173 [0, 6747972]: LABEL
	tot = 34812
	max = 23
516400 [0, 6741224]: LABEL
	tot = 44738
	max = 27
519167 [0, 6734483]: LABEL
	tot = 59233
	max = 40
522198 [0, 6727748]: LABEL
	tot = 68011
	max = 51
526936 [0, 6721021]: LABEL
	tot = 103396
	max = 74
533835 [6718582, 6718582]: LABEL
	tot = 136216
	max = 98
