hypergraph with 1084155 vertices and 246260614 hyperarcs generated in 80269
547084 [0, 6313755]: LP
	bnd = 6313755.500000
	its = 14
	hyp = 562 / 1090
	cut = 0
547438 [0, 6313755]: HEURISTIC 3
547733 [0, 6313755]: LABEL
	tot = 5189
	max = 1
555604 [6222674, 6307441]: LABEL
	tot = 61398
	max = 2
566231 [6222674, 6301134]: LABEL
	tot = 89403
	max = 2
577559 [6222674, 6294833]: LABEL
	tot = 100351
	max = 4
589341 [6263148, 6288538]: LABEL
	tot = 110209
	max = 4
601714 [6263148, 6282249]: LABEL
	tot = 121611
	max = 6
615196 [6263148, 6275967]: LABEL
	tot = 140794
	max = 7
631251 [6263148, 6269691]: LABEL
	tot = 182596
	max = 11
650875 [6263148, 6263422]: LABEL
	tot = 271082
	max = 17
670622 [6263148, 6263148]: LABEL
	tot = 271082
	max = 17
