hypergraph with 1149734 vertices and 313693360 hyperarcs generated in 105732
585769 [0, 5389383]: LP
	bnd = 5389383.000000
	its = 13
	hyp = 424 / 915
	cut = 0
586770 [0, 5389383]: HEURISTIC 3
587570 [0, 5389383]: HEURISTIC 9
588471 [0, 5389383]: LABEL
	tot = 12797
	max = 6
589908 [0, 5383993]: LABEL
	tot = 18756
	max = 6
591776 [0, 5378609]: LABEL
	tot = 25919
	max = 7
593697 [0, 5373231]: LABEL
	tot = 28141
	max = 9
595634 [0, 5367858]: LABEL
	tot = 28525
	max = 9
597924 [0, 5362490]: LABEL
	tot = 39094
	max = 9
600212 [0, 5357127]: LABEL
	tot = 39094
	max = 9
603009 [0, 5351770]: LABEL
	tot = 47433
	max = 15
606205 [0, 5346418]: LABEL
	tot = 56217
	max = 16
609844 [0, 5341072]: LABEL
	tot = 67976
	max = 20
615241 [5265782, 5335731]: LABEL
	tot = 102466
	max = 23
623646 [5265782, 5330395]: LABEL
	tot = 162497
	max = 31
634146 [5265782, 5325065]: LABEL
	tot = 205460
	max = 42
646277 [5265782, 5319740]: LABEL
	tot = 244209
	max = 47
659442 [5265782, 5314420]: LABEL
	tot = 280167
	max = 58
674769 [5278389, 5309106]: LABEL
	tot = 336997
	max = 66
692197 [5304749, 5304749]: LABEL
	tot = 380109
	max = 87
