hypergraph with 379955 vertices and 85009311 hyperarcs generated in 24926
332178 [0, 1240509]: LP
	bnd = 1240509.500000
	its = 56
	hyp = 400 / 1883
	cut = 0
332277 [0, 1240509]: HEURISTIC 3
332350 [0, 1240509]: LABEL
	tot = 445
	max = 1
332505 [0, 1239269]: LABEL
	tot = 1879
	max = 2
332831 [0, 1238029]: LABEL
	tot = 4460
	max = 3
333481 [0, 1236791]: LABEL
	tot = 9271
	max = 4
334692 [0, 1235555]: LABEL
	tot = 17151
	max = 5
336724 [0, 1234319]: LABEL
	tot = 31277
	max = 9
340073 [0, 1233085]: LABEL
	tot = 55371
	max = 16
345482 [0, 1231852]: LABEL
	tot = 91640
	max = 24
354161 [0, 1230620]: LABEL
	tot = 154523
	max = 43
367534 [0, 1229389]: LABEL
	tot = 254970
	max = 78
387797 [0, 1228160]: LABEL
	tot = 416380
	max = 126
418656 [0, 1226932]: LABEL
	tot = 676409
	max = 219
464880 [1181353, 1225705]: LABEL
	tot = 1079803
	max = 372
534460 [1181353, 1224479]: LABEL
	tot = 1722318
	max = 588
580034 [1181353, 1224479]: LP
	bnd = 1239790.625000
	its = 35
	hyp = 518 / 2849
	cut = 13
	restart
696763 [1215420, 1223254]: LABEL
	tot = 2979454
	max = 874
860519 [1215420, 1223254]: LP
	bnd = 1239694.250000
	its = 40
	hyp = 577 / 3494
	cut = 27
869951 [1215420, 1222031]: LABEL
	tot = 4723582
	max = 1413
1122400 [1215420, 1220809]: LABEL
	tot = 7069746
	max = 1963
1158014 [1215420, 1220809]: LP
	bnd = 1239402.375000
	its = 43
	hyp = 691 / 3983
	cut = 41
1479752 [1215420, 1220809]: LP
	bnd = 1238771.750000
	its = 47
	hyp = 726 / 4531
	cut = 55
	restart
1719645 [1215420, 1220809]: LP
	bnd = 1238488.250000
	its = 34
	hyp = 772 / 4816
	cut = 69
1744063 [1215420, 1219588]: LABEL
	tot = 7200728
	max = 1190
2029852 [1215420, 1219588]: LP
	bnd = 1238310.750000
	its = 45
	hyp = 792 / 5302
	cut = 84
2117393 [1215420, 1218369]: LABEL
	tot = 10322363
	max = 1697
2334291 [1215420, 1218369]: LP
	bnd = 1238108.250000
	its = 44
	hyp = 933 / 5744
	cut = 99
2663102 [1215420, 1218369]: LP
	bnd = 1238008.125000
	its = 47
	hyp = 976 / 6118
	cut = 114
2669382 [1215744, 1217150]: LABEL
	tot = 15485173
	max = 2603
2960207 [1215744, 1217150]: LP
	bnd = 1237879.125000
	its = 42
	hyp = 914 / 6519
	cut = 129
3300451 [1215744, 1217150]: LP
	bnd = 1237742.500000
	its = 48
	hyp = 1034 / 6823
	cut = 144
3529884 [1215744, 1215933]: LABEL
	tot = 24115644
	max = 4521
3743651 [1215744, 1215933]: LP
	bnd = 1237534.750000
	its = 63
	hyp = 1171 / 7262
	cut = 159
4179361 [1215744, 1215933]: LP
	bnd = 1237274.750000
	its = 62
	hyp = 1160 / 7685
	cut = 174
4406173 [1215744, 1215744]: LABEL
	tot = 24485862
	max = 4462
