hypergraph with 358491 vertices and 72149559 hyperarcs generated in 27171
172989 [0, 1540077]: LP
	bnd = 1540077.625000
	its = 25
	hyp = 253 / 801
	cut = 0
173123 [0, 1540077]: HEURISTIC 3
173214 [0, 1540077]: LABEL
	tot = 660
	max = 1
173363 [0, 1538537]: LABEL
	tot = 2073
	max = 3
173574 [0, 1536999]: LABEL
	tot = 3136
	max = 3
173896 [0, 1535462]: LABEL
	tot = 5477
	max = 5
174369 [0, 1533926]: LABEL
	tot = 8716
	max = 7
175045 [0, 1532392]: LABEL
	tot = 12589
	max = 8
175948 [0, 1530860]: LABEL
	tot = 17059
	max = 14
177220 [0, 1529329]: LABEL
	tot = 24811
	max = 22
178971 [0, 1527800]: LABEL
	tot = 34491
	max = 38
181473 [0, 1526272]: LABEL
	tot = 48813
	max = 52
185329 [0, 1524746]: LABEL
	tot = 73556
	max = 68
190826 [0, 1523221]: LABEL
	tot = 103734
	max = 108
198364 [1473529, 1521698]: LABEL
	tot = 138208
	max = 140
208380 [1482033, 1520176]: LABEL
	tot = 188025
	max = 192
222154 [1487849, 1518656]: LABEL
	tot = 263906
	max = 275
240118 [1487849, 1517137]: LABEL
	tot = 353698
	max = 370
264534 [1488449, 1515620]: LABEL
	tot = 491092
	max = 498
289350 [1488449, 1515620]: LP
	bnd = 1539957.250000
	its = 16
	hyp = 284 / 1713
	cut = 9
297309 [1491634, 1514104]: LABEL
	tot = 679753
	max = 685
353965 [1500260, 1512590]: LABEL
	tot = 1180408
	max = 960
428693 [1500260, 1511078]: LABEL
	tot = 1629219
	max = 1307
445886 [1500260, 1511078]: LP
	bnd = 1538858.500000
	its = 22
	hyp = 423 / 2155
	cut = 18
	restart
506649 [1500260, 1509566]: LABEL
	tot = 1328908
	max = 1200
555843 [1500260, 1509566]: LP
	bnd = 1538858.500000
	its = 15
	hyp = 420 / 2376
	cut = 27
586653 [1508216, 1508216]: LABEL
	tot = 1780006
	max = 1614
