hypergraph with 349736 vertices and 68143672 hyperarcs generated in 22657
169215 [0, 1352149]: LP
	bnd = 1352149.750000
	its = 27
	hyp = 283 / 905
	cut = 0
169400 [0, 1352149]: HEURISTIC 3
169552 [0, 1352149]: LABEL
	tot = 2433
	max = 3
169761 [0, 1350797]: LABEL
	tot = 4609
	max = 5
170090 [0, 1349446]: LABEL
	tot = 8645
	max = 13
170523 [0, 1348097]: LABEL
	tot = 13122
	max = 23
171343 [0, 1346749]: LABEL
	tot = 26182
	max = 46
172551 [0, 1345402]: LABEL
	tot = 40883
	max = 71
174210 [0, 1344057]: LABEL
	tot = 58823
	max = 90
176560 [0, 1342713]: LABEL
	tot = 86440
	max = 132
180338 [0, 1341370]: LABEL
	tot = 134175
	max = 219
185474 [0, 1340029]: LABEL
	tot = 189309
	max = 345
193038 [1334803, 1338689]: LABEL
	tot = 276785
	max = 523
203890 [1334803, 1337350]: LABEL
	tot = 394798
	max = 762
219813 [1334803, 1336012]: LABEL
	tot = 567970
	max = 1118
242693 [1334803, 1334803]: LABEL
	tot = 801017
	max = 1656
