hypergraph with 1427623 vertices and 575248827 hyperarcs generated in 134125
2245111 [0, 5932044]: LP
	bnd = 5932044.500000
	its = 49
	hyp = 776 / 2541
	cut = 0
2245512 [0, 5932044]: HEURISTIC 3
2245750 [0, 5932044]: LABEL
	tot = 121
	max = 1
2246893 [0, 5926112]: LABEL
	tot = 11825
	max = 3
2248701 [0, 5920186]: LABEL
	tot = 19506
	max = 4
2252780 [0, 5914266]: LABEL
	tot = 41484
	max = 6
2259333 [0, 5908352]: LABEL
	tot = 72827
	max = 9
2272469 [0, 5902443]: LABEL
	tot = 134665
	max = 13
2296603 [0, 5896541]: LABEL
	tot = 249712
	max = 25
2339198 [0, 5890644]: LABEL
	tot = 442366
	max = 44
2407773 [0, 5884754]: LABEL
	tot = 753635
	max = 65
2517040 [0, 5878869]: LABEL
	tot = 1217786
	max = 112
2688192 [0, 5872990]: LABEL
	tot = 1993164
	max = 174
2954829 [0, 5867117]: LABEL
	tot = 3209960
	max = 296
3365712 [0, 5861250]: LABEL
	tot = 5130078
	max = 485
3385756 [0, 5861250]: LP
	bnd = 5932044.500000
	its = 20
	hyp = 849 / 4400
	cut = 15
3986204 [0, 5855389]: LABEL
	tot = 8070553
	max = 811
4826497 [0, 5855389]: LP
	bnd = 5932044.500000
	its = 26
	hyp = 884 / 5534
	cut = 30
4956587 [0, 5849533]: LABEL
	tot = 12591170
	max = 1314
6231404 [0, 5849533]: LP
	bnd = 5931951.500000
	its = 25
	hyp = 967 / 6307
	cut = 45
6461957 [0, 5843684]: LABEL
	tot = 19484835
	max = 2158
