hypergraph with 342222 vertices and 61654068 hyperarcs generated in 19440
207417 [0, 1250153]: LP
	bnd = 1250153.875000
	its = 39
	hyp = 530 / 1682
	cut = 0
207525 [0, 1250153]: HEURISTIC 3
207611 [0, 1250153]: LABEL
	tot = 1744
	max = 1
207770 [0, 1248903]: LABEL
	tot = 6186
	max = 8
208081 [0, 1247654]: LABEL
	tot = 11006
	max = 11
208633 [0, 1246407]: LABEL
	tot = 19530
	max = 16
209482 [0, 1245160]: LABEL
	tot = 34472
	max = 25
210700 [0, 1243915]: LABEL
	tot = 51602
	max = 51
212641 [0, 1242671]: LABEL
	tot = 84830
	max = 83
215757 [0, 1241429]: LABEL
	tot = 138938
	max = 113
220208 [1211887, 1240187]: LABEL
	tot = 209814
	max = 161
226692 [1211887, 1238947]: LABEL
	tot = 319694
	max = 243
236015 [1211887, 1237708]: LABEL
	tot = 476171
	max = 360
249350 [1211887, 1236470]: LABEL
	tot = 705197
	max = 513
268213 [1211887, 1235234]: LABEL
	tot = 1045399
	max = 806
295265 [1211887, 1235234]: LP
	bnd = 1250153.875000
	its = 14
	hyp = 575 / 2488
	cut = 12
295951 [1211887, 1233999]: LABEL
	tot = 1586123
	max = 1228
337292 [1211887, 1232765]: LABEL
	tot = 2363260
	max = 1883
375353 [1211887, 1232765]: LP
	bnd = 1249974.500000
	its = 12
	hyp = 568 / 2648
	cut = 24
399034 [1216033, 1231532]: LABEL
	tot = 3492665
	max = 2762
485780 [1216033, 1231532]: LP
	bnd = 1249847.750000
	its = 17
	hyp = 601 / 2882
	cut = 36
492068 [1217470, 1230300]: LABEL
	tot = 5088975
	max = 4110
618420 [1217470, 1229070]: LABEL
	tot = 6836946
	max = 5216
630774 [1217470, 1229070]: LP
	bnd = 1249723.250000
	its = 23
	hyp = 511 / 3150
	cut = 48
738993 [1217470, 1229070]: LP
	bnd = 1249588.750000
	its = 16
	hyp = 558 / 3402
	cut = 60
804145 [1220097, 1227841]: LABEL
	tot = 9802831
	max = 7207
863423 [1220097, 1227841]: LP
	bnd = 1249487.625000
	its = 19
	hyp = 708 / 3673
	cut = 72
1026449 [1220097, 1227841]: LP
	bnd = 1249404.625000
	its = 26
	hyp = 831 / 3985
	cut = 84
1066288 [1220097, 1226613]: LABEL
	tot = 13292309
	max = 10284
1149812 [1220097, 1226613]: LP
	bnd = 1249349.750000
	its = 19
	hyp = 782 / 4168
	cut = 96
1289556 [1220097, 1226613]: LP
	bnd = 1249260.625000
	its = 22
	hyp = 907 / 4385
	cut = 108
1444722 [1225460, 1225460]: LABEL
	tot = 18000332
	max = 15341
