hypergraph with 1236517 vertices and 372497125 hyperarcs generated in 91389
1664955 [0, 4465221]: LP
	bnd = 4465221.500000
	its = 45
	hyp = 524 / 2593
	cut = 0
1665260 [0, 4465221]: HEURISTIC 3
1665498 [0, 4465221]: LABEL
	tot = 3028
	max = 3
1666203 [0, 4460756]: LABEL
	tot = 8759
	max = 3
1667494 [0, 4456295]: LABEL
	tot = 20247
	max = 6
1670190 [0, 4451839]: LABEL
	tot = 46877
	max = 9
1675266 [0, 4447387]: LABEL
	tot = 100735
	max = 19
1683980 [0, 4442939]: LABEL
	tot = 199722
	max = 33
1699087 [0, 4438496]: LABEL
	tot = 394793
	max = 54
1724068 [0, 4434058]: LABEL
	tot = 745514
	max = 92
1764467 [0, 4429624]: LABEL
	tot = 1379170
	max = 158
1831851 [4395994, 4425194]: LABEL
	tot = 2544735
	max = 294
1940573 [4395994, 4420769]: LABEL
	tot = 4524459
	max = 599
2119014 [4402619, 4416348]: LABEL
	tot = 7948403
	max = 1268
2422049 [4402619, 4411932]: LABEL
	tot = 13717166
	max = 2436
2910876 [4402619, 4411932]: LP
	bnd = 4465125.500000
	its = 27
	hyp = 577 / 4305
	cut = 14
2917457 [4411351, 4411351]: LABEL
	tot = 23240759
	max = 4436
