hypergraph with 1140906 vertices and 296852501 hyperarcs generated in 97481
734776 [0, 5769029]: LP
	bnd = 5769029.000000
	its = 18
	hyp = 585 / 1157
	cut = 0
735206 [0, 5769029]: HEURISTIC 3
735524 [0, 5769029]: LABEL
	tot = 2454
	max = 1
736504 [0, 5763260]: LABEL
	tot = 10737
	max = 2
737788 [0, 5757496]: LABEL
	tot = 15348
	max = 3
739678 [0, 5751739]: LABEL
	tot = 29976
	max = 7
742167 [0, 5745987]: LABEL
	tot = 40657
	max = 9
745875 [0, 5740241]: LABEL
	tot = 63995
	max = 16
751923 [0, 5734501]: LABEL
	tot = 107650
	max = 28
760230 [0, 5728767]: LABEL
	tot = 148407
	max = 46
771894 [0, 5723038]: LABEL
	tot = 227555
	max = 62
787740 [0, 5717315]: LABEL
	tot = 307485
	max = 80
809352 [0, 5711597]: LABEL
	tot = 434212
	max = 109
839603 [0, 5705886]: LABEL
	tot = 618514
	max = 142
880705 [5618653, 5700180]: LABEL
	tot = 821399
	max = 195
936483 [5618653, 5694480]: LABEL
	tot = 1125534
	max = 262
1009698 [5645693, 5688785]: LABEL
	tot = 1467550
	max = 343
1108592 [5645693, 5683096]: LABEL
	tot = 1938652
	max = 432
1240464 [5682272, 5682272]: LABEL
	tot = 2544165
	max = 562
