hypergraph with 1036131 vertices and 217404206 hyperarcs generated in 78227
575255 [0, 5973995]: LP
	bnd = 5973995.500000
	its = 16
	hyp = 320 / 1025
	cut = 0
575915 [0, 5973995]: HEURISTIC 3
576513 [0, 5973995]: LABEL
	tot = 9049
	max = 3
577139 [0, 5968021]: LABEL
	tot = 9085
	max = 3
577794 [0, 5962053]: LABEL
	tot = 10108
	max = 4
578471 [0, 5956091]: LABEL
	tot = 11092
	max = 4
579196 [0, 5950135]: LABEL
	tot = 13038
	max = 5
579928 [0, 5944185]: LABEL
	tot = 13917
	max = 6
580751 [0, 5938241]: LABEL
	tot = 15795
	max = 6
581678 [0, 5932303]: LABEL
	tot = 19481
	max = 8
582962 [5813697, 5926371]: LABEL
	tot = 31284
	max = 11
584366 [5813697, 5920444]: LABEL
	tot = 34872
	max = 13
585839 [5813697, 5914524]: LABEL
	tot = 37601
	max = 13
587396 [5813697, 5908609]: LABEL
	tot = 43445
	max = 18
589014 [5813697, 5902701]: LABEL
	tot = 47344
	max = 21
591000 [5813697, 5896798]: LABEL
	tot = 56742
	max = 20
593131 [5813697, 5890901]: LABEL
	tot = 65311
	max = 25
595588 [5813697, 5885010]: LABEL
	tot = 77730
	max = 28
599511 [5813697, 5879125]: LABEL
	tot = 102590
	max = 28
604029 [5813697, 5873246]: LABEL
	tot = 117416
	max = 29
608981 [5813697, 5867373]: LABEL
	tot = 136729
	max = 40
614827 [5813697, 5861506]: LABEL
	tot = 160360
	max = 45
621158 [5813697, 5855644]: LABEL
	tot = 181905
	max = 48
628578 [5813697, 5849789]: LABEL
	tot = 217075
	max = 49
637303 [5813697, 5843939]: LABEL
	tot = 271100
	max = 61
648081 [5813697, 5838095]: LABEL
	tot = 354062
	max = 66
660258 [5813697, 5832257]: LABEL
	tot = 408691
	max = 75
673850 [5813697, 5826424]: LABEL
	tot = 457014
	max = 95
691329 [5813697, 5820598]: LABEL
	tot = 600641
	max = 107
712523 [5813697, 5814777]: LABEL
	tot = 710265
	max = 118
734137 [5813697, 5813697]: LABEL
	tot = 726271
	max = 120
