hypergraph with 379736 vertices and 85747321 hyperarcs generated in 27769
154890 [0, 1449190]: LP
	bnd = 1449190.875000
	its = 20
	hyp = 375 / 826
	cut = 0
155030 [0, 1449190]: HEURISTIC 3
155122 [0, 1449190]: LABEL
	tot = 932
	max = 1
155271 [0, 1447741]: LABEL
	tot = 2261
	max = 2
155608 [0, 1446293]: LABEL
	tot = 4859
	max = 6
156069 [0, 1444847]: LABEL
	tot = 7752
	max = 7
157027 [0, 1443402]: LABEL
	tot = 15687
	max = 10
158551 [0, 1441959]: LABEL
	tot = 26265
	max = 17
161083 [0, 1440517]: LABEL
	tot = 43146
	max = 29
165510 [0, 1439076]: LABEL
	tot = 72178
	max = 45
172260 [0, 1437637]: LABEL
	tot = 114591
	max = 73
182328 [0, 1436200]: LABEL
	tot = 181638
	max = 128
197498 [0, 1434763]: LABEL
	tot = 279173
	max = 204
220094 [1401929, 1433329]: LABEL
	tot = 425361
	max = 331
252385 [1401929, 1431895]: LABEL
	tot = 642507
	max = 508
299414 [1401929, 1430463]: LABEL
	tot = 969623
	max = 770
317807 [1401929, 1430463]: LP
	bnd = 1448344.750000
	its = 23
	hyp = 409 / 2096
	cut = 9
	restart
380771 [1405754, 1429033]: LABEL
	tot = 1384291
	max = 746
402165 [1405754, 1429033]: LP
	bnd = 1448344.750000
	its = 11
	hyp = 438 / 2428
	cut = 19
472966 [1408009, 1427604]: LABEL
	tot = 2093087
	max = 1143
473571 [1408009, 1427604]: LP
	bnd = 1448344.750000
	its = 9
	hyp = 452 / 2652
	cut = 29
573933 [1408009, 1427604]: LP
	bnd = 1448317.500000
	its = 13
	hyp = 422 / 2857
	cut = 39
609256 [1408396, 1426176]: LABEL
	tot = 3157651
	max = 1714
667673 [1408396, 1426176]: LP
	bnd = 1448317.500000
	its = 12
	hyp = 525 / 3002
	cut = 49
781072 [1408396, 1426176]: LP
	bnd = 1448317.625000
	its = 15
	hyp = 502 / 3225
	cut = 59
816246 [1408396, 1424750]: LABEL
	tot = 4869226
	max = 2877
951336 [1408396, 1424750]: LP
	bnd = 1448306.750000
	its = 22
	hyp = 626 / 3454
	cut = 69
1084590 [1408396, 1424750]: LP
	bnd = 1448080.000000
	its = 17
	hyp = 605 / 3664
	cut = 79
1129662 [1409730, 1423325]: LABEL
	tot = 7386924
	max = 4880
1191523 [1409730, 1423325]: LP
	bnd = 1448064.500000
	its = 12
	hyp = 586 / 3810
	cut = 89
1305807 [1409730, 1423325]: LP
	bnd = 1448036.250000
	its = 14
	hyp = 673 / 3975
	cut = 99
1435789 [1409730, 1423325]: LP
	bnd = 1447969.875000
	its = 15
	hyp = 729 / 4143
	cut = 109
1554307 [1409730, 1423325]: LP
	bnd = 1447795.625000
	its = 14
	hyp = 663 / 4247
	cut = 119
1603847 [1420955, 1421902]: LABEL
	tot = 10397349
	max = 6432
1704415 [1420955, 1421902]: LP
	bnd = 1447741.750000
	its = 19
	hyp = 702 / 4456
	cut = 129
1799889 [1420955, 1421902]: LP
	bnd = 1447711.125000
	its = 11
	hyp = 651 / 4578
	cut = 140
1965912 [1420955, 1421902]: LP
	bnd = 1447542.750000
	its = 21
	hyp = 845 / 4729
	cut = 151
2160004 [1420955, 1421902]: LP
	bnd = 1447346.125000
	its = 25
	hyp = 766 / 4958
	cut = 162
2248151 [1420955, 1420955]: LABEL
	tot = 14375732
	max = 8533
