hypergraph with 287568 vertices and 35940324 hyperarcs generated in 13610
100671 [0, 966930]: LP
	bnd = 966930.625000
	its = 21
	hyp = 334 / 916
	cut = 0
100709 [0, 966930]: HEURISTIC 3
100737 [0, 966930]: LABEL
	tot = 60
	max = 1
100802 [0, 965963]: LABEL
	tot = 1378
	max = 3
100880 [0, 964997]: LABEL
	tot = 1575
	max = 3
100980 [0, 964032]: LABEL
	tot = 3062
	max = 8
101095 [0, 963068]: LABEL
	tot = 3890
	max = 8
101243 [0, 962105]: LABEL
	tot = 4924
	max = 8
101436 [0, 961143]: LABEL
	tot = 7529
	max = 13
101665 [0, 960182]: LABEL
	tot = 9037
	max = 14
101998 [0, 959222]: LABEL
	tot = 14142
	max = 14
102421 [0, 958262]: LABEL
	tot = 17394
	max = 19
102951 [0, 957304]: LABEL
	tot = 22448
	max = 21
103672 [0, 956347]: LABEL
	tot = 32206
	max = 25
104560 [0, 955391]: LABEL
	tot = 40376
	max = 27
105688 [0, 954435]: LABEL
	tot = 52009
	max = 34
107096 [0, 953481]: LABEL
	tot = 69507
	max = 44
108794 [0, 952527]: LABEL
	tot = 86901
	max = 54
110917 [0, 951575]: LABEL
	tot = 110265
	max = 68
113599 [0, 950623]: LABEL
	tot = 144349
	max = 93
116969 [0, 949673]: LABEL
	tot = 183379
	max = 133
121006 [0, 948723]: LABEL
	tot = 227528
	max = 154
125873 [863239, 947774]: LABEL
	tot = 283507
	max = 202
131857 [863239, 946826]: LABEL
	tot = 358486
	max = 268
139107 [863239, 945880]: LABEL
	tot = 438809
	max = 332
147882 [863239, 944934]: LABEL
	tot = 543857
	max = 402
158704 [863239, 943989]: LABEL
	tot = 686877
	max = 500
171806 [931213, 943045]: LABEL
	tot = 848778
	max = 615
180309 [931213, 943045]: LP
	bnd = 966930.625000
	its = 15
	hyp = 336 / 1362
	cut = 8
187598 [931213, 942102]: LABEL
	tot = 1043428
	max = 741
207907 [931213, 941160]: LABEL
	tot = 1309499
	max = 908
232518 [931213, 940218]: LABEL
	tot = 1611317
	max = 1103
253257 [931213, 940218]: LP
	bnd = 966930.625000
	its = 14
	hyp = 322 / 1573
	cut = 16
261910 [932626, 939278]: LABEL
	tot = 1960270
	max = 1307
296807 [935247, 938339]: LABEL
	tot = 2407117
	max = 1622
339139 [935247, 937401]: LABEL
	tot = 2924630
	max = 1943
347630 [935247, 937401]: LP
	bnd = 966930.625000
	its = 18
	hyp = 335 / 1765
	cut = 24
390818 [935247, 936463]: LABEL
	tot = 3557785
	max = 2357
405494 [935247, 936463]: LP
	bnd = 966887.875000
	its = 10
	hyp = 368 / 1942
	cut = 32
456042 [935404, 935527]: LABEL
	tot = 4410278
	max = 2862
463557 [935404, 935527]: LP
	bnd = 966881.062500
	its = 10
	hyp = 388 / 2021
	cut = 40
523261 [935404, 935527]: LP
	bnd = 966863.500000
	its = 10
	hyp = 440 / 2206
	cut = 48
524760 [935404, 935404]: LABEL
	tot = 4542209
	max = 2564
