hypergraph with 383711 vertices and 88702486 hyperarcs generated in 27745
227414 [0, 1603184]: LP
	bnd = 1603184.250000
	its = 32
	hyp = 406 / 1116
	cut = 0
227547 [0, 1603184]: HEURISTIC 3
227634 [0, 1603184]: LABEL
	tot = 624
	max = 1
227954 [0, 1601581]: LABEL
	tot = 4391
	max = 2
228553 [0, 1599979]: LABEL
	tot = 8797
	max = 3
229479 [0, 1598379]: LABEL
	tot = 13957
	max = 5
230862 [0, 1596781]: LABEL
	tot = 20931
	max = 8
232867 [0, 1595184]: LABEL
	tot = 30269
	max = 10
235949 [0, 1593589]: LABEL
	tot = 46642
	max = 15
240753 [0, 1591995]: LABEL
	tot = 70836
	max = 19
247664 [0, 1590403]: LABEL
	tot = 102311
	max = 27
257195 [0, 1588813]: LABEL
	tot = 141278
	max = 36
270138 [0, 1587224]: LABEL
	tot = 197442
	max = 48
287813 [0, 1585637]: LABEL
	tot = 271251
	max = 67
312168 [0, 1584051]: LABEL
	tot = 377140
	max = 96
345864 [0, 1582467]: LABEL
	tot = 535194
	max = 142
348291 [0, 1582467]: LP
	bnd = 1603184.250000
	its = 16
	hyp = 413 / 2239
	cut = 11
391400 [0, 1580885]: LABEL
	tot = 734350
	max = 195
454346 [0, 1579304]: LABEL
	tot = 1048106
	max = 281
492646 [0, 1579304]: LP
	bnd = 1602531.000000
	its = 19
	hyp = 475 / 2751
	cut = 22
540712 [0, 1577724]: LABEL
	tot = 1433957
	max = 413
601919 [0, 1577724]: LP
	bnd = 1602205.750000
	its = 14
	hyp = 421 / 2901
	cut = 33
645716 [0, 1576147]: LABEL
	tot = 1752513
	max = 355
732735 [0, 1576147]: LP
	bnd = 1602205.875000
	its = 17
	hyp = 419 / 3095
	cut = 44
782322 [0, 1574571]: LABEL
	tot = 2275414
	max = 535
849142 [0, 1574571]: LP
	bnd = 1602205.750000
	its = 15
	hyp = 461 / 3223
	cut = 55
967855 [1553328, 1572996]: LABEL
	tot = 3029132
	max = 776
1036291 [1553328, 1572996]: LP
	bnd = 1602025.125000
	its = 25
	hyp = 608 / 3520
	cut = 66
1224914 [1553328, 1571423]: LABEL
	tot = 4193135
	max = 1074
1231584 [1553328, 1571423]: LP
	bnd = 1601993.625000
	its = 26
	hyp = 590 / 3754
	cut = 77
1458059 [1553328, 1571423]: LP
	bnd = 1601861.750000
	its = 31
	hyp = 557 / 4019
	cut = 88
1565614 [1553328, 1569852]: LABEL
	tot = 5380440
	max = 1597
1589269 [1553328, 1569852]: LP
	bnd = 1601465.875000
	its = 17
	hyp = 543 / 4182
	cut = 99
1724830 [1553328, 1569852]: LP
	bnd = 1601451.250000
	its = 17
	hyp = 637 / 4338
	cut = 110
1913930 [1553328, 1569852]: LP
	bnd = 1601411.875000
	its = 25
	hyp = 671 / 4560
	cut = 121
1983840 [1553889, 1568282]: LABEL
	tot = 6318118
	max = 1696
2164662 [1553889, 1568282]: LP
	bnd = 1601341.625000
	its = 34
	hyp = 804 / 4822
	cut = 132
2427306 [1553889, 1568282]: LP
	bnd = 1600808.000000
	its = 35
	hyp = 698 / 5110
	cut = 143
2549081 [1553889, 1566713]: LABEL
	tot = 8689048
	max = 2171
2764777 [1553889, 1566713]: LP
	bnd = 1600506.250000
	its = 45
	hyp = 820 / 5491
	cut = 154
2997146 [1553889, 1566713]: LP
	bnd = 1600084.000000
	its = 30
	hyp = 899 / 5750
	cut = 165
3210878 [1560684, 1565147]: LABEL
	tot = 10439068
	max = 2711
3324393 [1560684, 1565147]: LP
	bnd = 1599395.375000
	its = 43
	hyp = 972 / 6074
	cut = 176
3584195 [1560684, 1565147]: LP
	bnd = 1599264.125000
	its = 34
	hyp = 982 / 6283
	cut = 187
	restart
3880101 [1560684, 1565147]: LP
	bnd = 1599055.875000
	its = 39
	hyp = 989 / 6564
	cut = 198
4150374 [1560684, 1565147]: LP
	bnd = 1598872.625000
	its = 35
	hyp = 995 / 6821
	cut = 209
4285698 [1561642, 1563582]: LABEL
	tot = 11860409
	max = 3663
4444084 [1561642, 1563582]: LP
	bnd = 1598687.250000
	its = 38
	hyp = 1077 / 7028
	cut = 220
4671385 [1561642, 1563582]: LP
	bnd = 1598399.625000
	its = 28
	hyp = 1059 / 7235
	cut = 231
5009701 [1561642, 1563582]: LP
	bnd = 1598205.375000
	its = 44
	hyp = 1219 / 7503
	cut = 242
5171705 [1561642, 1562018]: LABEL
	tot = 15066225
	max = 4747
5384386 [1561642, 1562018]: LP
	bnd = 1598051.000000
	its = 49
	hyp = 1273 / 7844
	cut = 253
5628305 [1561642, 1562018]: LP
	bnd = 1597500.500000
	its = 30
	hyp = 1215 / 8146
	cut = 264
5933946 [1561642, 1562018]: LP
	bnd = 1597405.125000
	its = 38
	hyp = 1347 / 8445
	cut = 275
	restart
6226520 [1561642, 1562018]: LP
	bnd = 1597219.875000
	its = 36
	hyp = 1197 / 8726
	cut = 286
6547817 [1561642, 1562018]: LP
	bnd = 1597090.750000
	its = 40
	hyp = 1447 / 9013
	cut = 297
6784409 [1561642, 1561642]: LABEL
	tot = 14286877
	max = 4348
