hypergraph with 4211 vertices and 33947 hyperarcs generated in 95
104 [0, 9857]: LP
	bnd = 9857.833008
	its = 5
	hyp = 38 / 45
	cut = 0
106 [0, 9857]: HEURISTIC 3
107 [0, 9857]: LABEL
	tot = 72
	max = 2
108 [0, 9847]: LABEL
	tot = 79
	max = 2
109 [0, 9838]: LABEL
	tot = 85
	max = 2
110 [0, 9828]: LABEL
	tot = 85
	max = 2
111 [0, 9818]: LABEL
	tot = 101
	max = 2
113 [9691, 9808]: LABEL
	tot = 119
	max = 2
114 [9691, 9798]: LABEL
	tot = 141
	max = 3
116 [9691, 9789]: LABEL
	tot = 141
	max = 3
118 [9703, 9779]: LABEL
	tot = 215
	max = 3
120 [9703, 9769]: LABEL
	tot = 228
	max = 4
122 [9703, 9759]: LABEL
	tot = 252
	max = 4
124 [9703, 9749]: LABEL
	tot = 283
	max = 4
127 [9703, 9740]: LABEL
	tot = 298
	max = 4
130 [9703, 9730]: LABEL
	tot = 307
	max = 4
133 [9703, 9720]: LABEL
	tot = 309
	max = 4
137 [9703, 9710]: LABEL
	tot = 333
	max = 4
140 [9703, 9703]: LABEL
	tot = 333
	max = 4
