hypergraph with 5157 vertices and 95236 hyperarcs generated in 91
263 [0, 9687]: LP
	bnd = 9687.364258
	its = 19
	hyp = 125 / 285
	cut = 0
265 [0, 9687]: HEURISTIC 3
266 [0, 9687]: LABEL
	tot = 151
	max = 1
269 [0, 9677]: LABEL
	tot = 236
	max = 2
271 [0, 9667]: LABEL
	tot = 275
	max = 2
274 [9584, 9658]: LABEL
	tot = 299
	max = 2
277 [9584, 9648]: LABEL
	tot = 359
	max = 3
281 [9584, 9639]: LABEL
	tot = 458
	max = 3
286 [9584, 9629]: LABEL
	tot = 541
	max = 3
291 [9584, 9619]: LABEL
	tot = 644
	max = 6
298 [9584, 9610]: LABEL
	tot = 749
	max = 6
305 [9584, 9600]: LABEL
	tot = 863
	max = 6
314 [9584, 9590]: LABEL
	tot = 1034
	max = 7
324 [9584, 9584]: LABEL
	tot = 1105
	max = 7
