hypergraph with 4137 vertices and 34179 hyperarcs generated in 147
102 [0, 9918]: LP
	bnd = 9918.000000
	its = 5
	hyp = 23 / 23
	cut = 0
103 [0, 9918]: HEURISTIC 3
104 [0, 9918]: LABEL
	tot = 22
	max = 1
104 [0, 9908]: LABEL
	tot = 22
	max = 1
105 [0, 9898]: LABEL
	tot = 22
	max = 1
105 [0, 9888]: LABEL
	tot = 22
	max = 1
105 [0, 9878]: LABEL
	tot = 22
	max = 1
106 [0, 9868]: LABEL
	tot = 22
	max = 1
106 [0, 9858]: LABEL
	tot = 33
	max = 1
107 [0, 9848]: LABEL
	tot = 33
	max = 1
107 [0, 9838]: LABEL
	tot = 33
	max = 1
108 [0, 9829]: LABEL
	tot = 62
	max = 1
109 [9793, 9819]: LABEL
	tot = 91
	max = 2
109 [9793, 9809]: LABEL
	tot = 91
	max = 2
110 [9793, 9799]: LABEL
	tot = 91
	max = 2
112 [9793, 9793]: LABEL
	tot = 113
	max = 2
