hypergraph with 3807 vertices and 27346 hyperarcs generated in 66
81 [0, 9766]: LP
	bnd = 9766.000000
	its = 4
	hyp = 19 / 32
	cut = 0
82 [0, 9766]: HEURISTIC 3
83 [0, 9766]: LABEL
	tot = 38
	max = 1
83 [0, 9756]: LABEL
	tot = 38
	max = 1
84 [0, 9746]: LABEL
	tot = 38
	max = 1
84 [0, 9736]: LABEL
	tot = 38
	max = 1
84 [0, 9726]: LABEL
	tot = 38
	max = 1
85 [0, 9717]: LABEL
	tot = 53
	max = 1
85 [0, 9707]: LABEL
	tot = 60
	max = 2
86 [9588, 9697]: LABEL
	tot = 97
	max = 2
87 [9588, 9688]: LABEL
	tot = 110
	max = 2
88 [9588, 9678]: LABEL
	tot = 138
	max = 3
89 [9588, 9668]: LABEL
	tot = 155
	max = 4
91 [9588, 9659]: LABEL
	tot = 168
	max = 5
92 [9588, 9649]: LABEL
	tot = 195
	max = 6
94 [9588, 9639]: LABEL
	tot = 211
	max = 7
95 [9588, 9630]: LABEL
	tot = 246
	max = 8
97 [9588, 9620]: LABEL
	tot = 256
	max = 9
99 [9588, 9610]: LABEL
	tot = 271
	max = 9
101 [9588, 9601]: LABEL
	tot = 299
	max = 10
103 [9588, 9591]: LABEL
	tot = 314
	max = 10
106 [9588, 9588]: LABEL
	tot = 335
	max = 10
