hypergraph with 4006 vertices and 31520 hyperarcs generated in 83
104 [0, 9878]: LP
	bnd = 9878.500000
	its = 6
	hyp = 19 / 36
	cut = 0
105 [0, 9878]: HEURISTIC 3
106 [0, 9878]: LABEL
	tot = 38
	max = 1
106 [0, 9868]: LABEL
	tot = 38
	max = 1
107 [0, 9858]: LABEL
	tot = 38
	max = 1
107 [0, 9848]: LABEL
	tot = 38
	max = 1
108 [0, 9839]: LABEL
	tot = 38
	max = 1
108 [0, 9829]: LABEL
	tot = 38
	max = 1
109 [9731, 9819]: LABEL
	tot = 49
	max = 2
109 [9731, 9809]: LABEL
	tot = 51
	max = 2
110 [9731, 9799]: LABEL
	tot = 69
	max = 2
111 [9731, 9789]: LABEL
	tot = 88
	max = 2
112 [9731, 9780]: LABEL
	tot = 88
	max = 2
112 [9731, 9770]: LABEL
	tot = 88
	max = 2
113 [9731, 9760]: LABEL
	tot = 105
	max = 3
114 [9731, 9750]: LABEL
	tot = 116
	max = 3
115 [9731, 9741]: LABEL
	tot = 116
	max = 3
116 [9731, 9731]: LABEL
	tot = 128
	max = 3
118 [9731, 9731]: LABEL
	tot = 128
	max = 3
