hypergraph with 3696 vertices and 37701 hyperarcs generated in 42
128 [0, 8855]: LP
	bnd = 8855.000000
	its = 11
	hyp = 118 / 149
	cut = 0
224 [0, 8855]: LP
	bnd = 8855.000000
	its = 7
	hyp = 150 / 301
	cut = 10
272 [0, 8855]: LP
	bnd = 8855.000000
	its = 3
	hyp = 146 / 338
	cut = 20
320 [0, 8855]: LP
	bnd = 8855.000000
	its = 3
	hyp = 148 / 381
	cut = 30
336 [0, 8855]: HEURISTIC 3
372 [0, 8855]: LP
	bnd = 8855.000000
	its = 3
	hyp = 194 / 419
	cut = 40
426 [0, 8855]: LP
	bnd = 8855.000000
	its = 3
	hyp = 164 / 451
	cut = 50
477 [0, 8855]: LP
	bnd = 8855.000000
	its = 3
	hyp = 125 / 474
	cut = 60
532 [0, 8855]: LP
	bnd = 8855.000000
	its = 3
	hyp = 139 / 501
	cut = 70
574 [0, 8855]: LP
	bnd = 8855.000000
	its = 2
	hyp = 161 / 515
	cut = 80
621 [0, 8855]: LP
	bnd = 8855.000000
	its = 2
	hyp = 170 / 528
	cut = 90
669 [0, 8855]: LP
	bnd = 8855.000000
	its = 2
	hyp = 197 / 541
	cut = 100
722 [0, 8855]: LP
	bnd = 8855.000000
	its = 2
	hyp = 166 / 566
	cut = 110
773 [0, 8855]: LP
	bnd = 8855.000000
	its = 2
	hyp = 164 / 587
	cut = 120
825 [0, 8855]: LP
	bnd = 8855.000000
	its = 2
	hyp = 201 / 605
	cut = 130
867 [0, 8855]: HEURISTIC 9
881 [0, 8855]: LP
	bnd = 8855.000000
	its = 2
	hyp = 266 / 629
	cut = 140
938 [0, 8855]: LP
	bnd = 8855.000000
	its = 2
	hyp = 227 / 640
	cut = 150
1002 [0, 8855]: LP
	bnd = 8855.000000
	its = 2
	hyp = 204 / 678
	cut = 160
1059 [0, 8855]: LP
	bnd = 8855.000000
	its = 2
	hyp = 196 / 690
	cut = 170
1128 [0, 8855]: LP
	bnd = 8855.000000
	its = 2
	hyp = 227 / 711
	cut = 180
1192 [0, 8855]: LP
	bnd = 8855.000000
	its = 2
	hyp = 239 / 737
	cut = 190
1260 [0, 8855]: LP
	bnd = 8855.000000
	its = 2
	hyp = 223 / 750
	cut = 200
1312 [0, 8855]: LP
	bnd = 8855.000000
	its = 1
	hyp = 61 / 750
	cut = 210
1374 [0, 8855]: LP
	bnd = 8855.000000
	its = 2
	hyp = 228 / 780
	cut = 220
1451 [0, 8855]: LP
	bnd = 8855.000000
	its = 2
	hyp = 237 / 807
	cut = 230
1502 [0, 8855]: LP
	bnd = 8855.000000
	its = 1
	hyp = 200 / 807
	cut = 240
1569 [0, 8855]: LP
	bnd = 8855.000000
	its = 2
	hyp = 246 / 829
	cut = 250
1628 [0, 8855]: LP
	bnd = 8855.000000
	its = 1
	hyp = 225 / 829
	cut = 260
1701 [0, 8855]: LP
	bnd = 8855.000000
	its = 2
	hyp = 233 / 849
	cut = 270
1791 [0, 8855]: LP
	bnd = 8855.000000
	its = 2
	hyp = 225 / 871
	cut = 280
1850 [0, 8855]: LP
	bnd = 8855.000000
	its = 1
	hyp = 203 / 871
	cut = 290
1925 [0, 8855]: LP
	bnd = 8855.000000
	its = 2
	hyp = 260 / 905
	cut = 300
2024 [0, 8855]: LP
	bnd = 8855.000000
	its = 2
	hyp = 244 / 922
	cut = 310
2128 [0, 8855]: LP
	bnd = 8855.000000
	its = 3
	hyp = 217 / 953
	cut = 320
2209 [0, 8855]: LP
	bnd = 8855.000000
	its = 2
	hyp = 259 / 959
	cut = 330
2270 [0, 8855]: LP
	bnd = 8855.000000
	its = 1
	hyp = 183 / 959
	cut = 340
2370 [0, 8855]: LP
	bnd = 8855.000000
	its = 2
	hyp = 265 / 970
	cut = 350
2450 [0, 8855]: LP
	bnd = 8855.000000
	its = 1
	hyp = 283 / 970
	cut = 360
2542 [0, 8855]: LP
	bnd = 8855.000000
	its = 2
	hyp = 260 / 989
	cut = 370
2573 [0, 8855]: HEURISTIC 27
2649 [0, 8855]: LP
	bnd = 8855.000000
	its = 2
	hyp = 282 / 1009
	cut = 380
2761 [0, 8855]: LP
	bnd = 8855.000000
	its = 2
	hyp = 280 / 1030
	cut = 390
2894 [0, 8855]: LP
	bnd = 8855.000000
	its = 3
	hyp = 294 / 1072
	cut = 400
2996 [0, 8855]: LP
	bnd = 8855.000000
	its = 2
	hyp = 319 / 1083
	cut = 410
3118 [0, 8855]: LP
	bnd = 8855.000000
	its = 2
	hyp = 272 / 1090
	cut = 420
3252 [0, 8855]: LP
	bnd = 8855.000000
	its = 2
	hyp = 280 / 1115
	cut = 430
3406 [0, 8855]: LP
	bnd = 8855.000000
	its = 3
	hyp = 298 / 1154
	cut = 440
3497 [0, 8855]: LP
	bnd = 8855.000000
	its = 1
	hyp = 268 / 1154
	cut = 450
3621 [0, 8855]: LP
	bnd = 8855.000000
	its = 2
	hyp = 318 / 1167
	cut = 460
3743 [0, 8855]: LP
	bnd = 8855.000000
	its = 2
	hyp = 323 / 1173
	cut = 470
3890 [0, 8855]: LP
	bnd = 8855.000000
	its = 2
	hyp = 268 / 1189
	cut = 480
4031 [0, 8855]: LP
	bnd = 8855.000000
	its = 2
	hyp = 331 / 1207
	cut = 490
4202 [0, 8855]: LP
	bnd = 8855.000000
	its = 3
	hyp = 292 / 1225
	cut = 500
4330 [0, 8855]: LP
	bnd = 8855.000000
	its = 2
	hyp = 317 / 1237
	cut = 510
4418 [0, 8855]: LP
	bnd = 8855.000000
	its = 1
	hyp = 273 / 1237
	cut = 520
4632 [0, 8855]: LP
	bnd = 8855.000000
	its = 3
	hyp = 329 / 1283
	cut = 530
4782 [0, 8855]: LP
	bnd = 8855.000000
	its = 2
	hyp = 336 / 1303
	cut = 540
4963 [0, 8855]: LP
	bnd = 8855.000000
	its = 2
	hyp = 343 / 1318
	cut = 550
5098 [0, 8855]: LP
	bnd = 8855.000000
	its = 2
	hyp = 303 / 1342
	cut = 560
5306 [0, 8855]: LP
	bnd = 8855.000000
	its = 2
	hyp = 387 / 1348
	cut = 570
5465 [0, 8855]: LP
	bnd = 8855.000000
	its = 2
	hyp = 385 / 1364
	cut = 580
5663 [0, 8855]: LP
	bnd = 8855.000000
	its = 2
	hyp = 386 / 1388
	cut = 590
5847 [0, 8855]: LP
	bnd = 8855.000000
	its = 2
	hyp = 419 / 1407
	cut = 600
6041 [0, 8855]: LP
	bnd = 8855.000000
	its = 2
	hyp = 426 / 1427
	cut = 610
6268 [0, 8855]: LP
	bnd = 8855.000000
	its = 2
	hyp = 370 / 1439
	cut = 620
6484 [0, 8855]: LP
	bnd = 8855.000000
	its = 2
	hyp = 371 / 1454
	cut = 630
6662 [0, 8855]: LP
	bnd = 8855.000000
	its = 2
	hyp = 366 / 1460
	cut = 640
6865 [0, 8855]: LP
	bnd = 8855.000000
	its = 1
	hyp = 272 / 1460
	cut = 650
7022 [0, 8855]: HEURISTIC 81
7025 [0, 8855]: LP
	bnd = 8855.000000
	its = 1
	hyp = 365 / 1460
	cut = 660
7257 [0, 8855]: LP
	bnd = 8855.000000
	its = 2
	hyp = 349 / 1486
	cut = 670
7410 [0, 8855]: LP
	bnd = 8855.000000
	its = 1
	hyp = 340 / 1486
	cut = 680
7517 [0, 8855]: LP
	bnd = 8855.000000
	its = 1
	hyp = 68 / 1486
	cut = 690
7730 [0, 8855]: LP
	bnd = 8855.000000
	its = 2
	hyp = 418 / 1510
	cut = 700
7914 [0, 8855]: LP
	bnd = 8855.000000
	its = 1
	hyp = 325 / 1510
	cut = 710
8164 [0, 8855]: LP
	bnd = 8855.000000
	its = 2
	hyp = 389 / 1528
	cut = 720
8352 [0, 8855]: LP
	bnd = 8855.000000
	its = 1
	hyp = 347 / 1528
	cut = 730
8619 [0, 8855]: LP
	bnd = 8855.000000
	its = 2
	hyp = 345 / 1538
	cut = 739
8837 [0, 8855]: LP
	bnd = 8855.000000
	its = 2
	hyp = 363 / 1547
	cut = 749
9048 [0, 8855]: LP
	bnd = 8855.000000
	its = 2
	hyp = 396 / 1562
	cut = 759
9239 [0, 8855]: LP
	bnd = 8855.000000
	its = 1
	hyp = 314 / 1562
	cut = 769
9457 [0, 8855]: LP
	bnd = 8855.000000
	its = 2
	hyp = 374 / 1593
	cut = 779
9718 [0, 8855]: LP
	bnd = 8855.000000
	its = 2
	hyp = 454 / 1625
	cut = 789
10026 [0, 8855]: LP
	bnd = 8855.000000
	its = 1
	hyp = 354 / 1625
	cut = 799
10312 [0, 8855]: LP
	bnd = 8855.000000
	its = 2
	hyp = 487 / 1640
	cut = 809
10745 [0, 8855]: LP
	bnd = 8855.000000
	its = 2
	hyp = 401 / 1652
	cut = 819
11019 [0, 8855]: LP
	bnd = 8855.000000
	its = 2
	hyp = 418 / 1663
	cut = 829
11305 [0, 8855]: LP
	bnd = 8855.000000
	its = 2
	hyp = 409 / 1680
	cut = 839
11604 [0, 8855]: LP
	bnd = 8855.000000
	its = 2
	hyp = 411 / 1707
	cut = 849
12043 [0, 8855]: LP
	bnd = 8855.000000
	its = 2
	hyp = 438 / 1714
	cut = 859
12429 [0, 8855]: LP
	bnd = 8855.000000
	its = 3
	hyp = 464 / 1776
	cut = 869
12967 [0, 8855]: LP
	bnd = 8855.000000
	its = 2
	hyp = 494 / 1787
	cut = 879
13267 [0, 8855]: LP
	bnd = 8855.000000
	its = 1
	hyp = 397 / 1787
	cut = 889
13422 [0, 8855]: HEURISTIC 243
13800 [0, 8855]: LP
	bnd = 8855.000000
	its = 2
	hyp = 433 / 1798
	cut = 899
14018 [0, 8855]: LP
	bnd = 8855.000000
	its = 1
	hyp = 370 / 1798
	cut = 909
14342 [0, 8855]: LP
	bnd = 8855.000000
	its = 2
	hyp = 468 / 1812
	cut = 919
14519 [0, 8855]: LP
	bnd = 8855.000000
	its = 1
	hyp = 295 / 1812
	cut = 929
14787 [0, 8855]: LP
	bnd = 8855.000000
	its = 2
	hyp = 433 / 1829
	cut = 939
15080 [0, 8855]: LP
	bnd = 8855.000000
	its = 2
	hyp = 420 / 1834
	cut = 949
15393 [0, 8855]: LP
	bnd = 8855.000000
	its = 2
	hyp = 467 / 1857
	cut = 959
15758 [0, 8855]: LP
	bnd = 8855.000000
	its = 2
	hyp = 472 / 1880
	cut = 969
16077 [0, 8855]: LP
	bnd = 8855.000000
	its = 1
	hyp = 380 / 1880
	cut = 979
16475 [0, 8855]: LP
	bnd = 8855.000000
	its = 2
	hyp = 407 / 1892
	cut = 989
16748 [0, 8855]: LP
	bnd = 8855.000000
	its = 2
	hyp = 440 / 1898
	cut = 999
16958 [0, 8855]: LP
	bnd = 8855.000000
	its = 1
	hyp = 421 / 1898
	cut = 1009
17292 [0, 8855]: LP
	bnd = 8855.000000
	its = 1
	hyp = 320 / 1898
	cut = 1019
17785 [0, 8855]: LP
	bnd = 8855.000000
	its = 2
	hyp = 472 / 1934
	cut = 1029
18179 [0, 8855]: LP
	bnd = 8855.000000
	its = 2
	hyp = 513 / 1952
	cut = 1039
18662 [0, 8855]: LP
	bnd = 8855.000000
	its = 1
	hyp = 489 / 1952
	cut = 1049
19227 [0, 8855]: LP
	bnd = 8855.000000
	its = 3
	hyp = 497 / 1988
	cut = 1059
19640 [0, 8855]: LP
	bnd = 8855.000000
	its = 1
	hyp = 532 / 1988
	cut = 1069
19827 [0, 8855]: HEURISTIC 729
20076 [0, 8855]: LP
	bnd = 8855.000000
	its = 2
	hyp = 501 / 2002
	cut = 1079
20466 [0, 8855]: LP
	bnd = 8855.000000
	its = 2
	hyp = 465 / 2014
	cut = 1089
21227 [0, 8855]: LP
	bnd = 8855.000000
	its = 2
	hyp = 505 / 2028
	cut = 1099
21634 [0, 8855]: LP
	bnd = 8855.000000
	its = 2
	hyp = 467 / 2032
	cut = 1109
22033 [0, 8855]: LP
	bnd = 8855.000000
	its = 2
	hyp = 465 / 2041
	cut = 1119
22498 [0, 8855]: LP
	bnd = 8855.000000
	its = 1
	hyp = 381 / 2041
	cut = 1129
22844 [0, 8855]: LP
	bnd = 8855.000000
	its = 1
	hyp = 349 / 2041
	cut = 1139
23192 [0, 8855]: LP
	bnd = 8855.000000
	its = 1
	hyp = 376 / 2041
	cut = 1149
23398 [0, 8855]: LP
	bnd = 8855.000000
	its = 1
	hyp = 368 / 2041
	cut = 1159
23825 [0, 8855]: LP
	bnd = 8855.000000
	its = 1
	hyp = 477 / 2041
	cut = 1169
24097 [0, 8855]: LP
	bnd = 8855.000000
	its = 1
	hyp = 396 / 2041
	cut = 1179
24296 [0, 8855]: LP
	bnd = 8855.000000
	its = 1
	hyp = 76 / 2041
	cut = 1189
24680 [0, 8855]: LP
	bnd = 8855.000000
	its = 2
	hyp = 397 / 2065
	cut = 1199
25241 [0, 8855]: LP
	bnd = 8855.000000
	its = 1
	hyp = 475 / 2065
	cut = 1209
25700 [0, 8855]: LP
	bnd = 8855.000000
	its = 2
	hyp = 508 / 2102
	cut = 1219
26283 [0, 8855]: LP
	bnd = 8855.000000
	its = 1
	hyp = 441 / 2102
	cut = 1229
26318 [8515, 8855]: LABEL
	tot = 358203
	max = 263
26699 [8515, 8855]: LP
	bnd = 8855.000000
	its = 1
	hyp = 510 / 2102
	cut = 1239
26936 [8515, 8855]: LP
	bnd = 8855.000000
	its = 1
	hyp = 379 / 2102
	cut = 1249
27328 [8515, 8855]: LP
	bnd = 8855.000000
	its = 1
	hyp = 438 / 2102
	cut = 1259
27690 [8515, 8855]: LP
	bnd = 8855.000000
	its = 2
	hyp = 438 / 2125
	cut = 1269
28232 [8515, 8855]: LP
	bnd = 8855.000000
	its = 1
	hyp = 459 / 2125
	cut = 1279
28892 [8515, 8855]: LP
	bnd = 8855.000000
	its = 2
	hyp = 476 / 2138
	cut = 1289
29365 [8515, 8855]: LP
	bnd = 8855.000000
	its = 1
	hyp = 427 / 2138
	cut = 1299
29782 [8515, 8855]: LP
	bnd = 8855.000000
	its = 2
	hyp = 538 / 2175
	cut = 1309
30341 [8515, 8855]: LP
	bnd = 8855.000000
	its = 1
	hyp = 486 / 2175
	cut = 1319
30754 [8515, 8855]: LP
	bnd = 8855.000000
	its = 2
	hyp = 554 / 2194
	cut = 1329
31270 [8515, 8855]: LP
	bnd = 8855.000000
	its = 1
	hyp = 363 / 2194
	cut = 1339
31882 [8515, 8855]: LP
	bnd = 8855.000000
	its = 1
	hyp = 521 / 2194
	cut = 1349
32665 [8515, 8855]: LP
	bnd = 8855.000000
	its = 2
	hyp = 507 / 2213
	cut = 1359
32799 [8515, 8846]: LABEL
	tot = 358203
	max = 263
33200 [8515, 8846]: LP
	bnd = 8855.000000
	its = 2
	hyp = 503 / 2241
	cut = 1369
33883 [8515, 8846]: LP
	bnd = 8855.000000
	its = 1
	hyp = 478 / 2241
	cut = 1379
34558 [8515, 8846]: LP
	bnd = 8855.000000
	its = 2
	hyp = 462 / 2255
	cut = 1389
35125 [8515, 8846]: LP
	bnd = 8855.000000
	its = 1
	hyp = 485 / 2255
	cut = 1399
35821 [8515, 8846]: LP
	bnd = 8855.000000
	its = 2
	hyp = 537 / 2271
	cut = 1409
36506 [8515, 8846]: LP
	bnd = 8855.000000
	its = 1
	hyp = 503 / 2271
	cut = 1419
36868 [8515, 8846]: LP
	bnd = 8855.000000
	its = 1
	hyp = 460 / 2271
	cut = 1429
37555 [8515, 8846]: LP
	bnd = 8855.000000
	its = 2
	hyp = 529 / 2291
	cut = 1439
38370 [8515, 8846]: LP
	bnd = 8855.000000
	its = 2
	hyp = 555 / 2310
	cut = 1449
38875 [8515, 8846]: LP
	bnd = 8855.000000
	its = 2
	hyp = 542 / 2331
	cut = 1459
39254 [8515, 8837]: LABEL
	tot = 358203
	max = 263
39894 [8515, 8837]: LP
	bnd = 8855.000000
	its = 2
	hyp = 547 / 2339
	cut = 1469
40579 [8515, 8837]: LP
	bnd = 8855.000000
	its = 1
	hyp = 529 / 2339
	cut = 1479
41343 [8515, 8837]: LP
	bnd = 8855.000000
	its = 1
	hyp = 482 / 2339
	cut = 1489
41931 [8515, 8837]: LP
	bnd = 8855.000000
	its = 2
	hyp = 595 / 2349
	cut = 1499
42497 [8515, 8837]: LP
	bnd = 8855.000000
	its = 1
	hyp = 555 / 2349
	cut = 1509
43385 [8515, 8837]: LP
	bnd = 8855.000000
	its = 2
	hyp = 548 / 2369
	cut = 1519
43986 [8515, 8837]: LP
	bnd = 8855.000000
	its = 1
	hyp = 498 / 2369
	cut = 1529
44672 [8515, 8837]: LP
	bnd = 8855.000000
	its = 1
	hyp = 523 / 2369
	cut = 1539
45420 [8515, 8837]: LP
	bnd = 8855.000000
	its = 1
	hyp = 451 / 2369
	cut = 1549
45693 [8515, 8828]: LABEL
	tot = 358203
	max = 263
45965 [8515, 8828]: LP
	bnd = 8855.000000
	its = 2
	hyp = 615 / 2388
	cut = 1559
46672 [8515, 8828]: LP
	bnd = 8855.000000
	its = 1
	hyp = 426 / 2388
	cut = 1569
47389 [8515, 8828]: LP
	bnd = 8855.000000
	its = 2
	hyp = 577 / 2433
	cut = 1579
48270 [8515, 8828]: LP
	bnd = 8855.000000
	its = 1
	hyp = 496 / 2433
	cut = 1589
48417 [8515, 8828]: LP
	bnd = 8855.000000
	its = 1
	hyp = 77 / 2433
	cut = 1599
49247 [8515, 8828]: LP
	bnd = 8855.000000
	its = 2
	hyp = 654 / 2451
	cut = 1609
50268 [8515, 8828]: LP
	bnd = 8855.000000
	its = 1
	hyp = 501 / 2451
	cut = 1619
51116 [8515, 8828]: LP
	bnd = 8855.000000
	its = 2
	hyp = 513 / 2484
	cut = 1629
51752 [8515, 8828]: LP
	bnd = 8855.000000
	its = 1
	hyp = 508 / 2484
	cut = 1639
52153 [8515, 8819]: LABEL
	tot = 358203
	max = 263
52320 [8515, 8819]: LP
	bnd = 8855.000000
	its = 2
	hyp = 572 / 2509
	cut = 1649
53307 [8515, 8819]: LP
	bnd = 8855.000000
	its = 2
	hyp = 594 / 2526
	cut = 1659
54186 [8515, 8819]: LP
	bnd = 8855.000000
	its = 1
	hyp = 465 / 2526
	cut = 1669
54949 [8515, 8819]: LP
	bnd = 8855.000000
	its = 2
	hyp = 653 / 2562
	cut = 1679
56074 [8515, 8819]: LP
	bnd = 8855.000000
	its = 2
	hyp = 617 / 2587
	cut = 1689
57085 [8515, 8819]: LP
	bnd = 8855.000000
	its = 1
	hyp = 561 / 2587
	cut = 1699
57772 [8515, 8819]: LP
	bnd = 8855.000000
	its = 2
	hyp = 565 / 2602
	cut = 1709
58586 [8515, 8810]: LABEL
	tot = 358203
	max = 263
58634 [8515, 8810]: LP
	bnd = 8855.000000
	its = 1
	hyp = 466 / 2602
	cut = 1719
59237 [8515, 8810]: LP
	bnd = 8855.000000
	its = 2
	hyp = 662 / 2621
	cut = 1729
60402 [8515, 8810]: LP
	bnd = 8855.000000
	its = 1
	hyp = 553 / 2621
	cut = 1739
61122 [8515, 8810]: LP
	bnd = 8855.000000
	its = 2
	hyp = 603 / 2657
	cut = 1749
62203 [8515, 8810]: LP
	bnd = 8855.000000
	its = 1
	hyp = 498 / 2657
	cut = 1759
62912 [8515, 8810]: LP
	bnd = 8855.000000
	its = 2
	hyp = 611 / 2683
	cut = 1769
64205 [8515, 8810]: LP
	bnd = 8855.000000
	its = 1
	hyp = 543 / 2683
	cut = 1779
65025 [8515, 8802]: LABEL
	tot = 358203
	max = 263
65401 [8515, 8802]: LP
	bnd = 8855.000000
	its = 2
	hyp = 654 / 2693
	cut = 1789
66678 [8515, 8802]: LP
	bnd = 8855.000000
	its = 1
	hyp = 556 / 2693
	cut = 1799
68259 [8515, 8802]: LP
	bnd = 8855.000000
	its = 2
	hyp = 663 / 2710
	cut = 1809
69439 [8515, 8802]: LP
	bnd = 8855.000000
	its = 1
	hyp = 558 / 2710
	cut = 1819
70908 [8515, 8802]: LP
	bnd = 8855.000000
	its = 1
	hyp = 183 / 2710
	cut = 1829
71441 [8515, 8793]: LABEL
	tot = 358203
	max = 263
72835 [8515, 8793]: LP
	bnd = 8855.000000
	its = 2
	hyp = 634 / 2734
	cut = 1839
73786 [8515, 8793]: LP
	bnd = 8855.000000
	its = 1
	hyp = 538 / 2734
	cut = 1849
75187 [8515, 8793]: LP
	bnd = 8855.000000
	its = 1
	hyp = 583 / 2734
	cut = 1859
76732 [8515, 8793]: LP
	bnd = 8855.000000
	its = 2
	hyp = 624 / 2750
	cut = 1869
77411 [8515, 8793]: LP
	bnd = 8855.000000
	its = 1
	hyp = 468 / 2750
	cut = 1879
77830 [8515, 8784]: LABEL
	tot = 358203
	max = 263
78437 [8515, 8784]: LP
	bnd = 8855.000000
	its = 2
	hyp = 650 / 2770
	cut = 1889
80156 [8515, 8784]: LP
	bnd = 8855.000000
	its = 1
	hyp = 583 / 2770
	cut = 1899
80818 [8515, 8784]: LP
	bnd = 8855.000000
	its = 2
	hyp = 642 / 2792
	cut = 1909
82528 [8515, 8784]: LP
	bnd = 8855.000000
	its = 2
	hyp = 643 / 2814
	cut = 1919
84177 [8515, 8784]: LP
	bnd = 8855.000000
	its = 1
	hyp = 601 / 2814
	cut = 1929
84198 [8515, 8775]: LABEL
	tot = 358203
	max = 263
85099 [8515, 8775]: LP
	bnd = 8855.000000
	its = 2
	hyp = 702 / 2825
	cut = 1939
86494 [8515, 8775]: LP
	bnd = 8855.000000
	its = 1
	hyp = 564 / 2825
	cut = 1949
88317 [8515, 8775]: LP
	bnd = 8855.000000
	its = 2
	hyp = 561 / 2851
	cut = 1959
89152 [8515, 8775]: LP
	bnd = 8855.000000
	its = 2
	hyp = 597 / 2870
	cut = 1969
90591 [8515, 8766]: LABEL
	tot = 358203
	max = 263
90779 [8515, 8766]: LP
	bnd = 8855.000000
	its = 1
	hyp = 624 / 2870
	cut = 1979
92931 [8515, 8766]: LP
	bnd = 8855.000000
	its = 2
	hyp = 691 / 2890
	cut = 1989
93731 [8515, 8766]: LP
	bnd = 8855.000000
	its = 2
	hyp = 660 / 2905
	cut = 1999
95417 [8515, 8766]: LP
	bnd = 8855.000000
	its = 1
	hyp = 613 / 2905
	cut = 2009
96380 [8515, 8766]: LP
	bnd = 8855.000000
	its = 2
	hyp = 658 / 2938
	cut = 2019
96974 [8515, 8758]: LABEL
	tot = 358203
	max = 263
97844 [8515, 8758]: LP
	bnd = 8855.000000
	its = 1
	hyp = 593 / 2938
	cut = 2029
99188 [8515, 8758]: LP
	bnd = 8855.000000
	its = 1
	hyp = 533 / 2938
	cut = 2039
100145 [8515, 8758]: LP
	bnd = 8855.000000
	its = 2
	hyp = 603 / 2954
	cut = 2049
101209 [8515, 8758]: LP
	bnd = 8855.000000
	its = 2
	hyp = 684 / 2981
	cut = 2059
103062 [8515, 8758]: LP
	bnd = 8855.000000
	its = 2
	hyp = 739 / 2994
	cut = 2069
103365 [8515, 8749]: LABEL
	tot = 358203
	max = 263
104441 [8515, 8749]: LP
	bnd = 8855.000000
	its = 1
	hyp = 674 / 2994
	cut = 2079
106050 [8515, 8749]: LP
	bnd = 8855.000000
	its = 1
	hyp = 598 / 2994
	cut = 2089
106437 [8515, 8749]: LP
	bnd = 8855.000000
	its = 1
	hyp = 209 / 2994
	cut = 2099
106603 [8515, 8749]: LP
	bnd = 8855.000000
	its = 1
	hyp = 209 / 2994
	cut = 2109
107630 [8515, 8749]: LP
	bnd = 8855.000000
	its = 1
	hyp = 215 / 2994
	cut = 2119
109424 [8515, 8749]: LP
	bnd = 8855.000000
	its = 1
	hyp = 236 / 2994
	cut = 2129
109751 [8515, 8740]: LABEL
	tot = 358203
	max = 263
110922 [8515, 8740]: LP
	bnd = 8855.000000
	its = 1
	hyp = 245 / 2994
	cut = 2139
112592 [8515, 8740]: LP
	bnd = 8855.000000
	its = 1
	hyp = 301 / 2994
	cut = 2149
114199 [8515, 8740]: LP
	bnd = 8855.000000
	its = 1
	hyp = 235 / 2994
	cut = 2159
115593 [8515, 8740]: LP
	bnd = 8855.000000
	its = 1
	hyp = 181 / 2994
	cut = 2169
115756 [8515, 8740]: LP
	bnd = 8855.000000
	its = 1
	hyp = 181 / 2994
	cut = 2179
115917 [8515, 8740]: LP
	bnd = 8855.000000
	its = 1
	hyp = 181 / 2994
	cut = 2189
116079 [8515, 8740]: LP
	bnd = 8855.000000
	its = 1
	hyp = 181 / 2994
	cut = 2199
116131 [8515, 8731]: LABEL
	tot = 358203
	max = 263
116245 [8515, 8731]: LP
	bnd = 8855.000000
	its = 1
	hyp = 181 / 2994
	cut = 2209
116412 [8515, 8731]: LP
	bnd = 8855.000000
	its = 1
	hyp = 181 / 2994
	cut = 2219
116576 [8515, 8731]: LP
	bnd = 8855.000000
	its = 1
	hyp = 181 / 2994
	cut = 2229
116740 [8515, 8731]: LP
	bnd = 8855.000000
	its = 1
	hyp = 181 / 2994
	cut = 2239
116899 [8515, 8731]: LP
	bnd = 8855.000000
	its = 1
	hyp = 181 / 2994
	cut = 2249
117058 [8515, 8731]: LP
	bnd = 8855.000000
	its = 1
	hyp = 181 / 2994
	cut = 2259
117216 [8515, 8731]: LP
	bnd = 8855.000000
	its = 1
	hyp = 181 / 2994
	cut = 2269
117372 [8515, 8731]: LP
	bnd = 8855.000000
	its = 1
	hyp = 181 / 2994
	cut = 2279
117526 [8515, 8731]: LP
	bnd = 8855.000000
	its = 1
	hyp = 181 / 2994
	cut = 2289
117679 [8515, 8731]: LP
	bnd = 8855.000000
	its = 1
	hyp = 181 / 2994
	cut = 2299
117832 [8515, 8731]: LP
	bnd = 8855.000000
	its = 1
	hyp = 181 / 2994
	cut = 2309
117987 [8515, 8731]: LP
	bnd = 8855.000000
	its = 1
	hyp = 181 / 2994
	cut = 2319
118138 [8515, 8731]: LP
	bnd = 8855.000000
	its = 1
	hyp = 181 / 2994
	cut = 2329
118287 [8515, 8731]: LP
	bnd = 8855.000000
	its = 1
	hyp = 181 / 2994
	cut = 2339
118435 [8515, 8731]: LP
	bnd = 8855.000000
	its = 1
	hyp = 181 / 2994
	cut = 2349
118583 [8515, 8731]: LP
	bnd = 8855.000000
	its = 1
	hyp = 181 / 2994
	cut = 2359
118729 [8515, 8731]: LP
	bnd = 8855.000000
	its = 1
	hyp = 181 / 2994
	cut = 2369
118875 [8515, 8731]: LP
	bnd = 8855.000000
	its = 1
	hyp = 181 / 2994
	cut = 2379
119019 [8515, 8731]: LP
	bnd = 8855.000000
	its = 1
	hyp = 181 / 2994
	cut = 2389
119163 [8515, 8731]: LP
	bnd = 8855.000000
	its = 1
	hyp = 181 / 2994
	cut = 2399
119304 [8515, 8731]: LP
	bnd = 8855.000000
	its = 1
	hyp = 181 / 2994
	cut = 2409
119444 [8515, 8731]: LP
	bnd = 8855.000000
	its = 1
	hyp = 181 / 2994
	cut = 2419
119584 [8515, 8731]: LP
	bnd = 8855.000000
	its = 1
	hyp = 181 / 2994
	cut = 2429
119725 [8515, 8731]: LP
	bnd = 8855.000000
	its = 1
	hyp = 181 / 2994
	cut = 2439
119864 [8515, 8731]: LP
	bnd = 8855.000000
	its = 1
	hyp = 181 / 2994
	cut = 2449
120000 [8515, 8731]: LP
	bnd = 8855.000000
	its = 1
	hyp = 181 / 2994
	cut = 2459
120135 [8515, 8731]: LP
	bnd = 8855.000000
	its = 1
	hyp = 181 / 2994
	cut = 2469
120269 [8515, 8731]: LP
	bnd = 8855.000000
	its = 1
	hyp = 181 / 2994
	cut = 2479
120402 [8515, 8731]: LP
	bnd = 8855.000000
	its = 1
	hyp = 181 / 2994
	cut = 2489
120533 [8515, 8731]: LP
	bnd = 8855.000000
	its = 1
	hyp = 181 / 2994
	cut = 2499
120661 [8515, 8731]: LP
	bnd = 8855.000000
	its = 1
	hyp = 181 / 2994
	cut = 2509
120787 [8515, 8731]: LP
	bnd = 8855.000000
	its = 1
	hyp = 181 / 2994
	cut = 2519
120911 [8515, 8731]: LP
	bnd = 8855.000000
	its = 1
	hyp = 181 / 2994
	cut = 2529
121030 [8515, 8731]: LP
	bnd = 8855.000000
	its = 1
	hyp = 181 / 2994
	cut = 2539
121147 [8515, 8731]: LP
	bnd = 8855.000000
	its = 1
	hyp = 181 / 2994
	cut = 2549
121261 [8515, 8731]: LP
	bnd = 8855.000000
	its = 1
	hyp = 181 / 2994
	cut = 2559
121373 [8515, 8731]: LP
	bnd = 8855.000000
	its = 1
	hyp = 181 / 2994
	cut = 2569
121481 [8515, 8731]: LP
	bnd = 8855.000000
	its = 1
	hyp = 181 / 2994
	cut = 2579
121586 [8515, 8731]: LP
	bnd = 8855.000000
	its = 1
	hyp = 181 / 2994
	cut = 2589
121687 [8515, 8731]: LP
	bnd = 8855.000000
	its = 1
	hyp = 181 / 2994
	cut = 2599
121786 [8515, 8731]: LP
	bnd = 8855.000000
	its = 1
	hyp = 181 / 2994
	cut = 2609
121883 [8515, 8731]: LP
	bnd = 8855.000000
	its = 1
	hyp = 181 / 2994
	cut = 2619
121978 [8515, 8731]: LP
	bnd = 8855.000000
	its = 1
	hyp = 181 / 2994
	cut = 2629
122070 [8515, 8731]: LP
	bnd = 8855.000000
	its = 1
	hyp = 181 / 2994
	cut = 2639
122160 [8515, 8731]: LP
	bnd = 8855.000000
	its = 1
	hyp = 181 / 2994
	cut = 2649
122248 [8515, 8731]: LP
	bnd = 8855.000000
	its = 1
	hyp = 181 / 2994
	cut = 2659
122332 [8515, 8731]: LP
	bnd = 8855.000000
	its = 1
	hyp = 181 / 2994
	cut = 2669
122416 [8515, 8731]: LP
	bnd = 8855.000000
	its = 1
	hyp = 181 / 2994
	cut = 2679
122498 [8515, 8731]: LP
	bnd = 8855.000000
	its = 1
	hyp = 181 / 2994
	cut = 2689
122578 [8515, 8731]: LP
	bnd = 8855.000000
	its = 1
	hyp = 181 / 2994
	cut = 2699
122658 [8515, 8731]: LP
	bnd = 8855.000000
	its = 1
	hyp = 181 / 2994
	cut = 2709
122736 [8515, 8731]: LP
	bnd = 8855.000000
	its = 1
	hyp = 181 / 2994
	cut = 2719
122813 [8515, 8731]: LP
	bnd = 8855.000000
	its = 1
	hyp = 181 / 2994
	cut = 2729
122890 [8515, 8731]: LP
	bnd = 8855.000000
	its = 1
	hyp = 181 / 2994
	cut = 2739
122965 [8515, 8731]: LP
	bnd = 8855.000000
	its = 1
	hyp = 181 / 2994
	cut = 2749
122985 [8515, 8723]: LABEL
	tot = 358203
	max = 263
123042 [8515, 8723]: LP
	bnd = 8855.000000
	its = 1
	hyp = 181 / 2994
	cut = 2759
123122 [8515, 8723]: LP
	bnd = 8855.000000
	its = 1
	hyp = 181 / 2994
	cut = 2769
123202 [8515, 8723]: LP
	bnd = 8855.000000
	its = 1
	hyp = 181 / 2994
	cut = 2779
123280 [8515, 8723]: LP
	bnd = 8855.000000
	its = 1
	hyp = 181 / 2994
	cut = 2789
123356 [8515, 8723]: LP
	bnd = 8855.000000
	its = 1
	hyp = 181 / 2994
	cut = 2799
123435 [8515, 8723]: LP
	bnd = 8855.000000
	its = 1
	hyp = 181 / 2994
	cut = 2809
123513 [8515, 8723]: LP
	bnd = 8855.000000
	its = 1
	hyp = 181 / 2994
	cut = 2819
123589 [8515, 8723]: LP
	bnd = 8855.000000
	its = 1
	hyp = 181 / 2994
	cut = 2829
123665 [8515, 8723]: LP
	bnd = 8855.000000
	its = 1
	hyp = 181 / 2994
	cut = 2839
123740 [8515, 8723]: LP
	bnd = 8855.000000
	its = 1
	hyp = 181 / 2994
	cut = 2849
123815 [8515, 8723]: LP
	bnd = 8855.000000
	its = 1
	hyp = 181 / 2994
	cut = 2859
123890 [8515, 8723]: LP
	bnd = 8855.000000
	its = 1
	hyp = 181 / 2994
	cut = 2869
123967 [8515, 8723]: LP
	bnd = 8855.000000
	its = 1
	hyp = 181 / 2994
	cut = 2879
124043 [8515, 8723]: LP
	bnd = 8855.000000
	its = 1
	hyp = 181 / 2994
	cut = 2889
124118 [8515, 8723]: LP
	bnd = 8855.000000
	its = 1
	hyp = 181 / 2994
	cut = 2899
124193 [8515, 8723]: LP
	bnd = 8855.000000
	its = 1
	hyp = 181 / 2994
	cut = 2909
124268 [8515, 8723]: LP
	bnd = 8855.000000
	its = 1
	hyp = 181 / 2994
	cut = 2919
124341 [8515, 8723]: LP
	bnd = 8855.000000
	its = 1
	hyp = 181 / 2994
	cut = 2929
124415 [8515, 8723]: LP
	bnd = 8855.000000
	its = 1
	hyp = 181 / 2994
	cut = 2939
124487 [8515, 8723]: LP
	bnd = 8855.000000
	its = 1
	hyp = 181 / 2994
	cut = 2949
124560 [8515, 8723]: LP
	bnd = 8855.000000
	its = 1
	hyp = 181 / 2994
	cut = 2959
124633 [8515, 8723]: LP
	bnd = 8855.000000
	its = 1
	hyp = 181 / 2994
	cut = 2969
124707 [8515, 8723]: LP
	bnd = 8855.000000
	its = 1
	hyp = 181 / 2994
	cut = 2979
124780 [8515, 8723]: LP
	bnd = 8855.000000
	its = 1
	hyp = 181 / 2994
	cut = 2988
124853 [8515, 8723]: LP
	bnd = 8855.000000
	its = 1
	hyp = 181 / 2994
	cut = 2995
124929 [8515, 8723]: LP
	bnd = 8855.000000
	its = 1
	hyp = 181 / 2994
	cut = 3001
125005 [8515, 8723]: LP
	bnd = 8855.000000
	its = 1
	hyp = 181 / 2994
	cut = 3005
125079 [8515, 8723]: LP
	bnd = 8855.000000
	its = 1
	hyp = 181 / 2994
	cut = 3006
125157 [8515, 8723]: LP
	bnd = 8855.000000
	its = 1
	hyp = 181 / 2994
	cut = 3007
125205 [8515, 8723]: LP STOP
129718 [8515, 8714]: LABEL
	tot = 358203
	max = 263
136069 [8515, 8705]: LABEL
	tot = 358203
	max = 263
142394 [8515, 8696]: LABEL
	tot = 358203
	max = 263
148717 [8515, 8688]: LABEL
	tot = 358203
	max = 263
155040 [8515, 8679]: LABEL
	tot = 358203
	max = 263
161360 [8515, 8670]: LABEL
	tot = 358203
	max = 263
167690 [8515, 8662]: LABEL
	tot = 358203
	max = 263
174036 [8515, 8653]: LABEL
	tot = 358203
	max = 263
180383 [8515, 8644]: LABEL
	tot = 358203
	max = 263
186731 [8515, 8636]: LABEL
	tot = 358203
	max = 263
193076 [8515, 8627]: LABEL
	tot = 358203
	max = 263
199398 [8515, 8619]: LABEL
	tot = 358203
	max = 263
205735 [8515, 8610]: LABEL
	tot = 358203
	max = 263
212056 [8515, 8601]: LABEL
	tot = 358203
	max = 263
218417 [8515, 8593]: LABEL
	tot = 358203
	max = 263
224750 [8515, 8584]: LABEL
	tot = 358203
	max = 263
231094 [8515, 8575]: LABEL
	tot = 358203
	max = 263
237417 [8515, 8567]: LABEL
	tot = 358203
	max = 263
243758 [8515, 8558]: LABEL
	tot = 358203
	max = 263
250121 [8515, 8550]: LABEL
	tot = 358203
	max = 263
256481 [8515, 8541]: LABEL
	tot = 358203
	max = 263
262809 [8515, 8533]: LABEL
	tot = 358203
	max = 263
269130 [8515, 8524]: LABEL
	tot = 358203
	max = 263
275452 [8515, 8516]: LABEL
	tot = 358203
	max = 263
281788 [8515, 8515]: LABEL
	tot = 358203
	max = 263
