hypergraph with 6909 vertices and 149685 hyperarcs generated in 65
429 [0, 9887]: LP
	bnd = 9887.271484
	its = 25
	hyp = 144 / 330
	cut = 0
430 [0, 9887]: HEURISTIC 3
430 [0, 9887]: LABEL
	tot = 57
	max = 2
433 [0, 9877]: LABEL
	tot = 245
	max = 5
436 [0, 9867]: LABEL
	tot = 287
	max = 6
439 [0, 9857]: LABEL
	tot = 316
	max = 6
442 [0, 9847]: LABEL
	tot = 407
	max = 7
447 [0, 9837]: LABEL
	tot = 500
	max = 9
453 [0, 9828]: LABEL
	tot = 686
	max = 11
460 [0, 9818]: LABEL
	tot = 809
	max = 11
469 [0, 9808]: LABEL
	tot = 954
	max = 12
480 [0, 9798]: LABEL
	tot = 1278
	max = 15
494 [0, 9788]: LABEL
	tot = 1517
	max = 17
511 [0, 9779]: LABEL
	tot = 1957
	max = 25
529 [0, 9769]: LABEL
	tot = 2236
	max = 25
550 [0, 9759]: LABEL
	tot = 2581
	max = 25
575 [0, 9749]: LABEL
	tot = 3056
	max = 33
603 [0, 9739]: LABEL
	tot = 3551
	max = 33
635 [0, 9730]: LABEL
	tot = 4188
	max = 35
671 [0, 9720]: LABEL
	tot = 4853
	max = 37
712 [0, 9710]: LABEL
	tot = 5546
	max = 42
758 [0, 9701]: LABEL
	tot = 6580
	max = 63
811 [0, 9691]: LABEL
	tot = 7633
	max = 68
868 [0, 9681]: LABEL
	tot = 8703
	max = 74
880 [0, 9681]: LP
	bnd = 9837.035156
	its = 22
	hyp = 165 / 576
	cut = 18
	restart
918 [0, 9672]: LABEL
	tot = 4973
	max = 39
960 [0, 9662]: LABEL
	tot = 5751
	max = 46
1007 [9606, 9652]: LABEL
	tot = 6618
	max = 56
1060 [9611, 9643]: LABEL
	tot = 7893
	max = 69
1119 [9611, 9633]: LABEL
	tot = 8985
	max = 80
1187 [9611, 9623]: LABEL
	tot = 10276
	max = 95
1261 [9611, 9614]: LABEL
	tot = 11578
	max = 108
1339 [9611, 9611]: LABEL
	tot = 12065
	max = 110
