hypergraph with 2673 vertices and 11744 hyperarcs generated in 65
51 [0, 9409]: LP
	bnd = 9409.375000
	its = 3
	hyp = 26 / 26
	cut = 0
52 [0, 9409]: HEURISTIC 3
52 [9325, 9409]: LABEL
	tot = 35
	max = 2
52 [9325, 9399]: LABEL
	tot = 35
	max = 2
53 [9325, 9390]: LABEL
	tot = 35
	max = 2
53 [9325, 9381]: LABEL
	tot = 35
	max = 2
53 [9325, 9371]: LABEL
	tot = 46
	max = 3
54 [9325, 9362]: LABEL
	tot = 46
	max = 3
54 [9325, 9353]: LABEL
	tot = 46
	max = 3
54 [9325, 9343]: LABEL
	tot = 46
	max = 3
55 [9325, 9334]: LABEL
	tot = 46
	max = 3
55 [9325, 9325]: LABEL
	tot = 46
	max = 3
56 [9325, 9325]: LABEL
	tot = 46
	max = 3
