hypergraph with 7523 vertices and 219043 hyperarcs generated in 101
379 [0, 9999]: LP
	bnd = 9999.417969
	its = 16
	hyp = 104 / 155
	cut = 0
380 [0, 9999]: HEURISTIC 3
381 [0, 9999]: LABEL
	tot = 16
	max = 1
382 [0, 9989]: LABEL
	tot = 82
	max = 1
385 [0, 9979]: LABEL
	tot = 140
	max = 2
388 [0, 9969]: LABEL
	tot = 196
	max = 2
393 [0, 9959]: LABEL
	tot = 294
	max = 3
400 [0, 9949]: LABEL
	tot = 433
	max = 3
410 [0, 9939]: LABEL
	tot = 620
	max = 3
424 [0, 9929]: LABEL
	tot = 895
	max = 4
441 [0, 9919]: LABEL
	tot = 1258
	max = 7
465 [0, 9909]: LABEL
	tot = 1690
	max = 9
495 [9886, 9899]: LABEL
	tot = 2344
	max = 15
534 [9886, 9889]: LABEL
	tot = 3164
	max = 22
578 [9886, 9886]: LABEL
	tot = 3569
	max = 25
