hypergraph with 3173 vertices and 28883 hyperarcs generated in 38
144 [0, 9421]: LP
	bnd = 9421.238281
	its = 16
	hyp = 121 / 182
	cut = 0
146 [0, 9421]: HEURISTIC 3
147 [0, 9421]: LABEL
	tot = 91
	max = 2
149 [0, 9411]: LABEL
	tot = 100
	max = 2
150 [0, 9402]: LABEL
	tot = 100
	max = 2
151 [0, 9393]: LABEL
	tot = 100
	max = 2
153 [0, 9383]: LABEL
	tot = 122
	max = 2
155 [0, 9374]: LABEL
	tot = 122
	max = 2
156 [0, 9364]: LABEL
	tot = 169
	max = 2
159 [0, 9355]: LABEL
	tot = 178
	max = 2
161 [0, 9346]: LABEL
	tot = 180
	max = 2
163 [0, 9336]: LABEL
	tot = 195
	max = 2
166 [0, 9327]: LABEL
	tot = 228
	max = 2
169 [0, 9318]: LABEL
	tot = 235
	max = 2
172 [0, 9308]: LABEL
	tot = 237
	max = 2
175 [0, 9299]: LABEL
	tot = 275
	max = 3
178 [0, 9290]: LABEL
	tot = 345
	max = 3
182 [0, 9280]: LABEL
	tot = 350
	max = 3
186 [0, 9271]: LABEL
	tot = 382
	max = 3
190 [0, 9262]: LABEL
	tot = 391
	max = 3
194 [0, 9253]: LABEL
	tot = 433
	max = 3
199 [0, 9243]: LABEL
	tot = 484
	max = 3
203 [0, 9234]: LABEL
	tot = 504
	max = 4
208 [0, 9225]: LABEL
	tot = 526
	max = 4
213 [0, 9216]: LABEL
	tot = 548
	max = 4
219 [0, 9206]: LABEL
	tot = 594
	max = 4
225 [0, 9197]: LABEL
	tot = 637
	max = 4
231 [0, 9188]: LABEL
	tot = 665
	max = 4
237 [0, 9179]: LABEL
	tot = 721
	max = 5
243 [0, 9170]: LABEL
	tot = 728
	max = 5
250 [0, 9160]: LABEL
	tot = 754
	max = 5
257 [0, 9151]: LABEL
	tot = 783
	max = 5
264 [0, 9142]: LABEL
	tot = 845
	max = 5
271 [0, 9133]: LABEL
	tot = 864
	max = 5
280 [0, 9124]: LABEL
	tot = 981
	max = 6
288 [0, 9115]: LABEL
	tot = 995
	max = 6
296 [0, 9106]: LABEL
	tot = 1037
	max = 6
305 [0, 9097]: LABEL
	tot = 1116
	max = 6
315 [0, 9087]: LABEL
	tot = 1175
	max = 6
325 [0, 9078]: LABEL
	tot = 1255
	max = 6
335 [0, 9069]: LABEL
	tot = 1282
	max = 6
346 [0, 9060]: LABEL
	tot = 1369
	max = 6
351 [0, 9060]: LP
	bnd = 9380.666992
	its = 22
	hyp = 123 / 394
	cut = 10
	restart
364 [0, 9051]: LABEL
	tot = 1597
	max = 9
376 [0, 9042]: LABEL
	tot = 1694
	max = 10
389 [0, 9033]: LABEL
	tot = 1766
	max = 10
403 [0, 9024]: LABEL
	tot = 1816
	max = 10
417 [0, 9015]: LABEL
	tot = 1895
	max = 10
431 [0, 9006]: LABEL
	tot = 2007
	max = 11
446 [0, 8997]: LABEL
	tot = 2130
	max = 11
462 [0, 8988]: LABEL
	tot = 2231
	max = 11
479 [0, 8979]: LABEL
	tot = 2499
	max = 11
496 [0, 8970]: LABEL
	tot = 2615
	max = 11
513 [0, 8970]: LP
	bnd = 9376.250000
	its = 17
	hyp = 111 / 474
	cut = 20
515 [0, 8961]: LABEL
	tot = 2780
	max = 13
535 [0, 8952]: LABEL
	tot = 2940
	max = 11
555 [0, 8943]: LABEL
	tot = 3040
	max = 11
575 [0, 8934]: LABEL
	tot = 3162
	max = 11
597 [0, 8925]: LABEL
	tot = 3358
	max = 12
620 [0, 8916]: LABEL
	tot = 3544
	max = 12
643 [0, 8907]: LABEL
	tot = 3638
	max = 15
648 [0, 8907]: LP
	bnd = 9364.998047
	its = 13
	hyp = 171 / 525
	cut = 30
	restart
672 [0, 8898]: LABEL
	tot = 3760
	max = 15
696 [0, 8890]: LABEL
	tot = 3903
	max = 15
721 [0, 8881]: LABEL
	tot = 4061
	max = 15
747 [0, 8872]: LABEL
	tot = 4208
	max = 16
774 [0, 8863]: LABEL
	tot = 4395
	max = 17
801 [0, 8854]: LABEL
	tot = 4511
	max = 17
829 [0, 8845]: LABEL
	tot = 4648
	max = 18
835 [0, 8845]: LP
	bnd = 9345.041992
	its = 18
	hyp = 199 / 597
	cut = 40
	restart
863 [8781, 8836]: LABEL
	tot = 4632
	max = 18
892 [8781, 8828]: LABEL
	tot = 4812
	max = 18
921 [8781, 8819]: LABEL
	tot = 4954
	max = 18
952 [8781, 8810]: LABEL
	tot = 5099
	max = 18
984 [8781, 8801]: LABEL
	tot = 5277
	max = 18
1016 [8781, 8792]: LABEL
	tot = 5464
	max = 18
1036 [8781, 8792]: LP
	bnd = 9307.812500
	its = 18
	hyp = 233 / 665
	cut = 50
	restart
1066 [8781, 8783]: LABEL
	tot = 4801
	max = 18
1095 [8781, 8781]: LABEL
	tot = 4854
	max = 18
