hypergraph with 2997 vertices and 18927 hyperarcs generated in 72
72 [0, 9619]: LP
	bnd = 9619.000000
	its = 5
	hyp = 46 / 53
	cut = 0
73 [0, 9619]: HEURISTIC 3
74 [9530, 9619]: LABEL
	tot = 77
	max = 2
75 [9530, 9609]: LABEL
	tot = 77
	max = 2
76 [9530, 9599]: LABEL
	tot = 77
	max = 2
77 [9530, 9590]: LABEL
	tot = 102
	max = 3
78 [9530, 9580]: LABEL
	tot = 138
	max = 4
79 [9530, 9571]: LABEL
	tot = 138
	max = 4
80 [9530, 9561]: LABEL
	tot = 160
	max = 5
81 [9530, 9551]: LABEL
	tot = 170
	max = 6
83 [9530, 9542]: LABEL
	tot = 185
	max = 7
84 [9530, 9532]: LABEL
	tot = 185
	max = 7
86 [9530, 9530]: LABEL
	tot = 185
	max = 7
