hypergraph with 2565 vertices and 11561 hyperarcs generated in 49
59 [0, 9557]: LP
	bnd = 9557.000000
	its = 7
	hyp = 18 / 101
	cut = 0
59 [0, 9557]: HEURISTIC 3
60 [9417, 9557]: LABEL
	tot = 34
	max = 2
60 [9417, 9547]: LABEL
	tot = 34
	max = 2
60 [9417, 9537]: LABEL
	tot = 34
	max = 2
61 [9417, 9528]: LABEL
	tot = 34
	max = 2
61 [9417, 9518]: LABEL
	tot = 34
	max = 2
61 [9417, 9509]: LABEL
	tot = 34
	max = 2
62 [9417, 9499]: LABEL
	tot = 34
	max = 2
63 [9417, 9490]: LABEL
	tot = 86
	max = 2
63 [9417, 9480]: LABEL
	tot = 86
	max = 2
64 [9417, 9471]: LABEL
	tot = 86
	max = 2
64 [9417, 9461]: LABEL
	tot = 86
	max = 2
65 [9417, 9452]: LABEL
	tot = 86
	max = 2
66 [9417, 9442]: LABEL
	tot = 86
	max = 2
66 [9417, 9433]: LABEL
	tot = 86
	max = 2
67 [9417, 9424]: LABEL
	tot = 86
	max = 2
67 [9417, 9417]: LABEL
	tot = 86
	max = 2
