hypergraph with 6973 vertices and 173449 hyperarcs generated in 84
267 [0, 9959]: LP
	bnd = 9959.250000
	its = 12
	hyp = 62 / 113
	cut = 0
269 [0, 9959]: HEURISTIC 3
270 [0, 9959]: LABEL
	tot = 62
	max = 1
272 [0, 9949]: LABEL
	tot = 77
	max = 1
274 [0, 9939]: LABEL
	tot = 128
	max = 2
277 [0, 9929]: LABEL
	tot = 203
	max = 2
281 [0, 9919]: LABEL
	tot = 268
	max = 2
285 [0, 9909]: LABEL
	tot = 377
	max = 4
291 [0, 9899]: LABEL
	tot = 465
	max = 4
299 [0, 9889]: LABEL
	tot = 567
	max = 5
309 [0, 9879]: LABEL
	tot = 743
	max = 6
320 [0, 9869]: LABEL
	tot = 906
	max = 7
335 [0, 9860]: LABEL
	tot = 1194
	max = 12
353 [0, 9850]: LABEL
	tot = 1413
	max = 12
373 [0, 9840]: LABEL
	tot = 1748
	max = 13
398 [9796, 9830]: LABEL
	tot = 2073
	max = 14
426 [9796, 9820]: LABEL
	tot = 2548
	max = 15
459 [9796, 9810]: LABEL
	tot = 3092
	max = 18
499 [9796, 9801]: LABEL
	tot = 3865
	max = 19
543 [9796, 9796]: LABEL
	tot = 4259
	max = 23
