hypergraph with 3691 vertices and 22764 hyperarcs generated in 67
66 [0, 9850]: LP
	bnd = 9850.000000
	its = 4
	hyp = 13 / 20
	cut = 0
67 [0, 9850]: HEURISTIC 3
67 [0, 9850]: LABEL
	tot = 26
	max = 1
68 [0, 9840]: LABEL
	tot = 26
	max = 1
68 [0, 9830]: LABEL
	tot = 26
	max = 1
69 [0, 9820]: LABEL
	tot = 26
	max = 1
69 [0, 9810]: LABEL
	tot = 26
	max = 1
70 [0, 9800]: LABEL
	tot = 32
	max = 1
70 [0, 9791]: LABEL
	tot = 32
	max = 1
70 [0, 9781]: LABEL
	tot = 32
	max = 1
71 [0, 9771]: LABEL
	tot = 32
	max = 1
71 [0, 9761]: LABEL
	tot = 32
	max = 1
72 [0, 9751]: LABEL
	tot = 32
	max = 1
72 [0, 9742]: LABEL
	tot = 32
	max = 1
73 [9656, 9732]: LABEL
	tot = 55
	max = 2
73 [9656, 9722]: LABEL
	tot = 55
	max = 2
74 [9656, 9712]: LABEL
	tot = 55
	max = 2
75 [9656, 9703]: LABEL
	tot = 83
	max = 4
76 [9656, 9693]: LABEL
	tot = 99
	max = 5
77 [9656, 9683]: LABEL
	tot = 107
	max = 5
77 [9656, 9674]: LABEL
	tot = 107
	max = 5
79 [9656, 9664]: LABEL
	tot = 107
	max = 5
80 [9656, 9656]: LABEL
	tot = 107
	max = 5
