hypergraph with 5627 vertices and 101054 hyperarcs generated in 78
184 [0, 9877]: LP
	bnd = 9877.428711
	its = 10
	hyp = 64 / 132
	cut = 0
185 [0, 9877]: HEURISTIC 3
186 [0, 9877]: LABEL
	tot = 76
	max = 1
188 [0, 9867]: LABEL
	tot = 92
	max = 2
189 [0, 9857]: LABEL
	tot = 147
	max = 2
191 [0, 9847]: LABEL
	tot = 157
	max = 2
193 [0, 9837]: LABEL
	tot = 180
	max = 2
195 [0, 9828]: LABEL
	tot = 206
	max = 3
197 [0, 9818]: LABEL
	tot = 235
	max = 3
199 [0, 9808]: LABEL
	tot = 240
	max = 3
202 [0, 9798]: LABEL
	tot = 311
	max = 3
206 [0, 9788]: LABEL
	tot = 359
	max = 3
211 [0, 9779]: LABEL
	tot = 414
	max = 3
216 [0, 9769]: LABEL
	tot = 471
	max = 4
221 [0, 9759]: LABEL
	tot = 542
	max = 4
229 [0, 9749]: LABEL
	tot = 630
	max = 5
236 [0, 9740]: LABEL
	tot = 790
	max = 5
247 [0, 9730]: LABEL
	tot = 997
	max = 6
259 [0, 9720]: LABEL
	tot = 1182
	max = 7
273 [0, 9710]: LABEL
	tot = 1379
	max = 8
288 [0, 9701]: LABEL
	tot = 1546
	max = 10
305 [0, 9691]: LABEL
	tot = 1697
	max = 10
323 [0, 9681]: LABEL
	tot = 1858
	max = 10
344 [0, 9672]: LABEL
	tot = 2165
	max = 11
363 [0, 9672]: LP
	bnd = 9842.000000
	its = 9
	hyp = 68 / 294
	cut = 5
	restart
385 [0, 9662]: LABEL
	tot = 1976
	max = 9
409 [0, 9652]: LABEL
	tot = 2299
	max = 11
435 [0, 9643]: LABEL
	tot = 2506
	max = 12
464 [9614, 9633]: LABEL
	tot = 2963
	max = 14
498 [9614, 9623]: LABEL
	tot = 3452
	max = 16
536 [9614, 9614]: LABEL
	tot = 3934
	max = 17
558 [9614, 9614]: LP
	bnd = 9803.043945
	its = 10
	hyp = 104 / 363
	cut = 11
	restart
590 [9614, 9614]: LABEL
	tot = 3116
	max = 17
