hypergraph with 7426 vertices and 221679 hyperarcs generated in 86
466 [0, 9979]: LP
	bnd = 9979.981445
	its = 22
	hyp = 141 / 216
	cut = 0
468 [0, 9979]: HEURISTIC 3
470 [0, 9979]: LABEL
	tot = 93
	max = 1
472 [0, 9970]: LABEL
	tot = 124
	max = 3
475 [0, 9960]: LABEL
	tot = 198
	max = 5
479 [0, 9950]: LABEL
	tot = 324
	max = 5
486 [0, 9940]: LABEL
	tot = 428
	max = 5
495 [0, 9930]: LABEL
	tot = 631
	max = 7
508 [0, 9920]: LABEL
	tot = 944
	max = 12
525 [0, 9910]: LABEL
	tot = 1317
	max = 17
547 [0, 9900]: LABEL
	tot = 1838
	max = 20
577 [0, 9890]: LABEL
	tot = 2606
	max = 27
616 [0, 9880]: LABEL
	tot = 3574
	max = 29
665 [0, 9870]: LABEL
	tot = 4891
	max = 40
725 [0, 9860]: LABEL
	tot = 6541
	max = 53
801 [0, 9851]: LABEL
	tot = 8730
	max = 64
896 [0, 9841]: LABEL
	tot = 11466
	max = 81
1013 [0, 9831]: LABEL
	tot = 15202
	max = 104
1158 [0, 9821]: LABEL
	tot = 19909
	max = 125
1338 [0, 9811]: LABEL
	tot = 25871
	max = 167
1409 [0, 9811]: LP
	bnd = 9944.590820
	its = 40
	hyp = 183 / 663
	cut = 21
	restart
1614 [9773, 9801]: LABEL
	tot = 20905
	max = 116
1851 [9773, 9792]: LABEL
	tot = 27226
	max = 146
2143 [9773, 9782]: LABEL
	tot = 35332
	max = 182
2453 [9773, 9782]: LP
	bnd = 9921.188477
	its = 41
	hyp = 185 / 934
	cut = 45
	restart
2709 [9773, 9773]: LABEL
	tot = 28330
	max = 183
