hypergraph with 7086 vertices and 172415 hyperarcs generated in 84
313 [0, 9954]: LP
	bnd = 9954.054688
	its = 15
	hyp = 114 / 157
	cut = 0
315 [0, 9954]: HEURISTIC 3
317 [0, 9954]: LABEL
	tot = 97
	max = 1
318 [0, 9944]: LABEL
	tot = 131
	max = 1
321 [0, 9934]: LABEL
	tot = 160
	max = 2
323 [0, 9924]: LABEL
	tot = 199
	max = 2
327 [0, 9914]: LABEL
	tot = 251
	max = 2
331 [0, 9904]: LABEL
	tot = 359
	max = 3
337 [0, 9894]: LABEL
	tot = 483
	max = 5
344 [0, 9884]: LABEL
	tot = 612
	max = 6
353 [0, 9874]: LABEL
	tot = 816
	max = 8
365 [0, 9864]: LABEL
	tot = 1014
	max = 9
379 [0, 9854]: LABEL
	tot = 1295
	max = 11
396 [0, 9845]: LABEL
	tot = 1590
	max = 12
417 [0, 9835]: LABEL
	tot = 1976
	max = 15
441 [0, 9825]: LABEL
	tot = 2433
	max = 17
471 [0, 9815]: LABEL
	tot = 3068
	max = 19
506 [0, 9805]: LABEL
	tot = 3795
	max = 23
548 [0, 9795]: LABEL
	tot = 4638
	max = 26
596 [0, 9786]: LABEL
	tot = 5609
	max = 31
652 [0, 9776]: LABEL
	tot = 6871
	max = 36
717 [0, 9766]: LABEL
	tot = 8184
	max = 43
792 [0, 9756]: LABEL
	tot = 9979
	max = 57
879 [9747, 9747]: LABEL
	tot = 11800
	max = 63
967 [9747, 9747]: LABEL
	tot = 11859
	max = 64
