hypergraph with 4471 vertices and 46643 hyperarcs generated in 167
95 [0, 10000]: LP
	bnd = 10000.000000
	its = 3
	hyp = 12 / 12
	cut = 0
96 [0, 10000]: HEURISTIC 3
96 [0, 10000]: LABEL
	tot = 21
	max = 1
96 [0, 9990]: LABEL
	tot = 21
	max = 1
97 [0, 9980]: LABEL
	tot = 21
	max = 1
97 [0, 9970]: LABEL
	tot = 21
	max = 1
98 [0, 9960]: LABEL
	tot = 38
	max = 2
98 [0, 9950]: LABEL
	tot = 38
	max = 2
99 [0, 9940]: LABEL
	tot = 38
	max = 2
99 [0, 9930]: LABEL
	tot = 44
	max = 3
100 [0, 9920]: LABEL
	tot = 44
	max = 3
101 [9912, 9912]: LABEL
	tot = 58
	max = 3
