hypergraph with 7255 vertices and 181270 hyperarcs generated in 83
414 [0, 9988]: LP
	bnd = 9988.049805
	its = 21
	hyp = 131 / 228
	cut = 0
415 [0, 9988]: HEURISTIC 3
416 [0, 9988]: LABEL
	tot = 28
	max = 1
418 [0, 9978]: LABEL
	tot = 79
	max = 1
421 [0, 9968]: LABEL
	tot = 97
	max = 1
424 [0, 9958]: LABEL
	tot = 135
	max = 2
426 [0, 9948]: LABEL
	tot = 188
	max = 3
431 [0, 9938]: LABEL
	tot = 254
	max = 3
436 [0, 9928]: LABEL
	tot = 343
	max = 3
443 [0, 9918]: LABEL
	tot = 472
	max = 3
453 [0, 9908]: LABEL
	tot = 625
	max = 5
467 [0, 9898]: LABEL
	tot = 842
	max = 5
484 [0, 9888]: LABEL
	tot = 1107
	max = 7
504 [0, 9878]: LABEL
	tot = 1388
	max = 7
528 [0, 9868]: LABEL
	tot = 1768
	max = 9
558 [0, 9858]: LABEL
	tot = 2202
	max = 13
594 [0, 9849]: LABEL
	tot = 2772
	max = 16
637 [0, 9839]: LABEL
	tot = 3490
	max = 22
689 [9793, 9829]: LABEL
	tot = 4307
	max = 26
751 [9799, 9819]: LABEL
	tot = 5359
	max = 33
825 [9799, 9809]: LABEL
	tot = 6684
	max = 41
912 [9799, 9799]: LABEL
	tot = 8290
	max = 52
1001 [9799, 9799]: LABEL
	tot = 8466
	max = 55
