hypergraph with 678 vertices and 2266 hyperarcs generated in 31
32 [0, 9056]: LP
	bnd = 9056.500000
	its = 6
	hyp = 22 / 44
	cut = 0
32 [0, 9056]: HEURISTIC 3
33 [0, 9056]: LABEL
	tot = 59
	max = 2
34 [0, 9047]: LABEL
	tot = 59
	max = 2
34 [0, 9038]: LABEL
	tot = 59
	max = 2
35 [0, 9029]: LABEL
	tot = 59
	max = 2
35 [0, 9020]: LABEL
	tot = 66
	max = 3
36 [0, 9011]: LABEL
	tot = 66
	max = 3
37 [0, 9002]: LABEL
	tot = 66
	max = 3
37 [0, 8993]: LABEL
	tot = 66
	max = 3
38 [0, 8984]: LABEL
	tot = 66
	max = 3
39 [0, 8975]: LABEL
	tot = 66
	max = 3
39 [0, 8966]: LABEL
	tot = 66
	max = 3
40 [0, 8957]: LABEL
	tot = 66
	max = 3
40 [0, 8948]: LABEL
	tot = 66
	max = 3
41 [0, 8939]: LABEL
	tot = 66
	max = 3
41 [0, 8930]: LABEL
	tot = 66
	max = 3
42 [0, 8921]: LABEL
	tot = 66
	max = 3
42 [0, 8912]: LABEL
	tot = 66
	max = 3
43 [0, 8903]: LABEL
	tot = 66
	max = 3
43 [0, 8894]: LABEL
	tot = 66
	max = 3
44 [0, 8885]: LABEL
	tot = 145
	max = 4
45 [0, 8877]: LABEL
	tot = 178
	max = 5
46 [0, 8868]: LABEL
	tot = 178
	max = 5
47 [0, 8859]: LABEL
	tot = 184
	max = 5
48 [0, 8850]: LABEL
	tot = 216
	max = 7
49 [0, 8841]: LABEL
	tot = 216
	max = 7
50 [0, 8841]: LP
	bnd = 8990.666992
	its = 3
	hyp = 37 / 50
	cut = 3
	restart
50 [0, 8832]: LABEL
	tot = 51
	max = 2
51 [0, 8823]: LABEL
	tot = 57
	max = 2
51 [0, 8815]: LABEL
	tot = 60
	max = 2
52 [0, 8806]: LABEL
	tot = 60
	max = 2
52 [0, 8797]: LABEL
	tot = 60
	max = 2
52 [0, 8788]: LABEL
	tot = 60
	max = 2
53 [8694, 8779]: LABEL
	tot = 68
	max = 3
53 [8694, 8771]: LABEL
	tot = 68
	max = 3
54 [8694, 8762]: LABEL
	tot = 90
	max = 3
54 [8694, 8753]: LABEL
	tot = 90
	max = 3
55 [8694, 8744]: LABEL
	tot = 90
	max = 3
55 [8694, 8736]: LABEL
	tot = 90
	max = 3
56 [8694, 8727]: LABEL
	tot = 93
	max = 3
57 [8694, 8718]: LABEL
	tot = 93
	max = 3
57 [8694, 8709]: LABEL
	tot = 93
	max = 3
58 [8694, 8701]: LABEL
	tot = 93
	max = 3
58 [8694, 8694]: LABEL
	tot = 93
	max = 3
