hypergraph with 7521 vertices and 217011 hyperarcs generated in 102
273 [0, 10000]: LP
	bnd = 10000.000000
	its = 10
	hyp = 102 / 102
	cut = 0
277 [0, 10000]: HEURISTIC 3
279 [0, 10000]: LABEL
	tot = 100
	max = 1
282 [0, 9990]: LABEL
	tot = 119
	max = 1
286 [0, 9980]: LABEL
	tot = 179
	max = 2
291 [0, 9970]: LABEL
	tot = 283
	max = 2
299 [0, 9960]: LABEL
	tot = 432
	max = 2
310 [0, 9950]: LABEL
	tot = 623
	max = 3
326 [0, 9940]: LABEL
	tot = 973
	max = 3
347 [0, 9930]: LABEL
	tot = 1453
	max = 5
378 [0, 9920]: LABEL
	tot = 2210
	max = 7
417 [0, 9910]: LABEL
	tot = 3077
	max = 10
469 [0, 9900]: LABEL
	tot = 4470
	max = 13
537 [0, 9890]: LABEL
	tot = 6411
	max = 21
625 [0, 9880]: LABEL
	tot = 9069
	max = 29
738 [9879, 9879]: LABEL
	tot = 12741
	max = 43
