hypergraph with 3884 vertices and 25968 hyperarcs generated in 79
82 [0, 9731]: LP
	bnd = 9731.500000
	its = 4
	hyp = 23 / 38
	cut = 0
84 [0, 9731]: HEURISTIC 3
84 [0, 9731]: LABEL
	tot = 50
	max = 1
85 [0, 9721]: LABEL
	tot = 56
	max = 1
86 [0, 9712]: LABEL
	tot = 60
	max = 1
87 [0, 9702]: LABEL
	tot = 72
	max = 1
88 [0, 9692]: LABEL
	tot = 72
	max = 1
89 [0, 9682]: LABEL
	tot = 92
	max = 1
90 [0, 9673]: LABEL
	tot = 100
	max = 1
91 [0, 9663]: LABEL
	tot = 131
	max = 2
93 [0, 9653]: LABEL
	tot = 132
	max = 2
94 [9538, 9644]: LABEL
	tot = 155
	max = 2
96 [9538, 9634]: LABEL
	tot = 155
	max = 2
98 [9538, 9624]: LABEL
	tot = 185
	max = 3
100 [9538, 9615]: LABEL
	tot = 236
	max = 5
102 [9538, 9605]: LABEL
	tot = 254
	max = 5
105 [9538, 9596]: LABEL
	tot = 278
	max = 6
107 [9538, 9586]: LABEL
	tot = 316
	max = 6
112 [9538, 9576]: LABEL
	tot = 342
	max = 7
115 [9538, 9567]: LABEL
	tot = 383
	max = 8
119 [9538, 9557]: LABEL
	tot = 437
	max = 9
124 [9538, 9548]: LABEL
	tot = 500
	max = 9
129 [9538, 9538]: LABEL
	tot = 514
	max = 10
135 [9538, 9538]: LABEL
	tot = 514
	max = 10
