hypergraph with 7795 vertices and 230569 hyperarcs generated in 111
445 [0, 9997]: LP
	bnd = 9997.664062
	its = 18
	hyp = 108 / 185
	cut = 0
448 [0, 9997]: HEURISTIC 3
450 [0, 9997]: LABEL
	tot = 101
	max = 1
452 [0, 9987]: LABEL
	tot = 134
	max = 1
456 [0, 9977]: LABEL
	tot = 231
	max = 3
462 [0, 9967]: LABEL
	tot = 360
	max = 3
471 [0, 9957]: LABEL
	tot = 545
	max = 4
483 [0, 9947]: LABEL
	tot = 828
	max = 6
501 [0, 9937]: LABEL
	tot = 1253
	max = 6
526 [0, 9927]: LABEL
	tot = 1874
	max = 9
559 [0, 9917]: LABEL
	tot = 2741
	max = 15
605 [9891, 9908]: LABEL
	tot = 3923
	max = 24
665 [9892, 9898]: LABEL
	tot = 5624
	max = 38
736 [9892, 9892]: LABEL
	tot = 7028
	max = 51
