hypergraph with 6663 vertices and 153383 hyperarcs generated in 68
300 [0, 9911]: LP
	bnd = 9911.091797
	its = 16
	hyp = 104 / 159
	cut = 0
302 [0, 9911]: HEURISTIC 3
303 [0, 9911]: LABEL
	tot = 60
	max = 1
305 [0, 9901]: LABEL
	tot = 76
	max = 1
307 [0, 9891]: LABEL
	tot = 110
	max = 2
309 [0, 9881]: LABEL
	tot = 124
	max = 3
311 [0, 9871]: LABEL
	tot = 153
	max = 3
314 [0, 9861]: LABEL
	tot = 190
	max = 3
318 [0, 9851]: LABEL
	tot = 240
	max = 3
323 [0, 9841]: LABEL
	tot = 302
	max = 4
329 [0, 9832]: LABEL
	tot = 401
	max = 5
336 [0, 9822]: LABEL
	tot = 502
	max = 5
346 [0, 9812]: LABEL
	tot = 613
	max = 5
358 [0, 9802]: LABEL
	tot = 785
	max = 6
373 [0, 9792]: LABEL
	tot = 1016
	max = 7
391 [0, 9783]: LABEL
	tot = 1245
	max = 7
411 [0, 9773]: LABEL
	tot = 1432
	max = 8
435 [0, 9763]: LABEL
	tot = 1673
	max = 8
462 [0, 9753]: LABEL
	tot = 1969
	max = 13
494 [0, 9743]: LABEL
	tot = 2397
	max = 15
531 [0, 9734]: LABEL
	tot = 2913
	max = 17
574 [0, 9724]: LABEL
	tot = 3460
	max = 18
623 [0, 9714]: LABEL
	tot = 4001
	max = 22
679 [9702, 9705]: LABEL
	tot = 4730
	max = 25
737 [9702, 9702]: LABEL
	tot = 4943
	max = 27
