hypergraph with 1649 vertices and 6377 hyperarcs generated in 52
25 [0, 9768]: LP
	bnd = 9768.000000
	its = 3
	hyp = 26 / 26
	cut = 0
26 [0, 9768]: HEURISTIC 3
26 [9447, 9768]: LABEL
	tot = 55
	max = 2
27 [9447, 9758]: LABEL
	tot = 55
	max = 2
27 [9447, 9748]: LABEL
	tot = 55
	max = 2
28 [9447, 9738]: LABEL
	tot = 55
	max = 2
28 [9447, 9728]: LABEL
	tot = 75
	max = 3
29 [9447, 9719]: LABEL
	tot = 117
	max = 4
30 [9447, 9709]: LABEL
	tot = 117
	max = 4
31 [9447, 9699]: LABEL
	tot = 117
	max = 4
32 [9447, 9690]: LABEL
	tot = 117
	max = 4
32 [9447, 9680]: LABEL
	tot = 117
	max = 4
33 [9447, 9670]: LABEL
	tot = 133
	max = 5
34 [9447, 9661]: LABEL
	tot = 133
	max = 5
35 [9447, 9651]: LABEL
	tot = 133
	max = 5
36 [9447, 9641]: LABEL
	tot = 133
	max = 5
37 [9447, 9632]: LABEL
	tot = 165
	max = 6
38 [9447, 9622]: LABEL
	tot = 165
	max = 6
39 [9447, 9612]: LABEL
	tot = 165
	max = 6
41 [9447, 9603]: LABEL
	tot = 199
	max = 7
41 [9447, 9603]: LP
	bnd = 9768.000000
	its = 2
	hyp = 27 / 28
	cut = 1
43 [9447, 9593]: LABEL
	tot = 199
	max = 7
44 [9447, 9584]: LABEL
	tot = 235
	max = 8
46 [9447, 9574]: LABEL
	tot = 235
	max = 8
48 [9447, 9564]: LABEL
	tot = 251
	max = 9
49 [9447, 9555]: LABEL
	tot = 251
	max = 9
51 [9447, 9545]: LABEL
	tot = 284
	max = 10
53 [9447, 9536]: LABEL
	tot = 284
	max = 10
55 [9447, 9526]: LABEL
	tot = 288
	max = 10
55 [9447, 9526]: LP
	bnd = 9753.666992
	its = 2
	hyp = 17 / 34
	cut = 2
	restart
58 [9447, 9517]: LABEL
	tot = 288
	max = 10
60 [9447, 9507]: LABEL
	tot = 288
	max = 10
62 [9447, 9498]: LABEL
	tot = 288
	max = 10
63 [9447, 9488]: LABEL
	tot = 288
	max = 10
66 [9447, 9479]: LABEL
	tot = 288
	max = 10
67 [9447, 9469]: LABEL
	tot = 288
	max = 10
69 [9447, 9460]: LABEL
	tot = 310
	max = 11
70 [9447, 9460]: LP
	bnd = 9753.666992
	its = 2
	hyp = 16 / 74
	cut = 4
71 [9447, 9450]: LABEL
	tot = 310
	max = 11
74 [9447, 9447]: LABEL
	tot = 310
	max = 11
