hypergraph with 3571 vertices and 21959 hyperarcs generated in 65
90 [0, 9673]: LP
	bnd = 9673.000000
	its = 6
	hyp = 26 / 75
	cut = 0
92 [0, 9673]: HEURISTIC 3
92 [9506, 9673]: LABEL
	tot = 91
	max = 3
94 [9506, 9663]: LABEL
	tot = 101
	max = 3
95 [9506, 9653]: LABEL
	tot = 110
	max = 3
96 [9506, 9644]: LABEL
	tot = 110
	max = 3
97 [9506, 9634]: LABEL
	tot = 110
	max = 3
98 [9506, 9624]: LABEL
	tot = 140
	max = 4
99 [9506, 9615]: LABEL
	tot = 149
	max = 4
101 [9506, 9605]: LABEL
	tot = 157
	max = 4
102 [9506, 9595]: LABEL
	tot = 157
	max = 4
103 [9506, 9586]: LABEL
	tot = 157
	max = 4
105 [9506, 9576]: LABEL
	tot = 210
	max = 5
107 [9506, 9567]: LABEL
	tot = 234
	max = 5
109 [9506, 9557]: LABEL
	tot = 234
	max = 5
111 [9506, 9548]: LABEL
	tot = 244
	max = 6
114 [9506, 9538]: LABEL
	tot = 258
	max = 6
116 [9506, 9528]: LABEL
	tot = 258
	max = 6
119 [9506, 9519]: LABEL
	tot = 302
	max = 6
122 [9506, 9509]: LABEL
	tot = 326
	max = 6
126 [9506, 9506]: LABEL
	tot = 326
	max = 6
