hypergraph with 1010 vertices and 3678 hyperarcs generated in 51
28 [0, 9254]: LP
	bnd = 9254.500000
	its = 4
	hyp = 31 / 53
	cut = 0
29 [0, 9254]: HEURISTIC 3
30 [9019, 9254]: LABEL
	tot = 74
	max = 2
31 [9019, 9245]: LABEL
	tot = 74
	max = 2
32 [9019, 9236]: LABEL
	tot = 74
	max = 2
32 [9019, 9226]: LABEL
	tot = 74
	max = 2
33 [9019, 9217]: LABEL
	tot = 74
	max = 2
33 [9019, 9208]: LABEL
	tot = 74
	max = 2
34 [9019, 9199]: LABEL
	tot = 74
	max = 2
34 [9019, 9189]: LABEL
	tot = 74
	max = 2
35 [9019, 9180]: LABEL
	tot = 74
	max = 2
35 [9019, 9171]: LABEL
	tot = 74
	max = 2
36 [9019, 9162]: LABEL
	tot = 74
	max = 2
36 [9019, 9153]: LABEL
	tot = 94
	max = 2
37 [9019, 9144]: LABEL
	tot = 94
	max = 2
38 [9019, 9134]: LABEL
	tot = 94
	max = 2
39 [9019, 9125]: LABEL
	tot = 94
	max = 2
40 [9019, 9116]: LABEL
	tot = 165
	max = 3
41 [9019, 9107]: LABEL
	tot = 165
	max = 3
42 [9019, 9098]: LABEL
	tot = 165
	max = 3
43 [9019, 9089]: LABEL
	tot = 165
	max = 3
44 [9019, 9080]: LABEL
	tot = 165
	max = 3
45 [9019, 9071]: LABEL
	tot = 165
	max = 3
46 [9019, 9062]: LABEL
	tot = 165
	max = 3
47 [9019, 9053]: LABEL
	tot = 165
	max = 3
48 [9019, 9043]: LABEL
	tot = 165
	max = 3
48 [9019, 9043]: LP
	bnd = 9254.500000
	its = 2
	hyp = 33 / 70
	cut = 1
49 [9019, 9034]: LABEL
	tot = 165
	max = 3
50 [9019, 9025]: LABEL
	tot = 165
	max = 3
51 [9023, 9023]: LABEL
	tot = 200
	max = 4
