hypergraph with 2219 vertices and 14987 hyperarcs generated in 34
117 [0, 8854]: LP
	bnd = 8854.928711
	its = 17
	hyp = 101 / 176
	cut = 0
121 [0, 8854]: HEURISTIC 3
124 [0, 8854]: LABEL
	tot = 229
	max = 2
127 [0, 8846]: LABEL
	tot = 232
	max = 2
129 [0, 8837]: LABEL
	tot = 232
	max = 2
132 [0, 8828]: LABEL
	tot = 232
	max = 2
135 [0, 8819]: LABEL
	tot = 396
	max = 3
139 [0, 8810]: LABEL
	tot = 457
	max = 4
143 [0, 8801]: LABEL
	tot = 457
	max = 4
149 [0, 8793]: LABEL
	tot = 521
	max = 6
154 [0, 8784]: LABEL
	tot = 521
	max = 6
159 [0, 8775]: LABEL
	tot = 522
	max = 6
165 [0, 8766]: LABEL
	tot = 522
	max = 6
171 [0, 8758]: LABEL
	tot = 576
	max = 6
177 [0, 8749]: LABEL
	tot = 721
	max = 6
184 [0, 8740]: LABEL
	tot = 721
	max = 6
191 [0, 8731]: LABEL
	tot = 721
	max = 6
198 [0, 8723]: LABEL
	tot = 721
	max = 6
205 [8649, 8714]: LABEL
	tot = 843
	max = 10
212 [8649, 8705]: LABEL
	tot = 847
	max = 10
220 [8649, 8696]: LABEL
	tot = 847
	max = 10
226 [8649, 8696]: LP
	bnd = 8854.928711
	its = 13
	hyp = 115 / 256
	cut = 9
228 [8649, 8688]: LABEL
	tot = 905
	max = 11
237 [8686, 8686]: LABEL
	tot = 1021
	max = 11
