hypergraph with 2265 vertices and 8474 hyperarcs generated in 43
57 [0, 9707]: LP
	bnd = 9707.500000
	its = 5
	hyp = 20 / 59
	cut = 0
58 [0, 9707]: HEURISTIC 3
58 [0, 9707]: LABEL
	tot = 23
	max = 1
59 [0, 9697]: LABEL
	tot = 23
	max = 1
59 [0, 9688]: LABEL
	tot = 23
	max = 1
59 [0, 9678]: LABEL
	tot = 23
	max = 1
60 [0, 9668]: LABEL
	tot = 23
	max = 1
60 [0, 9659]: LABEL
	tot = 23
	max = 1
60 [0, 9649]: LABEL
	tot = 23
	max = 1
61 [0, 9639]: LABEL
	tot = 52
	max = 1
62 [0, 9630]: LABEL
	tot = 61
	max = 2
62 [0, 9620]: LABEL
	tot = 61
	max = 2
63 [0, 9610]: LABEL
	tot = 61
	max = 2
63 [0, 9601]: LABEL
	tot = 61
	max = 2
64 [0, 9591]: LABEL
	tot = 61
	max = 2
65 [0, 9582]: LABEL
	tot = 61
	max = 2
65 [0, 9572]: LABEL
	tot = 61
	max = 2
66 [0, 9562]: LABEL
	tot = 77
	max = 2
67 [0, 9553]: LABEL
	tot = 77
	max = 2
68 [0, 9543]: LABEL
	tot = 96
	max = 2
69 [0, 9534]: LABEL
	tot = 96
	max = 2
70 [0, 9524]: LABEL
	tot = 96
	max = 2
71 [0, 9515]: LABEL
	tot = 96
	max = 2
72 [0, 9505]: LABEL
	tot = 96
	max = 2
73 [0, 9496]: LABEL
	tot = 96
	max = 2
74 [0, 9486]: LABEL
	tot = 96
	max = 2
75 [0, 9477]: LABEL
	tot = 96
	max = 2
76 [0, 9467]: LABEL
	tot = 96
	max = 2
77 [0, 9458]: LABEL
	tot = 96
	max = 2
78 [0, 9448]: LABEL
	tot = 96
	max = 2
79 [0, 9439]: LABEL
	tot = 106
	max = 2
80 [0, 9429]: LABEL
	tot = 106
	max = 2
81 [0, 9420]: LABEL
	tot = 106
	max = 2
83 [0, 9411]: LABEL
	tot = 106
	max = 2
84 [0, 9401]: LABEL
	tot = 132
	max = 2
86 [0, 9392]: LABEL
	tot = 132
	max = 2
87 [0, 9382]: LABEL
	tot = 132
	max = 2
89 [0, 9373]: LABEL
	tot = 132
	max = 2
90 [8649, 9364]: LABEL
	tot = 161
	max = 2
93 [8649, 9354]: LABEL
	tot = 211
	max = 3
95 [8893, 9345]: LABEL
	tot = 245
	max = 3
97 [8893, 9336]: LABEL
	tot = 245
	max = 3
98 [8893, 9336]: LP
	bnd = 9575.500000
	its = 3
	hyp = 23 / 87
	cut = 3
	restart
100 [8893, 9326]: LABEL
	tot = 73
	max = 2
101 [8893, 9317]: LABEL
	tot = 102
	max = 2
102 [8893, 9308]: LABEL
	tot = 112
	max = 2
103 [8893, 9298]: LABEL
	tot = 112
	max = 2
105 [8893, 9289]: LABEL
	tot = 112
	max = 2
106 [8893, 9280]: LABEL
	tot = 134
	max = 2
108 [8893, 9270]: LABEL
	tot = 134
	max = 2
109 [8893, 9261]: LABEL
	tot = 134
	max = 2
111 [8893, 9252]: LABEL
	tot = 134
	max = 2
112 [8893, 9243]: LABEL
	tot = 134
	max = 2
114 [8893, 9233]: LABEL
	tot = 135
	max = 2
116 [8893, 9224]: LABEL
	tot = 135
	max = 2
117 [8893, 9215]: LABEL
	tot = 180
	max = 3
119 [8893, 9206]: LABEL
	tot = 180
	max = 3
121 [8893, 9196]: LABEL
	tot = 180
	max = 3
121 [8893, 9196]: LP
	bnd = 9153.000000
	its = 2
	hyp = 43 / 108
	cut = 7
	restart
123 [8893, 9153]: LABEL
	tot = 83
	max = 2
124 [8893, 9143]: LABEL
	tot = 83
	max = 2
125 [8893, 9134]: LABEL
	tot = 83
	max = 2
126 [8893, 9125]: LABEL
	tot = 83
	max = 2
127 [8893, 9116]: LABEL
	tot = 83
	max = 2
127 [8893, 9107]: LABEL
	tot = 83
	max = 2
129 [8893, 9098]: LABEL
	tot = 124
	max = 2
130 [8893, 9089]: LABEL
	tot = 124
	max = 2
132 [8893, 9080]: LABEL
	tot = 139
	max = 2
133 [8893, 9070]: LABEL
	tot = 139
	max = 2
135 [8893, 9061]: LABEL
	tot = 139
	max = 2
136 [8893, 9052]: LABEL
	tot = 139
	max = 2
137 [8893, 9043]: LABEL
	tot = 139
	max = 2
139 [8893, 9034]: LABEL
	tot = 139
	max = 2
140 [8893, 9025]: LABEL
	tot = 139
	max = 2
142 [8893, 9016]: LABEL
	tot = 139
	max = 2
143 [8893, 9007]: LABEL
	tot = 181
	max = 3
145 [8893, 8998]: LABEL
	tot = 181
	max = 3
147 [8893, 8989]: LABEL
	tot = 181
	max = 3
149 [8893, 8980]: LABEL
	tot = 210
	max = 3
151 [8893, 8971]: LABEL
	tot = 210
	max = 3
153 [8893, 8962]: LABEL
	tot = 252
	max = 4
155 [8893, 8953]: LABEL
	tot = 252
	max = 4
156 [8893, 8953]: LP
	bnd = 9153.000000
	its = 4
	hyp = 48 / 135
	cut = 12
158 [8893, 8944]: LABEL
	tot = 252
	max = 4
160 [8893, 8935]: LABEL
	tot = 252
	max = 4
162 [8893, 8926]: LABEL
	tot = 252
	max = 4
165 [8893, 8917]: LABEL
	tot = 274
	max = 4
167 [8893, 8909]: LABEL
	tot = 274
	max = 4
170 [8893, 8900]: LABEL
	tot = 274
	max = 4
173 [8893, 8893]: LABEL
	tot = 274
	max = 4
