hypergraph with 6546 vertices and 141694 hyperarcs generated in 69
319 [0, 9897]: LP
	bnd = 9897.145508
	its = 18
	hyp = 119 / 234
	cut = 0
320 [0, 9897]: HEURISTIC 3
320 [0, 9897]: LABEL
	tot = 27
	max = 1
322 [0, 9887]: LABEL
	tot = 132
	max = 2
325 [0, 9877]: LABEL
	tot = 159
	max = 3
327 [0, 9867]: LABEL
	tot = 180
	max = 3
329 [0, 9857]: LABEL
	tot = 238
	max = 3
333 [0, 9847]: LABEL
	tot = 287
	max = 4
336 [0, 9837]: LABEL
	tot = 311
	max = 6
340 [0, 9828]: LABEL
	tot = 404
	max = 7
345 [0, 9818]: LABEL
	tot = 454
	max = 7
351 [0, 9808]: LABEL
	tot = 521
	max = 7
357 [0, 9798]: LABEL
	tot = 614
	max = 7
366 [0, 9788]: LABEL
	tot = 710
	max = 7
374 [0, 9779]: LABEL
	tot = 779
	max = 7
386 [0, 9769]: LABEL
	tot = 954
	max = 7
398 [0, 9759]: LABEL
	tot = 1084
	max = 7
413 [0, 9749]: LABEL
	tot = 1291
	max = 8
430 [0, 9739]: LABEL
	tot = 1539
	max = 9
452 [0, 9730]: LABEL
	tot = 1946
	max = 9
477 [0, 9720]: LABEL
	tot = 2317
	max = 9
506 [0, 9710]: LABEL
	tot = 2723
	max = 11
538 [0, 9701]: LABEL
	tot = 3069
	max = 14
573 [0, 9691]: LABEL
	tot = 3411
	max = 16
613 [0, 9681]: LABEL
	tot = 3909
	max = 18
657 [9612, 9671]: LABEL
	tot = 4410
	max = 19
708 [9612, 9662]: LABEL
	tot = 5101
	max = 19
765 [9612, 9652]: LABEL
	tot = 5723
	max = 22
827 [9612, 9643]: LABEL
	tot = 6485
	max = 28
889 [9612, 9643]: LP
	bnd = 9827.491211
	its = 27
	hyp = 116 / 550
	cut = 14
	restart
941 [9612, 9633]: LABEL
	tot = 4598
	max = 17
998 [9612, 9623]: LABEL
	tot = 5237
	max = 18
1062 [9612, 9614]: LABEL
	tot = 5990
	max = 20
1128 [9612, 9612]: LABEL
	tot = 6167
	max = 20
