hypergraph with 968 vertices and 3428 hyperarcs generated in 31
34 [0, 9020]: LP
	bnd = 9020.250000
	its = 5
	hyp = 37 / 44
	cut = 0
35 [0, 9020]: HEURISTIC 3
36 [0, 9020]: LABEL
	tot = 48
	max = 1
36 [0, 9011]: LABEL
	tot = 48
	max = 1
37 [0, 9002]: LABEL
	tot = 48
	max = 1
37 [0, 8993]: LABEL
	tot = 65
	max = 2
38 [0, 8984]: LABEL
	tot = 65
	max = 2
38 [0, 8975]: LABEL
	tot = 65
	max = 2
39 [0, 8966]: LABEL
	tot = 65
	max = 2
39 [0, 8957]: LABEL
	tot = 65
	max = 2
39 [0, 8948]: LABEL
	tot = 65
	max = 2
40 [0, 8939]: LABEL
	tot = 66
	max = 2
40 [0, 8930]: LABEL
	tot = 66
	max = 2
41 [8820, 8921]: LABEL
	tot = 87
	max = 3
41 [8820, 8912]: LABEL
	tot = 104
	max = 4
42 [8820, 8903]: LABEL
	tot = 104
	max = 4
43 [8820, 8894]: LABEL
	tot = 104
	max = 4
43 [8820, 8885]: LABEL
	tot = 104
	max = 4
44 [8820, 8877]: LABEL
	tot = 104
	max = 4
44 [8820, 8868]: LABEL
	tot = 104
	max = 4
45 [8820, 8859]: LABEL
	tot = 104
	max = 4
45 [8820, 8850]: LABEL
	tot = 104
	max = 4
46 [8820, 8841]: LABEL
	tot = 104
	max = 4
47 [8820, 8832]: LABEL
	tot = 129
	max = 4
48 [8820, 8823]: LABEL
	tot = 129
	max = 4
49 [8820, 8820]: LABEL
	tot = 129
	max = 4
