hypergraph with 3559 vertices and 22018 hyperarcs generated in 100
76 [0, 9790]: LP
	bnd = 9790.750000
	its = 4
	hyp = 25 / 25
	cut = 0
77 [0, 9790]: HEURISTIC 3
78 [9681, 9790]: LABEL
	tot = 55
	max = 2
78 [9681, 9780]: LABEL
	tot = 55
	max = 2
79 [9681, 9771]: LABEL
	tot = 63
	max = 2
80 [9681, 9761]: LABEL
	tot = 86
	max = 3
80 [9681, 9751]: LABEL
	tot = 117
	max = 5
81 [9681, 9741]: LABEL
	tot = 146
	max = 6
82 [9681, 9732]: LABEL
	tot = 146
	max = 6
84 [9681, 9722]: LABEL
	tot = 171
	max = 7
85 [9681, 9712]: LABEL
	tot = 201
	max = 8
86 [9681, 9702]: LABEL
	tot = 201
	max = 8
88 [9681, 9693]: LABEL
	tot = 229
	max = 9
89 [9681, 9683]: LABEL
	tot = 229
	max = 9
91 [9681, 9681]: LABEL
	tot = 229
	max = 9
