hypergraph with 609 vertices and 2012 hyperarcs generated in 29
24 [0, 9319]: LP
	bnd = 9319.500000
	its = 4
	hyp = 22 / 38
	cut = 0
25 [0, 9319]: HEURISTIC 3
25 [0, 9319]: LABEL
	tot = 50
	max = 1
26 [0, 9310]: LABEL
	tot = 50
	max = 1
27 [0, 9300]: LABEL
	tot = 50
	max = 1
27 [0, 9291]: LABEL
	tot = 50
	max = 1
28 [0, 9282]: LABEL
	tot = 50
	max = 1
28 [0, 9272]: LABEL
	tot = 50
	max = 1
29 [0, 9263]: LABEL
	tot = 50
	max = 1
30 [0, 9254]: LABEL
	tot = 50
	max = 1
30 [0, 9245]: LABEL
	tot = 50
	max = 1
31 [0, 9235]: LABEL
	tot = 50
	max = 1
31 [0, 9226]: LABEL
	tot = 50
	max = 1
32 [0, 9217]: LABEL
	tot = 50
	max = 1
32 [0, 9208]: LABEL
	tot = 50
	max = 1
32 [0, 9199]: LABEL
	tot = 50
	max = 1
33 [0, 9189]: LABEL
	tot = 50
	max = 1
33 [0, 9180]: LABEL
	tot = 50
	max = 1
34 [0, 9171]: LABEL
	tot = 50
	max = 1
34 [0, 9162]: LABEL
	tot = 50
	max = 1
35 [0, 9153]: LABEL
	tot = 54
	max = 2
35 [0, 9144]: LABEL
	tot = 54
	max = 2
35 [0, 9134]: LABEL
	tot = 54
	max = 2
36 [0, 9125]: LABEL
	tot = 54
	max = 2
36 [0, 9116]: LABEL
	tot = 54
	max = 2
37 [0, 9107]: LABEL
	tot = 54
	max = 2
37 [0, 9098]: LABEL
	tot = 54
	max = 2
38 [0, 9089]: LABEL
	tot = 54
	max = 2
38 [0, 9080]: LABEL
	tot = 54
	max = 2
38 [0, 9071]: LABEL
	tot = 54
	max = 2
39 [0, 9062]: LABEL
	tot = 54
	max = 2
39 [0, 9052]: LABEL
	tot = 54
	max = 2
40 [0, 9043]: LABEL
	tot = 54
	max = 2
40 [0, 9034]: LABEL
	tot = 54
	max = 2
40 [0, 9025]: LABEL
	tot = 54
	max = 2
41 [0, 9016]: LABEL
	tot = 54
	max = 2
41 [0, 9007]: LABEL
	tot = 54
	max = 2
42 [0, 8998]: LABEL
	tot = 54
	max = 2
42 [0, 8989]: LABEL
	tot = 54
	max = 2
42 [0, 8980]: LABEL
	tot = 54
	max = 2
43 [0, 8971]: LABEL
	tot = 54
	max = 2
43 [0, 8962]: LABEL
	tot = 54
	max = 2
44 [0, 8953]: LABEL
	tot = 54
	max = 2
44 [0, 8944]: LABEL
	tot = 54
	max = 2
44 [0, 8935]: LABEL
	tot = 54
	max = 2
45 [0, 8927]: LABEL
	tot = 54
	max = 2
45 [0, 8918]: LABEL
	tot = 54
	max = 2
46 [8917, 8917]: LABEL
	tot = 75
	max = 2
