hypergraph with 5497 vertices and 88895 hyperarcs generated in 63
206 [0, 9835]: LP
	bnd = 9835.463867
	its = 12
	hyp = 96 / 143
	cut = 0
207 [0, 9835]: HEURISTIC 3
208 [0, 9835]: LABEL
	tot = 76
	max = 1
209 [0, 9825]: LABEL
	tot = 95
	max = 1
211 [0, 9815]: LABEL
	tot = 149
	max = 2
212 [0, 9805]: LABEL
	tot = 169
	max = 3
214 [0, 9796]: LABEL
	tot = 192
	max = 3
216 [0, 9786]: LABEL
	tot = 226
	max = 3
219 [0, 9776]: LABEL
	tot = 281
	max = 4
222 [0, 9766]: LABEL
	tot = 338
	max = 4
226 [0, 9757]: LABEL
	tot = 379
	max = 5
230 [9622, 9747]: LABEL
	tot = 489
	max = 7
235 [9622, 9737]: LABEL
	tot = 580
	max = 8
241 [9622, 9727]: LABEL
	tot = 597
	max = 8
246 [9622, 9718]: LABEL
	tot = 668
	max = 10
253 [9711, 9711]: LABEL
	tot = 733
	max = 11
