hypergraph with 6835 vertices and 165342 hyperarcs generated in 76
394 [0, 9976]: LP
	bnd = 9976.202148
	its = 20
	hyp = 121 / 193
	cut = 0
396 [0, 9976]: HEURISTIC 3
397 [0, 9976]: LABEL
	tot = 54
	max = 1
400 [0, 9966]: LABEL
	tot = 90
	max = 1
403 [0, 9956]: LABEL
	tot = 142
	max = 2
406 [0, 9946]: LABEL
	tot = 201
	max = 2
411 [0, 9936]: LABEL
	tot = 275
	max = 2
418 [0, 9926]: LABEL
	tot = 433
	max = 3
427 [0, 9916]: LABEL
	tot = 598
	max = 4
438 [0, 9906]: LABEL
	tot = 757
	max = 4
454 [0, 9896]: LABEL
	tot = 1062
	max = 8
474 [0, 9886]: LABEL
	tot = 1374
	max = 9
498 [0, 9876]: LABEL
	tot = 1811
	max = 11
529 [0, 9867]: LABEL
	tot = 2397
	max = 14
567 [0, 9857]: LABEL
	tot = 3112
	max = 14
612 [0, 9847]: LABEL
	tot = 3999
	max = 16
667 [0, 9837]: LABEL
	tot = 4994
	max = 17
732 [0, 9827]: LABEL
	tot = 6224
	max = 22
811 [9818, 9818]: LABEL
	tot = 7869
	max = 27
