hypergraph with 7171 vertices and 186193 hyperarcs generated in 87
278 [0, 9969]: LP
	bnd = 9969.701172
	its = 12
	hyp = 128 / 144
	cut = 0
281 [0, 9969]: HEURISTIC 3
283 [0, 9969]: LABEL
	tot = 76
	max = 2
286 [0, 9959]: LABEL
	tot = 122
	max = 2
289 [0, 9949]: LABEL
	tot = 164
	max = 4
293 [0, 9939]: LABEL
	tot = 193
	max = 4
297 [0, 9929]: LABEL
	tot = 293
	max = 4
304 [0, 9919]: LABEL
	tot = 391
	max = 4
312 [0, 9910]: LABEL
	tot = 518
	max = 5
324 [0, 9900]: LABEL
	tot = 648
	max = 5
337 [0, 9890]: LABEL
	tot = 843
	max = 6
355 [0, 9880]: LABEL
	tot = 1136
	max = 7
377 [0, 9870]: LABEL
	tot = 1453
	max = 9
404 [0, 9860]: LABEL
	tot = 1849
	max = 11
438 [0, 9850]: LABEL
	tot = 2417
	max = 16
479 [0, 9840]: LABEL
	tot = 3106
	max = 18
528 [0, 9831]: LABEL
	tot = 4020
	max = 20
586 [0, 9821]: LABEL
	tot = 4926
	max = 28
655 [0, 9811]: LABEL
	tot = 6218
	max = 33
738 [0, 9801]: LABEL
	tot = 7632
	max = 44
835 [0, 9791]: LABEL
	tot = 9507
	max = 55
951 [0, 9781]: LABEL
	tot = 11717
	max = 62
1086 [9767, 9772]: LABEL
	tot = 14379
	max = 72
1190 [9767, 9772]: LP
	bnd = 9913.646484
	its = 37
	hyp = 144 / 742
	cut = 21
	restart
1284 [9767, 9767]: LABEL
	tot = 7782
	max = 38
