hypergraph with 6495 vertices and 142002 hyperarcs generated in 69
226 [0, 9826]: LP
	bnd = 9826.905273
	its = 11
	hyp = 105 / 128
	cut = 0
226 [0, 9826]: HEURISTIC 3
227 [0, 9826]: LABEL
	tot = 6
	max = 1
229 [0, 9817]: LABEL
	tot = 87
	max = 1
231 [0, 9807]: LABEL
	tot = 116
	max = 2
233 [0, 9797]: LABEL
	tot = 142
	max = 2
236 [0, 9787]: LABEL
	tot = 183
	max = 3
239 [0, 9777]: LABEL
	tot = 220
	max = 3
242 [0, 9768]: LABEL
	tot = 242
	max = 3
247 [0, 9758]: LABEL
	tot = 298
	max = 3
252 [0, 9748]: LABEL
	tot = 362
	max = 3
259 [0, 9738]: LABEL
	tot = 481
	max = 4
268 [0, 9729]: LABEL
	tot = 582
	max = 4
278 [0, 9719]: LABEL
	tot = 693
	max = 4
291 [0, 9709]: LABEL
	tot = 863
	max = 5
305 [0, 9699]: LABEL
	tot = 1020
	max = 6
320 [0, 9690]: LABEL
	tot = 1159
	max = 6
339 [0, 9680]: LABEL
	tot = 1337
	max = 6
360 [0, 9670]: LABEL
	tot = 1527
	max = 7
383 [0, 9661]: LABEL
	tot = 1728
	max = 8
408 [0, 9651]: LABEL
	tot = 1970
	max = 8
436 [0, 9641]: LABEL
	tot = 2218
	max = 10
470 [0, 9632]: LABEL
	tot = 2716
	max = 12
508 [0, 9622]: LABEL
	tot = 3072
	max = 12
551 [0, 9612]: LABEL
	tot = 3562
	max = 12
599 [0, 9603]: LABEL
	tot = 4126
	max = 16
653 [0, 9593]: LABEL
	tot = 4791
	max = 20
714 [0, 9584]: LABEL
	tot = 5550
	max = 22
782 [0, 9574]: LABEL
	tot = 6315
	max = 26
814 [0, 9574]: LP
	bnd = 9784.142578
	its = 28
	hyp = 145 / 436
	cut = 14
	restart
884 [0, 9564]: LABEL
	tot = 6035
	max = 21
960 [0, 9555]: LABEL
	tot = 6905
	max = 24
1048 [9544, 9545]: LABEL
	tot = 8063
	max = 33
1136 [9544, 9544]: LABEL
	tot = 8296
	max = 34
