hypergraph with 3830 vertices and 41925 hyperarcs generated in 80
140 [0, 9783]: LP
	bnd = 9783.823242
	its = 11
	hyp = 63 / 100
	cut = 0
141 [0, 9783]: HEURISTIC 3
142 [0, 9783]: LABEL
	tot = 32
	max = 1
142 [0, 9774]: LABEL
	tot = 65
	max = 1
143 [0, 9764]: LABEL
	tot = 65
	max = 1
144 [0, 9754]: LABEL
	tot = 65
	max = 1
145 [0, 9744]: LABEL
	tot = 99
	max = 1
147 [0, 9735]: LABEL
	tot = 116
	max = 2
148 [0, 9725]: LABEL
	tot = 136
	max = 2
150 [0, 9715]: LABEL
	tot = 162
	max = 2
152 [0, 9705]: LABEL
	tot = 199
	max = 2
154 [0, 9696]: LABEL
	tot = 240
	max = 3
157 [0, 9686]: LABEL
	tot = 240
	max = 3
160 [0, 9676]: LABEL
	tot = 292
	max = 3
164 [0, 9667]: LABEL
	tot = 341
	max = 4
168 [0, 9657]: LABEL
	tot = 420
	max = 4
173 [0, 9647]: LABEL
	tot = 446
	max = 4
178 [0, 9638]: LABEL
	tot = 497
	max = 5
184 [9487, 9628]: LABEL
	tot = 591
	max = 6
190 [9487, 9618]: LABEL
	tot = 700
	max = 6
198 [9487, 9609]: LABEL
	tot = 811
	max = 7
207 [9487, 9599]: LABEL
	tot = 925
	max = 10
216 [9487, 9589]: LABEL
	tot = 1020
	max = 10
226 [9487, 9580]: LABEL
	tot = 1094
	max = 10
237 [9487, 9570]: LABEL
	tot = 1238
	max = 10
249 [9487, 9561]: LABEL
	tot = 1381
	max = 11
261 [9487, 9551]: LABEL
	tot = 1501
	max = 15
275 [9487, 9542]: LABEL
	tot = 1682
	max = 15
288 [9487, 9542]: LP
	bnd = 9770.997070
	its = 11
	hyp = 73 / 251
	cut = 7
	restart
310 [9487, 9532]: LABEL
	tot = 2670
	max = 19
333 [9487, 9523]: LABEL
	tot = 3020
	max = 22
358 [9487, 9513]: LABEL
	tot = 3183
	max = 24
384 [9487, 9504]: LABEL
	tot = 3533
	max = 26
399 [9487, 9504]: LP
	bnd = 9743.019531
	its = 8
	hyp = 83 / 301
	cut = 14
	restart
420 [9487, 9494]: LABEL
	tot = 2599
	max = 16
443 [9487, 9487]: LABEL
	tot = 2782
	max = 18
