hypergraph with 6105 vertices and 122758 hyperarcs generated in 66
425 [0, 9868]: LP
	bnd = 9868.715820
	its = 26
	hyp = 165 / 249
	cut = 0
426 [0, 9868]: HEURISTIC 3
426 [0, 9868]: LABEL
	tot = 19
	max = 1
430 [0, 9858]: LABEL
	tot = 151
	max = 2
433 [0, 9848]: LABEL
	tot = 191
	max = 2
435 [0, 9839]: LABEL
	tot = 237
	max = 2
439 [0, 9829]: LABEL
	tot = 282
	max = 3
444 [0, 9819]: LABEL
	tot = 337
	max = 3
449 [0, 9809]: LABEL
	tot = 420
	max = 3
455 [0, 9799]: LABEL
	tot = 515
	max = 5
463 [0, 9790]: LABEL
	tot = 603
	max = 5
473 [0, 9780]: LABEL
	tot = 791
	max = 8
485 [0, 9770]: LABEL
	tot = 1000
	max = 9
500 [0, 9760]: LABEL
	tot = 1242
	max = 12
516 [0, 9750]: LABEL
	tot = 1428
	max = 14
535 [0, 9741]: LABEL
	tot = 1675
	max = 18
558 [0, 9731]: LABEL
	tot = 1951
	max = 20
583 [0, 9721]: LABEL
	tot = 2270
	max = 22
610 [0, 9711]: LABEL
	tot = 2669
	max = 26
642 [0, 9702]: LABEL
	tot = 3098
	max = 33
676 [0, 9692]: LABEL
	tot = 3522
	max = 34
715 [0, 9682]: LABEL
	tot = 3902
	max = 35
758 [0, 9673]: LABEL
	tot = 4533
	max = 37
807 [0, 9663]: LABEL
	tot = 5111
	max = 41
862 [0, 9653]: LABEL
	tot = 5818
	max = 45
923 [9572, 9644]: LABEL
	tot = 6611
	max = 46
991 [9572, 9634]: LABEL
	tot = 7603
	max = 49
1068 [9572, 9624]: LABEL
	tot = 8711
	max = 53
1108 [9572, 9624]: LP
	bnd = 9823.266602
	its = 33
	hyp = 165 / 622
	cut = 18
	restart
1175 [9572, 9615]: LABEL
	tot = 6358
	max = 41
1246 [9572, 9605]: LABEL
	tot = 7369
	max = 42
1325 [9572, 9596]: LABEL
	tot = 8435
	max = 47
1416 [9572, 9586]: LABEL
	tot = 9660
	max = 54
1507 [9572, 9576]: LABEL
	tot = 10867
	max = 65
1601 [9572, 9572]: LABEL
	tot = 11632
	max = 69
