hypergraph with 2912 vertices and 13700 hyperarcs generated in 82
60 [0, 9718]: LP
	bnd = 9718.000000
	its = 4
	hyp = 23 / 43
	cut = 0
61 [0, 9718]: HEURISTIC 3
62 [9628, 9718]: LABEL
	tot = 47
	max = 2
62 [9628, 9708]: LABEL
	tot = 56
	max = 2
63 [9628, 9698]: LABEL
	tot = 56
	max = 2
63 [9628, 9688]: LABEL
	tot = 56
	max = 2
64 [9628, 9679]: LABEL
	tot = 56
	max = 2
64 [9628, 9669]: LABEL
	tot = 56
	max = 2
65 [9628, 9659]: LABEL
	tot = 56
	max = 2
65 [9628, 9650]: LABEL
	tot = 56
	max = 2
66 [9628, 9640]: LABEL
	tot = 56
	max = 2
66 [9628, 9630]: LABEL
	tot = 58
	max = 2
67 [9628, 9628]: LABEL
	tot = 58
	max = 2
