hypergraph with 7436 vertices and 210667 hyperarcs generated in 100
306 [0, 10000]: LP
	bnd = 10000.000000
	its = 12
	hyp = 111 / 128
	cut = 0
311 [0, 10000]: HEURISTIC 3
314 [0, 10000]: LABEL
	tot = 131
	max = 2
317 [0, 9990]: LABEL
	tot = 139
	max = 2
322 [0, 9980]: LABEL
	tot = 267
	max = 3
329 [0, 9970]: LABEL
	tot = 398
	max = 4
340 [0, 9960]: LABEL
	tot = 636
	max = 6
356 [0, 9950]: LABEL
	tot = 960
	max = 7
378 [0, 9940]: LABEL
	tot = 1506
	max = 7
410 [9939, 9939]: LABEL
	tot = 2425
	max = 10
