hypergraph with 4331 vertices and 51368 hyperarcs generated in 45
136 [0, 9047]: LP
	bnd = 9047.000000
	its = 10
	hyp = 159 / 173
	cut = 0
243 [0, 9047]: LP
	bnd = 9047.000000
	its = 6
	hyp = 126 / 283
	cut = 10
328 [0, 9047]: LP
	bnd = 9047.000000
	its = 5
	hyp = 128 / 361
	cut = 20
389 [0, 9047]: LP
	bnd = 9047.000000
	its = 3
	hyp = 108 / 398
	cut = 30
470 [0, 9047]: HEURISTIC 3
488 [0, 9047]: LP
	bnd = 9047.000000
	its = 6
	hyp = 185 / 443
	cut = 40
568 [0, 9047]: LP
	bnd = 9047.000000
	its = 4
	hyp = 174 / 508
	cut = 50
608 [0, 9047]: LP
	bnd = 9047.000000
	its = 1
	hyp = 181 / 508
	cut = 60
709 [0, 9047]: LP
	bnd = 9047.000000
	its = 5
	hyp = 180 / 567
	cut = 70
788 [0, 9047]: LP
	bnd = 9047.000000
	its = 3
	hyp = 161 / 632
	cut = 80
879 [0, 9047]: LP
	bnd = 9047.000000
	its = 4
	hyp = 183 / 663
	cut = 90
959 [0, 9047]: LP
	bnd = 9047.000000
	its = 3
	hyp = 166 / 730
	cut = 100
1053 [0, 9047]: LP
	bnd = 9047.000000
	its = 4
	hyp = 202 / 760
	cut = 110
1122 [0, 9047]: LP
	bnd = 9047.000000
	its = 2
	hyp = 191 / 783
	cut = 120
1212 [0, 9047]: LP
	bnd = 9047.000000
	its = 3
	hyp = 223 / 823
	cut = 130
1257 [0, 9047]: HEURISTIC 9
1324 [0, 9047]: LP
	bnd = 9047.000000
	its = 4
	hyp = 276 / 908
	cut = 140
1431 [0, 9047]: LP
	bnd = 9047.000000
	its = 4
	hyp = 236 / 938
	cut = 150
1533 [0, 9047]: LP
	bnd = 9047.000000
	its = 3
	hyp = 285 / 954
	cut = 160
1660 [0, 9047]: LP
	bnd = 9047.000000
	its = 4
	hyp = 296 / 1016
	cut = 170
1786 [0, 9047]: LP
	bnd = 9047.000000
	its = 4
	hyp = 247 / 1068
	cut = 180
1918 [0, 9047]: LP
	bnd = 9047.000000
	its = 4
	hyp = 326 / 1106
	cut = 190
2041 [0, 9047]: LP
	bnd = 9047.000000
	its = 3
	hyp = 308 / 1140
	cut = 200
2170 [0, 9047]: LP
	bnd = 9047.000000
	its = 3
	hyp = 376 / 1189
	cut = 210
2341 [0, 9047]: LP
	bnd = 9047.000000
	its = 5
	hyp = 261 / 1248
	cut = 220
2537 [0, 9047]: LP
	bnd = 9047.000000
	its = 5
	hyp = 307 / 1304
	cut = 230
2636 [0, 9047]: LP
	bnd = 9047.000000
	its = 1
	hyp = 268 / 1304
	cut = 240
2780 [0, 9047]: LP
	bnd = 9047.000000
	its = 3
	hyp = 334 / 1348
	cut = 250
2920 [0, 9047]: LP
	bnd = 9047.000000
	its = 3
	hyp = 360 / 1377
	cut = 260
3082 [0, 9047]: LP
	bnd = 9047.000000
	its = 3
	hyp = 369 / 1410
	cut = 270
3304 [0, 9047]: LP
	bnd = 9047.000000
	its = 4
	hyp = 310 / 1467
	cut = 280
3485 [0, 9047]: LP
	bnd = 9047.000000
	its = 3
	hyp = 296 / 1494
	cut = 290
3669 [0, 9047]: LP
	bnd = 9047.000000
	its = 3
	hyp = 364 / 1541
	cut = 300
3706 [0, 9047]: HEURISTIC 27
3891 [0, 9047]: LP
	bnd = 9047.000000
	its = 4
	hyp = 336 / 1579
	cut = 310
4207 [0, 9047]: LP
	bnd = 9047.000000
	its = 4
	hyp = 346 / 1627
	cut = 320
4498 [0, 9047]: LP
	bnd = 9047.000000
	its = 4
	hyp = 319 / 1686
	cut = 330
4879 [0, 9047]: LP
	bnd = 9047.000000
	its = 5
	hyp = 384 / 1758
	cut = 340
5131 [0, 9047]: LP
	bnd = 9047.000000
	its = 3
	hyp = 372 / 1786
	cut = 350
5530 [0, 9047]: LP
	bnd = 9047.000000
	its = 5
	hyp = 425 / 1846
	cut = 360
5750 [0, 9047]: LP
	bnd = 9047.000000
	its = 2
	hyp = 349 / 1852
	cut = 370
6056 [0, 9047]: LP
	bnd = 9047.000000
	its = 3
	hyp = 331 / 1882
	cut = 380
6456 [0, 9047]: LP
	bnd = 9047.000000
	its = 5
	hyp = 427 / 1925
	cut = 390
6841 [0, 9047]: LP
	bnd = 9047.000000
	its = 5
	hyp = 351 / 1951
	cut = 400
7220 [0, 9047]: LP
	bnd = 9047.000000
	its = 5
	hyp = 405 / 1986
	cut = 410
7499 [0, 9047]: LP
	bnd = 9047.000000
	its = 3
	hyp = 409 / 2001
	cut = 420
7850 [0, 9047]: LP
	bnd = 9047.000000
	its = 3
	hyp = 420 / 2032
	cut = 430
8340 [0, 9047]: LP
	bnd = 9047.000000
	its = 5
	hyp = 350 / 2084
	cut = 440
8868 [0, 9047]: LP
	bnd = 9047.000000
	its = 5
	hyp = 412 / 2110
	cut = 450
9376 [0, 9047]: LP
	bnd = 9047.000000
	its = 5
	hyp = 429 / 2150
	cut = 460
9625 [0, 9047]: HEURISTIC 81
9847 [0, 9047]: LP
	bnd = 9047.000000
	its = 5
	hyp = 451 / 2175
	cut = 470
10575 [0, 9047]: LP
	bnd = 9047.000000
	its = 7
	hyp = 422 / 2241
	cut = 480
11107 [0, 9047]: LP
	bnd = 9047.000000
	its = 6
	hyp = 422 / 2275
	cut = 490
11608 [0, 9047]: LP
	bnd = 9047.000000
	its = 5
	hyp = 420 / 2307
	cut = 500
12228 [0, 9047]: LP
	bnd = 9047.000000
	its = 6
	hyp = 445 / 2342
	cut = 510
12959 [0, 9047]: LP
	bnd = 9047.000000
	its = 6
	hyp = 467 / 2385
	cut = 520
14041 [0, 9047]: LP
	bnd = 9047.000000
	its = 11
	hyp = 462 / 2461
	cut = 530
15044 [0, 9047]: LP
	bnd = 9047.000000
	its = 7
	hyp = 423 / 2530
	cut = 540
16213 [0, 9047]: LP
	bnd = 9047.000000
	its = 12
	hyp = 480 / 2595
	cut = 550
16995 [0, 9047]: LP
	bnd = 9047.000000
	its = 8
	hyp = 472 / 2629
	cut = 560
17662 [0, 9047]: HEURISTIC 243
18095 [0, 9047]: LP
	bnd = 9047.000000
	its = 14
	hyp = 499 / 2679
	cut = 570
20328 [0, 9047]: LP
	bnd = 9047.000000
	its = 28
	hyp = 521 / 2795
	cut = 580
22349 [0, 9047]: LP
	bnd = 9040.089844
	its = 44
	hyp = 617 / 2918
	cut = 590
	restart
22351 [0, 9040]: LABEL
	tot = 167
	max = 2
22355 [0, 9031]: LABEL
	tot = 399
	max = 2
22361 [0, 9022]: LABEL
	tot = 539
	max = 3
22368 [0, 9012]: LABEL
	tot = 682
	max = 3
22375 [0, 9003]: LABEL
	tot = 779
	max = 3
22383 [0, 8994]: LABEL
	tot = 904
	max = 5
22392 [0, 8985]: LABEL
	tot = 1010
	max = 5
22402 [0, 8976]: LABEL
	tot = 1104
	max = 5
22413 [0, 8968]: LABEL
	tot = 1247
	max = 6
22424 [0, 8959]: LABEL
	tot = 1373
	max = 6
22436 [0, 8950]: LABEL
	tot = 1502
	max = 7
22449 [0, 8941]: LABEL
	tot = 1654
	max = 7
22462 [0, 8932]: LABEL
	tot = 1811
	max = 8
22476 [0, 8923]: LABEL
	tot = 1986
	max = 8
22491 [0, 8914]: LABEL
	tot = 2131
	max = 9
22507 [0, 8905]: LABEL
	tot = 2299
	max = 10
22525 [0, 8896]: LABEL
	tot = 2494
	max = 10
22543 [0, 8887]: LABEL
	tot = 2667
	max = 10
22562 [0, 8878]: LABEL
	tot = 2868
	max = 11
22582 [0, 8869]: LABEL
	tot = 3069
	max = 12
22604 [0, 8860]: LABEL
	tot = 3302
	max = 12
22627 [0, 8852]: LABEL
	tot = 3574
	max = 14
22651 [0, 8843]: LABEL
	tot = 3818
	max = 14
22678 [0, 8834]: LABEL
	tot = 4039
	max = 14
22705 [0, 8825]: LABEL
	tot = 4233
	max = 15
22733 [8762, 8816]: LABEL
	tot = 4622
	max = 15
22763 [8762, 8807]: LABEL
	tot = 4891
	max = 17
22794 [8762, 8799]: LABEL
	tot = 5149
	max = 17
22827 [8762, 8790]: LABEL
	tot = 5391
	max = 17
22861 [8762, 8781]: LABEL
	tot = 5674
	max = 19
22897 [8762, 8772]: LABEL
	tot = 5970
	max = 19
22933 [8762, 8764]: LABEL
	tot = 6194
	max = 19
22971 [8762, 8762]: LABEL
	tot = 6258
	max = 19
