hypergraph with 3695 vertices and 23836 hyperarcs generated in 79
79 [0, 9756]: LP
	bnd = 9756.500000
	its = 4
	hyp = 38 / 38
	cut = 0
80 [0, 9756]: HEURISTIC 3
81 [0, 9756]: LABEL
	tot = 44
	max = 1
81 [9621, 9746]: LABEL
	tot = 53
	max = 2
82 [9621, 9736]: LABEL
	tot = 53
	max = 2
82 [9621, 9727]: LABEL
	tot = 71
	max = 3
83 [9621, 9717]: LABEL
	tot = 77
	max = 3
84 [9621, 9707]: LABEL
	tot = 77
	max = 3
84 [9621, 9698]: LABEL
	tot = 93
	max = 4
85 [9621, 9688]: LABEL
	tot = 114
	max = 5
87 [9659, 9678]: LABEL
	tot = 151
	max = 6
88 [9659, 9669]: LABEL
	tot = 174
	max = 7
89 [9659, 9659]: LABEL
	tot = 197
	max = 7
91 [9659, 9659]: LABEL
	tot = 197
	max = 7
