hypergraph with 6739 vertices and 166482 hyperarcs generated in 83
569 [0, 9973]: LP
	bnd = 9973.969727
	its = 31
	hyp = 166 / 275
	cut = 0
572 [0, 9973]: HEURISTIC 3
574 [0, 9973]: LABEL
	tot = 89
	max = 1
577 [0, 9963]: LABEL
	tot = 138
	max = 2
582 [0, 9954]: LABEL
	tot = 199
	max = 2
586 [0, 9944]: LABEL
	tot = 279
	max = 2
594 [0, 9934]: LABEL
	tot = 388
	max = 3
603 [0, 9924]: LABEL
	tot = 518
	max = 3
614 [0, 9914]: LABEL
	tot = 728
	max = 4
630 [0, 9904]: LABEL
	tot = 992
	max = 6
650 [9860, 9894]: LABEL
	tot = 1346
	max = 7
676 [9860, 9884]: LABEL
	tot = 1782
	max = 8
709 [9860, 9874]: LABEL
	tot = 2329
	max = 10
749 [9860, 9864]: LABEL
	tot = 2995
	max = 13
798 [9860, 9860]: LABEL
	tot = 3385
	max = 15
