hypergraph with 1121 vertices and 4105 hyperarcs generated in 23
40 [0, 8906]: LP
	bnd = 8906.333008
	its = 8
	hyp = 28 / 64
	cut = 0
41 [0, 8906]: HEURISTIC 3
41 [0, 8906]: LABEL
	tot = 50
	max = 1
42 [0, 8897]: LABEL
	tot = 50
	max = 1
42 [0, 8888]: LABEL
	tot = 50
	max = 1
43 [0, 8879]: LABEL
	tot = 50
	max = 1
43 [0, 8870]: LABEL
	tot = 57
	max = 2
44 [8783, 8861]: LABEL
	tot = 129
	max = 2
45 [8783, 8853]: LABEL
	tot = 129
	max = 2
46 [8783, 8844]: LABEL
	tot = 129
	max = 2
47 [8783, 8835]: LABEL
	tot = 129
	max = 2
48 [8783, 8826]: LABEL
	tot = 135
	max = 2
49 [8783, 8817]: LABEL
	tot = 135
	max = 2
50 [8783, 8808]: LABEL
	tot = 135
	max = 2
51 [8783, 8800]: LABEL
	tot = 135
	max = 2
53 [8783, 8791]: LABEL
	tot = 135
	max = 2
54 [8783, 8783]: LABEL
	tot = 174
	max = 3
