hypergraph with 7329 vertices and 206951 hyperarcs generated in 71
746 [0, 9903]: LP
	bnd = 9903.790039
	its = 42
	hyp = 200 / 419
	cut = 0
748 [0, 9903]: HEURISTIC 3
750 [0, 9903]: LABEL
	tot = 94
	max = 1
752 [0, 9893]: LABEL
	tot = 135
	max = 2
754 [0, 9883]: LABEL
	tot = 175
	max = 2
758 [0, 9874]: LABEL
	tot = 251
	max = 3
762 [0, 9864]: LABEL
	tot = 334
	max = 4
768 [0, 9854]: LABEL
	tot = 403
	max = 4
775 [0, 9844]: LABEL
	tot = 557
	max = 4
784 [0, 9834]: LABEL
	tot = 670
	max = 4
796 [0, 9824]: LABEL
	tot = 890
	max = 5
810 [0, 9815]: LABEL
	tot = 1149
	max = 7
827 [0, 9805]: LABEL
	tot = 1402
	max = 7
849 [0, 9795]: LABEL
	tot = 1796
	max = 9
874 [0, 9785]: LABEL
	tot = 2250
	max = 9
905 [0, 9775]: LABEL
	tot = 2838
	max = 12
942 [0, 9766]: LABEL
	tot = 3526
	max = 12
986 [0, 9756]: LABEL
	tot = 4295
	max = 14
1037 [0, 9746]: LABEL
	tot = 5286
	max = 16
1096 [0, 9736]: LABEL
	tot = 6424
	max = 18
1167 [0, 9727]: LABEL
	tot = 7990
	max = 23
1249 [0, 9717]: LABEL
	tot = 9693
	max = 28
1344 [0, 9707]: LABEL
	tot = 11706
	max = 34
1454 [0, 9697]: LABEL
	tot = 13988
	max = 39
1580 [0, 9688]: LABEL
	tot = 16756
	max = 46
1723 [0, 9678]: LABEL
	tot = 20077
	max = 55
1729 [0, 9678]: LP
	bnd = 9843.224609
	its = 43
	hyp = 285 / 921
	cut = 17
	restart
1843 [0, 9668]: LABEL
	tot = 12520
	max = 40
1970 [0, 9659]: LABEL
	tot = 15029
	max = 43
2117 [0, 9649]: LABEL
	tot = 18201
	max = 51
2288 [0, 9639]: LABEL
	tot = 21988
	max = 63
2484 [0, 9630]: LABEL
	tot = 26257
	max = 80
2562 [0, 9630]: LP
	bnd = 9805.346680
	its = 33
	hyp = 294 / 1140
	cut = 36
	restart
2712 [0, 9620]: LABEL
	tot = 17327
	max = 43
2880 [0, 9610]: LABEL
	tot = 20872
	max = 49
3074 [0, 9601]: LABEL
	tot = 24939
	max = 65
3296 [0, 9591]: LABEL
	tot = 29826
	max = 81
3547 [0, 9591]: LP
	bnd = 9781.245117
	its = 36
	hyp = 367 / 1405
	cut = 55
	restart
3803 [0, 9582]: LABEL
	tot = 30307
	max = 65
4097 [0, 9572]: LABEL
	tot = 36262
	max = 79
4430 [9542, 9562]: LABEL
	tot = 43158
	max = 99
4667 [9542, 9562]: LP
	bnd = 9759.932617
	its = 39
	hyp = 481 / 1566
	cut = 74
	restart
4960 [9542, 9553]: LABEL
	tot = 42039
	max = 92
5293 [9542, 9543]: LABEL
	tot = 49729
	max = 110
5638 [9542, 9542]: LABEL
	tot = 51479
	max = 114
