hypergraph with 7601 vertices and 209196 hyperarcs generated in 102
342 [0, 10000]: LP
	bnd = 10000.000000
	its = 14
	hyp = 103 / 174
	cut = 0
346 [0, 10000]: HEURISTIC 3
348 [0, 10000]: LABEL
	tot = 97
	max = 1
351 [0, 9990]: LABEL
	tot = 101
	max = 1
354 [0, 9980]: LABEL
	tot = 164
	max = 2
359 [0, 9970]: LABEL
	tot = 248
	max = 3
366 [0, 9960]: LABEL
	tot = 367
	max = 3
376 [0, 9950]: LABEL
	tot = 559
	max = 4
390 [0, 9940]: LABEL
	tot = 833
	max = 4
410 [0, 9930]: LABEL
	tot = 1213
	max = 6
435 [0, 9920]: LABEL
	tot = 1687
	max = 7
468 [0, 9910]: LABEL
	tot = 2404
	max = 9
510 [0, 9900]: LABEL
	tot = 3454
	max = 14
564 [0, 9890]: LABEL
	tot = 4825
	max = 22
634 [9881, 9881]: LABEL
	tot = 6659
	max = 30
