hypergraph with 3317 vertices and 28009 hyperarcs generated in 55
132 [0, 9403]: LP
	bnd = 9403.583984
	its = 13
	hyp = 85 / 131
	cut = 0
133 [0, 9403]: HEURISTIC 3
134 [0, 9403]: LABEL
	tot = 106
	max = 2
137 [0, 9394]: LABEL
	tot = 233
	max = 2
139 [0, 9384]: LABEL
	tot = 233
	max = 2
141 [0, 9375]: LABEL
	tot = 247
	max = 2
143 [0, 9366]: LABEL
	tot = 247
	max = 2
145 [0, 9356]: LABEL
	tot = 247
	max = 2
147 [0, 9347]: LABEL
	tot = 247
	max = 2
149 [0, 9337]: LABEL
	tot = 250
	max = 2
152 [0, 9328]: LABEL
	tot = 258
	max = 2
155 [0, 9319]: LABEL
	tot = 338
	max = 2
158 [0, 9309]: LABEL
	tot = 357
	max = 4
161 [0, 9300]: LABEL
	tot = 357
	max = 4
164 [0, 9291]: LABEL
	tot = 374
	max = 4
168 [0, 9282]: LABEL
	tot = 379
	max = 4
171 [0, 9272]: LABEL
	tot = 399
	max = 4
175 [0, 9263]: LABEL
	tot = 400
	max = 4
179 [0, 9254]: LABEL
	tot = 400
	max = 4
182 [0, 9244]: LABEL
	tot = 405
	max = 4
186 [0, 9235]: LABEL
	tot = 405
	max = 4
190 [0, 9226]: LABEL
	tot = 421
	max = 4
194 [0, 9217]: LABEL
	tot = 451
	max = 4
198 [0, 9208]: LABEL
	tot = 475
	max = 5
203 [0, 9198]: LABEL
	tot = 534
	max = 5
207 [0, 9189]: LABEL
	tot = 620
	max = 5
213 [0, 9180]: LABEL
	tot = 634
	max = 5
219 [0, 9171]: LABEL
	tot = 689
	max = 5
225 [0, 9162]: LABEL
	tot = 692
	max = 5
230 [0, 9152]: LABEL
	tot = 693
	max = 5
236 [0, 9143]: LABEL
	tot = 699
	max = 5
243 [0, 9134]: LABEL
	tot = 800
	max = 6
250 [0, 9125]: LABEL
	tot = 828
	max = 6
255 [0, 9125]: LP
	bnd = 9372.941406
	its = 11
	hyp = 85 / 261
	cut = 7
	restart
262 [0, 9116]: LABEL
	tot = 767
	max = 7
269 [0, 9107]: LABEL
	tot = 841
	max = 8
276 [0, 9098]: LABEL
	tot = 874
	max = 8
284 [0, 9089]: LABEL
	tot = 896
	max = 8
292 [9089, 9089]: LABEL
	tot = 1000
	max = 8
