hypergraph with 5940 vertices and 98179 hyperarcs generated in 65
162 [0, 9891]: LP
	bnd = 9891.312500
	its = 10
	hyp = 74 / 122
	cut = 0
164 [0, 9891]: HEURISTIC 3
165 [0, 9891]: LABEL
	tot = 75
	max = 1
166 [0, 9881]: LABEL
	tot = 92
	max = 2
168 [0, 9871]: LABEL
	tot = 92
	max = 2
169 [0, 9861]: LABEL
	tot = 92
	max = 2
170 [0, 9851]: LABEL
	tot = 123
	max = 2
172 [0, 9841]: LABEL
	tot = 144
	max = 2
173 [0, 9832]: LABEL
	tot = 153
	max = 2
176 [0, 9822]: LABEL
	tot = 226
	max = 2
179 [0, 9812]: LABEL
	tot = 269
	max = 3
182 [0, 9802]: LABEL
	tot = 301
	max = 3
187 [0, 9792]: LABEL
	tot = 380
	max = 3
191 [0, 9783]: LABEL
	tot = 427
	max = 3
196 [0, 9773]: LABEL
	tot = 486
	max = 4
203 [0, 9763]: LABEL
	tot = 573
	max = 4
210 [0, 9753]: LABEL
	tot = 684
	max = 5
219 [0, 9743]: LABEL
	tot = 788
	max = 6
229 [0, 9734]: LABEL
	tot = 919
	max = 6
239 [0, 9724]: LABEL
	tot = 1015
	max = 6
251 [0, 9714]: LABEL
	tot = 1228
	max = 8
264 [0, 9705]: LABEL
	tot = 1352
	max = 8
279 [0, 9695]: LABEL
	tot = 1558
	max = 8
295 [0, 9685]: LABEL
	tot = 1713
	max = 9
313 [0, 9675]: LABEL
	tot = 1907
	max = 10
333 [0, 9666]: LABEL
	tot = 2170
	max = 11
354 [0, 9656]: LABEL
	tot = 2415
	max = 14
379 [0, 9646]: LABEL
	tot = 2691
	max = 15
405 [0, 9637]: LABEL
	tot = 2981
	max = 16
434 [0, 9627]: LABEL
	tot = 3404
	max = 20
465 [0, 9618]: LABEL
	tot = 3702
	max = 20
499 [9590, 9608]: LABEL
	tot = 4199
	max = 24
516 [9590, 9608]: LP
	bnd = 9837.157227
	its = 22
	hyp = 124 / 358
	cut = 9
	restart
551 [9590, 9598]: LABEL
	tot = 3918
	max = 31
588 [9590, 9590]: LABEL
	tot = 4331
	max = 35
