hypergraph with 7169 vertices and 197292 hyperarcs generated in 85
465 [0, 9984]: LP
	bnd = 9984.461914
	its = 23
	hyp = 136 / 229
	cut = 0
466 [0, 9984]: HEURISTIC 3
468 [0, 9984]: LABEL
	tot = 68
	max = 1
469 [0, 9974]: LABEL
	tot = 108
	max = 1
472 [0, 9964]: LABEL
	tot = 162
	max = 2
476 [0, 9954]: LABEL
	tot = 209
	max = 3
481 [0, 9944]: LABEL
	tot = 310
	max = 3
489 [0, 9934]: LABEL
	tot = 439
	max = 4
498 [0, 9924]: LABEL
	tot = 633
	max = 5
511 [0, 9914]: LABEL
	tot = 843
	max = 5
528 [0, 9904]: LABEL
	tot = 1142
	max = 7
550 [0, 9894]: LABEL
	tot = 1571
	max = 9
578 [0, 9885]: LABEL
	tot = 2104
	max = 12
613 [0, 9875]: LABEL
	tot = 2792
	max = 15
656 [0, 9865]: LABEL
	tot = 3616
	max = 17
707 [0, 9855]: LABEL
	tot = 4650
	max = 18
769 [0, 9845]: LABEL
	tot = 5983
	max = 19
845 [9815, 9835]: LABEL
	tot = 7648
	max = 25
936 [9815, 9825]: LABEL
	tot = 9813
	max = 26
1046 [9815, 9816]: LABEL
	tot = 12558
	max = 32
1159 [9815, 9815]: LABEL
	tot = 12910
	max = 33
