hypergraph with 7697 vertices and 220975 hyperarcs generated in 97
348 [0, 10000]: LP
	bnd = 10000.000000
	its = 14
	hyp = 115 / 155
	cut = 0
352 [0, 10000]: HEURISTIC 3
355 [0, 10000]: LABEL
	tot = 130
	max = 2
359 [0, 9990]: LABEL
	tot = 151
	max = 2
364 [0, 9980]: LABEL
	tot = 211
	max = 2
370 [0, 9970]: LABEL
	tot = 324
	max = 3
379 [0, 9960]: LABEL
	tot = 516
	max = 5
393 [0, 9950]: LABEL
	tot = 800
	max = 5
412 [0, 9940]: LABEL
	tot = 1203
	max = 6
437 [0, 9930]: LABEL
	tot = 1764
	max = 10
471 [0, 9920]: LABEL
	tot = 2584
	max = 11
517 [0, 9910]: LABEL
	tot = 3801
	max = 22
577 [9905, 9905]: LABEL
	tot = 5458
	max = 25
