hypergraph with 4561 vertices and 58554 hyperarcs generated in 60
276 [0, 9474]: LP
	bnd = 9474.730469
	its = 23
	hyp = 130 / 256
	cut = 0
278 [0, 9474]: HEURISTIC 3
280 [0, 9474]: LABEL
	tot = 95
	max = 1
282 [9408, 9465]: LABEL
	tot = 195
	max = 2
285 [9408, 9455]: LABEL
	tot = 242
	max = 2
288 [9408, 9446]: LABEL
	tot = 360
	max = 3
291 [9408, 9436]: LABEL
	tot = 435
	max = 3
295 [9408, 9427]: LABEL
	tot = 485
	max = 4
300 [9408, 9418]: LABEL
	tot = 625
	max = 5
305 [9408, 9408]: LABEL
	tot = 680
	max = 5
311 [9408, 9408]: LABEL
	tot = 681
	max = 5
