hypergraph with 671 vertices and 2289 hyperarcs generated in 29
28 [0, 8760]: LP
	bnd = 8760.666992
	its = 5
	hyp = 41 / 50
	cut = 0
29 [0, 8760]: HEURISTIC 3
29 [0, 8760]: LABEL
	tot = 25
	max = 1
29 [0, 8751]: LABEL
	tot = 53
	max = 1
30 [0, 8743]: LABEL
	tot = 53
	max = 1
30 [0, 8734]: LABEL
	tot = 53
	max = 1
31 [0, 8725]: LABEL
	tot = 53
	max = 1
31 [0, 8716]: LABEL
	tot = 53
	max = 1
32 [0, 8708]: LABEL
	tot = 53
	max = 1
32 [0, 8699]: LABEL
	tot = 53
	max = 1
33 [0, 8690]: LABEL
	tot = 53
	max = 1
33 [0, 8682]: LABEL
	tot = 53
	max = 1
34 [0, 8673]: LABEL
	tot = 53
	max = 1
34 [0, 8664]: LABEL
	tot = 53
	max = 1
35 [0, 8656]: LABEL
	tot = 53
	max = 1
35 [0, 8647]: LABEL
	tot = 53
	max = 1
36 [0, 8638]: LABEL
	tot = 66
	max = 2
36 [0, 8630]: LABEL
	tot = 66
	max = 2
37 [0, 8621]: LABEL
	tot = 66
	max = 2
37 [0, 8612]: LABEL
	tot = 66
	max = 2
38 [0, 8604]: LABEL
	tot = 66
	max = 2
38 [0, 8595]: LABEL
	tot = 66
	max = 2
39 [0, 8587]: LABEL
	tot = 66
	max = 2
39 [0, 8578]: LABEL
	tot = 66
	max = 2
40 [0, 8569]: LABEL
	tot = 66
	max = 2
40 [0, 8561]: LABEL
	tot = 66
	max = 2
41 [0, 8552]: LABEL
	tot = 75
	max = 2
41 [0, 8544]: LABEL
	tot = 75
	max = 2
42 [0, 8535]: LABEL
	tot = 89
	max = 2
42 [0, 8527]: LABEL
	tot = 89
	max = 2
43 [0, 8518]: LABEL
	tot = 89
	max = 2
43 [0, 8510]: LABEL
	tot = 89
	max = 2
44 [0, 8501]: LABEL
	tot = 89
	max = 2
44 [0, 8493]: LABEL
	tot = 91
	max = 2
45 [0, 8484]: LABEL
	tot = 91
	max = 2
45 [0, 8476]: LABEL
	tot = 91
	max = 2
46 [0, 8467]: LABEL
	tot = 91
	max = 2
46 [0, 8459]: LABEL
	tot = 91
	max = 2
47 [0, 8450]: LABEL
	tot = 91
	max = 2
47 [0, 8442]: LABEL
	tot = 92
	max = 2
48 [8327, 8433]: LABEL
	tot = 125
	max = 2
49 [8327, 8425]: LABEL
	tot = 125
	max = 2
50 [8327, 8416]: LABEL
	tot = 125
	max = 2
50 [8327, 8408]: LABEL
	tot = 125
	max = 2
51 [8327, 8400]: LABEL
	tot = 139
	max = 2
52 [8327, 8391]: LABEL
	tot = 139
	max = 2
53 [8327, 8383]: LABEL
	tot = 139
	max = 2
53 [8327, 8383]: LP
	bnd = 8390.750000
	its = 6
	hyp = 42 / 114
	cut = 4
	restart
54 [8327, 8374]: LABEL
	tot = 118
	max = 2
55 [8327, 8366]: LABEL
	tot = 118
	max = 2
56 [8327, 8358]: LABEL
	tot = 118
	max = 2
56 [8327, 8349]: LABEL
	tot = 118
	max = 2
57 [8327, 8341]: LABEL
	tot = 134
	max = 2
58 [8327, 8333]: LABEL
	tot = 134
	max = 2
59 [8327, 8327]: LABEL
	tot = 134
	max = 2
