hypergraph with 3142 vertices and 18060 hyperarcs generated in 67
72 [0, 9756]: LP
	bnd = 9756.750000
	its = 4
	hyp = 40 / 40
	cut = 0
73 [0, 9756]: HEURISTIC 3
74 [0, 9756]: LABEL
	tot = 49
	max = 1
74 [0, 9746]: LABEL
	tot = 49
	max = 1
75 [0, 9737]: LABEL
	tot = 49
	max = 1
76 [0, 9727]: LABEL
	tot = 49
	max = 1
76 [0, 9717]: LABEL
	tot = 67
	max = 2
77 [0, 9708]: LABEL
	tot = 85
	max = 2
78 [9667, 9698]: LABEL
	tot = 95
	max = 2
79 [9667, 9688]: LABEL
	tot = 100
	max = 3
79 [9667, 9678]: LABEL
	tot = 100
	max = 3
80 [9667, 9669]: LABEL
	tot = 100
	max = 3
81 [9667, 9667]: LABEL
	tot = 100
	max = 3
