hypergraph with 7341 vertices and 213480 hyperarcs generated in 88
503 [0, 9985]: LP
	bnd = 9985.019531
	its = 25
	hyp = 129 / 227
	cut = 0
505 [0, 9985]: HEURISTIC 3
506 [0, 9985]: LABEL
	tot = 68
	max = 1
508 [0, 9975]: LABEL
	tot = 104
	max = 2
511 [0, 9965]: LABEL
	tot = 159
	max = 2
514 [0, 9955]: LABEL
	tot = 207
	max = 2
521 [0, 9945]: LABEL
	tot = 336
	max = 4
529 [0, 9935]: LABEL
	tot = 558
	max = 4
542 [0, 9925]: LABEL
	tot = 883
	max = 6
558 [0, 9915]: LABEL
	tot = 1240
	max = 6
580 [0, 9905]: LABEL
	tot = 1702
	max = 7
609 [0, 9895]: LABEL
	tot = 2390
	max = 12
646 [0, 9885]: LABEL
	tot = 3294
	max = 13
694 [0, 9875]: LABEL
	tot = 4493
	max = 18
755 [0, 9865]: LABEL
	tot = 6215
	max = 24
832 [0, 9855]: LABEL
	tot = 8348
	max = 27
926 [0, 9846]: LABEL
	tot = 10981
	max = 41
1044 [0, 9836]: LABEL
	tot = 14747
	max = 55
1190 [9809, 9826]: LABEL
	tot = 19498
	max = 74
1329 [9809, 9826]: LP
	bnd = 9951.773438
	its = 35
	hyp = 115 / 724
	cut = 20
	restart
1454 [9809, 9816]: LABEL
	tot = 13930
	max = 50
1601 [9809, 9809]: LABEL
	tot = 17212
	max = 62
