hypergraph with 3817 vertices and 26806 hyperarcs generated in 79
87 [0, 9876]: LP
	bnd = 9876.000000
	its = 5
	hyp = 16 / 38
	cut = 0
88 [0, 9876]: HEURISTIC 3
89 [0, 9876]: LABEL
	tot = 49
	max = 2
90 [0, 9866]: LABEL
	tot = 49
	max = 2
91 [9768, 9856]: LABEL
	tot = 79
	max = 2
91 [9768, 9846]: LABEL
	tot = 79
	max = 2
92 [9768, 9836]: LABEL
	tot = 79
	max = 2
93 [9768, 9826]: LABEL
	tot = 90
	max = 3
94 [9768, 9816]: LABEL
	tot = 90
	max = 3
95 [9768, 9807]: LABEL
	tot = 100
	max = 3
96 [9772, 9797]: LABEL
	tot = 135
	max = 4
97 [9772, 9787]: LABEL
	tot = 164
	max = 5
99 [9772, 9777]: LABEL
	tot = 179
	max = 5
101 [9772, 9772]: LABEL
	tot = 184
	max = 5
