hypergraph with 2517 vertices and 10298 hyperarcs generated in 86
72 [0, 9484]: LP
	bnd = 9484.882812
	its = 7
	hyp = 46 / 79
	cut = 0
73 [0, 9484]: HEURISTIC 3
74 [0, 9484]: LABEL
	tot = 39
	max = 1
75 [0, 9475]: LABEL
	tot = 75
	max = 1
76 [0, 9465]: LABEL
	tot = 75
	max = 1
76 [9162, 9456]: LABEL
	tot = 91
	max = 2
77 [9162, 9447]: LABEL
	tot = 91
	max = 2
78 [9162, 9437]: LABEL
	tot = 91
	max = 2
79 [9162, 9428]: LABEL
	tot = 131
	max = 2
81 [9162, 9418]: LABEL
	tot = 131
	max = 2
82 [9162, 9409]: LABEL
	tot = 167
	max = 3
84 [9162, 9399]: LABEL
	tot = 167
	max = 3
85 [9162, 9390]: LABEL
	tot = 167
	max = 3
87 [9162, 9381]: LABEL
	tot = 180
	max = 3
88 [9162, 9371]: LABEL
	tot = 180
	max = 3
89 [9162, 9362]: LABEL
	tot = 180
	max = 3
91 [9162, 9352]: LABEL
	tot = 184
	max = 3
93 [9162, 9343]: LABEL
	tot = 184
	max = 3
95 [9240, 9334]: LABEL
	tot = 219
	max = 4
97 [9240, 9324]: LABEL
	tot = 257
	max = 4
99 [9240, 9315]: LABEL
	tot = 284
	max = 5
102 [9240, 9306]: LABEL
	tot = 334
	max = 7
105 [9240, 9296]: LABEL
	tot = 334
	max = 7
108 [9240, 9287]: LABEL
	tot = 354
	max = 8
111 [9240, 9278]: LABEL
	tot = 401
	max = 10
115 [9240, 9269]: LABEL
	tot = 460
	max = 10
118 [9240, 9259]: LABEL
	tot = 466
	max = 11
122 [9240, 9250]: LABEL
	tot = 476
	max = 12
123 [9240, 9250]: LP
	bnd = 9463.571289
	its = 5
	hyp = 49 / 113
	cut = 3
	restart
128 [9240, 9241]: LABEL
	tot = 613
	max = 11
134 [9240, 9240]: LABEL
	tot = 613
	max = 11
