hypergraph with 7600 vertices and 208982 hyperarcs generated in 86
594 [0, 9981]: LP
	bnd = 9981.872070
	its = 30
	hyp = 162 / 289
	cut = 0
597 [0, 9981]: HEURISTIC 3
600 [0, 9981]: LABEL
	tot = 85
	max = 2
603 [0, 9971]: LABEL
	tot = 112
	max = 2
607 [0, 9961]: LABEL
	tot = 180
	max = 2
611 [0, 9951]: LABEL
	tot = 236
	max = 4
617 [0, 9942]: LABEL
	tot = 332
	max = 4
626 [0, 9932]: LABEL
	tot = 556
	max = 6
639 [0, 9922]: LABEL
	tot = 739
	max = 7
656 [0, 9912]: LABEL
	tot = 1069
	max = 9
679 [0, 9902]: LABEL
	tot = 1446
	max = 10
708 [0, 9892]: LABEL
	tot = 1946
	max = 10
745 [0, 9882]: LABEL
	tot = 2583
	max = 16
792 [0, 9872]: LABEL
	tot = 3428
	max = 19
850 [0, 9862]: LABEL
	tot = 4477
	max = 23
922 [9835, 9852]: LABEL
	tot = 5986
	max = 28
1013 [9835, 9843]: LABEL
	tot = 7851
	max = 29
1121 [9835, 9835]: LABEL
	tot = 9612
	max = 33
