hypergraph with 3547 vertices and 36662 hyperarcs generated in 42
169 [0, 9261]: LP
	bnd = 9261.050781
	its = 17
	hyp = 108 / 187
	cut = 0
171 [0, 9261]: HEURISTIC 3
172 [0, 9261]: LABEL
	tot = 45
	max = 1
173 [0, 9251]: LABEL
	tot = 102
	max = 1
174 [0, 9242]: LABEL
	tot = 102
	max = 1
176 [0, 9233]: LABEL
	tot = 102
	max = 1
178 [0, 9224]: LABEL
	tot = 102
	max = 1
179 [0, 9214]: LABEL
	tot = 107
	max = 1
181 [0, 9205]: LABEL
	tot = 166
	max = 2
183 [0, 9196]: LABEL
	tot = 197
	max = 2
186 [0, 9187]: LABEL
	tot = 197
	max = 2
188 [0, 9178]: LABEL
	tot = 203
	max = 2
191 [0, 9168]: LABEL
	tot = 256
	max = 2
194 [0, 9159]: LABEL
	tot = 256
	max = 2
197 [0, 9150]: LABEL
	tot = 260
	max = 2
201 [0, 9141]: LABEL
	tot = 322
	max = 2
205 [0, 9132]: LABEL
	tot = 322
	max = 2
209 [0, 9123]: LABEL
	tot = 395
	max = 3
213 [0, 9113]: LABEL
	tot = 402
	max = 3
217 [0, 9104]: LABEL
	tot = 402
	max = 3
222 [0, 9095]: LABEL
	tot = 443
	max = 3
226 [0, 9086]: LABEL
	tot = 456
	max = 3
232 [0, 9077]: LABEL
	tot = 504
	max = 3
238 [0, 9068]: LABEL
	tot = 628
	max = 3
245 [0, 9059]: LABEL
	tot = 675
	max = 3
252 [0, 9050]: LABEL
	tot = 691
	max = 3
260 [0, 9041]: LABEL
	tot = 795
	max = 4
267 [0, 9032]: LABEL
	tot = 795
	max = 4
276 [0, 9023]: LABEL
	tot = 870
	max = 4
284 [0, 9014]: LABEL
	tot = 909
	max = 4
293 [0, 9005]: LABEL
	tot = 965
	max = 5
303 [0, 8996]: LABEL
	tot = 1032
	max = 6
313 [0, 8987]: LABEL
	tot = 1076
	max = 6
324 [0, 8978]: LABEL
	tot = 1138
	max = 6
335 [0, 8969]: LABEL
	tot = 1230
	max = 6
347 [0, 8960]: LABEL
	tot = 1339
	max = 7
360 [0, 8951]: LABEL
	tot = 1480
	max = 8
366 [0, 8951]: LP
	bnd = 9208.860352
	its = 18
	hyp = 161 / 370
	cut = 10
	restart
387 [8833, 8942]: LABEL
	tot = 2351
	max = 9
407 [8833, 8933]: LABEL
	tot = 2404
	max = 9
427 [8833, 8924]: LABEL
	tot = 2500
	max = 9
449 [8833, 8915]: LABEL
	tot = 2651
	max = 10
471 [8833, 8906]: LABEL
	tot = 2725
	max = 10
495 [8833, 8897]: LABEL
	tot = 2805
	max = 10
511 [8833, 8897]: LP
	bnd = 9159.135742
	its = 13
	hyp = 160 / 433
	cut = 20
	restart
530 [8833, 8888]: LABEL
	tot = 1895
	max = 9
548 [8833, 8879]: LABEL
	tot = 2058
	max = 10
566 [8833, 8871]: LABEL
	tot = 2185
	max = 10
586 [8833, 8862]: LABEL
	tot = 2318
	max = 10
607 [8833, 8853]: LABEL
	tot = 2441
	max = 10
629 [8833, 8844]: LABEL
	tot = 2515
	max = 10
651 [8833, 8835]: LABEL
	tot = 2637
	max = 10
654 [8833, 8835]: LP
	bnd = 9099.539062
	its = 12
	hyp = 184 / 517
	cut = 30
	restart
674 [8833, 8833]: LABEL
	tot = 2006
	max = 7
