hypergraph with 4875 vertices and 77357 hyperarcs generated in 46
126 [0, 6304]: LP
	bnd = 6304.000000
	its = 7
	hyp = 84 / 117
	cut = 0
207 [0, 6304]: LP
	bnd = 6304.000000
	its = 3
	hyp = 123 / 245
	cut = 10
246 [0, 6304]: LP
	bnd = 6304.000000
	its = 1
	hyp = 163 / 245
	cut = 20
299 [0, 6304]: LP
	bnd = 6304.000000
	its = 2
	hyp = 139 / 292
	cut = 30
340 [0, 6304]: LP
	bnd = 6304.000000
	its = 1
	hyp = 150 / 292
	cut = 40
380 [0, 6304]: LP
	bnd = 6304.000000
	its = 1
	hyp = 138 / 292
	cut = 50
420 [0, 6304]: LP
	bnd = 6304.000000
	its = 1
	hyp = 115 / 292
	cut = 60
476 [0, 6304]: LP
	bnd = 6304.000000
	its = 2
	hyp = 164 / 348
	cut = 70
517 [0, 6304]: LP
	bnd = 6304.000000
	its = 1
	hyp = 73 / 348
	cut = 80
557 [0, 6304]: LP
	bnd = 6304.000000
	its = 1
	hyp = 73 / 348
	cut = 90
597 [0, 6304]: LP
	bnd = 6304.000000
	its = 1
	hyp = 73 / 348
	cut = 100
608 [6304, 6304]: HEURISTIC 3
