hypergraph with 5555 vertices and 95188 hyperarcs generated in 57
244 [0, 9885]: LP
	bnd = 9885.211914
	its = 16
	hyp = 77 / 161
	cut = 0
246 [0, 9885]: HEURISTIC 3
247 [0, 9885]: LABEL
	tot = 73
	max = 1
248 [0, 9875]: LABEL
	tot = 101
	max = 2
250 [0, 9865]: LABEL
	tot = 113
	max = 2
252 [0, 9855]: LABEL
	tot = 129
	max = 2
254 [0, 9845]: LABEL
	tot = 155
	max = 3
256 [0, 9835]: LABEL
	tot = 207
	max = 3
259 [0, 9826]: LABEL
	tot = 240
	max = 3
262 [0, 9816]: LABEL
	tot = 268
	max = 4
266 [0, 9806]: LABEL
	tot = 338
	max = 4
270 [0, 9796]: LABEL
	tot = 422
	max = 4
277 [0, 9786]: LABEL
	tot = 513
	max = 4
283 [0, 9777]: LABEL
	tot = 544
	max = 5
291 [0, 9767]: LABEL
	tot = 627
	max = 5
299 [0, 9757]: LABEL
	tot = 752
	max = 6
317 [0, 9747]: LABEL
	tot = 846
	max = 6
333 [0, 9737]: LABEL
	tot = 980
	max = 7
347 [0, 9728]: LABEL
	tot = 1207
	max = 10
361 [0, 9718]: LABEL
	tot = 1381
	max = 11
378 [0, 9708]: LABEL
	tot = 1593
	max = 12
397 [0, 9699]: LABEL
	tot = 1867
	max = 13
419 [0, 9689]: LABEL
	tot = 2132
	max = 15
442 [0, 9679]: LABEL
	tot = 2375
	max = 15
468 [0, 9670]: LABEL
	tot = 2601
	max = 16
495 [0, 9660]: LABEL
	tot = 2826
	max = 17
526 [0, 9650]: LABEL
	tot = 3204
	max = 17
560 [0, 9641]: LABEL
	tot = 3640
	max = 21
596 [0, 9631]: LABEL
	tot = 3977
	max = 23
610 [0, 9631]: LP
	bnd = 9838.025391
	its = 21
	hyp = 120 / 403
	cut = 9
	restart
649 [9562, 9621]: LABEL
	tot = 4238
	max = 24
691 [9562, 9612]: LABEL
	tot = 4686
	max = 25
738 [9562, 9602]: LABEL
	tot = 5339
	max = 26
789 [9567, 9592]: LABEL
	tot = 5982
	max = 29
848 [9588, 9588]: LABEL
	tot = 6741
	max = 33
