hypergraph with 6104 vertices and 119765 hyperarcs generated in 65
351 [0, 9888]: LP
	bnd = 9888.335938
	its = 21
	hyp = 124 / 207
	cut = 0
352 [0, 9888]: HEURISTIC 3
352 [0, 9888]: LABEL
	tot = 20
	max = 1
354 [0, 9878]: LABEL
	tot = 120
	max = 1
356 [0, 9868]: LABEL
	tot = 135
	max = 1
358 [0, 9858]: LABEL
	tot = 175
	max = 3
360 [0, 9848]: LABEL
	tot = 194
	max = 3
363 [0, 9838]: LABEL
	tot = 225
	max = 3
366 [0, 9829]: LABEL
	tot = 271
	max = 4
370 [0, 9819]: LABEL
	tot = 331
	max = 4
375 [0, 9809]: LABEL
	tot = 385
	max = 4
380 [0, 9799]: LABEL
	tot = 464
	max = 4
386 [0, 9789]: LABEL
	tot = 525
	max = 5
393 [0, 9780]: LABEL
	tot = 640
	max = 5
401 [0, 9770]: LABEL
	tot = 781
	max = 5
411 [0, 9760]: LABEL
	tot = 947
	max = 6
423 [0, 9750]: LABEL
	tot = 1103
	max = 7
436 [0, 9741]: LABEL
	tot = 1348
	max = 8
452 [0, 9731]: LABEL
	tot = 1580
	max = 9
469 [0, 9721]: LABEL
	tot = 1854
	max = 10
490 [0, 9711]: LABEL
	tot = 2194
	max = 13
512 [0, 9702]: LABEL
	tot = 2481
	max = 14
537 [0, 9692]: LABEL
	tot = 2896
	max = 15
565 [0, 9682]: LABEL
	tot = 3307
	max = 16
597 [0, 9673]: LABEL
	tot = 3829
	max = 20
631 [0, 9663]: LABEL
	tot = 4384
	max = 22
670 [0, 9653]: LABEL
	tot = 5145
	max = 24
713 [0, 9644]: LABEL
	tot = 5793
	max = 27
760 [0, 9634]: LABEL
	tot = 6516
	max = 29
812 [0, 9624]: LABEL
	tot = 7434
	max = 37
869 [0, 9615]: LABEL
	tot = 8334
	max = 42
930 [0, 9605]: LABEL
	tot = 9428
	max = 48
949 [0, 9605]: LP
	bnd = 9798.109375
	its = 32
	hyp = 166 / 564
	cut = 18
	restart
992 [0, 9595]: LABEL
	tot = 5093
	max = 23
1039 [0, 9586]: LABEL
	tot = 5742
	max = 24
1090 [0, 9576]: LABEL
	tot = 6646
	max = 28
1147 [9563, 9567]: LABEL
	tot = 7509
	max = 32
1208 [9563, 9563]: LABEL
	tot = 7957
	max = 37
