hypergraph with 2777 vertices and 14449 hyperarcs generated in 41
60 [0, 9728]: LP
	bnd = 9728.500000
	its = 4
	hyp = 28 / 32
	cut = 0
61 [0, 9728]: HEURISTIC 3
62 [9502, 9728]: LABEL
	tot = 59
	max = 2
62 [9502, 9718]: LABEL
	tot = 59
	max = 2
63 [9502, 9709]: LABEL
	tot = 59
	max = 2
63 [9502, 9699]: LABEL
	tot = 59
	max = 2
64 [9502, 9689]: LABEL
	tot = 59
	max = 2
64 [9502, 9679]: LABEL
	tot = 59
	max = 2
65 [9502, 9670]: LABEL
	tot = 59
	max = 2
65 [9502, 9660]: LABEL
	tot = 59
	max = 2
66 [9502, 9650]: LABEL
	tot = 75
	max = 2
66 [9502, 9641]: LABEL
	tot = 76
	max = 2
67 [9502, 9631]: LABEL
	tot = 76
	max = 2
67 [9502, 9622]: LABEL
	tot = 86
	max = 2
68 [9502, 9612]: LABEL
	tot = 86
	max = 2
69 [9502, 9602]: LABEL
	tot = 96
	max = 2
70 [9502, 9593]: LABEL
	tot = 103
	max = 2
71 [9502, 9583]: LABEL
	tot = 103
	max = 2
71 [9502, 9574]: LABEL
	tot = 103
	max = 2
72 [9502, 9564]: LABEL
	tot = 159
	max = 4
74 [9502, 9554]: LABEL
	tot = 164
	max = 4
75 [9502, 9545]: LABEL
	tot = 175
	max = 4
76 [9502, 9535]: LABEL
	tot = 175
	max = 4
77 [9502, 9526]: LABEL
	tot = 202
	max = 5
79 [9502, 9516]: LABEL
	tot = 202
	max = 5
81 [9502, 9507]: LABEL
	tot = 223
	max = 6
82 [9502, 9502]: LABEL
	tot = 223
	max = 6
