hypergraph with 7001 vertices and 179084 hyperarcs generated in 76
403 [0, 9958]: LP
	bnd = 9958.625977
	its = 20
	hyp = 121 / 188
	cut = 0
405 [0, 9958]: HEURISTIC 3
407 [0, 9958]: LABEL
	tot = 84
	max = 2
409 [0, 9948]: LABEL
	tot = 97
	max = 2
411 [0, 9938]: LABEL
	tot = 126
	max = 2
414 [0, 9928]: LABEL
	tot = 195
	max = 2
418 [0, 9918]: LABEL
	tot = 291
	max = 3
424 [0, 9908]: LABEL
	tot = 417
	max = 4
431 [0, 9899]: LABEL
	tot = 568
	max = 5
441 [0, 9889]: LABEL
	tot = 739
	max = 7
453 [0, 9879]: LABEL
	tot = 981
	max = 7
470 [0, 9869]: LABEL
	tot = 1267
	max = 7
491 [0, 9859]: LABEL
	tot = 1632
	max = 8
516 [0, 9849]: LABEL
	tot = 2132
	max = 11
546 [0, 9839]: LABEL
	tot = 2618
	max = 14
583 [9794, 9829]: LABEL
	tot = 3130
	max = 17
627 [9794, 9820]: LABEL
	tot = 3909
	max = 23
679 [9794, 9810]: LABEL
	tot = 4857
	max = 36
742 [9794, 9800]: LABEL
	tot = 6092
	max = 46
815 [9794, 9794]: LABEL
	tot = 7038
	max = 50
