hypergraph with 3037 vertices and 16655 hyperarcs generated in 83
49 [0, 9758]: LP
	bnd = 9758.000000
	its = 3
	hyp = 29 / 29
	cut = 0
50 [0, 9758]: HEURISTIC 3
51 [0, 9758]: LABEL
	tot = 55
	max = 1
51 [0, 9748]: LABEL
	tot = 55
	max = 1
52 [0, 9738]: LABEL
	tot = 64
	max = 2
52 [0, 9728]: LABEL
	tot = 71
	max = 2
53 [9662, 9719]: LABEL
	tot = 80
	max = 3
53 [9662, 9709]: LABEL
	tot = 108
	max = 4
54 [9662, 9699]: LABEL
	tot = 108
	max = 4
55 [9662, 9689]: LABEL
	tot = 112
	max = 5
55 [9662, 9680]: LABEL
	tot = 114
	max = 6
56 [9662, 9670]: LABEL
	tot = 118
	max = 6
57 [9662, 9662]: LABEL
	tot = 127
	max = 7
