hypergraph with 6163 vertices and 118531 hyperarcs generated in 65
297 [0, 9923]: LP
	bnd = 9923.289062
	its = 18
	hyp = 118 / 181
	cut = 0
298 [0, 9923]: HEURISTIC 3
299 [0, 9923]: LABEL
	tot = 51
	max = 1
301 [0, 9913]: LABEL
	tot = 87
	max = 1
303 [0, 9903]: LABEL
	tot = 105
	max = 1
305 [0, 9893]: LABEL
	tot = 122
	max = 2
307 [0, 9883]: LABEL
	tot = 147
	max = 2
309 [0, 9873]: LABEL
	tot = 181
	max = 2
312 [0, 9863]: LABEL
	tot = 215
	max = 2
316 [0, 9854]: LABEL
	tot = 308
	max = 4
321 [0, 9844]: LABEL
	tot = 367
	max = 5
326 [0, 9834]: LABEL
	tot = 447
	max = 6
333 [0, 9824]: LABEL
	tot = 537
	max = 7
342 [0, 9814]: LABEL
	tot = 619
	max = 7
352 [0, 9804]: LABEL
	tot = 782
	max = 7
365 [0, 9795]: LABEL
	tot = 920
	max = 8
379 [0, 9785]: LABEL
	tot = 1083
	max = 11
395 [0, 9775]: LABEL
	tot = 1271
	max = 12
413 [0, 9765]: LABEL
	tot = 1431
	max = 12
435 [0, 9755]: LABEL
	tot = 1657
	max = 14
459 [0, 9746]: LABEL
	tot = 1960
	max = 15
485 [0, 9736]: LABEL
	tot = 2226
	max = 18
516 [0, 9726]: LABEL
	tot = 2592
	max = 20
551 [0, 9716]: LABEL
	tot = 2967
	max = 20
589 [0, 9707]: LABEL
	tot = 3416
	max = 23
633 [0, 9697]: LABEL
	tot = 3859
	max = 25
679 [0, 9687]: LABEL
	tot = 4357
	max = 27
731 [0, 9678]: LABEL
	tot = 4974
	max = 31
789 [0, 9668]: LABEL
	tot = 5694
	max = 35
851 [0, 9658]: LABEL
	tot = 6444
	max = 37
872 [0, 9658]: LP
	bnd = 9839.481445
	its = 28
	hyp = 156 / 527
	cut = 16
	restart
921 [0, 9649]: LABEL
	tot = 4123
	max = 25
973 [0, 9639]: LABEL
	tot = 4688
	max = 29
1031 [0, 9629]: LABEL
	tot = 5347
	max = 34
1095 [0, 9620]: LABEL
	tot = 6082
	max = 40
1168 [0, 9610]: LABEL
	tot = 6867
	max = 45
1249 [9585, 9601]: LABEL
	tot = 7821
	max = 52
1333 [9585, 9591]: LABEL
	tot = 8907
	max = 61
1416 [9585, 9585]: LABEL
	tot = 9631
	max = 64
