hypergraph with 1956 vertices and 7061 hyperarcs generated in 45
46 [0, 9210]: LP
	bnd = 9210.000000
	its = 4
	hyp = 46 / 55
	cut = 0
48 [0, 9210]: HEURISTIC 3
49 [0, 9210]: LABEL
	tot = 107
	max = 1
50 [8823, 9200]: LABEL
	tot = 129
	max = 2
51 [8823, 9191]: LABEL
	tot = 129
	max = 2
53 [8823, 9182]: LABEL
	tot = 129
	max = 2
54 [8823, 9173]: LABEL
	tot = 129
	max = 2
55 [8823, 9164]: LABEL
	tot = 129
	max = 2
56 [8823, 9154]: LABEL
	tot = 129
	max = 2
58 [8823, 9145]: LABEL
	tot = 259
	max = 4
60 [8823, 9136]: LABEL
	tot = 259
	max = 4
62 [8823, 9127]: LABEL
	tot = 297
	max = 6
65 [8823, 9118]: LABEL
	tot = 297
	max = 6
67 [8823, 9109]: LABEL
	tot = 297
	max = 6
69 [8823, 9100]: LABEL
	tot = 297
	max = 6
72 [8823, 9090]: LABEL
	tot = 308
	max = 6
74 [8823, 9081]: LABEL
	tot = 308
	max = 6
76 [8823, 9081]: LP
	bnd = 9210.000000
	its = 4
	hyp = 47 / 80
	cut = 2
77 [8823, 9072]: LABEL
	tot = 332
	max = 7
78 [8823, 9063]: LABEL
	tot = 141
	max = 2
80 [8823, 9054]: LABEL
	tot = 141
	max = 2
81 [8823, 9045]: LABEL
	tot = 141
	max = 2
83 [8823, 9036]: LABEL
	tot = 230
	max = 3
85 [8823, 9027]: LABEL
	tot = 230
	max = 3
87 [8823, 9018]: LABEL
	tot = 230
	max = 3
89 [8823, 9009]: LABEL
	tot = 257
	max = 4
91 [8823, 9000]: LABEL
	tot = 257
	max = 4
93 [8823, 8991]: LABEL
	tot = 257
	max = 4
95 [8823, 8982]: LABEL
	tot = 261
	max = 4
97 [8823, 8982]: LP
	bnd = 8823.500000
	its = 3
	hyp = 72 / 110
	cut = 4
	restart
99 [8823, 8823]: LABEL
	tot = 134
	max = 2
101 [8823, 8823]: LABEL
	tot = 134
	max = 2
