hypergraph with 2721 vertices and 12483 hyperarcs generated in 49
61 [0, 9385]: LP
	bnd = 9385.000000
	its = 4
	hyp = 34 / 34
	cut = 0
62 [0, 9385]: HEURISTIC 3
63 [0, 9385]: LABEL
	tot = 45
	max = 1
63 [0, 9375]: LABEL
	tot = 45
	max = 1
64 [0, 9366]: LABEL
	tot = 45
	max = 1
65 [0, 9356]: LABEL
	tot = 45
	max = 1
66 [9317, 9347]: LABEL
	tot = 78
	max = 2
66 [9317, 9338]: LABEL
	tot = 78
	max = 2
67 [9317, 9328]: LABEL
	tot = 78
	max = 2
68 [9317, 9319]: LABEL
	tot = 78
	max = 2
69 [9317, 9317]: LABEL
	tot = 78
	max = 2
