hypergraph with 2765 vertices and 12480 hyperarcs generated in 50
81 [0, 9371]: LP
	bnd = 9371.375000
	its = 9
	hyp = 44 / 80
	cut = 0
82 [0, 9371]: HEURISTIC 3
83 [9242, 9371]: LABEL
	tot = 74
	max = 2
84 [9242, 9362]: LABEL
	tot = 74
	max = 2
85 [9242, 9352]: LABEL
	tot = 74
	max = 2
85 [9242, 9343]: LABEL
	tot = 93
	max = 2
86 [9242, 9333]: LABEL
	tot = 93
	max = 2
87 [9242, 9324]: LABEL
	tot = 114
	max = 2
88 [9242, 9315]: LABEL
	tot = 114
	max = 2
89 [9242, 9305]: LABEL
	tot = 124
	max = 2
90 [9242, 9296]: LABEL
	tot = 124
	max = 2
91 [9242, 9287]: LABEL
	tot = 149
	max = 3
92 [9242, 9278]: LABEL
	tot = 149
	max = 3
93 [9242, 9268]: LABEL
	tot = 149
	max = 3
94 [9242, 9259]: LABEL
	tot = 149
	max = 3
95 [9242, 9250]: LABEL
	tot = 149
	max = 3
96 [9242, 9242]: LABEL
	tot = 158
	max = 4
