hypergraph with 6253 vertices and 125061 hyperarcs generated in 72
330 [0, 9903]: LP
	bnd = 9903.737305
	its = 19
	hyp = 129 / 190
	cut = 0
331 [0, 9903]: HEURISTIC 3
333 [0, 9903]: LABEL
	tot = 66
	max = 1
336 [0, 9893]: LABEL
	tot = 111
	max = 1
338 [0, 9883]: LABEL
	tot = 133
	max = 2
340 [0, 9874]: LABEL
	tot = 156
	max = 2
342 [0, 9864]: LABEL
	tot = 184
	max = 2
347 [0, 9854]: LABEL
	tot = 247
	max = 2
351 [0, 9844]: LABEL
	tot = 327
	max = 2
356 [0, 9834]: LABEL
	tot = 401
	max = 3
362 [0, 9824]: LABEL
	tot = 491
	max = 5
370 [0, 9814]: LABEL
	tot = 604
	max = 5
380 [0, 9805]: LABEL
	tot = 762
	max = 6
391 [0, 9795]: LABEL
	tot = 928
	max = 6
403 [0, 9785]: LABEL
	tot = 1074
	max = 6
416 [0, 9775]: LABEL
	tot = 1283
	max = 7
432 [0, 9765]: LABEL
	tot = 1455
	max = 8
451 [0, 9756]: LABEL
	tot = 1711
	max = 9
473 [0, 9746]: LABEL
	tot = 2079
	max = 11
498 [0, 9736]: LABEL
	tot = 2382
	max = 12
526 [0, 9726]: LABEL
	tot = 2796
	max = 13
557 [0, 9717]: LABEL
	tot = 3217
	max = 15
592 [0, 9707]: LABEL
	tot = 3738
	max = 19
632 [0, 9697]: LABEL
	tot = 4242
	max = 22
677 [0, 9688]: LABEL
	tot = 4979
	max = 26
728 [0, 9678]: LABEL
	tot = 5762
	max = 32
784 [0, 9668]: LABEL
	tot = 6461
	max = 34
844 [0, 9659]: LABEL
	tot = 7441
	max = 38
853 [0, 9659]: LP
	bnd = 9866.108398
	its = 26
	hyp = 114 / 516
	cut = 18
	restart
911 [0, 9649]: LABEL
	tot = 5882
	max = 29
975 [0, 9639]: LABEL
	tot = 6786
	max = 34
1045 [0, 9630]: LABEL
	tot = 7817
	max = 41
1123 [0, 9620]: LABEL
	tot = 9041
	max = 49
1210 [0, 9610]: LABEL
	tot = 10313
	max = 59
1306 [0, 9601]: LABEL
	tot = 11774
	max = 74
1411 [9540, 9591]: LABEL
	tot = 13506
	max = 80
1439 [9540, 9591]: LP
	bnd = 9835.622070
	its = 30
	hyp = 136 / 702
	cut = 36
	restart
1543 [9540, 9582]: LABEL
	tot = 12710
	max = 75
1657 [9540, 9572]: LABEL
	tot = 14556
	max = 85
1785 [9540, 9562]: LABEL
	tot = 16468
	max = 94
1831 [9540, 9562]: LP
	bnd = 9812.613281
	its = 18
	hyp = 216 / 787
	cut = 54
	restart
1970 [9540, 9553]: LABEL
	tot = 18412
	max = 90
2124 [9540, 9543]: LABEL
	tot = 20966
	max = 105
2287 [9540, 9540]: LABEL
	tot = 22070
	max = 115
