hypergraph with 7433 vertices and 198433 hyperarcs generated in 104
386 [0, 9998]: LP
	bnd = 9998.916992
	its = 17
	hyp = 118 / 142
	cut = 0
388 [0, 9998]: HEURISTIC 3
389 [0, 9998]: LABEL
	tot = 54
	max = 1
393 [0, 9988]: LABEL
	tot = 124
	max = 2
397 [0, 9978]: LABEL
	tot = 185
	max = 3
402 [0, 9968]: LABEL
	tot = 287
	max = 4
408 [0, 9958]: LABEL
	tot = 428
	max = 4
418 [0, 9949]: LABEL
	tot = 656
	max = 8
432 [0, 9939]: LABEL
	tot = 968
	max = 10
452 [9920, 9929]: LABEL
	tot = 1443
	max = 12
478 [9920, 9920]: LABEL
	tot = 1952
	max = 17
