hypergraph with 7511 vertices and 221316 hyperarcs generated in 104
482 [0, 9997]: LP
	bnd = 9997.820312
	its = 22
	hyp = 133 / 205
	cut = 0
484 [0, 9997]: HEURISTIC 3
486 [0, 9997]: LABEL
	tot = 87
	max = 1
489 [0, 9987]: LABEL
	tot = 126
	max = 1
493 [0, 9977]: LABEL
	tot = 187
	max = 2
498 [0, 9967]: LABEL
	tot = 292
	max = 2
507 [0, 9957]: LABEL
	tot = 474
	max = 3
518 [0, 9947]: LABEL
	tot = 722
	max = 4
535 [0, 9937]: LABEL
	tot = 1141
	max = 5
559 [0, 9928]: LABEL
	tot = 1683
	max = 6
590 [0, 9918]: LABEL
	tot = 2463
	max = 10
633 [0, 9908]: LABEL
	tot = 3588
	max = 18
689 [0, 9898]: LABEL
	tot = 5204
	max = 28
762 [9879, 9888]: LABEL
	tot = 7372
	max = 38
856 [9884, 9884]: LABEL
	tot = 10275
	max = 49
