hypergraph with 1047 vertices and 3735 hyperarcs generated in 23
36 [0, 8717]: LP
	bnd = 8717.500000
	its = 5
	hyp = 49 / 79
	cut = 0
37 [0, 8717]: HEURISTIC 3
38 [0, 8717]: LABEL
	tot = 91
	max = 1
39 [0, 8708]: LABEL
	tot = 91
	max = 1
40 [0, 8700]: LABEL
	tot = 91
	max = 1
40 [0, 8691]: LABEL
	tot = 91
	max = 1
41 [0, 8682]: LABEL
	tot = 91
	max = 1
42 [0, 8673]: LABEL
	tot = 91
	max = 1
43 [0, 8665]: LABEL
	tot = 91
	max = 1
43 [0, 8656]: LABEL
	tot = 91
	max = 1
44 [0, 8648]: LABEL
	tot = 91
	max = 1
45 [0, 8639]: LABEL
	tot = 91
	max = 1
45 [0, 8630]: LABEL
	tot = 91
	max = 1
46 [0, 8622]: LABEL
	tot = 91
	max = 1
47 [0, 8613]: LABEL
	tot = 91
	max = 1
47 [0, 8604]: LABEL
	tot = 106
	max = 2
48 [0, 8596]: LABEL
	tot = 106
	max = 2
49 [0, 8587]: LABEL
	tot = 108
	max = 2
50 [0, 8579]: LABEL
	tot = 108
	max = 2
51 [0, 8570]: LABEL
	tot = 108
	max = 2
51 [0, 8561]: LABEL
	tot = 108
	max = 2
52 [0, 8553]: LABEL
	tot = 108
	max = 2
53 [0, 8544]: LABEL
	tot = 108
	max = 2
54 [0, 8536]: LABEL
	tot = 108
	max = 2
54 [0, 8527]: LABEL
	tot = 108
	max = 2
55 [0, 8519]: LABEL
	tot = 108
	max = 2
56 [0, 8510]: LABEL
	tot = 108
	max = 2
57 [0, 8502]: LABEL
	tot = 108
	max = 2
58 [0, 8493]: LABEL
	tot = 108
	max = 2
58 [0, 8485]: LABEL
	tot = 108
	max = 2
59 [0, 8476]: LABEL
	tot = 108
	max = 2
60 [0, 8468]: LABEL
	tot = 108
	max = 2
61 [0, 8459]: LABEL
	tot = 108
	max = 2
62 [8075, 8451]: LABEL
	tot = 137
	max = 2
63 [8075, 8442]: LABEL
	tot = 246
	max = 3
64 [8075, 8434]: LABEL
	tot = 246
	max = 3
65 [8075, 8434]: LP
	bnd = 8717.500000
	its = 4
	hyp = 44 / 110
	cut = 3
66 [8075, 8425]: LABEL
	tot = 246
	max = 3
67 [8075, 8417]: LABEL
	tot = 252
	max = 3
69 [8075, 8409]: LABEL
	tot = 252
	max = 3
70 [8075, 8400]: LABEL
	tot = 252
	max = 3
71 [8075, 8392]: LABEL
	tot = 252
	max = 3
73 [8075, 8383]: LABEL
	tot = 252
	max = 3
74 [8075, 8375]: LABEL
	tot = 252
	max = 3
75 [8075, 8375]: LP
	bnd = 8690.500000
	its = 2
	hyp = 36 / 113
	cut = 6
	restart
77 [8075, 8367]: LABEL
	tot = 246
	max = 3
78 [8075, 8358]: LABEL
	tot = 246
	max = 3
80 [8075, 8350]: LABEL
	tot = 246
	max = 3
81 [8075, 8342]: LABEL
	tot = 246
	max = 3
82 [8075, 8333]: LABEL
	tot = 246
	max = 3
84 [8075, 8325]: LABEL
	tot = 246
	max = 3
85 [8075, 8317]: LABEL
	tot = 246
	max = 3
87 [8075, 8308]: LABEL
	tot = 246
	max = 3
87 [8075, 8308]: LP
	bnd = 8690.500000
	its = 3
	hyp = 39 / 122
	cut = 10
88 [8075, 8300]: LABEL
	tot = 246
	max = 3
90 [8075, 8292]: LABEL
	tot = 285
	max = 4
92 [8075, 8283]: LABEL
	tot = 387
	max = 5
94 [8075, 8275]: LABEL
	tot = 387
	max = 5
96 [8075, 8267]: LABEL
	tot = 477
	max = 6
99 [8075, 8267]: LP
	bnd = 8690.500000
	its = 3
	hyp = 39 / 127
	cut = 14
100 [8075, 8259]: LABEL
	tot = 554
	max = 6
103 [8075, 8250]: LABEL
	tot = 554
	max = 6
106 [8075, 8242]: LABEL
	tot = 554
	max = 6
107 [8075, 8242]: LP
	bnd = 8505.500000
	its = 1
	hyp = 50 / 127
	cut = 18
	restart
109 [8075, 8234]: LABEL
	tot = 286
	max = 4
111 [8075, 8226]: LABEL
	tot = 387
	max = 5
113 [8075, 8217]: LABEL
	tot = 387
	max = 5
115 [8075, 8209]: LABEL
	tot = 404
	max = 5
117 [8075, 8201]: LABEL
	tot = 404
	max = 5
117 [8075, 8201]: LP
	bnd = 8499.500000
	its = 2
	hyp = 50 / 136
	cut = 22
	restart
120 [8075, 8193]: LABEL
	tot = 477
	max = 6
123 [8075, 8184]: LABEL
	tot = 477
	max = 6
126 [8075, 8176]: LABEL
	tot = 554
	max = 6
128 [8075, 8176]: LP INTEGRAL
128 [8075, 8075]: LABEL
	tot = 264
	max = 5
