hypergraph with 5873 vertices and 108353 hyperarcs generated in 66
242 [0, 9873]: LP
	bnd = 9873.297852
	its = 14
	hyp = 96 / 167
	cut = 0
244 [0, 9873]: HEURISTIC 3
245 [0, 9873]: LABEL
	tot = 66
	max = 1
246 [0, 9863]: LABEL
	tot = 82
	max = 1
247 [0, 9853]: LABEL
	tot = 91
	max = 1
248 [0, 9843]: LABEL
	tot = 100
	max = 2
250 [0, 9833]: LABEL
	tot = 137
	max = 2
252 [0, 9824]: LABEL
	tot = 173
	max = 2
255 [0, 9814]: LABEL
	tot = 227
	max = 2
258 [0, 9804]: LABEL
	tot = 277
	max = 3
261 [0, 9794]: LABEL
	tot = 325
	max = 3
265 [0, 9784]: LABEL
	tot = 379
	max = 3
270 [0, 9775]: LABEL
	tot = 444
	max = 3
276 [0, 9765]: LABEL
	tot = 548
	max = 4
282 [0, 9755]: LABEL
	tot = 629
	max = 4
290 [0, 9745]: LABEL
	tot = 745
	max = 4
299 [0, 9735]: LABEL
	tot = 867
	max = 5
309 [0, 9726]: LABEL
	tot = 1037
	max = 8
320 [0, 9716]: LABEL
	tot = 1199
	max = 9
332 [0, 9706]: LABEL
	tot = 1348
	max = 9
347 [0, 9697]: LABEL
	tot = 1591
	max = 9
362 [0, 9687]: LABEL
	tot = 1795
	max = 9
380 [0, 9677]: LABEL
	tot = 2009
	max = 13
399 [0, 9668]: LABEL
	tot = 2307
	max = 14
421 [0, 9658]: LABEL
	tot = 2610
	max = 16
445 [0, 9648]: LABEL
	tot = 2976
	max = 17
471 [0, 9639]: LABEL
	tot = 3327
	max = 18
501 [0, 9629]: LABEL
	tot = 3793
	max = 20
533 [0, 9619]: LABEL
	tot = 4244
	max = 23
568 [0, 9610]: LABEL
	tot = 4699
	max = 27
606 [0, 9600]: LABEL
	tot = 5304
	max = 30
647 [0, 9590]: LABEL
	tot = 5983
	max = 34
652 [0, 9590]: LP
	bnd = 9841.624023
	its = 23
	hyp = 133 / 435
	cut = 15
	restart
702 [9491, 9581]: LABEL
	tot = 6594
	max = 32
754 [9550, 9571]: LABEL
	tot = 7396
	max = 34
812 [9550, 9562]: LABEL
	tot = 8279
	max = 36
874 [9550, 9552]: LABEL
	tot = 9079
	max = 41
938 [9550, 9550]: LABEL
	tot = 9393
	max = 43
