hypergraph with 5291 vertices and 100848 hyperarcs generated in 63
301 [0, 9858]: LP
	bnd = 9858.911133
	its = 20
	hyp = 133 / 244
	cut = 0
303 [0, 9858]: HEURISTIC 3
305 [0, 9858]: LABEL
	tot = 156
	max = 1
307 [0, 9849]: LABEL
	tot = 286
	max = 2
311 [0, 9839]: LABEL
	tot = 317
	max = 3
314 [0, 9829]: LABEL
	tot = 335
	max = 3
320 [9753, 9819]: LABEL
	tot = 699
	max = 6
326 [9753, 9809]: LABEL
	tot = 767
	max = 6
333 [9753, 9799]: LABEL
	tot = 896
	max = 6
344 [9753, 9790]: LABEL
	tot = 1429
	max = 11
356 [9753, 9780]: LABEL
	tot = 1611
	max = 12
369 [9753, 9770]: LABEL
	tot = 1752
	max = 12
385 [9753, 9760]: LABEL
	tot = 2279
	max = 14
404 [9753, 9753]: LABEL
	tot = 2596
	max = 15
