hypergraph with 5146 vertices and 85084 hyperarcs generated in 137
98 [0, 9825]: LP
	bnd = 9825.333008
	its = 4
	hyp = 61 / 61
	cut = 0
100 [0, 9825]: HEURISTIC 3
101 [0, 9825]: LABEL
	tot = 104
	max = 1
102 [0, 9815]: LABEL
	tot = 117
	max = 2
103 [0, 9805]: LABEL
	tot = 129
	max = 3
105 [0, 9795]: LABEL
	tot = 201
	max = 3
107 [9737, 9786]: LABEL
	tot = 266
	max = 4
110 [9737, 9776]: LABEL
	tot = 357
	max = 5
113 [9737, 9766]: LABEL
	tot = 401
	max = 6
117 [9737, 9756]: LABEL
	tot = 449
	max = 7
121 [9737, 9747]: LABEL
	tot = 548
	max = 7
127 [9737, 9737]: LABEL
	tot = 729
	max = 8
133 [9737, 9737]: LABEL
	tot = 729
	max = 8
