hypergraph with 4925 vertices and 76681 hyperarcs generated in 78
192 [0, 9769]: LP
	bnd = 9769.697266
	its = 14
	hyp = 109 / 159
	cut = 0
194 [0, 9769]: HEURISTIC 3
196 [9524, 9769]: LABEL
	tot = 197
	max = 2
198 [9614, 9759]: LABEL
	tot = 257
	max = 4
201 [9614, 9750]: LABEL
	tot = 355
	max = 5
205 [9614, 9740]: LABEL
	tot = 386
	max = 5
209 [9614, 9730]: LABEL
	tot = 500
	max = 7
213 [9614, 9720]: LABEL
	tot = 616
	max = 8
219 [9614, 9711]: LABEL
	tot = 740
	max = 10
226 [9614, 9701]: LABEL
	tot = 873
	max = 12
233 [9614, 9691]: LABEL
	tot = 1011
	max = 15
242 [9614, 9682]: LABEL
	tot = 1132
	max = 16
251 [9614, 9672]: LABEL
	tot = 1292
	max = 17
262 [9614, 9662]: LABEL
	tot = 1431
	max = 19
273 [9614, 9653]: LABEL
	tot = 1644
	max = 22
286 [9614, 9643]: LABEL
	tot = 1829
	max = 24
302 [9634, 9634]: LABEL
	tot = 2160
	max = 28
