hypergraph with 7873 vertices and 246124 hyperarcs generated in 103
394 [0, 10000]: LP
	bnd = 10000.000000
	its = 16
	hyp = 127 / 165
	cut = 0
397 [0, 10000]: HEURISTIC 3
400 [0, 10000]: LABEL
	tot = 103
	max = 1
403 [0, 9990]: LABEL
	tot = 103
	max = 1
408 [0, 9980]: LABEL
	tot = 178
	max = 2
415 [0, 9970]: LABEL
	tot = 292
	max = 2
426 [0, 9960]: LABEL
	tot = 484
	max = 3
442 [0, 9950]: LABEL
	tot = 803
	max = 4
464 [0, 9940]: LABEL
	tot = 1244
	max = 6
496 [0, 9930]: LABEL
	tot = 1877
	max = 8
540 [0, 9920]: LABEL
	tot = 2865
	max = 9
599 [0, 9910]: LABEL
	tot = 4375
	max = 14
680 [0, 9900]: LABEL
	tot = 6586
	max = 18
787 [0, 9890]: LABEL
	tot = 9536
	max = 24
927 [0, 9880]: LABEL
	tot = 13961
	max = 35
1106 [0, 9870]: LABEL
	tot = 20029
	max = 54
1336 [9863, 9863]: LABEL
	tot = 28671
	max = 78
