hypergraph with 1586 vertices and 6456 hyperarcs generated in 40
35 [0, 9400]: LP
	bnd = 9400.000000
	its = 4
	hyp = 37 / 40
	cut = 0
36 [0, 9400]: HEURISTIC 3
36 [9136, 9400]: LABEL
	tot = 67
	max = 2
37 [9136, 9390]: LABEL
	tot = 93
	max = 3
38 [9136, 9381]: LABEL
	tot = 93
	max = 3
38 [9136, 9371]: LABEL
	tot = 93
	max = 3
39 [9136, 9362]: LABEL
	tot = 93
	max = 3
39 [9136, 9353]: LABEL
	tot = 93
	max = 3
40 [9136, 9343]: LABEL
	tot = 93
	max = 3
40 [9136, 9334]: LABEL
	tot = 93
	max = 3
41 [9136, 9325]: LABEL
	tot = 93
	max = 3
41 [9136, 9315]: LABEL
	tot = 93
	max = 3
42 [9136, 9306]: LABEL
	tot = 114
	max = 4
43 [9136, 9297]: LABEL
	tot = 114
	max = 4
43 [9136, 9287]: LABEL
	tot = 114
	max = 4
44 [9136, 9278]: LABEL
	tot = 114
	max = 4
45 [9136, 9269]: LABEL
	tot = 114
	max = 4
45 [9136, 9259]: LABEL
	tot = 114
	max = 4
46 [9136, 9250]: LABEL
	tot = 114
	max = 4
47 [9136, 9241]: LABEL
	tot = 114
	max = 4
47 [9136, 9232]: LABEL
	tot = 114
	max = 4
48 [9136, 9222]: LABEL
	tot = 114
	max = 4
49 [9136, 9213]: LABEL
	tot = 114
	max = 4
50 [9142, 9204]: LABEL
	tot = 222
	max = 6
51 [9142, 9195]: LABEL
	tot = 222
	max = 6
53 [9190, 9190]: LABEL
	tot = 269
	max = 7
