hypergraph with 847 vertices and 2649 hyperarcs generated in 40
20 [0, 9350]: LP
	bnd = 9350.500000
	its = 4
	hyp = 20 / 34
	cut = 0
20 [0, 9350]: HEURISTIC 3
21 [9253, 9350]: LABEL
	tot = 49
	max = 2
21 [9253, 9341]: LABEL
	tot = 49
	max = 2
22 [9253, 9331]: LABEL
	tot = 49
	max = 2
22 [9253, 9322]: LABEL
	tot = 49
	max = 2
22 [9253, 9313]: LABEL
	tot = 49
	max = 2
23 [9253, 9303]: LABEL
	tot = 49
	max = 2
23 [9253, 9294]: LABEL
	tot = 49
	max = 2
23 [9253, 9285]: LABEL
	tot = 49
	max = 2
24 [9253, 9275]: LABEL
	tot = 49
	max = 2
24 [9253, 9266]: LABEL
	tot = 49
	max = 2
24 [9253, 9257]: LABEL
	tot = 49
	max = 2
25 [9253, 9253]: LABEL
	tot = 49
	max = 2
