hypergraph with 7609 vertices and 237855 hyperarcs generated in 101
410 [0, 10000]: LP
	bnd = 10000.000000
	its = 17
	hyp = 124 / 172
	cut = 0
419 [0, 10000]: HEURISTIC 3
424 [0, 10000]: LABEL
	tot = 127
	max = 1
431 [0, 9990]: LABEL
	tot = 145
	max = 1
439 [0, 9980]: LABEL
	tot = 272
	max = 2
453 [0, 9970]: LABEL
	tot = 485
	max = 4
474 [0, 9960]: LABEL
	tot = 793
	max = 4
504 [0, 9950]: LABEL
	tot = 1307
	max = 6
548 [0, 9940]: LABEL
	tot = 2064
	max = 8
609 [0, 9930]: LABEL
	tot = 3293
	max = 12
696 [0, 9920]: LABEL
	tot = 5086
	max = 16
814 [0, 9910]: LABEL
	tot = 7806
	max = 28
974 [9903, 9903]: LABEL
	tot = 11816
	max = 38
