hypergraph with 2946 vertices and 13509 hyperarcs generated in 68
50 [0, 9612]: LP
	bnd = 9612.500000
	its = 4
	hyp = 41 / 41
	cut = 0
51 [0, 9612]: HEURISTIC 3
52 [0, 9612]: LABEL
	tot = 51
	max = 1
52 [0, 9602]: LABEL
	tot = 51
	max = 1
53 [0, 9593]: LABEL
	tot = 56
	max = 1
54 [0, 9583]: LABEL
	tot = 56
	max = 1
54 [0, 9574]: LABEL
	tot = 56
	max = 1
55 [0, 9564]: LABEL
	tot = 56
	max = 1
55 [0, 9554]: LABEL
	tot = 56
	max = 1
56 [0, 9545]: LABEL
	tot = 56
	max = 1
56 [0, 9535]: LABEL
	tot = 56
	max = 1
57 [9513, 9526]: LABEL
	tot = 77
	max = 2
58 [9513, 9516]: LABEL
	tot = 112
	max = 2
59 [9513, 9513]: LABEL
	tot = 112
	max = 2
