hypergraph with 6246 vertices and 136277 hyperarcs generated in 57
388 [0, 9945]: LP
	bnd = 9945.986328
	its = 23
	hyp = 138 / 214
	cut = 0
389 [0, 9945]: HEURISTIC 3
390 [0, 9945]: LABEL
	tot = 8
	max = 1
392 [0, 9936]: LABEL
	tot = 95
	max = 1
394 [0, 9926]: LABEL
	tot = 125
	max = 2
397 [0, 9916]: LABEL
	tot = 174
	max = 2
400 [0, 9906]: LABEL
	tot = 218
	max = 3
405 [0, 9896]: LABEL
	tot = 265
	max = 3
410 [0, 9886]: LABEL
	tot = 339
	max = 3
415 [0, 9876]: LABEL
	tot = 397
	max = 3
422 [0, 9866]: LABEL
	tot = 465
	max = 3
431 [0, 9856]: LABEL
	tot = 547
	max = 3
441 [0, 9846]: LABEL
	tot = 671
	max = 5
452 [0, 9837]: LABEL
	tot = 819
	max = 5
467 [0, 9827]: LABEL
	tot = 1009
	max = 6
483 [0, 9817]: LABEL
	tot = 1186
	max = 7
502 [0, 9807]: LABEL
	tot = 1435
	max = 7
525 [0, 9797]: LABEL
	tot = 1731
	max = 8
549 [0, 9788]: LABEL
	tot = 2014
	max = 9
578 [0, 9778]: LABEL
	tot = 2310
	max = 14
610 [0, 9768]: LABEL
	tot = 2688
	max = 17
647 [0, 9758]: LABEL
	tot = 3149
	max = 23
688 [0, 9748]: LABEL
	tot = 3575
	max = 27
736 [0, 9739]: LABEL
	tot = 4221
	max = 32
789 [0, 9729]: LABEL
	tot = 4900
	max = 36
849 [0, 9719]: LABEL
	tot = 5600
	max = 44
915 [0, 9710]: LABEL
	tot = 6373
	max = 48
990 [9671, 9700]: LABEL
	tot = 7397
	max = 52
1071 [9671, 9690]: LABEL
	tot = 8660
	max = 62
1097 [9671, 9690]: LP
	bnd = 9838.909180
	its = 34
	hyp = 176 / 570
	cut = 17
	restart
1139 [9671, 9680]: LABEL
	tot = 2823
	max = 13
1184 [9671, 9671]: LABEL
	tot = 3314
	max = 14
1230 [9671, 9671]: LABEL
	tot = 3319
	max = 14
