hypergraph with 4406 vertices and 40267 hyperarcs generated in 98
165 [0, 9848]: LP
	bnd = 9848.500000
	its = 10
	hyp = 40 / 74
	cut = 0
166 [0, 9848]: HEURISTIC 3
167 [0, 9848]: LABEL
	tot = 67
	max = 1
168 [0, 9838]: LABEL
	tot = 67
	max = 1
169 [0, 9828]: LABEL
	tot = 67
	max = 1
170 [0, 9818]: LABEL
	tot = 121
	max = 2
172 [0, 9809]: LABEL
	tot = 140
	max = 2
173 [9714, 9799]: LABEL
	tot = 150
	max = 2
175 [9714, 9789]: LABEL
	tot = 161
	max = 3
177 [9714, 9779]: LABEL
	tot = 167
	max = 3
178 [9714, 9769]: LABEL
	tot = 180
	max = 3
181 [9714, 9760]: LABEL
	tot = 233
	max = 3
183 [9714, 9750]: LABEL
	tot = 276
	max = 3
186 [9714, 9740]: LABEL
	tot = 308
	max = 4
190 [9714, 9730]: LABEL
	tot = 358
	max = 5
193 [9714, 9721]: LABEL
	tot = 380
	max = 6
197 [9714, 9714]: LABEL
	tot = 430
	max = 7
