hypergraph with 491 vertices and 1479 hyperarcs generated in 26
19 [0, 8835]: LP
	bnd = 8835.500000
	its = 3
	hyp = 26 / 26
	cut = 0
21 [0, 8835]: HEURISTIC 3
21 [8263, 8835]: LABEL
	tot = 48
	max = 2
22 [8263, 8826]: LABEL
	tot = 48
	max = 2
23 [8263, 8817]: LABEL
	tot = 48
	max = 2
23 [8263, 8809]: LABEL
	tot = 48
	max = 2
24 [8263, 8800]: LABEL
	tot = 48
	max = 2
25 [8263, 8791]: LABEL
	tot = 62
	max = 3
26 [8263, 8782]: LABEL
	tot = 62
	max = 3
27 [8263, 8773]: LABEL
	tot = 62
	max = 3
27 [8263, 8765]: LABEL
	tot = 62
	max = 3
28 [8263, 8756]: LABEL
	tot = 62
	max = 3
29 [8263, 8747]: LABEL
	tot = 62
	max = 3
29 [8263, 8738]: LABEL
	tot = 62
	max = 3
30 [8263, 8730]: LABEL
	tot = 62
	max = 3
30 [8263, 8721]: LABEL
	tot = 62
	max = 3
31 [8263, 8721]: LP
	bnd = 8835.500000
	its = 2
	hyp = 26 / 28
	cut = 1
31 [8263, 8712]: LABEL
	tot = 62
	max = 3
32 [8263, 8703]: LABEL
	tot = 62
	max = 3
32 [8263, 8695]: LABEL
	tot = 62
	max = 3
33 [8263, 8686]: LABEL
	tot = 75
	max = 3
34 [8263, 8677]: LABEL
	tot = 75
	max = 3
34 [8263, 8669]: LABEL
	tot = 75
	max = 3
35 [8263, 8660]: LABEL
	tot = 75
	max = 3
36 [8263, 8651]: LABEL
	tot = 75
	max = 3
36 [8263, 8643]: LABEL
	tot = 75
	max = 3
37 [8263, 8634]: LABEL
	tot = 75
	max = 3
38 [8263, 8625]: LABEL
	tot = 75
	max = 3
38 [8263, 8617]: LABEL
	tot = 75
	max = 3
39 [8263, 8608]: LABEL
	tot = 75
	max = 3
39 [8604, 8604]: LABEL
	tot = 87
	max = 4
