hypergraph with 7436 vertices and 209058 hyperarcs generated in 103
287 [0, 10000]: LP
	bnd = 10000.000000
	its = 11
	hyp = 90 / 108
	cut = 0
292 [0, 10000]: HEURISTIC 3
295 [0, 10000]: LABEL
	tot = 88
	max = 2
297 [0, 9990]: LABEL
	tot = 96
	max = 2
301 [0, 9980]: LABEL
	tot = 121
	max = 2
306 [0, 9970]: LABEL
	tot = 238
	max = 2
313 [0, 9960]: LABEL
	tot = 359
	max = 2
323 [0, 9950]: LABEL
	tot = 518
	max = 5
338 [0, 9940]: LABEL
	tot = 747
	max = 5
359 [0, 9930]: LABEL
	tot = 1140
	max = 7
388 [0, 9920]: LABEL
	tot = 1682
	max = 8
426 [0, 9910]: LABEL
	tot = 2312
	max = 12
477 [0, 9900]: LABEL
	tot = 3218
	max = 16
542 [0, 9890]: LABEL
	tot = 4492
	max = 18
628 [0, 9880]: LABEL
	tot = 6151
	max = 21
733 [0, 9870]: LABEL
	tot = 8345
	max = 28
867 [9865, 9865]: LABEL
	tot = 11288
	max = 41
