hypergraph with 2112 vertices and 8413 hyperarcs generated in 47
63 [0, 8968]: LP
	bnd = 8968.500000
	its = 7
	hyp = 54 / 106
	cut = 0
63 [0, 8968]: HEURISTIC 3
64 [0, 8968]: LABEL
	tot = 58
	max = 1
65 [0, 8959]: LABEL
	tot = 75
	max = 1
66 [0, 8950]: LABEL
	tot = 75
	max = 1
66 [0, 8941]: LABEL
	tot = 104
	max = 2
67 [0, 8932]: LABEL
	tot = 143
	max = 2
68 [0, 8923]: LABEL
	tot = 143
	max = 2
69 [8741, 8914]: LABEL
	tot = 151
	max = 2
70 [8741, 8905]: LABEL
	tot = 166
	max = 2
71 [8741, 8897]: LABEL
	tot = 166
	max = 2
72 [8741, 8888]: LABEL
	tot = 166
	max = 2
73 [8741, 8879]: LABEL
	tot = 166
	max = 2
74 [8741, 8870]: LABEL
	tot = 166
	max = 2
75 [8741, 8861]: LABEL
	tot = 171
	max = 3
77 [8741, 8852]: LABEL
	tot = 189
	max = 3
78 [8741, 8843]: LABEL
	tot = 189
	max = 3
79 [8741, 8834]: LABEL
	tot = 214
	max = 3
81 [8741, 8826]: LABEL
	tot = 214
	max = 3
82 [8741, 8817]: LABEL
	tot = 214
	max = 3
83 [8741, 8808]: LABEL
	tot = 214
	max = 3
85 [8741, 8799]: LABEL
	tot = 246
	max = 3
86 [8741, 8790]: LABEL
	tot = 246
	max = 3
88 [8741, 8782]: LABEL
	tot = 288
	max = 4
90 [8741, 8773]: LABEL
	tot = 288
	max = 4
91 [8741, 8764]: LABEL
	tot = 288
	max = 4
93 [8741, 8755]: LABEL
	tot = 316
	max = 5
95 [8741, 8746]: LABEL
	tot = 316
	max = 5
97 [8741, 8741]: LABEL
	tot = 316
	max = 5
