hypergraph with 6422 vertices and 144352 hyperarcs generated in 82
238 [0, 9964]: LP
	bnd = 9964.253906
	its = 12
	hyp = 81 / 117
	cut = 0
240 [0, 9964]: HEURISTIC 3
242 [0, 9964]: LABEL
	tot = 57
	max = 1
244 [0, 9954]: LABEL
	tot = 84
	max = 1
245 [0, 9944]: LABEL
	tot = 118
	max = 2
248 [0, 9934]: LABEL
	tot = 160
	max = 3
251 [0, 9924]: LABEL
	tot = 197
	max = 4
254 [0, 9914]: LABEL
	tot = 249
	max = 4
259 [0, 9904]: LABEL
	tot = 315
	max = 4
265 [0, 9894]: LABEL
	tot = 460
	max = 4
272 [0, 9884]: LABEL
	tot = 567
	max = 6
282 [0, 9874]: LABEL
	tot = 759
	max = 9
293 [0, 9865]: LABEL
	tot = 919
	max = 10
307 [0, 9855]: LABEL
	tot = 1119
	max = 12
324 [0, 9845]: LABEL
	tot = 1424
	max = 14
344 [0, 9835]: LABEL
	tot = 1799
	max = 17
368 [0, 9825]: LABEL
	tot = 2149
	max = 18
396 [0, 9815]: LABEL
	tot = 2682
	max = 22
430 [0, 9806]: LABEL
	tot = 3256
	max = 25
468 [9766, 9796]: LABEL
	tot = 3868
	max = 26
513 [9775, 9786]: LABEL
	tot = 4650
	max = 31
564 [9775, 9776]: LABEL
	tot = 5550
	max = 37
618 [9775, 9775]: LABEL
	tot = 5748
	max = 39
