hypergraph with 7697 vertices and 228641 hyperarcs generated in 105
382 [0, 10000]: LP
	bnd = 10000.000000
	its = 16
	hyp = 93 / 137
	cut = 0
386 [0, 10000]: HEURISTIC 3
390 [0, 10000]: LABEL
	tot = 127
	max = 2
394 [0, 9990]: LABEL
	tot = 142
	max = 2
399 [0, 9980]: LABEL
	tot = 210
	max = 2
408 [0, 9970]: LABEL
	tot = 371
	max = 2
419 [0, 9960]: LABEL
	tot = 630
	max = 4
436 [0, 9950]: LABEL
	tot = 959
	max = 4
460 [0, 9940]: LABEL
	tot = 1575
	max = 7
494 [0, 9930]: LABEL
	tot = 2434
	max = 8
541 [0, 9920]: LABEL
	tot = 3751
	max = 15
606 [0, 9910]: LABEL
	tot = 5759
	max = 21
690 [9909, 9909]: LABEL
	tot = 8455
	max = 34
