hypergraph with 1661 vertices and 5847 hyperarcs generated in 72
44 [0, 9660]: LP
	bnd = 9660.333008
	its = 4
	hyp = 19 / 19
	cut = 0
45 [0, 9660]: HEURISTIC 3
45 [9505, 9660]: LABEL
	tot = 28
	max = 2
45 [9505, 9650]: LABEL
	tot = 28
	max = 2
46 [9505, 9641]: LABEL
	tot = 28
	max = 2
46 [9505, 9631]: LABEL
	tot = 28
	max = 2
46 [9505, 9621]: LABEL
	tot = 28
	max = 2
46 [9505, 9612]: LABEL
	tot = 28
	max = 2
47 [9505, 9602]: LABEL
	tot = 28
	max = 2
47 [9505, 9592]: LABEL
	tot = 28
	max = 2
47 [9505, 9583]: LABEL
	tot = 28
	max = 2
47 [9505, 9573]: LABEL
	tot = 28
	max = 2
48 [9505, 9564]: LABEL
	tot = 28
	max = 2
48 [9505, 9554]: LABEL
	tot = 28
	max = 2
48 [9505, 9545]: LABEL
	tot = 28
	max = 2
48 [9505, 9535]: LABEL
	tot = 28
	max = 2
49 [9505, 9525]: LABEL
	tot = 28
	max = 2
49 [9505, 9516]: LABEL
	tot = 28
	max = 2
49 [9505, 9506]: LABEL
	tot = 28
	max = 2
50 [9505, 9505]: LABEL
	tot = 28
	max = 2
