hypergraph with 913 vertices and 3249 hyperarcs generated in 28
35 [0, 9018]: LP
	bnd = 9018.000000
	its = 5
	hyp = 35 / 55
	cut = 0
36 [0, 9018]: HEURISTIC 3
37 [8754, 9018]: LABEL
	tot = 70
	max = 2
38 [8754, 9008]: LABEL
	tot = 70
	max = 2
39 [8754, 8999]: LABEL
	tot = 70
	max = 2
40 [8754, 8990]: LABEL
	tot = 79
	max = 3
40 [8754, 8981]: LABEL
	tot = 79
	max = 3
41 [8754, 8973]: LABEL
	tot = 79
	max = 3
42 [8754, 8964]: LABEL
	tot = 79
	max = 3
43 [8754, 8955]: LABEL
	tot = 79
	max = 3
43 [8754, 8946]: LABEL
	tot = 79
	max = 3
44 [8754, 8937]: LABEL
	tot = 79
	max = 3
45 [8754, 8928]: LABEL
	tot = 79
	max = 3
46 [8754, 8919]: LABEL
	tot = 79
	max = 3
46 [8754, 8910]: LABEL
	tot = 79
	max = 3
47 [8754, 8901]: LABEL
	tot = 79
	max = 3
48 [8754, 8892]: LABEL
	tot = 79
	max = 3
48 [8754, 8883]: LABEL
	tot = 79
	max = 3
49 [8754, 8883]: LP
	bnd = 8898.000000
	its = 3
	hyp = 59 / 80
	cut = 1
	restart
50 [8754, 8874]: LABEL
	tot = 62
	max = 2
51 [8754, 8865]: LABEL
	tot = 62
	max = 2
52 [8754, 8857]: LABEL
	tot = 62
	max = 2
52 [8754, 8848]: LABEL
	tot = 62
	max = 2
53 [8754, 8839]: LABEL
	tot = 62
	max = 2
54 [8754, 8830]: LABEL
	tot = 62
	max = 2
54 [8754, 8821]: LABEL
	tot = 62
	max = 2
55 [8754, 8812]: LABEL
	tot = 62
	max = 2
56 [8754, 8804]: LABEL
	tot = 62
	max = 2
57 [8754, 8795]: LABEL
	tot = 62
	max = 2
57 [8754, 8786]: LABEL
	tot = 62
	max = 2
58 [8754, 8777]: LABEL
	tot = 62
	max = 2
59 [8754, 8768]: LABEL
	tot = 62
	max = 2
60 [8754, 8760]: LABEL
	tot = 62
	max = 2
61 [8754, 8754]: LABEL
	tot = 62
	max = 2
