hypergraph with 4529 vertices and 42361 hyperarcs generated in 86
138 [0, 9903]: LP
	bnd = 9903.888672
	its = 8
	hyp = 46 / 59
	cut = 0
140 [0, 9903]: HEURISTIC 3
141 [0, 9903]: LABEL
	tot = 57
	max = 1
142 [0, 9893]: LABEL
	tot = 57
	max = 1
143 [0, 9884]: LABEL
	tot = 66
	max = 1
144 [9829, 9874]: LABEL
	tot = 97
	max = 2
145 [9829, 9864]: LABEL
	tot = 107
	max = 2
147 [9829, 9854]: LABEL
	tot = 110
	max = 2
148 [9829, 9844]: LABEL
	tot = 110
	max = 2
150 [9829, 9834]: LABEL
	tot = 124
	max = 4
151 [9829, 9829]: LABEL
	tot = 133
	max = 4
