hypergraph with 6745 vertices and 162266 hyperarcs generated in 109
294 [0, 9991]: LP
	bnd = 9991.039062
	its = 16
	hyp = 81 / 150
	cut = 0
296 [0, 9991]: HEURISTIC 3
296 [0, 9991]: LABEL
	tot = 54
	max = 1
298 [0, 9981]: LABEL
	tot = 97
	max = 1
299 [0, 9971]: LABEL
	tot = 143
	max = 2
302 [0, 9961]: LABEL
	tot = 182
	max = 3
304 [0, 9951]: LABEL
	tot = 271
	max = 3
308 [0, 9941]: LABEL
	tot = 374
	max = 4
313 [0, 9931]: LABEL
	tot = 502
	max = 5
319 [0, 9921]: LABEL
	tot = 676
	max = 7
327 [9894, 9911]: LABEL
	tot = 850
	max = 8
337 [9894, 9901]: LABEL
	tot = 1109
	max = 8
350 [9894, 9894]: LABEL
	tot = 1389
	max = 10
