hypergraph with 5635 vertices and 100970 hyperarcs generated in 72
181 [0, 9830]: LP
	bnd = 9830.905273
	its = 11
	hyp = 96 / 149
	cut = 0
182 [0, 9830]: HEURISTIC 3
182 [0, 9830]: LABEL
	tot = 33
	max = 1
184 [9706, 9821]: LABEL
	tot = 214
	max = 3
188 [9706, 9811]: LABEL
	tot = 282
	max = 3
192 [9706, 9801]: LABEL
	tot = 410
	max = 3
198 [9706, 9791]: LABEL
	tot = 552
	max = 3
205 [9706, 9781]: LABEL
	tot = 771
	max = 4
213 [9706, 9772]: LABEL
	tot = 921
	max = 5
223 [9706, 9762]: LABEL
	tot = 1024
	max = 7
235 [9706, 9752]: LABEL
	tot = 1260
	max = 9
248 [9706, 9742]: LABEL
	tot = 1440
	max = 11
262 [9706, 9733]: LABEL
	tot = 1757
	max = 13
281 [9706, 9723]: LABEL
	tot = 2222
	max = 14
302 [9706, 9713]: LABEL
	tot = 2822
	max = 16
327 [9706, 9706]: LABEL
	tot = 3200
	max = 18
