hypergraph with 3091 vertices and 17590 hyperarcs generated in 65
55 [0, 9684]: LP
	bnd = 9684.000000
	its = 4
	hyp = 39 / 39
	cut = 0
56 [0, 9684]: HEURISTIC 3
57 [0, 9684]: LABEL
	tot = 78
	max = 2
57 [0, 9674]: LABEL
	tot = 78
	max = 2
58 [0, 9664]: LABEL
	tot = 78
	max = 2
59 [0, 9654]: LABEL
	tot = 84
	max = 2
59 [0, 9645]: LABEL
	tot = 84
	max = 2
60 [0, 9635]: LABEL
	tot = 84
	max = 2
61 [0, 9626]: LABEL
	tot = 84
	max = 2
61 [0, 9616]: LABEL
	tot = 101
	max = 2
62 [0, 9606]: LABEL
	tot = 101
	max = 2
63 [0, 9597]: LABEL
	tot = 101
	max = 2
63 [0, 9587]: LABEL
	tot = 107
	max = 3
64 [0, 9578]: LABEL
	tot = 107
	max = 3
65 [0, 9568]: LABEL
	tot = 123
	max = 3
66 [0, 9558]: LABEL
	tot = 123
	max = 3
67 [0, 9549]: LABEL
	tot = 123
	max = 3
68 [9457, 9539]: LABEL
	tot = 148
	max = 3
68 [9457, 9530]: LABEL
	tot = 148
	max = 3
69 [9457, 9520]: LABEL
	tot = 149
	max = 3
70 [9457, 9511]: LABEL
	tot = 149
	max = 3
72 [9457, 9501]: LABEL
	tot = 199
	max = 5
73 [9457, 9492]: LABEL
	tot = 199
	max = 5
74 [9457, 9482]: LABEL
	tot = 211
	max = 5
76 [9457, 9473]: LABEL
	tot = 211
	max = 5
77 [9457, 9463]: LABEL
	tot = 211
	max = 5
79 [9457, 9457]: LABEL
	tot = 236
	max = 5
