hypergraph with 5333 vertices and 94447 hyperarcs generated in 63
322 [0, 9739]: LP
	bnd = 9739.446289
	its = 22
	hyp = 118 / 244
	cut = 0
322 [0, 9739]: HEURISTIC 3
323 [0, 9739]: LABEL
	tot = 30
	max = 1
325 [0, 9729]: LABEL
	tot = 117
	max = 1
328 [0, 9719]: LABEL
	tot = 142
	max = 2
329 [0, 9710]: LABEL
	tot = 168
	max = 2
331 [0, 9700]: LABEL
	tot = 206
	max = 3
334 [0, 9690]: LABEL
	tot = 244
	max = 3
338 [0, 9681]: LABEL
	tot = 285
	max = 3
341 [0, 9671]: LABEL
	tot = 365
	max = 4
346 [0, 9661]: LABEL
	tot = 426
	max = 6
350 [0, 9652]: LABEL
	tot = 472
	max = 6
356 [0, 9642]: LABEL
	tot = 574
	max = 6
364 [0, 9632]: LABEL
	tot = 768
	max = 8
372 [0, 9623]: LABEL
	tot = 860
	max = 8
382 [0, 9613]: LABEL
	tot = 1019
	max = 8
393 [0, 9603]: LABEL
	tot = 1174
	max = 11
406 [0, 9594]: LABEL
	tot = 1366
	max = 12
420 [0, 9584]: LABEL
	tot = 1536
	max = 13
435 [9424, 9575]: LABEL
	tot = 1735
	max = 15
452 [9462, 9565]: LABEL
	tot = 1971
	max = 18
472 [9462, 9556]: LABEL
	tot = 2269
	max = 20
494 [9462, 9546]: LABEL
	tot = 2639
	max = 23
519 [9462, 9536]: LABEL
	tot = 2969
	max = 27
547 [9462, 9527]: LABEL
	tot = 3507
	max = 31
579 [9462, 9517]: LABEL
	tot = 3968
	max = 33
612 [9462, 9508]: LABEL
	tot = 4437
	max = 38
649 [9462, 9498]: LABEL
	tot = 4970
	max = 41
690 [9462, 9489]: LABEL
	tot = 5570
	max = 45
709 [9462, 9489]: LP
	bnd = 9697.597656
	its = 23
	hyp = 154 / 499
	cut = 14
	restart
754 [9462, 9479]: LABEL
	tot = 5040
	max = 44
799 [9462, 9470]: LABEL
	tot = 5825
	max = 48
850 [9462, 9462]: LABEL
	tot = 6477
	max = 50
