hypergraph with 5259 vertices and 89704 hyperarcs generated in 63
258 [0, 9847]: LP
	bnd = 9847.017578
	its = 18
	hyp = 78 / 203
	cut = 0
259 [0, 9847]: HEURISTIC 3
260 [0, 9847]: LABEL
	tot = 84
	max = 1
261 [0, 9837]: LABEL
	tot = 87
	max = 1
262 [0, 9827]: LABEL
	tot = 114
	max = 1
264 [0, 9817]: LABEL
	tot = 163
	max = 1
266 [0, 9807]: LABEL
	tot = 189
	max = 2
268 [0, 9797]: LABEL
	tot = 230
	max = 2
271 [0, 9788]: LABEL
	tot = 269
	max = 3
275 [0, 9778]: LABEL
	tot = 336
	max = 3
279 [0, 9768]: LABEL
	tot = 422
	max = 4
284 [0, 9758]: LABEL
	tot = 486
	max = 5
290 [0, 9748]: LABEL
	tot = 589
	max = 6
296 [0, 9739]: LABEL
	tot = 675
	max = 7
305 [0, 9729]: LABEL
	tot = 835
	max = 10
314 [0, 9719]: LABEL
	tot = 943
	max = 11
324 [0, 9710]: LABEL
	tot = 1101
	max = 12
336 [0, 9700]: LABEL
	tot = 1283
	max = 16
348 [9642, 9690]: LABEL
	tot = 1411
	max = 18
363 [9642, 9680]: LABEL
	tot = 1622
	max = 18
379 [9642, 9671]: LABEL
	tot = 1879
	max = 24
398 [9642, 9661]: LABEL
	tot = 2179
	max = 27
419 [9642, 9651]: LABEL
	tot = 2474
	max = 29
443 [9642, 9642]: LABEL
	tot = 2886
	max = 33
468 [9642, 9642]: LABEL
	tot = 2889
	max = 33
