hypergraph with 3131 vertices and 27871 hyperarcs generated in 41
177 [0, 9131]: LP
	bnd = 9131.583008
	its = 20
	hyp = 95 / 247
	cut = 0
179 [0, 9131]: HEURISTIC 3
181 [0, 9131]: LABEL
	tot = 117
	max = 2
183 [0, 9122]: LABEL
	tot = 136
	max = 2
186 [0, 9113]: LABEL
	tot = 161
	max = 2
188 [0, 9104]: LABEL
	tot = 214
	max = 3
191 [0, 9095]: LABEL
	tot = 214
	max = 3
194 [0, 9086]: LABEL
	tot = 218
	max = 3
197 [0, 9076]: LABEL
	tot = 218
	max = 3
200 [0, 9067]: LABEL
	tot = 238
	max = 4
204 [0, 9058]: LABEL
	tot = 243
	max = 4
208 [0, 9049]: LABEL
	tot = 254
	max = 4
211 [0, 9040]: LABEL
	tot = 271
	max = 4
216 [0, 9031]: LABEL
	tot = 285
	max = 4
220 [0, 9022]: LABEL
	tot = 287
	max = 4
225 [0, 9013]: LABEL
	tot = 367
	max = 5
230 [0, 9004]: LABEL
	tot = 377
	max = 5
236 [0, 8995]: LABEL
	tot = 427
	max = 7
242 [0, 8986]: LABEL
	tot = 440
	max = 7
249 [0, 8977]: LABEL
	tot = 511
	max = 7
256 [0, 8968]: LABEL
	tot = 584
	max = 7
265 [0, 8959]: LABEL
	tot = 688
	max = 7
275 [0, 8950]: LABEL
	tot = 942
	max = 9
287 [0, 8941]: LABEL
	tot = 1004
	max = 9
298 [0, 8932]: LABEL
	tot = 1034
	max = 10
310 [0, 8923]: LABEL
	tot = 1111
	max = 11
322 [0, 8914]: LABEL
	tot = 1123
	max = 11
335 [0, 8906]: LABEL
	tot = 1161
	max = 12
348 [0, 8897]: LABEL
	tot = 1275
	max = 12
355 [0, 8897]: LP
	bnd = 9038.221680
	its = 16
	hyp = 162 / 424
	cut = 9
	restart
365 [0, 8888]: LABEL
	tot = 637
	max = 7
374 [0, 8879]: LABEL
	tot = 685
	max = 7
384 [0, 8870]: LABEL
	tot = 862
	max = 8
395 [0, 8861]: LABEL
	tot = 964
	max = 9
407 [0, 8852]: LABEL
	tot = 1083
	max = 11
419 [0, 8843]: LABEL
	tot = 1179
	max = 12
432 [0, 8835]: LABEL
	tot = 1193
	max = 12
445 [0, 8826]: LABEL
	tot = 1216
	max = 12
459 [0, 8817]: LABEL
	tot = 1271
	max = 13
473 [0, 8808]: LABEL
	tot = 1348
	max = 13
488 [0, 8799]: LABEL
	tot = 1414
	max = 14
503 [0, 8790]: LABEL
	tot = 1453
	max = 14
520 [8789, 8789]: LABEL
	tot = 1566
	max = 14
