hypergraph with 533 vertices and 1643 hyperarcs generated in 41
22 [0, 8891]: LP
	bnd = 8891.500000
	its = 3
	hyp = 48 / 48
	cut = 0
23 [0, 8891]: HEURISTIC 3
24 [8666, 8891]: LABEL
	tot = 52
	max = 2
24 [8666, 8882]: LABEL
	tot = 52
	max = 2
25 [8666, 8873]: LABEL
	tot = 52
	max = 2
26 [8666, 8864]: LABEL
	tot = 52
	max = 2
26 [8666, 8855]: LABEL
	tot = 52
	max = 2
27 [8666, 8847]: LABEL
	tot = 52
	max = 2
27 [8666, 8838]: LABEL
	tot = 52
	max = 2
28 [8666, 8829]: LABEL
	tot = 52
	max = 2
28 [8666, 8820]: LABEL
	tot = 52
	max = 2
29 [8666, 8811]: LABEL
	tot = 52
	max = 2
29 [8666, 8802]: LABEL
	tot = 52
	max = 2
30 [8666, 8794]: LABEL
	tot = 52
	max = 2
30 [8666, 8785]: LABEL
	tot = 52
	max = 2
31 [8666, 8776]: LABEL
	tot = 52
	max = 2
32 [8666, 8767]: LABEL
	tot = 52
	max = 2
32 [8666, 8759]: LABEL
	tot = 52
	max = 2
32 [8666, 8759]: LP INTEGRAL
32 [8666, 8666]: LABEL
	tot = 19
	max = 1
