hypergraph with 4473 vertices and 39623 hyperarcs generated in 95
140 [0, 9902]: LP
	bnd = 9902.000000
	its = 8
	hyp = 35 / 46
	cut = 0
142 [0, 9902]: HEURISTIC 3
143 [0, 9902]: LABEL
	tot = 36
	max = 1
143 [0, 9892]: LABEL
	tot = 36
	max = 1
144 [9792, 9882]: LABEL
	tot = 45
	max = 2
145 [9792, 9872]: LABEL
	tot = 51
	max = 2
146 [9792, 9862]: LABEL
	tot = 65
	max = 2
147 [9793, 9852]: LABEL
	tot = 98
	max = 4
148 [9793, 9842]: LABEL
	tot = 112
	max = 4
150 [9793, 9832]: LABEL
	tot = 145
	max = 6
152 [9793, 9823]: LABEL
	tot = 187
	max = 7
154 [9793, 9813]: LABEL
	tot = 204
	max = 7
156 [9793, 9803]: LABEL
	tot = 232
	max = 10
158 [9793, 9793]: LABEL
	tot = 249
	max = 12
161 [9793, 9793]: LABEL
	tot = 249
	max = 12
