hypergraph with 3827 vertices and 29104 hyperarcs generated in 96
89 [0, 9835]: LP
	bnd = 9835.500000
	its = 4
	hyp = 17 / 29
	cut = 0
90 [0, 9835]: HEURISTIC 3
90 [0, 9835]: LABEL
	tot = 38
	max = 1
91 [9701, 9825]: LABEL
	tot = 68
	max = 2
92 [9701, 9815]: LABEL
	tot = 96
	max = 2
93 [9701, 9806]: LABEL
	tot = 96
	max = 2
94 [9701, 9796]: LABEL
	tot = 96
	max = 2
95 [9701, 9786]: LABEL
	tot = 107
	max = 2
96 [9701, 9776]: LABEL
	tot = 107
	max = 2
98 [9701, 9766]: LABEL
	tot = 134
	max = 3
99 [9701, 9757]: LABEL
	tot = 190
	max = 3
101 [9701, 9747]: LABEL
	tot = 201
	max = 3
103 [9701, 9737]: LABEL
	tot = 211
	max = 3
105 [9701, 9727]: LABEL
	tot = 244
	max = 4
107 [9701, 9718]: LABEL
	tot = 275
	max = 5
109 [9701, 9708]: LABEL
	tot = 308
	max = 7
112 [9701, 9701]: LABEL
	tot = 318
	max = 8
