hypergraph with 609 vertices and 1989 hyperarcs generated in 34
43 [0, 8966]: LP
	bnd = 8966.000000
	its = 3
	hyp = 35 / 35
	cut = 0
44 [0, 8966]: HEURISTIC 3
45 [8874, 8966]: LABEL
	tot = 48
	max = 2
45 [8874, 8957]: LABEL
	tot = 48
	max = 2
46 [8874, 8948]: LABEL
	tot = 48
	max = 2
47 [8874, 8939]: LABEL
	tot = 48
	max = 2
47 [8874, 8930]: LABEL
	tot = 48
	max = 2
48 [8874, 8921]: LABEL
	tot = 48
	max = 2
48 [8874, 8912]: LABEL
	tot = 48
	max = 2
49 [8874, 8903]: LABEL
	tot = 48
	max = 2
50 [8874, 8894]: LABEL
	tot = 48
	max = 2
50 [8874, 8885]: LABEL
	tot = 48
	max = 2
51 [8874, 8876]: LABEL
	tot = 48
	max = 2
51 [8874, 8874]: LABEL
	tot = 48
	max = 2
