hypergraph with 4199 vertices and 33266 hyperarcs generated in 153
65 [0, 9874]: LP
	bnd = 9874.000000
	its = 3
	hyp = 14 / 14
	cut = 0
66 [0, 9874]: HEURISTIC 3
66 [0, 9874]: LABEL
	tot = 20
	max = 1
67 [0, 9864]: LABEL
	tot = 20
	max = 1
67 [0, 9854]: LABEL
	tot = 20
	max = 1
67 [0, 9844]: LABEL
	tot = 20
	max = 1
68 [0, 9834]: LABEL
	tot = 20
	max = 1
68 [0, 9824]: LABEL
	tot = 20
	max = 1
69 [9698, 9814]: LABEL
	tot = 75
	max = 3
70 [9698, 9805]: LABEL
	tot = 92
	max = 5
71 [9698, 9795]: LABEL
	tot = 92
	max = 5
71 [9698, 9785]: LABEL
	tot = 92
	max = 5
72 [9698, 9775]: LABEL
	tot = 92
	max = 5
73 [9698, 9765]: LABEL
	tot = 106
	max = 6
74 [9698, 9756]: LABEL
	tot = 122
	max = 7
75 [9698, 9746]: LABEL
	tot = 158
	max = 9
77 [9698, 9736]: LABEL
	tot = 169
	max = 10
78 [9698, 9726]: LABEL
	tot = 169
	max = 10
80 [9698, 9717]: LABEL
	tot = 182
	max = 11
82 [9698, 9707]: LABEL
	tot = 279
	max = 16
85 [9698, 9698]: LABEL
	tot = 279
	max = 16
