hypergraph with 7784 vertices and 240906 hyperarcs generated in 102
485 [0, 10000]: LP
	bnd = 10000.000000
	its = 21
	hyp = 152 / 241
	cut = 0
493 [0, 10000]: HEURISTIC 3
500 [0, 10000]: LABEL
	tot = 117
	max = 2
504 [0, 9990]: LABEL
	tot = 136
	max = 2
512 [0, 9980]: LABEL
	tot = 235
	max = 2
526 [0, 9970]: LABEL
	tot = 473
	max = 4
546 [0, 9960]: LABEL
	tot = 813
	max = 5
576 [0, 9950]: LABEL
	tot = 1402
	max = 9
618 [0, 9940]: LABEL
	tot = 2373
	max = 14
684 [0, 9930]: LABEL
	tot = 3872
	max = 21
775 [0, 9920]: LABEL
	tot = 6232
	max = 31
909 [0, 9910]: LABEL
	tot = 10064
	max = 54
1091 [0, 9900]: LABEL
	tot = 15619
	max = 84
1335 [0, 9890]: LABEL
	tot = 23522
	max = 126
1641 [0, 9880]: LABEL
	tot = 35358
	max = 194
2018 [9880, 9880]: LABEL
	tot = 52502
	max = 277
