hypergraph with 6015 vertices and 125914 hyperarcs generated in 66
312 [0, 9835]: LP
	bnd = 9835.760742
	its = 18
	hyp = 90 / 191
	cut = 0
314 [0, 9835]: HEURISTIC 3
314 [0, 9835]: LABEL
	tot = 55
	max = 1
316 [0, 9825]: LABEL
	tot = 91
	max = 1
317 [0, 9816]: LABEL
	tot = 112
	max = 1
319 [0, 9806]: LABEL
	tot = 144
	max = 1
321 [0, 9796]: LABEL
	tot = 177
	max = 2
324 [0, 9786]: LABEL
	tot = 214
	max = 2
327 [0, 9776]: LABEL
	tot = 254
	max = 2
331 [0, 9767]: LABEL
	tot = 301
	max = 2
336 [0, 9757]: LABEL
	tot = 357
	max = 2
341 [0, 9747]: LABEL
	tot = 417
	max = 3
348 [0, 9737]: LABEL
	tot = 515
	max = 3
356 [0, 9728]: LABEL
	tot = 647
	max = 4
365 [0, 9718]: LABEL
	tot = 749
	max = 4
375 [0, 9708]: LABEL
	tot = 860
	max = 5
387 [0, 9698]: LABEL
	tot = 958
	max = 6
400 [0, 9689]: LABEL
	tot = 1097
	max = 6
415 [0, 9679]: LABEL
	tot = 1308
	max = 7
432 [0, 9669]: LABEL
	tot = 1534
	max = 8
452 [0, 9660]: LABEL
	tot = 1822
	max = 8
474 [0, 9650]: LABEL
	tot = 2103
	max = 8
499 [0, 9640]: LABEL
	tot = 2393
	max = 10
527 [0, 9631]: LABEL
	tot = 2733
	max = 12
557 [9577, 9621]: LABEL
	tot = 3113
	max = 13
592 [9577, 9612]: LABEL
	tot = 3594
	max = 14
630 [9577, 9602]: LABEL
	tot = 4025
	max = 15
672 [9577, 9592]: LABEL
	tot = 4622
	max = 15
705 [9577, 9592]: LP
	bnd = 9787.539062
	its = 20
	hyp = 108 / 469
	cut = 15
	restart
741 [9577, 9583]: LABEL
	tot = 3429
	max = 12
780 [9577, 9577]: LABEL
	tot = 3718
	max = 13
