hypergraph with 5924 vertices and 118734 hyperarcs generated in 65
231 [0, 9759]: LP
	bnd = 9759.431641
	its = 14
	hyp = 125 / 178
	cut = 0
234 [0, 9759]: HEURISTIC 3
238 [0, 9759]: LABEL
	tot = 171
	max = 1
241 [0, 9749]: LABEL
	tot = 245
	max = 2
245 [0, 9739]: LABEL
	tot = 287
	max = 2
249 [0, 9730]: LABEL
	tot = 338
	max = 2
254 [0, 9720]: LABEL
	tot = 403
	max = 3
259 [0, 9710]: LABEL
	tot = 416
	max = 3
264 [0, 9701]: LABEL
	tot = 447
	max = 3
269 [0, 9691]: LABEL
	tot = 505
	max = 4
277 [0, 9681]: LABEL
	tot = 602
	max = 4
290 [0, 9671]: LABEL
	tot = 1103
	max = 8
304 [0, 9662]: LABEL
	tot = 1255
	max = 10
320 [0, 9652]: LABEL
	tot = 1490
	max = 11
337 [0, 9642]: LABEL
	tot = 1607
	max = 13
356 [0, 9633]: LABEL
	tot = 1889
	max = 13
377 [0, 9623]: LABEL
	tot = 2050
	max = 14
400 [0, 9614]: LABEL
	tot = 2193
	max = 14
425 [0, 9604]: LABEL
	tot = 2525
	max = 14
453 [0, 9594]: LABEL
	tot = 2870
	max = 16
485 [0, 9585]: LABEL
	tot = 3333
	max = 19
527 [9458, 9575]: LABEL
	tot = 4496
	max = 23
575 [9459, 9566]: LABEL
	tot = 5208
	max = 24
592 [9459, 9566]: LP
	bnd = 9732.400391
	its = 20
	hyp = 139 / 405
	cut = 8
	restart
642 [9459, 9556]: LABEL
	tot = 5039
	max = 32
695 [9477, 9546]: LABEL
	tot = 5740
	max = 36
756 [9477, 9537]: LABEL
	tot = 6549
	max = 40
822 [9496, 9527]: LABEL
	tot = 7290
	max = 45
898 [9509, 9518]: LABEL
	tot = 8532
	max = 48
963 [9509, 9518]: LP
	bnd = 9690.654297
	its = 20
	hyp = 175 / 569
	cut = 17
	restart
1026 [9509, 9509]: LABEL
	tot = 6487
	max = 29
