hypergraph with 6831 vertices and 160417 hyperarcs generated in 84
293 [0, 9972]: LP
	bnd = 9972.391602
	its = 14
	hyp = 96 / 131
	cut = 0
295 [0, 9972]: HEURISTIC 3
296 [0, 9972]: LABEL
	tot = 66
	max = 2
298 [0, 9962]: LABEL
	tot = 90
	max = 2
300 [0, 9952]: LABEL
	tot = 113
	max = 2
302 [0, 9942]: LABEL
	tot = 142
	max = 2
305 [0, 9932]: LABEL
	tot = 192
	max = 2
309 [0, 9922]: LABEL
	tot = 287
	max = 2
314 [0, 9912]: LABEL
	tot = 358
	max = 3
320 [0, 9902]: LABEL
	tot = 466
	max = 4
328 [0, 9892]: LABEL
	tot = 592
	max = 4
337 [0, 9882]: LABEL
	tot = 749
	max = 4
349 [0, 9873]: LABEL
	tot = 1027
	max = 5
364 [0, 9863]: LABEL
	tot = 1290
	max = 6
382 [0, 9853]: LABEL
	tot = 1633
	max = 8
404 [0, 9843]: LABEL
	tot = 1992
	max = 9
429 [0, 9833]: LABEL
	tot = 2424
	max = 10
458 [0, 9823]: LABEL
	tot = 2984
	max = 14
493 [0, 9814]: LABEL
	tot = 3620
	max = 17
533 [0, 9804]: LABEL
	tot = 4452
	max = 20
581 [9786, 9794]: LABEL
	tot = 5416
	max = 23
635 [9786, 9786]: LABEL
	tot = 6410
	max = 27
