hypergraph with 6417 vertices and 150732 hyperarcs generated in 67
447 [0, 9871]: LP
	bnd = 9871.336914
	its = 26
	hyp = 152 / 279
	cut = 0
449 [0, 9871]: HEURISTIC 3
451 [0, 9871]: LABEL
	tot = 95
	max = 1
452 [0, 9861]: LABEL
	tot = 137
	max = 1
455 [0, 9851]: LABEL
	tot = 168
	max = 1
457 [0, 9841]: LABEL
	tot = 186
	max = 2
459 [0, 9831]: LABEL
	tot = 213
	max = 3
463 [0, 9822]: LABEL
	tot = 295
	max = 3
467 [0, 9812]: LABEL
	tot = 369
	max = 4
472 [0, 9802]: LABEL
	tot = 441
	max = 4
478 [0, 9792]: LABEL
	tot = 520
	max = 6
485 [0, 9782]: LABEL
	tot = 654
	max = 7
494 [0, 9773]: LABEL
	tot = 739
	max = 7
504 [0, 9763]: LABEL
	tot = 911
	max = 9
515 [0, 9753]: LABEL
	tot = 1032
	max = 9
529 [0, 9743]: LABEL
	tot = 1338
	max = 10
546 [0, 9734]: LABEL
	tot = 1576
	max = 11
564 [0, 9724]: LABEL
	tot = 1855
	max = 12
586 [0, 9714]: LABEL
	tot = 2168
	max = 13
610 [0, 9704]: LABEL
	tot = 2580
	max = 14
638 [0, 9695]: LABEL
	tot = 3003
	max = 17
669 [0, 9685]: LABEL
	tot = 3575
	max = 18
705 [0, 9675]: LABEL
	tot = 4045
	max = 19
745 [0, 9666]: LABEL
	tot = 4664
	max = 20
789 [0, 9656]: LABEL
	tot = 5353
	max = 25
840 [0, 9646]: LABEL
	tot = 6306
	max = 27
896 [0, 9637]: LABEL
	tot = 7168
	max = 31
961 [0, 9627]: LABEL
	tot = 8481
	max = 34
1033 [0, 9617]: LABEL
	tot = 9696
	max = 38
1114 [0, 9608]: LABEL
	tot = 11232
	max = 45
1203 [0, 9598]: LABEL
	tot = 12681
	max = 52
1233 [0, 9598]: LP
	bnd = 9805.975586
	its = 40
	hyp = 169 / 705
	cut = 16
	restart
1316 [0, 9589]: LABEL
	tot = 9766
	max = 46
1408 [0, 9579]: LABEL
	tot = 11330
	max = 57
1512 [9559, 9569]: LABEL
	tot = 13177
	max = 64
1626 [9560, 9560]: LABEL
	tot = 15039
	max = 73
1742 [9560, 9560]: LABEL
	tot = 15095
	max = 73
