hypergraph with 586 vertices and 8267 hyperarcs generated in 11
48 [0, 600]: LP
	bnd = 600.000000
	its = 21
	hyp = 100 / 162
	cut = 0
72 [0, 600]: HEURISTIC 3
90 [0, 600]: LP
	bnd = 600.000000
	its = 10
	hyp = 116 / 304
	cut = 25
113 [0, 600]: LP
	bnd = 600.000000
	its = 4
	hyp = 103 / 348
	cut = 50
127 [0, 600]: LP
	bnd = 600.000000
	its = 2
	hyp = 83 / 358
	cut = 73
133 [0, 600]: HEURISTIC 9
145 [0, 600]: LP
	bnd = 600.000000
	its = 2
	hyp = 162 / 377
	cut = 96
167 [0, 600]: LP
	bnd = 600.000000
	its = 2
	hyp = 141 / 393
	cut = 119
190 [0, 600]: LP
	bnd = 600.000000
	its = 2
	hyp = 152 / 412
	cut = 142
208 [0, 600]: LP
	bnd = 600.000000
	its = 1
	hyp = 142 / 412
	cut = 163
224 [0, 600]: LP
	bnd = 600.000000
	its = 1
	hyp = 114 / 412
	cut = 184
242 [0, 600]: LP
	bnd = 600.000000
	its = 1
	hyp = 119 / 412
	cut = 204
258 [0, 600]: LP
	bnd = 600.000000
	its = 1
	hyp = 114 / 412
	cut = 223
275 [0, 600]: LP
	bnd = 600.000000
	its = 1
	hyp = 121 / 412
	cut = 242
291 [0, 600]: LP
	bnd = 600.000000
	its = 1
	hyp = 138 / 412
	cut = 261
307 [0, 600]: LP
	bnd = 600.000000
	its = 1
	hyp = 122 / 412
	cut = 280
322 [0, 600]: LP
	bnd = 600.000000
	its = 1
	hyp = 112 / 412
	cut = 298
334 [600, 600]: HEURISTIC 27
