hypergraph with 626 vertices and 8775 hyperarcs generated in 11
43 [0, 600]: LP
	bnd = 600.000000
	its = 17
	hyp = 80 / 164
	cut = 0
82 [0, 600]: LP
	bnd = 600.000000
	its = 6
	hyp = 102 / 228
	cut = 25
103 [0, 600]: LP
	bnd = 600.000000
	its = 4
	hyp = 146 / 273
	cut = 50
116 [0, 600]: LP
	bnd = 600.000000
	its = 1
	hyp = 113 / 273
	cut = 73
139 [0, 600]: LP
	bnd = 600.000000
	its = 3
	hyp = 118 / 313
	cut = 94
155 [0, 600]: LP
	bnd = 600.000000
	its = 1
	hyp = 124 / 313
	cut = 115
160 [0, 600]: HEURISTIC 3
176 [0, 600]: LP
	bnd = 600.000000
	its = 2
	hyp = 132 / 340
	cut = 135
198 [0, 600]: LP
	bnd = 600.000000
	its = 3
	hyp = 111 / 364
	cut = 154
215 [0, 600]: LP
	bnd = 600.000000
	its = 1
	hyp = 121 / 364
	cut = 173
231 [0, 600]: LP
	bnd = 600.000000
	its = 1
	hyp = 146 / 364
	cut = 192
257 [0, 600]: LP
	bnd = 600.000000
	its = 2
	hyp = 129 / 383
	cut = 211
274 [0, 600]: LP
	bnd = 600.000000
	its = 1
	hyp = 110 / 383
	cut = 230
293 [0, 600]: LP
	bnd = 600.000000
	its = 1
	hyp = 110 / 383
	cut = 249
317 [0, 600]: LP
	bnd = 600.000000
	its = 2
	hyp = 129 / 399
	cut = 268
335 [0, 600]: LP
	bnd = 600.000000
	its = 1
	hyp = 122 / 399
	cut = 287
360 [0, 600]: LP
	bnd = 600.000000
	its = 2
	hyp = 132 / 417
	cut = 306
380 [0, 600]: LP
	bnd = 600.000000
	its = 1
	hyp = 140 / 417
	cut = 325
403 [0, 600]: LP
	bnd = 600.000000
	its = 1
	hyp = 136 / 417
	cut = 344
426 [0, 600]: LP
	bnd = 600.000000
	its = 1
	hyp = 124 / 417
	cut = 363
449 [0, 600]: LP
	bnd = 600.000000
	its = 1
	hyp = 131 / 417
	cut = 381
469 [0, 600]: LP
	bnd = 600.000000
	its = 1
	hyp = 101 / 417
	cut = 399
491 [0, 600]: LP
	bnd = 600.000000
	its = 1
	hyp = 131 / 417
	cut = 417
507 [0, 600]: LP
	bnd = 600.000000
	its = 1
	hyp = 131 / 417
	cut = 435
524 [0, 600]: LP
	bnd = 600.000000
	its = 1
	hyp = 131 / 417
	cut = 453
542 [0, 600]: LP
	bnd = 600.000000
	its = 1
	hyp = 102 / 417
	cut = 473
561 [0, 600]: LP
	bnd = 600.000000
	its = 1
	hyp = 113 / 417
	cut = 493
578 [0, 600]: LP
	bnd = 600.000000
	its = 1
	hyp = 113 / 417
	cut = 513
586 [0, 600]: HEURISTIC 9
596 [0, 600]: LP
	bnd = 600.000000
	its = 1
	hyp = 111 / 417
	cut = 533
613 [0, 600]: LP
	bnd = 600.000000
	its = 1
	hyp = 111 / 417
	cut = 553
629 [0, 600]: LP
	bnd = 600.000000
	its = 1
	hyp = 111 / 417
	cut = 573
646 [0, 600]: LP
	bnd = 600.000000
	its = 1
	hyp = 111 / 417
	cut = 593
662 [0, 600]: LP
	bnd = 600.000000
	its = 1
	hyp = 111 / 417
	cut = 613
680 [0, 600]: LP
	bnd = 600.000000
	its = 1
	hyp = 107 / 417
	cut = 633
697 [0, 600]: LP
	bnd = 600.000000
	its = 1
	hyp = 107 / 417
	cut = 653
713 [0, 600]: LP
	bnd = 600.000000
	its = 1
	hyp = 107 / 417
	cut = 673
729 [0, 600]: LP
	bnd = 600.000000
	its = 1
	hyp = 107 / 417
	cut = 692
747 [0, 600]: LP
	bnd = 600.000000
	its = 1
	hyp = 107 / 417
	cut = 711
763 [0, 600]: LP
	bnd = 600.000000
	its = 1
	hyp = 107 / 417
	cut = 730
783 [0, 600]: LP
	bnd = 600.000000
	its = 1
	hyp = 105 / 417
	cut = 749
799 [0, 600]: LP
	bnd = 600.000000
	its = 1
	hyp = 105 / 417
	cut = 768
815 [0, 600]: LP
	bnd = 600.000000
	its = 1
	hyp = 105 / 417
	cut = 787
831 [0, 600]: LP
	bnd = 600.000000
	its = 1
	hyp = 105 / 417
	cut = 806
847 [0, 600]: LP
	bnd = 600.000000
	its = 1
	hyp = 105 / 417
	cut = 825
862 [0, 600]: LP
	bnd = 600.000000
	its = 1
	hyp = 105 / 417
	cut = 844
878 [0, 600]: LP
	bnd = 600.000000
	its = 1
	hyp = 105 / 417
	cut = 863
894 [0, 600]: LP
	bnd = 600.000000
	its = 1
	hyp = 105 / 417
	cut = 882
910 [0, 600]: LP
	bnd = 600.000000
	its = 1
	hyp = 105 / 417
	cut = 901
926 [0, 600]: LP
	bnd = 600.000000
	its = 1
	hyp = 105 / 417
	cut = 920
942 [0, 600]: LP
	bnd = 600.000000
	its = 1
	hyp = 105 / 417
	cut = 939
958 [0, 600]: LP
	bnd = 600.000000
	its = 1
	hyp = 105 / 417
	cut = 958
974 [0, 600]: LP
	bnd = 600.000000
	its = 1
	hyp = 105 / 417
	cut = 977
991 [0, 600]: LP
	bnd = 600.000000
	its = 1
	hyp = 105 / 417
	cut = 996
1007 [0, 600]: LP
	bnd = 600.000000
	its = 1
	hyp = 105 / 417
	cut = 1015
1023 [0, 600]: LP
	bnd = 600.000000
	its = 1
	hyp = 105 / 417
	cut = 1034
1039 [0, 600]: LP
	bnd = 600.000000
	its = 1
	hyp = 105 / 417
	cut = 1053
1057 [0, 600]: LP
	bnd = 600.000000
	its = 1
	hyp = 105 / 417
	cut = 1072
1073 [0, 600]: LP
	bnd = 600.000000
	its = 1
	hyp = 105 / 417
	cut = 1091
1088 [0, 600]: LP
	bnd = 600.000000
	its = 1
	hyp = 105 / 417
	cut = 1110
1104 [0, 600]: LP
	bnd = 600.000000
	its = 1
	hyp = 105 / 417
	cut = 1129
1132 [0, 600]: LP
	bnd = 600.000000
	its = 1
	hyp = 105 / 417
	cut = 1148
1150 [0, 600]: LP
	bnd = 600.000000
	its = 1
	hyp = 105 / 417
	cut = 1167
1166 [0, 600]: LP
	bnd = 600.000000
	its = 1
	hyp = 105 / 417
	cut = 1186
1182 [0, 600]: LP
	bnd = 600.000000
	its = 1
	hyp = 105 / 417
	cut = 1205
1197 [0, 600]: LP
	bnd = 600.000000
	its = 1
	hyp = 105 / 417
	cut = 1224
1213 [0, 600]: LP
	bnd = 600.000000
	its = 1
	hyp = 105 / 417
	cut = 1243
1229 [0, 600]: LP
	bnd = 600.000000
	its = 1
	hyp = 105 / 417
	cut = 1262
1245 [0, 600]: LP
	bnd = 600.000000
	its = 1
	hyp = 105 / 417
	cut = 1281
1261 [0, 600]: LP
	bnd = 600.000000
	its = 1
	hyp = 105 / 417
	cut = 1300
1276 [0, 600]: LP
	bnd = 600.000000
	its = 1
	hyp = 105 / 417
	cut = 1319
1292 [0, 600]: LP
	bnd = 600.000000
	its = 1
	hyp = 105 / 417
	cut = 1338
1308 [0, 600]: LP
	bnd = 600.000000
	its = 1
	hyp = 105 / 417
	cut = 1357
1324 [0, 600]: LP
	bnd = 600.000000
	its = 1
	hyp = 105 / 417
	cut = 1376
1354 [0, 600]: LP
	bnd = 600.000000
	its = 1
	hyp = 105 / 417
	cut = 1395
1371 [0, 600]: LP
	bnd = 600.000000
	its = 1
	hyp = 105 / 417
	cut = 1414
1387 [0, 600]: LP
	bnd = 600.000000
	its = 1
	hyp = 105 / 417
	cut = 1433
1403 [0, 600]: LP
	bnd = 600.000000
	its = 1
	hyp = 105 / 417
	cut = 1452
1419 [0, 600]: LP
	bnd = 600.000000
	its = 1
	hyp = 105 / 417
	cut = 1471
1435 [0, 600]: LP
	bnd = 600.000000
	its = 1
	hyp = 105 / 417
	cut = 1491
1452 [0, 600]: LP
	bnd = 600.000000
	its = 1
	hyp = 105 / 417
	cut = 1511
1467 [0, 600]: LP
	bnd = 600.000000
	its = 1
	hyp = 105 / 417
	cut = 1531
1483 [0, 600]: LP
	bnd = 600.000000
	its = 1
	hyp = 105 / 417
	cut = 1550
1499 [0, 600]: LP
	bnd = 600.000000
	its = 1
	hyp = 105 / 417
	cut = 1569
1514 [0, 600]: LP
	bnd = 600.000000
	its = 1
	hyp = 105 / 417
	cut = 1588
1530 [0, 600]: LP
	bnd = 600.000000
	its = 1
	hyp = 105 / 417
	cut = 1608
1550 [0, 600]: LP
	bnd = 600.000000
	its = 1
	hyp = 105 / 417
	cut = 1628
1575 [0, 600]: LP
	bnd = 600.000000
	its = 1
	hyp = 105 / 417
	cut = 1648
1590 [0, 600]: LP
	bnd = 600.000000
	its = 1
	hyp = 105 / 417
	cut = 1669
1605 [0, 600]: LP
	bnd = 600.000000
	its = 1
	hyp = 105 / 417
	cut = 1688
1620 [0, 600]: LP
	bnd = 600.000000
	its = 1
	hyp = 105 / 417
	cut = 1708
1634 [0, 600]: LP
	bnd = 600.000000
	its = 1
	hyp = 105 / 417
	cut = 1733
1649 [0, 600]: LP
	bnd = 600.000000
	its = 1
	hyp = 105 / 417
	cut = 1758
1663 [0, 600]: LP
	bnd = 600.000000
	its = 1
	hyp = 105 / 417
	cut = 1783
1677 [0, 600]: LP
	bnd = 600.000000
	its = 1
	hyp = 105 / 417
	cut = 1808
1692 [0, 600]: LP
	bnd = 600.000000
	its = 1
	hyp = 105 / 417
	cut = 1833
1706 [0, 600]: LP
	bnd = 600.000000
	its = 1
	hyp = 105 / 417
	cut = 1858
1720 [0, 600]: LP
	bnd = 600.000000
	its = 1
	hyp = 105 / 417
	cut = 1883
1734 [0, 600]: LP
	bnd = 600.000000
	its = 1
	hyp = 105 / 417
	cut = 1908
1748 [0, 600]: LP
	bnd = 600.000000
	its = 1
	hyp = 105 / 417
	cut = 1933
1761 [0, 600]: LP
	bnd = 600.000000
	its = 1
	hyp = 105 / 417
	cut = 1958
1775 [0, 600]: LP
	bnd = 600.000000
	its = 1
	hyp = 105 / 417
	cut = 1983
1788 [0, 600]: LP
	bnd = 600.000000
	its = 1
	hyp = 105 / 417
	cut = 2008
1801 [0, 600]: LP
	bnd = 600.000000
	its = 1
	hyp = 105 / 417
	cut = 2026
1814 [0, 600]: LP
	bnd = 600.000000
	its = 1
	hyp = 105 / 417
	cut = 2044
1827 [0, 600]: LP
	bnd = 600.000000
	its = 1
	hyp = 105 / 417
	cut = 2061
1840 [0, 600]: LP
	bnd = 600.000000
	its = 1
	hyp = 105 / 417
	cut = 2079
1854 [0, 600]: LP
	bnd = 600.000000
	its = 1
	hyp = 105 / 417
	cut = 2094
1866 [0, 600]: LP
	bnd = 600.000000
	its = 1
	hyp = 105 / 417
	cut = 2105
1879 [0, 600]: LP
	bnd = 600.000000
	its = 1
	hyp = 105 / 417
	cut = 2114
1892 [0, 600]: LP
	bnd = 600.000000
	its = 1
	hyp = 105 / 417
	cut = 2122
1905 [0, 600]: LP
	bnd = 600.000000
	its = 1
	hyp = 105 / 417
	cut = 2127
1918 [0, 600]: LP
	bnd = 600.000000
	its = 1
	hyp = 105 / 417
	cut = 2130
1930 [0, 600]: LP
	bnd = 600.000000
	its = 1
	hyp = 105 / 417
	cut = 2132
1942 [0, 600]: LP
	bnd = 600.000000
	its = 1
	hyp = 105 / 417
	cut = 2134
1952 [0, 600]: LP STOP
3259 [0, 600]: HEURISTIC 27
17704 [0, 600]: HEURISTIC 81
134833 [0, 600]: HEURISTIC 243
1175135 [0, 600]: HEURISTIC 729
