hypergraph with 1830 vertices and 40830 hyperarcs generated in 19
92 [0, 1800]: LP
	bnd = 1800.000000
	its = 25
	hyp = 194 / 286
	cut = 0
158 [0, 1800]: HEURISTIC 3
248 [0, 1800]: LP
	bnd = 1800.000000
	its = 17
	hyp = 229 / 645
	cut = 29
261 [0, 1800]: HEURISTIC 9
383 [0, 1800]: HEURISTIC 27
410 [0, 1800]: LP
	bnd = 1800.000000
	its = 13
	hyp = 286 / 808
	cut = 58
516 [0, 1800]: HEURISTIC 81
582 [0, 1800]: LP
	bnd = 1800.000000
	its = 9
	hyp = 238 / 946
	cut = 87
650 [0, 1799]: LABEL
	tot = 8405
	max = 73
729 [0, 1799]: LP
	bnd = 1800.000000
	its = 4
	hyp = 285 / 997
	cut = 116
915 [0, 1799]: LP
	bnd = 1800.000000
	its = 6
	hyp = 292 / 1069
	cut = 145
1114 [0, 1798]: LABEL
	tot = 27876
	max = 218
1182 [0, 1798]: LP
	bnd = 1800.000000
	its = 9
	hyp = 341 / 1189
	cut = 173
1481 [0, 1798]: LP
	bnd = 1800.000000
	its = 7
	hyp = 338 / 1274
	cut = 201
1748 [0, 1798]: LP
	bnd = 1800.000000
	its = 5
	hyp = 347 / 1336
	cut = 229
2044 [0, 1798]: LP
	bnd = 1800.000000
	its = 6
	hyp = 387 / 1406
	cut = 258
2391 [0, 1798]: LP
	bnd = 1800.000000
	its = 6
	hyp = 390 / 1467
	cut = 287
2732 [0, 1798]: LP
	bnd = 1800.000000
	its = 5
	hyp = 329 / 1527
	cut = 315
3197 [0, 1798]: LP
	bnd = 1800.000000
	its = 7
	hyp = 392 / 1589
	cut = 344
3373 [0, 1796]: LABEL
	tot = 104160
	max = 811
3700 [0, 1796]: LP
	bnd = 1800.000000
	its = 6
	hyp = 398 / 1650
	cut = 373
4171 [0, 1796]: LP
	bnd = 1800.000000
	its = 6
	hyp = 457 / 1702
	cut = 402
4984 [0, 1796]: LP
	bnd = 1800.000000
	its = 6
	hyp = 414 / 1746
	cut = 431
5489 [0, 1796]: LP
	bnd = 1800.000000
	its = 4
	hyp = 472 / 1789
	cut = 460
6175 [0, 1796]: LP
	bnd = 1800.000000
	its = 4
	hyp = 435 / 1829
	cut = 489
6725 [0, 1796]: LP
	bnd = 1800.000000
	its = 4
	hyp = 465 / 1869
	cut = 518
7394 [0, 1796]: LP
	bnd = 1800.000000
	its = 5
	hyp = 487 / 1914
	cut = 547
8032 [0, 1796]: LP
	bnd = 1800.000000
	its = 3
	hyp = 479 / 1930
	cut = 576
8935 [0, 1796]: LP
	bnd = 1800.000000
	its = 6
	hyp = 483 / 1982
	cut = 605
9745 [0, 1796]: LP
	bnd = 1800.000000
	its = 4
	hyp = 522 / 2012
	cut = 634
10125 [0, 1794]: LABEL
	tot = 250867
	max = 1728
10650 [0, 1794]: LP
	bnd = 1800.000000
	its = 5
	hyp = 532 / 2056
	cut = 663
11392 [0, 1794]: LP
	bnd = 1800.000000
	its = 3
	hyp = 531 / 2085
	cut = 692
12174 [0, 1794]: LP
	bnd = 1800.000000
	its = 4
	hyp = 553 / 2113
	cut = 721
13036 [0, 1794]: LP
	bnd = 1800.000000
	its = 3
	hyp = 546 / 2138
	cut = 750
14013 [0, 1794]: LP
	bnd = 1800.000000
	its = 4
	hyp = 522 / 2170
	cut = 779
15232 [0, 1794]: LP
	bnd = 1800.000000
	its = 5
	hyp = 536 / 2208
	cut = 808
16312 [0, 1794]: LP
	bnd = 1800.000000
	its = 4
	hyp = 567 / 2231
	cut = 837
17247 [0, 1794]: LP
	bnd = 1800.000000
	its = 3
	hyp = 573 / 2246
	cut = 866
18308 [0, 1794]: LP
	bnd = 1800.000000
	its = 4
	hyp = 556 / 2265
	cut = 895
19160 [0, 1794]: LP
	bnd = 1800.000000
	its = 2
	hyp = 510 / 2273
	cut = 924
20065 [0, 1794]: LP
	bnd = 1800.000000
	its = 3
	hyp = 537 / 2289
	cut = 953
20962 [0, 1794]: LP
	bnd = 1800.000000
	its = 3
	hyp = 532 / 2306
	cut = 982
21831 [0, 1794]: LP
	bnd = 1800.000000
	its = 3
	hyp = 550 / 2321
	cut = 1011
22806 [0, 1794]: LP
	bnd = 1800.000000
	its = 2
	hyp = 557 / 2333
	cut = 1040
24010 [0, 1794]: LP
	bnd = 1800.000000
	its = 5
	hyp = 582 / 2369
	cut = 1069
25628 [0, 1794]: LP
	bnd = 1800.000000
	its = 2
	hyp = 598 / 2375
	cut = 1098
26693 [0, 1792]: LABEL
	tot = 513391
	max = 3231
27039 [0, 1792]: LP
	bnd = 1800.000000
	its = 4
	hyp = 610 / 2402
	cut = 1127
28538 [0, 1792]: LP
	bnd = 1800.000000
	its = 4
	hyp = 640 / 2423
	cut = 1156
29908 [0, 1792]: LP
	bnd = 1800.000000
	its = 4
	hyp = 589 / 2450
	cut = 1185
31198 [0, 1792]: LP
	bnd = 1800.000000
	its = 3
	hyp = 633 / 2467
	cut = 1214
32871 [0, 1792]: LP
	bnd = 1800.000000
	its = 5
	hyp = 620 / 2499
	cut = 1243
34560 [0, 1792]: LP
	bnd = 1800.000000
	its = 4
	hyp = 620 / 2527
	cut = 1272
36410 [0, 1792]: LP
	bnd = 1800.000000
	its = 5
	hyp = 602 / 2554
	cut = 1301
40004 [0, 1792]: LP
	bnd = 1800.000000
	its = 4
	hyp = 621 / 2606
	cut = 1330
42826 [0, 1792]: LP
	bnd = 1800.000000
	its = 5
	hyp = 689 / 2640
	cut = 1359
46530 [0, 1792]: LP
	bnd = 1800.000000
	its = 4
	hyp = 656 / 2669
	cut = 1388
48060 [0, 1792]: LP
	bnd = 1800.000000
	its = 3
	hyp = 657 / 2685
	cut = 1417
50170 [0, 1792]: LP
	bnd = 1800.000000
	its = 4
	hyp = 634 / 2715
	cut = 1444
51730 [0, 1791]: LABEL
	tot = 708361
	max = 4415
54097 [0, 1791]: LP
	bnd = 1800.000000
	its = 4
	hyp = 681 / 2737
	cut = 1471
56659 [0, 1791]: LP
	bnd = 1800.000000
	its = 5
	hyp = 689 / 2767
	cut = 1500
60372 [0, 1791]: LP
	bnd = 1800.000000
	its = 4
	hyp = 724 / 2791
	cut = 1529
62041 [0, 1791]: LP
	bnd = 1800.000000
	its = 3
	hyp = 740 / 2807
	cut = 1558
66980 [0, 1791]: LP
	bnd = 1800.000000
	its = 3
	hyp = 724 / 2822
	cut = 1587
69825 [0, 1791]: LP
	bnd = 1800.000000
	its = 5
	hyp = 722 / 2852
	cut = 1616
71959 [0, 1791]: LP
	bnd = 1800.000000
	its = 3
	hyp = 747 / 2866
	cut = 1645
76273 [0, 1791]: LP
	bnd = 1800.000000
	its = 4
	hyp = 728 / 2886
	cut = 1674
79520 [0, 1791]: LP
	bnd = 1800.000000
	its = 2
	hyp = 702 / 2890
	cut = 1703
82428 [0, 1791]: LP
	bnd = 1800.000000
	its = 4
	hyp = 746 / 2907
	cut = 1732
86658 [0, 1791]: LP
	bnd = 1800.000000
	its = 2
	hyp = 751 / 2915
	cut = 1761
88307 [0, 1791]: LP
	bnd = 1800.000000
	its = 2
	hyp = 723 / 2925
	cut = 1790
90605 [0, 1791]: LP
	bnd = 1800.000000
	its = 3
	hyp = 719 / 2944
	cut = 1819
94626 [0, 1791]: LP
	bnd = 1800.000000
	its = 5
	hyp = 726 / 2977
	cut = 1848
100528 [0, 1791]: LP
	bnd = 1800.000000
	its = 3
	hyp = 724 / 2990
	cut = 1877
104795 [0, 1791]: LP
	bnd = 1800.000000
	its = 3
	hyp = 705 / 3002
	cut = 1906
107260 [0, 1791]: LP
	bnd = 1800.000000
	its = 3
	hyp = 708 / 3017
	cut = 1935
112269 [0, 1791]: LP
	bnd = 1800.000000
	its = 4
	hyp = 740 / 3044
	cut = 1964
117410 [0, 1791]: LP
	bnd = 1800.000000
	its = 4
	hyp = 703 / 3065
	cut = 1993
120325 [0, 1791]: LP
	bnd = 1800.000000
	its = 3
	hyp = 767 / 3074
	cut = 2022
124113 [0, 1791]: LP
	bnd = 1800.000000
	its = 4
	hyp = 756 / 3095
	cut = 2051
131978 [0, 1791]: LP
	bnd = 1800.000000
	its = 4
	hyp = 751 / 3117
	cut = 2080
138474 [0, 1791]: LP
	bnd = 1800.000000
	its = 4
	hyp = 754 / 3137
	cut = 2109
144363 [0, 1791]: LP
	bnd = 1800.000000
	its = 3
	hyp = 786 / 3155
	cut = 2138
147517 [0, 1791]: LP
	bnd = 1800.000000
	its = 3
	hyp = 799 / 3172
	cut = 2167
153422 [0, 1791]: LP
	bnd = 1800.000000
	its = 2
	hyp = 739 / 3181
	cut = 2196
157945 [0, 1791]: LP
	bnd = 1800.000000
	its = 5
	hyp = 788 / 3201
	cut = 2225
163295 [0, 1791]: LP
	bnd = 1800.000000
	its = 2
	hyp = 830 / 3210
	cut = 2254
170211 [0, 1791]: LP
	bnd = 1800.000000
	its = 4
	hyp = 830 / 3228
	cut = 2283
173738 [0, 1791]: LP
	bnd = 1800.000000
	its = 4
	hyp = 751 / 3244
	cut = 2312
176854 [0, 1791]: LP
	bnd = 1800.000000
	its = 3
	hyp = 816 / 3253
	cut = 2341
180346 [0, 1791]: LP
	bnd = 1800.000000
	its = 3
	hyp = 799 / 3269
	cut = 2370
185020 [0, 1791]: LP
	bnd = 1800.000000
	its = 5
	hyp = 836 / 3292
	cut = 2399
189586 [0, 1791]: LP
	bnd = 1800.000000
	its = 4
	hyp = 784 / 3311
	cut = 2428
196591 [0, 1791]: LP
	bnd = 1800.000000
	its = 2
	hyp = 822 / 3314
	cut = 2457
200852 [0, 1791]: LP
	bnd = 1800.000000
	its = 4
	hyp = 801 / 3333
	cut = 2486
205952 [0, 1791]: LP
	bnd = 1800.000000
	its = 4
	hyp = 818 / 3350
	cut = 2515
210307 [0, 1791]: LP
	bnd = 1800.000000
	its = 4
	hyp = 781 / 3365
	cut = 2544
219800 [0, 1791]: LP
	bnd = 1800.000000
	its = 2
	hyp = 838 / 3369
	cut = 2573
225211 [0, 1791]: LP
	bnd = 1800.000000
	its = 4
	hyp = 803 / 3388
	cut = 2600
234665 [0, 1791]: LP
	bnd = 1800.000000
	its = 4
	hyp = 840 / 3408
	cut = 2629
239335 [0, 1791]: LP
	bnd = 1800.000000
	its = 3
	hyp = 844 / 3416
	cut = 2658
245583 [0, 1791]: LP
	bnd = 1800.000000
	its = 5
	hyp = 853 / 3439
	cut = 2687
249548 [0, 1791]: LP
	bnd = 1800.000000
	its = 3
	hyp = 859 / 3449
	cut = 2716
255789 [0, 1791]: LP
	bnd = 1800.000000
	its = 5
	hyp = 832 / 3463
	cut = 2745
268760 [0, 1791]: LP
	bnd = 1800.000000
	its = 5
	hyp = 721 / 3481
	cut = 2772
274284 [0, 1791]: LP
	bnd = 1800.000000
	its = 5
	hyp = 810 / 3502
	cut = 2799
286027 [0, 1791]: LP
	bnd = 1800.000000
	its = 5
	hyp = 860 / 3527
	cut = 2828
293329 [0, 1791]: LP
	bnd = 1800.000000
	its = 6
	hyp = 907 / 3551
	cut = 2857
300648 [0, 1791]: LP
	bnd = 1800.000000
	its = 6
	hyp = 870 / 3577
	cut = 2886
306036 [0, 1791]: LP
	bnd = 1800.000000
	its = 4
	hyp = 897 / 3591
	cut = 2915
313423 [0, 1791]: LP
	bnd = 1800.000000
	its = 5
	hyp = 925 / 3611
	cut = 2942
319837 [0, 1791]: LP
	bnd = 1800.000000
	its = 3
	hyp = 849 / 3622
	cut = 2971
327812 [0, 1791]: LP
	bnd = 1800.000000
	its = 5
	hyp = 939 / 3644
	cut = 3000
336752 [0, 1791]: LP
	bnd = 1800.000000
	its = 5
	hyp = 902 / 3663
	cut = 3029
345690 [0, 1791]: LP
	bnd = 1800.000000
	its = 6
	hyp = 886 / 3687
	cut = 3056
358130 [0, 1791]: LP
	bnd = 1800.000000
	its = 8
	hyp = 933 / 3715
	cut = 3083
368113 [0, 1791]: LP
	bnd = 1800.000000
	its = 6
	hyp = 925 / 3745
	cut = 3110
381812 [0, 1791]: LP
	bnd = 1800.000000
	its = 8
	hyp = 929 / 3779
	cut = 3137
395019 [0, 1791]: LP
	bnd = 1800.000000
	its = 10
	hyp = 928 / 3809
	cut = 3164
407867 [0, 1791]: LP
	bnd = 1800.000000
	its = 7
	hyp = 898 / 3830
	cut = 3191
419836 [0, 1791]: LP
	bnd = 1800.000000
	its = 10
	hyp = 901 / 3849
	cut = 3218
434251 [0, 1791]: LP
	bnd = 1800.000000
	its = 12
	hyp = 903 / 3893
	cut = 3245
447988 [0, 1791]: LP
	bnd = 1800.000000
	its = 12
	hyp = 945 / 3936
	cut = 3272
467058 [0, 1791]: LP
	bnd = 1800.000000
	its = 16
	hyp = 992 / 3986
	cut = 3299
481911 [0, 1791]: LP
	bnd = 1800.000000
	its = 13
	hyp = 975 / 4026
	cut = 3326
493502 [0, 1791]: LP
	bnd = 1800.000000
	its = 6
	hyp = 969 / 4041
	cut = 3353
511753 [0, 1791]: LP
	bnd = 1800.000000
	its = 14
	hyp = 959 / 4084
	cut = 3380
531540 [0, 1791]: LP
	bnd = 1800.000000
	its = 20
	hyp = 993 / 4136
	cut = 3407
572102 [0, 1791]: LP
	bnd = 1800.000000
	its = 23
	hyp = 1024 / 4198
	cut = 3434
608125 [0, 1791]: LP
	bnd = 1800.000000
	its = 46
	hyp = 1054 / 4292
	cut = 3461
665837 [0, 1791]: LP
	bnd = 1799.992798
	its = 76
	hyp = 1120 / 4409
	cut = 3488
681990 [0, 1791]: LP
	bnd = 1799.987061
	its = 34
	hyp = 1099 / 4464
	cut = 3515
699330 [0, 1791]: LP
	bnd = 1799.980713
	its = 36
	hyp = 1143 / 4517
	cut = 3542
712542 [0, 1791]: LP
	bnd = 1799.975952
	its = 24
	hyp = 1138 / 4551
	cut = 3569
730012 [0, 1791]: LP
	bnd = 1799.968262
	its = 28
	hyp = 1141 / 4593
	cut = 3596
742058 [0, 1791]: LP
	bnd = 1799.963013
	its = 23
	hyp = 1132 / 4629
	cut = 3623
754694 [0, 1791]: LP
	bnd = 1799.957764
	its = 20
	hyp = 1149 / 4662
	cut = 3650
765498 [0, 1791]: LP
	bnd = 1799.953369
	its = 16
	hyp = 1105 / 4684
	cut = 3677
783476 [0, 1791]: LP
	bnd = 1799.948120
	its = 27
	hyp = 1142 / 4729
	cut = 3704
793844 [0, 1791]: LP
	bnd = 1799.944214
	its = 16
	hyp = 1159 / 4756
	cut = 3731
805222 [0, 1791]: LP
	bnd = 1799.939209
	its = 17
	hyp = 1152 / 4784
	cut = 3758
823421 [0, 1791]: LP
	bnd = 1799.931763
	its = 25
	hyp = 1183 / 4828
	cut = 3785
836731 [0, 1791]: LP
	bnd = 1799.926025
	its = 23
	hyp = 1188 / 4865
	cut = 3812
849560 [0, 1791]: LP
	bnd = 1799.921875
	its = 19
	hyp = 1206 / 4888
	cut = 3839
864296 [0, 1791]: LP
	bnd = 1799.916992
	its = 20
	hyp = 1152 / 4918
	cut = 3866
880067 [0, 1791]: LP
	bnd = 1799.911743
	its = 19
	hyp = 1238 / 4948
	cut = 3893
889823 [0, 1791]: LP
	bnd = 1799.907959
	its = 14
	hyp = 1183 / 4970
	cut = 3920
903500 [0, 1791]: LP
	bnd = 1799.902954
	its = 17
	hyp = 1194 / 4999
	cut = 3947
918582 [0, 1791]: LP
	bnd = 1799.896851
	its = 22
	hyp = 1216 / 5032
	cut = 3974
931594 [0, 1791]: LP
	bnd = 1799.890991
	its = 17
	hyp = 1214 / 5055
	cut = 4001
956551 [0, 1791]: LP
	bnd = 1799.885010
	its = 31
	hyp = 1223 / 5117
	cut = 4028
969103 [0, 1791]: LP
	bnd = 1799.881348
	its = 15
	hyp = 1222 / 5137
	cut = 4055
984994 [0, 1791]: LP
	bnd = 1799.876709
	its = 14
	hyp = 1242 / 5164
	cut = 4082
1005508 [0, 1791]: LP
	bnd = 1799.871216
	its = 23
	hyp = 1290 / 5200
	cut = 4109
1022234 [0, 1791]: LP
	bnd = 1799.866699
	its = 23
	hyp = 1295 / 5235
	cut = 4136
1039806 [0, 1791]: LP
	bnd = 1799.861694
	its = 22
	hyp = 1286 / 5267
	cut = 4163
1054853 [0, 1791]: LP
	bnd = 1799.856323
	its = 15
	hyp = 1267 / 5288
	cut = 4192
1071722 [0, 1791]: LP
	bnd = 1799.851929
	its = 21
	hyp = 1239 / 5325
	cut = 4221
1087853 [0, 1791]: LP
	bnd = 1799.846313
	its = 20
	hyp = 1286 / 5358
	cut = 4248
1101507 [0, 1791]: LP
	bnd = 1799.842285
	its = 12
	hyp = 1281 / 5374
	cut = 4275
1119744 [0, 1791]: LP
	bnd = 1799.838257
	its = 18
	hyp = 1261 / 5401
	cut = 4302
1131744 [0, 1791]: LP
	bnd = 1799.834717
	its = 13
	hyp = 1277 / 5417
	cut = 4329
1145124 [0, 1791]: LP
	bnd = 1799.831787
	its = 14
	hyp = 1275 / 5434
	cut = 4356
1159083 [0, 1791]: LP
	bnd = 1799.828125
	its = 15
	hyp = 1289 / 5456
	cut = 4383
1171484 [0, 1791]: LP
	bnd = 1799.824463
	its = 10
	hyp = 1265 / 5473
	cut = 4410
1184604 [0, 1791]: LP
	bnd = 1799.821655
	its = 11
	hyp = 1246 / 5484
	cut = 4437
1195399 [0, 1791]: LP
	bnd = 1799.818970
	its = 10
	hyp = 1301 / 5501
	cut = 4464
1208953 [0, 1791]: LP
	bnd = 1799.815796
	its = 14
	hyp = 1296 / 5521
	cut = 4491
1220511 [0, 1791]: LP
	bnd = 1799.813232
	its = 9
	hyp = 1261 / 5530
	cut = 4518
1230011 [0, 1791]: LP
	bnd = 1799.811035
	its = 9
	hyp = 1325 / 5543
	cut = 4545
1245923 [0, 1791]: LP
	bnd = 1799.808472
	its = 18
	hyp = 1338 / 5566
	cut = 4572
1257914 [0, 1791]: LP
	bnd = 1799.806152
	its = 11
	hyp = 1349 / 5581
	cut = 4599
1265742 [0, 1791]: LP
	bnd = 1799.803833
	its = 8
	hyp = 1308 / 5591
	cut = 4626
1280540 [0, 1791]: LP
	bnd = 1799.801025
	its = 13
	hyp = 1304 / 5609
	cut = 4653
1293230 [0, 1791]: LP
	bnd = 1799.799561
	its = 10
	hyp = 1337 / 5620
	cut = 4680
1309330 [0, 1791]: LP
	bnd = 1799.796875
	its = 15
	hyp = 1298 / 5639
	cut = 4707
1326424 [0, 1791]: LP
	bnd = 1799.794678
	its = 16
	hyp = 1320 / 5660
	cut = 4734
1341602 [0, 1791]: LP
	bnd = 1799.792847
	its = 11
	hyp = 1332 / 5672
	cut = 4761
1360239 [0, 1791]: LP
	bnd = 1799.790405
	its = 16
	hyp = 1375 / 5695
	cut = 4788
1375023 [0, 1791]: LP
	bnd = 1799.787476
	its = 8
	hyp = 1354 / 5706
	cut = 4815
1393201 [0, 1791]: LP
	bnd = 1799.785645
	its = 13
	hyp = 1354 / 5720
	cut = 4842
1407995 [0, 1791]: LP
	bnd = 1799.783936
	its = 14
	hyp = 1397 / 5737
	cut = 4869
1416740 [0, 1791]: LP
	bnd = 1799.782471
	its = 7
	hyp = 1360 / 5747
	cut = 4896
1426792 [0, 1791]: LP
	bnd = 1799.780884
	its = 8
	hyp = 1378 / 5754
	cut = 4923
1436765 [0, 1791]: LP
	bnd = 1799.779663
	its = 7
	hyp = 1371 / 5769
	cut = 4950
1446876 [0, 1791]: LP
	bnd = 1799.778076
	its = 7
	hyp = 1372 / 5780
	cut = 4977
1461217 [0, 1791]: LP
	bnd = 1799.776855
	its = 9
	hyp = 1368 / 5794
	cut = 5004
1472969 [0, 1791]: LP
	bnd = 1799.775879
	its = 7
	hyp = 1408 / 5802
	cut = 5031
1483581 [0, 1791]: LP
	bnd = 1799.774658
	its = 5
	hyp = 1384 / 5807
	cut = 5058
1495082 [0, 1791]: LP
	bnd = 1799.773071
	its = 7
	hyp = 1374 / 5814
	cut = 5087
1507477 [0, 1791]: LP
	bnd = 1799.772095
	its = 9
	hyp = 1418 / 5827
	cut = 5116
1521357 [0, 1791]: LP
	bnd = 1799.770752
	its = 12
	hyp = 1370 / 5842
	cut = 5143
1536474 [0, 1791]: LP
	bnd = 1799.769287
	its = 11
	hyp = 1408 / 5854
	cut = 5170
1551310 [0, 1791]: LP
	bnd = 1799.767944
	its = 9
	hyp = 1446 / 5869
	cut = 5197
1563043 [0, 1791]: LP
	bnd = 1799.766602
	its = 7
	hyp = 1400 / 5875
	cut = 5226
1576111 [0, 1791]: LP
	bnd = 1799.765381
	its = 7
	hyp = 1403 / 5881
	cut = 5255
1599291 [0, 1791]: LP
	bnd = 1799.763672
	its = 13
	hyp = 1424 / 5901
	cut = 5284
1614953 [0, 1791]: LP
	bnd = 1799.762329
	its = 12
	hyp = 1460 / 5922
	cut = 5313
1629734 [0, 1791]: LP
	bnd = 1799.760986
	its = 8
	hyp = 1437 / 5930
	cut = 5342
1644306 [0, 1791]: LP
	bnd = 1799.759888
	its = 11
	hyp = 1438 / 5943
	cut = 5369
1663190 [0, 1791]: LP
	bnd = 1799.758911
	its = 12
	hyp = 1452 / 5957
	cut = 5396
1676214 [0, 1791]: LP
	bnd = 1799.758057
	its = 8
	hyp = 1457 / 5968
	cut = 5423
1691466 [0, 1791]: LP
	bnd = 1799.756836
	its = 9
	hyp = 1511 / 5979
	cut = 5450
1705081 [0, 1791]: LP
	bnd = 1799.755737
	its = 5
	hyp = 1474 / 5985
	cut = 5477
1719399 [0, 1791]: LP
	bnd = 1799.754761
	its = 8
	hyp = 1474 / 5995
	cut = 5504
1734618 [0, 1791]: LP
	bnd = 1799.753662
	its = 8
	hyp = 1505 / 6004
	cut = 5531
1747580 [0, 1791]: LP
	bnd = 1799.752686
	its = 6
	hyp = 1512 / 6011
	cut = 5558
1763477 [0, 1791]: LP
	bnd = 1799.752075
	its = 11
	hyp = 1497 / 6022
	cut = 5585
1773461 [0, 1791]: LP
	bnd = 1799.751221
	its = 4
	hyp = 1466 / 6026
	cut = 5612
1790706 [0, 1791]: LP
	bnd = 1799.750244
	its = 8
	hyp = 1510 / 6036
	cut = 5639
1804147 [0, 1791]: LP
	bnd = 1799.749268
	its = 8
	hyp = 1491 / 6047
	cut = 5666
1817588 [0, 1791]: LP
	bnd = 1799.748657
	its = 6
	hyp = 1519 / 6054
	cut = 5693
1835205 [0, 1791]: LP
	bnd = 1799.747192
	its = 9
	hyp = 1496 / 6063
	cut = 5720
1853980 [0, 1791]: LP
	bnd = 1799.745850
	its = 9
	hyp = 1503 / 6072
	cut = 5747
1871369 [0, 1791]: LP
	bnd = 1799.745361
	its = 9
	hyp = 1497 / 6082
	cut = 5774
1889337 [0, 1791]: LP
	bnd = 1799.743652
	its = 9
	hyp = 1519 / 6093
	cut = 5801
1907922 [0, 1791]: LP
	bnd = 1799.742676
	its = 8
	hyp = 1514 / 6100
	cut = 5828
1921532 [0, 1791]: LP
	bnd = 1799.742065
	its = 7
	hyp = 1534 / 6107
	cut = 5855
1935473 [0, 1791]: LP
	bnd = 1799.740967
	its = 6
	hyp = 1524 / 6116
	cut = 5882
1949632 [0, 1791]: LP
	bnd = 1799.739990
	its = 6
	hyp = 1511 / 6126
	cut = 5909
1967295 [0, 1791]: LP
	bnd = 1799.738770
	its = 8
	hyp = 1521 / 6137
	cut = 5936
1983949 [0, 1791]: LP
	bnd = 1799.737793
	its = 8
	hyp = 1534 / 6148
	cut = 5963
2005336 [0, 1791]: LP
	bnd = 1799.737061
	its = 10
	hyp = 1551 / 6161
	cut = 5990
2024889 [0, 1791]: LP
	bnd = 1799.735840
	its = 8
	hyp = 1525 / 6171
	cut = 6017
2040342 [0, 1791]: LP
	bnd = 1799.735107
	its = 8
	hyp = 1567 / 6178
	cut = 6044
2058728 [0, 1791]: LP
	bnd = 1799.734131
	its = 5
	hyp = 1575 / 6184
	cut = 6073
2072113 [0, 1791]: LP
	bnd = 1799.733276
	its = 5
	hyp = 1612 / 6189
	cut = 6102
2085082 [0, 1791]: LP
	bnd = 1799.732300
	its = 4
	hyp = 1576 / 6192
	cut = 6131
2107414 [0, 1791]: LP
	bnd = 1799.731323
	its = 9
	hyp = 1580 / 6204
	cut = 6158
2127504 [0, 1791]: LP
	bnd = 1799.730347
	its = 8
	hyp = 1535 / 6213
	cut = 6187
2138746 [0, 1791]: LP
	bnd = 1799.729858
	its = 5
	hyp = 1563 / 6217
	cut = 6216
2159789 [0, 1791]: LP
	bnd = 1799.729004
	its = 7
	hyp = 1553 / 6225
	cut = 6245
2178162 [0, 1791]: LP
	bnd = 1799.728271
	its = 8
	hyp = 1565 / 6233
	cut = 6274
2200813 [0, 1791]: LP
	bnd = 1799.727173
	its = 12
	hyp = 1586 / 6246
	cut = 6303
2223148 [0, 1791]: LP
	bnd = 1799.726440
	its = 10
	hyp = 1590 / 6267
	cut = 6332
2236720 [0, 1791]: LP
	bnd = 1799.725830
	its = 7
	hyp = 1556 / 6274
	cut = 6359
2249736 [0, 1791]: LP
	bnd = 1799.725098
	its = 6
	hyp = 1579 / 6279
	cut = 6386
2269277 [0, 1791]: LP
	bnd = 1799.724609
	its = 8
	hyp = 1601 / 6291
	cut = 6415
2285270 [0, 1791]: LP
	bnd = 1799.723877
	its = 4
	hyp = 1594 / 6298
	cut = 6444
2299518 [0, 1791]: LP
	bnd = 1799.723267
	its = 3
	hyp = 1554 / 6300
	cut = 6471
2318704 [0, 1791]: LP
	bnd = 1799.722656
	its = 9
	hyp = 1601 / 6309
	cut = 6498
2344023 [0, 1791]: LP
	bnd = 1799.722046
	its = 11
	hyp = 1611 / 6323
	cut = 6525
2361310 [0, 1791]: LP
	bnd = 1799.721436
	its = 8
	hyp = 1626 / 6332
	cut = 6554
2378977 [0, 1791]: LP
	bnd = 1799.720947
	its = 4
	hyp = 1610 / 6335
	cut = 6581
2401645 [0, 1791]: LP
	bnd = 1799.720215
	its = 6
	hyp = 1625 / 6344
	cut = 6610
2422786 [0, 1791]: LP
	bnd = 1799.719604
	its = 6
	hyp = 1610 / 6350
	cut = 6639
2434541 [0, 1791]: LP
	bnd = 1799.718994
	its = 3
	hyp = 1614 / 6352
	cut = 6668
2458181 [0, 1791]: LP
	bnd = 1799.718384
	its = 8
	hyp = 1631 / 6365
	cut = 6697
2476092 [0, 1791]: LP
	bnd = 1799.717773
	its = 6
	hyp = 1675 / 6371
	cut = 6724
2500367 [0, 1791]: LP
	bnd = 1799.717407
	its = 7
	hyp = 1667 / 6379
	cut = 6751
2518408 [0, 1791]: LP
	bnd = 1799.716797
	its = 4
	hyp = 1644 / 6383
	cut = 6778
2541584 [0, 1791]: LP
	bnd = 1799.715698
	its = 6
	hyp = 1664 / 6390
	cut = 6805
2560296 [0, 1791]: LP
	bnd = 1799.715332
	its = 8
	hyp = 1644 / 6397
	cut = 6832
2582060 [0, 1791]: LP
	bnd = 1799.714844
	its = 6
	hyp = 1618 / 6404
	cut = 6859
2607510 [0, 1791]: LP
	bnd = 1799.714233
	its = 9
	hyp = 1631 / 6414
	cut = 6886
2631584 [0, 1791]: LP
	bnd = 1799.713745
	its = 8
	hyp = 1657 / 6424
	cut = 6913
2652248 [0, 1791]: LP
	bnd = 1799.713257
	its = 8
	hyp = 1663 / 6431
	cut = 6940
2666036 [0, 1791]: LP
	bnd = 1799.713013
	its = 5
	hyp = 1704 / 6437
	cut = 6967
2682523 [0, 1791]: LP
	bnd = 1799.712646
	its = 5
	hyp = 1675 / 6441
	cut = 6994
2704014 [0, 1791]: LP
	bnd = 1799.712280
	its = 7
	hyp = 1686 / 6448
	cut = 7021
2716060 [0, 1791]: LP
	bnd = 1799.712158
	its = 4
	hyp = 1676 / 6451
	cut = 7048
2732178 [0, 1791]: LP
	bnd = 1799.711914
	its = 4
	hyp = 1707 / 6456
	cut = 7075
2756665 [0, 1791]: LP
	bnd = 1799.711548
	its = 8
	hyp = 1683 / 6466
	cut = 7102
2774270 [0, 1791]: LP
	bnd = 1799.711304
	its = 5
	hyp = 1664 / 6470
	cut = 7129
2796357 [0, 1791]: LP
	bnd = 1799.710938
	its = 6
	hyp = 1659 / 6476
	cut = 7156
2818429 [0, 1791]: LP
	bnd = 1799.710571
	its = 6
	hyp = 1671 / 6482
	cut = 7183
2835940 [0, 1791]: LP
	bnd = 1799.710205
	its = 4
	hyp = 1645 / 6485
	cut = 7210
2860784 [0, 1791]: LP
	bnd = 1799.709717
	its = 6
	hyp = 1668 / 6497
	cut = 7237
2874065 [0, 1791]: LP
	bnd = 1799.709595
	its = 3
	hyp = 1656 / 6499
	cut = 7264
2892963 [0, 1791]: LP
	bnd = 1799.709473
	its = 9
	hyp = 1654 / 6509
	cut = 7291
2912967 [0, 1791]: LP
	bnd = 1799.708984
	its = 6
	hyp = 1636 / 6517
	cut = 7318
2929172 [0, 1791]: LP
	bnd = 1799.708740
	its = 3
	hyp = 1693 / 6520
	cut = 7345
2948543 [0, 1791]: LP
	bnd = 1799.708984
	its = 5
	hyp = 1654 / 6524
	cut = 7372
2972837 [0, 1791]: LP
	bnd = 1799.708374
	its = 9
	hyp = 1714 / 6536
	cut = 7399
2985147 [0, 1791]: LP
	bnd = 1799.708252
	its = 2
	hyp = 1663 / 6538
	cut = 7426
3003163 [0, 1791]: LP
	bnd = 1799.707886
	its = 4
	hyp = 1700 / 6543
	cut = 7455
3022076 [0, 1791]: LP
	bnd = 1799.707886
	its = 3
	hyp = 1658 / 6545
	cut = 7482
3054040 [0, 1791]: LP
	bnd = 1799.707397
	its = 8
	hyp = 1663 / 6557
	cut = 7509
3096138 [0, 1791]: LP
	bnd = 1799.707031
	its = 12
	hyp = 1654 / 6573
	cut = 7536
3116742 [0, 1791]: LP
	bnd = 1799.706909
	its = 4
	hyp = 1688 / 6577
	cut = 7563
3137719 [0, 1791]: LP
	bnd = 1799.706543
	its = 5
	hyp = 1696 / 6581
	cut = 7590
3159805 [0, 1791]: LP
	bnd = 1799.706665
	its = 6
	hyp = 1716 / 6587
	cut = 7617
3178290 [0, 1791]: LP
	bnd = 1799.706299
	its = 3
	hyp = 1671 / 6590
	cut = 7644
3202222 [0, 1791]: LP
	bnd = 1799.706177
	its = 7
	hyp = 1661 / 6601
	cut = 7671
3222174 [0, 1791]: LP
	bnd = 1799.705933
	its = 4
	hyp = 1672 / 6605
	cut = 7698
3244583 [0, 1791]: LP
	bnd = 1799.705811
	its = 5
	hyp = 1652 / 6611
	cut = 7725
3266784 [0, 1791]: LP
	bnd = 1799.705444
	its = 6
	hyp = 1702 / 6618
	cut = 7752
3291072 [0, 1791]: LP
	bnd = 1799.705322
	its = 6
	hyp = 1702 / 6625
	cut = 7779
3316778 [0, 1791]: LP
	bnd = 1799.705200
	its = 6
	hyp = 1721 / 6630
	cut = 7806
3334443 [0, 1791]: LP
	bnd = 1799.705078
	its = 5
	hyp = 1725 / 6639
	cut = 7833
3354629 [0, 1791]: LP
	bnd = 1799.704956
	its = 3
	hyp = 1678 / 6641
	cut = 7860
3389895 [0, 1791]: LP
	bnd = 1799.704712
	its = 8
	hyp = 1732 / 6649
	cut = 7887
3408275 [0, 1791]: LP
	bnd = 1799.704468
	its = 3
	hyp = 1727 / 6651
	cut = 7913
3432157 [0, 1791]: LP
	bnd = 1799.704468
	its = 4
	hyp = 1781 / 6655
	cut = 7939
3463593 [0, 1791]: LP
	bnd = 1799.704224
	its = 8
	hyp = 1783 / 6666
	cut = 7965
3482594 [0, 1791]: LP
	bnd = 1799.704224
	its = 4
	hyp = 1808 / 6671
	cut = 7992
3517247 [0, 1791]: LP
	bnd = 1799.703857
	its = 7
	hyp = 1723 / 6679
	cut = 8019
3552549 [0, 1791]: LP
	bnd = 1799.703735
	its = 7
	hyp = 1730 / 6685
	cut = 8046
3579335 [0, 1791]: LP
	bnd = 1799.703613
	its = 6
	hyp = 1729 / 6695
	cut = 8073
3604923 [0, 1791]: LP
	bnd = 1799.703613
	its = 6
	hyp = 1734 / 6700
	cut = 8100
3627459 [0, 1791]: LP
	bnd = 1799.703125
	its = 3
	hyp = 1723 / 6703
	cut = 8127
3654169 [0, 1791]: LP
	bnd = 1799.703125
	its = 6
	hyp = 1744 / 6709
	cut = 8154
3676942 [0, 1791]: LP
	bnd = 1799.702881
	its = 4
	hyp = 1805 / 6713
	cut = 8181
3708848 [0, 1791]: LP
	bnd = 1799.702881
	its = 4
	hyp = 1737 / 6716
	cut = 8208
3727009 [0, 1791]: LP
	bnd = 1799.702637
	its = 2
	hyp = 1691 / 6717
	cut = 8235
3755611 [0, 1791]: LP
	bnd = 1799.702637
	its = 5
	hyp = 1802 / 6722
	cut = 8262
3778222 [0, 1791]: LP
	bnd = 1799.702515
	its = 3
	hyp = 1757 / 6725
	cut = 8289
3795607 [0, 1791]: LP
	bnd = 1799.702393
	its = 3
	hyp = 1785 / 6727
	cut = 8316
3824730 [0, 1791]: LP
	bnd = 1799.702271
	its = 6
	hyp = 1822 / 6732
	cut = 8342
3839240 [0, 1791]: LP
	bnd = 1799.702271
	its = 2
	hyp = 1742 / 6733
	cut = 8368
3867272 [0, 1791]: LP
	bnd = 1799.702271
	its = 4
	hyp = 1766 / 6739
	cut = 8394
3887706 [0, 1791]: LP
	bnd = 1799.702148
	its = 3
	hyp = 1790 / 6741
	cut = 8420
3935244 [0, 1791]: LP
	bnd = 1799.701904
	its = 9
	hyp = 1795 / 6754
	cut = 8446
3956838 [0, 1791]: LP
	bnd = 1799.701904
	its = 2
	hyp = 1783 / 6755
	cut = 8472
3981425 [0, 1791]: LP
	bnd = 1799.701782
	its = 4
	hyp = 1798 / 6758
	cut = 8498
4005483 [0, 1791]: LP
	bnd = 1799.701904
	its = 5
	hyp = 1817 / 6762
	cut = 8524
4036533 [0, 1791]: LP
	bnd = 1799.701660
	its = 6
	hyp = 1812 / 6769
	cut = 8550
4059594 [0, 1791]: LP
	bnd = 1799.701416
	its = 3
	hyp = 1744 / 6771
	cut = 8576
4078795 [0, 1791]: LP
	bnd = 1799.701294
	its = 2
	hyp = 1782 / 6772
	cut = 8602
4108657 [0, 1791]: LP
	bnd = 1799.701172
	its = 4
	hyp = 1782 / 6775
	cut = 8628
4150790 [0, 1791]: LP
	bnd = 1799.701172
	its = 8
	hyp = 1762 / 6783
	cut = 8654
4180875 [0, 1791]: LP
	bnd = 1799.701538
	its = 4
	hyp = 1795 / 6786
	cut = 8680
4211193 [0, 1791]: LP
	bnd = 1799.701172
	its = 4
	hyp = 1783 / 6789
	cut = 8706
4243326 [0, 1791]: LP
	bnd = 1799.701172
	its = 4
	hyp = 1752 / 6793
	cut = 8732
4274278 [0, 1791]: LP
	bnd = 1799.701050
	its = 5
	hyp = 1777 / 6797
	cut = 8758
4319549 [0, 1791]: LP
	bnd = 1799.701050
	its = 6
	hyp = 1757 / 6802
	cut = 8784
4342461 [0, 1791]: LP
	bnd = 1799.700928
	its = 4
	hyp = 1760 / 6805
	cut = 8810
4364737 [0, 1791]: LP
	bnd = 1799.700928
	its = 2
	hyp = 1773 / 6806
	cut = 8836
4409568 [0, 1791]: LP
	bnd = 1799.700806
	its = 6
	hyp = 1806 / 6812
	cut = 8863
4443754 [0, 1791]: LP
	bnd = 1799.700684
	its = 4
	hyp = 1810 / 6816
	cut = 8889
4483398 [0, 1791]: LP
	bnd = 1799.700562
	its = 7
	hyp = 1848 / 6823
	cut = 8914
4516180 [0, 1791]: LP
	bnd = 1799.700439
	its = 4
	hyp = 1817 / 6827
	cut = 8939
4561292 [0, 1791]: LP
	bnd = 1799.700562
	its = 8
	hyp = 1814 / 6834
	cut = 8964
4587477 [0, 1791]: LP
	bnd = 1799.700562
	its = 3
	hyp = 1818 / 6837
	cut = 8990
4609932 [0, 1791]: LP
	bnd = 1799.700562
	its = 3
	hyp = 1801 / 6839
	cut = 9016
4652816 [0, 1791]: LP
	bnd = 1799.700439
	its = 5
	hyp = 1803 / 6844
	cut = 9042
4678099 [0, 1791]: LP
	bnd = 1799.700439
	its = 2
	hyp = 1777 / 6845
	cut = 9068
4698812 [0, 1791]: LP
	bnd = 1799.700439
	its = 2
	hyp = 1816 / 6847
	cut = 9094
4762492 [0, 1791]: LP
	bnd = 1799.700195
	its = 10
	hyp = 1857 / 6859
	cut = 9121
4792716 [0, 1791]: LP
	bnd = 1799.700195
	its = 4
	hyp = 1797 / 6862
	cut = 9147
4823939 [0, 1791]: LP
	bnd = 1799.700195
	its = 5
	hyp = 1839 / 6867
	cut = 9173
4848882 [0, 1791]: LP
	bnd = 1799.700195
	its = 3
	hyp = 1853 / 6870
	cut = 9199
4902433 [0, 1791]: LP
	bnd = 1799.699951
	its = 9
	hyp = 1855 / 6878
	cut = 9225
4932116 [0, 1791]: LP
	bnd = 1799.699951
	its = 4
	hyp = 1874 / 6881
	cut = 9251
4977188 [0, 1791]: LP
	bnd = 1799.699951
	its = 6
	hyp = 1867 / 6888
	cut = 9277
5012293 [0, 1791]: LP
	bnd = 1799.699951
	its = 5
	hyp = 1821 / 6892
	cut = 9303
5046964 [0, 1791]: LP
	bnd = 1799.699951
	its = 6
	hyp = 1886 / 6898
	cut = 9329
5081774 [0, 1791]: LP
	bnd = 1799.699951
	its = 4
	hyp = 1873 / 6901
	cut = 9355
5126012 [0, 1791]: LP
	bnd = 1799.700073
	its = 7
	hyp = 1879 / 6907
	cut = 9382
5162044 [0, 1791]: LP
	bnd = 1799.700073
	its = 3
	hyp = 1847 / 6910
	cut = 9409
5190100 [0, 1791]: LP
	bnd = 1799.699707
	its = 3
	hyp = 1882 / 6912
	cut = 9436
5232056 [0, 1791]: LP
	bnd = 1799.699707
	its = 7
	hyp = 1916 / 6919
	cut = 9463
5353950 [0, 1791]: LP
	bnd = 1799.699707
	its = 6
	hyp = 1890 / 6924
	cut = 9489
5420183 [0, 1791]: LP
	bnd = 1799.699707
	its = 4
	hyp = 1852 / 6927
	cut = 9515
5476850 [0, 1791]: LP
	bnd = 1799.699585
	its = 6
	hyp = 1872 / 6932
	cut = 9541
5547505 [0, 1791]: LP
	bnd = 1799.699707
	its = 5
	hyp = 1892 / 6936
	cut = 9567
5588901 [0, 1791]: LP
	bnd = 1799.699463
	its = 4
	hyp = 1857 / 6939
	cut = 9593
5694189 [0, 1791]: LP
	bnd = 1799.699585
	its = 3
	hyp = 1851 / 6941
	cut = 9619
5738637 [0, 1791]: LP
	bnd = 1799.699463
	its = 4
	hyp = 1882 / 6944
	cut = 9644
5816694 [0, 1791]: LP
	bnd = 1799.699585
	its = 3
	hyp = 1888 / 6946
	cut = 9669
5854138 [0, 1791]: LP
	bnd = 1799.700073
	its = 3
	hyp = 1874 / 6948
	cut = 9694
5884710 [0, 1791]: LP
	bnd = 1799.699585
	its = 2
	hyp = 1936 / 6949
	cut = 9719
6021472 [0, 1791]: LP
	bnd = 1799.699463
	its = 6
	hyp = 1890 / 6954
	cut = 9744
6055779 [0, 1791]: LP
	bnd = 1799.699463
	its = 2
	hyp = 1849 / 6956
	cut = 9769
6156161 [0, 1791]: LP
	bnd = 1799.699585
	its = 5
	hyp = 1874 / 6961
	cut = 9794
6242847 [0, 1791]: LP
	bnd = 1799.699463
	its = 4
	hyp = 1856 / 6965
	cut = 9819
6276260 [0, 1791]: LP
	bnd = 1799.699463
	its = 2
	hyp = 1876 / 6966
	cut = 9844
6366901 [0, 1791]: LP
	bnd = 1799.699463
	its = 6
	hyp = 1881 / 6971
	cut = 9870
6416955 [0, 1791]: LP
	bnd = 1799.699463
	its = 4
	hyp = 1876 / 6974
	cut = 9896
6530777 [0, 1791]: LP
	bnd = 1799.699463
	its = 7
	hyp = 1862 / 6985
	cut = 9922
6612947 [0, 1791]: LP
	bnd = 1799.699829
	its = 6
	hyp = 1914 / 6991
	cut = 9947
6689480 [0, 1791]: LP
	bnd = 1799.699341
	its = 6
	hyp = 1904 / 6996
	cut = 9972
6730951 [0, 1791]: LP
	bnd = 1799.699463
	its = 2
	hyp = 1931 / 6997
	cut = 9997
6916484 [0, 1791]: LP
	bnd = 1799.699585
	its = 5
	hyp = 1895 / 7003
	cut = 10023
7175749 [0, 1791]: LP
	bnd = 1799.699341
	its = 5
	hyp = 1920 / 7007
	cut = 10049
