hypergraph with 3531 vertices and 103854 hyperarcs generated in 45
277 [0, 3600]: LP
	bnd = 3600.000000
	its = 33
	hyp = 278 / 415
	cut = 0
490 [0, 3600]: LP
	bnd = 3600.000000
	its = 11
	hyp = 271 / 683
	cut = 49
657 [0, 3600]: LP
	bnd = 3600.000000
	its = 6
	hyp = 307 / 814
	cut = 98
744 [0, 3600]: HEURISTIC 3
842 [0, 3600]: LP
	bnd = 3600.000000
	its = 6
	hyp = 323 / 926
	cut = 147
1014 [0, 3600]: LP
	bnd = 3600.000000
	its = 4
	hyp = 362 / 982
	cut = 196
1162 [0, 3600]: LP
	bnd = 3600.000000
	its = 2
	hyp = 314 / 1007
	cut = 245
1374 [0, 3600]: LP
	bnd = 3600.000000
	its = 3
	hyp = 370 / 1056
	cut = 294
1630 [0, 3600]: LP
	bnd = 3600.000000
	its = 4
	hyp = 375 / 1109
	cut = 341
1874 [0, 3600]: LP
	bnd = 3600.000000
	its = 3
	hyp = 394 / 1154
	cut = 386
2106 [0, 3600]: LP
	bnd = 3600.000000
	its = 3
	hyp = 404 / 1180
	cut = 431
2184 [0, 3600]: HEURISTIC 9
2400 [0, 3600]: LP
	bnd = 3600.000000
	its = 4
	hyp = 399 / 1254
	cut = 478
2640 [0, 3600]: LP
	bnd = 3600.000000
	its = 2
	hyp = 428 / 1276
	cut = 525
2885 [0, 3600]: LP
	bnd = 3600.000000
	its = 3
	hyp = 408 / 1316
	cut = 572
3358 [0, 3600]: LP
	bnd = 3600.000000
	its = 4
	hyp = 451 / 1391
	cut = 619
3621 [0, 3600]: LP
	bnd = 3600.000000
	its = 2
	hyp = 455 / 1414
	cut = 666
3914 [0, 3600]: LP
	bnd = 3600.000000
	its = 2
	hyp = 463 / 1437
	cut = 713
4195 [0, 3600]: LP
	bnd = 3600.000000
	its = 2
	hyp = 436 / 1456
	cut = 760
4511 [0, 3600]: LP
	bnd = 3600.000000
	its = 2
	hyp = 507 / 1480
	cut = 807
4778 [0, 3600]: LP
	bnd = 3600.000000
	its = 1
	hyp = 339 / 1480
	cut = 851
5025 [0, 3600]: LP
	bnd = 3600.000000
	its = 1
	hyp = 434 / 1480
	cut = 895
5485 [0, 3600]: LP
	bnd = 3600.000000
	its = 3
	hyp = 471 / 1530
	cut = 939
5987 [0, 3600]: LP
	bnd = 3600.000000
	its = 2
	hyp = 490 / 1558
	cut = 986
6380 [0, 3600]: LP
	bnd = 3600.000000
	its = 2
	hyp = 524 / 1596
	cut = 1030
6662 [0, 3600]: LP
	bnd = 3600.000000
	its = 1
	hyp = 436 / 1596
	cut = 1075
6889 [0, 3600]: LP
	bnd = 3600.000000
	its = 1
	hyp = 394 / 1596
	cut = 1120
7234 [0, 3600]: LP
	bnd = 3600.000000
	its = 1
	hyp = 444 / 1596
	cut = 1165
7630 [0, 3600]: LP
	bnd = 3600.000000
	its = 2
	hyp = 543 / 1627
	cut = 1209
7916 [0, 3600]: LP
	bnd = 3600.000000
	its = 1
	hyp = 407 / 1627
	cut = 1253
8142 [0, 3600]: HEURISTIC 27
8399 [0, 3600]: LP
	bnd = 3600.000000
	its = 2
	hyp = 572 / 1662
	cut = 1297
8696 [0, 3600]: LP
	bnd = 3600.000000
	its = 1
	hyp = 448 / 1662
	cut = 1341
8989 [0, 3600]: LP
	bnd = 3600.000000
	its = 1
	hyp = 482 / 1662
	cut = 1385
9280 [0, 3600]: LP
	bnd = 3600.000000
	its = 1
	hyp = 492 / 1662
	cut = 1429
9594 [0, 3600]: LP
	bnd = 3600.000000
	its = 1
	hyp = 536 / 1662
	cut = 1473
9958 [0, 3600]: LP
	bnd = 3600.000000
	its = 2
	hyp = 533 / 1704
	cut = 1517
10507 [0, 3600]: LP
	bnd = 3600.000000
	its = 1
	hyp = 526 / 1704
	cut = 1561
10837 [0, 3600]: LP
	bnd = 3600.000000
	its = 1
	hyp = 519 / 1704
	cut = 1605
11418 [0, 3600]: LP
	bnd = 3600.000000
	its = 1
	hyp = 563 / 1704
	cut = 1649
12151 [0, 3600]: LP
	bnd = 3600.000000
	its = 3
	hyp = 622 / 1748
	cut = 1693
12810 [0, 3600]: LP
	bnd = 3600.000000
	its = 1
	hyp = 587 / 1748
	cut = 1740
13250 [0, 3600]: LP
	bnd = 3600.000000
	its = 1
	hyp = 414 / 1748
	cut = 1787
13978 [0, 3600]: LP
	bnd = 3600.000000
	its = 2
	hyp = 585 / 1785
	cut = 1832
14324 [0, 3600]: LP
	bnd = 3600.000000
	its = 1
	hyp = 424 / 1785
	cut = 1876
15184 [0, 3600]: LP
	bnd = 3600.000000
	its = 2
	hyp = 665 / 1817
	cut = 1920
15727 [0, 3600]: LP
	bnd = 3600.000000
	its = 1
	hyp = 556 / 1817
	cut = 1964
16398 [0, 3600]: LP
	bnd = 3600.000000
	its = 2
	hyp = 610 / 1842
	cut = 2008
17017 [0, 3600]: LP
	bnd = 3600.000000
	its = 2
	hyp = 667 / 1868
	cut = 2052
17532 [0, 3600]: LP
	bnd = 3600.000000
	its = 1
	hyp = 600 / 1868
	cut = 2094
18298 [0, 3600]: LP
	bnd = 3600.000000
	its = 2
	hyp = 695 / 1890
	cut = 2136
18756 [0, 3600]: LP
	bnd = 3600.000000
	its = 1
	hyp = 608 / 1890
	cut = 2178
19123 [0, 3600]: LP
	bnd = 3600.000000
	its = 1
	hyp = 569 / 1890
	cut = 2220
19560 [0, 3600]: LP
	bnd = 3600.000000
	its = 1
	hyp = 554 / 1890
	cut = 2261
19940 [0, 3600]: LP
	bnd = 3600.000000
	its = 1
	hyp = 564 / 1890
	cut = 2302
20344 [0, 3600]: LP
	bnd = 3600.000000
	its = 1
	hyp = 582 / 1890
	cut = 2342
20689 [0, 3600]: LP
	bnd = 3600.000000
	its = 1
	hyp = 556 / 1890
	cut = 2386
21101 [0, 3600]: LP
	bnd = 3600.000000
	its = 1
	hyp = 602 / 1890
	cut = 2430
21530 [0, 3600]: LP
	bnd = 3600.000000
	its = 1
	hyp = 578 / 1890
	cut = 2474
21909 [0, 3600]: LP
	bnd = 3600.000000
	its = 1
	hyp = 472 / 1890
	cut = 2518
22305 [0, 3600]: LP
	bnd = 3600.000000
	its = 1
	hyp = 555 / 1890
	cut = 2562
22672 [0, 3600]: LP
	bnd = 3600.000000
	its = 1
	hyp = 552 / 1890
	cut = 2607
23024 [0, 3600]: LP
	bnd = 3600.000000
	its = 1
	hyp = 487 / 1890
	cut = 2652
23325 [0, 3600]: LP
	bnd = 3600.000000
	its = 1
	hyp = 415 / 1890
	cut = 2697
23674 [0, 3600]: LP
	bnd = 3600.000000
	its = 1
	hyp = 517 / 1890
	cut = 2741
24003 [0, 3600]: LP
	bnd = 3600.000000
	its = 1
	hyp = 476 / 1890
	cut = 2785
24314 [0, 3600]: LP
	bnd = 3600.000000
	its = 1
	hyp = 412 / 1890
	cut = 2829
24581 [0, 3600]: LP
	bnd = 3600.000000
	its = 1
	hyp = 397 / 1890
	cut = 2873
24849 [0, 3600]: LP
	bnd = 3600.000000
	its = 1
	hyp = 397 / 1890
	cut = 2917
25078 [0, 3600]: LP
	bnd = 3600.000000
	its = 1
	hyp = 410 / 1890
	cut = 2961
25305 [0, 3600]: LP
	bnd = 3600.000000
	its = 1
	hyp = 390 / 1890
	cut = 3007
25546 [0, 3600]: LP
	bnd = 3600.000000
	its = 1
	hyp = 383 / 1890
	cut = 3053
25763 [0, 3600]: LP
	bnd = 3600.000000
	its = 1
	hyp = 383 / 1890
	cut = 3099
25981 [0, 3600]: LP
	bnd = 3600.000000
	its = 1
	hyp = 385 / 1890
	cut = 3147
26208 [0, 3600]: LP
	bnd = 3600.000000
	its = 1
	hyp = 380 / 1890
	cut = 3196
26424 [0, 3600]: LP
	bnd = 3600.000000
	its = 1
	hyp = 381 / 1890
	cut = 3245
26626 [0, 3600]: LP
	bnd = 3600.000000
	its = 1
	hyp = 381 / 1890
	cut = 3294
26828 [0, 3600]: LP
	bnd = 3600.000000
	its = 1
	hyp = 381 / 1890
	cut = 3343
27030 [0, 3600]: LP
	bnd = 3600.000000
	its = 1
	hyp = 381 / 1890
	cut = 3392
27236 [0, 3600]: LP
	bnd = 3600.000000
	its = 1
	hyp = 381 / 1890
	cut = 3441
27442 [0, 3600]: LP
	bnd = 3600.000000
	its = 1
	hyp = 381 / 1890
	cut = 3490
27667 [0, 3600]: LP
	bnd = 3600.000000
	its = 1
	hyp = 381 / 1890
	cut = 3539
27902 [0, 3600]: LP
	bnd = 3600.000000
	its = 1
	hyp = 384 / 1890
	cut = 3588
28128 [0, 3600]: LP
	bnd = 3600.000000
	its = 1
	hyp = 383 / 1890
	cut = 3637
28340 [0, 3600]: LP
	bnd = 3600.000000
	its = 1
	hyp = 383 / 1890
	cut = 3686
28551 [0, 3600]: LP
	bnd = 3600.000000
	its = 1
	hyp = 383 / 1890
	cut = 3735
28760 [0, 3600]: LP
	bnd = 3600.000000
	its = 1
	hyp = 383 / 1890
	cut = 3784
28970 [0, 3600]: LP
	bnd = 3600.000000
	its = 1
	hyp = 383 / 1890
	cut = 3833
29179 [0, 3600]: LP
	bnd = 3600.000000
	its = 1
	hyp = 383 / 1890
	cut = 3882
29389 [0, 3600]: LP
	bnd = 3600.000000
	its = 1
	hyp = 383 / 1890
	cut = 3931
29597 [0, 3600]: LP
	bnd = 3600.000000
	its = 1
	hyp = 383 / 1890
	cut = 3977
29804 [0, 3600]: LP
	bnd = 3600.000000
	its = 1
	hyp = 383 / 1890
	cut = 4022
30013 [0, 3600]: LP
	bnd = 3600.000000
	its = 1
	hyp = 383 / 1890
	cut = 4067
30220 [0, 3600]: LP
	bnd = 3600.000000
	its = 1
	hyp = 383 / 1890
	cut = 4112
30426 [0, 3600]: LP
	bnd = 3600.000000
	its = 1
	hyp = 383 / 1890
	cut = 4156
30631 [0, 3600]: LP
	bnd = 3600.000000
	its = 1
	hyp = 383 / 1890
	cut = 4204
30836 [0, 3600]: LP
	bnd = 3600.000000
	its = 1
	hyp = 383 / 1890
	cut = 4250
31040 [0, 3600]: LP
	bnd = 3600.000000
	its = 1
	hyp = 383 / 1890
	cut = 4296
31244 [0, 3600]: LP
	bnd = 3600.000000
	its = 1
	hyp = 383 / 1890
	cut = 4342
31448 [0, 3600]: LP
	bnd = 3600.000000
	its = 1
	hyp = 383 / 1890
	cut = 4388
31651 [0, 3600]: LP
	bnd = 3600.000000
	its = 1
	hyp = 383 / 1890
	cut = 4436
31852 [0, 3600]: LP
	bnd = 3600.000000
	its = 1
	hyp = 383 / 1890
	cut = 4484
32059 [0, 3600]: LP
	bnd = 3600.000000
	its = 1
	hyp = 383 / 1890
	cut = 4532
32262 [0, 3600]: LP
	bnd = 3600.000000
	its = 1
	hyp = 383 / 1890
	cut = 4580
32465 [0, 3600]: LP
	bnd = 3600.000000
	its = 1
	hyp = 383 / 1890
	cut = 4627
32667 [0, 3600]: LP
	bnd = 3600.000000
	its = 1
	hyp = 383 / 1890
	cut = 4673
32867 [0, 3600]: LP
	bnd = 3600.000000
	its = 1
	hyp = 383 / 1890
	cut = 4721
33065 [0, 3600]: LP
	bnd = 3600.000000
	its = 1
	hyp = 383 / 1890
	cut = 4770
33264 [0, 3600]: LP
	bnd = 3600.000000
	its = 1
	hyp = 383 / 1890
	cut = 4819
33461 [0, 3600]: LP
	bnd = 3600.000000
	its = 1
	hyp = 383 / 1890
	cut = 4868
33658 [0, 3600]: LP
	bnd = 3600.000000
	its = 1
	hyp = 383 / 1890
	cut = 4917
33854 [0, 3600]: LP
	bnd = 3600.000000
	its = 1
	hyp = 383 / 1890
	cut = 4966
34049 [0, 3600]: LP
	bnd = 3600.000000
	its = 1
	hyp = 383 / 1890
	cut = 5015
34242 [0, 3600]: LP
	bnd = 3600.000000
	its = 1
	hyp = 383 / 1890
	cut = 5064
34431 [0, 3600]: LP
	bnd = 3600.000000
	its = 1
	hyp = 383 / 1890
	cut = 5113
34618 [0, 3600]: LP
	bnd = 3600.000000
	its = 1
	hyp = 383 / 1890
	cut = 5162
34803 [0, 3600]: LP
	bnd = 3600.000000
	its = 1
	hyp = 383 / 1890
	cut = 5211
34987 [0, 3600]: LP
	bnd = 3600.000000
	its = 1
	hyp = 383 / 1890
	cut = 5260
35169 [0, 3600]: LP
	bnd = 3600.000000
	its = 1
	hyp = 383 / 1890
	cut = 5309
35348 [0, 3600]: LP
	bnd = 3600.000000
	its = 1
	hyp = 383 / 1890
	cut = 5358
35527 [0, 3600]: LP
	bnd = 3600.000000
	its = 1
	hyp = 383 / 1890
	cut = 5407
35706 [0, 3600]: LP
	bnd = 3600.000000
	its = 1
	hyp = 383 / 1890
	cut = 5456
35882 [0, 3600]: LP
	bnd = 3600.000000
	its = 1
	hyp = 383 / 1890
	cut = 5505
36057 [0, 3600]: LP
	bnd = 3600.000000
	its = 1
	hyp = 383 / 1890
	cut = 5554
36230 [0, 3600]: LP
	bnd = 3600.000000
	its = 1
	hyp = 383 / 1890
	cut = 5603
36399 [0, 3600]: LP
	bnd = 3600.000000
	its = 1
	hyp = 383 / 1890
	cut = 5652
36566 [0, 3600]: LP
	bnd = 3600.000000
	its = 1
	hyp = 383 / 1890
	cut = 5701
36732 [0, 3600]: LP
	bnd = 3600.000000
	its = 1
	hyp = 383 / 1890
	cut = 5750
36898 [0, 3600]: LP
	bnd = 3600.000000
	its = 1
	hyp = 383 / 1890
	cut = 5799
37063 [0, 3600]: LP
	bnd = 3600.000000
	its = 1
	hyp = 383 / 1890
	cut = 5848
37228 [0, 3600]: LP
	bnd = 3600.000000
	its = 1
	hyp = 383 / 1890
	cut = 5897
37392 [0, 3600]: LP
	bnd = 3600.000000
	its = 1
	hyp = 383 / 1890
	cut = 5946
37554 [0, 3600]: LP
	bnd = 3600.000000
	its = 1
	hyp = 383 / 1890
	cut = 5995
37715 [0, 3600]: LP
	bnd = 3600.000000
	its = 1
	hyp = 383 / 1890
	cut = 6044
37876 [0, 3600]: LP
	bnd = 3600.000000
	its = 1
	hyp = 383 / 1890
	cut = 6093
38036 [0, 3600]: LP
	bnd = 3600.000000
	its = 1
	hyp = 383 / 1890
	cut = 6142
38199 [0, 3600]: LP
	bnd = 3600.000000
	its = 1
	hyp = 383 / 1890
	cut = 6191
38360 [0, 3600]: LP
	bnd = 3600.000000
	its = 1
	hyp = 383 / 1890
	cut = 6240
38520 [0, 3600]: LP
	bnd = 3600.000000
	its = 1
	hyp = 383 / 1890
	cut = 6289
38682 [0, 3600]: LP
	bnd = 3600.000000
	its = 1
	hyp = 383 / 1890
	cut = 6338
38696 [0, 3600]: HEURISTIC 81
38843 [0, 3600]: LP
	bnd = 3600.000000
	its = 1
	hyp = 383 / 1890
	cut = 6378
39001 [0, 3600]: LP
	bnd = 3600.000000
	its = 1
	hyp = 383 / 1890
	cut = 6408
39157 [0, 3600]: LP
	bnd = 3600.000000
	its = 1
	hyp = 383 / 1890
	cut = 6432
39313 [0, 3600]: LP
	bnd = 3600.000000
	its = 1
	hyp = 383 / 1890
	cut = 6450
39471 [0, 3600]: LP
	bnd = 3600.000000
	its = 1
	hyp = 383 / 1890
	cut = 6465
39626 [0, 3600]: LP
	bnd = 3600.000000
	its = 1
	hyp = 383 / 1890
	cut = 6472
39782 [0, 3600]: LP
	bnd = 3600.000000
	its = 1
	hyp = 383 / 1890
	cut = 6482
39936 [0, 3600]: LP
	bnd = 3600.000000
	its = 1
	hyp = 383 / 1890
	cut = 6486
40062 [0, 3600]: LP STOP
211783 [0, 3600]: HEURISTIC 243
1052508 [0, 3600]: HEURISTIC 729
5504832 [0, 3600]: HEURISTIC 2187
