hypergraph with 3590 vertices and 108041 hyperarcs generated in 51
288 [0, 3600]: LP
	bnd = 3600.000000
	its = 34
	hyp = 278 / 535
	cut = 0
567 [0, 3600]: LP
	bnd = 3600.000000
	its = 13
	hyp = 314 / 936
	cut = 49
785 [0, 3600]: LP
	bnd = 3600.000000
	its = 5
	hyp = 393 / 1038
	cut = 98
856 [0, 3600]: HEURISTIC 3
1000 [0, 3600]: LP
	bnd = 3600.000000
	its = 4
	hyp = 350 / 1115
	cut = 145
1196 [0, 3600]: LP
	bnd = 3600.000000
	its = 3
	hyp = 441 / 1218
	cut = 194
1438 [0, 3600]: LP
	bnd = 3600.000000
	its = 3
	hyp = 463 / 1301
	cut = 243
1706 [0, 3600]: LP
	bnd = 3600.000000
	its = 3
	hyp = 406 / 1354
	cut = 290
1969 [0, 3600]: LP
	bnd = 3600.000000
	its = 2
	hyp = 353 / 1408
	cut = 335
2204 [0, 3600]: LP
	bnd = 3600.000000
	its = 2
	hyp = 448 / 1446
	cut = 375
2396 [0, 3600]: LP
	bnd = 3600.000000
	its = 1
	hyp = 400 / 1446
	cut = 413
2637 [0, 3600]: LP
	bnd = 3600.000000
	its = 2
	hyp = 410 / 1477
	cut = 451
2658 [0, 3600]: HEURISTIC 9
2884 [0, 3600]: LP
	bnd = 3600.000000
	its = 2
	hyp = 402 / 1498
	cut = 491
3164 [0, 3600]: LP
	bnd = 3600.000000
	its = 2
	hyp = 456 / 1522
	cut = 531
3440 [0, 3600]: LP
	bnd = 3600.000000
	its = 2
	hyp = 479 / 1547
	cut = 571
3728 [0, 3600]: LP
	bnd = 3600.000000
	its = 2
	hyp = 448 / 1582
	cut = 611
4055 [0, 3600]: LP
	bnd = 3600.000000
	its = 2
	hyp = 465 / 1613
	cut = 650
4316 [0, 3600]: LP
	bnd = 3600.000000
	its = 1
	hyp = 464 / 1613
	cut = 689
4672 [0, 3600]: LP
	bnd = 3600.000000
	its = 2
	hyp = 471 / 1655
	cut = 726
5009 [0, 3600]: LP
	bnd = 3600.000000
	its = 2
	hyp = 482 / 1691
	cut = 763
5294 [0, 3600]: LP
	bnd = 3600.000000
	its = 1
	hyp = 451 / 1691
	cut = 802
5848 [0, 3600]: LP
	bnd = 3600.000000
	its = 2
	hyp = 524 / 1721
	cut = 841
6247 [0, 3600]: LP
	bnd = 3600.000000
	its = 2
	hyp = 537 / 1774
	cut = 881
6547 [0, 3600]: LP
	bnd = 3600.000000
	its = 1
	hyp = 453 / 1774
	cut = 919
6962 [0, 3600]: LP
	bnd = 3600.000000
	its = 2
	hyp = 548 / 1804
	cut = 959
7323 [0, 3600]: LP
	bnd = 3600.000000
	its = 1
	hyp = 489 / 1804
	cut = 999
7751 [0, 3600]: LP
	bnd = 3600.000000
	its = 2
	hyp = 573 / 1850
	cut = 1039
8044 [0, 3600]: LP
	bnd = 3600.000000
	its = 1
	hyp = 481 / 1850
	cut = 1078
8527 [0, 3600]: LP
	bnd = 3600.000000
	its = 3
	hyp = 529 / 1900
	cut = 1116
8989 [0, 3600]: LP
	bnd = 3600.000000
	its = 1
	hyp = 470 / 1900
	cut = 1154
9441 [0, 3600]: LP
	bnd = 3600.000000
	its = 1
	hyp = 472 / 1900
	cut = 1190
9809 [0, 3600]: HEURISTIC 27
9964 [0, 3600]: LP
	bnd = 3600.000000
	its = 2
	hyp = 598 / 1913
	cut = 1226
10286 [0, 3600]: LP
	bnd = 3600.000000
	its = 1
	hyp = 453 / 1913
	cut = 1262
10660 [0, 3600]: LP
	bnd = 3600.000000
	its = 1
	hyp = 445 / 1913
	cut = 1299
11133 [0, 3600]: LP
	bnd = 3600.000000
	its = 3
	hyp = 582 / 1973
	cut = 1337
11576 [0, 3600]: LP
	bnd = 3600.000000
	its = 1
	hyp = 473 / 1973
	cut = 1375
12063 [0, 3600]: LP
	bnd = 3600.000000
	its = 1
	hyp = 424 / 1973
	cut = 1413
12347 [0, 3600]: LP
	bnd = 3600.000000
	its = 1
	hyp = 466 / 1973
	cut = 1449
12716 [0, 3600]: LP
	bnd = 3600.000000
	its = 1
	hyp = 469 / 1973
	cut = 1486
13131 [0, 3600]: LP
	bnd = 3600.000000
	its = 1
	hyp = 434 / 1973
	cut = 1524
13507 [0, 3600]: LP
	bnd = 3600.000000
	its = 1
	hyp = 425 / 1973
	cut = 1562
13851 [0, 3600]: LP
	bnd = 3600.000000
	its = 1
	hyp = 481 / 1973
	cut = 1598
14334 [0, 3600]: LP
	bnd = 3600.000000
	its = 2
	hyp = 555 / 2029
	cut = 1634
14619 [0, 3600]: LP
	bnd = 3600.000000
	its = 1
	hyp = 435 / 2029
	cut = 1669
14908 [0, 3600]: LP
	bnd = 3600.000000
	its = 1
	hyp = 480 / 2029
	cut = 1704
15208 [0, 3600]: LP
	bnd = 3600.000000
	its = 1
	hyp = 463 / 2029
	cut = 1739
15598 [0, 3600]: LP
	bnd = 3600.000000
	its = 1
	hyp = 478 / 2029
	cut = 1774
15955 [0, 3600]: LP
	bnd = 3600.000000
	its = 1
	hyp = 452 / 2029
	cut = 1809
16219 [0, 3600]: LP
	bnd = 3600.000000
	its = 1
	hyp = 366 / 2029
	cut = 1844
16520 [0, 3600]: LP
	bnd = 3600.000000
	its = 1
	hyp = 446 / 2029
	cut = 1878
16902 [0, 3600]: LP
	bnd = 3600.000000
	its = 1
	hyp = 421 / 2029
	cut = 1912
17219 [0, 3600]: LP
	bnd = 3600.000000
	its = 1
	hyp = 478 / 2029
	cut = 1946
17520 [0, 3600]: LP
	bnd = 3600.000000
	its = 1
	hyp = 379 / 2029
	cut = 1982
17864 [0, 3600]: LP
	bnd = 3600.000000
	its = 1
	hyp = 452 / 2029
	cut = 2018
18117 [0, 3600]: LP
	bnd = 3600.000000
	its = 1
	hyp = 447 / 2029
	cut = 2054
18418 [0, 3600]: LP
	bnd = 3600.000000
	its = 1
	hyp = 404 / 2029
	cut = 2090
18703 [0, 3600]: LP
	bnd = 3600.000000
	its = 1
	hyp = 403 / 2029
	cut = 2126
18976 [0, 3600]: LP
	bnd = 3600.000000
	its = 1
	hyp = 379 / 2029
	cut = 2162
19198 [0, 3600]: LP
	bnd = 3600.000000
	its = 1
	hyp = 379 / 2029
	cut = 2198
19431 [0, 3600]: LP
	bnd = 3600.000000
	its = 1
	hyp = 380 / 2029
	cut = 2234
19644 [0, 3600]: LP
	bnd = 3600.000000
	its = 1
	hyp = 380 / 2029
	cut = 2270
19880 [0, 3600]: LP
	bnd = 3600.000000
	its = 1
	hyp = 380 / 2029
	cut = 2306
20119 [0, 3600]: LP
	bnd = 3600.000000
	its = 1
	hyp = 378 / 2029
	cut = 2342
20350 [0, 3600]: LP
	bnd = 3600.000000
	its = 1
	hyp = 385 / 2029
	cut = 2378
20580 [0, 3600]: LP
	bnd = 3600.000000
	its = 1
	hyp = 385 / 2029
	cut = 2414
20798 [0, 3600]: LP
	bnd = 3600.000000
	its = 1
	hyp = 385 / 2029
	cut = 2450
21032 [0, 3600]: LP
	bnd = 3600.000000
	its = 1
	hyp = 375 / 2029
	cut = 2486
21252 [0, 3600]: LP
	bnd = 3600.000000
	its = 1
	hyp = 375 / 2029
	cut = 2522
21465 [0, 3600]: LP
	bnd = 3600.000000
	its = 1
	hyp = 375 / 2029
	cut = 2558
21701 [0, 3600]: LP
	bnd = 3600.000000
	its = 1
	hyp = 373 / 2029
	cut = 2594
21927 [0, 3600]: LP
	bnd = 3600.000000
	its = 1
	hyp = 373 / 2029
	cut = 2630
22152 [0, 3600]: LP
	bnd = 3600.000000
	its = 1
	hyp = 373 / 2029
	cut = 2666
22374 [0, 3600]: LP
	bnd = 3600.000000
	its = 1
	hyp = 373 / 2029
	cut = 2702
22597 [0, 3600]: LP
	bnd = 3600.000000
	its = 1
	hyp = 373 / 2029
	cut = 2738
22818 [0, 3600]: LP
	bnd = 3600.000000
	its = 1
	hyp = 373 / 2029
	cut = 2774
23043 [0, 3600]: LP
	bnd = 3600.000000
	its = 1
	hyp = 373 / 2029
	cut = 2810
23257 [0, 3600]: LP
	bnd = 3600.000000
	its = 1
	hyp = 373 / 2029
	cut = 2846
23474 [0, 3600]: LP
	bnd = 3600.000000
	its = 1
	hyp = 373 / 2029
	cut = 2889
23690 [0, 3600]: LP
	bnd = 3600.000000
	its = 1
	hyp = 373 / 2029
	cut = 2931
23905 [0, 3600]: LP
	bnd = 3600.000000
	its = 1
	hyp = 373 / 2029
	cut = 2980
24118 [0, 3600]: LP
	bnd = 3600.000000
	its = 1
	hyp = 373 / 2029
	cut = 3029
24327 [0, 3600]: LP
	bnd = 3600.000000
	its = 1
	hyp = 373 / 2029
	cut = 3071
24536 [0, 3600]: LP
	bnd = 3600.000000
	its = 1
	hyp = 373 / 2029
	cut = 3113
24749 [0, 3600]: LP
	bnd = 3600.000000
	its = 1
	hyp = 373 / 2029
	cut = 3162
24961 [0, 3600]: LP
	bnd = 3600.000000
	its = 1
	hyp = 373 / 2029
	cut = 3211
25169 [0, 3600]: LP
	bnd = 3600.000000
	its = 1
	hyp = 373 / 2029
	cut = 3254
25372 [0, 3600]: LP
	bnd = 3600.000000
	its = 1
	hyp = 373 / 2029
	cut = 3295
25574 [0, 3600]: LP
	bnd = 3600.000000
	its = 1
	hyp = 373 / 2029
	cut = 3333
25775 [0, 3600]: LP
	bnd = 3600.000000
	its = 1
	hyp = 373 / 2029
	cut = 3371
25980 [0, 3600]: LP
	bnd = 3600.000000
	its = 1
	hyp = 373 / 2029
	cut = 3409
26183 [0, 3600]: LP
	bnd = 3600.000000
	its = 1
	hyp = 373 / 2029
	cut = 3450
26390 [0, 3600]: LP
	bnd = 3600.000000
	its = 1
	hyp = 373 / 2029
	cut = 3499
26592 [0, 3600]: LP
	bnd = 3600.000000
	its = 1
	hyp = 373 / 2029
	cut = 3541
26790 [0, 3600]: LP
	bnd = 3600.000000
	its = 1
	hyp = 373 / 2029
	cut = 3583
26986 [0, 3600]: LP
	bnd = 3600.000000
	its = 1
	hyp = 373 / 2029
	cut = 3620
27177 [0, 3600]: LP
	bnd = 3600.000000
	its = 1
	hyp = 373 / 2029
	cut = 3656
27374 [0, 3600]: LP
	bnd = 3600.000000
	its = 1
	hyp = 373 / 2029
	cut = 3705
27567 [0, 3600]: LP
	bnd = 3600.000000
	its = 1
	hyp = 373 / 2029
	cut = 3744
27760 [0, 3600]: LP
	bnd = 3600.000000
	its = 1
	hyp = 373 / 2029
	cut = 3787
27953 [0, 3600]: LP
	bnd = 3600.000000
	its = 1
	hyp = 373 / 2029
	cut = 3833
28147 [0, 3600]: LP
	bnd = 3600.000000
	its = 1
	hyp = 373 / 2029
	cut = 3880
28335 [0, 3600]: LP
	bnd = 3600.000000
	its = 1
	hyp = 373 / 2029
	cut = 3922
28519 [0, 3600]: LP
	bnd = 3600.000000
	its = 1
	hyp = 373 / 2029
	cut = 3963
28703 [0, 3600]: LP
	bnd = 3600.000000
	its = 1
	hyp = 373 / 2029
	cut = 4003
28886 [0, 3600]: LP
	bnd = 3600.000000
	its = 1
	hyp = 373 / 2029
	cut = 4050
29069 [0, 3600]: LP
	bnd = 3600.000000
	its = 1
	hyp = 373 / 2029
	cut = 4099
29252 [0, 3600]: LP
	bnd = 3600.000000
	its = 1
	hyp = 373 / 2029
	cut = 4148
29433 [0, 3600]: LP
	bnd = 3600.000000
	its = 1
	hyp = 373 / 2029
	cut = 4197
29614 [0, 3600]: LP
	bnd = 3600.000000
	its = 1
	hyp = 373 / 2029
	cut = 4246
29795 [0, 3600]: LP
	bnd = 3600.000000
	its = 1
	hyp = 373 / 2029
	cut = 4295
29970 [0, 3600]: LP
	bnd = 3600.000000
	its = 1
	hyp = 373 / 2029
	cut = 4344
30141 [0, 3600]: LP
	bnd = 3600.000000
	its = 1
	hyp = 373 / 2029
	cut = 4393
30311 [0, 3600]: LP
	bnd = 3600.000000
	its = 1
	hyp = 373 / 2029
	cut = 4442
30480 [0, 3600]: LP
	bnd = 3600.000000
	its = 1
	hyp = 373 / 2029
	cut = 4491
30650 [0, 3600]: LP
	bnd = 3600.000000
	its = 1
	hyp = 373 / 2029
	cut = 4540
30819 [0, 3600]: LP
	bnd = 3600.000000
	its = 1
	hyp = 373 / 2029
	cut = 4589
30987 [0, 3600]: LP
	bnd = 3600.000000
	its = 1
	hyp = 373 / 2029
	cut = 4638
31156 [0, 3600]: LP
	bnd = 3600.000000
	its = 1
	hyp = 373 / 2029
	cut = 4687
31323 [0, 3600]: LP
	bnd = 3600.000000
	its = 1
	hyp = 373 / 2029
	cut = 4736
31489 [0, 3600]: LP
	bnd = 3600.000000
	its = 1
	hyp = 373 / 2029
	cut = 4785
31650 [0, 3600]: LP
	bnd = 3600.000000
	its = 1
	hyp = 373 / 2029
	cut = 4834
31812 [0, 3600]: LP
	bnd = 3600.000000
	its = 1
	hyp = 373 / 2029
	cut = 4883
31974 [0, 3600]: LP
	bnd = 3600.000000
	its = 1
	hyp = 373 / 2029
	cut = 4932
32134 [0, 3600]: LP
	bnd = 3600.000000
	its = 1
	hyp = 373 / 2029
	cut = 4981
32294 [0, 3600]: LP
	bnd = 3600.000000
	its = 1
	hyp = 373 / 2029
	cut = 5016
32454 [0, 3600]: LP
	bnd = 3600.000000
	its = 1
	hyp = 373 / 2029
	cut = 5049
32615 [0, 3600]: LP
	bnd = 3600.000000
	its = 1
	hyp = 373 / 2029
	cut = 5078
32780 [0, 3600]: LP
	bnd = 3600.000000
	its = 1
	hyp = 373 / 2029
	cut = 5127
32951 [0, 3600]: LP
	bnd = 3600.000000
	its = 1
	hyp = 373 / 2029
	cut = 5176
33112 [0, 3600]: LP
	bnd = 3600.000000
	its = 1
	hyp = 373 / 2029
	cut = 5205
33267 [0, 3600]: LP
	bnd = 3600.000000
	its = 1
	hyp = 373 / 2029
	cut = 5229
33423 [0, 3600]: LP
	bnd = 3600.000000
	its = 1
	hyp = 373 / 2029
	cut = 5253
33581 [0, 3600]: LP
	bnd = 3600.000000
	its = 1
	hyp = 373 / 2029
	cut = 5274
33739 [0, 3600]: LP
	bnd = 3600.000000
	its = 1
	hyp = 373 / 2029
	cut = 5290
33898 [0, 3600]: LP
	bnd = 3600.000000
	its = 1
	hyp = 373 / 2029
	cut = 5301
34058 [0, 3600]: LP
	bnd = 3600.000000
	its = 1
	hyp = 373 / 2029
	cut = 5306
34217 [0, 3600]: LP
	bnd = 3600.000000
	its = 1
	hyp = 373 / 2029
	cut = 5313
34374 [0, 3600]: LP
	bnd = 3600.000000
	its = 1
	hyp = 373 / 2029
	cut = 5317
34533 [0, 3600]: LP
	bnd = 3600.000000
	its = 1
	hyp = 373 / 2029
	cut = 5319
34689 [0, 3600]: LP
	bnd = 3600.000000
	its = 1
	hyp = 373 / 2029
	cut = 5320
34812 [0, 3600]: LP STOP
45197 [0, 3600]: HEURISTIC 81
196264 [0, 3600]: HEURISTIC 243
795792 [0, 3600]: HEURISTIC 729
4152166 [0, 3600]: HEURISTIC 2187
