hypergraph with 3650 vertices and 110784 hyperarcs generated in 53
275 [0, 3600]: LP
	bnd = 3600.000000
	its = 31
	hyp = 275 / 433
	cut = 0
550 [0, 3600]: LP
	bnd = 3600.000000
	its = 13
	hyp = 294 / 767
	cut = 49
694 [0, 3600]: HEURISTIC 3
874 [0, 3600]: LP
	bnd = 3600.000000
	its = 11
	hyp = 358 / 1012
	cut = 98
1128 [0, 3600]: LP
	bnd = 3600.000000
	its = 6
	hyp = 340 / 1118
	cut = 145
1460 [0, 3600]: LP
	bnd = 3600.000000
	its = 7
	hyp = 349 / 1221
	cut = 192
1783 [0, 3600]: LP
	bnd = 3600.000000
	its = 5
	hyp = 424 / 1298
	cut = 239
2070 [0, 3600]: HEURISTIC 9
2158 [0, 3600]: LP
	bnd = 3600.000000
	its = 5
	hyp = 430 / 1399
	cut = 286
2537 [0, 3600]: LP
	bnd = 3600.000000
	its = 4
	hyp = 435 / 1462
	cut = 333
3045 [0, 3600]: LP
	bnd = 3600.000000
	its = 5
	hyp = 480 / 1553
	cut = 378
3641 [0, 3600]: LP
	bnd = 3600.000000
	its = 6
	hyp = 502 / 1653
	cut = 423
4018 [0, 3600]: LP
	bnd = 3600.000000
	its = 2
	hyp = 482 / 1679
	cut = 468
4637 [0, 3600]: LP
	bnd = 3600.000000
	its = 5
	hyp = 519 / 1766
	cut = 513
5322 [0, 3600]: LP
	bnd = 3600.000000
	its = 5
	hyp = 561 / 1848
	cut = 557
5996 [0, 3600]: LP
	bnd = 3600.000000
	its = 4
	hyp = 532 / 1919
	cut = 599
6714 [0, 3600]: LP
	bnd = 3600.000000
	its = 4
	hyp = 548 / 1984
	cut = 641
7428 [0, 3600]: LP
	bnd = 3600.000000
	its = 2
	hyp = 561 / 2009
	cut = 683
7949 [0, 3600]: HEURISTIC 27
8089 [0, 3600]: LP
	bnd = 3600.000000
	its = 2
	hyp = 585 / 2050
	cut = 725
8648 [0, 3600]: LP
	bnd = 3600.000000
	its = 2
	hyp = 576 / 2072
	cut = 767
9363 [0, 3600]: LP
	bnd = 3600.000000
	its = 2
	hyp = 568 / 2089
	cut = 809
10063 [0, 3600]: LP
	bnd = 3600.000000
	its = 2
	hyp = 597 / 2121
	cut = 851
10712 [0, 3600]: LP
	bnd = 3600.000000
	its = 2
	hyp = 618 / 2167
	cut = 893
11459 [0, 3600]: LP
	bnd = 3600.000000
	its = 3
	hyp = 631 / 2221
	cut = 937
11953 [0, 3600]: LP
	bnd = 3600.000000
	its = 1
	hyp = 579 / 2221
	cut = 981
12851 [0, 3600]: LP
	bnd = 3600.000000
	its = 3
	hyp = 640 / 2265
	cut = 1025
13646 [0, 3600]: LP
	bnd = 3600.000000
	its = 2
	hyp = 596 / 2287
	cut = 1069
14709 [0, 3600]: LP
	bnd = 3600.000000
	its = 3
	hyp = 613 / 2328
	cut = 1113
15654 [0, 3600]: LP
	bnd = 3600.000000
	its = 2
	hyp = 672 / 2373
	cut = 1157
16625 [0, 3600]: LP
	bnd = 3600.000000
	its = 2
	hyp = 673 / 2399
	cut = 1201
18033 [0, 3600]: LP
	bnd = 3600.000000
	its = 3
	hyp = 667 / 2454
	cut = 1245
19116 [0, 3600]: LP
	bnd = 3600.000000
	its = 2
	hyp = 731 / 2499
	cut = 1289
20322 [0, 3600]: LP
	bnd = 3600.000000
	its = 2
	hyp = 733 / 2531
	cut = 1333
21024 [0, 3600]: LP
	bnd = 3600.000000
	its = 1
	hyp = 670 / 2531
	cut = 1377
22011 [0, 3600]: LP
	bnd = 3600.000000
	its = 2
	hyp = 763 / 2564
	cut = 1421
23152 [0, 3600]: LP
	bnd = 3600.000000
	its = 2
	hyp = 760 / 2588
	cut = 1465
24124 [0, 3600]: LP
	bnd = 3600.000000
	its = 2
	hyp = 756 / 2625
	cut = 1509
25444 [0, 3600]: LP
	bnd = 3600.000000
	its = 2
	hyp = 726 / 2646
	cut = 1553
26932 [0, 3600]: LP
	bnd = 3600.000000
	its = 3
	hyp = 637 / 2688
	cut = 1597
27878 [0, 3600]: LP
	bnd = 3600.000000
	its = 2
	hyp = 716 / 2725
	cut = 1641
28569 [0, 3600]: LP
	bnd = 3600.000000
	its = 1
	hyp = 710 / 2725
	cut = 1685
29243 [0, 3600]: LP
	bnd = 3600.000000
	its = 1
	hyp = 693 / 2725
	cut = 1729
30447 [0, 3600]: LP
	bnd = 3600.000000
	its = 2
	hyp = 794 / 2755
	cut = 1773
31711 [0, 3600]: LP
	bnd = 3600.000000
	its = 2
	hyp = 756 / 2782
	cut = 1817
32985 [0, 3600]: LP
	bnd = 3600.000000
	its = 2
	hyp = 831 / 2809
	cut = 1861
34468 [0, 3600]: LP
	bnd = 3600.000000
	its = 2
	hyp = 851 / 2845
	cut = 1905
34846 [0, 3600]: HEURISTIC 81
36050 [0, 3600]: LP
	bnd = 3600.000000
	its = 2
	hyp = 857 / 2886
	cut = 1949
38162 [0, 3600]: LP
	bnd = 3600.000000
	its = 1
	hyp = 755 / 2886
	cut = 1993
40630 [0, 3600]: LP
	bnd = 3600.000000
	its = 2
	hyp = 785 / 2922
	cut = 2037
42413 [0, 3600]: LP
	bnd = 3600.000000
	its = 1
	hyp = 740 / 2922
	cut = 2081
44604 [0, 3600]: LP
	bnd = 3600.000000
	its = 2
	hyp = 780 / 2951
	cut = 2125
46849 [0, 3600]: LP
	bnd = 3600.000000
	its = 1
	hyp = 765 / 2951
	cut = 2169
48883 [0, 3600]: LP
	bnd = 3600.000000
	its = 1
	hyp = 752 / 2951
	cut = 2213
51060 [0, 3600]: LP
	bnd = 3600.000000
	its = 1
	hyp = 730 / 2951
	cut = 2257
53406 [0, 3600]: LP
	bnd = 3600.000000
	its = 1
	hyp = 763 / 2951
	cut = 2301
55905 [0, 3600]: LP
	bnd = 3600.000000
	its = 2
	hyp = 779 / 2993
	cut = 2345
57022 [0, 3600]: LP
	bnd = 3600.000000
	its = 1
	hyp = 784 / 2993
	cut = 2389
59030 [0, 3600]: LP
	bnd = 3600.000000
	its = 3
	hyp = 902 / 3056
	cut = 2433
60300 [0, 3600]: LP
	bnd = 3600.000000
	its = 1
	hyp = 762 / 3056
	cut = 2477
62047 [0, 3600]: LP
	bnd = 3600.000000
	its = 2
	hyp = 847 / 3093
	cut = 2521
63292 [0, 3600]: LP
	bnd = 3600.000000
	its = 1
	hyp = 792 / 3093
	cut = 2565
65094 [0, 3600]: LP
	bnd = 3600.000000
	its = 2
	hyp = 928 / 3119
	cut = 2609
66775 [0, 3600]: LP
	bnd = 3600.000000
	its = 1
	hyp = 841 / 3119
	cut = 2653
68534 [0, 3600]: LP
	bnd = 3600.000000
	its = 2
	hyp = 869 / 3142
	cut = 2697
70153 [0, 3600]: LP
	bnd = 3600.000000
	its = 1
	hyp = 854 / 3142
	cut = 2741
72527 [0, 3600]: LP
	bnd = 3600.000000
	its = 2
	hyp = 853 / 3190
	cut = 2785
76400 [0, 3600]: LP
	bnd = 3600.000000
	its = 1
	hyp = 832 / 3190
	cut = 2829
81084 [0, 3600]: LP
	bnd = 3600.000000
	its = 2
	hyp = 965 / 3220
	cut = 2873
82437 [0, 3600]: LP
	bnd = 3600.000000
	its = 1
	hyp = 803 / 3220
	cut = 2917
83644 [0, 3600]: LP
	bnd = 3600.000000
	its = 1
	hyp = 822 / 3220
	cut = 2961
85193 [0, 3600]: LP
	bnd = 3600.000000
	its = 1
	hyp = 841 / 3220
	cut = 3005
86993 [0, 3600]: LP
	bnd = 3600.000000
	its = 2
	hyp = 962 / 3267
	cut = 3049
90669 [0, 3600]: LP
	bnd = 3600.000000
	its = 1
	hyp = 822 / 3267
	cut = 3095
93659 [0, 3600]: LP
	bnd = 3600.000000
	its = 1
	hyp = 848 / 3267
	cut = 3141
98300 [0, 3600]: LP
	bnd = 3600.000000
	its = 1
	hyp = 890 / 3267
	cut = 3185
100248 [0, 3600]: LP
	bnd = 3600.000000
	its = 2
	hyp = 988 / 3312
	cut = 3229
102211 [0, 3600]: LP
	bnd = 3600.000000
	its = 1
	hyp = 856 / 3312
	cut = 3273
104930 [0, 3600]: LP
	bnd = 3600.000000
	its = 2
	hyp = 1017 / 3350
	cut = 3317
108150 [0, 3600]: LP
	bnd = 3600.000000
	its = 1
	hyp = 859 / 3350
	cut = 3361
113127 [0, 3600]: LP
	bnd = 3600.000000
	its = 2
	hyp = 968 / 3389
	cut = 3405
118152 [0, 3600]: LP
	bnd = 3600.000000
	its = 1
	hyp = 893 / 3389
	cut = 3449
122568 [0, 3600]: LP
	bnd = 3600.000000
	its = 1
	hyp = 890 / 3389
	cut = 3493
125222 [0, 3600]: LP
	bnd = 3600.000000
	its = 2
	hyp = 964 / 3421
	cut = 3538
129699 [0, 3600]: LP
	bnd = 3600.000000
	its = 1
	hyp = 897 / 3421
	cut = 3582
135199 [0, 3600]: LP
	bnd = 3600.000000
	its = 2
	hyp = 1026 / 3450
	cut = 3625
137028 [0, 3600]: LP
	bnd = 3600.000000
	its = 1
	hyp = 886 / 3450
	cut = 3669
139680 [0, 3600]: LP
	bnd = 3600.000000
	its = 2
	hyp = 974 / 3473
	cut = 3712
141244 [0, 3600]: LP
	bnd = 3600.000000
	its = 1
	hyp = 793 / 3473
	cut = 3754
142604 [0, 3600]: LP
	bnd = 3600.000000
	its = 1
	hyp = 824 / 3473
	cut = 3796
144444 [0, 3600]: LP
	bnd = 3600.000000
	its = 1
	hyp = 911 / 3473
	cut = 3838
147672 [0, 3600]: LP
	bnd = 3600.000000
	its = 2
	hyp = 1127 / 3502
	cut = 3880
150093 [0, 3600]: LP
	bnd = 3600.000000
	its = 1
	hyp = 897 / 3502
	cut = 3921
151788 [0, 3600]: LP
	bnd = 3600.000000
	its = 1
	hyp = 788 / 3502
	cut = 3963
153541 [0, 3600]: LP
	bnd = 3600.000000
	its = 1
	hyp = 837 / 3502
	cut = 4005
155709 [0, 3600]: LP
	bnd = 3600.000000
	its = 1
	hyp = 903 / 3502
	cut = 4046
158743 [0, 3600]: LP
	bnd = 3600.000000
	its = 2
	hyp = 1073 / 3535
	cut = 4087
163482 [0, 3600]: LP
	bnd = 3600.000000
	its = 1
	hyp = 974 / 3535
	cut = 4128
169038 [0, 3600]: LP
	bnd = 3600.000000
	its = 1
	hyp = 971 / 3535
	cut = 4170
174644 [0, 3600]: LP
	bnd = 3600.000000
	its = 1
	hyp = 909 / 3535
	cut = 4212
182230 [0, 3600]: LP
	bnd = 3600.000000
	its = 2
	hyp = 1144 / 3565
	cut = 4254
185014 [0, 3600]: LP
	bnd = 3600.000000
	its = 1
	hyp = 969 / 3565
	cut = 4295
186261 [0, 3600]: HEURISTIC 243
188801 [0, 3600]: LP
	bnd = 3600.000000
	its = 2
	hyp = 1019 / 3590
	cut = 4335
192353 [0, 3600]: LP
	bnd = 3600.000000
	its = 1
	hyp = 1020 / 3590
	cut = 4376
196490 [0, 3600]: LP
	bnd = 3600.000000
	its = 2
	hyp = 1184 / 3618
	cut = 4418
203879 [0, 3600]: LP
	bnd = 3600.000000
	its = 1
	hyp = 1037 / 3618
	cut = 4462
209542 [0, 3600]: LP
	bnd = 3600.000000
	its = 1
	hyp = 986 / 3618
	cut = 4506
216302 [0, 3600]: LP
	bnd = 3600.000000
	its = 1
	hyp = 934 / 3618
	cut = 4548
223980 [0, 3600]: LP
	bnd = 3600.000000
	its = 2
	hyp = 1050 / 3662
	cut = 4590
230738 [0, 3600]: LP
	bnd = 3600.000000
	its = 1
	hyp = 951 / 3662
	cut = 4632
237443 [0, 3600]: LP
	bnd = 3600.000000
	its = 1
	hyp = 908 / 3662
	cut = 4674
245666 [0, 3600]: LP
	bnd = 3600.000000
	its = 2
	hyp = 1011 / 3696
	cut = 4716
255047 [0, 3600]: LP
	bnd = 3600.000000
	its = 1
	hyp = 982 / 3696
	cut = 4758
263532 [0, 3600]: LP
	bnd = 3600.000000
	its = 1
	hyp = 936 / 3696
	cut = 4800
273561 [0, 3600]: LP
	bnd = 3600.000000
	its = 2
	hyp = 1032 / 3741
	cut = 4841
280619 [0, 3600]: LP
	bnd = 3600.000000
	its = 1
	hyp = 993 / 3741
	cut = 4885
288788 [0, 3600]: LP
	bnd = 3600.000000
	its = 1
	hyp = 953 / 3741
	cut = 4929
295902 [0, 3600]: LP
	bnd = 3600.000000
	its = 1
	hyp = 954 / 3741
	cut = 4973
305807 [0, 3600]: LP
	bnd = 3600.000000
	its = 2
	hyp = 1085 / 3781
	cut = 5017
308657 [0, 3600]: LP
	bnd = 3600.000000
	its = 1
	hyp = 942 / 3781
	cut = 5060
310487 [0, 3600]: LP
	bnd = 3600.000000
	its = 1
	hyp = 843 / 3781
	cut = 5103
312201 [0, 3600]: LP
	bnd = 3600.000000
	its = 1
	hyp = 808 / 3781
	cut = 5146
314815 [0, 3600]: LP
	bnd = 3600.000000
	its = 1
	hyp = 869 / 3781
	cut = 5187
317404 [0, 3600]: LP
	bnd = 3600.000000
	its = 1
	hyp = 971 / 3781
	cut = 5229
321078 [0, 3600]: LP
	bnd = 3600.000000
	its = 1
	hyp = 1021 / 3781
	cut = 5271
324782 [0, 3600]: LP
	bnd = 3600.000000
	its = 2
	hyp = 948 / 3825
	cut = 5314
330572 [0, 3600]: LP
	bnd = 3600.000000
	its = 1
	hyp = 990 / 3825
	cut = 5355
336774 [0, 3600]: LP
	bnd = 3600.000000
	its = 1
	hyp = 940 / 3825
	cut = 5396
346453 [0, 3600]: LP
	bnd = 3600.000000
	its = 1
	hyp = 1048 / 3825
	cut = 5438
356544 [0, 3600]: LP
	bnd = 3600.000000
	its = 2
	hyp = 1125 / 3857
	cut = 5487
366897 [0, 3600]: LP
	bnd = 3600.000000
	its = 1
	hyp = 1042 / 3857
	cut = 5529
369601 [0, 3600]: LP
	bnd = 3600.000000
	its = 1
	hyp = 1002 / 3857
	cut = 5572
379260 [0, 3600]: LP
	bnd = 3600.000000
	its = 1
	hyp = 1036 / 3857
	cut = 5613
390924 [0, 3600]: LP
	bnd = 3600.000000
	its = 2
	hyp = 1176 / 3883
	cut = 5654
394228 [0, 3600]: LP
	bnd = 3600.000000
	its = 1
	hyp = 1025 / 3883
	cut = 5695
398122 [0, 3600]: LP
	bnd = 3600.000000
	its = 1
	hyp = 972 / 3883
	cut = 5737
403124 [0, 3600]: LP
	bnd = 3600.000000
	its = 2
	hyp = 1100 / 3920
	cut = 5779
414339 [0, 3600]: LP
	bnd = 3600.000000
	its = 1
	hyp = 1047 / 3920
	cut = 5821
424108 [0, 3600]: LP
	bnd = 3600.000000
	its = 1
	hyp = 1004 / 3920
	cut = 5863
433422 [0, 3600]: LP
	bnd = 3600.000000
	its = 1
	hyp = 995 / 3920
	cut = 5905
443170 [0, 3600]: LP
	bnd = 3600.000000
	its = 1
	hyp = 1012 / 3920
	cut = 5947
452621 [0, 3600]: LP
	bnd = 3600.000000
	its = 1
	hyp = 946 / 3920
	cut = 5989
462542 [0, 3600]: LP
	bnd = 3600.000000
	its = 1
	hyp = 973 / 3920
	cut = 6031
473764 [0, 3600]: LP
	bnd = 3600.000000
	its = 2
	hyp = 986 / 3963
	cut = 6074
480271 [0, 3600]: LP
	bnd = 3600.000000
	its = 1
	hyp = 1061 / 3963
	cut = 6117
489829 [0, 3600]: LP
	bnd = 3600.000000
	its = 1
	hyp = 1055 / 3963
	cut = 6158
498446 [0, 3600]: LP
	bnd = 3600.000000
	its = 1
	hyp = 1075 / 3963
	cut = 6204
509544 [0, 3600]: LP
	bnd = 3600.000000
	its = 1
	hyp = 1047 / 3963
	cut = 6247
521337 [0, 3600]: LP
	bnd = 3600.000000
	its = 2
	hyp = 1129 / 3987
	cut = 6288
533194 [0, 3600]: LP
	bnd = 3600.000000
	its = 1
	hyp = 1029 / 3987
	cut = 6330
538542 [0, 3600]: LP
	bnd = 3600.000000
	its = 2
	hyp = 1208 / 4020
	cut = 6372
542481 [0, 3600]: LP
	bnd = 3600.000000
	its = 1
	hyp = 1058 / 4020
	cut = 6415
544437 [0, 3600]: LP
	bnd = 3600.000000
	its = 1
	hyp = 941 / 4020
	cut = 6464
546352 [0, 3600]: LP
	bnd = 3600.000000
	its = 1
	hyp = 823 / 4020
	cut = 6513
549388 [0, 3600]: LP
	bnd = 3600.000000
	its = 1
	hyp = 874 / 4020
	cut = 6562
552663 [0, 3600]: LP
	bnd = 3600.000000
	its = 1
	hyp = 922 / 4020
	cut = 6611
554940 [0, 3600]: LP
	bnd = 3600.000000
	its = 1
	hyp = 860 / 4020
	cut = 6654
557978 [0, 3600]: LP
	bnd = 3600.000000
	its = 1
	hyp = 954 / 4020
	cut = 6698
562316 [0, 3600]: LP
	bnd = 3600.000000
	its = 1
	hyp = 1097 / 4020
	cut = 6740
566311 [0, 3600]: LP
	bnd = 3600.000000
	its = 2
	hyp = 1123 / 4064
	cut = 6782
578782 [0, 3600]: LP
	bnd = 3600.000000
	its = 1
	hyp = 1135 / 4064
	cut = 6824
589385 [0, 3600]: LP
	bnd = 3600.000000
	its = 1
	hyp = 1095 / 4064
	cut = 6873
602986 [0, 3600]: LP
	bnd = 3600.000000
	its = 1
	hyp = 1011 / 4064
	cut = 6915
613984 [0, 3600]: LP
	bnd = 3600.000000
	its = 1
	hyp = 1064 / 4064
	cut = 6957
628479 [0, 3600]: LP
	bnd = 3600.000000
	its = 1
	hyp = 1128 / 4064
	cut = 7006
644494 [0, 3600]: LP
	bnd = 3600.000000
	its = 2
	hyp = 1212 / 4086
	cut = 7048
648877 [0, 3600]: LP
	bnd = 3600.000000
	its = 1
	hyp = 1008 / 4086
	cut = 7093
652734 [0, 3600]: LP
	bnd = 3600.000000
	its = 1
	hyp = 1074 / 4086
	cut = 7135
656206 [0, 3600]: LP
	bnd = 3600.000000
	its = 1
	hyp = 1061 / 4086
	cut = 7177
661727 [0, 3600]: LP
	bnd = 3600.000000
	its = 2
	hyp = 1161 / 4124
	cut = 7221
672191 [0, 3600]: LP
	bnd = 3600.000000
	its = 1
	hyp = 1047 / 4124
	cut = 7263
682301 [0, 3600]: LP
	bnd = 3600.000000
	its = 1
	hyp = 1028 / 4124
	cut = 7312
696049 [0, 3600]: LP
	bnd = 3600.000000
	its = 1
	hyp = 1071 / 4124
	cut = 7354
706910 [0, 3600]: LP
	bnd = 3600.000000
	its = 1
	hyp = 1079 / 4124
	cut = 7396
722694 [0, 3600]: LP
	bnd = 3600.000000
	its = 1
	hyp = 1069 / 4124
	cut = 7438
734438 [0, 3600]: LP
	bnd = 3600.000000
	its = 1
	hyp = 978 / 4124
	cut = 7480
745799 [0, 3600]: LP
	bnd = 3600.000000
	its = 1
	hyp = 1073 / 4124
	cut = 7522
758521 [0, 3600]: LP
	bnd = 3600.000000
	its = 2
	hyp = 1160 / 4156
	cut = 7564
772262 [0, 3600]: LP
	bnd = 3600.000000
	its = 1
	hyp = 1112 / 4156
	cut = 7606
783249 [0, 3600]: LP
	bnd = 3600.000000
	its = 1
	hyp = 1064 / 4156
	cut = 7650
795901 [0, 3600]: LP
	bnd = 3600.000000
	its = 1
	hyp = 1031 / 4156
	cut = 7692
799931 [0, 3600]: LP
	bnd = 3600.000000
	its = 1
	hyp = 1021 / 4156
	cut = 7736
804820 [0, 3600]: LP
	bnd = 3600.000000
	its = 1
	hyp = 1067 / 4156
	cut = 7778
822682 [0, 3600]: LP
	bnd = 3600.000000
	its = 2
	hyp = 1048 / 4175
	cut = 7820
837050 [0, 3600]: LP
	bnd = 3600.000000
	its = 1
	hyp = 1065 / 4175
	cut = 7862
851469 [0, 3600]: LP
	bnd = 3600.000000
	its = 1
	hyp = 1035 / 4175
	cut = 7904
868562 [0, 3600]: LP
	bnd = 3600.000000
	its = 2
	hyp = 1104 / 4219
	cut = 7946
878795 [0, 3600]: LP
	bnd = 3600.000000
	its = 1
	hyp = 1164 / 4219
	cut = 7992
878961 [0, 3600]: HEURISTIC 729
891668 [0, 3600]: LP
	bnd = 3600.000000
	its = 1
	hyp = 1116 / 4219
	cut = 8034
905397 [0, 3600]: LP
	bnd = 3600.000000
	its = 1
	hyp = 1063 / 4219
	cut = 8076
909110 [0, 3600]: LP
	bnd = 3600.000000
	its = 1
	hyp = 997 / 4219
	cut = 8120
925183 [0, 3600]: LP
	bnd = 3600.000000
	its = 1
	hyp = 1112 / 4219
	cut = 8164
945588 [0, 3600]: LP
	bnd = 3600.000000
	its = 2
	hyp = 1326 / 4244
	cut = 8208
951244 [0, 3600]: LP
	bnd = 3600.000000
	its = 1
	hyp = 1157 / 4244
	cut = 8252
955050 [0, 3600]: LP
	bnd = 3600.000000
	its = 1
	hyp = 1041 / 4244
	cut = 8295
958290 [0, 3600]: LP
	bnd = 3600.000000
	its = 1
	hyp = 944 / 4244
	cut = 8336
963538 [0, 3600]: LP
	bnd = 3600.000000
	its = 1
	hyp = 1116 / 4244
	cut = 8376
970714 [0, 3600]: LP
	bnd = 3600.000000
	its = 2
	hyp = 1340 / 4277
	cut = 8416
988534 [0, 3600]: LP
	bnd = 3600.000000
	its = 1
	hyp = 1234 / 4277
	cut = 8457
1006906 [0, 3600]: LP
	bnd = 3600.000000
	its = 1
	hyp = 1096 / 4277
	cut = 8501
1020871 [0, 3600]: LP
	bnd = 3600.000000
	its = 1
	hyp = 1013 / 4277
	cut = 8543
1039146 [0, 3600]: LP
	bnd = 3600.000000
	its = 1
	hyp = 1044 / 4277
	cut = 8587
1059579 [0, 3600]: LP
	bnd = 3600.000000
	its = 1
	hyp = 1138 / 4277
	cut = 8628
1083553 [0, 3600]: LP
	bnd = 3600.000000
	its = 2
	hyp = 1234 / 4307
	cut = 8670
1113322 [0, 3600]: LP
	bnd = 3600.000000
	its = 1
	hyp = 1157 / 4307
	cut = 8712
1129564 [0, 3600]: LP
	bnd = 3600.000000
	its = 1
	hyp = 1125 / 4307
	cut = 8756
1148081 [0, 3600]: LP
	bnd = 3600.000000
	its = 1
	hyp = 1113 / 4307
	cut = 8800
1167617 [0, 3600]: LP
	bnd = 3600.000000
	its = 2
	hyp = 1193 / 4336
	cut = 8842
1196215 [0, 3600]: LP
	bnd = 3600.000000
	its = 1
	hyp = 1201 / 4336
	cut = 8884
1203994 [0, 3600]: LP
	bnd = 3600.000000
	its = 1
	hyp = 1200 / 4336
	cut = 8927
1234372 [0, 3600]: LP
	bnd = 3600.000000
	its = 2
	hyp = 1181 / 4371
	cut = 8971
1254158 [0, 3600]: LP
	bnd = 3600.000000
	its = 1
	hyp = 1174 / 4371
	cut = 9013
1269848 [0, 3600]: LP
	bnd = 3600.000000
	its = 1
	hyp = 1044 / 4371
	cut = 9056
1290805 [0, 3600]: LP
	bnd = 3600.000000
	its = 1
	hyp = 1086 / 4371
	cut = 9099
1313192 [0, 3600]: LP
	bnd = 3600.000000
	its = 1
	hyp = 1131 / 4371
	cut = 9140
1338056 [0, 3600]: LP
	bnd = 3600.000000
	its = 1
	hyp = 1094 / 4371
	cut = 9181
1359158 [0, 3600]: LP
	bnd = 3600.000000
	its = 1
	hyp = 1126 / 4371
	cut = 9223
1386380 [0, 3600]: LP
	bnd = 3600.000000
	its = 2
	hyp = 1188 / 4396
	cut = 9263
1422268 [0, 3600]: LP
	bnd = 3600.000000
	its = 1
	hyp = 1027 / 4396
	cut = 9303
1447459 [0, 3600]: LP
	bnd = 3600.000000
	its = 1
	hyp = 1130 / 4396
	cut = 9343
1466725 [0, 3600]: LP
	bnd = 3600.000000
	its = 1
	hyp = 1133 / 4396
	cut = 9383
1486724 [0, 3600]: LP
	bnd = 3600.000000
	its = 1
	hyp = 1088 / 4396
	cut = 9424
1493443 [0, 3600]: LP
	bnd = 3600.000000
	its = 1
	hyp = 1125 / 4396
	cut = 9466
1521796 [0, 3600]: LP
	bnd = 3600.000000
	its = 2
	hyp = 976 / 4435
	cut = 9507
1541601 [0, 3600]: LP
	bnd = 3600.000000
	its = 1
	hyp = 900 / 4435
	cut = 9548
1557515 [0, 3600]: LP
	bnd = 3600.000000
	its = 1
	hyp = 1084 / 4435
	cut = 9590
1582551 [0, 3600]: LP
	bnd = 3600.000000
	its = 1
	hyp = 1089 / 4435
	cut = 9634
1607135 [0, 3600]: LP
	bnd = 3600.000000
	its = 1
	hyp = 1166 / 4435
	cut = 9678
1636157 [0, 3600]: LP
	bnd = 3600.000000
	its = 1
	hyp = 1114 / 4435
	cut = 9722
1673493 [0, 3600]: LP
	bnd = 3600.000000
	its = 2
	hyp = 1168 / 4465
	cut = 9763
1697083 [0, 3600]: LP
	bnd = 3600.000000
	its = 1
	hyp = 1116 / 4465
	cut = 9809
1721588 [0, 3600]: LP
	bnd = 3600.000000
	its = 1
	hyp = 1160 / 4465
	cut = 9855
1727455 [0, 3600]: LP
	bnd = 3600.000000
	its = 1
	hyp = 1041 / 4465
	cut = 9902
1760573 [0, 3600]: LP
	bnd = 3600.000000
	its = 1
	hyp = 1106 / 4465
	cut = 9949
1775720 [0, 3600]: LP
	bnd = 3600.000000
	its = 1
	hyp = 1198 / 4465
	cut = 9996
1790017 [0, 3600]: LP
	bnd = 3600.000000
	its = 2
	hyp = 1338 / 4504
	cut = 10037
1828879 [0, 3600]: LP
	bnd = 3600.000000
	its = 1
	hyp = 1216 / 4504
	cut = 10079
1856423 [0, 3600]: LP
	bnd = 3600.000000
	its = 1
	hyp = 1168 / 4504
	cut = 10122
1885230 [0, 3600]: LP
	bnd = 3600.000000
	its = 1
	hyp = 1072 / 4504
	cut = 10162
1919974 [0, 3600]: LP
	bnd = 3600.000000
	its = 1
	hyp = 1117 / 4504
	cut = 10203
1928710 [0, 3600]: LP
	bnd = 3600.000000
	its = 1
	hyp = 1036 / 4504
	cut = 10244
1939903 [0, 3600]: LP
	bnd = 3600.000000
	its = 2
	hyp = 1251 / 4516
	cut = 10287
1988691 [0, 3600]: LP
	bnd = 3600.000000
	its = 1
	hyp = 1181 / 4516
	cut = 10330
2015203 [0, 3600]: LP
	bnd = 3600.000000
	its = 1
	hyp = 1113 / 4516
	cut = 10371
2025554 [0, 3600]: LP
	bnd = 3600.000000
	its = 2
	hyp = 1129 / 4550
	cut = 10411
2047970 [0, 3600]: LP
	bnd = 3600.000000
	its = 1
	hyp = 1126 / 4550
	cut = 10454
2082164 [0, 3600]: LP
	bnd = 3600.000000
	its = 1
	hyp = 1188 / 4550
	cut = 10499
2117251 [0, 3600]: LP
	bnd = 3600.000000
	its = 1
	hyp = 1120 / 4550
	cut = 10541
2125055 [0, 3600]: LP
	bnd = 3600.000000
	its = 1
	hyp = 1139 / 4550
	cut = 10582
2156651 [0, 3600]: LP
	bnd = 3600.000000
	its = 1
	hyp = 1175 / 4550
	cut = 10624
2203273 [0, 3600]: LP
	bnd = 3600.000000
	its = 2
	hyp = 1398 / 4566
	cut = 10666
2213437 [0, 3600]: LP
	bnd = 3600.000000
	its = 1
	hyp = 1211 / 4566
	cut = 10707
2221466 [0, 3600]: LP
	bnd = 3600.000000
	its = 1
	hyp = 1113 / 4566
	cut = 10748
2228459 [0, 3600]: LP
	bnd = 3600.000000
	its = 1
	hyp = 1071 / 4566
	cut = 10793
2238972 [0, 3600]: LP
	bnd = 3600.000000
	its = 2
	hyp = 1212 / 4601
	cut = 10840
2273890 [0, 3600]: LP
	bnd = 3600.000000
	its = 1
	hyp = 1261 / 4601
	cut = 10884
2301427 [0, 3600]: LP
	bnd = 3600.000000
	its = 1
	hyp = 1106 / 4601
	cut = 10926
2328088 [0, 3600]: LP
	bnd = 3600.000000
	its = 1
	hyp = 1206 / 4601
	cut = 10973
2366676 [0, 3600]: LP
	bnd = 3600.000000
	its = 1
	hyp = 1211 / 4601
	cut = 11015
2410178 [0, 3600]: LP
	bnd = 3600.000000
	its = 1
	hyp = 1178 / 4601
	cut = 11057
2449323 [0, 3600]: LP
	bnd = 3600.000000
	its = 1
	hyp = 1184 / 4601
	cut = 11099
2459518 [0, 3600]: LP
	bnd = 3600.000000
	its = 3
	hyp = 1316 / 4661
	cut = 11141
2501786 [0, 3600]: LP
	bnd = 3600.000000
	its = 1
	hyp = 1231 / 4661
	cut = 11183
2525760 [0, 3600]: LP
	bnd = 3600.000000
	its = 1
	hyp = 1135 / 4661
	cut = 11227
2555346 [0, 3600]: LP
	bnd = 3600.000000
	its = 1
	hyp = 1187 / 4661
	cut = 11269
2598060 [0, 3600]: LP
	bnd = 3600.000000
	its = 1
	hyp = 1134 / 4661
	cut = 11312
2637422 [0, 3600]: LP
	bnd = 3600.000000
	its = 1
	hyp = 1083 / 4661
	cut = 11354
2683660 [0, 3600]: LP
	bnd = 3600.000000
	its = 1
	hyp = 1132 / 4661
	cut = 11394
2716168 [0, 3600]: LP
	bnd = 3600.000000
	its = 2
	hyp = 1234 / 4699
	cut = 11434
2769435 [0, 3600]: LP
	bnd = 3600.000000
	its = 1
	hyp = 1220 / 4699
	cut = 11474
2797907 [0, 3600]: LP
	bnd = 3600.000000
	its = 1
	hyp = 1156 / 4699
	cut = 11516
2811952 [0, 3600]: LP
	bnd = 3600.000000
	its = 1
	hyp = 1105 / 4699
	cut = 11557
2856070 [0, 3600]: LP
	bnd = 3600.000000
	its = 1
	hyp = 1162 / 4699
	cut = 11598
2907475 [0, 3600]: LP
	bnd = 3600.000000
	its = 1
	hyp = 1230 / 4699
	cut = 11639
2965605 [0, 3600]: LP
	bnd = 3600.000000
	its = 2
	hyp = 1153 / 4714
	cut = 11680
3005179 [0, 3600]: LP
	bnd = 3600.000000
	its = 1
	hyp = 1217 / 4714
	cut = 11722
3052595 [0, 3600]: LP
	bnd = 3600.000000
	its = 1
	hyp = 1242 / 4714
	cut = 11764
3104052 [0, 3600]: LP
	bnd = 3600.000000
	its = 2
	hyp = 1294 / 4744
	cut = 11806
3147283 [0, 3600]: LP
	bnd = 3600.000000
	its = 1
	hyp = 1266 / 4744
	cut = 11850
3185757 [0, 3600]: LP
	bnd = 3600.000000
	its = 1
	hyp = 1290 / 4744
	cut = 11896
3210160 [0, 3600]: LP
	bnd = 3600.000000
	its = 1
	hyp = 1183 / 4744
	cut = 11942
3246851 [0, 3600]: LP
	bnd = 3600.000000
	its = 1
	hyp = 1196 / 4744
	cut = 11984
3294501 [0, 3600]: LP
	bnd = 3600.000000
	its = 1
	hyp = 1251 / 4744
	cut = 12033
3341109 [0, 3600]: LP
	bnd = 3600.000000
	its = 2
	hyp = 1240 / 4760
	cut = 12082
3392080 [0, 3600]: LP
	bnd = 3600.000000
	its = 1
	hyp = 1192 / 4760
	cut = 12124
3438214 [0, 3600]: LP
	bnd = 3600.000000
	its = 1
	hyp = 1194 / 4760
	cut = 12166
3488210 [0, 3600]: LP
	bnd = 3600.000000
	its = 2
	hyp = 1280 / 4781
	cut = 12210
3535065 [0, 3600]: LP
	bnd = 3600.000000
	its = 1
	hyp = 1312 / 4781
	cut = 12257
3584853 [0, 3600]: LP
	bnd = 3600.000000
	its = 1
	hyp = 1230 / 4781
	cut = 12301
3628469 [0, 3600]: LP
	bnd = 3600.000000
	its = 1
	hyp = 1167 / 4781
	cut = 12345
3684513 [0, 3600]: LP
	bnd = 3600.000000
	its = 1
	hyp = 1244 / 4781
	cut = 12392
3740056 [0, 3600]: LP
	bnd = 3600.000000
	its = 1
	hyp = 1163 / 4781
	cut = 12439
3751204 [0, 3600]: LP
	bnd = 3600.000000
	its = 1
	hyp = 1229 / 4781
	cut = 12483
3805602 [0, 3600]: LP
	bnd = 3600.000000
	its = 1
	hyp = 1201 / 4781
	cut = 12527
3873779 [0, 3600]: LP
	bnd = 3600.000000
	its = 2
	hyp = 1211 / 4804
	cut = 12571
3911661 [0, 3600]: LP
	bnd = 3600.000000
	its = 1
	hyp = 1245 / 4804
	cut = 12620
3946029 [0, 3600]: LP
	bnd = 3600.000000
	its = 1
	hyp = 1252 / 4804
	cut = 12664
3952727 [0, 3600]: HEURISTIC 2187
3988355 [0, 3600]: LP
	bnd = 3600.000000
	its = 1
	hyp = 1221 / 4804
	cut = 12708
4033190 [0, 3600]: LP
	bnd = 3600.000000
	its = 1
	hyp = 1202 / 4804
	cut = 12754
4082202 [0, 3600]: LP
	bnd = 3600.000000
	its = 1
	hyp = 1228 / 4804
	cut = 12798
4143830 [0, 3600]: LP
	bnd = 3600.000000
	its = 1
	hyp = 1243 / 4804
	cut = 12842
4198470 [0, 3600]: LP
	bnd = 3600.000000
	its = 1
	hyp = 1241 / 4804
	cut = 12886
4213923 [0, 3600]: LP
	bnd = 3600.000000
	its = 2
	hyp = 1185 / 4835
	cut = 12927
4249447 [0, 3600]: LP
	bnd = 3600.000000
	its = 1
	hyp = 1198 / 4835
	cut = 12969
4288442 [0, 3600]: LP
	bnd = 3600.000000
	its = 1
	hyp = 1199 / 4835
	cut = 13011
4340310 [0, 3600]: LP
	bnd = 3600.000000
	its = 1
	hyp = 1259 / 4835
	cut = 13053
4400207 [0, 3600]: LP
	bnd = 3600.000000
	its = 1
	hyp = 1260 / 4835
	cut = 13097
4456772 [0, 3600]: LP
	bnd = 3600.000000
	its = 1
	hyp = 1156 / 4835
	cut = 13141
4473381 [0, 3600]: LP
	bnd = 3600.000000
	its = 2
	hyp = 1122 / 4855
	cut = 13184
4526035 [0, 3600]: LP
	bnd = 3600.000000
	its = 1
	hyp = 1261 / 4855
	cut = 13231
4588392 [0, 3600]: LP
	bnd = 3600.000000
	its = 1
	hyp = 1177 / 4855
	cut = 13272
4640048 [0, 3600]: LP
	bnd = 3600.000000
	its = 1
	hyp = 1276 / 4855
	cut = 13310
4696966 [0, 3600]: LP
	bnd = 3600.000000
	its = 1
	hyp = 1210 / 4855
	cut = 13348
4715429 [0, 3600]: LP
	bnd = 3600.000000
	its = 2
	hyp = 1355 / 4881
	cut = 13388
4792271 [0, 3600]: LP
	bnd = 3600.000000
	its = 1
	hyp = 1378 / 4881
	cut = 13428
4839527 [0, 3600]: LP
	bnd = 3600.000000
	its = 1
	hyp = 1329 / 4881
	cut = 13468
4894166 [0, 3600]: LP
	bnd = 3600.000000
	its = 1
	hyp = 1306 / 4881
	cut = 13508
4940702 [0, 3600]: LP
	bnd = 3600.000000
	its = 1
	hyp = 1023 / 4881
	cut = 13548
5001165 [0, 3600]: LP
	bnd = 3600.000000
	its = 1
	hyp = 1063 / 4881
	cut = 13588
5051049 [0, 3600]: LP
	bnd = 3600.000000
	its = 1
	hyp = 1241 / 4881
	cut = 13628
5133941 [0, 3600]: LP
	bnd = 3600.000000
	its = 2
	hyp = 1263 / 4914
	cut = 13669
5188641 [0, 3600]: LP
	bnd = 3600.000000
	its = 1
	hyp = 1294 / 4914
	cut = 13710
5246718 [0, 3600]: LP
	bnd = 3600.000000
	its = 1
	hyp = 1399 / 4914
	cut = 13751
5303523 [0, 3600]: LP
	bnd = 3600.000000
	its = 1
	hyp = 1331 / 4914
	cut = 13791
5372171 [0, 3600]: LP
	bnd = 3600.000000
	its = 1
	hyp = 1234 / 4914
	cut = 13831
5446250 [0, 3600]: LP
	bnd = 3600.000000
	its = 1
	hyp = 1264 / 4914
	cut = 13871
5499957 [0, 3600]: LP
	bnd = 3600.000000
	its = 1
	hyp = 1183 / 4914
	cut = 13910
5569957 [0, 3600]: LP
	bnd = 3600.000000
	its = 1
	hyp = 1231 / 4914
	cut = 13950
5638229 [0, 3600]: LP
	bnd = 3600.000000
	its = 1
	hyp = 1170 / 4914
	cut = 13990
5709683 [0, 3600]: LP
	bnd = 3600.000000
	its = 1
	hyp = 1215 / 4914
	cut = 14031
5777784 [0, 3600]: LP
	bnd = 3600.000000
	its = 1
	hyp = 1308 / 4914
	cut = 14073
5841425 [0, 3600]: LP
	bnd = 3600.000000
	its = 1
	hyp = 1218 / 4914
	cut = 14114
5864373 [0, 3600]: LP
	bnd = 3600.000000
	its = 2
	hyp = 1268 / 4944
	cut = 14156
5888264 [0, 3600]: LP
	bnd = 3600.000000
	its = 1
	hyp = 1236 / 4944
	cut = 14197
5955541 [0, 3600]: LP
	bnd = 3600.000000
	its = 1
	hyp = 1347 / 4944
	cut = 14236
6028937 [0, 3600]: LP
	bnd = 3600.000000
	its = 1
	hyp = 1332 / 4944
	cut = 14276
6047008 [0, 3600]: LP
	bnd = 3600.000000
	its = 1
	hyp = 1238 / 4944
	cut = 14316
6127793 [0, 3600]: LP
	bnd = 3600.000000
	its = 1
	hyp = 1334 / 4944
	cut = 14356
6202618 [0, 3600]: LP
	bnd = 3600.000000
	its = 2
	hyp = 1373 / 4971
	cut = 14396
6296839 [0, 3600]: LP
	bnd = 3600.000000
	its = 1
	hyp = 1377 / 4971
	cut = 14437
6371068 [0, 3600]: LP
	bnd = 3600.000000
	its = 1
	hyp = 1257 / 4971
	cut = 14477
6441037 [0, 3600]: LP
	bnd = 3600.000000
	its = 1
	hyp = 1270 / 4971
	cut = 14517
6510992 [0, 3600]: LP
	bnd = 3600.000000
	its = 1
	hyp = 1261 / 4971
	cut = 14558
6611295 [0, 3600]: LP
	bnd = 3600.000000
	its = 2
	hyp = 1312 / 4991
	cut = 14599
6730558 [0, 3600]: LP
	bnd = 3600.000000
	its = 1
	hyp = 1289 / 4991
	cut = 14639
6832236 [0, 3600]: LP
	bnd = 3600.000000
	its = 2
	hyp = 1576 / 5015
	cut = 14680
6943943 [0, 3600]: LP
	bnd = 3600.000000
	its = 1
	hyp = 1376 / 5015
	cut = 14721
7029744 [0, 3600]: LP
	bnd = 3600.000000
	its = 1
	hyp = 1362 / 5015
	cut = 14762
7064825 [0, 3600]: LP
	bnd = 3600.000000
	its = 2
	hyp = 1572 / 5052
	cut = 14804
7128360 [0, 3600]: LP
	bnd = 3600.000000
	its = 1
	hyp = 1427 / 5052
	cut = 14845
7198013 [0, 3600]: LP
	bnd = 3600.000000
	its = 1
	hyp = 1448 / 5052
	cut = 14886
