hypergraph with 5474 vertices and 207266 hyperarcs generated in 92
686 [0, 5400]: LP
	bnd = 5400.000000
	its = 43
	hyp = 379 / 522
	cut = 0
1105 [0, 5400]: LP
	bnd = 5400.000000
	its = 11
	hyp = 449 / 941
	cut = 73
1416 [0, 5400]: LP
	bnd = 5400.000000
	its = 5
	hyp = 409 / 1048
	cut = 138
1718 [0, 5400]: HEURISTIC 3
1828 [0, 5400]: LP
	bnd = 5400.000000
	its = 6
	hyp = 455 / 1220
	cut = 206
2116 [0, 5400]: LP
	bnd = 5400.000000
	its = 2
	hyp = 489 / 1258
	cut = 262
2496 [0, 5400]: LP
	bnd = 5400.000000
	its = 3
	hyp = 506 / 1320
	cut = 317
2896 [0, 5400]: LP
	bnd = 5400.000000
	its = 5
	hyp = 508 / 1409
	cut = 371
3347 [0, 5400]: LP
	bnd = 5400.000000
	its = 3
	hyp = 551 / 1461
	cut = 423
3861 [0, 5400]: LP
	bnd = 5400.000000
	its = 3
	hyp = 592 / 1507
	cut = 473
4317 [0, 5400]: LP
	bnd = 5400.000000
	its = 2
	hyp = 556 / 1553
	cut = 523
4809 [0, 5400]: LP
	bnd = 5400.000000
	its = 2
	hyp = 552 / 1580
	cut = 574
5271 [0, 5400]: HEURISTIC 9
5317 [0, 5400]: LP
	bnd = 5400.000000
	its = 3
	hyp = 581 / 1640
	cut = 625
5904 [0, 5400]: LP
	bnd = 5400.000000
	its = 3
	hyp = 592 / 1732
	cut = 676
6486 [0, 5400]: LP
	bnd = 5400.000000
	its = 2
	hyp = 564 / 1778
	cut = 727
6845 [0, 5400]: LP
	bnd = 5400.000000
	its = 1
	hyp = 541 / 1778
	cut = 775
7440 [0, 5400]: LP
	bnd = 5400.000000
	its = 2
	hyp = 628 / 1824
	cut = 823
7826 [0, 5400]: LP
	bnd = 5400.000000
	its = 1
	hyp = 565 / 1824
	cut = 869
8557 [0, 5400]: LP
	bnd = 5400.000000
	its = 2
	hyp = 586 / 1858
	cut = 917
9132 [0, 5400]: LP
	bnd = 5400.000000
	its = 2
	hyp = 629 / 1935
	cut = 964
9532 [0, 5400]: LP
	bnd = 5400.000000
	its = 1
	hyp = 577 / 1935
	cut = 1011
9967 [0, 5400]: LP
	bnd = 5400.000000
	its = 1
	hyp = 589 / 1935
	cut = 1059
10454 [0, 5400]: LP
	bnd = 5400.000000
	its = 1
	hyp = 591 / 1935
	cut = 1107
10978 [0, 5400]: LP
	bnd = 5400.000000
	its = 2
	hyp = 639 / 1986
	cut = 1155
11426 [0, 5400]: LP
	bnd = 5400.000000
	its = 1
	hyp = 580 / 1986
	cut = 1202
11955 [0, 5400]: LP
	bnd = 5400.000000
	its = 1
	hyp = 629 / 1986
	cut = 1248
12559 [0, 5400]: LP
	bnd = 5400.000000
	its = 2
	hyp = 676 / 2041
	cut = 1292
13018 [0, 5400]: LP
	bnd = 5400.000000
	its = 1
	hyp = 591 / 2041
	cut = 1336
13521 [0, 5400]: LP
	bnd = 5400.000000
	its = 1
	hyp = 649 / 2041
	cut = 1382
14156 [0, 5400]: LP
	bnd = 5400.000000
	its = 2
	hyp = 750 / 2123
	cut = 1430
14612 [0, 5400]: LP
	bnd = 5400.000000
	its = 1
	hyp = 617 / 2123
	cut = 1477
15065 [0, 5400]: LP
	bnd = 5400.000000
	its = 1
	hyp = 630 / 2123
	cut = 1525
15553 [0, 5400]: LP
	bnd = 5400.000000
	its = 1
	hyp = 600 / 2123
	cut = 1569
16195 [0, 5400]: LP
	bnd = 5400.000000
	its = 2
	hyp = 692 / 2174
	cut = 1613
16800 [0, 5400]: HEURISTIC 27
16843 [0, 5400]: LP
	bnd = 5400.000000
	its = 1
	hyp = 657 / 2174
	cut = 1657
17317 [0, 5400]: LP
	bnd = 5400.000000
	its = 1
	hyp = 606 / 2174
	cut = 1701
17997 [0, 5400]: LP
	bnd = 5400.000000
	its = 1
	hyp = 649 / 2174
	cut = 1745
18728 [0, 5400]: LP
	bnd = 5400.000000
	its = 2
	hyp = 715 / 2230
	cut = 1789
19190 [0, 5400]: LP
	bnd = 5400.000000
	its = 1
	hyp = 585 / 2230
	cut = 1833
19799 [0, 5400]: LP
	bnd = 5400.000000
	its = 1
	hyp = 658 / 2230
	cut = 1879
20367 [0, 5400]: LP
	bnd = 5400.000000
	its = 1
	hyp = 718 / 2230
	cut = 1925
20965 [0, 5400]: LP
	bnd = 5400.000000
	its = 2
	hyp = 749 / 2303
	cut = 1973
21745 [0, 5400]: LP
	bnd = 5400.000000
	its = 1
	hyp = 748 / 2303
	cut = 2019
22209 [0, 5400]: LP
	bnd = 5400.000000
	its = 1
	hyp = 677 / 2303
	cut = 2066
23094 [0, 5400]: LP
	bnd = 5400.000000
	its = 1
	hyp = 655 / 2303
	cut = 2114
24072 [0, 5400]: LP
	bnd = 5400.000000
	its = 1
	hyp = 660 / 2303
	cut = 2160
24539 [0, 5400]: LP
	bnd = 5400.000000
	its = 1
	hyp = 650 / 2303
	cut = 2206
25453 [0, 5400]: LP
	bnd = 5400.000000
	its = 1
	hyp = 652 / 2303
	cut = 2251
26169 [0, 5400]: LP
	bnd = 5400.000000
	its = 1
	hyp = 708 / 2303
	cut = 2296
27032 [0, 5400]: LP
	bnd = 5400.000000
	its = 1
	hyp = 700 / 2303
	cut = 2342
27794 [0, 5400]: LP
	bnd = 5400.000000
	its = 2
	hyp = 774 / 2341
	cut = 2387
28348 [0, 5400]: LP
	bnd = 5400.000000
	its = 1
	hyp = 629 / 2341
	cut = 2432
28834 [0, 5400]: LP
	bnd = 5400.000000
	its = 1
	hyp = 579 / 2341
	cut = 2478
29547 [0, 5400]: LP
	bnd = 5400.000000
	its = 1
	hyp = 664 / 2341
	cut = 2522
30151 [0, 5400]: LP
	bnd = 5400.000000
	its = 1
	hyp = 620 / 2341
	cut = 2564
30720 [0, 5400]: LP
	bnd = 5400.000000
	its = 1
	hyp = 684 / 2341
	cut = 2609
31309 [0, 5400]: LP
	bnd = 5400.000000
	its = 1
	hyp = 696 / 2341
	cut = 2649
31855 [0, 5400]: LP
	bnd = 5400.000000
	its = 1
	hyp = 673 / 2341
	cut = 2686
32477 [0, 5400]: LP
	bnd = 5400.000000
	its = 1
	hyp = 684 / 2341
	cut = 2721
33133 [0, 5400]: LP
	bnd = 5400.000000
	its = 1
	hyp = 750 / 2341
	cut = 2758
33685 [0, 5400]: LP
	bnd = 5400.000000
	its = 1
	hyp = 721 / 2341
	cut = 2797
34302 [0, 5400]: LP
	bnd = 5400.000000
	its = 1
	hyp = 745 / 2341
	cut = 2835
34964 [0, 5400]: LP
	bnd = 5400.000000
	its = 1
	hyp = 791 / 2341
	cut = 2870
35527 [0, 5400]: LP
	bnd = 5400.000000
	its = 1
	hyp = 764 / 2341
	cut = 2905
36015 [0, 5400]: LP
	bnd = 5400.000000
	its = 1
	hyp = 728 / 2341
	cut = 2939
36527 [0, 5400]: LP
	bnd = 5400.000000
	its = 1
	hyp = 740 / 2341
	cut = 2973
37066 [0, 5400]: LP
	bnd = 5400.000000
	its = 1
	hyp = 717 / 2341
	cut = 3046
37543 [0, 5400]: LP
	bnd = 5400.000000
	its = 1
	hyp = 661 / 2341
	cut = 3119
38001 [0, 5400]: LP
	bnd = 5400.000000
	its = 1
	hyp = 640 / 2341
	cut = 3156
38565 [0, 5400]: LP
	bnd = 5400.000000
	its = 1
	hyp = 605 / 2341
	cut = 3204
39040 [0, 5400]: LP
	bnd = 5400.000000
	its = 1
	hyp = 614 / 2341
	cut = 3252
39527 [0, 5400]: LP
	bnd = 5400.000000
	its = 1
	hyp = 603 / 2341
	cut = 3300
40078 [0, 5400]: LP
	bnd = 5400.000000
	its = 1
	hyp = 591 / 2341
	cut = 3373
40578 [0, 5400]: LP
	bnd = 5400.000000
	its = 1
	hyp = 620 / 2341
	cut = 3408
41041 [0, 5400]: LP
	bnd = 5400.000000
	its = 1
	hyp = 620 / 2341
	cut = 3443
41504 [0, 5400]: LP
	bnd = 5400.000000
	its = 1
	hyp = 577 / 2341
	cut = 3477
41983 [0, 5400]: LP
	bnd = 5400.000000
	its = 1
	hyp = 588 / 2341
	cut = 3510
42549 [0, 5400]: LP
	bnd = 5400.000000
	its = 1
	hyp = 618 / 2341
	cut = 3583
43072 [0, 5400]: LP
	bnd = 5400.000000
	its = 1
	hyp = 601 / 2341
	cut = 3656
43561 [0, 5400]: LP
	bnd = 5400.000000
	its = 1
	hyp = 605 / 2341
	cut = 3692
44032 [0, 5400]: LP
	bnd = 5400.000000
	its = 1
	hyp = 584 / 2341
	cut = 3728
44466 [0, 5400]: LP
	bnd = 5400.000000
	its = 1
	hyp = 584 / 2341
	cut = 3764
44893 [0, 5400]: LP
	bnd = 5400.000000
	its = 1
	hyp = 584 / 2341
	cut = 3800
45362 [0, 5400]: LP
	bnd = 5400.000000
	its = 1
	hyp = 600 / 2341
	cut = 3873
45783 [0, 5400]: LP
	bnd = 5400.000000
	its = 1
	hyp = 586 / 2341
	cut = 3909
46180 [0, 5400]: LP
	bnd = 5400.000000
	its = 1
	hyp = 586 / 2341
	cut = 3945
46575 [0, 5400]: LP
	bnd = 5400.000000
	its = 1
	hyp = 586 / 2341
	cut = 3981
46966 [0, 5400]: LP
	bnd = 5400.000000
	its = 1
	hyp = 586 / 2341
	cut = 4017
47400 [0, 5400]: LP
	bnd = 5400.000000
	its = 1
	hyp = 586 / 2341
	cut = 4053
47804 [0, 5400]: LP
	bnd = 5400.000000
	its = 1
	hyp = 586 / 2341
	cut = 4089
48208 [0, 5400]: LP
	bnd = 5400.000000
	its = 1
	hyp = 586 / 2341
	cut = 4126
48605 [0, 5400]: LP
	bnd = 5400.000000
	its = 1
	hyp = 586 / 2341
	cut = 4162
49013 [0, 5400]: LP
	bnd = 5400.000000
	its = 1
	hyp = 587 / 2341
	cut = 4203
49442 [0, 5400]: LP
	bnd = 5400.000000
	its = 1
	hyp = 586 / 2341
	cut = 4240
49850 [0, 5400]: LP
	bnd = 5400.000000
	its = 1
	hyp = 600 / 2341
	cut = 4277
50272 [0, 5400]: LP
	bnd = 5400.000000
	its = 1
	hyp = 600 / 2341
	cut = 4327
50696 [0, 5400]: LP
	bnd = 5400.000000
	its = 1
	hyp = 585 / 2341
	cut = 4374
51116 [0, 5400]: LP
	bnd = 5400.000000
	its = 1
	hyp = 584 / 2341
	cut = 4426
51527 [0, 5400]: LP
	bnd = 5400.000000
	its = 1
	hyp = 584 / 2341
	cut = 4478
51927 [0, 5400]: LP
	bnd = 5400.000000
	its = 1
	hyp = 584 / 2341
	cut = 4530
52324 [0, 5400]: LP
	bnd = 5400.000000
	its = 1
	hyp = 584 / 2341
	cut = 4576
52716 [0, 5400]: LP
	bnd = 5400.000000
	its = 1
	hyp = 584 / 2341
	cut = 4619
53118 [0, 5400]: LP
	bnd = 5400.000000
	its = 1
	hyp = 584 / 2341
	cut = 4678
53511 [0, 5400]: LP
	bnd = 5400.000000
	its = 1
	hyp = 584 / 2341
	cut = 4734
53883 [0, 5400]: LP
	bnd = 5400.000000
	its = 1
	hyp = 584 / 2341
	cut = 4783
54255 [0, 5400]: LP
	bnd = 5400.000000
	its = 1
	hyp = 584 / 2341
	cut = 4830
54628 [0, 5400]: LP
	bnd = 5400.000000
	its = 1
	hyp = 584 / 2341
	cut = 4875
54993 [0, 5400]: LP
	bnd = 5400.000000
	its = 1
	hyp = 584 / 2341
	cut = 4918
55351 [0, 5400]: LP
	bnd = 5400.000000
	its = 1
	hyp = 584 / 2341
	cut = 4959
55711 [0, 5400]: LP
	bnd = 5400.000000
	its = 1
	hyp = 584 / 2341
	cut = 5006
56074 [0, 5400]: LP
	bnd = 5400.000000
	its = 1
	hyp = 584 / 2341
	cut = 5067
56438 [0, 5400]: LP
	bnd = 5400.000000
	its = 1
	hyp = 584 / 2341
	cut = 5132
56802 [0, 5400]: LP
	bnd = 5400.000000
	its = 1
	hyp = 584 / 2341
	cut = 5192
57171 [0, 5400]: LP
	bnd = 5400.000000
	its = 1
	hyp = 584 / 2341
	cut = 5265
57539 [0, 5400]: LP
	bnd = 5400.000000
	its = 1
	hyp = 584 / 2341
	cut = 5338
57911 [0, 5400]: LP
	bnd = 5400.000000
	its = 1
	hyp = 584 / 2341
	cut = 5411
58279 [0, 5400]: LP
	bnd = 5400.000000
	its = 1
	hyp = 584 / 2341
	cut = 5484
58637 [0, 5400]: LP
	bnd = 5400.000000
	its = 1
	hyp = 584 / 2341
	cut = 5557
58996 [0, 5400]: LP
	bnd = 5400.000000
	its = 1
	hyp = 584 / 2341
	cut = 5630
59356 [0, 5400]: LP
	bnd = 5400.000000
	its = 1
	hyp = 584 / 2341
	cut = 5703
59708 [0, 5400]: LP
	bnd = 5400.000000
	its = 1
	hyp = 584 / 2341
	cut = 5776
60074 [0, 5400]: LP
	bnd = 5400.000000
	its = 1
	hyp = 584 / 2341
	cut = 5849
60428 [0, 5400]: LP
	bnd = 5400.000000
	its = 1
	hyp = 584 / 2341
	cut = 5922
60778 [0, 5400]: LP
	bnd = 5400.000000
	its = 1
	hyp = 584 / 2341
	cut = 5995
61131 [0, 5400]: LP
	bnd = 5400.000000
	its = 1
	hyp = 584 / 2341
	cut = 6068
61496 [0, 5400]: LP
	bnd = 5400.000000
	its = 1
	hyp = 584 / 2341
	cut = 6141
61854 [0, 5400]: LP
	bnd = 5400.000000
	its = 1
	hyp = 584 / 2341
	cut = 6214
62198 [0, 5400]: LP
	bnd = 5400.000000
	its = 1
	hyp = 584 / 2341
	cut = 6287
62544 [0, 5400]: LP
	bnd = 5400.000000
	its = 1
	hyp = 584 / 2341
	cut = 6360
62895 [0, 5400]: LP
	bnd = 5400.000000
	its = 1
	hyp = 584 / 2341
	cut = 6433
63238 [0, 5400]: LP
	bnd = 5400.000000
	its = 1
	hyp = 584 / 2341
	cut = 6506
63571 [0, 5400]: LP
	bnd = 5400.000000
	its = 1
	hyp = 584 / 2341
	cut = 6579
63903 [0, 5400]: LP
	bnd = 5400.000000
	its = 1
	hyp = 584 / 2341
	cut = 6652
64242 [0, 5400]: LP
	bnd = 5400.000000
	its = 1
	hyp = 584 / 2341
	cut = 6725
64571 [0, 5400]: LP
	bnd = 5400.000000
	its = 1
	hyp = 584 / 2341
	cut = 6798
64900 [0, 5400]: LP
	bnd = 5400.000000
	its = 1
	hyp = 584 / 2341
	cut = 6862
65224 [0, 5400]: LP
	bnd = 5400.000000
	its = 1
	hyp = 584 / 2341
	cut = 6935
65550 [0, 5400]: LP
	bnd = 5400.000000
	its = 1
	hyp = 584 / 2341
	cut = 7008
65884 [0, 5400]: LP
	bnd = 5400.000000
	its = 1
	hyp = 584 / 2341
	cut = 7081
66209 [0, 5400]: LP
	bnd = 5400.000000
	its = 1
	hyp = 584 / 2341
	cut = 7154
66495 [0, 5400]: HEURISTIC 81
66532 [0, 5400]: LP
	bnd = 5400.000000
	its = 1
	hyp = 584 / 2341
	cut = 7227
66849 [0, 5400]: LP
	bnd = 5400.000000
	its = 1
	hyp = 584 / 2341
	cut = 7300
67169 [0, 5400]: LP
	bnd = 5400.000000
	its = 1
	hyp = 584 / 2341
	cut = 7373
67494 [0, 5400]: LP
	bnd = 5400.000000
	its = 1
	hyp = 584 / 2341
	cut = 7446
67816 [0, 5400]: LP
	bnd = 5400.000000
	its = 1
	hyp = 584 / 2341
	cut = 7516
68129 [0, 5400]: LP
	bnd = 5400.000000
	its = 1
	hyp = 584 / 2341
	cut = 7586
68442 [0, 5400]: LP
	bnd = 5400.000000
	its = 1
	hyp = 584 / 2341
	cut = 7652
68749 [0, 5400]: LP
	bnd = 5400.000000
	its = 1
	hyp = 584 / 2341
	cut = 7697
69061 [0, 5400]: LP
	bnd = 5400.000000
	its = 1
	hyp = 584 / 2341
	cut = 7729
69370 [0, 5400]: LP
	bnd = 5400.000000
	its = 1
	hyp = 584 / 2341
	cut = 7757
69674 [0, 5400]: LP
	bnd = 5400.000000
	its = 1
	hyp = 584 / 2341
	cut = 7780
69977 [0, 5400]: LP
	bnd = 5400.000000
	its = 1
	hyp = 584 / 2341
	cut = 7799
70281 [0, 5400]: LP
	bnd = 5400.000000
	its = 1
	hyp = 584 / 2341
	cut = 7814
70587 [0, 5400]: LP
	bnd = 5400.000000
	its = 1
	hyp = 584 / 2341
	cut = 7822
70889 [0, 5400]: LP
	bnd = 5400.000000
	its = 1
	hyp = 584 / 2341
	cut = 7825
71193 [0, 5400]: LP
	bnd = 5400.000000
	its = 1
	hyp = 584 / 2341
	cut = 7828
71498 [0, 5400]: LP
	bnd = 5400.000000
	its = 1
	hyp = 584 / 2341
	cut = 7829
71747 [0, 5400]: LP STOP
279487 [0, 5400]: HEURISTIC 243
799788 [0, 5400]: HEURISTIC 729
2191826 [0, 5400]: HEURISTIC 2187
