hypergraph with 5414 vertices and 202799 hyperarcs generated in 92
468 [0, 5400]: LP
	bnd = 5400.000000
	its = 29
	hyp = 365 / 500
	cut = 0
869 [0, 5400]: LP
	bnd = 5400.000000
	its = 11
	hyp = 415 / 907
	cut = 73
1120 [0, 5400]: LP
	bnd = 5400.000000
	its = 4
	hyp = 364 / 1056
	cut = 144
1326 [0, 5400]: LP
	bnd = 5400.000000
	its = 2
	hyp = 439 / 1076
	cut = 213
1604 [0, 5400]: LP
	bnd = 5400.000000
	its = 3
	hyp = 453 / 1139
	cut = 275
1755 [0, 5400]: HEURISTIC 3
1840 [0, 5400]: LP
	bnd = 5400.000000
	its = 4
	hyp = 457 / 1205
	cut = 335
2140 [0, 5400]: LP
	bnd = 5400.000000
	its = 2
	hyp = 475 / 1242
	cut = 395
2488 [0, 5400]: LP
	bnd = 5400.000000
	its = 3
	hyp = 441 / 1301
	cut = 455
2749 [0, 5400]: LP
	bnd = 5400.000000
	its = 1
	hyp = 472 / 1301
	cut = 513
3202 [0, 5400]: LP
	bnd = 5400.000000
	its = 3
	hyp = 495 / 1407
	cut = 571
3474 [0, 5400]: LP
	bnd = 5400.000000
	its = 1
	hyp = 431 / 1407
	cut = 629
3849 [0, 5400]: LP
	bnd = 5400.000000
	its = 2
	hyp = 541 / 1486
	cut = 687
4176 [0, 5400]: LP
	bnd = 5400.000000
	its = 1
	hyp = 502 / 1486
	cut = 744
4610 [0, 5400]: LP
	bnd = 5400.000000
	its = 2
	hyp = 504 / 1527
	cut = 801
4968 [0, 5400]: LP
	bnd = 5400.000000
	its = 1
	hyp = 498 / 1527
	cut = 862
5394 [0, 5400]: LP
	bnd = 5400.000000
	its = 2
	hyp = 557 / 1566
	cut = 921
5769 [0, 5400]: LP
	bnd = 5400.000000
	its = 1
	hyp = 457 / 1566
	cut = 979
6145 [0, 5400]: LP
	bnd = 5400.000000
	its = 2
	hyp = 492 / 1608
	cut = 1037
6196 [0, 5400]: HEURISTIC 9
6605 [0, 5400]: LP
	bnd = 5400.000000
	its = 1
	hyp = 519 / 1608
	cut = 1095
7053 [0, 5400]: LP
	bnd = 5400.000000
	its = 2
	hyp = 518 / 1654
	cut = 1153
7563 [0, 5400]: LP
	bnd = 5400.000000
	its = 1
	hyp = 540 / 1654
	cut = 1209
8133 [0, 5400]: LP
	bnd = 5400.000000
	its = 2
	hyp = 616 / 1701
	cut = 1265
8540 [0, 5400]: LP
	bnd = 5400.000000
	its = 1
	hyp = 479 / 1701
	cut = 1321
8924 [0, 5400]: LP
	bnd = 5400.000000
	its = 1
	hyp = 496 / 1701
	cut = 1376
9431 [0, 5400]: LP
	bnd = 5400.000000
	its = 3
	hyp = 538 / 1813
	cut = 1432
9899 [0, 5400]: LP
	bnd = 5400.000000
	its = 1
	hyp = 521 / 1813
	cut = 1490
10274 [0, 5400]: LP
	bnd = 5400.000000
	its = 1
	hyp = 479 / 1813
	cut = 1547
10742 [0, 5400]: LP
	bnd = 5400.000000
	its = 1
	hyp = 552 / 1813
	cut = 1605
11385 [0, 5400]: LP
	bnd = 5400.000000
	its = 2
	hyp = 641 / 1836
	cut = 1661
11839 [0, 5400]: LP
	bnd = 5400.000000
	its = 1
	hyp = 494 / 1836
	cut = 1717
12518 [0, 5400]: LP
	bnd = 5400.000000
	its = 2
	hyp = 631 / 1888
	cut = 1773
13010 [0, 5400]: LP
	bnd = 5400.000000
	its = 1
	hyp = 556 / 1888
	cut = 1829
13759 [0, 5400]: LP
	bnd = 5400.000000
	its = 2
	hyp = 618 / 1913
	cut = 1885
14466 [0, 5400]: LP
	bnd = 5400.000000
	its = 2
	hyp = 614 / 1950
	cut = 1941
15215 [0, 5400]: LP
	bnd = 5400.000000
	its = 2
	hyp = 655 / 2000
	cut = 1997
15663 [0, 5400]: LP
	bnd = 5400.000000
	its = 1
	hyp = 483 / 2000
	cut = 2053
16160 [0, 5400]: LP
	bnd = 5400.000000
	its = 1
	hyp = 537 / 2000
	cut = 2109
16730 [0, 5400]: LP
	bnd = 5400.000000
	its = 1
	hyp = 518 / 2000
	cut = 2163
17381 [0, 5400]: LP
	bnd = 5400.000000
	its = 3
	hyp = 605 / 2148
	cut = 2217
18359 [0, 5400]: LP
	bnd = 5400.000000
	its = 1
	hyp = 564 / 2148
	cut = 2271
19079 [0, 5400]: LP
	bnd = 5400.000000
	its = 1
	hyp = 536 / 2148
	cut = 2325
19952 [0, 5400]: LP
	bnd = 5400.000000
	its = 1
	hyp = 604 / 2148
	cut = 2379
21013 [0, 5400]: LP
	bnd = 5400.000000
	its = 2
	hyp = 741 / 2207
	cut = 2433
21517 [0, 5400]: LP
	bnd = 5400.000000
	its = 1
	hyp = 526 / 2207
	cut = 2486
22075 [0, 5400]: LP
	bnd = 5400.000000
	its = 1
	hyp = 569 / 2207
	cut = 2538
22646 [0, 5400]: LP
	bnd = 5400.000000
	its = 1
	hyp = 602 / 2207
	cut = 2589
23405 [0, 5400]: LP
	bnd = 5400.000000
	its = 2
	hyp = 618 / 2246
	cut = 2640
23606 [0, 5400]: HEURISTIC 27
24502 [0, 5400]: LP
	bnd = 5400.000000
	its = 1
	hyp = 601 / 2246
	cut = 2692
25469 [0, 5400]: LP
	bnd = 5400.000000
	its = 1
	hyp = 642 / 2246
	cut = 2744
26367 [0, 5400]: LP
	bnd = 5400.000000
	its = 2
	hyp = 633 / 2269
	cut = 2796
27771 [0, 5400]: LP
	bnd = 5400.000000
	its = 1
	hyp = 634 / 2269
	cut = 2847
28483 [0, 5400]: LP
	bnd = 5400.000000
	its = 1
	hyp = 646 / 2269
	cut = 2899
29740 [0, 5400]: LP
	bnd = 5400.000000
	its = 2
	hyp = 763 / 2319
	cut = 2951
30588 [0, 5400]: LP
	bnd = 5400.000000
	its = 1
	hyp = 687 / 2319
	cut = 3003
31274 [0, 5400]: LP
	bnd = 5400.000000
	its = 1
	hyp = 655 / 2319
	cut = 3054
32387 [0, 5400]: LP
	bnd = 5400.000000
	its = 2
	hyp = 782 / 2355
	cut = 3107
33073 [0, 5400]: LP
	bnd = 5400.000000
	its = 1
	hyp = 578 / 2355
	cut = 3161
33875 [0, 5400]: LP
	bnd = 5400.000000
	its = 1
	hyp = 614 / 2355
	cut = 3215
34688 [0, 5400]: LP
	bnd = 5400.000000
	its = 1
	hyp = 649 / 2355
	cut = 3269
35913 [0, 5400]: LP
	bnd = 5400.000000
	its = 2
	hyp = 774 / 2407
	cut = 3323
36650 [0, 5400]: LP
	bnd = 5400.000000
	its = 1
	hyp = 576 / 2407
	cut = 3377
37401 [0, 5400]: LP
	bnd = 5400.000000
	its = 1
	hyp = 647 / 2407
	cut = 3428
38535 [0, 5400]: LP
	bnd = 5400.000000
	its = 2
	hyp = 795 / 2450
	cut = 3479
39147 [0, 5400]: LP
	bnd = 5400.000000
	its = 1
	hyp = 553 / 2450
	cut = 3530
39728 [0, 5400]: LP
	bnd = 5400.000000
	its = 1
	hyp = 609 / 2450
	cut = 3580
40511 [0, 5400]: LP
	bnd = 5400.000000
	its = 1
	hyp = 670 / 2450
	cut = 3630
41523 [0, 5400]: LP
	bnd = 5400.000000
	its = 1
	hyp = 619 / 2450
	cut = 3680
42296 [0, 5400]: LP
	bnd = 5400.000000
	its = 1
	hyp = 622 / 2450
	cut = 3727
43084 [0, 5400]: LP
	bnd = 5400.000000
	its = 1
	hyp = 538 / 2450
	cut = 3770
43842 [0, 5400]: LP
	bnd = 5400.000000
	its = 1
	hyp = 688 / 2450
	cut = 3815
44672 [0, 5400]: LP
	bnd = 5400.000000
	its = 2
	hyp = 709 / 2490
	cut = 3859
46463 [0, 5400]: LP
	bnd = 5400.000000
	its = 1
	hyp = 685 / 2490
	cut = 3904
47408 [0, 5400]: LP
	bnd = 5400.000000
	its = 1
	hyp = 543 / 2490
	cut = 3946
48691 [0, 5400]: LP
	bnd = 5400.000000
	its = 1
	hyp = 581 / 2490
	cut = 3989
50223 [0, 5400]: LP
	bnd = 5400.000000
	its = 1
	hyp = 555 / 2490
	cut = 4062
51479 [0, 5400]: LP
	bnd = 5400.000000
	its = 1
	hyp = 582 / 2490
	cut = 4105
52570 [0, 5400]: LP
	bnd = 5400.000000
	its = 1
	hyp = 539 / 2490
	cut = 4147
53754 [0, 5400]: LP
	bnd = 5400.000000
	its = 1
	hyp = 544 / 2490
	cut = 4189
55243 [0, 5400]: LP
	bnd = 5400.000000
	its = 1
	hyp = 530 / 2490
	cut = 4231
56236 [0, 5400]: LP
	bnd = 5400.000000
	its = 1
	hyp = 516 / 2490
	cut = 4273
57153 [0, 5400]: LP
	bnd = 5400.000000
	its = 1
	hyp = 486 / 2490
	cut = 4314
58222 [0, 5400]: LP
	bnd = 5400.000000
	its = 1
	hyp = 545 / 2490
	cut = 4355
59404 [0, 5400]: LP
	bnd = 5400.000000
	its = 1
	hyp = 583 / 2490
	cut = 4398
60207 [0, 5400]: LP
	bnd = 5400.000000
	its = 1
	hyp = 539 / 2490
	cut = 4440
60587 [0, 5400]: LP
	bnd = 5400.000000
	its = 1
	hyp = 530 / 2490
	cut = 4481
61958 [0, 5400]: LP
	bnd = 5400.000000
	its = 1
	hyp = 524 / 2490
	cut = 4538
62386 [0, 5400]: LP
	bnd = 5400.000000
	its = 1
	hyp = 593 / 2490
	cut = 4595
62823 [0, 5400]: LP
	bnd = 5400.000000
	its = 1
	hyp = 524 / 2490
	cut = 4632
63322 [0, 5400]: LP
	bnd = 5400.000000
	its = 1
	hyp = 508 / 2490
	cut = 4668
63685 [0, 5400]: LP
	bnd = 5400.000000
	its = 1
	hyp = 508 / 2490
	cut = 4704
64352 [0, 5400]: LP
	bnd = 5400.000000
	its = 1
	hyp = 509 / 2490
	cut = 4740
64834 [0, 5400]: LP
	bnd = 5400.000000
	its = 1
	hyp = 516 / 2490
	cut = 4777
65418 [0, 5400]: LP
	bnd = 5400.000000
	its = 1
	hyp = 518 / 2490
	cut = 4814
66035 [0, 5400]: LP
	bnd = 5400.000000
	its = 1
	hyp = 521 / 2490
	cut = 4851
66462 [0, 5400]: LP
	bnd = 5400.000000
	its = 1
	hyp = 514 / 2490
	cut = 4889
66821 [0, 5400]: LP
	bnd = 5400.000000
	its = 1
	hyp = 510 / 2490
	cut = 4926
67198 [0, 5400]: LP
	bnd = 5400.000000
	its = 1
	hyp = 521 / 2490
	cut = 4963
67681 [0, 5400]: LP
	bnd = 5400.000000
	its = 1
	hyp = 510 / 2490
	cut = 5000
68029 [0, 5400]: LP
	bnd = 5400.000000
	its = 1
	hyp = 510 / 2490
	cut = 5037
68372 [0, 5400]: LP
	bnd = 5400.000000
	its = 1
	hyp = 510 / 2490
	cut = 5074
68744 [0, 5400]: LP
	bnd = 5400.000000
	its = 1
	hyp = 518 / 2490
	cut = 5111
69093 [0, 5400]: LP
	bnd = 5400.000000
	its = 1
	hyp = 518 / 2490
	cut = 5148
69486 [0, 5400]: LP
	bnd = 5400.000000
	its = 1
	hyp = 510 / 2490
	cut = 5186
69826 [0, 5400]: LP
	bnd = 5400.000000
	its = 1
	hyp = 510 / 2490
	cut = 5224
70165 [0, 5400]: LP
	bnd = 5400.000000
	its = 1
	hyp = 510 / 2490
	cut = 5264
70506 [0, 5400]: LP
	bnd = 5400.000000
	its = 1
	hyp = 510 / 2490
	cut = 5302
70853 [0, 5400]: LP
	bnd = 5400.000000
	its = 1
	hyp = 510 / 2490
	cut = 5340
71201 [0, 5400]: LP
	bnd = 5400.000000
	its = 1
	hyp = 510 / 2490
	cut = 5378
71540 [0, 5400]: LP
	bnd = 5400.000000
	its = 1
	hyp = 510 / 2490
	cut = 5416
71875 [0, 5400]: LP
	bnd = 5400.000000
	its = 1
	hyp = 510 / 2490
	cut = 5454
72207 [0, 5400]: LP
	bnd = 5400.000000
	its = 1
	hyp = 510 / 2490
	cut = 5492
72549 [0, 5400]: LP
	bnd = 5400.000000
	its = 1
	hyp = 510 / 2490
	cut = 5565
72902 [0, 5400]: LP
	bnd = 5400.000000
	its = 1
	hyp = 510 / 2490
	cut = 5638
73243 [0, 5400]: LP
	bnd = 5400.000000
	its = 1
	hyp = 510 / 2490
	cut = 5711
73578 [0, 5400]: LP
	bnd = 5400.000000
	its = 1
	hyp = 510 / 2490
	cut = 5784
73913 [0, 5400]: LP
	bnd = 5400.000000
	its = 1
	hyp = 510 / 2490
	cut = 5857
74246 [0, 5400]: LP
	bnd = 5400.000000
	its = 1
	hyp = 510 / 2490
	cut = 5930
74576 [0, 5400]: LP
	bnd = 5400.000000
	its = 1
	hyp = 510 / 2490
	cut = 6003
74909 [0, 5400]: LP
	bnd = 5400.000000
	its = 1
	hyp = 510 / 2490
	cut = 6076
75241 [0, 5400]: LP
	bnd = 5400.000000
	its = 1
	hyp = 510 / 2490
	cut = 6149
75567 [0, 5400]: LP
	bnd = 5400.000000
	its = 1
	hyp = 510 / 2490
	cut = 6217
75892 [0, 5400]: LP
	bnd = 5400.000000
	its = 1
	hyp = 510 / 2490
	cut = 6290
76209 [0, 5400]: LP
	bnd = 5400.000000
	its = 1
	hyp = 510 / 2490
	cut = 6363
76520 [0, 5400]: LP
	bnd = 5400.000000
	its = 1
	hyp = 510 / 2490
	cut = 6436
76832 [0, 5400]: LP
	bnd = 5400.000000
	its = 1
	hyp = 510 / 2490
	cut = 6509
77148 [0, 5400]: LP
	bnd = 5400.000000
	its = 1
	hyp = 510 / 2490
	cut = 6582
77462 [0, 5400]: LP
	bnd = 5400.000000
	its = 1
	hyp = 510 / 2490
	cut = 6655
77773 [0, 5400]: LP
	bnd = 5400.000000
	its = 1
	hyp = 510 / 2490
	cut = 6728
78077 [0, 5400]: LP
	bnd = 5400.000000
	its = 1
	hyp = 510 / 2490
	cut = 6801
78384 [0, 5400]: LP
	bnd = 5400.000000
	its = 1
	hyp = 510 / 2490
	cut = 6874
78688 [0, 5400]: LP
	bnd = 5400.000000
	its = 1
	hyp = 510 / 2490
	cut = 6947
78989 [0, 5400]: LP
	bnd = 5400.000000
	its = 1
	hyp = 510 / 2490
	cut = 7020
79287 [0, 5400]: LP
	bnd = 5400.000000
	its = 1
	hyp = 510 / 2490
	cut = 7093
79585 [0, 5400]: LP
	bnd = 5400.000000
	its = 1
	hyp = 510 / 2490
	cut = 7166
79875 [0, 5400]: LP
	bnd = 5400.000000
	its = 1
	hyp = 510 / 2490
	cut = 7239
80160 [0, 5400]: LP
	bnd = 5400.000000
	its = 1
	hyp = 510 / 2490
	cut = 7312
80444 [0, 5400]: LP
	bnd = 5400.000000
	its = 1
	hyp = 510 / 2490
	cut = 7385
80721 [0, 5400]: LP
	bnd = 5400.000000
	its = 1
	hyp = 510 / 2490
	cut = 7458
80999 [0, 5400]: LP
	bnd = 5400.000000
	its = 1
	hyp = 510 / 2490
	cut = 7531
81271 [0, 5400]: LP
	bnd = 5400.000000
	its = 1
	hyp = 510 / 2490
	cut = 7604
81546 [0, 5400]: LP
	bnd = 5400.000000
	its = 1
	hyp = 510 / 2490
	cut = 7677
81819 [0, 5400]: LP
	bnd = 5400.000000
	its = 1
	hyp = 510 / 2490
	cut = 7750
82089 [0, 5400]: LP
	bnd = 5400.000000
	its = 1
	hyp = 510 / 2490
	cut = 7823
82355 [0, 5400]: LP
	bnd = 5400.000000
	its = 1
	hyp = 510 / 2490
	cut = 7896
82623 [0, 5400]: LP
	bnd = 5400.000000
	its = 1
	hyp = 510 / 2490
	cut = 7969
82892 [0, 5400]: LP
	bnd = 5400.000000
	its = 1
	hyp = 510 / 2490
	cut = 8042
83157 [0, 5400]: LP
	bnd = 5400.000000
	its = 1
	hyp = 510 / 2490
	cut = 8115
83419 [0, 5400]: LP
	bnd = 5400.000000
	its = 1
	hyp = 510 / 2490
	cut = 8184
83676 [0, 5400]: LP
	bnd = 5400.000000
	its = 1
	hyp = 510 / 2490
	cut = 8241
83931 [0, 5400]: LP
	bnd = 5400.000000
	its = 1
	hyp = 510 / 2490
	cut = 8293
84180 [0, 5400]: LP
	bnd = 5400.000000
	its = 1
	hyp = 510 / 2490
	cut = 8336
84429 [0, 5400]: LP
	bnd = 5400.000000
	its = 1
	hyp = 510 / 2490
	cut = 8378
84683 [0, 5400]: LP
	bnd = 5400.000000
	its = 1
	hyp = 510 / 2490
	cut = 8429
84929 [0, 5400]: LP
	bnd = 5400.000000
	its = 1
	hyp = 510 / 2490
	cut = 8470
85179 [0, 5400]: LP
	bnd = 5400.000000
	its = 1
	hyp = 510 / 2490
	cut = 8543
85429 [0, 5400]: LP
	bnd = 5400.000000
	its = 1
	hyp = 510 / 2490
	cut = 8604
85686 [0, 5400]: LP
	bnd = 5400.000000
	its = 1
	hyp = 510 / 2490
	cut = 8664
85934 [0, 5400]: LP
	bnd = 5400.000000
	its = 1
	hyp = 510 / 2490
	cut = 8712
86179 [0, 5400]: LP
	bnd = 5400.000000
	its = 1
	hyp = 510 / 2490
	cut = 8754
86423 [0, 5400]: LP
	bnd = 5400.000000
	its = 1
	hyp = 510 / 2490
	cut = 8789
86665 [0, 5400]: LP
	bnd = 5400.000000
	its = 1
	hyp = 510 / 2490
	cut = 8822
86909 [0, 5400]: LP
	bnd = 5400.000000
	its = 1
	hyp = 510 / 2490
	cut = 8857
87158 [0, 5400]: LP
	bnd = 5400.000000
	its = 1
	hyp = 510 / 2490
	cut = 8930
87401 [0, 5400]: LP
	bnd = 5400.000000
	its = 1
	hyp = 510 / 2490
	cut = 8967
87645 [0, 5400]: LP
	bnd = 5400.000000
	its = 1
	hyp = 510 / 2490
	cut = 8995
87888 [0, 5400]: LP
	bnd = 5400.000000
	its = 1
	hyp = 510 / 2490
	cut = 9014
88130 [0, 5400]: LP
	bnd = 5400.000000
	its = 1
	hyp = 510 / 2490
	cut = 9026
88372 [0, 5400]: LP
	bnd = 5400.000000
	its = 1
	hyp = 510 / 2490
	cut = 9030
88611 [0, 5400]: LP
	bnd = 5400.000000
	its = 1
	hyp = 510 / 2490
	cut = 9035
88850 [0, 5400]: LP
	bnd = 5400.000000
	its = 1
	hyp = 510 / 2490
	cut = 9038
89088 [0, 5400]: LP
	bnd = 5400.000000
	its = 1
	hyp = 510 / 2490
	cut = 9040
89264 [0, 5400]: LP STOP
114487 [0, 5400]: HEURISTIC 81
408201 [0, 5400]: HEURISTIC 243
2034846 [0, 5400]: HEURISTIC 729
