hypergraph with 5474 vertices and 207192 hyperarcs generated in 91
579 [0, 5400]: LP
	bnd = 5400.000000
	its = 37
	hyp = 330 / 477
	cut = 0
927 [0, 5400]: LP
	bnd = 5400.000000
	its = 10
	hyp = 404 / 814
	cut = 73
1163 [0, 5400]: LP
	bnd = 5400.000000
	its = 5
	hyp = 377 / 917
	cut = 146
1433 [0, 5400]: LP
	bnd = 5400.000000
	its = 3
	hyp = 401 / 1009
	cut = 209
1731 [0, 5400]: LP
	bnd = 5400.000000
	its = 3
	hyp = 430 / 1094
	cut = 270
1824 [0, 5400]: HEURISTIC 3
1963 [0, 5400]: LP
	bnd = 5400.000000
	its = 2
	hyp = 411 / 1109
	cut = 331
2344 [0, 5400]: LP
	bnd = 5400.000000
	its = 4
	hyp = 455 / 1222
	cut = 390
2629 [0, 5400]: LP
	bnd = 5400.000000
	its = 3
	hyp = 479 / 1286
	cut = 448
2875 [0, 5400]: LP
	bnd = 5400.000000
	its = 2
	hyp = 424 / 1335
	cut = 507
3359 [0, 5400]: LP
	bnd = 5400.000000
	its = 2
	hyp = 495 / 1365
	cut = 566
3722 [0, 5400]: LP
	bnd = 5400.000000
	its = 2
	hyp = 544 / 1405
	cut = 625
4141 [0, 5400]: LP
	bnd = 5400.000000
	its = 2
	hyp = 491 / 1441
	cut = 684
4565 [0, 5400]: LP
	bnd = 5400.000000
	its = 3
	hyp = 514 / 1530
	cut = 742
5059 [0, 5400]: LP
	bnd = 5400.000000
	its = 1
	hyp = 486 / 1530
	cut = 800
5660 [0, 5400]: LP
	bnd = 5400.000000
	its = 2
	hyp = 525 / 1566
	cut = 857
6133 [0, 5400]: LP
	bnd = 5400.000000
	its = 2
	hyp = 576 / 1638
	cut = 911
6347 [0, 5400]: HEURISTIC 9
6456 [0, 5400]: LP
	bnd = 5400.000000
	its = 1
	hyp = 442 / 1638
	cut = 965
6824 [0, 5400]: LP
	bnd = 5400.000000
	its = 1
	hyp = 461 / 1638
	cut = 1019
7450 [0, 5400]: LP
	bnd = 5400.000000
	its = 3
	hyp = 582 / 1698
	cut = 1072
7827 [0, 5400]: LP
	bnd = 5400.000000
	its = 1
	hyp = 493 / 1698
	cut = 1123
8608 [0, 5400]: LP
	bnd = 5400.000000
	its = 3
	hyp = 551 / 1774
	cut = 1173
9266 [0, 5400]: LP
	bnd = 5400.000000
	its = 2
	hyp = 608 / 1827
	cut = 1222
9716 [0, 5400]: LP
	bnd = 5400.000000
	its = 2
	hyp = 523 / 1847
	cut = 1273
10645 [0, 5400]: LP
	bnd = 5400.000000
	its = 2
	hyp = 559 / 1879
	cut = 1325
11057 [0, 5400]: LP
	bnd = 5400.000000
	its = 1
	hyp = 516 / 1879
	cut = 1377
11465 [0, 5400]: LP
	bnd = 5400.000000
	its = 1
	hyp = 509 / 1879
	cut = 1429
11941 [0, 5400]: LP
	bnd = 5400.000000
	its = 1
	hyp = 501 / 1879
	cut = 1480
12616 [0, 5400]: LP
	bnd = 5400.000000
	its = 2
	hyp = 578 / 1915
	cut = 1532
13202 [0, 5400]: LP
	bnd = 5400.000000
	its = 2
	hyp = 578 / 1961
	cut = 1584
13872 [0, 5400]: LP
	bnd = 5400.000000
	its = 1
	hyp = 541 / 1961
	cut = 1636
14371 [0, 5400]: LP
	bnd = 5400.000000
	its = 1
	hyp = 499 / 1961
	cut = 1687
14820 [0, 5400]: LP
	bnd = 5400.000000
	its = 1
	hyp = 540 / 1961
	cut = 1738
15654 [0, 5400]: LP
	bnd = 5400.000000
	its = 2
	hyp = 610 / 2015
	cut = 1789
16109 [0, 5400]: LP
	bnd = 5400.000000
	its = 1
	hyp = 494 / 2015
	cut = 1840
16530 [0, 5400]: LP
	bnd = 5400.000000
	its = 1
	hyp = 510 / 2015
	cut = 1889
17052 [0, 5400]: LP
	bnd = 5400.000000
	its = 1
	hyp = 516 / 2015
	cut = 1937
17498 [0, 5400]: LP
	bnd = 5400.000000
	its = 1
	hyp = 498 / 2015
	cut = 1985
17991 [0, 5400]: LP
	bnd = 5400.000000
	its = 1
	hyp = 499 / 2015
	cut = 2031
18416 [0, 5400]: LP
	bnd = 5400.000000
	its = 1
	hyp = 512 / 2015
	cut = 2075
18837 [0, 5400]: LP
	bnd = 5400.000000
	its = 1
	hyp = 470 / 2015
	cut = 2118
19431 [0, 5400]: LP
	bnd = 5400.000000
	its = 2
	hyp = 635 / 2079
	cut = 2162
19875 [0, 5400]: LP
	bnd = 5400.000000
	its = 1
	hyp = 482 / 2079
	cut = 2207
20404 [0, 5400]: LP
	bnd = 5400.000000
	its = 1
	hyp = 463 / 2079
	cut = 2251
20796 [0, 5400]: LP
	bnd = 5400.000000
	its = 1
	hyp = 457 / 2079
	cut = 2296
21206 [0, 5400]: LP
	bnd = 5400.000000
	its = 1
	hyp = 469 / 2079
	cut = 2341
21619 [0, 5400]: LP
	bnd = 5400.000000
	its = 1
	hyp = 496 / 2079
	cut = 2388
21994 [0, 5400]: LP
	bnd = 5400.000000
	its = 1
	hyp = 501 / 2079
	cut = 2435
22468 [0, 5400]: LP
	bnd = 5400.000000
	its = 1
	hyp = 465 / 2079
	cut = 2480
22993 [0, 5400]: LP
	bnd = 5400.000000
	its = 1
	hyp = 446 / 2079
	cut = 2524
23455 [0, 5400]: LP
	bnd = 5400.000000
	its = 1
	hyp = 418 / 2079
	cut = 2567
23999 [0, 5400]: LP
	bnd = 5400.000000
	its = 1
	hyp = 449 / 2079
	cut = 2610
24341 [0, 5400]: LP
	bnd = 5400.000000
	its = 1
	hyp = 438 / 2079
	cut = 2653
24678 [0, 5400]: LP
	bnd = 5400.000000
	its = 1
	hyp = 406 / 2079
	cut = 2698
24937 [0, 5400]: LP
	bnd = 5400.000000
	its = 1
	hyp = 406 / 2079
	cut = 2743
25195 [0, 5400]: LP
	bnd = 5400.000000
	its = 1
	hyp = 406 / 2079
	cut = 2787
25257 [0, 5400]: HEURISTIC 27
25452 [0, 5400]: LP
	bnd = 5400.000000
	its = 1
	hyp = 406 / 2079
	cut = 2831
25709 [0, 5400]: LP
	bnd = 5400.000000
	its = 1
	hyp = 415 / 2079
	cut = 2876
25988 [0, 5400]: LP
	bnd = 5400.000000
	its = 1
	hyp = 394 / 2079
	cut = 2922
26242 [0, 5400]: LP
	bnd = 5400.000000
	its = 1
	hyp = 394 / 2079
	cut = 2968
26498 [0, 5400]: LP
	bnd = 5400.000000
	its = 1
	hyp = 394 / 2079
	cut = 3014
26753 [0, 5400]: LP
	bnd = 5400.000000
	its = 1
	hyp = 394 / 2079
	cut = 3059
27008 [0, 5400]: LP
	bnd = 5400.000000
	its = 1
	hyp = 394 / 2079
	cut = 3104
27262 [0, 5400]: LP
	bnd = 5400.000000
	its = 1
	hyp = 394 / 2079
	cut = 3149
27532 [0, 5400]: LP
	bnd = 5400.000000
	its = 1
	hyp = 394 / 2079
	cut = 3196
27786 [0, 5400]: LP
	bnd = 5400.000000
	its = 1
	hyp = 394 / 2079
	cut = 3243
28043 [0, 5400]: LP
	bnd = 5400.000000
	its = 1
	hyp = 394 / 2079
	cut = 3290
28297 [0, 5400]: LP
	bnd = 5400.000000
	its = 1
	hyp = 394 / 2079
	cut = 3337
28552 [0, 5400]: LP
	bnd = 5400.000000
	its = 1
	hyp = 394 / 2079
	cut = 3384
28807 [0, 5400]: LP
	bnd = 5400.000000
	its = 1
	hyp = 394 / 2079
	cut = 3431
29062 [0, 5400]: LP
	bnd = 5400.000000
	its = 1
	hyp = 394 / 2079
	cut = 3478
29317 [0, 5400]: LP
	bnd = 5400.000000
	its = 1
	hyp = 394 / 2079
	cut = 3525
29572 [0, 5400]: LP
	bnd = 5400.000000
	its = 1
	hyp = 394 / 2079
	cut = 3572
29826 [0, 5400]: LP
	bnd = 5400.000000
	its = 1
	hyp = 394 / 2079
	cut = 3619
30080 [0, 5400]: LP
	bnd = 5400.000000
	its = 1
	hyp = 394 / 2079
	cut = 3667
30335 [0, 5400]: LP
	bnd = 5400.000000
	its = 1
	hyp = 394 / 2079
	cut = 3715
30595 [0, 5400]: LP
	bnd = 5400.000000
	its = 1
	hyp = 394 / 2079
	cut = 3778
30854 [0, 5400]: LP
	bnd = 5400.000000
	its = 1
	hyp = 394 / 2079
	cut = 3841
31109 [0, 5400]: LP
	bnd = 5400.000000
	its = 1
	hyp = 394 / 2079
	cut = 3889
31367 [0, 5400]: LP
	bnd = 5400.000000
	its = 1
	hyp = 394 / 2079
	cut = 3949
31625 [0, 5400]: LP
	bnd = 5400.000000
	its = 1
	hyp = 394 / 2079
	cut = 4008
31880 [0, 5400]: LP
	bnd = 5400.000000
	its = 1
	hyp = 394 / 2079
	cut = 4064
32135 [0, 5400]: LP
	bnd = 5400.000000
	its = 1
	hyp = 394 / 2079
	cut = 4116
32389 [0, 5400]: LP
	bnd = 5400.000000
	its = 1
	hyp = 394 / 2079
	cut = 4167
32642 [0, 5400]: LP
	bnd = 5400.000000
	its = 1
	hyp = 394 / 2079
	cut = 4218
32894 [0, 5400]: LP
	bnd = 5400.000000
	its = 1
	hyp = 394 / 2079
	cut = 4268
33149 [0, 5400]: LP
	bnd = 5400.000000
	its = 1
	hyp = 394 / 2079
	cut = 4331
33406 [0, 5400]: LP
	bnd = 5400.000000
	its = 1
	hyp = 394 / 2079
	cut = 4404
33663 [0, 5400]: LP
	bnd = 5400.000000
	its = 1
	hyp = 394 / 2079
	cut = 4477
33919 [0, 5400]: LP
	bnd = 5400.000000
	its = 1
	hyp = 394 / 2079
	cut = 4550
34169 [0, 5400]: LP
	bnd = 5400.000000
	its = 1
	hyp = 394 / 2079
	cut = 4617
34418 [0, 5400]: LP
	bnd = 5400.000000
	its = 1
	hyp = 394 / 2079
	cut = 4682
34661 [0, 5400]: LP
	bnd = 5400.000000
	its = 1
	hyp = 394 / 2079
	cut = 4744
34905 [0, 5400]: LP
	bnd = 5400.000000
	its = 1
	hyp = 394 / 2079
	cut = 4817
35149 [0, 5400]: LP
	bnd = 5400.000000
	its = 1
	hyp = 394 / 2079
	cut = 4890
35392 [0, 5400]: LP
	bnd = 5400.000000
	its = 1
	hyp = 394 / 2079
	cut = 4963
35631 [0, 5400]: LP
	bnd = 5400.000000
	its = 1
	hyp = 394 / 2079
	cut = 5036
35869 [0, 5400]: LP
	bnd = 5400.000000
	its = 1
	hyp = 394 / 2079
	cut = 5106
36107 [0, 5400]: LP
	bnd = 5400.000000
	its = 1
	hyp = 394 / 2079
	cut = 5176
36340 [0, 5400]: LP
	bnd = 5400.000000
	its = 1
	hyp = 394 / 2079
	cut = 5249
36569 [0, 5400]: LP
	bnd = 5400.000000
	its = 1
	hyp = 394 / 2079
	cut = 5322
36796 [0, 5400]: LP
	bnd = 5400.000000
	its = 1
	hyp = 394 / 2079
	cut = 5395
37020 [0, 5400]: LP
	bnd = 5400.000000
	its = 1
	hyp = 394 / 2079
	cut = 5468
37244 [0, 5400]: LP
	bnd = 5400.000000
	its = 1
	hyp = 394 / 2079
	cut = 5541
37463 [0, 5400]: LP
	bnd = 5400.000000
	its = 1
	hyp = 394 / 2079
	cut = 5614
37679 [0, 5400]: LP
	bnd = 5400.000000
	its = 1
	hyp = 394 / 2079
	cut = 5687
37896 [0, 5400]: LP
	bnd = 5400.000000
	its = 1
	hyp = 394 / 2079
	cut = 5760
38108 [0, 5400]: LP
	bnd = 5400.000000
	its = 1
	hyp = 394 / 2079
	cut = 5833
38316 [0, 5400]: LP
	bnd = 5400.000000
	its = 1
	hyp = 394 / 2079
	cut = 5906
38523 [0, 5400]: LP
	bnd = 5400.000000
	its = 1
	hyp = 394 / 2079
	cut = 5979
38727 [0, 5400]: LP
	bnd = 5400.000000
	its = 1
	hyp = 394 / 2079
	cut = 6052
38929 [0, 5400]: LP
	bnd = 5400.000000
	its = 1
	hyp = 394 / 2079
	cut = 6125
39129 [0, 5400]: LP
	bnd = 5400.000000
	its = 1
	hyp = 394 / 2079
	cut = 6198
39327 [0, 5400]: LP
	bnd = 5400.000000
	its = 1
	hyp = 394 / 2079
	cut = 6271
39524 [0, 5400]: LP
	bnd = 5400.000000
	its = 1
	hyp = 394 / 2079
	cut = 6344
39716 [0, 5400]: LP
	bnd = 5400.000000
	its = 1
	hyp = 394 / 2079
	cut = 6417
39907 [0, 5400]: LP
	bnd = 5400.000000
	its = 1
	hyp = 394 / 2079
	cut = 6490
40098 [0, 5400]: LP
	bnd = 5400.000000
	its = 1
	hyp = 394 / 2079
	cut = 6563
40286 [0, 5400]: LP
	bnd = 5400.000000
	its = 1
	hyp = 394 / 2079
	cut = 6636
40474 [0, 5400]: LP
	bnd = 5400.000000
	its = 1
	hyp = 394 / 2079
	cut = 6709
40663 [0, 5400]: LP
	bnd = 5400.000000
	its = 1
	hyp = 394 / 2079
	cut = 6782
40849 [0, 5400]: LP
	bnd = 5400.000000
	its = 1
	hyp = 394 / 2079
	cut = 6855
41034 [0, 5400]: LP
	bnd = 5400.000000
	its = 1
	hyp = 394 / 2079
	cut = 6928
41216 [0, 5400]: LP
	bnd = 5400.000000
	its = 1
	hyp = 394 / 2079
	cut = 7001
41398 [0, 5400]: LP
	bnd = 5400.000000
	its = 1
	hyp = 394 / 2079
	cut = 7074
41579 [0, 5400]: LP
	bnd = 5400.000000
	its = 1
	hyp = 394 / 2079
	cut = 7140
41762 [0, 5400]: LP
	bnd = 5400.000000
	its = 1
	hyp = 394 / 2079
	cut = 7213
41945 [0, 5400]: LP
	bnd = 5400.000000
	its = 1
	hyp = 394 / 2079
	cut = 7286
42126 [0, 5400]: LP
	bnd = 5400.000000
	its = 1
	hyp = 394 / 2079
	cut = 7359
42308 [0, 5400]: LP
	bnd = 5400.000000
	its = 1
	hyp = 394 / 2079
	cut = 7432
42483 [0, 5400]: LP
	bnd = 5400.000000
	its = 1
	hyp = 394 / 2079
	cut = 7455
42656 [0, 5400]: LP
	bnd = 5400.000000
	its = 1
	hyp = 394 / 2079
	cut = 7471
42829 [0, 5400]: LP
	bnd = 5400.000000
	its = 1
	hyp = 394 / 2079
	cut = 7479
43002 [0, 5400]: LP
	bnd = 5400.000000
	its = 1
	hyp = 394 / 2079
	cut = 7485
43174 [0, 5400]: LP
	bnd = 5400.000000
	its = 1
	hyp = 394 / 2079
	cut = 7487
43311 [0, 5400]: LP STOP
131099 [0, 5400]: HEURISTIC 81
484407 [0, 5400]: HEURISTIC 243
2842590 [0, 5400]: HEURISTIC 729
