hypergraph with 9538 vertices and 466267 hyperarcs generated in 196
1624 [0, 9600]: LP
	bnd = 9600.000000
	its = 50
	hyp = 517 / 859
	cut = 0
2436 [0, 9600]: LP
	bnd = 9600.000000
	its = 11
	hyp = 528 / 1274
	cut = 97
3276 [0, 9600]: LP
	bnd = 9600.000000
	its = 8
	hyp = 634 / 1513
	cut = 194
3984 [0, 9600]: LP
	bnd = 9600.000000
	its = 4
	hyp = 612 / 1603
	cut = 276
4715 [0, 9600]: LP
	bnd = 9600.000000
	its = 3
	hyp = 643 / 1666
	cut = 358
5510 [0, 9600]: LP
	bnd = 9600.000000
	its = 4
	hyp = 617 / 1780
	cut = 435
6268 [0, 9600]: LP
	bnd = 9600.000000
	its = 3
	hyp = 673 / 1839
	cut = 505
6984 [0, 9600]: LP
	bnd = 9600.000000
	its = 4
	hyp = 704 / 1920
	cut = 575
7661 [0, 9600]: LP
	bnd = 9600.000000
	its = 1
	hyp = 644 / 1920
	cut = 645
8609 [0, 9600]: LP
	bnd = 9600.000000
	its = 4
	hyp = 706 / 2051
	cut = 714
9437 [0, 9600]: LP
	bnd = 9600.000000
	its = 2
	hyp = 760 / 2095
	cut = 784
10282 [0, 9600]: LP
	bnd = 9600.000000
	its = 2
	hyp = 755 / 2129
	cut = 854
11346 [0, 9600]: LP
	bnd = 9600.000000
	its = 2
	hyp = 677 / 2163
	cut = 921
12279 [0, 9600]: LP
	bnd = 9600.000000
	its = 2
	hyp = 726 / 2199
	cut = 988
13186 [0, 9600]: LP
	bnd = 9600.000000
	its = 2
	hyp = 770 / 2236
	cut = 1055
14098 [0, 9600]: LP
	bnd = 9600.000000
	its = 2
	hyp = 731 / 2270
	cut = 1120
14374 [0, 9600]: HEURISTIC 3
15132 [0, 9600]: LP
	bnd = 9600.000000
	its = 2
	hyp = 755 / 2314
	cut = 1185
15958 [0, 9600]: LP
	bnd = 9600.000000
	its = 2
	hyp = 777 / 2371
	cut = 1256
17654 [0, 9600]: LP
	bnd = 9600.000000
	its = 2
	hyp = 716 / 2399
	cut = 1327
18950 [0, 9600]: LP
	bnd = 9600.000000
	its = 3
	hyp = 840 / 2484
	cut = 1398
20070 [0, 9600]: LP
	bnd = 9600.000000
	its = 2
	hyp = 872 / 2543
	cut = 1469
20975 [0, 9600]: LP
	bnd = 9600.000000
	its = 1
	hyp = 748 / 2543
	cut = 1540
22218 [0, 9600]: LP
	bnd = 9600.000000
	its = 2
	hyp = 843 / 2602
	cut = 1604
23232 [0, 9600]: LP
	bnd = 9600.000000
	its = 1
	hyp = 819 / 2602
	cut = 1666
24658 [0, 9600]: LP
	bnd = 9600.000000
	its = 2
	hyp = 854 / 2641
	cut = 1732
26025 [0, 9600]: LP
	bnd = 9600.000000
	its = 2
	hyp = 901 / 2698
	cut = 1798
27290 [0, 9600]: LP
	bnd = 9600.000000
	its = 2
	hyp = 856 / 2747
	cut = 1862
28321 [0, 9600]: LP
	bnd = 9600.000000
	its = 1
	hyp = 767 / 2747
	cut = 1925
29391 [0, 9600]: LP
	bnd = 9600.000000
	its = 1
	hyp = 691 / 2747
	cut = 1989
31305 [0, 9600]: LP
	bnd = 9600.000000
	its = 3
	hyp = 888 / 2841
	cut = 2054
32399 [0, 9600]: LP
	bnd = 9600.000000
	its = 1
	hyp = 767 / 2841
	cut = 2120
33666 [0, 9600]: LP
	bnd = 9600.000000
	its = 1
	hyp = 749 / 2841
	cut = 2188
34909 [0, 9600]: LP
	bnd = 9600.000000
	its = 2
	hyp = 820 / 2907
	cut = 2254
36359 [0, 9600]: LP
	bnd = 9600.000000
	its = 1
	hyp = 792 / 2907
	cut = 2318
37758 [0, 9600]: LP
	bnd = 9600.000000
	its = 1
	hyp = 770 / 2907
	cut = 2382
39297 [0, 9600]: LP
	bnd = 9600.000000
	its = 1
	hyp = 735 / 2907
	cut = 2444
40820 [0, 9600]: LP
	bnd = 9600.000000
	its = 2
	hyp = 807 / 2941
	cut = 2507
42020 [0, 9600]: LP
	bnd = 9600.000000
	its = 1
	hyp = 813 / 2941
	cut = 2571
43273 [0, 9600]: LP
	bnd = 9600.000000
	its = 1
	hyp = 798 / 2941
	cut = 2634
45219 [0, 9600]: LP
	bnd = 9600.000000
	its = 2
	hyp = 910 / 3001
	cut = 2697
47100 [0, 9600]: LP
	bnd = 9600.000000
	its = 2
	hyp = 845 / 3042
	cut = 2759
48286 [0, 9600]: LP
	bnd = 9600.000000
	its = 1
	hyp = 734 / 3042
	cut = 2823
50538 [0, 9600]: LP
	bnd = 9600.000000
	its = 2
	hyp = 897 / 3091
	cut = 2884
51868 [0, 9600]: LP
	bnd = 9600.000000
	its = 1
	hyp = 874 / 3091
	cut = 2944
53225 [0, 9600]: LP
	bnd = 9600.000000
	its = 1
	hyp = 842 / 3091
	cut = 3002
55255 [0, 9600]: LP
	bnd = 9600.000000
	its = 2
	hyp = 912 / 3140
	cut = 3060
56514 [0, 9600]: LP
	bnd = 9600.000000
	its = 1
	hyp = 810 / 3140
	cut = 3121
58028 [0, 9600]: LP
	bnd = 9600.000000
	its = 1
	hyp = 830 / 3140
	cut = 3177
60349 [0, 9600]: LP
	bnd = 9600.000000
	its = 2
	hyp = 900 / 3163
	cut = 3236
63521 [0, 9600]: LP
	bnd = 9600.000000
	its = 2
	hyp = 923 / 3214
	cut = 3296
64781 [0, 9600]: LP
	bnd = 9600.000000
	its = 1
	hyp = 822 / 3214
	cut = 3358
66119 [0, 9600]: LP
	bnd = 9600.000000
	its = 1
	hyp = 753 / 3214
	cut = 3418
67631 [0, 9600]: LP
	bnd = 9600.000000
	its = 1
	hyp = 798 / 3214
	cut = 3477
69082 [0, 9600]: LP
	bnd = 9600.000000
	its = 1
	hyp = 822 / 3214
	cut = 3535
71118 [0, 9600]: LP
	bnd = 9600.000000
	its = 2
	hyp = 922 / 3263
	cut = 3591
72803 [0, 9600]: LP
	bnd = 9600.000000
	its = 2
	hyp = 891 / 3287
	cut = 3645
75961 [0, 9600]: LP
	bnd = 9600.000000
	its = 1
	hyp = 861 / 3287
	cut = 3699
79786 [0, 9600]: LP
	bnd = 9600.000000
	its = 2
	hyp = 993 / 3347
	cut = 3755
81128 [0, 9600]: LP
	bnd = 9600.000000
	its = 1
	hyp = 806 / 3347
	cut = 3813
82690 [0, 9600]: LP
	bnd = 9600.000000
	its = 1
	hyp = 834 / 3347
	cut = 3870
84335 [0, 9600]: LP
	bnd = 9600.000000
	its = 1
	hyp = 848 / 3347
	cut = 3927
85952 [0, 9600]: LP
	bnd = 9600.000000
	its = 1
	hyp = 829 / 3347
	cut = 3986
88360 [0, 9600]: LP
	bnd = 9600.000000
	its = 2
	hyp = 855 / 3386
	cut = 4046
90950 [0, 9600]: LP
	bnd = 9600.000000
	its = 2
	hyp = 898 / 3442
	cut = 4106
92554 [0, 9600]: LP
	bnd = 9600.000000
	its = 1
	hyp = 875 / 3442
	cut = 4166
94055 [0, 9600]: LP
	bnd = 9600.000000
	its = 1
	hyp = 799 / 3442
	cut = 4223
95785 [0, 9600]: LP
	bnd = 9600.000000
	its = 2
	hyp = 919 / 3477
	cut = 4280
99145 [0, 9600]: LP
	bnd = 9600.000000
	its = 1
	hyp = 889 / 3477
	cut = 4339
100968 [0, 9600]: LP
	bnd = 9600.000000
	its = 1
	hyp = 862 / 3477
	cut = 4398
103310 [0, 9600]: LP
	bnd = 9600.000000
	its = 2
	hyp = 821 / 3549
	cut = 4460
105452 [0, 9600]: LP
	bnd = 9600.000000
	its = 1
	hyp = 820 / 3549
	cut = 4521
108617 [0, 9600]: LP
	bnd = 9600.000000
	its = 1
	hyp = 879 / 3549
	cut = 4582
111062 [0, 9600]: LP
	bnd = 9600.000000
	its = 2
	hyp = 910 / 3583
	cut = 4648
116810 [0, 9600]: LP
	bnd = 9600.000000
	its = 3
	hyp = 1111 / 3681
	cut = 4711
121055 [0, 9600]: LP
	bnd = 9600.000000
	its = 1
	hyp = 988 / 3681
	cut = 4774
125373 [0, 9600]: LP
	bnd = 9600.000000
	its = 1
	hyp = 984 / 3681
	cut = 4838
126272 [0, 9600]: HEURISTIC 9
129351 [0, 9600]: LP
	bnd = 9600.000000
	its = 1
	hyp = 963 / 3681
	cut = 4902
134765 [0, 9600]: LP
	bnd = 9600.000000
	its = 2
	hyp = 944 / 3716
	cut = 4964
136263 [0, 9600]: LP
	bnd = 9600.000000
	its = 1
	hyp = 828 / 3716
	cut = 5039
137605 [0, 9600]: LP
	bnd = 9600.000000
	its = 1
	hyp = 826 / 3716
	cut = 5111
139891 [0, 9600]: LP
	bnd = 9600.000000
	its = 1
	hyp = 904 / 3716
	cut = 5174
142800 [0, 9600]: LP
	bnd = 9600.000000
	its = 2
	hyp = 1081 / 3757
	cut = 5233
144337 [0, 9600]: LP
	bnd = 9600.000000
	its = 1
	hyp = 785 / 3757
	cut = 5313
145525 [0, 9600]: LP
	bnd = 9600.000000
	its = 1
	hyp = 709 / 3757
	cut = 5374
146794 [0, 9600]: LP
	bnd = 9600.000000
	its = 1
	hyp = 821 / 3757
	cut = 5452
148573 [0, 9600]: LP
	bnd = 9600.000000
	its = 1
	hyp = 912 / 3757
	cut = 5549
150309 [0, 9600]: LP
	bnd = 9600.000000
	its = 1
	hyp = 942 / 3757
	cut = 5638
152186 [0, 9600]: LP
	bnd = 9600.000000
	its = 1
	hyp = 908 / 3757
	cut = 5695
154523 [0, 9600]: LP
	bnd = 9600.000000
	its = 1
	hyp = 949 / 3757
	cut = 5753
156581 [0, 9600]: LP
	bnd = 9600.000000
	its = 1
	hyp = 957 / 3757
	cut = 5812
158842 [0, 9600]: LP
	bnd = 9600.000000
	its = 1
	hyp = 955 / 3757
	cut = 5870
161107 [0, 9600]: LP
	bnd = 9600.000000
	its = 2
	hyp = 889 / 3803
	cut = 5929
163937 [0, 9600]: LP
	bnd = 9600.000000
	its = 1
	hyp = 801 / 3803
	cut = 5987
166382 [0, 9600]: LP
	bnd = 9600.000000
	its = 1
	hyp = 722 / 3803
	cut = 6045
169741 [0, 9600]: LP
	bnd = 9600.000000
	its = 1
	hyp = 709 / 3803
	cut = 6103
172590 [0, 9600]: LP
	bnd = 9600.000000
	its = 1
	hyp = 706 / 3803
	cut = 6162
176179 [0, 9600]: LP
	bnd = 9600.000000
	its = 1
	hyp = 751 / 3803
	cut = 6225
179409 [0, 9600]: LP
	bnd = 9600.000000
	its = 1
	hyp = 774 / 3803
	cut = 6285
182581 [0, 9600]: LP
	bnd = 9600.000000
	its = 1
	hyp = 849 / 3803
	cut = 6345
186120 [0, 9600]: LP
	bnd = 9600.000000
	its = 1
	hyp = 1031 / 3803
	cut = 6407
190662 [0, 9600]: LP
	bnd = 9600.000000
	its = 1
	hyp = 957 / 3803
	cut = 6504
193800 [0, 9600]: LP
	bnd = 9600.000000
	its = 1
	hyp = 940 / 3803
	cut = 6601
197892 [0, 9600]: LP
	bnd = 9600.000000
	its = 1
	hyp = 999 / 3803
	cut = 6698
201826 [0, 9600]: LP
	bnd = 9600.000000
	its = 1
	hyp = 905 / 3803
	cut = 6759
205892 [0, 9600]: LP
	bnd = 9600.000000
	its = 2
	hyp = 1048 / 3852
	cut = 6821
211314 [0, 9600]: LP
	bnd = 9600.000000
	its = 1
	hyp = 941 / 3852
	cut = 6884
214713 [0, 9600]: LP
	bnd = 9600.000000
	its = 1
	hyp = 915 / 3852
	cut = 6945
218065 [0, 9600]: LP
	bnd = 9600.000000
	its = 1
	hyp = 855 / 3852
	cut = 7005
220840 [0, 9600]: LP
	bnd = 9600.000000
	its = 1
	hyp = 825 / 3852
	cut = 7064
224722 [0, 9600]: LP
	bnd = 9600.000000
	its = 1
	hyp = 927 / 3852
	cut = 7124
226496 [0, 9600]: LP
	bnd = 9600.000000
	its = 1
	hyp = 874 / 3852
	cut = 7184
228334 [0, 9600]: LP
	bnd = 9600.000000
	its = 1
	hyp = 894 / 3852
	cut = 7244
233115 [0, 9600]: LP
	bnd = 9600.000000
	its = 1
	hyp = 1023 / 3852
	cut = 7341
234964 [0, 9600]: LP
	bnd = 9600.000000
	its = 1
	hyp = 1047 / 3852
	cut = 7404
241152 [0, 9600]: LP
	bnd = 9600.000000
	its = 1
	hyp = 853 / 3852
	cut = 7468
244048 [0, 9600]: LP
	bnd = 9600.000000
	its = 2
	hyp = 1125 / 3913
	cut = 7530
246900 [0, 9600]: LP
	bnd = 9600.000000
	its = 1
	hyp = 990 / 3913
	cut = 7607
252218 [0, 9600]: LP
	bnd = 9600.000000
	its = 1
	hyp = 1005 / 3913
	cut = 7682
256994 [0, 9600]: LP
	bnd = 9600.000000
	its = 1
	hyp = 880 / 3913
	cut = 7744
262537 [0, 9600]: LP
	bnd = 9600.000000
	its = 1
	hyp = 813 / 3913
	cut = 7805
266484 [0, 9600]: LP
	bnd = 9600.000000
	its = 1
	hyp = 769 / 3913
	cut = 7902
271761 [0, 9600]: LP
	bnd = 9600.000000
	its = 1
	hyp = 881 / 3913
	cut = 7999
276682 [0, 9600]: LP
	bnd = 9600.000000
	its = 1
	hyp = 909 / 3913
	cut = 8060
283860 [0, 9600]: LP
	bnd = 9600.000000
	its = 1
	hyp = 869 / 3913
	cut = 8124
291465 [0, 9600]: LP
	bnd = 9600.000000
	its = 1
	hyp = 852 / 3913
	cut = 8188
303633 [0, 9600]: LP
	bnd = 9600.000000
	its = 2
	hyp = 959 / 3950
	cut = 8257
306754 [0, 9600]: LP
	bnd = 9600.000000
	its = 1
	hyp = 810 / 3950
	cut = 8354
309676 [0, 9600]: LP
	bnd = 9600.000000
	its = 1
	hyp = 822 / 3950
	cut = 8437
315175 [0, 9600]: LP
	bnd = 9600.000000
	its = 1
	hyp = 805 / 3950
	cut = 8520
320963 [0, 9600]: LP
	bnd = 9600.000000
	its = 1
	hyp = 732 / 3950
	cut = 8583
326108 [0, 9600]: LP
	bnd = 9600.000000
	its = 1
	hyp = 732 / 3950
	cut = 8657
330541 [0, 9600]: LP
	bnd = 9600.000000
	its = 1
	hyp = 786 / 3950
	cut = 8738
334914 [0, 9600]: LP
	bnd = 9600.000000
	its = 1
	hyp = 847 / 3950
	cut = 8811
340017 [0, 9600]: LP
	bnd = 9600.000000
	its = 1
	hyp = 873 / 3950
	cut = 8904
346026 [0, 9600]: LP
	bnd = 9600.000000
	its = 1
	hyp = 848 / 3950
	cut = 8990
351320 [0, 9600]: LP
	bnd = 9600.000000
	its = 1
	hyp = 856 / 3950
	cut = 9059
353358 [0, 9600]: LP
	bnd = 9600.000000
	its = 1
	hyp = 882 / 3950
	cut = 9122
359408 [0, 9600]: LP
	bnd = 9600.000000
	its = 1
	hyp = 973 / 3950
	cut = 9185
366289 [0, 9600]: LP
	bnd = 9600.000000
	its = 1
	hyp = 997 / 3950
	cut = 9270
368461 [0, 9600]: LP
	bnd = 9600.000000
	its = 1
	hyp = 705 / 3950
	cut = 9337
376135 [0, 9600]: LP
	bnd = 9600.000000
	its = 1
	hyp = 733 / 3950
	cut = 9400
376944 [0, 9600]: LP
	bnd = 9600.000000
	its = 1
	hyp = 734 / 3950
	cut = 9470
383658 [0, 9600]: LP
	bnd = 9600.000000
	its = 1
	hyp = 723 / 3950
	cut = 9567
388505 [0, 9600]: LP
	bnd = 9600.000000
	its = 1
	hyp = 709 / 3950
	cut = 9664
390925 [0, 9600]: LP
	bnd = 9600.000000
	its = 1
	hyp = 737 / 3950
	cut = 9757
404577 [0, 9600]: LP
	bnd = 9600.000000
	its = 1
	hyp = 694 / 3950
	cut = 9854
407548 [0, 9600]: LP
	bnd = 9600.000000
	its = 1
	hyp = 694 / 3950
	cut = 9951
413671 [0, 9600]: LP
	bnd = 9600.000000
	its = 1
	hyp = 694 / 3950
	cut = 10048
419876 [0, 9600]: LP
	bnd = 9600.000000
	its = 1
	hyp = 695 / 3950
	cut = 10145
420662 [0, 9600]: LP
	bnd = 9600.000000
	its = 1
	hyp = 695 / 3950
	cut = 10242
426955 [0, 9600]: LP
	bnd = 9600.000000
	its = 1
	hyp = 691 / 3950
	cut = 10339
428740 [0, 9600]: LP
	bnd = 9600.000000
	its = 1
	hyp = 691 / 3950
	cut = 10436
437307 [0, 9600]: LP
	bnd = 9600.000000
	its = 1
	hyp = 688 / 3950
	cut = 10533
438083 [0, 9600]: LP
	bnd = 9600.000000
	its = 1
	hyp = 688 / 3950
	cut = 10630
438865 [0, 9600]: LP
	bnd = 9600.000000
	its = 1
	hyp = 688 / 3950
	cut = 10727
439633 [0, 9600]: LP
	bnd = 9600.000000
	its = 1
	hyp = 688 / 3950
	cut = 10824
440393 [0, 9600]: LP
	bnd = 9600.000000
	its = 1
	hyp = 688 / 3950
	cut = 10915
441142 [0, 9600]: LP
	bnd = 9600.000000
	its = 1
	hyp = 688 / 3950
	cut = 10991
441888 [0, 9600]: LP
	bnd = 9600.000000
	its = 1
	hyp = 688 / 3950
	cut = 11065
442631 [0, 9600]: LP
	bnd = 9600.000000
	its = 1
	hyp = 688 / 3950
	cut = 11141
443362 [0, 9600]: LP
	bnd = 9600.000000
	its = 1
	hyp = 688 / 3950
	cut = 11213
444121 [0, 9600]: LP
	bnd = 9600.000000
	its = 1
	hyp = 688 / 3950
	cut = 11310
444863 [0, 9600]: LP
	bnd = 9600.000000
	its = 1
	hyp = 688 / 3950
	cut = 11390
445600 [0, 9600]: LP
	bnd = 9600.000000
	its = 1
	hyp = 688 / 3950
	cut = 11473
446322 [0, 9600]: LP
	bnd = 9600.000000
	its = 1
	hyp = 688 / 3950
	cut = 11539
447068 [0, 9600]: LP
	bnd = 9600.000000
	its = 1
	hyp = 688 / 3950
	cut = 11636
447803 [0, 9600]: LP
	bnd = 9600.000000
	its = 1
	hyp = 688 / 3950
	cut = 11728
448526 [0, 9600]: LP
	bnd = 9600.000000
	its = 1
	hyp = 688 / 3950
	cut = 11804
449253 [0, 9600]: LP
	bnd = 9600.000000
	its = 1
	hyp = 688 / 3950
	cut = 11901
449978 [0, 9600]: LP
	bnd = 9600.000000
	its = 1
	hyp = 688 / 3950
	cut = 11998
450696 [0, 9600]: LP
	bnd = 9600.000000
	its = 1
	hyp = 688 / 3950
	cut = 12095
451411 [0, 9600]: LP
	bnd = 9600.000000
	its = 1
	hyp = 688 / 3950
	cut = 12192
452119 [0, 9600]: LP
	bnd = 9600.000000
	its = 1
	hyp = 688 / 3950
	cut = 12289
452818 [0, 9600]: LP
	bnd = 9600.000000
	its = 1
	hyp = 688 / 3950
	cut = 12386
453526 [0, 9600]: LP
	bnd = 9600.000000
	its = 1
	hyp = 688 / 3950
	cut = 12483
454226 [0, 9600]: LP
	bnd = 9600.000000
	its = 1
	hyp = 688 / 3950
	cut = 12566
454932 [0, 9600]: LP
	bnd = 9600.000000
	its = 1
	hyp = 688 / 3950
	cut = 12663
455624 [0, 9600]: LP
	bnd = 9600.000000
	its = 1
	hyp = 688 / 3950
	cut = 12760
456317 [0, 9600]: LP
	bnd = 9600.000000
	its = 1
	hyp = 688 / 3950
	cut = 12857
457006 [0, 9600]: LP
	bnd = 9600.000000
	its = 1
	hyp = 688 / 3950
	cut = 12954
457683 [0, 9600]: LP
	bnd = 9600.000000
	its = 1
	hyp = 688 / 3950
	cut = 13051
458355 [0, 9600]: LP
	bnd = 9600.000000
	its = 1
	hyp = 688 / 3950
	cut = 13148
459022 [0, 9600]: LP
	bnd = 9600.000000
	its = 1
	hyp = 688 / 3950
	cut = 13245
459682 [0, 9600]: LP
	bnd = 9600.000000
	its = 1
	hyp = 688 / 3950
	cut = 13342
460337 [0, 9600]: LP
	bnd = 9600.000000
	its = 1
	hyp = 688 / 3950
	cut = 13439
460982 [0, 9600]: LP
	bnd = 9600.000000
	its = 1
	hyp = 688 / 3950
	cut = 13536
461624 [0, 9600]: LP
	bnd = 9600.000000
	its = 1
	hyp = 688 / 3950
	cut = 13633
462249 [0, 9600]: LP
	bnd = 9600.000000
	its = 1
	hyp = 688 / 3950
	cut = 13730
462861 [0, 9600]: LP
	bnd = 9600.000000
	its = 1
	hyp = 688 / 3950
	cut = 13827
463474 [0, 9600]: LP
	bnd = 9600.000000
	its = 1
	hyp = 688 / 3950
	cut = 13924
464084 [0, 9600]: LP
	bnd = 9600.000000
	its = 1
	hyp = 688 / 3950
	cut = 14021
464684 [0, 9600]: LP
	bnd = 9600.000000
	its = 1
	hyp = 688 / 3950
	cut = 14118
465281 [0, 9600]: LP
	bnd = 9600.000000
	its = 1
	hyp = 688 / 3950
	cut = 14215
465874 [0, 9600]: LP
	bnd = 9600.000000
	its = 1
	hyp = 688 / 3950
	cut = 14312
466467 [0, 9600]: LP
	bnd = 9600.000000
	its = 1
	hyp = 688 / 3950
	cut = 14409
467061 [0, 9600]: LP
	bnd = 9600.000000
	its = 1
	hyp = 688 / 3950
	cut = 14506
467644 [0, 9600]: LP
	bnd = 9600.000000
	its = 1
	hyp = 688 / 3950
	cut = 14603
468225 [0, 9600]: LP
	bnd = 9600.000000
	its = 1
	hyp = 688 / 3950
	cut = 14700
468803 [0, 9600]: LP
	bnd = 9600.000000
	its = 1
	hyp = 688 / 3950
	cut = 14797
469379 [0, 9600]: LP
	bnd = 9600.000000
	its = 1
	hyp = 688 / 3950
	cut = 14894
469952 [0, 9600]: LP
	bnd = 9600.000000
	its = 1
	hyp = 688 / 3950
	cut = 14991
470523 [0, 9600]: LP
	bnd = 9600.000000
	its = 1
	hyp = 688 / 3950
	cut = 15088
471091 [0, 9600]: LP
	bnd = 9600.000000
	its = 1
	hyp = 688 / 3950
	cut = 15185
471657 [0, 9600]: LP
	bnd = 9600.000000
	its = 1
	hyp = 688 / 3950
	cut = 15282
472227 [0, 9600]: LP
	bnd = 9600.000000
	its = 1
	hyp = 688 / 3950
	cut = 15379
472788 [0, 9600]: LP
	bnd = 9600.000000
	its = 1
	hyp = 688 / 3950
	cut = 15476
473347 [0, 9600]: LP
	bnd = 9600.000000
	its = 1
	hyp = 688 / 3950
	cut = 15573
473909 [0, 9600]: LP
	bnd = 9600.000000
	its = 1
	hyp = 688 / 3950
	cut = 15670
474472 [0, 9600]: LP
	bnd = 9600.000000
	its = 1
	hyp = 688 / 3950
	cut = 15767
475030 [0, 9600]: LP
	bnd = 9600.000000
	its = 1
	hyp = 688 / 3950
	cut = 15864
475589 [0, 9600]: LP
	bnd = 9600.000000
	its = 1
	hyp = 688 / 3950
	cut = 15961
476149 [0, 9600]: LP
	bnd = 9600.000000
	its = 1
	hyp = 688 / 3950
	cut = 16058
476710 [0, 9600]: LP
	bnd = 9600.000000
	its = 1
	hyp = 688 / 3950
	cut = 16155
477269 [0, 9600]: LP
	bnd = 9600.000000
	its = 1
	hyp = 688 / 3950
	cut = 16252
477830 [0, 9600]: LP
	bnd = 9600.000000
	its = 1
	hyp = 688 / 3950
	cut = 16349
478391 [0, 9600]: LP
	bnd = 9600.000000
	its = 1
	hyp = 688 / 3950
	cut = 16446
478955 [0, 9600]: LP
	bnd = 9600.000000
	its = 1
	hyp = 688 / 3950
	cut = 16543
479502 [0, 9600]: LP
	bnd = 9600.000000
	its = 1
	hyp = 688 / 3950
	cut = 16583
480036 [0, 9600]: LP
	bnd = 9600.000000
	its = 1
	hyp = 688 / 3950
	cut = 16605
480570 [0, 9600]: LP
	bnd = 9600.000000
	its = 1
	hyp = 688 / 3950
	cut = 16620
481126 [0, 9600]: LP
	bnd = 9600.000000
	its = 1
	hyp = 688 / 3950
	cut = 16630
481667 [0, 9600]: LP
	bnd = 9600.000000
	its = 1
	hyp = 688 / 3950
	cut = 16637
482202 [0, 9600]: LP
	bnd = 9600.000000
	its = 1
	hyp = 688 / 3950
	cut = 16639
482741 [0, 9600]: LP
	bnd = 9600.000000
	its = 1
	hyp = 688 / 3950
	cut = 16640
483099 [0, 9600]: LP STOP
2016561 [0, 9600]: HEURISTIC 27
4138624 [0, 9600]: HEURISTIC 81
