hypergraph with 9420 vertices and 460457 hyperarcs generated in 194
1569 [0, 9600]: LP
	bnd = 9600.000000
	its = 48
	hyp = 590 / 862
	cut = 0
2616 [0, 9600]: LP
	bnd = 9600.000000
	its = 13
	hyp = 640 / 1382
	cut = 97
3275 [0, 9600]: LP
	bnd = 9600.000000
	its = 7
	hyp = 634 / 1597
	cut = 187
4071 [0, 9600]: LP
	bnd = 9600.000000
	its = 4
	hyp = 673 / 1706
	cut = 272
4794 [0, 9600]: LP
	bnd = 9600.000000
	its = 3
	hyp = 793 / 1770
	cut = 353
5187 [0, 9600]: HEURISTIC 3
5781 [0, 9600]: LP
	bnd = 9600.000000
	its = 4
	hyp = 770 / 1878
	cut = 434
6661 [0, 9600]: LP
	bnd = 9600.000000
	its = 3
	hyp = 727 / 1941
	cut = 514
7462 [0, 9600]: LP
	bnd = 9600.000000
	its = 2
	hyp = 757 / 1985
	cut = 594
8202 [0, 9600]: LP
	bnd = 9600.000000
	its = 2
	hyp = 730 / 2016
	cut = 673
9281 [0, 9600]: LP
	bnd = 9600.000000
	its = 3
	hyp = 738 / 2078
	cut = 750
10122 [0, 9600]: LP
	bnd = 9600.000000
	its = 2
	hyp = 713 / 2121
	cut = 827
10828 [0, 9600]: LP
	bnd = 9600.000000
	its = 2
	hyp = 751 / 2162
	cut = 904
11712 [0, 9600]: LP
	bnd = 9600.000000
	its = 2
	hyp = 790 / 2219
	cut = 979
12649 [0, 9600]: LP
	bnd = 9600.000000
	its = 2
	hyp = 745 / 2253
	cut = 1054
13421 [0, 9600]: LP
	bnd = 9600.000000
	its = 1
	hyp = 757 / 2253
	cut = 1129
14483 [0, 9600]: LP
	bnd = 9600.000000
	its = 2
	hyp = 813 / 2316
	cut = 1204
15624 [0, 9600]: LP
	bnd = 9600.000000
	its = 2
	hyp = 833 / 2373
	cut = 1277
16794 [0, 9600]: LP
	bnd = 9600.000000
	its = 2
	hyp = 849 / 2414
	cut = 1344
17675 [0, 9600]: HEURISTIC 9
18035 [0, 9600]: LP
	bnd = 9600.000000
	its = 2
	hyp = 882 / 2459
	cut = 1410
18923 [0, 9600]: LP
	bnd = 9600.000000
	its = 1
	hyp = 802 / 2459
	cut = 1478
20281 [0, 9600]: LP
	bnd = 9600.000000
	its = 2
	hyp = 906 / 2515
	cut = 1545
21437 [0, 9600]: LP
	bnd = 9600.000000
	its = 2
	hyp = 825 / 2578
	cut = 1611
22355 [0, 9600]: LP
	bnd = 9600.000000
	its = 1
	hyp = 758 / 2578
	cut = 1678
23776 [0, 9600]: LP
	bnd = 9600.000000
	its = 2
	hyp = 883 / 2659
	cut = 1744
24837 [0, 9600]: LP
	bnd = 9600.000000
	its = 1
	hyp = 793 / 2659
	cut = 1810
26301 [0, 9600]: LP
	bnd = 9600.000000
	its = 2
	hyp = 863 / 2725
	cut = 1876
27216 [0, 9600]: LP
	bnd = 9600.000000
	its = 1
	hyp = 702 / 2725
	cut = 1944
28271 [0, 9600]: LP
	bnd = 9600.000000
	its = 1
	hyp = 747 / 2725
	cut = 2011
29325 [0, 9600]: LP
	bnd = 9600.000000
	its = 1
	hyp = 768 / 2725
	cut = 2079
30453 [0, 9600]: LP
	bnd = 9600.000000
	its = 1
	hyp = 762 / 2725
	cut = 2149
31947 [0, 9600]: LP
	bnd = 9600.000000
	its = 2
	hyp = 859 / 2793
	cut = 2219
33034 [0, 9600]: LP
	bnd = 9600.000000
	its = 1
	hyp = 852 / 2793
	cut = 2289
34117 [0, 9600]: LP
	bnd = 9600.000000
	its = 1
	hyp = 801 / 2793
	cut = 2358
35613 [0, 9600]: LP
	bnd = 9600.000000
	its = 2
	hyp = 884 / 2837
	cut = 2425
36834 [0, 9600]: LP
	bnd = 9600.000000
	its = 1
	hyp = 758 / 2837
	cut = 2492
38047 [0, 9600]: LP
	bnd = 9600.000000
	its = 1
	hyp = 832 / 2837
	cut = 2560
39196 [0, 9600]: LP
	bnd = 9600.000000
	its = 2
	hyp = 929 / 2902
	cut = 2628
40654 [0, 9600]: LP
	bnd = 9600.000000
	its = 1
	hyp = 783 / 2902
	cut = 2695
41439 [0, 9600]: LP
	bnd = 9600.000000
	its = 1
	hyp = 747 / 2902
	cut = 2763
42493 [0, 9600]: LP
	bnd = 9600.000000
	its = 1
	hyp = 862 / 2902
	cut = 2828
44757 [0, 9600]: LP
	bnd = 9600.000000
	its = 3
	hyp = 893 / 3012
	cut = 2895
46850 [0, 9600]: LP
	bnd = 9600.000000
	its = 1
	hyp = 860 / 3012
	cut = 2962
48327 [0, 9600]: LP
	bnd = 9600.000000
	its = 1
	hyp = 877 / 3012
	cut = 3029
50878 [0, 9600]: LP
	bnd = 9600.000000
	its = 2
	hyp = 977 / 3044
	cut = 3096
52649 [0, 9600]: LP
	bnd = 9600.000000
	its = 1
	hyp = 824 / 3044
	cut = 3164
54629 [0, 9600]: LP
	bnd = 9600.000000
	its = 2
	hyp = 983 / 3088
	cut = 3232
56058 [0, 9600]: LP
	bnd = 9600.000000
	its = 1
	hyp = 832 / 3088
	cut = 3298
58017 [0, 9600]: LP
	bnd = 9600.000000
	its = 2
	hyp = 965 / 3130
	cut = 3364
59088 [0, 9600]: LP
	bnd = 9600.000000
	its = 1
	hyp = 734 / 3130
	cut = 3432
60344 [0, 9600]: LP
	bnd = 9600.000000
	its = 1
	hyp = 883 / 3130
	cut = 3499
61708 [0, 9600]: LP
	bnd = 9600.000000
	its = 1
	hyp = 862 / 3130
	cut = 3566
63019 [0, 9600]: LP
	bnd = 9600.000000
	its = 1
	hyp = 739 / 3130
	cut = 3631
64303 [0, 9600]: LP
	bnd = 9600.000000
	its = 2
	hyp = 840 / 3179
	cut = 3696
65699 [0, 9600]: LP
	bnd = 9600.000000
	its = 1
	hyp = 828 / 3179
	cut = 3761
67699 [0, 9600]: LP
	bnd = 9600.000000
	its = 1
	hyp = 815 / 3179
	cut = 3827
69237 [0, 9600]: LP
	bnd = 9600.000000
	its = 1
	hyp = 788 / 3179
	cut = 3893
70291 [0, 9600]: LP
	bnd = 9600.000000
	its = 1
	hyp = 641 / 3179
	cut = 3958
71947 [0, 9600]: LP
	bnd = 9600.000000
	its = 1
	hyp = 646 / 3179
	cut = 4023
73848 [0, 9600]: LP
	bnd = 9600.000000
	its = 1
	hyp = 638 / 3179
	cut = 4088
75781 [0, 9600]: LP
	bnd = 9600.000000
	its = 1
	hyp = 617 / 3179
	cut = 4153
76141 [0, 9600]: HEURISTIC 27
77486 [0, 9600]: LP
	bnd = 9600.000000
	its = 1
	hyp = 642 / 3179
	cut = 4219
79556 [0, 9600]: LP
	bnd = 9600.000000
	its = 1
	hyp = 623 / 3179
	cut = 4285
81708 [0, 9600]: LP
	bnd = 9600.000000
	its = 1
	hyp = 617 / 3179
	cut = 4351
83732 [0, 9600]: LP
	bnd = 9600.000000
	its = 1
	hyp = 638 / 3179
	cut = 4417
84598 [0, 9600]: LP
	bnd = 9600.000000
	its = 1
	hyp = 672 / 3179
	cut = 4482
86812 [0, 9600]: LP
	bnd = 9600.000000
	its = 1
	hyp = 628 / 3179
	cut = 4547
88244 [0, 9600]: LP
	bnd = 9600.000000
	its = 1
	hyp = 614 / 3179
	cut = 4612
89654 [0, 9600]: LP
	bnd = 9600.000000
	its = 1
	hyp = 616 / 3179
	cut = 4677
91509 [0, 9600]: LP
	bnd = 9600.000000
	its = 1
	hyp = 617 / 3179
	cut = 4742
93294 [0, 9600]: LP
	bnd = 9600.000000
	its = 1
	hyp = 615 / 3179
	cut = 4807
94058 [0, 9600]: LP
	bnd = 9600.000000
	its = 1
	hyp = 607 / 3179
	cut = 4885
95033 [0, 9600]: LP
	bnd = 9600.000000
	its = 1
	hyp = 611 / 3179
	cut = 4965
95976 [0, 9600]: LP
	bnd = 9600.000000
	its = 1
	hyp = 621 / 3179
	cut = 5032
97239 [0, 9600]: LP
	bnd = 9600.000000
	its = 1
	hyp = 623 / 3179
	cut = 5097
97818 [0, 9600]: LP
	bnd = 9600.000000
	its = 1
	hyp = 623 / 3179
	cut = 5162
98405 [0, 9600]: LP
	bnd = 9600.000000
	its = 1
	hyp = 623 / 3179
	cut = 5259
98997 [0, 9600]: LP
	bnd = 9600.000000
	its = 1
	hyp = 623 / 3179
	cut = 5356
100000 [0, 9600]: LP
	bnd = 9600.000000
	its = 1
	hyp = 625 / 3179
	cut = 5453
100906 [0, 9600]: LP
	bnd = 9600.000000
	its = 1
	hyp = 629 / 3179
	cut = 5550
101477 [0, 9600]: LP
	bnd = 9600.000000
	its = 1
	hyp = 629 / 3179
	cut = 5639
102155 [0, 9600]: LP
	bnd = 9600.000000
	its = 1
	hyp = 642 / 3179
	cut = 5716
102751 [0, 9600]: LP
	bnd = 9600.000000
	its = 1
	hyp = 629 / 3179
	cut = 5792
103421 [0, 9600]: LP
	bnd = 9600.000000
	its = 1
	hyp = 629 / 3179
	cut = 5860
103991 [0, 9600]: LP
	bnd = 9600.000000
	its = 1
	hyp = 629 / 3179
	cut = 5957
104563 [0, 9600]: LP
	bnd = 9600.000000
	its = 1
	hyp = 629 / 3179
	cut = 6054
105132 [0, 9600]: LP
	bnd = 9600.000000
	its = 1
	hyp = 629 / 3179
	cut = 6151
105707 [0, 9600]: LP
	bnd = 9600.000000
	its = 1
	hyp = 629 / 3179
	cut = 6248
106273 [0, 9600]: LP
	bnd = 9600.000000
	its = 1
	hyp = 629 / 3179
	cut = 6345
106869 [0, 9600]: LP
	bnd = 9600.000000
	its = 1
	hyp = 629 / 3179
	cut = 6442
107435 [0, 9600]: LP
	bnd = 9600.000000
	its = 1
	hyp = 629 / 3179
	cut = 6539
108001 [0, 9600]: LP
	bnd = 9600.000000
	its = 1
	hyp = 629 / 3179
	cut = 6636
108663 [0, 9600]: LP
	bnd = 9600.000000
	its = 1
	hyp = 626 / 3179
	cut = 6733
109238 [0, 9600]: LP
	bnd = 9600.000000
	its = 1
	hyp = 625 / 3179
	cut = 6830
110428 [0, 9600]: LP
	bnd = 9600.000000
	its = 1
	hyp = 826 / 3179
	cut = 6927
111110 [0, 9600]: LP
	bnd = 9600.000000
	its = 1
	hyp = 626 / 3179
	cut = 6983
111631 [0, 9600]: LP
	bnd = 9600.000000
	its = 1
	hyp = 626 / 3179
	cut = 7039
112155 [0, 9600]: LP
	bnd = 9600.000000
	its = 1
	hyp = 626 / 3179
	cut = 7095
112689 [0, 9600]: LP
	bnd = 9600.000000
	its = 1
	hyp = 626 / 3179
	cut = 7151
113205 [0, 9600]: LP
	bnd = 9600.000000
	its = 1
	hyp = 626 / 3179
	cut = 7207
113727 [0, 9600]: LP
	bnd = 9600.000000
	its = 1
	hyp = 626 / 3179
	cut = 7263
114244 [0, 9600]: LP
	bnd = 9600.000000
	its = 1
	hyp = 626 / 3179
	cut = 7319
114757 [0, 9600]: LP
	bnd = 9600.000000
	its = 1
	hyp = 626 / 3179
	cut = 7376
115268 [0, 9600]: LP
	bnd = 9600.000000
	its = 1
	hyp = 626 / 3179
	cut = 7433
115772 [0, 9600]: LP
	bnd = 9600.000000
	its = 1
	hyp = 626 / 3179
	cut = 7492
116274 [0, 9600]: LP
	bnd = 9600.000000
	its = 1
	hyp = 626 / 3179
	cut = 7551
116767 [0, 9600]: LP
	bnd = 9600.000000
	its = 1
	hyp = 626 / 3179
	cut = 7607
117254 [0, 9600]: LP
	bnd = 9600.000000
	its = 1
	hyp = 626 / 3179
	cut = 7666
117739 [0, 9600]: LP
	bnd = 9600.000000
	its = 1
	hyp = 626 / 3179
	cut = 7728
118213 [0, 9600]: LP
	bnd = 9600.000000
	its = 1
	hyp = 626 / 3179
	cut = 7788
118695 [0, 9600]: LP
	bnd = 9600.000000
	its = 1
	hyp = 626 / 3179
	cut = 7853
119181 [0, 9600]: LP
	bnd = 9600.000000
	its = 1
	hyp = 626 / 3179
	cut = 7925
119656 [0, 9600]: LP
	bnd = 9600.000000
	its = 1
	hyp = 626 / 3179
	cut = 7990
120139 [0, 9600]: LP
	bnd = 9600.000000
	its = 1
	hyp = 626 / 3179
	cut = 8082
120620 [0, 9600]: LP
	bnd = 9600.000000
	its = 1
	hyp = 626 / 3179
	cut = 8179
121097 [0, 9600]: LP
	bnd = 9600.000000
	its = 1
	hyp = 626 / 3179
	cut = 8276
121552 [0, 9600]: LP
	bnd = 9600.000000
	its = 1
	hyp = 626 / 3179
	cut = 8373
122013 [0, 9600]: LP
	bnd = 9600.000000
	its = 1
	hyp = 626 / 3179
	cut = 8470
122463 [0, 9600]: LP
	bnd = 9600.000000
	its = 1
	hyp = 626 / 3179
	cut = 8567
122907 [0, 9600]: LP
	bnd = 9600.000000
	its = 1
	hyp = 626 / 3179
	cut = 8664
123354 [0, 9600]: LP
	bnd = 9600.000000
	its = 1
	hyp = 626 / 3179
	cut = 8761
123793 [0, 9600]: LP
	bnd = 9600.000000
	its = 1
	hyp = 626 / 3179
	cut = 8858
124223 [0, 9600]: LP
	bnd = 9600.000000
	its = 1
	hyp = 626 / 3179
	cut = 8955
124650 [0, 9600]: LP
	bnd = 9600.000000
	its = 1
	hyp = 626 / 3179
	cut = 9052
125068 [0, 9600]: LP
	bnd = 9600.000000
	its = 1
	hyp = 626 / 3179
	cut = 9149
125485 [0, 9600]: LP
	bnd = 9600.000000
	its = 1
	hyp = 626 / 3179
	cut = 9246
125897 [0, 9600]: LP
	bnd = 9600.000000
	its = 1
	hyp = 626 / 3179
	cut = 9343
126311 [0, 9600]: LP
	bnd = 9600.000000
	its = 1
	hyp = 626 / 3179
	cut = 9440
126727 [0, 9600]: LP
	bnd = 9600.000000
	its = 1
	hyp = 626 / 3179
	cut = 9537
127142 [0, 9600]: LP
	bnd = 9600.000000
	its = 1
	hyp = 626 / 3179
	cut = 9634
127553 [0, 9600]: LP
	bnd = 9600.000000
	its = 1
	hyp = 626 / 3179
	cut = 9731
127961 [0, 9600]: LP
	bnd = 9600.000000
	its = 1
	hyp = 626 / 3179
	cut = 9828
128371 [0, 9600]: LP
	bnd = 9600.000000
	its = 1
	hyp = 626 / 3179
	cut = 9925
128782 [0, 9600]: LP
	bnd = 9600.000000
	its = 1
	hyp = 626 / 3179
	cut = 10022
129188 [0, 9600]: LP
	bnd = 9600.000000
	its = 1
	hyp = 626 / 3179
	cut = 10110
129571 [0, 9600]: LP
	bnd = 9600.000000
	its = 1
	hyp = 626 / 3179
	cut = 10151
129953 [0, 9600]: LP
	bnd = 9600.000000
	its = 1
	hyp = 626 / 3179
	cut = 10188
130338 [0, 9600]: LP
	bnd = 9600.000000
	its = 1
	hyp = 626 / 3179
	cut = 10228
130750 [0, 9600]: LP
	bnd = 9600.000000
	its = 1
	hyp = 626 / 3179
	cut = 10325
131157 [0, 9600]: LP
	bnd = 9600.000000
	its = 1
	hyp = 626 / 3179
	cut = 10422
131545 [0, 9600]: LP
	bnd = 9600.000000
	its = 1
	hyp = 626 / 3179
	cut = 10452
131930 [0, 9600]: LP
	bnd = 9600.000000
	its = 1
	hyp = 626 / 3179
	cut = 10478
132314 [0, 9600]: LP
	bnd = 9600.000000
	its = 1
	hyp = 626 / 3179
	cut = 10500
132698 [0, 9600]: LP
	bnd = 9600.000000
	its = 1
	hyp = 626 / 3179
	cut = 10522
133084 [0, 9600]: LP
	bnd = 9600.000000
	its = 1
	hyp = 626 / 3179
	cut = 10542
133468 [0, 9600]: LP
	bnd = 9600.000000
	its = 1
	hyp = 626 / 3179
	cut = 10560
133854 [0, 9600]: LP
	bnd = 9600.000000
	its = 1
	hyp = 626 / 3179
	cut = 10572
134237 [0, 9600]: LP
	bnd = 9600.000000
	its = 1
	hyp = 626 / 3179
	cut = 10585
134615 [0, 9600]: LP
	bnd = 9600.000000
	its = 1
	hyp = 626 / 3179
	cut = 10591
134988 [0, 9600]: LP
	bnd = 9600.000000
	its = 1
	hyp = 626 / 3179
	cut = 10595
135361 [0, 9600]: LP
	bnd = 9600.000000
	its = 1
	hyp = 626 / 3179
	cut = 10598
135739 [0, 9600]: LP
	bnd = 9600.000000
	its = 1
	hyp = 626 / 3179
	cut = 10602
136119 [0, 9600]: LP
	bnd = 9600.000000
	its = 1
	hyp = 626 / 3179
	cut = 10605
136494 [0, 9600]: LP
	bnd = 9600.000000
	its = 1
	hyp = 626 / 3179
	cut = 10608
136868 [0, 9600]: LP
	bnd = 9600.000000
	its = 1
	hyp = 626 / 3179
	cut = 10611
137243 [0, 9600]: LP
	bnd = 9600.000000
	its = 1
	hyp = 626 / 3179
	cut = 10613
137619 [0, 9600]: LP
	bnd = 9600.000000
	its = 1
	hyp = 626 / 3179
	cut = 10614
137922 [0, 9600]: LP STOP
370775 [0, 9600]: HEURISTIC 81
2023471 [0, 9600]: HEURISTIC 243
