hypergraph with 9698 vertices and 490240 hyperarcs generated in 197
1837 [0, 9600]: LP
	bnd = 9600.000000
	its = 53
	hyp = 556 / 612
	cut = 0
2827 [0, 9600]: LP
	bnd = 9600.000000
	its = 13
	hyp = 602 / 1291
	cut = 97
3761 [0, 9600]: LP
	bnd = 9600.000000
	its = 8
	hyp = 574 / 1509
	cut = 194
4668 [0, 9600]: LP
	bnd = 9600.000000
	its = 5
	hyp = 694 / 1688
	cut = 278
5031 [0, 9600]: HEURISTIC 3
5688 [0, 9600]: LP
	bnd = 9600.000000
	its = 5
	hyp = 721 / 1855
	cut = 350
6578 [0, 9600]: LP
	bnd = 9600.000000
	its = 3
	hyp = 750 / 1937
	cut = 421
7774 [0, 9600]: LP
	bnd = 9600.000000
	its = 5
	hyp = 734 / 2048
	cut = 492
8599 [0, 9600]: LP
	bnd = 9600.000000
	its = 4
	hyp = 773 / 2164
	cut = 561
9434 [0, 9600]: LP
	bnd = 9600.000000
	its = 1
	hyp = 838 / 2164
	cut = 629
10912 [0, 9600]: LP
	bnd = 9600.000000
	its = 4
	hyp = 837 / 2265
	cut = 697
12151 [0, 9600]: LP
	bnd = 9600.000000
	its = 3
	hyp = 797 / 2369
	cut = 764
13416 [0, 9600]: LP
	bnd = 9600.000000
	its = 2
	hyp = 812 / 2448
	cut = 831
14426 [0, 9600]: LP
	bnd = 9600.000000
	its = 2
	hyp = 769 / 2509
	cut = 897
16145 [0, 9600]: LP
	bnd = 9600.000000
	its = 3
	hyp = 871 / 2593
	cut = 963
17319 [0, 9600]: LP
	bnd = 9600.000000
	its = 2
	hyp = 837 / 2635
	cut = 1030
17840 [0, 9600]: HEURISTIC 9
18987 [0, 9600]: LP
	bnd = 9600.000000
	its = 3
	hyp = 853 / 2708
	cut = 1098
20112 [0, 9600]: LP
	bnd = 9600.000000
	its = 1
	hyp = 853 / 2708
	cut = 1166
21518 [0, 9600]: LP
	bnd = 9600.000000
	its = 2
	hyp = 953 / 2790
	cut = 1233
22502 [0, 9600]: LP
	bnd = 9600.000000
	its = 2
	hyp = 831 / 2819
	cut = 1300
24589 [0, 9600]: LP
	bnd = 9600.000000
	its = 2
	hyp = 938 / 2868
	cut = 1367
25776 [0, 9600]: LP
	bnd = 9600.000000
	its = 1
	hyp = 844 / 2868
	cut = 1435
27300 [0, 9600]: LP
	bnd = 9600.000000
	its = 2
	hyp = 933 / 2932
	cut = 1503
28473 [0, 9600]: LP
	bnd = 9600.000000
	its = 1
	hyp = 884 / 2932
	cut = 1570
29674 [0, 9600]: LP
	bnd = 9600.000000
	its = 1
	hyp = 930 / 2932
	cut = 1637
31438 [0, 9600]: LP
	bnd = 9600.000000
	its = 2
	hyp = 979 / 3011
	cut = 1702
32732 [0, 9600]: LP
	bnd = 9600.000000
	its = 1
	hyp = 861 / 3011
	cut = 1766
34274 [0, 9600]: LP
	bnd = 9600.000000
	its = 2
	hyp = 1041 / 3093
	cut = 1828
35684 [0, 9600]: LP
	bnd = 9600.000000
	its = 1
	hyp = 924 / 3093
	cut = 1888
37893 [0, 9600]: LP
	bnd = 9600.000000
	its = 3
	hyp = 951 / 3192
	cut = 1948
39194 [0, 9600]: LP
	bnd = 9600.000000
	its = 1
	hyp = 928 / 3192
	cut = 2008
40367 [0, 9600]: LP
	bnd = 9600.000000
	its = 1
	hyp = 849 / 3192
	cut = 2067
41866 [0, 9600]: LP
	bnd = 9600.000000
	its = 1
	hyp = 917 / 3192
	cut = 2130
43874 [0, 9600]: LP
	bnd = 9600.000000
	its = 2
	hyp = 1082 / 3308
	cut = 2192
45181 [0, 9600]: LP
	bnd = 9600.000000
	its = 1
	hyp = 922 / 3308
	cut = 2253
46481 [0, 9600]: LP
	bnd = 9600.000000
	its = 1
	hyp = 920 / 3308
	cut = 2316
47880 [0, 9600]: LP
	bnd = 9600.000000
	its = 1
	hyp = 964 / 3308
	cut = 2380
49649 [0, 9600]: LP
	bnd = 9600.000000
	its = 2
	hyp = 1013 / 3363
	cut = 2445
50917 [0, 9600]: LP
	bnd = 9600.000000
	its = 1
	hyp = 892 / 3363
	cut = 2508
52175 [0, 9600]: LP
	bnd = 9600.000000
	its = 1
	hyp = 882 / 3363
	cut = 2569
52938 [0, 9600]: HEURISTIC 27
53450 [0, 9600]: LP
	bnd = 9600.000000
	its = 1
	hyp = 900 / 3363
	cut = 2631
54761 [0, 9600]: LP
	bnd = 9600.000000
	its = 1
	hyp = 877 / 3363
	cut = 2692
56321 [0, 9600]: LP
	bnd = 9600.000000
	its = 1
	hyp = 941 / 3363
	cut = 2752
58318 [0, 9600]: LP
	bnd = 9600.000000
	its = 2
	hyp = 1056 / 3429
	cut = 2812
59623 [0, 9600]: LP
	bnd = 9600.000000
	its = 1
	hyp = 854 / 3429
	cut = 2872
60917 [0, 9600]: LP
	bnd = 9600.000000
	its = 1
	hyp = 901 / 3429
	cut = 2933
62592 [0, 9600]: LP
	bnd = 9600.000000
	its = 1
	hyp = 929 / 3429
	cut = 2988
64840 [0, 9600]: LP
	bnd = 9600.000000
	its = 2
	hyp = 1057 / 3485
	cut = 3044
66225 [0, 9600]: LP
	bnd = 9600.000000
	its = 1
	hyp = 902 / 3485
	cut = 3101
67464 [0, 9600]: LP
	bnd = 9600.000000
	its = 1
	hyp = 858 / 3485
	cut = 3160
69006 [0, 9600]: LP
	bnd = 9600.000000
	its = 1
	hyp = 841 / 3485
	cut = 3222
70604 [0, 9600]: LP
	bnd = 9600.000000
	its = 1
	hyp = 887 / 3485
	cut = 3283
72394 [0, 9600]: LP
	bnd = 9600.000000
	its = 2
	hyp = 1004 / 3551
	cut = 3345
74885 [0, 9600]: LP
	bnd = 9600.000000
	its = 1
	hyp = 962 / 3551
	cut = 3408
76823 [0, 9600]: LP
	bnd = 9600.000000
	its = 1
	hyp = 916 / 3551
	cut = 3471
79530 [0, 9600]: LP
	bnd = 9600.000000
	its = 1
	hyp = 880 / 3551
	cut = 3532
81941 [0, 9600]: LP
	bnd = 9600.000000
	its = 1
	hyp = 895 / 3551
	cut = 3593
83046 [0, 9600]: LP
	bnd = 9600.000000
	its = 1
	hyp = 889 / 3551
	cut = 3650
86055 [0, 9600]: LP
	bnd = 9600.000000
	its = 2
	hyp = 1027 / 3630
	cut = 3707
88279 [0, 9600]: LP
	bnd = 9600.000000
	its = 1
	hyp = 904 / 3630
	cut = 3765
89463 [0, 9600]: LP
	bnd = 9600.000000
	its = 1
	hyp = 854 / 3630
	cut = 3826
91767 [0, 9600]: LP
	bnd = 9600.000000
	its = 1
	hyp = 929 / 3630
	cut = 3888
94179 [0, 9600]: LP
	bnd = 9600.000000
	its = 1
	hyp = 993 / 3630
	cut = 3949
96609 [0, 9600]: LP
	bnd = 9600.000000
	its = 2
	hyp = 1152 / 3673
	cut = 4009
98282 [0, 9600]: LP
	bnd = 9600.000000
	its = 1
	hyp = 970 / 3673
	cut = 4070
99589 [0, 9600]: LP
	bnd = 9600.000000
	its = 1
	hyp = 796 / 3673
	cut = 4133
100772 [0, 9600]: LP
	bnd = 9600.000000
	its = 1
	hyp = 787 / 3673
	cut = 4198
102076 [0, 9600]: LP
	bnd = 9600.000000
	its = 1
	hyp = 846 / 3673
	cut = 4263
103104 [0, 9600]: LP
	bnd = 9600.000000
	its = 1
	hyp = 760 / 3673
	cut = 4328
104368 [0, 9600]: LP
	bnd = 9600.000000
	its = 1
	hyp = 873 / 3673
	cut = 4391
105579 [0, 9600]: LP
	bnd = 9600.000000
	its = 1
	hyp = 835 / 3673
	cut = 4454
106668 [0, 9600]: LP
	bnd = 9600.000000
	its = 1
	hyp = 746 / 3673
	cut = 4517
108029 [0, 9600]: LP
	bnd = 9600.000000
	its = 1
	hyp = 784 / 3673
	cut = 4577
109417 [0, 9600]: LP
	bnd = 9600.000000
	its = 1
	hyp = 731 / 3673
	cut = 4636
110489 [0, 9600]: LP
	bnd = 9600.000000
	its = 1
	hyp = 731 / 3673
	cut = 4692
111745 [0, 9600]: LP
	bnd = 9600.000000
	its = 1
	hyp = 775 / 3673
	cut = 4747
113465 [0, 9600]: LP
	bnd = 9600.000000
	its = 1
	hyp = 765 / 3673
	cut = 4801
114736 [0, 9600]: LP
	bnd = 9600.000000
	its = 1
	hyp = 772 / 3673
	cut = 4854
116117 [0, 9600]: LP
	bnd = 9600.000000
	its = 1
	hyp = 834 / 3673
	cut = 4905
117344 [0, 9600]: LP
	bnd = 9600.000000
	its = 1
	hyp = 737 / 3673
	cut = 4957
118587 [0, 9600]: LP
	bnd = 9600.000000
	its = 1
	hyp = 734 / 3673
	cut = 5010
119589 [0, 9600]: LP
	bnd = 9600.000000
	its = 1
	hyp = 722 / 3673
	cut = 5059
120797 [0, 9600]: LP
	bnd = 9600.000000
	its = 1
	hyp = 871 / 3673
	cut = 5131
121861 [0, 9600]: LP
	bnd = 9600.000000
	its = 1
	hyp = 767 / 3673
	cut = 5186
122942 [0, 9600]: LP
	bnd = 9600.000000
	its = 1
	hyp = 757 / 3673
	cut = 5238
124083 [0, 9600]: LP
	bnd = 9600.000000
	its = 1
	hyp = 721 / 3673
	cut = 5289
125234 [0, 9600]: LP
	bnd = 9600.000000
	its = 1
	hyp = 717 / 3673
	cut = 5340
126349 [0, 9600]: LP
	bnd = 9600.000000
	its = 1
	hyp = 689 / 3673
	cut = 5392
127407 [0, 9600]: LP
	bnd = 9600.000000
	its = 1
	hyp = 678 / 3673
	cut = 5446
128400 [0, 9600]: LP
	bnd = 9600.000000
	its = 1
	hyp = 677 / 3673
	cut = 5506
129488 [0, 9600]: LP
	bnd = 9600.000000
	its = 1
	hyp = 702 / 3673
	cut = 5560
130543 [0, 9600]: LP
	bnd = 9600.000000
	its = 1
	hyp = 671 / 3673
	cut = 5617
131476 [0, 9600]: LP
	bnd = 9600.000000
	its = 1
	hyp = 656 / 3673
	cut = 5670
132308 [0, 9600]: LP
	bnd = 9600.000000
	its = 1
	hyp = 647 / 3673
	cut = 5723
133322 [0, 9600]: LP
	bnd = 9600.000000
	its = 1
	hyp = 648 / 3673
	cut = 5784
134187 [0, 9600]: LP
	bnd = 9600.000000
	its = 1
	hyp = 648 / 3673
	cut = 5848
135129 [0, 9600]: LP
	bnd = 9600.000000
	its = 1
	hyp = 606 / 3673
	cut = 5907
135992 [0, 9600]: LP
	bnd = 9600.000000
	its = 1
	hyp = 606 / 3673
	cut = 5959
136879 [0, 9600]: LP
	bnd = 9600.000000
	its = 1
	hyp = 606 / 3673
	cut = 6013
137761 [0, 9600]: LP
	bnd = 9600.000000
	its = 1
	hyp = 606 / 3673
	cut = 6067
138649 [0, 9600]: LP
	bnd = 9600.000000
	its = 1
	hyp = 606 / 3673
	cut = 6146
139521 [0, 9600]: LP
	bnd = 9600.000000
	its = 1
	hyp = 606 / 3673
	cut = 6213
140378 [0, 9600]: LP
	bnd = 9600.000000
	its = 1
	hyp = 606 / 3673
	cut = 6268
141272 [0, 9600]: LP
	bnd = 9600.000000
	its = 1
	hyp = 606 / 3673
	cut = 6332
142196 [0, 9600]: LP
	bnd = 9600.000000
	its = 1
	hyp = 606 / 3673
	cut = 6429
143113 [0, 9600]: LP
	bnd = 9600.000000
	its = 1
	hyp = 606 / 3673
	cut = 6526
144022 [0, 9600]: LP
	bnd = 9600.000000
	its = 1
	hyp = 606 / 3673
	cut = 6597
144899 [0, 9600]: LP
	bnd = 9600.000000
	its = 1
	hyp = 606 / 3673
	cut = 6676
145766 [0, 9600]: LP
	bnd = 9600.000000
	its = 1
	hyp = 606 / 3673
	cut = 6750
146632 [0, 9600]: LP
	bnd = 9600.000000
	its = 1
	hyp = 606 / 3673
	cut = 6813
147522 [0, 9600]: LP
	bnd = 9600.000000
	its = 1
	hyp = 606 / 3673
	cut = 6910
148408 [0, 9600]: LP
	bnd = 9600.000000
	its = 1
	hyp = 606 / 3673
	cut = 7007
149294 [0, 9600]: LP
	bnd = 9600.000000
	its = 1
	hyp = 606 / 3673
	cut = 7104
150202 [0, 9600]: LP
	bnd = 9600.000000
	its = 1
	hyp = 606 / 3673
	cut = 7201
151094 [0, 9600]: LP
	bnd = 9600.000000
	its = 1
	hyp = 606 / 3673
	cut = 7292
151972 [0, 9600]: LP
	bnd = 9600.000000
	its = 1
	hyp = 606 / 3673
	cut = 7389
152842 [0, 9600]: LP
	bnd = 9600.000000
	its = 1
	hyp = 606 / 3673
	cut = 7486
153705 [0, 9600]: LP
	bnd = 9600.000000
	its = 1
	hyp = 606 / 3673
	cut = 7583
154573 [0, 9600]: LP
	bnd = 9600.000000
	its = 1
	hyp = 606 / 3673
	cut = 7680
155430 [0, 9600]: LP
	bnd = 9600.000000
	its = 1
	hyp = 606 / 3673
	cut = 7777
156261 [0, 9600]: LP
	bnd = 9600.000000
	its = 1
	hyp = 606 / 3673
	cut = 7874
157112 [0, 9600]: LP
	bnd = 9600.000000
	its = 1
	hyp = 606 / 3673
	cut = 7971
157959 [0, 9600]: LP
	bnd = 9600.000000
	its = 1
	hyp = 606 / 3673
	cut = 8068
158808 [0, 9600]: LP
	bnd = 9600.000000
	its = 1
	hyp = 606 / 3673
	cut = 8165
159628 [0, 9600]: LP
	bnd = 9600.000000
	its = 1
	hyp = 606 / 3673
	cut = 8262
160450 [0, 9600]: LP
	bnd = 9600.000000
	its = 1
	hyp = 606 / 3673
	cut = 8359
161306 [0, 9600]: LP
	bnd = 9600.000000
	its = 1
	hyp = 606 / 3673
	cut = 8456
162162 [0, 9600]: LP
	bnd = 9600.000000
	its = 1
	hyp = 606 / 3673
	cut = 8553
162983 [0, 9600]: LP
	bnd = 9600.000000
	its = 1
	hyp = 606 / 3673
	cut = 8650
163780 [0, 9600]: LP
	bnd = 9600.000000
	its = 1
	hyp = 606 / 3673
	cut = 8747
164575 [0, 9600]: LP
	bnd = 9600.000000
	its = 1
	hyp = 606 / 3673
	cut = 8844
165399 [0, 9600]: LP
	bnd = 9600.000000
	its = 1
	hyp = 606 / 3673
	cut = 8941
166225 [0, 9600]: LP
	bnd = 9600.000000
	its = 1
	hyp = 606 / 3673
	cut = 9038
167040 [0, 9600]: LP
	bnd = 9600.000000
	its = 1
	hyp = 606 / 3673
	cut = 9135
167850 [0, 9600]: LP
	bnd = 9600.000000
	its = 1
	hyp = 606 / 3673
	cut = 9232
168623 [0, 9600]: LP
	bnd = 9600.000000
	its = 1
	hyp = 606 / 3673
	cut = 9329
169384 [0, 9600]: LP
	bnd = 9600.000000
	its = 1
	hyp = 606 / 3673
	cut = 9426
170140 [0, 9600]: LP
	bnd = 9600.000000
	its = 1
	hyp = 606 / 3673
	cut = 9523
170918 [0, 9600]: LP
	bnd = 9600.000000
	its = 1
	hyp = 606 / 3673
	cut = 9620
171678 [0, 9600]: LP
	bnd = 9600.000000
	its = 1
	hyp = 606 / 3673
	cut = 9717
172428 [0, 9600]: LP
	bnd = 9600.000000
	its = 1
	hyp = 606 / 3673
	cut = 9814
173178 [0, 9600]: LP
	bnd = 9600.000000
	its = 1
	hyp = 606 / 3673
	cut = 9911
173928 [0, 9600]: LP
	bnd = 9600.000000
	its = 1
	hyp = 606 / 3673
	cut = 10008
174712 [0, 9600]: LP
	bnd = 9600.000000
	its = 1
	hyp = 606 / 3673
	cut = 10105
175483 [0, 9600]: LP
	bnd = 9600.000000
	its = 1
	hyp = 606 / 3673
	cut = 10202
176263 [0, 9600]: LP
	bnd = 9600.000000
	its = 1
	hyp = 606 / 3673
	cut = 10299
177025 [0, 9600]: LP
	bnd = 9600.000000
	its = 1
	hyp = 606 / 3673
	cut = 10396
177790 [0, 9600]: LP
	bnd = 9600.000000
	its = 1
	hyp = 606 / 3673
	cut = 10493
178559 [0, 9600]: LP
	bnd = 9600.000000
	its = 1
	hyp = 606 / 3673
	cut = 10590
179326 [0, 9600]: LP
	bnd = 9600.000000
	its = 1
	hyp = 606 / 3673
	cut = 10687
180065 [0, 9600]: LP
	bnd = 9600.000000
	its = 1
	hyp = 606 / 3673
	cut = 10784
180797 [0, 9600]: LP
	bnd = 9600.000000
	its = 1
	hyp = 606 / 3673
	cut = 10881
181516 [0, 9600]: LP
	bnd = 9600.000000
	its = 1
	hyp = 606 / 3673
	cut = 10978
182277 [0, 9600]: LP
	bnd = 9600.000000
	its = 1
	hyp = 606 / 3673
	cut = 11075
183056 [0, 9600]: LP
	bnd = 9600.000000
	its = 1
	hyp = 606 / 3673
	cut = 11172
183821 [0, 9600]: LP
	bnd = 9600.000000
	its = 1
	hyp = 606 / 3673
	cut = 11269
184580 [0, 9600]: LP
	bnd = 9600.000000
	its = 1
	hyp = 606 / 3673
	cut = 11366
185327 [0, 9600]: LP
	bnd = 9600.000000
	its = 1
	hyp = 606 / 3673
	cut = 11443
186085 [0, 9600]: LP
	bnd = 9600.000000
	its = 1
	hyp = 606 / 3673
	cut = 11537
186838 [0, 9600]: LP
	bnd = 9600.000000
	its = 1
	hyp = 606 / 3673
	cut = 11632
187600 [0, 9600]: LP
	bnd = 9600.000000
	its = 1
	hyp = 606 / 3673
	cut = 11729
188414 [0, 9600]: LP
	bnd = 9600.000000
	its = 1
	hyp = 606 / 3673
	cut = 11792
189185 [0, 9600]: LP
	bnd = 9600.000000
	its = 1
	hyp = 606 / 3673
	cut = 11889
189961 [0, 9600]: LP
	bnd = 9600.000000
	its = 1
	hyp = 606 / 3673
	cut = 11986
190695 [0, 9600]: LP
	bnd = 9600.000000
	its = 1
	hyp = 606 / 3673
	cut = 12083
191431 [0, 9600]: LP
	bnd = 9600.000000
	its = 1
	hyp = 606 / 3673
	cut = 12180
192199 [0, 9600]: LP
	bnd = 9600.000000
	its = 1
	hyp = 606 / 3673
	cut = 12277
192961 [0, 9600]: LP
	bnd = 9600.000000
	its = 1
	hyp = 606 / 3673
	cut = 12322
193710 [0, 9600]: LP
	bnd = 9600.000000
	its = 1
	hyp = 606 / 3673
	cut = 12341
194447 [0, 9600]: LP
	bnd = 9600.000000
	its = 1
	hyp = 606 / 3673
	cut = 12347
195219 [0, 9600]: LP
	bnd = 9600.000000
	its = 1
	hyp = 606 / 3673
	cut = 12350
195891 [0, 9600]: LP STOP
221893 [0, 9600]: HEURISTIC 81
646032 [0, 9600]: HEURISTIC 243
2023802 [0, 9600]: HEURISTIC 729
