hypergraph with 38598 vertices and 3881600 hyperarcs generated in 1459
25877 [0, 38400]: LP
	bnd = 38400.000000
	its = 105
	hyp = 1250 / 1645
	cut = 0
35126 [0, 38400]: LP
	bnd = 38400.000000
	its = 17
	hyp = 1312 / 2909
	cut = 197
42275 [0, 38400]: LP
	bnd = 38400.000000
	its = 7
	hyp = 1185 / 3249
	cut = 373
50329 [0, 38400]: LP
	bnd = 38400.000000
	its = 6
	hyp = 1220 / 3542
	cut = 541
57516 [0, 38400]: LP
	bnd = 38400.000000
	its = 5
	hyp = 1287 / 3740
	cut = 694
64264 [0, 38400]: LP
	bnd = 38400.000000
	its = 4
	hyp = 1279 / 3942
	cut = 838
70747 [0, 38400]: LP
	bnd = 38400.000000
	its = 3
	hyp = 1348 / 4065
	cut = 979
78366 [0, 38400]: LP
	bnd = 38400.000000
	its = 3
	hyp = 1325 / 4200
	cut = 1122
86639 [0, 38400]: LP
	bnd = 38400.000000
	its = 3
	hyp = 1424 / 4329
	cut = 1263
89389 [0, 38400]: LP
	bnd = 38400.000000
	its = 2
	hyp = 1297 / 4398
	cut = 1391
99382 [0, 38400]: LP
	bnd = 38400.000000
	its = 3
	hyp = 1368 / 4508
	cut = 1521
106887 [0, 38400]: LP
	bnd = 38400.000000
	its = 2
	hyp = 1338 / 4557
	cut = 1652
113430 [0, 38400]: LP
	bnd = 38400.000000
	its = 1
	hyp = 1372 / 4557
	cut = 1784
122479 [0, 38400]: LP
	bnd = 38400.000000
	its = 3
	hyp = 1435 / 4673
	cut = 1911
131102 [0, 38400]: LP
	bnd = 38400.000000
	its = 2
	hyp = 1391 / 4741
	cut = 2039
135706 [0, 38400]: LP
	bnd = 38400.000000
	its = 2
	hyp = 1387 / 4837
	cut = 2166
147185 [0, 38400]: LP
	bnd = 38400.000000
	its = 2
	hyp = 1446 / 4913
	cut = 2292
155138 [0, 38400]: LP
	bnd = 38400.000000
	its = 2
	hyp = 1415 / 4950
	cut = 2415
164020 [0, 38400]: LP
	bnd = 38400.000000
	its = 2
	hyp = 1639 / 5032
	cut = 2539
171825 [0, 38400]: LP
	bnd = 38400.000000
	its = 1
	hyp = 1364 / 5032
	cut = 2663
181564 [0, 38400]: LP
	bnd = 38400.000000
	its = 2
	hyp = 1443 / 5091
	cut = 2788
191265 [0, 38400]: LP
	bnd = 38400.000000
	its = 2
	hyp = 1473 / 5204
	cut = 2910
201051 [0, 38400]: LP
	bnd = 38400.000000
	its = 2
	hyp = 1523 / 5292
	cut = 3032
210946 [0, 38400]: LP
	bnd = 38400.000000
	its = 2
	hyp = 1594 / 5372
	cut = 3153
215733 [0, 38400]: HEURISTIC 3
221047 [0, 38400]: LP
	bnd = 38400.000000
	its = 2
	hyp = 1663 / 5491
	cut = 3272
229541 [0, 38400]: LP
	bnd = 38400.000000
	its = 1
	hyp = 1412 / 5491
	cut = 3391
239429 [0, 38400]: LP
	bnd = 38400.000000
	its = 2
	hyp = 1466 / 5581
	cut = 3507
247488 [0, 38400]: LP
	bnd = 38400.000000
	its = 1
	hyp = 1417 / 5581
	cut = 3623
255381 [0, 38400]: LP
	bnd = 38400.000000
	its = 1
	hyp = 1459 / 5581
	cut = 3738
265392 [0, 38400]: LP
	bnd = 38400.000000
	its = 2
	hyp = 1535 / 5716
	cut = 3854
273974 [0, 38400]: LP
	bnd = 38400.000000
	its = 1
	hyp = 1463 / 5716
	cut = 3971
281888 [0, 38400]: LP
	bnd = 38400.000000
	its = 2
	hyp = 1561 / 5821
	cut = 4087
297492 [0, 38400]: LP
	bnd = 38400.000000
	its = 2
	hyp = 1733 / 5942
	cut = 4201
308929 [0, 38400]: LP
	bnd = 38400.000000
	its = 2
	hyp = 1722 / 6034
	cut = 4313
318787 [0, 38400]: LP
	bnd = 38400.000000
	its = 1
	hyp = 1586 / 6034
	cut = 4426
326251 [0, 38400]: LP
	bnd = 38400.000000
	its = 2
	hyp = 1736 / 6143
	cut = 4541
344594 [0, 38400]: LP
	bnd = 38400.000000
	its = 2
	hyp = 1699 / 6184
	cut = 4659
352604 [0, 38400]: LP
	bnd = 38400.000000
	its = 2
	hyp = 1753 / 6252
	cut = 4778
362567 [0, 38400]: LP
	bnd = 38400.000000
	its = 1
	hyp = 1675 / 6252
	cut = 4899
381973 [0, 38400]: LP
	bnd = 38400.000000
	its = 3
	hyp = 1581 / 6483
	cut = 5021
394203 [0, 38400]: LP
	bnd = 38400.000000
	its = 1
	hyp = 1633 / 6483
	cut = 5139
404124 [0, 38400]: LP
	bnd = 38400.000000
	its = 1
	hyp = 1590 / 6483
	cut = 5253
421512 [0, 38400]: LP
	bnd = 38400.000000
	its = 2
	hyp = 1544 / 6554
	cut = 5366
431795 [0, 38400]: LP
	bnd = 38400.000000
	its = 1
	hyp = 1567 / 6554
	cut = 5479
440753 [0, 38400]: LP
	bnd = 38400.000000
	its = 2
	hyp = 1563 / 6616
	cut = 5593
458274 [0, 38400]: LP
	bnd = 38400.000000
	its = 2
	hyp = 1719 / 6723
	cut = 5703
468127 [0, 38400]: LP
	bnd = 38400.000000
	its = 1
	hyp = 1608 / 6723
	cut = 5815
479173 [0, 38400]: LP
	bnd = 38400.000000
	its = 1
	hyp = 1625 / 6723
	cut = 5927
495345 [0, 38400]: LP
	bnd = 38400.000000
	its = 2
	hyp = 1821 / 6790
	cut = 6041
505095 [0, 38400]: LP
	bnd = 38400.000000
	its = 1
	hyp = 1520 / 6790
	cut = 6157
515610 [0, 38400]: LP
	bnd = 38400.000000
	its = 1
	hyp = 1538 / 6790
	cut = 6271
531422 [0, 38400]: LP
	bnd = 38400.000000
	its = 2
	hyp = 1731 / 6915
	cut = 6383
541856 [0, 38400]: LP
	bnd = 38400.000000
	its = 2
	hyp = 1641 / 7041
	cut = 6493
555333 [0, 38400]: LP
	bnd = 38400.000000
	its = 1
	hyp = 1562 / 7041
	cut = 6601
569246 [0, 38400]: LP
	bnd = 38400.000000
	its = 1
	hyp = 1560 / 7041
	cut = 6708
580141 [0, 38400]: LP
	bnd = 38400.000000
	its = 1
	hyp = 1560 / 7041
	cut = 6818
593953 [0, 38400]: LP
	bnd = 38400.000000
	its = 2
	hyp = 1557 / 7156
	cut = 6929
607748 [0, 38400]: LP
	bnd = 38400.000000
	its = 1
	hyp = 1613 / 7156
	cut = 7041
624565 [0, 38400]: LP
	bnd = 38400.000000
	its = 1
	hyp = 1703 / 7156
	cut = 7152
641946 [0, 38400]: LP
	bnd = 38400.000000
	its = 1
	hyp = 1702 / 7156
	cut = 7262
664772 [0, 38400]: LP
	bnd = 38400.000000
	its = 2
	hyp = 1659 / 7251
	cut = 7408
681142 [0, 38400]: LP
	bnd = 38400.000000
	its = 1
	hyp = 1576 / 7251
	cut = 7552
698857 [0, 38400]: LP
	bnd = 38400.000000
	its = 1
	hyp = 1585 / 7251
	cut = 7699
718002 [0, 38400]: LP
	bnd = 38400.000000
	its = 1
	hyp = 1637 / 7251
	cut = 7811
741658 [0, 38400]: LP
	bnd = 38400.000000
	its = 2
	hyp = 1790 / 7423
	cut = 7924
757994 [0, 38400]: LP
	bnd = 38400.000000
	its = 1
	hyp = 1712 / 7423
	cut = 8038
773116 [0, 38400]: LP
	bnd = 38400.000000
	its = 1
	hyp = 1644 / 7423
	cut = 8150
798325 [0, 38400]: LP
	bnd = 38400.000000
	its = 2
	hyp = 1830 / 7543
	cut = 8260
810507 [0, 38400]: LP
	bnd = 38400.000000
	its = 1
	hyp = 1529 / 7543
	cut = 8457
822187 [0, 38400]: LP
	bnd = 38400.000000
	its = 1
	hyp = 1669 / 7543
	cut = 8564
835183 [0, 38400]: LP
	bnd = 38400.000000
	its = 1
	hyp = 1619 / 7543
	cut = 8672
854476 [0, 38400]: LP
	bnd = 38400.000000
	its = 2
	hyp = 2116 / 7662
	cut = 8780
867322 [0, 38400]: LP
	bnd = 38400.000000
	its = 1
	hyp = 1662 / 7662
	cut = 8891
878640 [0, 38400]: LP
	bnd = 38400.000000
	its = 1
	hyp = 1623 / 7662
	cut = 9002
890930 [0, 38400]: LP
	bnd = 38400.000000
	its = 1
	hyp = 1739 / 7662
	cut = 9119
903601 [0, 38400]: LP
	bnd = 38400.000000
	its = 1
	hyp = 1750 / 7662
	cut = 9241
925034 [0, 38400]: LP
	bnd = 38400.000000
	its = 2
	hyp = 1706 / 7796
	cut = 9352
946541 [0, 38400]: LP
	bnd = 38400.000000
	its = 1
	hyp = 1817 / 7796
	cut = 9458
957478 [0, 38400]: LP
	bnd = 38400.000000
	its = 2
	hyp = 1875 / 7896
	cut = 9565
993289 [0, 38400]: LP
	bnd = 38400.000000
	its = 1
	hyp = 1866 / 7896
	cut = 9672
1014625 [0, 38400]: LP
	bnd = 38400.000000
	its = 1
	hyp = 1810 / 7896
	cut = 9778
1040757 [0, 38400]: LP
	bnd = 38400.000000
	its = 1
	hyp = 1819 / 7896
	cut = 9975
1072296 [0, 38400]: LP
	bnd = 38400.000000
	its = 2
	hyp = 1829 / 8067
	cut = 10088
1092254 [0, 38400]: LP
	bnd = 38400.000000
	its = 1
	hyp = 1715 / 8067
	cut = 10198
1108917 [0, 38400]: LP
	bnd = 38400.000000
	its = 1
	hyp = 1596 / 8067
	cut = 10309
1120274 [0, 38400]: LP
	bnd = 38400.000000
	its = 1
	hyp = 1741 / 8067
	cut = 10417
1139601 [0, 38400]: LP
	bnd = 38400.000000
	its = 1
	hyp = 1806 / 8067
	cut = 10523
1163128 [0, 38400]: LP
	bnd = 38400.000000
	its = 1
	hyp = 1810 / 8067
	cut = 10631
1181777 [0, 38400]: LP
	bnd = 38400.000000
	its = 1
	hyp = 1821 / 8067
	cut = 10742
1201097 [0, 38400]: LP
	bnd = 38400.000000
	its = 1
	hyp = 1761 / 8067
	cut = 10856
1215739 [0, 38400]: LP
	bnd = 38400.000000
	its = 1
	hyp = 1711 / 8067
	cut = 10964
1231863 [0, 38400]: LP
	bnd = 38400.000000
	its = 1
	hyp = 1780 / 8067
	cut = 11072
1255973 [0, 38400]: LP
	bnd = 38400.000000
	its = 1
	hyp = 1900 / 8067
	cut = 11183
1279413 [0, 38400]: LP
	bnd = 38400.000000
	its = 1
	hyp = 1767 / 8067
	cut = 11293
1300123 [0, 38400]: LP
	bnd = 38400.000000
	its = 1
	hyp = 1649 / 8067
	cut = 11400
1316652 [0, 38400]: LP
	bnd = 38400.000000
	its = 1
	hyp = 1520 / 8067
	cut = 11504
1332909 [0, 38400]: LP
	bnd = 38400.000000
	its = 1
	hyp = 1728 / 8067
	cut = 11608
1345095 [0, 38400]: LP
	bnd = 38400.000000
	its = 1
	hyp = 1456 / 8067
	cut = 11713
1360023 [0, 38400]: LP
	bnd = 38400.000000
	its = 1
	hyp = 1549 / 8067
	cut = 11818
1371884 [0, 38400]: LP
	bnd = 38400.000000
	its = 1
	hyp = 1411 / 8067
	cut = 11923
1384946 [0, 38400]: LP
	bnd = 38400.000000
	its = 1
	hyp = 1461 / 8067
	cut = 12029
1398689 [0, 38400]: LP
	bnd = 38400.000000
	its = 1
	hyp = 1657 / 8067
	cut = 12135
1411109 [0, 38400]: LP
	bnd = 38400.000000
	its = 1
	hyp = 1468 / 8067
	cut = 12245
1423723 [0, 38400]: LP
	bnd = 38400.000000
	its = 1
	hyp = 1473 / 8067
	cut = 12352
1434773 [0, 38400]: LP
	bnd = 38400.000000
	its = 1
	hyp = 1394 / 8067
	cut = 12458
1447409 [0, 38400]: LP
	bnd = 38400.000000
	its = 1
	hyp = 1341 / 8067
	cut = 12561
1461770 [0, 38400]: LP
	bnd = 38400.000000
	its = 1
	hyp = 1276 / 8067
	cut = 12675
1470651 [0, 38400]: LP
	bnd = 38400.000000
	its = 1
	hyp = 1293 / 8067
	cut = 12784
1479899 [0, 38400]: LP
	bnd = 38400.000000
	its = 1
	hyp = 1281 / 8067
	cut = 12981
1494145 [0, 38400]: LP
	bnd = 38400.000000
	its = 1
	hyp = 1284 / 8067
	cut = 13178
1499830 [0, 38400]: LP
	bnd = 38400.000000
	its = 1
	hyp = 1277 / 8067
	cut = 13375
1510151 [0, 38400]: LP
	bnd = 38400.000000
	its = 1
	hyp = 1277 / 8067
	cut = 13572
1513545 [0, 38400]: LP
	bnd = 38400.000000
	its = 1
	hyp = 1277 / 8067
	cut = 13769
1516922 [0, 38400]: LP
	bnd = 38400.000000
	its = 1
	hyp = 1277 / 8067
	cut = 13966
1520319 [0, 38400]: LP
	bnd = 38400.000000
	its = 1
	hyp = 1277 / 8067
	cut = 14163
1523715 [0, 38400]: LP
	bnd = 38400.000000
	its = 1
	hyp = 1277 / 8067
	cut = 14360
1527101 [0, 38400]: LP
	bnd = 38400.000000
	its = 1
	hyp = 1277 / 8067
	cut = 14557
1530474 [0, 38400]: LP
	bnd = 38400.000000
	its = 1
	hyp = 1277 / 8067
	cut = 14754
1533827 [0, 38400]: LP
	bnd = 38400.000000
	its = 1
	hyp = 1277 / 8067
	cut = 14951
1537176 [0, 38400]: LP
	bnd = 38400.000000
	its = 1
	hyp = 1277 / 8067
	cut = 15148
1540491 [0, 38400]: LP
	bnd = 38400.000000
	its = 1
	hyp = 1277 / 8067
	cut = 15345
1543823 [0, 38400]: LP
	bnd = 38400.000000
	its = 1
	hyp = 1277 / 8067
	cut = 15542
1547138 [0, 38400]: LP
	bnd = 38400.000000
	its = 1
	hyp = 1277 / 8067
	cut = 15739
1550442 [0, 38400]: LP
	bnd = 38400.000000
	its = 1
	hyp = 1277 / 8067
	cut = 15936
1553737 [0, 38400]: LP
	bnd = 38400.000000
	its = 1
	hyp = 1277 / 8067
	cut = 16133
1557028 [0, 38400]: LP
	bnd = 38400.000000
	its = 1
	hyp = 1277 / 8067
	cut = 16330
1560313 [0, 38400]: LP
	bnd = 38400.000000
	its = 1
	hyp = 1277 / 8067
	cut = 16527
1563618 [0, 38400]: LP
	bnd = 38400.000000
	its = 1
	hyp = 1277 / 8067
	cut = 16724
1566889 [0, 38400]: LP
	bnd = 38400.000000
	its = 1
	hyp = 1277 / 8067
	cut = 16921
1570174 [0, 38400]: LP
	bnd = 38400.000000
	its = 1
	hyp = 1277 / 8067
	cut = 17118
1573425 [0, 38400]: LP
	bnd = 38400.000000
	its = 1
	hyp = 1277 / 8067
	cut = 17315
1576635 [0, 38400]: LP
	bnd = 38400.000000
	its = 1
	hyp = 1277 / 8067
	cut = 17512
1579839 [0, 38400]: LP
	bnd = 38400.000000
	its = 1
	hyp = 1277 / 8067
	cut = 17709
1583094 [0, 38400]: LP
	bnd = 38400.000000
	its = 1
	hyp = 1277 / 8067
	cut = 17906
1586331 [0, 38400]: LP
	bnd = 38400.000000
	its = 1
	hyp = 1277 / 8067
	cut = 18103
1589531 [0, 38400]: LP
	bnd = 38400.000000
	its = 1
	hyp = 1277 / 8067
	cut = 18300
1592722 [0, 38400]: LP
	bnd = 38400.000000
	its = 1
	hyp = 1277 / 8067
	cut = 18497
1595901 [0, 38400]: LP
	bnd = 38400.000000
	its = 1
	hyp = 1277 / 8067
	cut = 18694
1599069 [0, 38400]: LP
	bnd = 38400.000000
	its = 1
	hyp = 1277 / 8067
	cut = 18891
1602239 [0, 38400]: LP
	bnd = 38400.000000
	its = 1
	hyp = 1277 / 8067
	cut = 19088
1605381 [0, 38400]: LP
	bnd = 38400.000000
	its = 1
	hyp = 1277 / 8067
	cut = 19285
1608500 [0, 38400]: LP
	bnd = 38400.000000
	its = 1
	hyp = 1277 / 8067
	cut = 19482
1611606 [0, 38400]: LP
	bnd = 38400.000000
	its = 1
	hyp = 1277 / 8067
	cut = 19679
1614673 [0, 38400]: LP
	bnd = 38400.000000
	its = 1
	hyp = 1277 / 8067
	cut = 19876
1617718 [0, 38400]: LP
	bnd = 38400.000000
	its = 1
	hyp = 1277 / 8067
	cut = 20073
1620754 [0, 38400]: LP
	bnd = 38400.000000
	its = 1
	hyp = 1277 / 8067
	cut = 20270
1623747 [0, 38400]: LP
	bnd = 38400.000000
	its = 1
	hyp = 1277 / 8067
	cut = 20467
1626676 [0, 38400]: LP
	bnd = 38400.000000
	its = 1
	hyp = 1277 / 8067
	cut = 20664
1629570 [0, 38400]: LP
	bnd = 38400.000000
	its = 1
	hyp = 1277 / 8067
	cut = 20861
1632449 [0, 38400]: LP
	bnd = 38400.000000
	its = 1
	hyp = 1277 / 8067
	cut = 21058
1635300 [0, 38400]: LP
	bnd = 38400.000000
	its = 1
	hyp = 1277 / 8067
	cut = 21255
1638126 [0, 38400]: LP
	bnd = 38400.000000
	its = 1
	hyp = 1277 / 8067
	cut = 21452
1640915 [0, 38400]: LP
	bnd = 38400.000000
	its = 1
	hyp = 1277 / 8067
	cut = 21649
1643680 [0, 38400]: LP
	bnd = 38400.000000
	its = 1
	hyp = 1277 / 8067
	cut = 21846
1646440 [0, 38400]: LP
	bnd = 38400.000000
	its = 1
	hyp = 1277 / 8067
	cut = 22043
1649176 [0, 38400]: LP
	bnd = 38400.000000
	its = 1
	hyp = 1277 / 8067
	cut = 22240
1651853 [0, 38400]: LP
	bnd = 38400.000000
	its = 1
	hyp = 1277 / 8067
	cut = 22437
1654494 [0, 38400]: LP
	bnd = 38400.000000
	its = 1
	hyp = 1277 / 8067
	cut = 22634
1657106 [0, 38400]: LP
	bnd = 38400.000000
	its = 1
	hyp = 1277 / 8067
	cut = 22831
1659700 [0, 38400]: LP
	bnd = 38400.000000
	its = 1
	hyp = 1277 / 8067
	cut = 23028
1662295 [0, 38400]: LP
	bnd = 38400.000000
	its = 1
	hyp = 1277 / 8067
	cut = 23225
1664834 [0, 38400]: LP
	bnd = 38400.000000
	its = 1
	hyp = 1277 / 8067
	cut = 23422
1667375 [0, 38400]: LP
	bnd = 38400.000000
	its = 1
	hyp = 1277 / 8067
	cut = 23619
1669886 [0, 38400]: LP
	bnd = 38400.000000
	its = 1
	hyp = 1277 / 8067
	cut = 23816
1672353 [0, 38400]: LP
	bnd = 38400.000000
	its = 1
	hyp = 1277 / 8067
	cut = 24013
1674818 [0, 38400]: LP
	bnd = 38400.000000
	its = 1
	hyp = 1277 / 8067
	cut = 24210
1677250 [0, 38400]: LP
	bnd = 38400.000000
	its = 1
	hyp = 1277 / 8067
	cut = 24407
1679699 [0, 38400]: LP
	bnd = 38400.000000
	its = 1
	hyp = 1277 / 8067
	cut = 24604
1682155 [0, 38400]: LP
	bnd = 38400.000000
	its = 1
	hyp = 1277 / 8067
	cut = 24801
1684584 [0, 38400]: LP
	bnd = 38400.000000
	its = 1
	hyp = 1277 / 8067
	cut = 24998
1687013 [0, 38400]: LP
	bnd = 38400.000000
	its = 1
	hyp = 1277 / 8067
	cut = 25195
1689444 [0, 38400]: LP
	bnd = 38400.000000
	its = 1
	hyp = 1277 / 8067
	cut = 25392
1691873 [0, 38400]: LP
	bnd = 38400.000000
	its = 1
	hyp = 1277 / 8067
	cut = 25589
1694313 [0, 38400]: LP
	bnd = 38400.000000
	its = 1
	hyp = 1277 / 8067
	cut = 25786
1696713 [0, 38400]: LP
	bnd = 38400.000000
	its = 1
	hyp = 1277 / 8067
	cut = 25983
1699122 [0, 38400]: LP
	bnd = 38400.000000
	its = 1
	hyp = 1277 / 8067
	cut = 26180
1701553 [0, 38400]: LP
	bnd = 38400.000000
	its = 1
	hyp = 1277 / 8067
	cut = 26377
1704047 [0, 38400]: LP
	bnd = 38400.000000
	its = 1
	hyp = 1277 / 8067
	cut = 26574
1706501 [0, 38400]: LP
	bnd = 38400.000000
	its = 1
	hyp = 1277 / 8067
	cut = 26765
1708860 [0, 38400]: LP
	bnd = 38400.000000
	its = 1
	hyp = 1277 / 8067
	cut = 26828
1711194 [0, 38400]: LP
	bnd = 38400.000000
	its = 1
	hyp = 1277 / 8067
	cut = 26874
1713550 [0, 38400]: LP
	bnd = 38400.000000
	its = 1
	hyp = 1277 / 8067
	cut = 26897
1715889 [0, 38400]: LP
	bnd = 38400.000000
	its = 1
	hyp = 1277 / 8067
	cut = 26906
1718243 [0, 38400]: LP
	bnd = 38400.000000
	its = 1
	hyp = 1277 / 8067
	cut = 26915
1720554 [0, 38400]: LP
	bnd = 38400.000000
	its = 1
	hyp = 1277 / 8067
	cut = 26921
1722868 [0, 38400]: LP
	bnd = 38400.000000
	its = 1
	hyp = 1277 / 8067
	cut = 26926
1725251 [0, 38400]: LP
	bnd = 38400.000000
	its = 1
	hyp = 1277 / 8067
	cut = 26927
1727015 [0, 38400]: LP STOP
2257375 [0, 38400]: HEURISTIC 9
