hypergraph with 38437 vertices and 3831820 hyperarcs generated in 1463
26112 [0, 38400]: LP
	bnd = 38400.000000
	its = 113
	hyp = 1222 / 1899
	cut = 0
33091 [0, 38400]: LP
	bnd = 38400.000000
	its = 16
	hyp = 1222 / 3038
	cut = 196
38097 [0, 38400]: LP
	bnd = 38400.000000
	its = 8
	hyp = 1340 / 3317
	cut = 386
42233 [0, 38400]: LP
	bnd = 38400.000000
	its = 4
	hyp = 1234 / 3555
	cut = 555
45792 [0, 38400]: LP
	bnd = 38400.000000
	its = 3
	hyp = 1388 / 3694
	cut = 722
50550 [0, 38400]: LP
	bnd = 38400.000000
	its = 4
	hyp = 1346 / 3921
	cut = 887
59953 [0, 38400]: HEURISTIC 3
60362 [0, 38400]: LP
	bnd = 38400.000000
	its = 4
	hyp = 1546 / 4109
	cut = 1050
68372 [0, 38400]: LP
	bnd = 38400.000000
	its = 3
	hyp = 1571 / 4190
	cut = 1206
73749 [0, 38400]: LP
	bnd = 38400.000000
	its = 4
	hyp = 1483 / 4363
	cut = 1359
79599 [0, 38400]: LP
	bnd = 38400.000000
	its = 2
	hyp = 1598 / 4423
	cut = 1512
89170 [0, 38400]: LP
	bnd = 38400.000000
	its = 2
	hyp = 1542 / 4481
	cut = 1664
97311 [0, 38400]: LP
	bnd = 38400.000000
	its = 3
	hyp = 1646 / 4568
	cut = 1816
105027 [0, 38400]: LP
	bnd = 38400.000000
	its = 2
	hyp = 1582 / 4623
	cut = 1969
110109 [0, 38400]: LP
	bnd = 38400.000000
	its = 3
	hyp = 1583 / 4717
	cut = 2120
122492 [0, 38400]: LP
	bnd = 38400.000000
	its = 2
	hyp = 1726 / 4776
	cut = 2271
132303 [0, 38400]: LP
	bnd = 38400.000000
	its = 2
	hyp = 1594 / 4855
	cut = 2420
139819 [0, 38400]: LP
	bnd = 38400.000000
	its = 1
	hyp = 1534 / 4855
	cut = 2568
149266 [0, 38400]: LP
	bnd = 38400.000000
	its = 2
	hyp = 1612 / 4896
	cut = 2712
159019 [0, 38400]: LP
	bnd = 38400.000000
	its = 2
	hyp = 1664 / 4957
	cut = 2858
168624 [0, 38400]: LP
	bnd = 38400.000000
	its = 2
	hyp = 1559 / 5001
	cut = 3002
178109 [0, 38400]: LP
	bnd = 38400.000000
	its = 2
	hyp = 1488 / 5067
	cut = 3150
186530 [0, 38400]: LP
	bnd = 38400.000000
	its = 1
	hyp = 1474 / 5067
	cut = 3296
191438 [0, 38400]: LP
	bnd = 38400.000000
	its = 2
	hyp = 1545 / 5140
	cut = 3442
193070 [0, 38400]: HEURISTIC 9
196353 [0, 38400]: LP
	bnd = 38400.000000
	its = 1
	hyp = 1561 / 5140
	cut = 3588
209374 [0, 38400]: LP
	bnd = 38400.000000
	its = 2
	hyp = 1711 / 5163
	cut = 3730
217525 [0, 38400]: LP
	bnd = 38400.000000
	its = 1
	hyp = 1540 / 5163
	cut = 3869
227339 [0, 38400]: LP
	bnd = 38400.000000
	its = 2
	hyp = 1624 / 5211
	cut = 4007
235680 [0, 38400]: LP
	bnd = 38400.000000
	its = 1
	hyp = 1507 / 5211
	cut = 4147
240714 [0, 38400]: LP
	bnd = 38400.000000
	its = 2
	hyp = 1653 / 5268
	cut = 4283
247693 [0, 38400]: LP
	bnd = 38400.000000
	its = 1
	hyp = 1571 / 5268
	cut = 4417
253814 [0, 38400]: LP
	bnd = 38400.000000
	its = 1
	hyp = 1562 / 5268
	cut = 4552
261943 [0, 38400]: LP
	bnd = 38400.000000
	its = 2
	hyp = 1708 / 5338
	cut = 4687
269031 [0, 38400]: LP
	bnd = 38400.000000
	its = 1
	hyp = 1658 / 5338
	cut = 4821
284160 [0, 38400]: LP
	bnd = 38400.000000
	its = 2
	hyp = 1813 / 5439
	cut = 4951
292396 [0, 38400]: LP
	bnd = 38400.000000
	its = 1
	hyp = 1572 / 5439
	cut = 5082
300338 [0, 38400]: LP
	bnd = 38400.000000
	its = 1
	hyp = 1572 / 5439
	cut = 5213
309077 [0, 38400]: LP
	bnd = 38400.000000
	its = 1
	hyp = 1543 / 5439
	cut = 5342
317381 [0, 38400]: LP
	bnd = 38400.000000
	its = 1
	hyp = 1517 / 5439
	cut = 5472
325858 [0, 38400]: LP
	bnd = 38400.000000
	its = 1
	hyp = 1523 / 5439
	cut = 5603
335375 [0, 38400]: LP
	bnd = 38400.000000
	its = 1
	hyp = 1612 / 5439
	cut = 5730
343016 [0, 38400]: LP
	bnd = 38400.000000
	its = 1
	hyp = 1647 / 5439
	cut = 5857
347529 [0, 38400]: LP
	bnd = 38400.000000
	its = 2
	hyp = 1586 / 5562
	cut = 5979
352001 [0, 38400]: LP
	bnd = 38400.000000
	its = 1
	hyp = 1540 / 5562
	cut = 6100
357542 [0, 38400]: LP
	bnd = 38400.000000
	its = 1
	hyp = 1553 / 5562
	cut = 6224
362870 [0, 38400]: LP
	bnd = 38400.000000
	its = 1
	hyp = 1655 / 5562
	cut = 6348
367901 [0, 38400]: LP
	bnd = 38400.000000
	its = 1
	hyp = 1568 / 5562
	cut = 6473
373667 [0, 38400]: LP
	bnd = 38400.000000
	its = 1
	hyp = 1585 / 5562
	cut = 6602
379185 [0, 38400]: LP
	bnd = 38400.000000
	its = 1
	hyp = 1647 / 5562
	cut = 6734
384723 [0, 38400]: LP
	bnd = 38400.000000
	its = 1
	hyp = 1672 / 5562
	cut = 6863
390640 [0, 38400]: LP
	bnd = 38400.000000
	its = 1
	hyp = 1689 / 5562
	cut = 6996
395749 [0, 38400]: LP
	bnd = 38400.000000
	its = 1
	hyp = 1690 / 5562
	cut = 7125
398627 [0, 38400]: LP
	bnd = 38400.000000
	its = 1
	hyp = 1623 / 5562
	cut = 7252
403993 [0, 38400]: LP
	bnd = 38400.000000
	its = 1
	hyp = 1674 / 5562
	cut = 7379
409886 [0, 38400]: LP
	bnd = 38400.000000
	its = 1
	hyp = 1618 / 5562
	cut = 7506
416073 [0, 38400]: LP
	bnd = 38400.000000
	its = 1
	hyp = 1586 / 5562
	cut = 7634
422776 [0, 38400]: LP
	bnd = 38400.000000
	its = 1
	hyp = 1635 / 5562
	cut = 7758
428838 [0, 38400]: LP
	bnd = 38400.000000
	its = 1
	hyp = 1687 / 5562
	cut = 7882
436237 [0, 38400]: LP
	bnd = 38400.000000
	its = 1
	hyp = 1675 / 5562
	cut = 8078
441981 [0, 38400]: LP
	bnd = 38400.000000
	its = 1
	hyp = 1440 / 5562
	cut = 8274
448570 [0, 38400]: LP
	bnd = 38400.000000
	its = 1
	hyp = 1694 / 5562
	cut = 8398
454153 [0, 38400]: LP
	bnd = 38400.000000
	its = 1
	hyp = 1629 / 5562
	cut = 8522
458588 [0, 38400]: LP
	bnd = 38400.000000
	its = 1
	hyp = 1613 / 5562
	cut = 8644
464689 [0, 38400]: LP
	bnd = 38400.000000
	its = 1
	hyp = 1484 / 5562
	cut = 8771
470128 [0, 38400]: LP
	bnd = 38400.000000
	its = 1
	hyp = 1850 / 5562
	cut = 8896
476072 [0, 38400]: LP
	bnd = 38400.000000
	its = 1
	hyp = 1439 / 5562
	cut = 9021
482648 [0, 38400]: LP
	bnd = 38400.000000
	its = 1
	hyp = 1810 / 5562
	cut = 9144
485500 [0, 38400]: LP
	bnd = 38400.000000
	its = 1
	hyp = 1440 / 5562
	cut = 9268
491857 [0, 38400]: LP
	bnd = 38400.000000
	its = 1
	hyp = 1777 / 5562
	cut = 9392
497726 [0, 38400]: LP
	bnd = 38400.000000
	its = 1
	hyp = 1488 / 5562
	cut = 9514
502408 [0, 38400]: LP
	bnd = 38400.000000
	its = 1
	hyp = 1790 / 5562
	cut = 9636
508126 [0, 38400]: LP
	bnd = 38400.000000
	its = 1
	hyp = 1477 / 5562
	cut = 9759
513317 [0, 38400]: LP
	bnd = 38400.000000
	its = 1
	hyp = 1515 / 5562
	cut = 9881
519066 [0, 38400]: LP
	bnd = 38400.000000
	its = 1
	hyp = 1404 / 5562
	cut = 10005
526141 [0, 38400]: LP
	bnd = 38400.000000
	its = 1
	hyp = 1413 / 5562
	cut = 10129
530738 [0, 38400]: LP
	bnd = 38400.000000
	its = 1
	hyp = 1430 / 5562
	cut = 10253
535388 [0, 38400]: LP
	bnd = 38400.000000
	its = 1
	hyp = 1741 / 5562
	cut = 10377
539371 [0, 38400]: LP
	bnd = 38400.000000
	its = 1
	hyp = 1396 / 5562
	cut = 10501
543631 [0, 38400]: LP
	bnd = 38400.000000
	its = 1
	hyp = 1393 / 5562
	cut = 10624
545777 [0, 38400]: LP
	bnd = 38400.000000
	its = 1
	hyp = 1393 / 5562
	cut = 10747
547906 [0, 38400]: LP
	bnd = 38400.000000
	its = 1
	hyp = 1393 / 5562
	cut = 10870
550031 [0, 38400]: LP
	bnd = 38400.000000
	its = 1
	hyp = 1393 / 5562
	cut = 10993
552146 [0, 38400]: LP
	bnd = 38400.000000
	its = 1
	hyp = 1393 / 5562
	cut = 11116
556966 [0, 38400]: LP
	bnd = 38400.000000
	its = 1
	hyp = 1399 / 5562
	cut = 11239
559066 [0, 38400]: LP
	bnd = 38400.000000
	its = 1
	hyp = 1399 / 5562
	cut = 11363
561158 [0, 38400]: LP
	bnd = 38400.000000
	its = 1
	hyp = 1399 / 5562
	cut = 11491
563313 [0, 38400]: LP
	bnd = 38400.000000
	its = 1
	hyp = 1399 / 5562
	cut = 11687
565452 [0, 38400]: LP
	bnd = 38400.000000
	its = 1
	hyp = 1399 / 5562
	cut = 11883
567604 [0, 38400]: LP
	bnd = 38400.000000
	its = 1
	hyp = 1399 / 5562
	cut = 12079
569713 [0, 38400]: LP
	bnd = 38400.000000
	its = 1
	hyp = 1399 / 5562
	cut = 12275
571826 [0, 38400]: LP
	bnd = 38400.000000
	its = 1
	hyp = 1399 / 5562
	cut = 12471
573926 [0, 38400]: LP
	bnd = 38400.000000
	its = 1
	hyp = 1399 / 5562
	cut = 12667
576022 [0, 38400]: LP
	bnd = 38400.000000
	its = 1
	hyp = 1399 / 5562
	cut = 12863
578091 [0, 38400]: LP
	bnd = 38400.000000
	its = 1
	hyp = 1399 / 5562
	cut = 13059
580137 [0, 38400]: LP
	bnd = 38400.000000
	its = 1
	hyp = 1399 / 5562
	cut = 13255
582183 [0, 38400]: LP
	bnd = 38400.000000
	its = 1
	hyp = 1399 / 5562
	cut = 13451
584226 [0, 38400]: LP
	bnd = 38400.000000
	its = 1
	hyp = 1399 / 5562
	cut = 13647
586263 [0, 38400]: LP
	bnd = 38400.000000
	its = 1
	hyp = 1399 / 5562
	cut = 13843
588296 [0, 38400]: LP
	bnd = 38400.000000
	its = 1
	hyp = 1399 / 5562
	cut = 14039
590314 [0, 38400]: LP
	bnd = 38400.000000
	its = 1
	hyp = 1399 / 5562
	cut = 14235
592304 [0, 38400]: LP
	bnd = 38400.000000
	its = 1
	hyp = 1399 / 5562
	cut = 14431
594307 [0, 38400]: LP
	bnd = 38400.000000
	its = 1
	hyp = 1399 / 5562
	cut = 14627
596279 [0, 38400]: LP
	bnd = 38400.000000
	its = 1
	hyp = 1399 / 5562
	cut = 14823
598227 [0, 38400]: LP
	bnd = 38400.000000
	its = 1
	hyp = 1399 / 5562
	cut = 15019
600168 [0, 38400]: LP
	bnd = 38400.000000
	its = 1
	hyp = 1399 / 5562
	cut = 15215
602105 [0, 38400]: LP
	bnd = 38400.000000
	its = 1
	hyp = 1399 / 5562
	cut = 15411
604029 [0, 38400]: LP
	bnd = 38400.000000
	its = 1
	hyp = 1399 / 5562
	cut = 15607
605946 [0, 38400]: LP
	bnd = 38400.000000
	its = 1
	hyp = 1399 / 5562
	cut = 15803
607855 [0, 38400]: LP
	bnd = 38400.000000
	its = 1
	hyp = 1399 / 5562
	cut = 15999
609753 [0, 38400]: LP
	bnd = 38400.000000
	its = 1
	hyp = 1399 / 5562
	cut = 16195
611646 [0, 38400]: LP
	bnd = 38400.000000
	its = 1
	hyp = 1399 / 5562
	cut = 16391
613543 [0, 38400]: LP
	bnd = 38400.000000
	its = 1
	hyp = 1399 / 5562
	cut = 16587
615415 [0, 38400]: LP
	bnd = 38400.000000
	its = 1
	hyp = 1399 / 5562
	cut = 16783
617279 [0, 38400]: LP
	bnd = 38400.000000
	its = 1
	hyp = 1399 / 5562
	cut = 16979
619127 [0, 38400]: LP
	bnd = 38400.000000
	its = 1
	hyp = 1399 / 5562
	cut = 17175
620986 [0, 38400]: LP
	bnd = 38400.000000
	its = 1
	hyp = 1399 / 5562
	cut = 17371
622833 [0, 38400]: LP
	bnd = 38400.000000
	its = 1
	hyp = 1399 / 5562
	cut = 17567
624681 [0, 38400]: LP
	bnd = 38400.000000
	its = 1
	hyp = 1399 / 5562
	cut = 17763
626512 [0, 38400]: LP
	bnd = 38400.000000
	its = 1
	hyp = 1399 / 5562
	cut = 17959
628333 [0, 38400]: LP
	bnd = 38400.000000
	its = 1
	hyp = 1399 / 5562
	cut = 18155
630148 [0, 38400]: LP
	bnd = 38400.000000
	its = 1
	hyp = 1399 / 5562
	cut = 18351
631951 [0, 38400]: LP
	bnd = 38400.000000
	its = 1
	hyp = 1399 / 5562
	cut = 18547
633757 [0, 38400]: LP
	bnd = 38400.000000
	its = 1
	hyp = 1399 / 5562
	cut = 18743
635541 [0, 38400]: LP
	bnd = 38400.000000
	its = 1
	hyp = 1399 / 5562
	cut = 18939
637313 [0, 38400]: LP
	bnd = 38400.000000
	its = 1
	hyp = 1399 / 5562
	cut = 19135
639072 [0, 38400]: LP
	bnd = 38400.000000
	its = 1
	hyp = 1399 / 5562
	cut = 19331
640831 [0, 38400]: LP
	bnd = 38400.000000
	its = 1
	hyp = 1399 / 5562
	cut = 19527
642592 [0, 38400]: LP
	bnd = 38400.000000
	its = 1
	hyp = 1399 / 5562
	cut = 19723
644356 [0, 38400]: LP
	bnd = 38400.000000
	its = 1
	hyp = 1399 / 5562
	cut = 19919
646100 [0, 38400]: LP
	bnd = 38400.000000
	its = 1
	hyp = 1399 / 5562
	cut = 20115
647840 [0, 38400]: LP
	bnd = 38400.000000
	its = 1
	hyp = 1399 / 5562
	cut = 20311
649575 [0, 38400]: LP
	bnd = 38400.000000
	its = 1
	hyp = 1399 / 5562
	cut = 20507
651315 [0, 38400]: LP
	bnd = 38400.000000
	its = 1
	hyp = 1399 / 5562
	cut = 20703
653056 [0, 38400]: LP
	bnd = 38400.000000
	its = 1
	hyp = 1399 / 5562
	cut = 20899
654792 [0, 38400]: LP
	bnd = 38400.000000
	its = 1
	hyp = 1399 / 5562
	cut = 21095
656524 [0, 38400]: LP
	bnd = 38400.000000
	its = 1
	hyp = 1399 / 5562
	cut = 21291
658262 [0, 38400]: LP
	bnd = 38400.000000
	its = 1
	hyp = 1399 / 5562
	cut = 21487
659971 [0, 38400]: LP
	bnd = 38400.000000
	its = 1
	hyp = 1399 / 5562
	cut = 21632
661711 [0, 38400]: LP
	bnd = 38400.000000
	its = 1
	hyp = 1399 / 5562
	cut = 21828
663454 [0, 38400]: LP
	bnd = 38400.000000
	its = 1
	hyp = 1399 / 5562
	cut = 22024
665184 [0, 38400]: LP
	bnd = 38400.000000
	its = 1
	hyp = 1399 / 5562
	cut = 22220
666907 [0, 38400]: LP
	bnd = 38400.000000
	its = 1
	hyp = 1399 / 5562
	cut = 22318
668620 [0, 38400]: LP
	bnd = 38400.000000
	its = 1
	hyp = 1399 / 5562
	cut = 22411
670326 [0, 38400]: LP
	bnd = 38400.000000
	its = 1
	hyp = 1399 / 5562
	cut = 22496
672012 [0, 38400]: LP
	bnd = 38400.000000
	its = 1
	hyp = 1399 / 5562
	cut = 22567
673703 [0, 38400]: LP
	bnd = 38400.000000
	its = 1
	hyp = 1399 / 5562
	cut = 22631
675382 [0, 38400]: LP
	bnd = 38400.000000
	its = 1
	hyp = 1399 / 5562
	cut = 22653
677069 [0, 38400]: LP
	bnd = 38400.000000
	its = 1
	hyp = 1399 / 5562
	cut = 22664
678749 [0, 38400]: LP
	bnd = 38400.000000
	its = 1
	hyp = 1399 / 5562
	cut = 22671
680427 [0, 38400]: LP
	bnd = 38400.000000
	its = 1
	hyp = 1399 / 5562
	cut = 22673
682107 [0, 38400]: LP
	bnd = 38400.000000
	its = 1
	hyp = 1399 / 5562
	cut = 22675
683767 [0, 38400]: LP
	bnd = 38400.000000
	its = 1
	hyp = 1399 / 5562
	cut = 22678
685426 [0, 38400]: LP
	bnd = 38400.000000
	its = 1
	hyp = 1399 / 5562
	cut = 22680
687087 [0, 38400]: LP
	bnd = 38400.000000
	its = 1
	hyp = 1399 / 5562
	cut = 22682
688473 [0, 38400]: LP STOP
712669 [0, 38400]: HEURISTIC 27
2618373 [0, 38400]: HEURISTIC 81
6747953 [0, 38400]: HEURISTIC 243
