hypergraph with 34894 vertices and 3523161 hyperarcs generated in 1001
6671 [0, 49363]: LP
	bnd = 49363.742188
	its = 38
	hyp = 230 / 681
	cut = 0
6679 [0, 49363]: HEURISTIC 3
6686 [0, 49363]: LABEL
	tot = 175
	max = 1
6716 [0, 49314]: LABEL
	tot = 965
	max = 5
6808 [0, 49265]: LABEL
	tot = 3466
	max = 13
7071 [0, 49215]: LABEL
	tot = 10727
	max = 32
7691 [0, 49166]: LABEL
	tot = 29119
	max = 108
9147 [0, 49117]: LABEL
	tot = 76664
	max = 340
10296 [0, 49117]: LP
	bnd = 49363.492188
	its = 17
	hyp = 270 / 997
	cut = 11
12572 [0, 49068]: LABEL
	tot = 189561
	max = 811
14133 [0, 49068]: LP
	bnd = 49363.292969
	its = 18
	hyp = 296 / 1209
	cut = 22
18713 [0, 49068]: LP
	bnd = 49359.160156
	its = 22
	hyp = 303 / 1460
	cut = 33
21085 [48333, 49019]: LABEL
	tot = 470478
	max = 1861
24252 [48333, 49019]: LP
	bnd = 49357.656250
	its = 26
	hyp = 348 / 1734
	cut = 44
29467 [48333, 49019]: LP
	bnd = 49350.292969
	its = 24
	hyp = 340 / 1991
	cut = 55
35924 [48333, 49019]: LP
	bnd = 49342.359375
	its = 31
	hyp = 356 / 2235
	cut = 66
39962 [48333, 49019]: LP
	bnd = 49340.332031
	its = 17
	hyp = 435 / 2361
	cut = 77
42499 [48333, 48970]: LABEL
	tot = 1138226
	max = 4098
47762 [48333, 48970]: LP
	bnd = 49319.605469
	its = 36
	hyp = 510 / 2612
	cut = 88
57465 [48333, 48970]: LP
	bnd = 49306.816406
	its = 44
	hyp = 507 / 2878
	cut = 99
	restart
65866 [48333, 48970]: LP
	bnd = 49296.027344
	its = 37
	hyp = 549 / 3151
	cut = 110
78028 [48333, 48970]: LP
	bnd = 49290.656250
	its = 54
	hyp = 611 / 3462
	cut = 121
84654 [48808, 48921]: LABEL
	tot = 1560985
	max = 2289
86606 [48808, 48921]: LP
	bnd = 49285.144531
	its = 35
	hyp = 698 / 3672
	cut = 132
95735 [48808, 48921]: LP
	bnd = 49279.304688
	its = 37
	hyp = 544 / 3930
	cut = 143
105507 [48808, 48921]: LP
	bnd = 49274.195312
	its = 38
	hyp = 697 / 4122
	cut = 154
119230 [48808, 48921]: LP
	bnd = 49270.539062
	its = 53
	hyp = 692 / 4434
	cut = 165
132576 [48808, 48921]: LP
	bnd = 49265.773438
	its = 51
	hyp = 790 / 4756
	cut = 176
	restart
146762 [48808, 48921]: LP
	bnd = 49260.554688
	its = 56
	hyp = 761 / 5038
	cut = 187
161155 [48808, 48921]: LP
	bnd = 49253.945312
	its = 53
	hyp = 865 / 5308
	cut = 198
171365 [48808, 48872]: LABEL
	tot = 2355667
	max = 4044
178421 [48808, 48872]: LP
	bnd = 49249.824219
	its = 58
	hyp = 851 / 5656
	cut = 209
194147 [48808, 48872]: LP
	bnd = 49246.648438
	its = 51
	hyp = 844 / 5932
	cut = 220
212573 [48808, 48872]: LP
	bnd = 49241.304688
	its = 54
	hyp = 822 / 6202
	cut = 231
225344 [48808, 48872]: LP
	bnd = 49237.781250
	its = 36
	hyp = 904 / 6411
	cut = 242
243595 [48808, 48872]: LP
	bnd = 49233.335938
	its = 54
	hyp = 1079 / 6696
	cut = 253
256618 [48808, 48823]: LABEL
	tot = 4719148
	max = 8399
269008 [48808, 48823]: LP
	bnd = 49230.042969
	its = 75
	hyp = 1051 / 7135
	cut = 265
287914 [48808, 48823]: LP
	bnd = 49225.460938
	its = 57
	hyp = 1154 / 7438
	cut = 277
310130 [48808, 48823]: LP
	bnd = 49221.968750
	its = 58
	hyp = 1085 / 7723
	cut = 289
336683 [48808, 48823]: LP
	bnd = 49217.492188
	its = 56
	hyp = 1093 / 8067
	cut = 301
349019 [48808, 48808]: LABEL
	tot = 5050544
	max = 9085
