hypergraph with 36627 vertices and 3841611 hyperarcs generated in 1481
9465 [0, 51695]: LP
	bnd = 51695.160156
	its = 49
	hyp = 282 / 831
	cut = 0
9473 [0, 51695]: HEURISTIC 3
9478 [0, 51695]: LABEL
	tot = 119
	max = 1
9635 [0, 51643]: LABEL
	tot = 3543
	max = 7
10740 [0, 51591]: LABEL
	tot = 42406
	max = 66
17122 [50222, 51540]: LABEL
	tot = 449945
	max = 878
18001 [50222, 51540]: LP
	bnd = 51687.941406
	its = 39
	hyp = 343 / 1573
	cut = 14
27989 [50222, 51540]: LP
	bnd = 51673.679688
	its = 45
	hyp = 405 / 1997
	cut = 28
34213 [50222, 51540]: LP
	bnd = 51669.660156
	its = 26
	hyp = 414 / 2212
	cut = 43
47586 [50222, 51540]: LP
	bnd = 51661.843750
	its = 59
	hyp = 519 / 2636
	cut = 58
	restart
59401 [50222, 51540]: LP
	bnd = 51655.875000
	its = 50
	hyp = 602 / 2994
	cut = 73
59738 [50222, 51488]: LABEL
	tot = 950117
	max = 1336
71246 [50222, 51488]: LP
	bnd = 51650.523438
	its = 48
	hyp = 681 / 3361
	cut = 88
86170 [50222, 51488]: LP
	bnd = 51643.449219
	its = 59
	hyp = 681 / 3833
	cut = 104
100114 [50222, 51488]: LP
	bnd = 51640.101562
	its = 53
	hyp = 764 / 4180
	cut = 120
120578 [50222, 51488]: LP
	bnd = 51636.445312
	its = 79
	hyp = 828 / 4646
	cut = 136
136955 [50222, 51488]: LP
	bnd = 51633.304688
	its = 58
	hyp = 905 / 4992
	cut = 152
158214 [50222, 51488]: LP
	bnd = 51629.261719
	its = 74
	hyp = 936 / 5401
	cut = 168
	restart
177965 [50222, 51488]: LP
	bnd = 51625.722656
	its = 62
	hyp = 983 / 5761
	cut = 184
201944 [50222, 51488]: LP
	bnd = 51621.898438
	its = 74
	hyp = 1010 / 6166
	cut = 200
204421 [51030, 51437]: LABEL
	tot = 3629068
	max = 4911
222625 [51030, 51437]: LP
	bnd = 51619.066406
	its = 61
	hyp = 1024 / 6488
	cut = 216
251119 [51030, 51437]: LP
	bnd = 51617.093750
	its = 78
	hyp = 1189 / 6897
	cut = 232
272726 [51030, 51437]: LP
	bnd = 51615.085938
	its = 59
	hyp = 1130 / 7184
	cut = 248
291921 [51030, 51437]: LP
	bnd = 51613.058594
	its = 52
	hyp = 1231 / 7435
	cut = 264
328050 [51030, 51437]: LP
	bnd = 51610.312500
	its = 83
	hyp = 1163 / 7894
	cut = 280
357517 [51030, 51437]: LP
	bnd = 51608.316406
	its = 70
	hyp = 1416 / 8201
	cut = 296
393950 [51030, 51437]: LP
	bnd = 51605.847656
	its = 80
	hyp = 1392 / 8587
	cut = 312
428869 [51030, 51437]: LP
	bnd = 51603.886719
	its = 78
	hyp = 1447 / 8945
	cut = 328
464131 [51030, 51437]: LP
	bnd = 51601.468750
	its = 73
	hyp = 1330 / 9305
	cut = 344
507785 [51030, 51437]: LP
	bnd = 51599.878906
	its = 85
	hyp = 1504 / 9737
	cut = 360
543565 [51030, 51437]: LP
	bnd = 51598.574219
	its = 74
	hyp = 1384 / 10088
	cut = 376
587317 [51030, 51437]: LP
	bnd = 51597.164062
	its = 82
	hyp = 1461 / 10463
	cut = 392
627352 [51030, 51437]: LP
	bnd = 51595.527344
	its = 72
	hyp = 1443 / 10754
	cut = 408
	restart
666222 [51030, 51437]: LP
	bnd = 51594.261719
	its = 65
	hyp = 1640 / 11094
	cut = 424
712344 [51030, 51437]: LP
	bnd = 51592.707031
	its = 77
	hyp = 1604 / 11454
	cut = 440
761626 [51030, 51437]: LP
	bnd = 51591.410156
	its = 75
	hyp = 1660 / 11823
	cut = 456
808043 [51224, 51385]: LABEL
	tot = 11679652
	max = 19348
810172 [51224, 51385]: LP
	bnd = 51589.894531
	its = 76
	hyp = 1611 / 12157
	cut = 472
870156 [51224, 51385]: LP
	bnd = 51588.832031
	its = 85
	hyp = 1684 / 12557
	cut = 488
921333 [51224, 51385]: LP
	bnd = 51587.796875
	its = 68
	hyp = 1618 / 12869
	cut = 504
967185 [51224, 51385]: LP
	bnd = 51586.585938
	its = 65
	hyp = 1546 / 13144
	cut = 520
1039740 [51224, 51385]: LP
	bnd = 51585.183594
	its = 96
	hyp = 1636 / 13570
	cut = 536
1098972 [51224, 51385]: LP
	bnd = 51584.355469
	its = 81
	hyp = 1748 / 13875
	cut = 552
1164994 [51224, 51385]: LP
	bnd = 51583.343750
	its = 86
	hyp = 1739 / 14237
	cut = 568
1221511 [51224, 51385]: LP
	bnd = 51582.566406
	its = 75
	hyp = 1768 / 14501
	cut = 584
1284196 [51224, 51385]: LP
	bnd = 51581.769531
	its = 73
	hyp = 1802 / 14830
	cut = 600
1346737 [51224, 51385]: LP
	bnd = 51580.871094
	its = 67
	hyp = 1622 / 15109
	cut = 616
1418467 [51224, 51385]: LP
	bnd = 51580.109375
	its = 75
	hyp = 1789 / 15410
	cut = 632
1483541 [51224, 51385]: LP
	bnd = 51579.429688
	its = 68
	hyp = 1827 / 15673
	cut = 648
1562009 [51224, 51385]: LP
	bnd = 51578.671875
	its = 79
	hyp = 1899 / 15984
	cut = 664
1642677 [51224, 51385]: LP
	bnd = 51578.015625
	its = 85
	hyp = 1886 / 16320
	cut = 680
1753871 [51224, 51385]: LP
	bnd = 51576.972656
	its = 100
	hyp = 2024 / 16754
	cut = 696
1846436 [51224, 51385]: LP
	bnd = 51576.207031
	its = 82
	hyp = 1882 / 17081
	cut = 712
1941495 [51224, 51385]: LP
	bnd = 51575.500000
	its = 81
	hyp = 1957 / 17377
	cut = 728
2049614 [51224, 51385]: LP
	bnd = 51574.894531
	its = 95
	hyp = 2017 / 17764
	cut = 744
2135077 [51224, 51385]: LP
	bnd = 51574.265625
	its = 73
	hyp = 2021 / 18088
	cut = 761
2228873 [51224, 51385]: LP
	bnd = 51573.710938
	its = 73
	hyp = 1985 / 18384
	cut = 778
2343378 [51224, 51385]: LP
	bnd = 51573.210938
	its = 80
	hyp = 1977 / 18710
	cut = 795
2450225 [51224, 51385]: LP
	bnd = 51572.597656
	its = 79
	hyp = 2093 / 18999
	cut = 812
2559746 [51224, 51385]: LP
	bnd = 51571.835938
	its = 82
	hyp = 2055 / 19310
	cut = 829
2677001 [51224, 51385]: LP
	bnd = 51571.234375
	its = 82
	hyp = 1955 / 19594
	cut = 846
2823245 [51224, 51385]: LP
	bnd = 51570.460938
	its = 101
	hyp = 2171 / 19958
	cut = 863
2946804 [51224, 51385]: LP
	bnd = 51570.058594
	its = 85
	hyp = 2158 / 20208
	cut = 880
2986606 [51265, 51334]: LABEL
	tot = 77428582
	max = 155919
3069745 [51265, 51334]: LP
	bnd = 51569.363281
	its = 87
	hyp = 2087 / 20513
	cut = 897
3191068 [51265, 51334]: LP
	bnd = 51568.859375
	its = 84
	hyp = 2111 / 20801
	cut = 914
3299801 [51265, 51334]: LP
	bnd = 51568.468750
	its = 73
	hyp = 2235 / 21060
	cut = 931
3405208 [51265, 51334]: LP
	bnd = 51568.074219
	its = 67
	hyp = 2190 / 21317
	cut = 948
3548968 [51265, 51334]: LP
	bnd = 51567.578125
	its = 85
	hyp = 2330 / 21662
	cut = 965
3694354 [51265, 51334]: LP
	bnd = 51567.156250
	its = 88
	hyp = 2323 / 21981
	cut = 982
3831179 [51265, 51334]: LP
	bnd = 51566.769531
	its = 77
	hyp = 2283 / 22238
	cut = 999
3985939 [51265, 51334]: LP
	bnd = 51566.390625
	its = 81
	hyp = 2223 / 22533
	cut = 1016
4125373 [51265, 51334]: LP
	bnd = 51566.027344
	its = 77
	hyp = 2225 / 22799
	cut = 1033
4272047 [51265, 51334]: LP
	bnd = 51565.601562
	its = 85
	hyp = 2327 / 23070
	cut = 1050
4398668 [51265, 51334]: LP
	bnd = 51565.191406
	its = 62
	hyp = 2273 / 23281
	cut = 1067
4553677 [51265, 51334]: LP
	bnd = 51564.855469
	its = 75
	hyp = 2434 / 23569
	cut = 1084
4732553 [51265, 51334]: LP
	bnd = 51564.480469
	its = 79
	hyp = 2404 / 23853
	cut = 1101
4914737 [51265, 51334]: LP
	bnd = 51564.109375
	its = 88
	hyp = 2323 / 24156
	cut = 1119
5112779 [51265, 51334]: LP
	bnd = 51563.722656
	its = 87
	hyp = 2338 / 24469
	cut = 1136
5301573 [51265, 51334]: LP
	bnd = 51563.390625
	its = 84
	hyp = 2551 / 24781
	cut = 1153
5466010 [51265, 51334]: LP
	bnd = 51563.132812
	its = 73
	hyp = 2458 / 25013
	cut = 1170
5640479 [51265, 51334]: LP
	bnd = 51562.867188
	its = 82
	hyp = 2475 / 25274
	cut = 1187
5820570 [51265, 51334]: LP
	bnd = 51562.531250
	its = 79
	hyp = 2419 / 25553
	cut = 1205
5976452 [51265, 51334]: LP
	bnd = 51562.269531
	its = 64
	hyp = 2367 / 25789
	cut = 1223
6191708 [51265, 51334]: LP
	bnd = 51561.804688
	its = 81
	hyp = 2425 / 26054
	cut = 1241
6370396 [51265, 51334]: LP
	bnd = 51561.417969
	its = 72
	hyp = 2487 / 26287
	cut = 1258
6627766 [51265, 51334]: LP
	bnd = 51561.035156
	its = 95
	hyp = 2647 / 26637
	cut = 1277
6810211 [51265, 51334]: LP
	bnd = 51560.750000
	its = 68
	hyp = 2381 / 26863
	cut = 1295
7003349 [51265, 51334]: LP
	bnd = 51560.398438
	its = 63
	hyp = 2502 / 27062
	cut = 1314
