hypergraph with 36241 vertices and 3875637 hyperarcs generated in 1526
8197 [0, 55665]: LP
	bnd = 55665.164062
	its = 43
	hyp = 236 / 828
	cut = 0
8204 [0, 55665]: HEURISTIC 3
8207 [0, 55665]: LABEL
	tot = 61
	max = 2
8319 [0, 55609]: LABEL
	tot = 4002
	max = 17
9170 [0, 55553]: LABEL
	tot = 38261
	max = 133
11198 [0, 55553]: LP
	bnd = 55665.062500
	its = 13
	hyp = 234 / 1076
	cut = 11
14518 [55357, 55498]: LABEL
	tot = 256254
	max = 537
16167 [55357, 55498]: LP
	bnd = 55661.285156
	its = 22
	hyp = 271 / 1349
	cut = 23
19714 [55357, 55498]: LP
	bnd = 55656.148438
	its = 15
	hyp = 270 / 1496
	cut = 34
24770 [55357, 55498]: LP
	bnd = 55655.117188
	its = 22
	hyp = 282 / 1740
	cut = 45
28644 [55357, 55498]: LP
	bnd = 55652.660156
	its = 16
	hyp = 337 / 1869
	cut = 56
35266 [55357, 55498]: LP
	bnd = 55650.941406
	its = 29
	hyp = 373 / 2050
	cut = 67
41635 [55357, 55498]: LP
	bnd = 55649.062500
	its = 27
	hyp = 429 / 2244
	cut = 78
44429 [55357, 55442]: LABEL
	tot = 1432291
	max = 2354
48096 [55357, 55442]: LP
	bnd = 55648.292969
	its = 27
	hyp = 438 / 2452
	cut = 89
55777 [55357, 55442]: LP
	bnd = 55646.976562
	its = 32
	hyp = 506 / 2705
	cut = 100
63614 [55357, 55442]: LP
	bnd = 55646.011719
	its = 32
	hyp = 523 / 2930
	cut = 111
71565 [55357, 55442]: LP
	bnd = 55645.097656
	its = 32
	hyp = 594 / 3097
	cut = 122
80555 [55357, 55442]: LP
	bnd = 55644.074219
	its = 36
	hyp = 616 / 3305
	cut = 133
89668 [55357, 55442]: LP
	bnd = 55643.085938
	its = 36
	hyp = 580 / 3492
	cut = 144
98873 [55357, 55442]: LP
	bnd = 55642.171875
	its = 34
	hyp = 642 / 3670
	cut = 155
110251 [55357, 55442]: LP
	bnd = 55640.820312
	its = 43
	hyp = 658 / 3967
	cut = 166
121439 [55357, 55442]: LP
	bnd = 55639.976562
	its = 40
	hyp = 568 / 4179
	cut = 178
130406 [55357, 55442]: LP
	bnd = 55639.367188
	its = 32
	hyp = 668 / 4332
	cut = 190
139334 [55357, 55442]: LP
	bnd = 55638.058594
	its = 29
	hyp = 585 / 4510
	cut = 202
150393 [55357, 55442]: LP
	bnd = 55637.050781
	its = 37
	hyp = 716 / 4699
	cut = 214
163636 [55357, 55442]: LP
	bnd = 55635.789062
	its = 43
	hyp = 783 / 4954
	cut = 226
176441 [55357, 55442]: LP
	bnd = 55635.121094
	its = 41
	hyp = 901 / 5184
	cut = 238
184034 [55357, 55387]: LABEL
	tot = 6333305
	max = 9960
189675 [55357, 55387]: LP
	bnd = 55634.613281
	its = 42
	hyp = 766 / 5418
	cut = 250
201064 [55357, 55387]: LP
	bnd = 55634.070312
	its = 36
	hyp = 900 / 5580
	cut = 262
213780 [55357, 55387]: LP
	bnd = 55633.351562
	its = 38
	hyp = 816 / 5770
	cut = 274
228269 [55357, 55387]: LP
	bnd = 55632.542969
	its = 41
	hyp = 855 / 5980
	cut = 286
246358 [55357, 55387]: LP
	bnd = 55631.785156
	its = 48
	hyp = 965 / 6241
	cut = 298
264798 [55357, 55387]: LP
	bnd = 55631.175781
	its = 51
	hyp = 903 / 6516
	cut = 310
283662 [55357, 55387]: LP
	bnd = 55630.367188
	its = 49
	hyp = 946 / 6865
	cut = 322
306685 [55357, 55387]: LP
	bnd = 55629.785156
	its = 57
	hyp = 1032 / 7186
	cut = 334
330721 [55357, 55387]: LP
	bnd = 55629.070312
	its = 57
	hyp = 1074 / 7422
	cut = 346
358631 [55357, 55387]: LP
	bnd = 55627.675781
	its = 56
	hyp = 936 / 7701
	cut = 358
386174 [55357, 55387]: LP
	bnd = 55626.796875
	its = 62
	hyp = 985 / 8019
	cut = 370
406301 [55357, 55387]: LP
	bnd = 55626.250000
	its = 46
	hyp = 1100 / 8202
	cut = 382
429176 [55357, 55387]: LP
	bnd = 55625.667969
	its = 47
	hyp = 1203 / 8461
	cut = 394
457848 [55357, 55387]: LP
	bnd = 55624.910156
	its = 59
	hyp = 1112 / 8804
	cut = 406
485207 [55357, 55387]: LP
	bnd = 55624.335938
	its = 57
	hyp = 1164 / 9077
	cut = 418
513818 [55357, 55387]: LP
	bnd = 55623.777344
	its = 54
	hyp = 1162 / 9358
	cut = 430
545130 [55357, 55387]: LP
	bnd = 55623.101562
	its = 62
	hyp = 1233 / 9677
	cut = 442
576197 [55357, 55387]: LP
	bnd = 55622.324219
	its = 56
	hyp = 1232 / 10003
	cut = 454
592308 [55357, 55357]: LABEL
	tot = 16246594
	max = 23151
