hypergraph with 36436 vertices and 3742796 hyperarcs generated in 1636
6466 [0, 51771]: LP
	bnd = 51771.074219
	its = 33
	hyp = 203 / 614
	cut = 0
6477 [0, 51771]: HEURISTIC 3
6485 [0, 51771]: LABEL
	tot = 231
	max = 1
6517 [0, 51719]: LABEL
	tot = 1447
	max = 8
6624 [0, 51667]: LABEL
	tot = 5211
	max = 23
6945 [0, 51615]: LABEL
	tot = 17575
	max = 57
7771 [0, 51564]: LABEL
	tot = 51764
	max = 131
9912 [0, 51564]: LP
	bnd = 51768.777344
	its = 15
	hyp = 209 / 853
	cut = 11
10040 [0, 51512]: LABEL
	tot = 159609
	max = 544
13839 [0, 51512]: LP
	bnd = 51766.796875
	its = 17
	hyp = 230 / 1080
	cut = 22
16423 [0, 51461]: LABEL
	tot = 513767
	max = 2198
19049 [0, 51461]: LP
	bnd = 51756.113281
	its = 23
	hyp = 281 / 1338
	cut = 33
26348 [0, 51461]: LP
	bnd = 51732.394531
	its = 33
	hyp = 311 / 1678
	cut = 46
	restart
31781 [0, 51461]: LP
	bnd = 51727.199219
	its = 23
	hyp = 380 / 1835
	cut = 60
36091 [0, 51461]: LP
	bnd = 51717.406250
	its = 17
	hyp = 389 / 1937
	cut = 74
38795 [51145, 51409]: LABEL
	tot = 1048307
	max = 3880
42356 [51145, 51409]: LP
	bnd = 51708.156250
	its = 26
	hyp = 408 / 2105
	cut = 88
49820 [51145, 51409]: LP
	bnd = 51703.992188
	its = 31
	hyp = 432 / 2342
	cut = 102
55633 [51145, 51409]: LP
	bnd = 51695.347656
	its = 23
	hyp = 504 / 2478
	cut = 116
62341 [51145, 51409]: LP
	bnd = 51691.140625
	its = 27
	hyp = 416 / 2662
	cut = 130
	restart
70982 [51145, 51409]: LP
	bnd = 51683.371094
	its = 35
	hyp = 545 / 2876
	cut = 144
79957 [51145, 51409]: LP
	bnd = 51678.152344
	its = 36
	hyp = 548 / 3040
	cut = 158
83987 [51145, 51358]: LABEL
	tot = 1937126
	max = 9018
89867 [51145, 51358]: LP
	bnd = 51673.175781
	its = 40
	hyp = 555 / 3233
	cut = 172
99357 [51145, 51358]: LP
	bnd = 51668.433594
	its = 38
	hyp = 615 / 3392
	cut = 186
108911 [51145, 51358]: LP
	bnd = 51664.015625
	its = 36
	hyp = 639 / 3591
	cut = 200
120477 [51145, 51358]: LP
	bnd = 51656.027344
	its = 44
	hyp = 629 / 3796
	cut = 214
132903 [51145, 51358]: LP
	bnd = 51652.089844
	its = 47
	hyp = 697 / 4033
	cut = 228
	restart
143983 [51145, 51358]: LP
	bnd = 51647.093750
	its = 41
	hyp = 740 / 4229
	cut = 242
157255 [51145, 51358]: LP
	bnd = 51641.386719
	its = 48
	hyp = 759 / 4474
	cut = 256
170528 [51145, 51358]: LP
	bnd = 51638.128906
	its = 45
	hyp = 849 / 4721
	cut = 270
178337 [51145, 51306]: LABEL
	tot = 3985555
	max = 17507
186379 [51145, 51306]: LP
	bnd = 51633.750000
	its = 53
	hyp = 807 / 4971
	cut = 284
201774 [51145, 51306]: LP
	bnd = 51631.000000
	its = 50
	hyp = 900 / 5149
	cut = 298
218662 [51145, 51306]: LP
	bnd = 51628.054688
	its = 54
	hyp = 920 / 5362
	cut = 312
231877 [51145, 51306]: LP
	bnd = 51624.539062
	its = 40
	hyp = 937 / 5552
	cut = 326
251362 [51145, 51306]: LP
	bnd = 51620.695312
	its = 58
	hyp = 923 / 5844
	cut = 340
265544 [51145, 51306]: LP
	bnd = 51617.777344
	its = 41
	hyp = 1022 / 6048
	cut = 354
280681 [51145, 51306]: LP
	bnd = 51615.441406
	its = 42
	hyp = 1013 / 6218
	cut = 368
298216 [51145, 51306]: LP
	bnd = 51613.359375
	its = 51
	hyp = 1096 / 6479
	cut = 383
312765 [51145, 51306]: LP
	bnd = 51611.300781
	its = 41
	hyp = 1106 / 6680
	cut = 398
	restart
328899 [51145, 51306]: LP
	bnd = 51609.425781
	its = 43
	hyp = 1064 / 6869
	cut = 413
346138 [51145, 51306]: LP
	bnd = 51607.949219
	its = 45
	hyp = 1117 / 7062
	cut = 428
366595 [51145, 51306]: LP
	bnd = 51606.050781
	its = 55
	hyp = 1238 / 7261
	cut = 443
387494 [51145, 51306]: LP
	bnd = 51604.250000
	its = 53
	hyp = 1312 / 7537
	cut = 458
408232 [51145, 51306]: LP
	bnd = 51602.964844
	its = 48
	hyp = 1300 / 7745
	cut = 473
414224 [51228, 51255]: LABEL
	tot = 8421556
	max = 22968
433657 [51228, 51255]: LP
	bnd = 51601.339844
	its = 62
	hyp = 1399 / 7981
	cut = 488
456419 [51228, 51255]: LP
	bnd = 51600.117188
	its = 52
	hyp = 1382 / 8195
	cut = 503
477584 [51228, 51255]: LP
	bnd = 51598.484375
	its = 47
	hyp = 1291 / 8377
	cut = 518
498244 [51228, 51255]: LP
	bnd = 51597.109375
	its = 46
	hyp = 1402 / 8590
	cut = 533
528296 [51228, 51255]: LP
	bnd = 51595.371094
	its = 61
	hyp = 1376 / 8836
	cut = 548
552375 [51228, 51255]: LP
	bnd = 51593.957031
	its = 50
	hyp = 1367 / 9041
	cut = 563
580452 [51228, 51255]: LP
	bnd = 51592.894531
	its = 54
	hyp = 1446 / 9241
	cut = 578
602285 [51228, 51228]: LABEL
	tot = 14127973
	max = 35457
