hypergraph with 16313 vertices and 863654 hyperarcs generated in 367
2038 [0, 26676]: LP
	bnd = 26676.328125
	its = 36
	hyp = 155 / 504
	cut = 0
2041 [0, 26676]: HEURISTIC 3
2042 [0, 26676]: LABEL
	tot = 76
	max = 1
2055 [0, 26649]: LABEL
	tot = 724
	max = 3
2078 [0, 26623]: LABEL
	tot = 1111
	max = 3
2112 [0, 26596]: LABEL
	tot = 1785
	max = 6
2177 [0, 26569]: LABEL
	tot = 3425
	max = 13
2287 [0, 26543]: LABEL
	tot = 5957
	max = 19
2441 [0, 26516]: LABEL
	tot = 8914
	max = 34
2673 [0, 26490]: LABEL
	tot = 14849
	max = 52
3037 [0, 26463]: LABEL
	tot = 25465
	max = 92
3478 [0, 26463]: LP
	bnd = 26654.179688
	its = 21
	hyp = 214 / 824
	cut = 9
	restart
3880 [0, 26437]: LABEL
	tot = 27679
	max = 84
4486 [0, 26410]: LABEL
	tot = 45955
	max = 134
4967 [0, 26410]: LP
	bnd = 26641.148438
	its = 22
	hyp = 236 / 1024
	cut = 18
5363 [25714, 26384]: LABEL
	tot = 72110
	max = 247
6413 [25714, 26384]: LP
	bnd = 26613.232422
	its = 21
	hyp = 284 / 1201
	cut = 27
	restart
7022 [26125, 26357]: LABEL
	tot = 58149
	max = 179
7693 [26125, 26357]: LP
	bnd = 26609.044922
	its = 18
	hyp = 240 / 1325
	cut = 36
7931 [26152, 26331]: LABEL
	tot = 93463
	max = 325
8798 [26152, 26331]: LP
	bnd = 26600.898438
	its = 15
	hyp = 299 / 1452
	cut = 45
9558 [26152, 26305]: LABEL
	tot = 157338
	max = 566
10223 [26152, 26305]: LP
	bnd = 26595.083984
	its = 20
	hyp = 295 / 1626
	cut = 54
11894 [26152, 26278]: LABEL
	tot = 240800
	max = 1072
12182 [26152, 26278]: LP
	bnd = 26584.509766
	its = 27
	hyp = 285 / 1860
	cut = 63
13550 [26152, 26278]: LP
	bnd = 26579.115234
	its = 18
	hyp = 274 / 1951
	cut = 72
	restart
15197 [26152, 26278]: LP
	bnd = 26568.470703
	its = 21
	hyp = 400 / 2124
	cut = 81
16344 [26152, 26252]: LABEL
	tot = 311819
	max = 1252
17835 [26152, 26252]: LP
	bnd = 26561.189453
	its = 33
	hyp = 308 / 2333
	cut = 90
19938 [26152, 26252]: LP
	bnd = 26554.150391
	its = 26
	hyp = 434 / 2450
	cut = 99
	restart
22515 [26152, 26252]: LP
	bnd = 26551.708984
	its = 30
	hyp = 475 / 2610
	cut = 108
24327 [26152, 26226]: LABEL
	tot = 449119
	max = 1892
25531 [26152, 26226]: LP
	bnd = 26546.923828
	its = 36
	hyp = 456 / 2785
	cut = 117
27892 [26152, 26226]: LP
	bnd = 26545.333984
	its = 27
	hyp = 486 / 2900
	cut = 126
30592 [26152, 26226]: LP
	bnd = 26542.224609
	its = 30
	hyp = 533 / 3033
	cut = 135
31142 [26222, 26222]: LABEL
	tot = 688260
	max = 3068
