hypergraph with 16852 vertices and 826939 hyperarcs generated in 436
1593 [0, 25573]: LP
	bnd = 25573.250000
	its = 28
	hyp = 171 / 419
	cut = 0
1598 [0, 25573]: HEURISTIC 3
1601 [0, 25573]: LABEL
	tot = 108
	max = 1
1606 [0, 25547]: LABEL
	tot = 313
	max = 2
1613 [0, 25522]: LABEL
	tot = 388
	max = 3
1621 [0, 25496]: LABEL
	tot = 486
	max = 3
1632 [0, 25471]: LABEL
	tot = 705
	max = 4
1647 [0, 25445]: LABEL
	tot = 1198
	max = 5
1670 [0, 25420]: LABEL
	tot = 1749
	max = 7
1699 [0, 25394]: LABEL
	tot = 2165
	max = 9
1737 [0, 25369]: LABEL
	tot = 2830
	max = 11
1783 [0, 25344]: LABEL
	tot = 3554
	max = 14
1843 [0, 25318]: LABEL
	tot = 4657
	max = 16
1919 [0, 25293]: LABEL
	tot = 6272
	max = 24
2019 [0, 25268]: LABEL
	tot = 8357
	max = 34
2141 [25089, 25242]: LABEL
	tot = 10690
	max = 40
2291 [25089, 25217]: LABEL
	tot = 13564
	max = 53
2475 [25089, 25192]: LABEL
	tot = 17282
	max = 67
2705 [25090, 25167]: LABEL
	tot = 22602
	max = 90
2891 [25090, 25167]: LP
	bnd = 25564.761719
	its = 19
	hyp = 169 / 838
	cut = 8
2989 [25090, 25141]: LABEL
	tot = 29314
	max = 127
3356 [25090, 25116]: LABEL
	tot = 38664
	max = 173
3799 [25090, 25091]: LABEL
	tot = 48752
	max = 241
3887 [25090, 25091]: LP
	bnd = 25530.082031
	its = 14
	hyp = 183 / 914
	cut = 16
	restart
4228 [25090, 25090]: LABEL
	tot = 34183
	max = 126
