hypergraph with 17441 vertices and 1013567 hyperarcs generated in 677
1472 [0, 28359]: LP
	bnd = 28359.171875
	its = 21
	hyp = 123 / 361
	cut = 0
1476 [0, 28359]: HEURISTIC 3
1479 [0, 28359]: LABEL
	tot = 82
	max = 1
1493 [0, 28330]: LABEL
	tot = 737
	max = 5
1518 [0, 28302]: LABEL
	tot = 1779
	max = 18
1564 [0, 28274]: LABEL
	tot = 3776
	max = 29
1647 [0, 28245]: LABEL
	tot = 7144
	max = 60
1808 [28095, 28217]: LABEL
	tot = 14362
	max = 146
2108 [28125, 28189]: LABEL
	tot = 28565
	max = 351
2292 [28125, 28189]: LP
	bnd = 28359.171875
	its = 10
	hyp = 150 / 481
	cut = 8
2654 [28125, 28161]: LABEL
	tot = 54611
	max = 743
3500 [28125, 28161]: LP
	bnd = 28354.748047
	its = 16
	hyp = 142 / 593
	cut = 16
3646 [28131, 28133]: LABEL
	tot = 98118
	max = 1415
4587 [28131, 28133]: LP
	bnd = 28354.564453
	its = 14
	hyp = 153 / 692
	cut = 25
4716 [28131, 28131]: LABEL
	tot = 104931
	max = 1166
