hypergraph with 36523 vertices and 3902833 hyperarcs generated in 1523
6654 [0, 56922]: LP
	bnd = 56922.226562
	its = 34
	hyp = 239 / 606
	cut = 0
6663 [0, 56922]: HEURISTIC 3
6669 [0, 56922]: LABEL
	tot = 148
	max = 1
6810 [0, 56865]: LABEL
	tot = 3477
	max = 13
7313 [56412, 56808]: LABEL
	tot = 13143
	max = 73
8852 [56503, 56751]: LABEL
	tot = 47814
	max = 187
11674 [56503, 56751]: LP
	bnd = 56903.296875
	its = 23
	hyp = 243 / 925
	cut = 10
14095 [56532, 56694]: LABEL
	tot = 187121
	max = 819
16393 [56532, 56694]: LP
	bnd = 56892.085938
	its = 21
	hyp = 274 / 1173
	cut = 21
21100 [56532, 56694]: LP
	bnd = 56878.917969
	its = 21
	hyp = 305 / 1350
	cut = 32
25516 [56532, 56694]: LP
	bnd = 56877.152344
	its = 19
	hyp = 354 / 1477
	cut = 44
29042 [56542, 56638]: LABEL
	tot = 485524
	max = 2953
29689 [56542, 56638]: LP
	bnd = 56871.921875
	its = 17
	hyp = 412 / 1664
	cut = 56
34363 [56542, 56638]: LP
	bnd = 56869.492188
	its = 19
	hyp = 359 / 1888
	cut = 69
39841 [56542, 56638]: LP
	bnd = 56862.609375
	its = 23
	hyp = 491 / 2118
	cut = 82
47396 [56542, 56638]: LP
	bnd = 56860.710938
	its = 32
	hyp = 493 / 2351
	cut = 95
55177 [56542, 56638]: LP
	bnd = 56851.367188
	its = 33
	hyp = 496 / 2598
	cut = 108
59235 [56573, 56581]: LABEL
	tot = 1246801
	max = 5260
60801 [56573, 56581]: LP
	bnd = 56848.988281
	its = 22
	hyp = 492 / 2761
	cut = 121
68539 [56573, 56581]: LP
	bnd = 56845.050781
	its = 32
	hyp = 481 / 2974
	cut = 134
75085 [56573, 56581]: LP
	bnd = 56840.585938
	its = 26
	hyp = 501 / 3106
	cut = 147
81667 [56573, 56581]: LP
	bnd = 56838.269531
	its = 25
	hyp = 529 / 3239
	cut = 160
84234 [56573, 56573]: LABEL
	tot = 1124419
	max = 3567
