hypergraph with 17427 vertices and 976091 hyperarcs generated in 656
1704 [0, 27629]: LP
	bnd = 27629.484375
	its = 25
	hyp = 120 / 346
	cut = 0
1711 [0, 27629]: HEURISTIC 3
1716 [0, 27629]: LABEL
	tot = 201
	max = 1
1728 [0, 27601]: LABEL
	tot = 492
	max = 4
1745 [0, 27574]: LABEL
	tot = 827
	max = 7
1777 [0, 27546]: LABEL
	tot = 1664
	max = 9
1830 [0, 27519]: LABEL
	tot = 2967
	max = 17
1907 [0, 27491]: LABEL
	tot = 4729
	max = 25
2023 [27158, 27464]: LABEL
	tot = 7215
	max = 36
2190 [27158, 27436]: LABEL
	tot = 10400
	max = 51
2438 [27182, 27409]: LABEL
	tot = 15742
	max = 74
2786 [27182, 27381]: LABEL
	tot = 22847
	max = 123
2820 [27182, 27381]: LP
	bnd = 27566.775391
	its = 14
	hyp = 170 / 594
	cut = 8
	restart
3074 [27182, 27354]: LABEL
	tot = 16379
	max = 73
3438 [27182, 27327]: LABEL
	tot = 24300
	max = 119
3793 [27182, 27327]: LP
	bnd = 27564.314453
	its = 12
	hyp = 199 / 713
	cut = 16
3955 [27182, 27299]: LABEL
	tot = 36029
	max = 177
4640 [27192, 27272]: LABEL
	tot = 49757
	max = 246
5606 [27192, 27245]: LABEL
	tot = 73607
	max = 372
5729 [27192, 27245]: LP
	bnd = 27550.125000
	its = 26
	hyp = 219 / 932
	cut = 24
	restart
6940 [27192, 27217]: LABEL
	tot = 95680
	max = 464
7200 [27192, 27217]: LP
	bnd = 27539.783203
	its = 19
	hyp = 235 / 1039
	cut = 32
8632 [27192, 27192]: LABEL
	tot = 138775
	max = 687
