hypergraph with 32241 vertices and 2993398 hyperarcs generated in 966
3512 [0, 54710]: LP
	bnd = 54710.019531
	its = 21
	hyp = 220 / 481
	cut = 0
3529 [0, 54710]: HEURISTIC 3
3545 [0, 54710]: HEURISTIC 9
3558 [0, 54710]: LABEL
	tot = 732
	max = 6
3591 [0, 54655]: LABEL
	tot = 1992
	max = 28
3669 [0, 54600]: LABEL
	tot = 4229
	max = 40
3874 [0, 54546]: LABEL
	tot = 10226
	max = 86
4268 [0, 54491]: LABEL
	tot = 19556
	max = 153
5091 [0, 54437]: LABEL
	tot = 37176
	max = 279
5516 [0, 54437]: LP
	bnd = 54695.140625
	its = 10
	hyp = 233 / 792
	cut = 8
6585 [0, 54382]: LABEL
	tot = 70182
	max = 576
7038 [0, 54382]: LP
	bnd = 54695.140625
	its = 7
	hyp = 238 / 902
	cut = 16
8788 [0, 54382]: LP
	bnd = 54695.140625
	its = 8
	hyp = 279 / 1024
	cut = 24
9273 [0, 54328]: LABEL
	tot = 114739
	max = 964
10681 [0, 54328]: LP
	bnd = 54694.207031
	its = 9
	hyp = 287 / 1139
	cut = 32
13592 [0, 54328]: LP
	bnd = 54692.742188
	its = 15
	hyp = 302 / 1280
	cut = 40
14228 [53731, 54273]: LABEL
	tot = 196475
	max = 1612
16537 [53731, 54273]: LP
	bnd = 54678.222656
	its = 15
	hyp = 294 / 1406
	cut = 48
19030 [53731, 54273]: LP
	bnd = 54668.046875
	its = 12
	hyp = 361 / 1523
	cut = 56
23043 [53731, 54273]: LP
	bnd = 54654.652344
	its = 21
	hyp = 283 / 1703
	cut = 64
	restart
26621 [53731, 54273]: LP
	bnd = 54651.984375
	its = 18
	hyp = 296 / 1816
	cut = 72
29615 [53731, 54219]: LABEL
	tot = 259495
	max = 1598
30359 [53731, 54219]: LP
	bnd = 54650.683594
	its = 19
	hyp = 411 / 1965
	cut = 80
36347 [53731, 54219]: LP
	bnd = 54646.558594
	its = 32
	hyp = 438 / 2232
	cut = 88
41197 [53731, 54219]: LP
	bnd = 54645.562500
	its = 25
	hyp = 466 / 2373
	cut = 96
41708 [53904, 54165]: LABEL
	tot = 447779
	max = 2519
45674 [53904, 54165]: LP
	bnd = 54643.019531
	its = 22
	hyp = 336 / 2505
	cut = 104
51710 [53904, 54165]: LP
	bnd = 54640.148438
	its = 31
	hyp = 392 / 2624
	cut = 112
56527 [53904, 54165]: LP
	bnd = 54637.519531
	its = 24
	hyp = 462 / 2725
	cut = 120
62475 [53904, 54165]: LP
	bnd = 54633.488281
	its = 29
	hyp = 467 / 2883
	cut = 128
63451 [53904, 54111]: LABEL
	tot = 742816
	max = 3916
67251 [53904, 54111]: LP
	bnd = 54631.671875
	its = 21
	hyp = 455 / 2971
	cut = 136
73168 [53904, 54111]: LP
	bnd = 54628.707031
	its = 28
	hyp = 522 / 3069
	cut = 144
80899 [53904, 54111]: LP
	bnd = 54626.308594
	its = 37
	hyp = 586 / 3279
	cut = 152
90375 [53904, 54111]: LP
	bnd = 54622.355469
	its = 44
	hyp = 678 / 3507
	cut = 160
100637 [53904, 54111]: LP
	bnd = 54618.054688
	its = 46
	hyp = 612 / 3710
	cut = 168
101902 [53904, 54057]: LABEL
	tot = 1220021
	max = 6903
107809 [53904, 54057]: LP
	bnd = 54614.906250
	its = 30
	hyp = 611 / 3882
	cut = 176
115284 [53904, 54057]: LP
	bnd = 54610.910156
	its = 32
	hyp = 630 / 4088
	cut = 184
125488 [53904, 54057]: LP
	bnd = 54607.511719
	its = 43
	hyp = 732 / 4292
	cut = 192
133773 [53904, 54057]: LP
	bnd = 54596.835938
	its = 34
	hyp = 687 / 4468
	cut = 200
144895 [53904, 54057]: LP
	bnd = 54588.421875
	its = 46
	hyp = 734 / 4727
	cut = 208
	restart
153865 [53904, 54057]: LP
	bnd = 54578.769531
	its = 33
	hyp = 749 / 4878
	cut = 216
166965 [53904, 54057]: LP
	bnd = 54575.578125
	its = 49
	hyp = 785 / 5071
	cut = 224
175409 [53904, 54057]: LP
	bnd = 54573.480469
	its = 30
	hyp = 846 / 5206
	cut = 232
184417 [53904, 54057]: LP
	bnd = 54571.531250
	its = 32
	hyp = 866 / 5342
	cut = 240
193683 [53904, 54057]: LP
	bnd = 54568.894531
	its = 29
	hyp = 846 / 5498
	cut = 248
198936 [53904, 54003]: LABEL
	tot = 1799929
	max = 6944
207883 [53904, 54003]: LP
	bnd = 54565.203125
	its = 41
	hyp = 785 / 5832
	cut = 256
225893 [53904, 54003]: LP
	bnd = 54561.085938
	its = 60
	hyp = 909 / 6061
	cut = 264
238657 [53904, 54003]: LP
	bnd = 54555.390625
	its = 39
	hyp = 934 / 6227
	cut = 272
253052 [53904, 54003]: LP
	bnd = 54551.628906
	its = 44
	hyp = 891 / 6391
	cut = 280
270369 [53904, 54003]: LP
	bnd = 54544.257812
	its = 53
	hyp = 1072 / 6606
	cut = 288
291560 [53904, 54003]: LP
	bnd = 54540.683594
	its = 50
	hyp = 997 / 6909
	cut = 297
	restart
313342 [53904, 54003]: LP
	bnd = 54537.203125
	its = 57
	hyp = 1043 / 7127
	cut = 306
334283 [53904, 54003]: LP
	bnd = 54534.082031
	its = 56
	hyp = 1049 / 7384
	cut = 315
356986 [53904, 54003]: LP
	bnd = 54530.667969
	its = 47
	hyp = 1105 / 7634
	cut = 324
365789 [53904, 53949]: LABEL
	tot = 2622014
	max = 8084
376756 [53904, 53949]: LP
	bnd = 54525.386719
	its = 47
	hyp = 1103 / 7879
	cut = 333
401140 [53904, 53949]: LP
	bnd = 54520.628906
	its = 58
	hyp = 1100 / 8135
	cut = 342
424433 [53904, 53949]: LP
	bnd = 54515.679688
	its = 55
	hyp = 1121 / 8386
	cut = 351
449506 [53904, 53949]: LP
	bnd = 54511.878906
	its = 50
	hyp = 1245 / 8617
	cut = 360
480710 [53904, 53949]: LP
	bnd = 54509.164062
	its = 58
	hyp = 1211 / 8882
	cut = 369
483596 [53904, 53904]: LABEL
	tot = 3910217
	max = 12025
