hypergraph with 34113 vertices and 3442927 hyperarcs generated in 841
8508 [0, 46088]: LP
	bnd = 46088.468750
	its = 52
	hyp = 244 / 926
	cut = 0
8515 [0, 46088]: HEURISTIC 3
8519 [0, 46088]: LABEL
	tot = 145
	max = 1
8543 [0, 46042]: LABEL
	tot = 967
	max = 4
8632 [0, 45996]: LABEL
	tot = 4039
	max = 12
8927 [0, 45950]: LABEL
	tot = 16493
	max = 37
9784 [0, 45904]: LABEL
	tot = 59985
	max = 142
12254 [0, 45858]: LABEL
	tot = 214021
	max = 657
15851 [0, 45858]: LP
	bnd = 46069.933594
	its = 38
	hyp = 366 / 1616
	cut = 13
20192 [0, 45812]: LABEL
	tot = 753586
	max = 2771
22592 [0, 45812]: LP
	bnd = 46061.742188
	its = 34
	hyp = 390 / 1992
	cut = 26
28878 [0, 45812]: LP
	bnd = 46054.152344
	its = 31
	hyp = 444 / 2274
	cut = 39
37953 [0, 45812]: LP
	bnd = 46045.894531
	its = 45
	hyp = 486 / 2799
	cut = 52
	restart
44621 [0, 45812]: LP
	bnd = 46034.406250
	its = 31
	hyp = 587 / 3155
	cut = 65
52487 [0, 45812]: LP
	bnd = 46028.343750
	its = 36
	hyp = 580 / 3494
	cut = 78
54171 [0, 45766]: LABEL
	tot = 1504501
	max = 5663
61561 [0, 45766]: LP
	bnd = 46023.613281
	its = 41
	hyp = 697 / 3738
	cut = 91
72229 [0, 45766]: LP
	bnd = 46015.257812
	its = 47
	hyp = 744 / 4114
	cut = 104
82192 [0, 45766]: LP
	bnd = 46004.726562
	its = 42
	hyp = 668 / 4362
	cut = 117
	restart
92119 [0, 45766]: LP
	bnd = 45997.910156
	its = 42
	hyp = 730 / 4618
	cut = 130
102118 [0, 45766]: LP
	bnd = 45990.968750
	its = 41
	hyp = 727 / 4906
	cut = 143
109535 [44887, 45721]: LABEL
	tot = 2413503
	max = 9911
109925 [44887, 45721]: LP
	bnd = 45982.750000
	its = 29
	hyp = 732 / 5140
	cut = 156
119598 [44887, 45721]: LP
	bnd = 45978.890625
	its = 35
	hyp = 820 / 5441
	cut = 169
132661 [44887, 45721]: LP
	bnd = 45973.160156
	its = 49
	hyp = 868 / 5800
	cut = 182
148242 [44887, 45721]: LP
	bnd = 45967.503906
	its = 54
	hyp = 832 / 6127
	cut = 195
	restart
162561 [44887, 45721]: LP
	bnd = 45962.761719
	its = 46
	hyp = 958 / 6423
	cut = 208
177826 [44887, 45721]: LP
	bnd = 45957.941406
	its = 48
	hyp = 917 / 6729
	cut = 221
190617 [44887, 45721]: LP
	bnd = 45952.312500
	its = 40
	hyp = 1040 / 6917
	cut = 234
205246 [45124, 45675]: LABEL
	tot = 4370886
	max = 18099
207357 [45124, 45675]: LP
	bnd = 45948.414062
	its = 53
	hyp = 1082 / 7254
	cut = 247
225202 [45124, 45675]: LP
	bnd = 45943.355469
	its = 55
	hyp = 1131 / 7571
	cut = 260
249724 [45124, 45675]: LP
	bnd = 45939.054688
	its = 69
	hyp = 1199 / 7979
	cut = 273
273438 [45124, 45675]: LP
	bnd = 45934.554688
	its = 65
	hyp = 1213 / 8409
	cut = 286
294614 [45124, 45675]: LP
	bnd = 45930.683594
	its = 58
	hyp = 1122 / 8721
	cut = 299
319524 [45124, 45675]: LP
	bnd = 45926.789062
	its = 65
	hyp = 1226 / 9058
	cut = 312
	restart
342726 [45124, 45675]: LP
	bnd = 45921.941406
	its = 59
	hyp = 1242 / 9385
	cut = 325
363694 [45124, 45675]: LP
	bnd = 45918.343750
	its = 50
	hyp = 1319 / 9615
	cut = 338
389434 [45124, 45675]: LP
	bnd = 45915.191406
	its = 59
	hyp = 1332 / 9916
	cut = 351
419253 [45124, 45675]: LP
	bnd = 45912.871094
	its = 69
	hyp = 1293 / 10242
	cut = 364
442903 [45362, 45629]: LABEL
	tot = 7604651
	max = 44388
444665 [45362, 45629]: LP
	bnd = 45909.179688
	its = 57
	hyp = 1384 / 10555
	cut = 377
471807 [45362, 45629]: LP
	bnd = 45906.304688
	its = 59
	hyp = 1418 / 10836
	cut = 390
494954 [45362, 45629]: LP
	bnd = 45904.492188
	its = 47
	hyp = 1443 / 11113
	cut = 403
530663 [45362, 45629]: LP
	bnd = 45902.394531
	its = 66
	hyp = 1477 / 11458
	cut = 416
562582 [45362, 45629]: LP
	bnd = 45900.000000
	its = 61
	hyp = 1369 / 11733
	cut = 429
589421 [45362, 45629]: LP
	bnd = 45896.359375
	its = 48
	hyp = 1368 / 11964
	cut = 442
618443 [45362, 45629]: LP
	bnd = 45893.742188
	its = 52
	hyp = 1325 / 12250
	cut = 455
646185 [45362, 45629]: LP
	bnd = 45892.093750
	its = 47
	hyp = 1398 / 12491
	cut = 468
672769 [45362, 45629]: LP
	bnd = 45890.437500
	its = 44
	hyp = 1345 / 12705
	cut = 481
705394 [45362, 45629]: LP
	bnd = 45888.902344
	its = 52
	hyp = 1478 / 12973
	cut = 494
	restart
729080 [45362, 45629]: LP
	bnd = 45887.328125
	its = 38
	hyp = 1372 / 13130
	cut = 507
760397 [45362, 45629]: LP
	bnd = 45886.128906
	its = 49
	hyp = 1501 / 13386
	cut = 520
789871 [45362, 45629]: LP
	bnd = 45884.664062
	its = 49
	hyp = 1504 / 13597
	cut = 533
826933 [45362, 45629]: LP
	bnd = 45882.867188
	its = 49
	hyp = 1548 / 13930
	cut = 546
862700 [45362, 45629]: LP
	bnd = 45881.414062
	its = 52
	hyp = 1590 / 14184
	cut = 559
889685 [45362, 45629]: LP
	bnd = 45879.839844
	its = 40
	hyp = 1546 / 14350
	cut = 572
928535 [45362, 45629]: LP
	bnd = 45878.675781
	its = 53
	hyp = 1533 / 14613
	cut = 585
965679 [45362, 45629]: LP
	bnd = 45877.203125
	its = 54
	hyp = 1516 / 14836
	cut = 598
998093 [45362, 45629]: LP
	bnd = 45876.308594
	its = 48
	hyp = 1569 / 15026
	cut = 611
1033745 [45362, 45629]: LP
	bnd = 45875.304688
	its = 53
	hyp = 1674 / 15266
	cut = 624
1053337 [45543, 45584]: LABEL
	tot = 15249822
	max = 87423
1064972 [45543, 45584]: LP
	bnd = 45874.257812
	its = 37
	hyp = 1589 / 15435
	cut = 637
1104504 [45543, 45584]: LP
	bnd = 45873.546875
	its = 49
	hyp = 1508 / 15666
	cut = 650
1141313 [45543, 45584]: LP
	bnd = 45872.820312
	its = 46
	hyp = 1662 / 15881
	cut = 663
1174177 [45543, 45584]: LP
	bnd = 45872.187500
	its = 44
	hyp = 1660 / 16066
	cut = 676
1226559 [45543, 45584]: LP
	bnd = 45871.105469
	its = 56
	hyp = 1670 / 16341
	cut = 689
1270493 [45543, 45584]: LP
	bnd = 45870.332031
	its = 54
	hyp = 1758 / 16579
	cut = 702
1313227 [45543, 45584]: LP
	bnd = 45869.421875
	its = 52
	hyp = 1810 / 16822
	cut = 715
1351736 [45543, 45584]: LP
	bnd = 45868.726562
	its = 40
	hyp = 1692 / 16949
	cut = 728
1405064 [45543, 45584]: LP
	bnd = 45867.738281
	its = 57
	hyp = 1765 / 17173
	cut = 741
1445249 [45543, 45584]: LP
	bnd = 45867.226562
	its = 42
	hyp = 1727 / 17335
	cut = 754
1498002 [45543, 45584]: LP
	bnd = 45866.601562
	its = 49
	hyp = 1781 / 17533
	cut = 767
1533258 [45543, 45584]: LP
	bnd = 45865.968750
	its = 34
	hyp = 1673 / 17657
	cut = 780
1586759 [45543, 45584]: LP
	bnd = 45865.226562
	its = 50
	hyp = 1747 / 17866
	cut = 793
1636552 [45543, 45584]: LP
	bnd = 45864.535156
	its = 47
	hyp = 1792 / 18034
	cut = 806
1688209 [45543, 45584]: LP
	bnd = 45863.867188
	its = 52
	hyp = 1794 / 18288
	cut = 819
1742468 [45543, 45584]: LP
	bnd = 45863.238281
	its = 50
	hyp = 1829 / 18447
	cut = 832
1799251 [45543, 45584]: LP
	bnd = 45862.410156
	its = 55
	hyp = 1815 / 18656
	cut = 845
1860554 [45543, 45584]: LP
	bnd = 45861.796875
	its = 52
	hyp = 1840 / 18822
	cut = 859
1917348 [45543, 45584]: LP
	bnd = 45861.074219
	its = 50
	hyp = 1774 / 19011
	cut = 873
1967716 [45543, 45584]: LP
	bnd = 45860.585938
	its = 42
	hyp = 1854 / 19168
	cut = 887
2011750 [45543, 45584]: LP
	bnd = 45860.125000
	its = 34
	hyp = 1820 / 19330
	cut = 901
2077919 [45543, 45584]: LP
	bnd = 45859.691406
	its = 55
	hyp = 1861 / 19540
	cut = 915
2127624 [45543, 45584]: LP
	bnd = 45859.171875
	its = 40
	hyp = 1850 / 19691
	cut = 929
2178136 [45543, 45584]: LP
	bnd = 45858.832031
	its = 43
	hyp = 1902 / 19829
	cut = 943
2257212 [45543, 45584]: LP
	bnd = 45858.113281
	its = 54
	hyp = 1966 / 20103
	cut = 957
2343442 [45543, 45584]: LP
	bnd = 45857.429688
	its = 59
	hyp = 2009 / 20372
	cut = 971
2431936 [45543, 45584]: LP
	bnd = 45856.820312
	its = 61
	hyp = 2002 / 20597
	cut = 986
2479928 [45560, 45560]: LABEL
	tot = 38578796
	max = 222620
