hypergraph with 36523 vertices and 3891115 hyperarcs generated in 1770
4994 [0, 55033]: LP
	bnd = 55033.796875
	its = 24
	hyp = 224 / 469
	cut = 0
5000 [0, 55033]: HEURISTIC 3
5004 [0, 55033]: LABEL
	tot = 59
	max = 1
5033 [0, 54978]: LABEL
	tot = 1004
	max = 3
5107 [0, 54923]: LABEL
	tot = 3237
	max = 10
5296 [0, 54868]: LABEL
	tot = 8816
	max = 26
5772 [0, 54813]: LABEL
	tot = 25185
	max = 75
6941 [54639, 54759]: LABEL
	tot = 73050
	max = 252
9787 [54639, 54704]: LABEL
	tot = 210858
	max = 733
11069 [54639, 54704]: LP
	bnd = 55012.617188
	its = 28
	hyp = 265 / 1165
	cut = 11
15283 [54639, 54704]: LP
	bnd = 55009.414062
	its = 18
	hyp = 249 / 1330
	cut = 23
17265 [54672, 54672]: LABEL
	tot = 607185
	max = 1974
