hypergraph with 35652 vertices and 3442031 hyperarcs generated in 990
7081 [0, 47106]: LP
	bnd = 47106.152344
	its = 41
	hyp = 220 / 747
	cut = 0
7092 [0, 47106]: HEURISTIC 3
7100 [0, 47106]: LABEL
	tot = 253
	max = 2
7184 [0, 47059]: LABEL
	tot = 2871
	max = 7
7568 [0, 47011]: LABEL
	tot = 18401
	max = 72
8970 [0, 46964]: LABEL
	tot = 100068
	max = 450
12475 [0, 46964]: LP
	bnd = 47096.945312
	its = 26
	hyp = 243 / 1260
	cut = 11
14512 [0, 46918]: LABEL
	tot = 468833
	max = 2022
17586 [0, 46918]: LP
	bnd = 47085.085938
	its = 24
	hyp = 295 / 1474
	cut = 22
23624 [0, 46918]: LP
	bnd = 47076.230469
	its = 29
	hyp = 348 / 1803
	cut = 33
30077 [0, 46918]: LP
	bnd = 47065.828125
	its = 31
	hyp = 441 / 2040
	cut = 44
	restart
34423 [0, 46871]: LABEL
	tot = 379071
	max = 2055
36978 [0, 46871]: LP
	bnd = 47055.910156
	its = 32
	hyp = 410 / 2366
	cut = 56
41694 [0, 46871]: LP
	bnd = 47046.652344
	its = 21
	hyp = 450 / 2485
	cut = 68
49171 [0, 46871]: LP
	bnd = 47039.460938
	its = 34
	hyp = 512 / 2730
	cut = 80
	restart
54484 [0, 46871]: LP
	bnd = 47036.320312
	its = 23
	hyp = 461 / 2877
	cut = 92
58056 [45349, 46824]: LABEL
	tot = 842443
	max = 4507
62918 [45349, 46824]: LP
	bnd = 47028.054688
	its = 38
	hyp = 464 / 3105
	cut = 104
69642 [45349, 46824]: LP
	bnd = 47024.675781
	its = 30
	hyp = 467 / 3270
	cut = 116
79166 [45349, 46824]: LP
	bnd = 47018.425781
	its = 43
	hyp = 510 / 3580
	cut = 128
85567 [45349, 46824]: LP
	bnd = 47014.691406
	its = 28
	hyp = 509 / 3742
	cut = 140
92354 [46308, 46777]: LABEL
	tot = 2694051
	max = 15165
93349 [46308, 46777]: LP
	bnd = 47012.031250
	its = 34
	hyp = 623 / 3932
	cut = 152
102206 [46308, 46777]: LP
	bnd = 47005.597656
	its = 37
	hyp = 684 / 4208
	cut = 164
109662 [46308, 46777]: LP
	bnd = 47002.398438
	its = 30
	hyp = 629 / 4433
	cut = 176
120100 [46308, 46777]: LP
	bnd = 46997.812500
	its = 42
	hyp = 715 / 4782
	cut = 188
130860 [46308, 46777]: LP
	bnd = 46994.734375
	its = 43
	hyp = 739 / 5032
	cut = 200
147252 [46308, 46777]: LP
	bnd = 46990.140625
	its = 61
	hyp = 758 / 5384
	cut = 212
	restart
158707 [46308, 46777]: LP
	bnd = 46987.824219
	its = 42
	hyp = 826 / 5555
	cut = 224
172250 [46472, 46730]: LABEL
	tot = 2337833
	max = 7154
172600 [46472, 46730]: LP
	bnd = 46983.296875
	its = 51
	hyp = 869 / 5838
	cut = 236
185647 [46472, 46730]: LP
	bnd = 46980.914062
	its = 41
	hyp = 957 / 6091
	cut = 248
205519 [46472, 46730]: LP
	bnd = 46978.093750
	its = 67
	hyp = 941 / 6426
	cut = 260
220849 [46472, 46730]: LP
	bnd = 46975.429688
	its = 49
	hyp = 1026 / 6709
	cut = 273
236955 [46472, 46730]: LP
	bnd = 46973.113281
	its = 51
	hyp = 1063 / 6929
	cut = 286
260034 [46472, 46730]: LP
	bnd = 46969.171875
	its = 65
	hyp = 993 / 7273
	cut = 299
275731 [46472, 46730]: LP
	bnd = 46966.855469
	its = 47
	hyp = 1044 / 7502
	cut = 312
276195 [46685, 46685]: LABEL
	tot = 7448142
	max = 21843
