hypergraph with 13274 vertices and 602944 hyperarcs generated in 416
913 [0, 25832]: LP
	bnd = 25832.929688
	its = 19
	hyp = 134 / 302
	cut = 0
921 [0, 25832]: HEURISTIC 3
927 [0, 25832]: LABEL
	tot = 269
	max = 1
936 [0, 25807]: LABEL
	tot = 388
	max = 2
947 [0, 25781]: LABEL
	tot = 508
	max = 2
964 [0, 25755]: LABEL
	tot = 719
	max = 3
988 [0, 25729]: LABEL
	tot = 1141
	max = 7
1028 [0, 25704]: LABEL
	tot = 1959
	max = 10
1090 [0, 25678]: LABEL
	tot = 3019
	max = 17
1176 [0, 25652]: LABEL
	tot = 4650
	max = 29
1293 [24877, 25626]: LABEL
	tot = 6646
	max = 44
1455 [25324, 25601]: LABEL
	tot = 10255
	max = 74
1684 [25396, 25575]: LABEL
	tot = 15316
	max = 112
1798 [25396, 25575]: LP
	bnd = 25824.455078
	its = 16
	hyp = 134 / 653
	cut = 8
1990 [25396, 25550]: LABEL
	tot = 22169
	max = 177
2454 [25396, 25524]: LABEL
	tot = 32578
	max = 267
2484 [25396, 25524]: LP
	bnd = 25814.937500
	its = 12
	hyp = 164 / 754
	cut = 16
3119 [25396, 25499]: LABEL
	tot = 49292
	max = 405
3223 [25396, 25499]: LP
	bnd = 25814.937500
	its = 13
	hyp = 200 / 864
	cut = 24
3728 [25397, 25473]: LABEL
	tot = 51168
	max = 503
4039 [25397, 25473]: LP
	bnd = 25806.453125
	its = 14
	hyp = 214 / 1006
	cut = 32
4556 [25397, 25448]: LABEL
	tot = 72810
	max = 779
4817 [25397, 25448]: LP
	bnd = 25797.861328
	its = 13
	hyp = 254 / 1110
	cut = 40
5418 [25397, 25422]: LABEL
	tot = 80091
	max = 1290
5658 [25397, 25422]: LP
	bnd = 25793.734375
	its = 14
	hyp = 215 / 1265
	cut = 48
6492 [25397, 25397]: LABEL
	tot = 99263
	max = 1602
6747 [25397, 25397]: LP
	bnd = 25793.685547
	its = 19
	hyp = 227 / 1380
	cut = 56
7523 [25397, 25397]: LABEL
	tot = 91128
	max = 1151
