hypergraph with 16515 vertices and 960636 hyperarcs generated in 729
1395 [0, 27776]: LP
	bnd = 27776.078125
	its = 21
	hyp = 158 / 314
	cut = 0
1400 [0, 27776]: HEURISTIC 3
1403 [0, 27776]: LABEL
	tot = 66
	max = 1
1423 [0, 27748]: LABEL
	tot = 860
	max = 6
1459 [0, 27720]: LABEL
	tot = 1742
	max = 9
1527 [27420, 27692]: LABEL
	tot = 3414
	max = 15
1697 [27420, 27665]: LABEL
	tot = 6338
	max = 38
1906 [27420, 27665]: LP
	bnd = 27776.078125
	its = 5
	hyp = 173 / 359
	cut = 9
1928 [27528, 27637]: LABEL
	tot = 10167
	max = 69
2296 [27528, 27609]: LABEL
	tot = 16858
	max = 123
2707 [27528, 27609]: LP
	bnd = 27775.111328
	its = 10
	hyp = 181 / 487
	cut = 18
2799 [27528, 27582]: LABEL
	tot = 27283
	max = 209
3550 [27528, 27554]: LABEL
	tot = 41603
	max = 358
3995 [27528, 27554]: LP
	bnd = 27768.302734
	its = 18
	hyp = 202 / 689
	cut = 27
4538 [27528, 27554]: LP
	bnd = 27768.302734
	its = 6
	hyp = 210 / 751
	cut = 36
4654 [27528, 27528]: LABEL
	tot = 63626
	max = 588
