hypergraph with 16626 vertices and 930277 hyperarcs generated in 682
2091 [0, 26348]: LP
	bnd = 26348.689453
	its = 34
	hyp = 147 / 513
	cut = 0
2096 [0, 26348]: HEURISTIC 3
2098 [0, 26348]: LABEL
	tot = 87
	max = 2
2106 [0, 26322]: LABEL
	tot = 329
	max = 2
2121 [0, 26296]: LABEL
	tot = 631
	max = 2
2143 [0, 26269]: LABEL
	tot = 1084
	max = 6
2177 [0, 26243]: LABEL
	tot = 1726
	max = 10
2227 [0, 26217]: LABEL
	tot = 2639
	max = 15
2301 [0, 26190]: LABEL
	tot = 4063
	max = 28
2410 [0, 26164]: LABEL
	tot = 6477
	max = 49
2575 [0, 26138]: LABEL
	tot = 9917
	max = 78
2864 [0, 26112]: LABEL
	tot = 15601
	max = 134
2983 [0, 26112]: LP
	bnd = 26346.197266
	its = 11
	hyp = 152 / 745
	cut = 9
3231 [0, 26086]: LABEL
	tot = 23503
	max = 229
3919 [0, 26060]: LABEL
	tot = 45269
	max = 395
4068 [0, 26060]: LP
	bnd = 26304.443359
	its = 14
	hyp = 235 / 896
	cut = 18
	restart
4635 [0, 26034]: LABEL
	tot = 39512
	max = 415
5468 [0, 26008]: LABEL
	tot = 60515
	max = 656
5505 [0, 26008]: LP
	bnd = 26303.695312
	its = 19
	hyp = 282 / 1042
	cut = 27
6707 [0, 25982]: LABEL
	tot = 91897
	max = 997
7065 [0, 25982]: LP
	bnd = 26301.988281
	its = 21
	hyp = 230 / 1258
	cut = 36
8576 [25831, 25956]: LABEL
	tot = 138217
	max = 1406
9193 [25831, 25956]: LP
	bnd = 26283.527344
	its = 29
	hyp = 335 / 1442
	cut = 45
	restart
10862 [25831, 25956]: LP
	bnd = 26281.189453
	its = 21
	hyp = 356 / 1582
	cut = 55
11536 [25831, 25930]: LABEL
	tot = 179407
	max = 1705
12618 [25831, 25930]: LP
	bnd = 26276.351562
	its = 22
	hyp = 371 / 1723
	cut = 65
14516 [25831, 25930]: LP
	bnd = 26266.308594
	its = 23
	hyp = 398 / 1877
	cut = 75
	restart
17039 [25831, 25930]: LP
	bnd = 26260.673828
	its = 31
	hyp = 387 / 2063
	cut = 85
17176 [25831, 25904]: LABEL
	tot = 205646
	max = 2640
19376 [25831, 25904]: LP
	bnd = 26253.814453
	its = 27
	hyp = 414 / 2222
	cut = 95
21434 [25831, 25878]: LABEL
	tot = 319470
	max = 4591
22272 [25831, 25878]: LP
	bnd = 26243.250000
	its = 34
	hyp = 586 / 2407
	cut = 105
24929 [25831, 25878]: LP
	bnd = 26229.419922
	its = 30
	hyp = 574 / 2559
	cut = 115
	restart
28090 [25831, 25878]: LP
	bnd = 26221.242188
	its = 34
	hyp = 645 / 2730
	cut = 125
30380 [25831, 25852]: LABEL
	tot = 387923
	max = 4041
31491 [25831, 25852]: LP
	bnd = 26215.572266
	its = 36
	hyp = 662 / 2887
	cut = 135
34209 [25831, 25852]: LP
	bnd = 26209.593750
	its = 27
	hyp = 573 / 2998
	cut = 145
37467 [25831, 25852]: LP
	bnd = 26201.851562
	its = 32
	hyp = 623 / 3159
	cut = 155
	restart
41138 [25831, 25852]: LP
	bnd = 26196.968750
	its = 37
	hyp = 706 / 3317
	cut = 165
44000 [25831, 25831]: LABEL
	tot = 440576
	max = 3949
