hypergraph with 15236 vertices and 804747 hyperarcs generated in 434
1152 [0, 26242]: LP
	bnd = 26242.849609
	its = 20
	hyp = 124 / 326
	cut = 0
1158 [0, 26242]: HEURISTIC 3
1160 [0, 26242]: LABEL
	tot = 50
	max = 1
1188 [0, 26216]: LABEL
	tot = 1116
	max = 4
1235 [0, 26190]: LABEL
	tot = 2039
	max = 8
1321 [0, 26164]: LABEL
	tot = 3635
	max = 8
1459 [24737, 26138]: LABEL
	tot = 6235
	max = 26
1667 [24779, 26111]: LABEL
	tot = 9949
	max = 34
1738 [24779, 26111]: LP
	bnd = 26242.849609
	its = 7
	hyp = 166 / 519
	cut = 9
1996 [25399, 26085]: LABEL
	tot = 15306
	max = 47
2280 [25399, 26085]: LP
	bnd = 26242.849609
	its = 7
	hyp = 166 / 635
	cut = 18
2515 [25399, 26059]: LABEL
	tot = 24982
	max = 71
3271 [25415, 26033]: LABEL
	tot = 37771
	max = 111
3432 [25415, 26033]: LP
	bnd = 26242.320312
	its = 17
	hyp = 175 / 817
	cut = 27
4190 [25415, 26033]: LP
	bnd = 26237.267578
	its = 10
	hyp = 175 / 905
	cut = 36
4374 [25521, 26007]: LABEL
	tot = 58269
	max = 181
4839 [25521, 26007]: LP
	bnd = 26237.267578
	its = 8
	hyp = 205 / 988
	cut = 45
5349 [25521, 26007]: LP
	bnd = 26237.267578
	its = 6
	hyp = 214 / 1024
	cut = 54
5946 [25729, 25981]: LABEL
	tot = 83697
	max = 289
5994 [25729, 25981]: LP
	bnd = 26237.160156
	its = 8
	hyp = 226 / 1106
	cut = 63
6450 [25729, 25981]: LP
	bnd = 26237.160156
	its = 5
	hyp = 260 / 1136
	cut = 72
7104 [25729, 25981]: LP
	bnd = 26236.421875
	its = 9
	hyp = 226 / 1204
	cut = 81
7787 [25729, 25981]: LP
	bnd = 26235.820312
	its = 9
	hyp = 207 / 1294
	cut = 90
7908 [25729, 25955]: LABEL
	tot = 122145
	max = 484
8645 [25729, 25955]: LP
	bnd = 26235.292969
	its = 12
	hyp = 261 / 1373
	cut = 99
9310 [25729, 25955]: LP
	bnd = 26235.224609
	its = 9
	hyp = 249 / 1434
	cut = 108
10179 [25729, 25955]: LP
	bnd = 26235.160156
	its = 11
	hyp = 261 / 1519
	cut = 117
11002 [25729, 25929]: LABEL
	tot = 182603
	max = 754
11292 [25729, 25929]: LP
	bnd = 26234.544922
	its = 15
	hyp = 285 / 1613
	cut = 126
12248 [25729, 25929]: LP
	bnd = 26233.960938
	its = 13
	hyp = 283 / 1688
	cut = 135
13418 [25729, 25929]: LP
	bnd = 26232.005859
	its = 16
	hyp = 281 / 1774
	cut = 144
14848 [25729, 25929]: LP
	bnd = 26228.302734
	its = 18
	hyp = 338 / 1873
	cut = 153
15421 [25729, 25903]: LABEL
	tot = 269636
	max = 1159
16492 [25729, 25903]: LP
	bnd = 26225.619141
	its = 20
	hyp = 335 / 2025
	cut = 162
17722 [25729, 25903]: LP
	bnd = 26223.777344
	its = 15
	hyp = 316 / 2097
	cut = 171
18736 [25729, 25903]: LP
	bnd = 26222.642578
	its = 13
	hyp = 306 / 2154
	cut = 179
20056 [25729, 25903]: LP
	bnd = 26221.558594
	its = 16
	hyp = 255 / 2268
	cut = 187
21520 [25729, 25903]: LP
	bnd = 26220.773438
	its = 19
	hyp = 339 / 2365
	cut = 195
21744 [25729, 25877]: LABEL
	tot = 376799
	max = 1892
22886 [25729, 25877]: LP
	bnd = 26220.289062
	its = 16
	hyp = 376 / 2450
	cut = 203
24504 [25729, 25877]: LP
	bnd = 26218.121094
	its = 20
	hyp = 394 / 2565
	cut = 211
25887 [25729, 25877]: LP
	bnd = 26216.933594
	its = 16
	hyp = 367 / 2638
	cut = 219
27606 [25729, 25877]: LP
	bnd = 26214.800781
	its = 17
	hyp = 399 / 2739
	cut = 227
29767 [25729, 25877]: LP
	bnd = 26213.875000
	its = 22
	hyp = 429 / 2849
	cut = 235
31035 [25768, 25851]: LABEL
	tot = 530528
	max = 2651
31566 [25768, 25851]: LP
	bnd = 26212.833984
	its = 19
	hyp = 398 / 2938
	cut = 243
34070 [25768, 25851]: LP
	bnd = 26211.773438
	its = 27
	hyp = 402 / 3058
	cut = 251
35628 [25768, 25851]: LP
	bnd = 26209.382812
	its = 16
	hyp = 442 / 3121
	cut = 259
37262 [25768, 25851]: LP
	bnd = 26207.933594
	its = 19
	hyp = 456 / 3198
	cut = 267
39401 [25768, 25851]: LP
	bnd = 26206.365234
	its = 20
	hyp = 437 / 3308
	cut = 275
40899 [25768, 25851]: LP
	bnd = 26205.275391
	its = 13
	hyp = 449 / 3350
	cut = 283
43104 [25768, 25851]: LP
	bnd = 26204.513672
	its = 21
	hyp = 506 / 3452
	cut = 291
44556 [25828, 25828]: LABEL
	tot = 710757
	max = 3578
