hypergraph with 16730 vertices and 868624 hyperarcs generated in 438
1349 [0, 25754]: LP
	bnd = 25754.777344
	its = 22
	hyp = 118 / 355
	cut = 0
1352 [0, 25754]: HEURISTIC 3
1353 [0, 25754]: LABEL
	tot = 23
	max = 1
1358 [0, 25729]: LABEL
	tot = 306
	max = 3
1366 [0, 25703]: LABEL
	tot = 502
	max = 4
1380 [0, 25677]: LABEL
	tot = 933
	max = 6
1399 [0, 25651]: LABEL
	tot = 1434
	max = 10
1428 [0, 25626]: LABEL
	tot = 2301
	max = 15
1469 [0, 25600]: LABEL
	tot = 3288
	max = 23
1522 [0, 25575]: LABEL
	tot = 4761
	max = 32
1598 [0, 25549]: LABEL
	tot = 6789
	max = 54
1699 [0, 25523]: LABEL
	tot = 9597
	max = 75
1832 [0, 25498]: LABEL
	tot = 13343
	max = 115
2031 [25288, 25472]: LABEL
	tot = 17974
	max = 172
2316 [25295, 25447]: LABEL
	tot = 24117
	max = 276
2447 [25295, 25447]: LP
	bnd = 25719.861328
	its = 15
	hyp = 145 / 621
	cut = 7
	restart
2738 [25337, 25421]: LABEL
	tot = 27230
	max = 311
3163 [25413, 25413]: LABEL
	tot = 36385
	max = 407
