hypergraph with 15497 vertices and 723062 hyperarcs generated in 392
739 [0, 21796]: LP
	bnd = 21796.535156
	its = 12
	hyp = 86 / 171
	cut = 0
743 [0, 21796]: HEURISTIC 3
747 [0, 21796]: LABEL
	tot = 123
	max = 1
750 [21125, 21774]: LABEL
	tot = 226
	max = 2
755 [21452, 21752]: LABEL
	tot = 407
	max = 4
762 [21494, 21731]: LABEL
	tot = 593
	max = 7
772 [21494, 21709]: LABEL
	tot = 901
	max = 8
785 [21494, 21687]: LABEL
	tot = 1267
	max = 13
803 [21494, 21666]: LABEL
	tot = 1944
	max = 24
827 [21494, 21644]: LABEL
	tot = 2672
	max = 37
856 [21494, 21622]: LABEL
	tot = 3396
	max = 48
897 [21494, 21601]: LABEL
	tot = 4757
	max = 74
950 [21494, 21579]: LABEL
	tot = 6378
	max = 98
1021 [21494, 21557]: LABEL
	tot = 8550
	max = 133
1106 [21494, 21536]: LABEL
	tot = 10353
	max = 174
1187 [21494, 21536]: LP
	bnd = 21796.537109
	its = 6
	hyp = 92 / 247
	cut = 3
1210 [21494, 21514]: LABEL
	tot = 13083
	max = 236
1380 [21494, 21494]: LABEL
	tot = 16109
	max = 287
