hypergraph with 15535 vertices and 835333 hyperarcs generated in 729
1058 [0, 27734]: LP
	bnd = 27734.054688
	its = 16
	hyp = 129 / 276
	cut = 0
1067 [0, 27734]: HEURISTIC 3
1074 [0, 27734]: HEURISTIC 9
1081 [0, 27734]: LABEL
	tot = 268
	max = 4
1133 [0, 27706]: LABEL
	tot = 1901
	max = 12
1272 [0, 27678]: LABEL
	tot = 4052
	max = 19
1555 [0, 27650]: LABEL
	tot = 8359
	max = 51
1910 [0, 27623]: LABEL
	tot = 12257
	max = 74
2066 [0, 27623]: LP
	bnd = 27727.351562
	its = 14
	hyp = 139 / 474
	cut = 8
2495 [0, 27595]: LABEL
	tot = 18947
	max = 167
3142 [0, 27595]: LP
	bnd = 27723.558594
	its = 15
	hyp = 143 / 685
	cut = 17
3225 [27310, 27568]: LABEL
	tot = 21187
	max = 200
3727 [27310, 27568]: LP
	bnd = 27717.810547
	its = 7
	hyp = 164 / 734
	cut = 26
4114 [27310, 27568]: LP
	bnd = 27717.798828
	its = 4
	hyp = 127 / 761
	cut = 35
4308 [27311, 27540]: LABEL
	tot = 37252
	max = 425
4874 [27311, 27540]: LP
	bnd = 27717.664062
	its = 10
	hyp = 153 / 836
	cut = 44
5593 [27311, 27540]: LP
	bnd = 27717.289062
	its = 9
	hyp = 158 / 897
	cut = 53
5849 [27453, 27512]: LABEL
	tot = 52993
	max = 664
6099 [27453, 27512]: LP
	bnd = 27715.228516
	its = 5
	hyp = 209 / 920
	cut = 62
6893 [27453, 27512]: LP
	bnd = 27707.736328
	its = 10
	hyp = 183 / 1006
	cut = 71
7877 [27453, 27512]: LP
	bnd = 27698.187500
	its = 13
	hyp = 210 / 1130
	cut = 80
	restart
8953 [27453, 27512]: LP
	bnd = 27692.599609
	its = 14
	hyp = 139 / 1285
	cut = 89
9529 [27453, 27485]: LABEL
	tot = 62486
	max = 808
9629 [27453, 27485]: LP
	bnd = 27690.884766
	its = 8
	hyp = 271 / 1331
	cut = 98
10592 [27453, 27485]: LP
	bnd = 27688.675781
	its = 12
	hyp = 159 / 1422
	cut = 107
11354 [27453, 27485]: LP
	bnd = 27685.917969
	its = 8
	hyp = 169 / 1481
	cut = 116
11769 [27453, 27457]: LABEL
	tot = 84169
	max = 1202
12140 [27453, 27457]: LP
	bnd = 27682.513672
	its = 9
	hyp = 253 / 1515
	cut = 125
13152 [27453, 27457]: LP
	bnd = 27676.574219
	its = 13
	hyp = 286 / 1573
	cut = 134
14087 [27453, 27453]: LABEL
	tot = 85854
	max = 1235
