hypergraph with 15352 vertices and 751878 hyperarcs generated in 414
1008 [0, 26875]: LP
	bnd = 26875.025391
	its = 18
	hyp = 126 / 346
	cut = 0
1010 [0, 26875]: HEURISTIC 3
1011 [0, 26875]: LABEL
	tot = 34
	max = 1
1015 [0, 26848]: LABEL
	tot = 299
	max = 4
1020 [0, 26821]: LABEL
	tot = 367
	max = 4
1025 [0, 26794]: LABEL
	tot = 469
	max = 5
1033 [0, 26767]: LABEL
	tot = 749
	max = 6
1046 [0, 26740]: LABEL
	tot = 1168
	max = 6
1062 [0, 26714]: LABEL
	tot = 1597
	max = 8
1084 [0, 26687]: LABEL
	tot = 2216
	max = 11
1113 [25982, 26660]: LABEL
	tot = 3107
	max = 16
1175 [26194, 26634]: LABEL
	tot = 4394
	max = 19
1244 [26194, 26607]: LABEL
	tot = 6068
	max = 31
1333 [26356, 26580]: LABEL
	tot = 8214
	max = 57
1448 [26356, 26554]: LABEL
	tot = 11261
	max = 81
1451 [26356, 26554]: LP
	bnd = 26875.025391
	its = 6
	hyp = 137 / 501
	cut = 6
1611 [26356, 26527]: LABEL
	tot = 15671
	max = 105
1820 [26356, 26501]: LABEL
	tot = 21584
	max = 163
1941 [26356, 26501]: LP
	bnd = 26875.025391
	its = 7
	hyp = 134 / 550
	cut = 12
2089 [26413, 26474]: LABEL
	tot = 29375
	max = 259
2434 [26413, 26448]: LABEL
	tot = 39797
	max = 395
2484 [26413, 26448]: LP
	bnd = 26875.025391
	its = 8
	hyp = 140 / 595
	cut = 18
2880 [26413, 26421]: LABEL
	tot = 53721
	max = 582
3114 [26413, 26421]: LP
	bnd = 26867.142578
	its = 9
	hyp = 147 / 659
	cut = 24
3376 [26413, 26413]: LABEL
	tot = 59313
	max = 653
