hypergraph with 30836 vertices and 3172247 hyperarcs generated in 932
3523 [0, 51624]: LP
	bnd = 51624.773438
	its = 21
	hyp = 174 / 430
	cut = 0
3621 [0, 51624]: HEURISTIC 3
3718 [0, 51624]: HEURISTIC 9
3843 [0, 51624]: HEURISTIC 27
3959 [0, 51624]: LABEL
	tot = 2713
	max = 11
4281 [0, 51573]: LABEL
	tot = 9053
	max = 21
5088 [0, 51521]: LABEL
	tot = 22742
	max = 57
6317 [0, 51521]: LP
	bnd = 51624.773438
	its = 14
	hyp = 186 / 774
	cut = 11
8069 [50856, 51470]: LABEL
	tot = 66827
	max = 238
8162 [50856, 51470]: LP
	bnd = 51620.261719
	its = 8
	hyp = 206 / 884
	cut = 21
10191 [50856, 51470]: LP
	bnd = 51620.164062
	its = 9
	hyp = 244 / 991
	cut = 31
13337 [50856, 51470]: LP
	bnd = 51618.800781
	its = 15
	hyp = 257 / 1186
	cut = 41
15777 [50856, 51470]: LP
	bnd = 51617.597656
	its = 11
	hyp = 289 / 1315
	cut = 51
18901 [50856, 51470]: LP
	bnd = 51596.503906
	its = 15
	hyp = 284 / 1507
	cut = 61
	restart
20656 [50856, 51470]: LP
	bnd = 51593.433594
	its = 7
	hyp = 253 / 1622
	cut = 71
23389 [50856, 51470]: LP
	bnd = 51592.507812
	its = 12
	hyp = 368 / 1791
	cut = 81
25172 [50856, 51470]: LP
	bnd = 51590.796875
	its = 7
	hyp = 274 / 1889
	cut = 91
26330 [51044, 51418]: LABEL
	tot = 141441
	max = 525
26978 [51044, 51418]: LP
	bnd = 51589.902344
	its = 7
	hyp = 280 / 2031
	cut = 101
28769 [51044, 51418]: LP
	bnd = 51588.414062
	its = 7
	hyp = 298 / 2150
	cut = 111
30752 [51044, 51418]: LP
	bnd = 51585.703125
	its = 8
	hyp = 318 / 2226
	cut = 121
33915 [51044, 51418]: LP
	bnd = 51584.792969
	its = 14
	hyp = 292 / 2378
	cut = 132
36965 [51044, 51418]: LP
	bnd = 51583.019531
	its = 13
	hyp = 294 / 2543
	cut = 143
38699 [51044, 51418]: LP
	bnd = 51578.476562
	its = 6
	hyp = 299 / 2641
	cut = 154
42175 [51044, 51418]: LP
	bnd = 51573.023438
	its = 14
	hyp = 332 / 2790
	cut = 165
45642 [51044, 51418]: LP
	bnd = 51571.015625
	its = 14
	hyp = 255 / 2985
	cut = 176
49712 [51044, 51418]: LP
	bnd = 51570.312500
	its = 17
	hyp = 313 / 3165
	cut = 187
52672 [51044, 51367]: LABEL
	tot = 386874
	max = 1680
55235 [51044, 51367]: LP
	bnd = 51569.101562
	its = 23
	hyp = 436 / 3369
	cut = 199
58656 [51044, 51367]: LP
	bnd = 51564.578125
	its = 13
	hyp = 484 / 3498
	cut = 211
63969 [51044, 51367]: LP
	bnd = 51562.640625
	its = 21
	hyp = 395 / 3737
	cut = 224
67179 [51044, 51367]: LP
	bnd = 51555.792969
	its = 11
	hyp = 368 / 3836
	cut = 236
72291 [51044, 51367]: LP
	bnd = 51553.500000
	its = 18
	hyp = 475 / 4067
	cut = 248
76452 [51044, 51367]: LP
	bnd = 51552.359375
	its = 13
	hyp = 418 / 4197
	cut = 260
80842 [51044, 51367]: LP
	bnd = 51551.371094
	its = 14
	hyp = 401 / 4323
	cut = 272
86634 [51044, 51367]: LP
	bnd = 51546.917969
	its = 20
	hyp = 425 / 4536
	cut = 284
91942 [51044, 51367]: LP
	bnd = 51546.437500
	its = 17
	hyp = 467 / 4711
	cut = 297
101640 [51044, 51367]: LP
	bnd = 51543.144531
	its = 30
	hyp = 331 / 5101
	cut = 309
	restart
107321 [51044, 51367]: LP
	bnd = 51540.273438
	its = 15
	hyp = 236 / 5218
	cut = 321
109533 [51044, 51367]: LP
	bnd = 51538.992188
	its = 6
	hyp = 558 / 5264
	cut = 333
118342 [51044, 51367]: LP
	bnd = 51537.972656
	its = 25
	hyp = 679 / 5536
	cut = 345
129414 [51044, 51367]: LP
	bnd = 51536.437500
	its = 38
	hyp = 709 / 5879
	cut = 357
143144 [51044, 51367]: LP
	bnd = 51532.140625
	its = 25
	hyp = 383 / 6159
	cut = 369
150023 [51249, 51315]: LABEL
	tot = 635935
	max = 3014
153691 [51249, 51315]: LP
	bnd = 51529.937500
	its = 23
	hyp = 465 / 6414
	cut = 381
161561 [51249, 51315]: LP
	bnd = 51526.933594
	its = 21
	hyp = 604 / 6594
	cut = 393
172882 [51249, 51315]: LP
	bnd = 51522.308594
	its = 26
	hyp = 381 / 6865
	cut = 405
181932 [51249, 51315]: LP
	bnd = 51520.539062
	its = 19
	hyp = 405 / 7035
	cut = 417
195264 [51249, 51315]: LP
	bnd = 51515.726562
	its = 32
	hyp = 316 / 7321
	cut = 429
201360 [51249, 51315]: LP
	bnd = 51515.289062
	its = 10
	hyp = 319 / 7380
	cut = 442
213533 [51249, 51315]: LP
	bnd = 51514.914062
	its = 17
	hyp = 382 / 7563
	cut = 455
223347 [51249, 51315]: LP
	bnd = 51513.179688
	its = 16
	hyp = 641 / 7685
	cut = 468
237959 [51249, 51315]: LP
	bnd = 51511.429688
	its = 25
	hyp = 535 / 7924
	cut = 482
261651 [51249, 51315]: LP
	bnd = 51507.882812
	its = 38
	hyp = 537 / 8314
	cut = 495
281249 [51249, 51315]: LP
	bnd = 51506.640625
	its = 26
	hyp = 559 / 8580
	cut = 508
300157 [51249, 51315]: LP
	bnd = 51504.015625
	its = 27
	hyp = 552 / 8807
	cut = 521
	restart
322958 [51249, 51315]: LP
	bnd = 51500.820312
	its = 32
	hyp = 926 / 9043
	cut = 534
353926 [51249, 51315]: LP
	bnd = 51497.816406
	its = 24
	hyp = 617 / 9238
	cut = 547
372996 [51249, 51315]: LP
	bnd = 51494.589844
	its = 19
	hyp = 730 / 9423
	cut = 560
399470 [51249, 51315]: LP
	bnd = 51488.351562
	its = 22
	hyp = 764 / 9625
	cut = 573
412641 [51249, 51264]: LABEL
	tot = 1234184
	max = 6553
430297 [51249, 51264]: LP
	bnd = 51486.433594
	its = 21
	hyp = 636 / 9829
	cut = 587
453575 [51249, 51264]: LP
	bnd = 51477.683594
	its = 26
	hyp = 834 / 10074
	cut = 602
477185 [51249, 51264]: LP
	bnd = 51476.140625
	its = 23
	hyp = 707 / 10247
	cut = 617
504070 [51249, 51264]: LP
	bnd = 51472.863281
	its = 25
	hyp = 797 / 10423
	cut = 631
554976 [51249, 51264]: LP
	bnd = 51470.316406
	its = 32
	hyp = 697 / 10667
	cut = 645
558620 [51249, 51249]: LABEL
	tot = 1482204
	max = 8267
