hypergraph with 29818 vertices and 2822445 hyperarcs generated in 941
3974 [0, 47215]: LP
	bnd = 47215.906250
	its = 26
	hyp = 366 / 721
	cut = 0
4256 [0, 47215]: HEURISTIC 3
4611 [0, 47215]: HEURISTIC 9
4988 [0, 47215]: HEURISTIC 27
5368 [0, 47215]: HEURISTIC 81
5754 [0, 47215]: LABEL
	tot = 18224
	max = 63
7152 [0, 47215]: LP
	bnd = 47212.453125
	its = 17
	hyp = 399 / 1567
	cut = 14
9518 [0, 47215]: LP
	bnd = 47211.140625
	its = 12
	hyp = 498 / 1871
	cut = 28
12414 [0, 47215]: LP
	bnd = 47208.039062
	its = 15
	hyp = 484 / 2227
	cut = 42
14899 [0, 47215]: LP
	bnd = 47207.515625
	its = 12
	hyp = 457 / 2448
	cut = 56
17703 [0, 47215]: LP
	bnd = 47205.550781
	its = 13
	hyp = 460 / 2684
	cut = 70
20791 [0, 47215]: LP
	bnd = 47204.234375
	its = 15
	hyp = 575 / 2940
	cut = 84
24168 [0, 47215]: LP
	bnd = 47197.742188
	its = 16
	hyp = 549 / 3194
	cut = 98
28269 [0, 47215]: LP
	bnd = 47194.003906
	its = 20
	hyp = 523 / 3467
	cut = 112
32123 [0, 47215]: LP
	bnd = 47193.035156
	its = 18
	hyp = 706 / 3706
	cut = 126
36666 [0, 47215]: LP
	bnd = 47192.113281
	its = 22
	hyp = 651 / 4044
	cut = 140
	restart
39535 [47028, 47168]: LABEL
	tot = 54514
	max = 174
41012 [47028, 47168]: LP
	bnd = 47184.460938
	its = 21
	hyp = 685 / 4244
	cut = 154
44224 [47028, 47168]: LP
	bnd = 47180.972656
	its = 13
	hyp = 638 / 4421
	cut = 168
48053 [47028, 47168]: LP
	bnd = 47169.656250
	its = 16
	hyp = 506 / 4625
	cut = 182
51893 [47028, 47168]: LP
	bnd = 47147.957031
	its = 13
	hyp = 503 / 4866
	cut = 196
	restart
54548 [47028, 47121]: LABEL
	tot = 49154
	max = 215
57577 [47028, 47121]: LP
	bnd = 47140.136719
	its = 19
	hyp = 628 / 5199
	cut = 210
63490 [47028, 47121]: LP
	bnd = 47127.082031
	its = 21
	hyp = 748 / 5460
	cut = 224
68377 [47028, 47121]: LP
	bnd = 47124.746094
	its = 17
	hyp = 635 / 5658
	cut = 238
73499 [47028, 47121]: LP
	bnd = 47121.953125
	its = 17
	hyp = 798 / 5908
	cut = 252
	restart
77610 [47028, 47121]: LP
	bnd = 47121.949219
	its = 11
	hyp = 966 / 6016
	cut = 266
84053 [47028, 47121]: LP
	bnd = 47121.390625
	its = 20
	hyp = 968 / 6249
	cut = 280
88358 [47028, 47121]: LP
	bnd = 47121.390625
	its = 10
	hyp = 833 / 6368
	cut = 294
93462 [47028, 47121]: LP
	bnd = 47121.355469
	its = 13
	hyp = 486 / 6530
	cut = 308
99838 [47028, 47121]: LP
	bnd = 47121.265625
	its = 15
	hyp = 635 / 6700
	cut = 322
102985 [47028, 47121]: LP
	bnd = 47121.128906
	its = 10
	hyp = 640 / 6794
	cut = 336
106650 [47028, 47121]: LP
	bnd = 47121.066406
	its = 10
	hyp = 714 / 6934
	cut = 350
110714 [47028, 47121]: LP
	bnd = 47121.058594
	its = 13
	hyp = 690 / 7050
	cut = 364
114273 [47028, 47121]: LP
	bnd = 47121.035156
	its = 7
	hyp = 629 / 7116
	cut = 378
119868 [47028, 47121]: LP
	bnd = 47120.957031
	its = 12
	hyp = 713 / 7305
	cut = 392
123850 [47028, 47121]: LP
	bnd = 47120.941406
	its = 10
	hyp = 769 / 7437
	cut = 406
128463 [47028, 47121]: LP
	bnd = 47120.941406
	its = 8
	hyp = 704 / 7548
	cut = 420
133047 [47028, 47121]: LP
	bnd = 47120.941406
	its = 11
	hyp = 721 / 7659
	cut = 434
136786 [47028, 47121]: LP
	bnd = 47120.937500
	its = 5
	hyp = 822 / 7710
	cut = 448
143468 [47028, 47121]: LP
	bnd = 47120.917969
	its = 17
	hyp = 1034 / 7901
	cut = 462
148952 [47028, 47121]: LP
	bnd = 47120.910156
	its = 11
	hyp = 989 / 8038
	cut = 476
161068 [47028, 47121]: LP
	bnd = 47120.902344
	its = 15
	hyp = 1081 / 8140
	cut = 490
175582 [47028, 47121]: LP
	bnd = 47120.906250
	its = 16
	hyp = 855 / 8293
	cut = 504
179822 [47028, 47121]: LP
	bnd = 47120.906250
	its = 6
	hyp = 810 / 8342
	cut = 518
184687 [47028, 47121]: LP
	bnd = 47120.906250
	its = 8
	hyp = 862 / 8430
	cut = 532
191850 [47028, 47121]: LP
	bnd = 47120.906250
	its = 17
	hyp = 837 / 8576
	cut = 546
199707 [47028, 47121]: LP
	bnd = 47120.906250
	its = 21
	hyp = 1149 / 8737
	cut = 560
208326 [47028, 47121]: LP
	bnd = 47120.875000
	its = 25
	hyp = 845 / 8912
	cut = 574
219986 [47028, 47121]: LP
	bnd = 47120.843750
	its = 34
	hyp = 923 / 9164
	cut = 588
231999 [47028, 47121]: LP
	bnd = 47120.820312
	its = 31
	hyp = 920 / 9344
	cut = 602
244786 [47028, 47121]: LP
	bnd = 47120.691406
	its = 29
	hyp = 898 / 9515
	cut = 616
265404 [47028, 47121]: LP
	bnd = 47120.644531
	its = 37
	hyp = 857 / 9740
	cut = 630
279361 [47028, 47121]: LP
	bnd = 47120.605469
	its = 33
	hyp = 982 / 9895
	cut = 644
295019 [47028, 47121]: LP
	bnd = 47120.542969
	its = 38
	hyp = 950 / 10090
	cut = 658
310096 [47028, 47121]: LP
	bnd = 47120.449219
	its = 34
	hyp = 1041 / 10249
	cut = 672
323485 [47028, 47121]: LP
	bnd = 47120.386719
	its = 30
	hyp = 1105 / 10396
	cut = 686
333165 [47028, 47121]: LP
	bnd = 47120.289062
	its = 25
	hyp = 1021 / 10521
	cut = 700
345909 [47028, 47121]: LP
	bnd = 47120.238281
	its = 28
	hyp = 987 / 10664
	cut = 714
356909 [47028, 47121]: LP
	bnd = 47120.136719
	its = 27
	hyp = 1035 / 10789
	cut = 728
369240 [47028, 47121]: LP
	bnd = 47120.039062
	its = 27
	hyp = 1053 / 10915
	cut = 742
378350 [47028, 47121]: LP
	bnd = 47120.015625
	its = 20
	hyp = 1021 / 11006
	cut = 756
386812 [47028, 47121]: LP
	bnd = 47119.914062
	its = 17
	hyp = 1016 / 11074
	cut = 770
388612 [47028, 47074]: LABEL
	tot = 1403870
	max = 3668
403274 [47028, 47074]: LP
	bnd = 47119.687500
	its = 31
	hyp = 975 / 11247
	cut = 784
412557 [47028, 47074]: LP
	bnd = 47119.648438
	its = 21
	hyp = 1100 / 11352
	cut = 798
427145 [47028, 47074]: LP
	bnd = 47119.566406
	its = 30
	hyp = 987 / 11520
	cut = 812
438841 [47028, 47074]: LP
	bnd = 47119.492188
	its = 21
	hyp = 1024 / 11653
	cut = 826
456948 [47028, 47074]: LP
	bnd = 47119.433594
	its = 33
	hyp = 1205 / 11815
	cut = 840
478394 [47028, 47074]: LP
	bnd = 47119.351562
	its = 26
	hyp = 1026 / 11981
	cut = 854
493924 [47028, 47074]: LP
	bnd = 47119.285156
	its = 27
	hyp = 1165 / 12118
	cut = 868
507401 [47028, 47074]: LP
	bnd = 47119.250000
	its = 27
	hyp = 1117 / 12233
	cut = 882
524099 [47028, 47074]: LP
	bnd = 47119.187500
	its = 17
	hyp = 1171 / 12316
	cut = 896
546408 [47028, 47074]: LP
	bnd = 47119.160156
	its = 19
	hyp = 1042 / 12423
	cut = 910
559220 [47028, 47074]: LP
	bnd = 47119.101562
	its = 18
	hyp = 1283 / 12495
	cut = 924
570598 [47028, 47074]: LP
	bnd = 47119.070312
	its = 19
	hyp = 1257 / 12582
	cut = 939
585229 [47028, 47074]: LP
	bnd = 47118.996094
	its = 22
	hyp = 1301 / 12696
	cut = 954
593870 [47028, 47074]: LP
	bnd = 47118.984375
	its = 14
	hyp = 1198 / 12778
	cut = 969
596914 [47028, 47074]: LP
	bnd = 47118.976562
	its = 4
	hyp = 1255 / 12786
	cut = 984
605891 [47028, 47074]: LP
	bnd = 47118.972656
	its = 14
	hyp = 1240 / 12857
	cut = 999
614061 [47028, 47074]: LP
	bnd = 47118.949219
	its = 12
	hyp = 1260 / 12905
	cut = 1015
623423 [47028, 47074]: LP
	bnd = 47118.921875
	its = 14
	hyp = 1182 / 12966
	cut = 1031
628353 [47028, 47074]: LP
	bnd = 47118.914062
	its = 7
	hyp = 1129 / 12987
	cut = 1047
640842 [47028, 47074]: LP
	bnd = 47118.882812
	its = 17
	hyp = 1118 / 13067
	cut = 1063
655056 [47028, 47074]: LP
	bnd = 47118.859375
	its = 26
	hyp = 1200 / 13170
	cut = 1079
668329 [47028, 47074]: LP
	bnd = 47118.832031
	its = 20
	hyp = 1193 / 13263
	cut = 1095
683124 [47028, 47074]: LP
	bnd = 47118.761719
	its = 24
	hyp = 1238 / 13376
	cut = 1110
689081 [47028, 47074]: LP
	bnd = 47118.761719
	its = 8
	hyp = 1119 / 13419
	cut = 1125
694659 [47028, 47074]: LP
	bnd = 47118.746094
	its = 11
	hyp = 1057 / 13463
	cut = 1140
704843 [47028, 47074]: LP
	bnd = 47118.699219
	its = 16
	hyp = 1193 / 13556
	cut = 1155
730936 [47028, 47074]: LP
	bnd = 47118.664062
	its = 25
	hyp = 1071 / 13722
	cut = 1171
740516 [47028, 47074]: LP
	bnd = 47118.648438
	its = 8
	hyp = 1122 / 13769
	cut = 1187
749995 [47028, 47074]: LP
	bnd = 47118.648438
	its = 9
	hyp = 1205 / 13813
	cut = 1202
757027 [47028, 47074]: LP
	bnd = 47118.632812
	its = 12
	hyp = 1061 / 13855
	cut = 1217
768670 [47028, 47074]: LP
	bnd = 47118.609375
	its = 16
	hyp = 1182 / 13929
	cut = 1232
787894 [47028, 47074]: LP
	bnd = 47118.570312
	its = 26
	hyp = 1368 / 14043
	cut = 1247
802102 [47028, 47074]: LP
	bnd = 47118.546875
	its = 20
	hyp = 1184 / 14126
	cut = 1262
811151 [47028, 47074]: LP
	bnd = 47118.535156
	its = 11
	hyp = 1304 / 14166
	cut = 1277
824013 [47028, 47074]: LP
	bnd = 47118.519531
	its = 16
	hyp = 1297 / 14236
	cut = 1293
826497 [47028, 47074]: LP
	bnd = 47118.523438
	its = 3
	hyp = 1284 / 14242
	cut = 1309
841845 [47028, 47074]: LP
	bnd = 47118.500000
	its = 20
	hyp = 1465 / 14330
	cut = 1325
855913 [47028, 47074]: LP
	bnd = 47118.484375
	its = 19
	hyp = 1339 / 14423
	cut = 1341
878542 [47028, 47074]: LP
	bnd = 47118.441406
	its = 26
	hyp = 1380 / 14539
	cut = 1357
896446 [47028, 47074]: LP
	bnd = 47118.417969
	its = 20
	hyp = 1245 / 14650
	cut = 1373
905772 [47028, 47074]: LP
	bnd = 47118.406250
	its = 12
	hyp = 1386 / 14711
	cut = 1389
921113 [47028, 47074]: LP
	bnd = 47118.375000
	its = 16
	hyp = 1306 / 14787
	cut = 1405
934313 [47028, 47074]: LP
	bnd = 47118.367188
	its = 16
	hyp = 1149 / 14846
	cut = 1420
956273 [47028, 47074]: LP
	bnd = 47118.328125
	its = 17
	hyp = 1239 / 14929
	cut = 1435
970787 [47028, 47074]: LP
	bnd = 47118.308594
	its = 16
	hyp = 1171 / 15008
	cut = 1450
988238 [47028, 47074]: LP
	bnd = 47118.285156
	its = 18
	hyp = 1268 / 15097
	cut = 1465
1003388 [47028, 47074]: LP
	bnd = 47118.250000
	its = 13
	hyp = 1046 / 15125
	cut = 1480
1013903 [47028, 47074]: LP
	bnd = 47118.230469
	its = 7
	hyp = 1277 / 15161
	cut = 1495
1024677 [47028, 47074]: LP
	bnd = 47118.226562
	its = 10
	hyp = 1221 / 15208
	cut = 1510
1039115 [47028, 47074]: LP
	bnd = 47118.195312
	its = 11
	hyp = 1123 / 15245
	cut = 1525
1120972 [47028, 47074]: LP
	bnd = 47118.113281
	its = 32
	hyp = 1501 / 15403
	cut = 1540
1168337 [47028, 47074]: LP
	bnd = 47118.054688
	its = 24
	hyp = 1448 / 15537
	cut = 1555
1184709 [47028, 47074]: LP
	bnd = 47118.046875
	its = 14
	hyp = 1508 / 15600
	cut = 1569
1195380 [47028, 47074]: LP
	bnd = 47118.046875
	its = 14
	hyp = 1531 / 15653
	cut = 1583
1223428 [47028, 47074]: LP
	bnd = 47118.011719
	its = 16
	hyp = 1504 / 15730
	cut = 1597
1274931 [47028, 47074]: LP
	bnd = 47117.890625
	its = 28
	hyp = 1380 / 15845
	cut = 1611
1335089 [47028, 47074]: LP
	bnd = 47117.843750
	its = 30
	hyp = 1974 / 16068
	cut = 1625
1360105 [47028, 47074]: LP
	bnd = 47117.839844
	its = 17
	hyp = 1498 / 16138
	cut = 1639
1415811 [47028, 47074]: LP
	bnd = 47117.820312
	its = 23
	hyp = 1415 / 16231
	cut = 1653
1441253 [47028, 47074]: LP
	bnd = 47117.781250
	its = 25
	hyp = 1402 / 16331
	cut = 1667
1462787 [47028, 47074]: LP
	bnd = 47117.757812
	its = 19
	hyp = 1387 / 16405
	cut = 1681
1498813 [47028, 47074]: LP
	bnd = 47117.734375
	its = 23
	hyp = 1585 / 16540
	cut = 1695
1527255 [47028, 47074]: LP
	bnd = 47117.707031
	its = 23
	hyp = 1441 / 16638
	cut = 1709
1548938 [47028, 47074]: LP
	bnd = 47117.679688
	its = 16
	hyp = 1350 / 16698
	cut = 1723
1602405 [47028, 47074]: LP
	bnd = 47117.656250
	its = 21
	hyp = 1352 / 16776
	cut = 1737
1623908 [47028, 47074]: LP
	bnd = 47117.625000
	its = 18
	hyp = 1521 / 16851
	cut = 1751
1646512 [47028, 47074]: LP
	bnd = 47117.605469
	its = 13
	hyp = 1325 / 16920
	cut = 1765
1672608 [47028, 47074]: LP
	bnd = 47117.589844
	its = 15
	hyp = 1425 / 16990
	cut = 1779
1702375 [47028, 47074]: LP
	bnd = 47117.570312
	its = 18
	hyp = 1471 / 17078
	cut = 1793
1732527 [47028, 47074]: LP
	bnd = 47117.546875
	its = 25
	hyp = 1435 / 17165
	cut = 1807
1773615 [47028, 47074]: LP
	bnd = 47117.507812
	its = 19
	hyp = 1447 / 17245
	cut = 1821
1778731 [47028, 47074]: LP
	bnd = 47117.511719
	its = 5
	hyp = 1358 / 17255
	cut = 1836
1839143 [47028, 47074]: LP
	bnd = 47117.488281
	its = 20
	hyp = 1393 / 17363
	cut = 1850
1975637 [47028, 47074]: LP
	bnd = 47117.457031
	its = 24
	hyp = 1340 / 17447
	cut = 1864
2002371 [47028, 47074]: LP
	bnd = 47117.433594
	its = 14
	hyp = 1524 / 17483
	cut = 1878
2089945 [47028, 47074]: LP
	bnd = 47117.410156
	its = 18
	hyp = 1345 / 17543
	cut = 1892
2110523 [47028, 47074]: LP
	bnd = 47117.410156
	its = 11
	hyp = 1323 / 17574
	cut = 1906
2127168 [47028, 47074]: LP
	bnd = 47117.406250
	its = 10
	hyp = 1348 / 17606
	cut = 1920
2168486 [47028, 47074]: LP
	bnd = 47117.382812
	its = 20
	hyp = 1503 / 17689
	cut = 1934
2191470 [47028, 47074]: LP
	bnd = 47117.375000
	its = 12
	hyp = 1482 / 17726
	cut = 1948
2217400 [47028, 47074]: LP
	bnd = 47117.363281
	its = 15
	hyp = 1388 / 17760
	cut = 1962
2247752 [47028, 47074]: LP
	bnd = 47117.335938
	its = 16
	hyp = 1422 / 17830
	cut = 1975
2276348 [47028, 47074]: LP
	bnd = 47117.328125
	its = 9
	hyp = 1391 / 17876
	cut = 1988
2334143 [47028, 47074]: LP
	bnd = 47117.265625
	its = 21
	hyp = 1472 / 17951
	cut = 2001
2356358 [47028, 47074]: LP
	bnd = 47117.242188
	its = 16
	hyp = 1559 / 18007
	cut = 2014
2390451 [47028, 47074]: LP
	bnd = 47117.222656
	its = 21
	hyp = 1603 / 18096
	cut = 2027
2419122 [47028, 47074]: LP
	bnd = 47117.195312
	its = 15
	hyp = 1534 / 18135
	cut = 2040
2441043 [47028, 47074]: LP
	bnd = 47117.187500
	its = 13
	hyp = 1590 / 18166
	cut = 2053
2459268 [47028, 47074]: LP
	bnd = 47117.179688
	its = 7
	hyp = 1631 / 18189
	cut = 2066
2472347 [47028, 47074]: LP
	bnd = 47117.175781
	its = 9
	hyp = 1559 / 18222
	cut = 2079
2523262 [47028, 47074]: LP
	bnd = 47117.156250
	its = 20
	hyp = 1648 / 18299
	cut = 2092
2532458 [47028, 47074]: LP
	bnd = 47117.148438
	its = 4
	hyp = 1499 / 18315
	cut = 2105
2565419 [47028, 47074]: LP
	bnd = 47117.125000
	its = 21
	hyp = 1547 / 18415
	cut = 2118
2584678 [47028, 47074]: LP
	bnd = 47117.117188
	its = 13
	hyp = 1547 / 18456
	cut = 2131
2604504 [47028, 47074]: LP
	bnd = 47117.109375
	its = 12
	hyp = 1543 / 18495
	cut = 2144
2636186 [47028, 47074]: LP
	bnd = 47117.097656
	its = 20
	hyp = 1731 / 18574
	cut = 2157
2686937 [47028, 47074]: LP
	bnd = 47117.066406
	its = 26
	hyp = 1836 / 18681
	cut = 2171
2712812 [47028, 47074]: LP
	bnd = 47117.054688
	its = 16
	hyp = 1682 / 18733
	cut = 2184
2731423 [47028, 47074]: LP
	bnd = 47117.050781
	its = 13
	hyp = 1671 / 18777
	cut = 2197
2746657 [47028, 47074]: LP
	bnd = 47117.046875
	its = 10
	hyp = 1626 / 18806
	cut = 2210
2775852 [47028, 47074]: LP
	bnd = 47117.023438
	its = 15
	hyp = 1678 / 18848
	cut = 2223
2795255 [47028, 47074]: LP
	bnd = 47117.015625
	its = 13
	hyp = 1664 / 18882
	cut = 2236
2811964 [47028, 47074]: LP
	bnd = 47117.007812
	its = 12
	hyp = 1669 / 18905
	cut = 2249
2855998 [47028, 47074]: LP
	bnd = 47116.984375
	its = 19
	hyp = 1803 / 18956
	cut = 2262
2889180 [47028, 47074]: LP
	bnd = 47116.968750
	its = 21
	hyp = 1708 / 19019
	cut = 2275
2915345 [47028, 47074]: LP
	bnd = 47116.964844
	its = 17
	hyp = 1752 / 19064
	cut = 2288
2965006 [47028, 47074]: LP
	bnd = 47116.921875
	its = 21
	hyp = 1630 / 19132
	cut = 2301
3003487 [47028, 47074]: LP
	bnd = 47116.894531
	its = 17
	hyp = 1669 / 19202
	cut = 2314
3033648 [47028, 47074]: LP
	bnd = 47116.867188
	its = 11
	hyp = 1568 / 19238
	cut = 2327
3063812 [47028, 47074]: LP
	bnd = 47116.843750
	its = 15
	hyp = 1467 / 19285
	cut = 2340
3091430 [47028, 47074]: LP
	bnd = 47116.816406
	its = 13
	hyp = 1634 / 19330
	cut = 2353
3129252 [47028, 47074]: LP
	bnd = 47116.796875
	its = 19
	hyp = 1815 / 19403
	cut = 2366
3157679 [47028, 47074]: LP
	bnd = 47116.785156
	its = 12
	hyp = 1627 / 19453
	cut = 2379
3186436 [47028, 47074]: LP
	bnd = 47116.757812
	its = 14
	hyp = 1637 / 19526
	cut = 2392
3201030 [47028, 47074]: LP
	bnd = 47116.750000
	its = 12
	hyp = 1564 / 19554
	cut = 2405
3224893 [47028, 47074]: LP
	bnd = 47116.746094
	its = 13
	hyp = 1621 / 19592
	cut = 2418
3258992 [47028, 47074]: LP
	bnd = 47116.734375
	its = 21
	hyp = 1614 / 19670
	cut = 2431
3282977 [47028, 47074]: LP
	bnd = 47116.718750
	its = 12
	hyp = 1488 / 19715
	cut = 2444
3296515 [47028, 47074]: LP
	bnd = 47116.714844
	its = 10
	hyp = 1540 / 19744
	cut = 2457
3320394 [47028, 47074]: LP
	bnd = 47116.707031
	its = 17
	hyp = 1655 / 19791
	cut = 2470
3336958 [47028, 47074]: LP
	bnd = 47116.695312
	its = 11
	hyp = 1698 / 19820
	cut = 2483
3365338 [47028, 47074]: LP
	bnd = 47116.683594
	its = 12
	hyp = 1789 / 19863
	cut = 2496
3384223 [47028, 47074]: LP
	bnd = 47116.675781
	its = 12
	hyp = 1694 / 19893
	cut = 2509
3416783 [47028, 47074]: LP
	bnd = 47116.656250
	its = 16
	hyp = 1693 / 19943
	cut = 2522
3447332 [47028, 47074]: LP
	bnd = 47116.640625
	its = 17
	hyp = 1497 / 20013
	cut = 2535
3495133 [47028, 47074]: LP
	bnd = 47116.632812
	its = 21
	hyp = 1801 / 20091
	cut = 2548
3514911 [47028, 47074]: LP
	bnd = 47116.625000
	its = 11
	hyp = 1789 / 20130
	cut = 2561
3530830 [47028, 47074]: LP
	bnd = 47116.621094
	its = 13
	hyp = 1760 / 20170
	cut = 2574
3558664 [47028, 47074]: LP
	bnd = 47116.609375
	its = 11
	hyp = 1758 / 20237
	cut = 2587
3586329 [47028, 47074]: LP
	bnd = 47116.609375
	its = 14
	hyp = 1791 / 20288
	cut = 2600
3597121 [47028, 47074]: LP
	bnd = 47116.597656
	its = 6
	hyp = 1849 / 20307
	cut = 2613
3618797 [47028, 47074]: LP
	bnd = 47116.589844
	its = 9
	hyp = 1780 / 20336
	cut = 2626
3630425 [47028, 47074]: LP
	bnd = 47116.597656
	its = 8
	hyp = 1779 / 20356
	cut = 2639
3633192 [47028, 47074]: LP
	bnd = 47116.597656
	its = 1
	hyp = 1838 / 20356
	cut = 2652
3651322 [47028, 47074]: LP
	bnd = 47116.593750
	its = 12
	hyp = 1746 / 20390
	cut = 2665
3667541 [47028, 47074]: LP
	bnd = 47116.589844
	its = 8
	hyp = 1759 / 20408
	cut = 2678
3694639 [47028, 47074]: LP
	bnd = 47116.585938
	its = 15
	hyp = 1789 / 20451
	cut = 2691
3723754 [47028, 47074]: LP
	bnd = 47116.585938
	its = 13
	hyp = 1834 / 20500
	cut = 2704
3757566 [47028, 47074]: LP
	bnd = 47116.570312
	its = 12
	hyp = 1820 / 20536
	cut = 2717
3802944 [47028, 47074]: LP
	bnd = 47116.554688
	its = 13
	hyp = 1822 / 20584
	cut = 2730
3855653 [47028, 47074]: LP
	bnd = 47116.539062
	its = 17
	hyp = 1853 / 20636
	cut = 2743
3868414 [47028, 47074]: LP
	bnd = 47116.539062
	its = 7
	hyp = 1810 / 20652
	cut = 2756
3886366 [47028, 47074]: LP
	bnd = 47116.535156
	its = 7
	hyp = 1817 / 20672
	cut = 2769
3904812 [47028, 47074]: LP
	bnd = 47116.527344
	its = 6
	hyp = 1912 / 20688
	cut = 2782
3919676 [47028, 47074]: LP
	bnd = 47116.527344
	its = 6
	hyp = 1844 / 20707
	cut = 2795
3940743 [47028, 47074]: LP
	bnd = 47116.531250
	its = 12
	hyp = 1825 / 20741
	cut = 2808
3968128 [47028, 47074]: LP
	bnd = 47116.515625
	its = 13
	hyp = 1967 / 20783
	cut = 2821
4001223 [47028, 47074]: LP
	bnd = 47116.519531
	its = 15
	hyp = 1748 / 20815
	cut = 2834
4035505 [47028, 47074]: LP
	bnd = 47116.515625
	its = 14
	hyp = 1895 / 20858
	cut = 2847
4071450 [47028, 47074]: LP
	bnd = 47116.507812
	its = 16
	hyp = 1842 / 20993
	cut = 2860
4104352 [47028, 47074]: LP
	bnd = 47116.496094
	its = 15
	hyp = 1811 / 21028
	cut = 2873
4140823 [47028, 47074]: LP
	bnd = 47116.488281
	its = 13
	hyp = 1830 / 21072
	cut = 2886
4172077 [47028, 47074]: LP
	bnd = 47116.484375
	its = 17
	hyp = 1880 / 21124
	cut = 2899
4215299 [47028, 47074]: LP
	bnd = 47116.476562
	its = 16
	hyp = 1852 / 21172
	cut = 2912
4240498 [47028, 47074]: LP
	bnd = 47116.468750
	its = 9
	hyp = 1825 / 21193
	cut = 2925
4276684 [47028, 47074]: LP
	bnd = 47116.453125
	its = 12
	hyp = 2025 / 21220
	cut = 2938
4312241 [47028, 47074]: LP
	bnd = 47116.449219
	its = 17
	hyp = 2048 / 21263
	cut = 2951
4367498 [47028, 47074]: LP
	bnd = 47116.429688
	its = 18
	hyp = 2020 / 21316
	cut = 2964
4371757 [47028, 47028]: LABEL
	tot = 7351903
	max = 19505
