hypergraph with 32919 vertices and 3365945 hyperarcs generated in 1586
3990 [0, 54990]: LP
	bnd = 54990.097656
	its = 21
	hyp = 152 / 361
	cut = 0
4000 [0, 54990]: HEURISTIC 3
4008 [0, 54990]: LABEL
	tot = 182
	max = 1
4056 [0, 54935]: LABEL
	tot = 740
	max = 4
4226 [54613, 54880]: LABEL
	tot = 3428
	max = 28
4715 [54679, 54825]: LABEL
	tot = 11801
	max = 117
5955 [54679, 54825]: LP
	bnd = 54990.097656
	its = 9
	hyp = 147 / 588
	cut = 9
6312 [54679, 54770]: LABEL
	tot = 37127
	max = 408
8384 [54679, 54770]: LP
	bnd = 54981.578125
	its = 11
	hyp = 158 / 715
	cut = 18
9405 [54679, 54770]: LP
	bnd = 54981.578125
	its = 3
	hyp = 156 / 734
	cut = 26
10629 [54679, 54770]: LP
	bnd = 54981.574219
	its = 4
	hyp = 151 / 765
	cut = 34
11475 [54679, 54715]: LABEL
	tot = 105083
	max = 1159
11591 [54679, 54715]: LP
	bnd = 54981.578125
	its = 3
	hyp = 194 / 795
	cut = 42
12996 [54679, 54715]: LP
	bnd = 54981.578125
	its = 5
	hyp = 207 / 842
	cut = 50
15060 [54679, 54715]: LP
	bnd = 54980.917969
	its = 8
	hyp = 171 / 915
	cut = 58
16328 [54679, 54715]: LP
	bnd = 54980.917969
	its = 4
	hyp = 170 / 942
	cut = 66
17748 [54679, 54715]: LP
	bnd = 54980.917969
	its = 4
	hyp = 175 / 995
	cut = 74
19081 [54679, 54715]: LP
	bnd = 54980.917969
	its = 4
	hyp = 213 / 1025
	cut = 82
21376 [54679, 54679]: LABEL
	tot = 182675
	max = 2065
