hypergraph with 33626 vertices and 3510679 hyperarcs generated in 1580
4216 [0, 55746]: LP
	bnd = 55746.015625
	its = 22
	hyp = 145 / 438
	cut = 0
4242 [0, 55746]: HEURISTIC 3
4262 [0, 55746]: LABEL
	tot = 338
	max = 2
4331 [0, 55690]: LABEL
	tot = 1387
	max = 7
4513 [0, 55634]: LABEL
	tot = 3702
	max = 16
4955 [0, 55578]: LABEL
	tot = 8546
	max = 42
5878 [0, 55523]: LABEL
	tot = 17114
	max = 120
6024 [0, 55523]: LP
	bnd = 55746.015625
	its = 8
	hyp = 155 / 591
	cut = 10
7617 [0, 55523]: LP
	bnd = 55746.015625
	its = 7
	hyp = 150 / 676
	cut = 19
7688 [0, 55467]: LABEL
	tot = 34424
	max = 284
9235 [0, 55467]: LP
	bnd = 55736.406250
	its = 6
	hyp = 192 / 731
	cut = 29
11073 [0, 55467]: LP
	bnd = 55733.734375
	its = 7
	hyp = 195 / 822
	cut = 39
11223 [0, 55412]: LABEL
	tot = 71578
	max = 658
13654 [0, 55412]: LP
	bnd = 55717.523438
	its = 11
	hyp = 194 / 931
	cut = 49
17816 [0, 55412]: LP
	bnd = 55709.898438
	its = 19
	hyp = 236 / 1223
	cut = 59
18552 [0, 55356]: LABEL
	tot = 152899
	max = 1396
20104 [0, 55356]: LP
	bnd = 55702.574219
	its = 9
	hyp = 246 / 1281
	cut = 69
23475 [0, 55356]: LP
	bnd = 55698.742188
	its = 14
	hyp = 295 / 1450
	cut = 79
26586 [0, 55356]: LP
	bnd = 55696.785156
	its = 12
	hyp = 336 / 1555
	cut = 89
28304 [0, 55301]: LABEL
	tot = 246932
	max = 2310
29233 [0, 55301]: LP
	bnd = 55695.640625
	its = 10
	hyp = 339 / 1624
	cut = 99
31350 [0, 55301]: LP
	bnd = 55694.792969
	its = 8
	hyp = 326 / 1694
	cut = 109
34914 [0, 55301]: LP
	bnd = 55689.039062
	its = 15
	hyp = 366 / 1809
	cut = 119
37427 [0, 55301]: LP
	bnd = 55686.867188
	its = 10
	hyp = 379 / 1920
	cut = 129
40214 [0, 55301]: LP
	bnd = 55683.757812
	its = 11
	hyp = 359 / 1994
	cut = 139
44344 [0, 55301]: LP
	bnd = 55681.003906
	its = 17
	hyp = 496 / 2128
	cut = 149
46019 [55152, 55246]: LABEL
	tot = 468485
	max = 4139
48617 [55152, 55246]: LP
	bnd = 55679.707031
	its = 17
	hyp = 424 / 2270
	cut = 159
54345 [55152, 55246]: LP
	bnd = 55670.851562
	its = 24
	hyp = 411 / 2436
	cut = 169
57651 [55152, 55246]: LP
	bnd = 55668.390625
	its = 11
	hyp = 463 / 2526
	cut = 179
61333 [55152, 55246]: LP
	bnd = 55667.062500
	its = 13
	hyp = 458 / 2614
	cut = 189
65271 [55152, 55246]: LP
	bnd = 55666.828125
	its = 14
	hyp = 439 / 2701
	cut = 199
71113 [55152, 55246]: LP
	bnd = 55664.894531
	its = 23
	hyp = 414 / 2854
	cut = 209
74901 [55152, 55246]: LP
	bnd = 55661.625000
	its = 14
	hyp = 453 / 2928
	cut = 219
82789 [55152, 55246]: LP
	bnd = 55657.656250
	its = 31
	hyp = 464 / 3090
	cut = 229
83715 [55212, 55212]: LABEL
	tot = 972424
	max = 8611
