hypergraph with 33516 vertices and 3507738 hyperarcs generated in 938
5823 [0, 50592]: LP
	bnd = 50592.703125
	its = 36
	hyp = 277 / 826
	cut = 0
5832 [0, 50592]: HEURISTIC 3
5839 [0, 50592]: LABEL
	tot = 239
	max = 2
6066 [0, 50542]: LABEL
	tot = 6690
	max = 24
7153 [46308, 50491]: LABEL
	tot = 30934
	max = 157
10011 [46308, 50491]: LP
	bnd = 50590.031250
	its = 20
	hyp = 363 / 1267
	cut = 13
11126 [47266, 50441]: LABEL
	tot = 125560
	max = 819
12915 [47266, 50441]: LP
	bnd = 50575.324219
	its = 13
	hyp = 367 / 1479
	cut = 26
16046 [47266, 50441]: LP
	bnd = 50569.167969
	its = 14
	hyp = 423 / 1692
	cut = 40
19981 [47266, 50441]: LP
	bnd = 50566.558594
	its = 18
	hyp = 450 / 1886
	cut = 54
23220 [47266, 50441]: LP
	bnd = 50564.777344
	its = 14
	hyp = 486 / 2020
	cut = 68
27048 [47266, 50441]: LP
	bnd = 50559.570312
	its = 17
	hyp = 454 / 2208
	cut = 82
	restart
29952 [47266, 50441]: LP
	bnd = 50548.125000
	its = 12
	hyp = 483 / 2338
	cut = 96
35470 [47266, 50441]: LP
	bnd = 50538.398438
	its = 25
	hyp = 483 / 2570
	cut = 110
36161 [48122, 50390]: LABEL
	tot = 267214
	max = 1430
41500 [48122, 50390]: LP
	bnd = 50537.355469
	its = 27
	hyp = 525 / 2858
	cut = 124
47901 [48122, 50390]: LP
	bnd = 50534.359375
	its = 28
	hyp = 528 / 3044
	cut = 138
53885 [48122, 50390]: LP
	bnd = 50525.285156
	its = 26
	hyp = 589 / 3218
	cut = 152
60441 [48792, 50340]: LABEL
	tot = 653328
	max = 3885
62053 [48792, 50340]: LP
	bnd = 50522.375000
	its = 37
	hyp = 635 / 3457
	cut = 166
67221 [48792, 50340]: LP
	bnd = 50520.843750
	its = 20
	hyp = 638 / 3588
	cut = 180
73970 [48792, 50340]: LP
	bnd = 50515.457031
	its = 28
	hyp = 643 / 3773
	cut = 194
81413 [48792, 50340]: LP
	bnd = 50512.785156
	its = 30
	hyp = 736 / 3987
	cut = 208
88622 [48792, 50340]: LP
	bnd = 50509.582031
	its = 28
	hyp = 764 / 4196
	cut = 222
96283 [48792, 50340]: LP
	bnd = 50505.343750
	its = 28
	hyp = 765 / 4406
	cut = 236
106313 [48792, 50340]: LP
	bnd = 50503.332031
	its = 37
	hyp = 832 / 4634
	cut = 250
118123 [48792, 50340]: LP
	bnd = 50500.875000
	its = 46
	hyp = 748 / 4842
	cut = 264
124670 [49474, 50289]: LABEL
	tot = 1512437
	max = 10524
129191 [49474, 50289]: LP
	bnd = 50497.562500
	its = 40
	hyp = 762 / 5061
	cut = 278
140033 [49474, 50289]: LP
	bnd = 50494.921875
	its = 40
	hyp = 781 / 5302
	cut = 292
151403 [49474, 50289]: LP
	bnd = 50493.320312
	its = 42
	hyp = 769 / 5485
	cut = 306
158171 [49474, 50289]: LP
	bnd = 50491.292969
	its = 23
	hyp = 807 / 5595
	cut = 320
168838 [49474, 50289]: LP
	bnd = 50489.292969
	its = 38
	hyp = 909 / 5769
	cut = 334
180870 [49474, 50289]: LP
	bnd = 50487.261719
	its = 41
	hyp = 927 / 5954
	cut = 348
193997 [49474, 50289]: LP
	bnd = 50486.152344
	its = 41
	hyp = 1005 / 6174
	cut = 362
208923 [49474, 50289]: LP
	bnd = 50484.679688
	its = 48
	hyp = 921 / 6421
	cut = 376
221578 [49474, 50289]: LP
	bnd = 50482.433594
	its = 35
	hyp = 883 / 6557
	cut = 390
234768 [49474, 50289]: LP
	bnd = 50481.105469
	its = 40
	hyp = 944 / 6723
	cut = 404
248764 [49474, 50289]: LP
	bnd = 50479.257812
	its = 40
	hyp = 956 / 6889
	cut = 418
264405 [49474, 50289]: LP
	bnd = 50477.824219
	its = 47
	hyp = 933 / 7079
	cut = 432
269347 [49499, 50239]: LABEL
	tot = 2814365
	max = 19471
277209 [49499, 50239]: LP
	bnd = 50476.281250
	its = 37
	hyp = 951 / 7253
	cut = 446
289843 [49499, 50239]: LP
	bnd = 50475.218750
	its = 35
	hyp = 1035 / 7420
	cut = 460
300847 [49499, 50239]: LP
	bnd = 50473.984375
	its = 30
	hyp = 985 / 7562
	cut = 474
318787 [49499, 50239]: LP
	bnd = 50471.523438
	its = 43
	hyp = 1051 / 7724
	cut = 488
336583 [49499, 50239]: LP
	bnd = 50469.554688
	its = 45
	hyp = 932 / 7915
	cut = 502
358003 [49499, 50239]: LP
	bnd = 50467.812500
	its = 58
	hyp = 1071 / 8091
	cut = 516
377109 [49499, 50239]: LP
	bnd = 50464.015625
	its = 45
	hyp = 1046 / 8285
	cut = 530
395804 [49499, 50239]: LP
	bnd = 50462.320312
	its = 46
	hyp = 1103 / 8471
	cut = 544
418754 [49499, 50239]: LP
	bnd = 50459.964844
	its = 51
	hyp = 1083 / 8667
	cut = 558
436984 [49499, 50239]: LP
	bnd = 50458.832031
	its = 42
	hyp = 1178 / 8826
	cut = 572
457188 [49499, 50239]: LP
	bnd = 50456.710938
	its = 45
	hyp = 1195 / 9009
	cut = 586
483304 [49499, 50239]: LP
	bnd = 50455.023438
	its = 58
	hyp = 1188 / 9223
	cut = 600
508860 [49499, 50239]: LP
	bnd = 50452.558594
	its = 54
	hyp = 1226 / 9401
	cut = 614
	restart
531517 [49499, 50239]: LP
	bnd = 50451.601562
	its = 50
	hyp = 1190 / 9625
	cut = 628
551139 [49499, 50239]: LP
	bnd = 50450.843750
	its = 42
	hyp = 1206 / 9807
	cut = 642
573087 [49499, 50239]: LP
	bnd = 50450.023438
	its = 44
	hyp = 1203 / 10025
	cut = 656
590699 [49499, 50239]: LP
	bnd = 50449.273438
	its = 35
	hyp = 1188 / 10141
	cut = 670
613181 [49499, 50239]: LP
	bnd = 50448.519531
	its = 46
	hyp = 1169 / 10280
	cut = 684
640311 [49499, 50239]: LP
	bnd = 50447.117188
	its = 44
	hyp = 1154 / 10490
	cut = 698
662687 [49499, 50239]: LP
	bnd = 50446.414062
	its = 42
	hyp = 1318 / 10632
	cut = 712
664472 [49712, 50189]: LABEL
	tot = 3012146
	max = 20079
683573 [49712, 50189]: LP
	bnd = 50445.519531
	its = 37
	hyp = 1226 / 10774
	cut = 726
717269 [49712, 50189]: LP
	bnd = 50444.250000
	its = 54
	hyp = 1340 / 11025
	cut = 740
747052 [49712, 50189]: LP
	bnd = 50443.062500
	its = 49
	hyp = 1335 / 11218
	cut = 754
776404 [49712, 50189]: LP
	bnd = 50441.765625
	its = 45
	hyp = 1270 / 11421
	cut = 768
797650 [49712, 50189]: LP
	bnd = 50441.074219
	its = 36
	hyp = 1374 / 11580
	cut = 782
823054 [49712, 50189]: LP
	bnd = 50440.257812
	its = 47
	hyp = 1300 / 11772
	cut = 796
847484 [49712, 50189]: LP
	bnd = 50439.601562
	its = 36
	hyp = 1340 / 11912
	cut = 810
881104 [49712, 50189]: LP
	bnd = 50438.917969
	its = 45
	hyp = 1367 / 12141
	cut = 824
905660 [49712, 50189]: LP
	bnd = 50438.312500
	its = 39
	hyp = 1384 / 12300
	cut = 838
944370 [49712, 50189]: LP
	bnd = 50437.511719
	its = 51
	hyp = 1405 / 12538
	cut = 852
979966 [49712, 50189]: LP
	bnd = 50437.054688
	its = 55
	hyp = 1482 / 12714
	cut = 866
1014273 [49712, 50189]: LP
	bnd = 50436.523438
	its = 46
	hyp = 1503 / 12925
	cut = 880
1040775 [49712, 50189]: LP
	bnd = 50435.597656
	its = 32
	hyp = 1340 / 13076
	cut = 894
1066239 [49712, 50189]: LP
	bnd = 50435.003906
	its = 36
	hyp = 1426 / 13195
	cut = 908
1107157 [49712, 50189]: LP
	bnd = 50434.421875
	its = 51
	hyp = 1515 / 13383
	cut = 922
1133532 [49712, 50189]: LP
	bnd = 50434.136719
	its = 36
	hyp = 1471 / 13549
	cut = 936
1164137 [49712, 50189]: LP
	bnd = 50433.664062
	its = 35
	hyp = 1582 / 13679
	cut = 950
1205325 [49712, 50189]: LP
	bnd = 50432.878906
	its = 45
	hyp = 1410 / 13876
	cut = 964
1237258 [49712, 50189]: LP
	bnd = 50432.304688
	its = 37
	hyp = 1578 / 14029
	cut = 978
1282931 [49712, 50189]: LP
	bnd = 50431.367188
	its = 48
	hyp = 1466 / 14220
	cut = 992
1321318 [49712, 50189]: LP
	bnd = 50430.781250
	its = 41
	hyp = 1450 / 14362
	cut = 1006
1358707 [49712, 50189]: LP
	bnd = 50430.230469
	its = 31
	hyp = 1210 / 14482
	cut = 1020
1396733 [49712, 50189]: LP
	bnd = 50429.421875
	its = 39
	hyp = 1480 / 14614
	cut = 1035
1454019 [49712, 50189]: LP
	bnd = 50428.523438
	its = 53
	hyp = 1535 / 14874
	cut = 1050
1491201 [49712, 50189]: LP
	bnd = 50427.859375
	its = 36
	hyp = 1461 / 15037
	cut = 1065
1524276 [49712, 50189]: LP
	bnd = 50427.507812
	its = 36
	hyp = 1384 / 15181
	cut = 1080
1531934 [49819, 50139]: LABEL
	tot = 8508164
	max = 65781
1550991 [49819, 50139]: LP
	bnd = 50427.117188
	its = 33
	hyp = 1513 / 15288
	cut = 1094
1596374 [49819, 50139]: LP
	bnd = 50426.335938
	its = 36
	hyp = 1465 / 15460
	cut = 1108
1642589 [49819, 50139]: LP
	bnd = 50425.664062
	its = 46
	hyp = 1417 / 15666
	cut = 1123
1684203 [49819, 50139]: LP
	bnd = 50424.988281
	its = 35
	hyp = 1376 / 15813
	cut = 1138
1708030 [49819, 50139]: LP
	bnd = 50424.804688
	its = 30
	hyp = 1403 / 15914
	cut = 1153
1745787 [49819, 50139]: LP
	bnd = 50424.316406
	its = 38
	hyp = 1376 / 16039
	cut = 1169
1797795 [49819, 50139]: LP
	bnd = 50423.398438
	its = 39
	hyp = 1686 / 16228
	cut = 1185
1856682 [49819, 50139]: LP
	bnd = 50422.742188
	its = 49
	hyp = 1649 / 16444
	cut = 1201
1898478 [49819, 50139]: LP
	bnd = 50422.113281
	its = 31
	hyp = 1569 / 16540
	cut = 1218
1980712 [49819, 50139]: LP
	bnd = 50421.128906
	its = 53
	hyp = 1609 / 16800
	cut = 1235
2042027 [49819, 50139]: LP
	bnd = 50420.492188
	its = 48
	hyp = 1471 / 16986
	cut = 1252
2095454 [49819, 50139]: LP
	bnd = 50420.011719
	its = 43
	hyp = 1440 / 17165
	cut = 1269
2143326 [49819, 50139]: LP
	bnd = 50419.609375
	its = 42
	hyp = 1529 / 17316
	cut = 1287
2203509 [49819, 50139]: LP
	bnd = 50418.531250
	its = 42
	hyp = 1767 / 17534
	cut = 1304
2257644 [49819, 50139]: LP
	bnd = 50418.031250
	its = 48
	hyp = 1813 / 17719
	cut = 1322
2318591 [49819, 50139]: LP
	bnd = 50417.679688
	its = 57
	hyp = 1799 / 17929
	cut = 1340
2367244 [49819, 50139]: LP
	bnd = 50417.375000
	its = 48
	hyp = 1880 / 18128
	cut = 1357
2403103 [49819, 50139]: LP
	bnd = 50417.082031
	its = 36
	hyp = 1770 / 18287
	cut = 1374
2435736 [49819, 50139]: LP
	bnd = 50416.820312
	its = 31
	hyp = 1867 / 18393
	cut = 1391
2479065 [49819, 50139]: LP
	bnd = 50416.507812
	its = 31
	hyp = 1804 / 18510
	cut = 1408
2533453 [49819, 50139]: LP
	bnd = 50416.187500
	its = 31
	hyp = 1702 / 18615
	cut = 1425
2587104 [49819, 50139]: LP
	bnd = 50415.902344
	its = 48
	hyp = 1703 / 18783
	cut = 1442
2650282 [49819, 50139]: LP
	bnd = 50415.578125
	its = 45
	hyp = 1934 / 18988
	cut = 1459
2698613 [49819, 50139]: LP
	bnd = 50415.335938
	its = 45
	hyp = 1884 / 19140
	cut = 1476
2741488 [49819, 50139]: LP
	bnd = 50415.078125
	its = 38
	hyp = 1916 / 19296
	cut = 1493
2821175 [49819, 50139]: LP
	bnd = 50414.773438
	its = 48
	hyp = 1711 / 19446
	cut = 1510
2874185 [49819, 50139]: LP
	bnd = 50414.554688
	its = 28
	hyp = 1745 / 19529
	cut = 1528
2918545 [49819, 50139]: LP
	bnd = 50414.250000
	its = 32
	hyp = 1882 / 19624
	cut = 1546
2965456 [49819, 50139]: LP
	bnd = 50414.132812
	its = 34
	hyp = 1973 / 19726
	cut = 1564
3000807 [49819, 50139]: LP
	bnd = 50414.054688
	its = 24
	hyp = 1770 / 19799
	cut = 1582
3037503 [49819, 50139]: LP
	bnd = 50413.941406
	its = 30
	hyp = 2046 / 19872
	cut = 1600
3094907 [49819, 50139]: LP
	bnd = 50413.683594
	its = 41
	hyp = 1829 / 20013
	cut = 1618
3138560 [49819, 50139]: LP
	bnd = 50413.515625
	its = 33
	hyp = 1851 / 20095
	cut = 1636
3207531 [49819, 50139]: LP
	bnd = 50413.148438
	its = 45
	hyp = 1889 / 20248
	cut = 1654
3258171 [49819, 50139]: LP
	bnd = 50412.984375
	its = 36
	hyp = 1764 / 20379
	cut = 1672
3302840 [49819, 50139]: LP
	bnd = 50412.847656
	its = 28
	hyp = 1791 / 20465
	cut = 1690
3382595 [49819, 50139]: LP
	bnd = 50412.382812
	its = 48
	hyp = 1984 / 20612
	cut = 1708
3481387 [49819, 50139]: LP
	bnd = 50411.960938
	its = 49
	hyp = 2047 / 20789
	cut = 1726
3532442 [49819, 50139]: LP
	bnd = 50411.839844
	its = 34
	hyp = 2102 / 20876
	cut = 1744
3609593 [49819, 50139]: LP
	bnd = 50411.617188
	its = 47
	hyp = 2069 / 21043
	cut = 1762
3697056 [49819, 50139]: LP
	bnd = 50411.359375
	its = 45
	hyp = 2046 / 21194
	cut = 1780
3744236 [49819, 50139]: LP
	bnd = 50411.250000
	its = 33
	hyp = 2121 / 21309
	cut = 1798
3800048 [49819, 50139]: LP
	bnd = 50411.085938
	its = 32
	hyp = 2061 / 21404
	cut = 1816
3846677 [49819, 50139]: LP
	bnd = 50410.960938
	its = 30
	hyp = 2129 / 21499
	cut = 1834
3913745 [49819, 50139]: LP
	bnd = 50410.863281
	its = 37
	hyp = 2170 / 21624
	cut = 1852
3967210 [49819, 50139]: LP
	bnd = 50410.769531
	its = 28
	hyp = 2067 / 21714
	cut = 1870
4034157 [49819, 50139]: LP
	bnd = 50410.656250
	its = 39
	hyp = 2154 / 21838
	cut = 1888
4082488 [49819, 50139]: LP
	bnd = 50410.593750
	its = 26
	hyp = 2148 / 21902
	cut = 1906
4199287 [49819, 50139]: LP
	bnd = 50410.289062
	its = 45
	hyp = 2044 / 22073
	cut = 1924
4273225 [49819, 50139]: LP
	bnd = 50410.101562
	its = 29
	hyp = 1992 / 22172
	cut = 1942
4278660 [49930, 50089]: LABEL
	tot = 15537093
	max = 129462
4344837 [49930, 50089]: LP
	bnd = 50409.964844
	its = 40
	hyp = 1818 / 22320
	cut = 1960
4429086 [49930, 50089]: LP
	bnd = 50409.851562
	its = 32
	hyp = 2233 / 22394
	cut = 1978
4509723 [49930, 50089]: LP
	bnd = 50409.722656
	its = 39
	hyp = 2051 / 22513
	cut = 1996
4592348 [49930, 50089]: LP
	bnd = 50409.515625
	its = 35
	hyp = 2293 / 22616
	cut = 2014
4674272 [49930, 50089]: LP
	bnd = 50409.398438
	its = 41
	hyp = 2192 / 22734
	cut = 2031
4737511 [49930, 50089]: LP
	bnd = 50409.320312
	its = 24
	hyp = 2133 / 22806
	cut = 2048
4789814 [49930, 50089]: LP
	bnd = 50409.257812
	its = 25
	hyp = 2196 / 22853
	cut = 2065
4862042 [49930, 50089]: LP
	bnd = 50409.167969
	its = 36
	hyp = 2191 / 22961
	cut = 2082
4927924 [49930, 50089]: LP
	bnd = 50409.046875
	its = 25
	hyp = 2214 / 23026
	cut = 2099
5016048 [49930, 50089]: LP
	bnd = 50408.960938
	its = 42
	hyp = 2254 / 23152
	cut = 2116
5071505 [49930, 50089]: LP
	bnd = 50408.875000
	its = 30
	hyp = 2217 / 23252
	cut = 2133
5122900 [49930, 50089]: LP
	bnd = 50408.785156
	its = 28
	hyp = 2238 / 23331
	cut = 2151
5190249 [49930, 50089]: LP
	bnd = 50408.679688
	its = 35
	hyp = 2271 / 23422
	cut = 2168
5232983 [49930, 50089]: LP
	bnd = 50408.636719
	its = 23
	hyp = 2164 / 23489
	cut = 2186
5304873 [49930, 50089]: LP
	bnd = 50408.511719
	its = 28
	hyp = 2181 / 23588
	cut = 2203
5389102 [49930, 50089]: LP
	bnd = 50408.394531
	its = 40
	hyp = 2312 / 23729
	cut = 2220
5484301 [49930, 50089]: LP
	bnd = 50408.320312
	its = 30
	hyp = 2244 / 23804
	cut = 2237
5575222 [49930, 50089]: LP
	bnd = 50408.187500
	its = 41
	hyp = 2202 / 23918
	cut = 2254
5645764 [49930, 50089]: LP
	bnd = 50408.101562
	its = 30
	hyp = 2223 / 24005
	cut = 2272
5760565 [49930, 50089]: LP
	bnd = 50407.984375
	its = 40
	hyp = 2380 / 24126
	cut = 2290
5831743 [49930, 50089]: LP
	bnd = 50407.800781
	its = 21
	hyp = 2231 / 24182
	cut = 2307
5895564 [49930, 50089]: LP
	bnd = 50407.750000
	its = 24
	hyp = 2203 / 24277
	cut = 2325
5976786 [49930, 50089]: LP
	bnd = 50407.632812
	its = 26
	hyp = 2296 / 24346
	cut = 2343
6027347 [49930, 50089]: LP
	bnd = 50407.570312
	its = 18
	hyp = 2135 / 24385
	cut = 2361
6105877 [49930, 50089]: LP
	bnd = 50407.484375
	its = 26
	hyp = 2385 / 24457
	cut = 2379
6214177 [49930, 50089]: LP
	bnd = 50407.363281
	its = 49
	hyp = 2404 / 24595
	cut = 2397
6309863 [49930, 50089]: LP
	bnd = 50407.187500
	its = 31
	hyp = 2263 / 24658
	cut = 2415
6463699 [49930, 50089]: LP
	bnd = 50407.019531
	its = 25
	hyp = 1956 / 24738
	cut = 2432
6619480 [49930, 50089]: LP
	bnd = 50406.910156
	its = 34
	hyp = 2282 / 24834
	cut = 2449
6751183 [49930, 50089]: LP
	bnd = 50406.757812
	its = 41
	hyp = 2357 / 24957
	cut = 2466
6933454 [49930, 50089]: LP
	bnd = 50406.539062
	its = 42
	hyp = 2190 / 25076
	cut = 2483
6992470 [49930, 50089]: LP
	bnd = 50406.468750
	its = 19
	hyp = 2342 / 25118
	cut = 2500
7050927 [49930, 50089]: LP
	bnd = 50406.421875
	its = 18
	hyp = 2262 / 25166
	cut = 2517
7160780 [49930, 50089]: LP
	bnd = 50406.316406
	its = 40
	hyp = 2261 / 25268
	cut = 2534
