hypergraph with 31231 vertices and 3014144 hyperarcs generated in 953
5372 [0, 50403]: LP
	bnd = 50403.234375
	its = 35
	hyp = 231 / 634
	cut = 0
5382 [0, 50403]: HEURISTIC 3
5390 [0, 50403]: LABEL
	tot = 271
	max = 2
5448 [0, 50352]: LABEL
	tot = 1210
	max = 6
5573 [0, 50302]: LABEL
	tot = 3305
	max = 24
5833 [49481, 50252]: LABEL
	tot = 8378
	max = 101
6355 [49621, 50201]: LABEL
	tot = 20596
	max = 332
7446 [49854, 50151]: LABEL
	tot = 53796
	max = 1139
9538 [49854, 50151]: LP
	bnd = 50386.898438
	its = 22
	hyp = 251 / 1139
	cut = 11
10028 [49947, 50101]: LABEL
	tot = 142909
	max = 3438
12903 [49947, 50101]: LP
	bnd = 50384.492188
	its = 17
	hyp = 324 / 1325
	cut = 22
13742 [49954, 50051]: LABEL
	tot = 216738
	max = 4296
16311 [49954, 50051]: LP
	bnd = 50378.832031
	its = 17
	hyp = 316 / 1487
	cut = 33
22709 [49954, 50051]: LP
	bnd = 50365.312500
	its = 34
	hyp = 395 / 1810
	cut = 45
23448 [49954, 50001]: LABEL
	tot = 528755
	max = 11301
26081 [49954, 50001]: LP
	bnd = 50359.777344
	its = 16
	hyp = 457 / 1993
	cut = 57
29079 [49954, 50001]: LP
	bnd = 50355.070312
	its = 14
	hyp = 378 / 2140
	cut = 69
32862 [49954, 50001]: LP
	bnd = 50353.242188
	its = 18
	hyp = 469 / 2311
	cut = 81
37989 [49954, 50001]: LP
	bnd = 50349.894531
	its = 25
	hyp = 534 / 2550
	cut = 93
44630 [49954, 50001]: LP
	bnd = 50346.464844
	its = 33
	hyp = 630 / 2786
	cut = 105
47068 [49954, 49954]: LABEL
	tot = 1085863
	max = 17009
