hypergraph with 33176 vertices and 3411286 hyperarcs generated in 1058
5411 [0, 49323]: LP
	bnd = 49323.609375
	its = 32
	hyp = 222 / 817
	cut = 0
5418 [0, 49323]: HEURISTIC 3
5424 [0, 49323]: LABEL
	tot = 171
	max = 2
5684 [0, 49274]: LABEL
	tot = 11311
	max = 49
6899 [0, 49225]: LABEL
	tot = 62688
	max = 475
8382 [0, 49225]: LP
	bnd = 49323.378906
	its = 14
	hyp = 277 / 1114
	cut = 10
11534 [0, 49225]: LP
	bnd = 49318.515625
	its = 15
	hyp = 261 / 1432
	cut = 20
12444 [48603, 49175]: LABEL
	tot = 304530
	max = 2814
14471 [48603, 49175]: LP
	bnd = 49316.843750
	its = 13
	hyp = 301 / 1559
	cut = 30
17152 [48603, 49175]: LP
	bnd = 49313.902344
	its = 12
	hyp = 318 / 1653
	cut = 40
20418 [48603, 49175]: LP
	bnd = 49312.117188
	its = 15
	hyp = 346 / 1799
	cut = 51
23180 [48603, 49175]: LP
	bnd = 49310.820312
	its = 12
	hyp = 325 / 1911
	cut = 62
26956 [48603, 49175]: LP
	bnd = 49309.542969
	its = 17
	hyp = 374 / 2096
	cut = 73
32707 [48603, 49175]: LP
	bnd = 49308.082031
	its = 27
	hyp = 345 / 2352
	cut = 84
35669 [48603, 49175]: LP
	bnd = 49307.457031
	its = 12
	hyp = 448 / 2503
	cut = 95
40210 [48603, 49175]: LP
	bnd = 49306.277344
	its = 20
	hyp = 470 / 2717
	cut = 106
40856 [48967, 49126]: LABEL
	tot = 1212282
	max = 11577
44981 [48967, 49126]: LP
	bnd = 49303.421875
	its = 21
	hyp = 557 / 2870
	cut = 117
48049 [48967, 49126]: LP
	bnd = 49302.375000
	its = 12
	hyp = 504 / 2963
	cut = 128
53119 [48967, 49126]: LP
	bnd = 49301.414062
	its = 20
	hyp = 428 / 3216
	cut = 139
59287 [48967, 49126]: LP
	bnd = 49298.175781
	its = 27
	hyp = 521 / 3413
	cut = 150
65514 [48967, 49126]: LP
	bnd = 49296.640625
	its = 26
	hyp = 573 / 3619
	cut = 161
71953 [48967, 49126]: LP
	bnd = 49295.441406
	its = 27
	hyp = 628 / 3823
	cut = 172
77081 [48967, 49126]: LP
	bnd = 49293.730469
	its = 20
	hyp = 531 / 3949
	cut = 183
81790 [48967, 49126]: LP
	bnd = 49292.433594
	its = 18
	hyp = 617 / 4087
	cut = 194
90246 [48967, 49126]: LP
	bnd = 49291.585938
	its = 33
	hyp = 730 / 4306
	cut = 205
99076 [48967, 49126]: LP
	bnd = 49290.433594
	its = 29
	hyp = 491 / 4485
	cut = 216
107467 [48967, 49126]: LP
	bnd = 49289.667969
	its = 28
	hyp = 536 / 4631
	cut = 227
114902 [48967, 49126]: LP
	bnd = 49288.546875
	its = 26
	hyp = 552 / 4770
	cut = 238
122796 [48967, 49126]: LP
	bnd = 49287.226562
	its = 27
	hyp = 605 / 4904
	cut = 249
130539 [48967, 49126]: LP
	bnd = 49285.859375
	its = 24
	hyp = 635 / 5020
	cut = 260
145029 [48967, 49126]: LP
	bnd = 49284.328125
	its = 48
	hyp = 695 / 5327
	cut = 271
154551 [48967, 49126]: LP
	bnd = 49282.414062
	its = 30
	hyp = 717 / 5498
	cut = 282
168628 [48967, 49126]: LP
	bnd = 49280.488281
	its = 42
	hyp = 614 / 5746
	cut = 293
	restart
179986 [48967, 49126]: LP
	bnd = 49279.160156
	its = 31
	hyp = 581 / 5891
	cut = 305
191631 [48967, 49126]: LP
	bnd = 49277.222656
	its = 34
	hyp = 731 / 6076
	cut = 317
208901 [48967, 49126]: LP
	bnd = 49274.808594
	its = 48
	hyp = 682 / 6315
	cut = 329
223048 [48967, 49126]: LP
	bnd = 49272.550781
	its = 39
	hyp = 704 / 6498
	cut = 341
235882 [49064, 49077]: LABEL
	tot = 2412350
	max = 20627
236636 [49064, 49077]: LP
	bnd = 49270.929688
	its = 37
	hyp = 672 / 6687
	cut = 353
248222 [49064, 49077]: LP
	bnd = 49269.218750
	its = 33
	hyp = 742 / 6846
	cut = 365
261608 [49064, 49077]: LP
	bnd = 49267.796875
	its = 39
	hyp = 748 / 7048
	cut = 377
278136 [49064, 49077]: LP
	bnd = 49266.117188
	its = 40
	hyp = 812 / 7282
	cut = 389
295997 [49064, 49077]: LP
	bnd = 49264.562500
	its = 35
	hyp = 803 / 7467
	cut = 401
310809 [49064, 49064]: LABEL
	tot = 2715958
	max = 21092
