hypergraph with 34107 vertices and 3745641 hyperarcs generated in 1470
5741 [0, 54980]: LP
	bnd = 54980.574219
	its = 31
	hyp = 265 / 608
	cut = 0
5750 [0, 54980]: HEURISTIC 3
5756 [0, 54980]: LABEL
	tot = 121
	max = 2
5891 [0, 54925]: LABEL
	tot = 2154
	max = 8
6392 [0, 54870]: LABEL
	tot = 9688
	max = 27
8309 [0, 54815]: LABEL
	tot = 35157
	max = 125
10539 [0, 54815]: LP
	bnd = 54971.898438
	its = 22
	hyp = 312 / 1157
	cut = 14
14653 [0, 54815]: LP
	bnd = 54967.992188
	its = 17
	hyp = 359 / 1409
	cut = 28
16726 [0, 54760]: LABEL
	tot = 126460
	max = 463
18408 [0, 54760]: LP
	bnd = 54967.863281
	its = 14
	hyp = 352 / 1653
	cut = 42
22734 [0, 54760]: LP
	bnd = 54966.929688
	its = 18
	hyp = 386 / 1921
	cut = 56
31863 [0, 54760]: LP
	bnd = 54964.070312
	its = 40
	hyp = 433 / 2333
	cut = 70
36380 [0, 54760]: LP
	bnd = 54959.582031
	its = 18
	hyp = 455 / 2552
	cut = 84
40720 [0, 54760]: LP
	bnd = 54955.937500
	its = 17
	hyp = 464 / 2713
	cut = 98
46783 [0, 54760]: LP
	bnd = 54953.605469
	its = 23
	hyp = 576 / 3010
	cut = 112
49858 [0, 54706]: LABEL
	tot = 377481
	max = 1419
58119 [0, 54706]: LP
	bnd = 54934.613281
	its = 47
	hyp = 622 / 3435
	cut = 126
67687 [0, 54706]: LP
	bnd = 54931.550781
	its = 38
	hyp = 683 / 3752
	cut = 140
77597 [0, 54706]: LP
	bnd = 54925.097656
	its = 38
	hyp = 704 / 4028
	cut = 154
	restart
90700 [0, 54706]: LP
	bnd = 54922.785156
	its = 49
	hyp = 777 / 4357
	cut = 168
101848 [0, 54706]: LP
	bnd = 54919.890625
	its = 41
	hyp = 748 / 4601
	cut = 182
101862 [0, 54651]: LABEL
	tot = 369051
	max = 1259
108979 [0, 54651]: LP
	bnd = 54912.960938
	its = 23
	hyp = 597 / 4772
	cut = 196
116640 [0, 54651]: LP
	bnd = 54911.804688
	its = 26
	hyp = 536 / 4993
	cut = 210
128806 [0, 54651]: LP
	bnd = 54905.062500
	its = 40
	hyp = 671 / 5300
	cut = 224
138654 [0, 54651]: LP
	bnd = 54903.332031
	its = 33
	hyp = 746 / 5550
	cut = 238
147316 [0, 54651]: LP
	bnd = 54898.417969
	its = 28
	hyp = 802 / 5756
	cut = 252
157538 [0, 54651]: LP
	bnd = 54896.832031
	its = 33
	hyp = 719 / 5991
	cut = 266
168838 [0, 54651]: LP
	bnd = 54889.734375
	its = 26
	hyp = 647 / 6225
	cut = 280
	restart
183930 [0, 54651]: LP
	bnd = 54887.410156
	its = 45
	hyp = 845 / 6577
	cut = 294
198395 [0, 54651]: LP
	bnd = 54883.449219
	its = 39
	hyp = 708 / 6839
	cut = 308
212377 [0, 54651]: LP
	bnd = 54880.769531
	its = 35
	hyp = 756 / 7152
	cut = 322
231981 [0, 54651]: LP
	bnd = 54876.855469
	its = 46
	hyp = 859 / 7525
	cut = 336
254475 [0, 54651]: LP
	bnd = 54874.015625
	its = 56
	hyp = 1012 / 7896
	cut = 351
272636 [0, 54651]: LP
	bnd = 54870.765625
	its = 44
	hyp = 880 / 8176
	cut = 366
288826 [54329, 54596]: LABEL
	tot = 995203
	max = 3407
294167 [54329, 54596]: LP
	bnd = 54868.000000
	its = 43
	hyp = 940 / 8486
	cut = 381
316610 [54329, 54596]: LP
	bnd = 54864.859375
	its = 45
	hyp = 1032 / 8816
	cut = 396
340214 [54329, 54596]: LP
	bnd = 54864.031250
	its = 47
	hyp = 1104 / 9132
	cut = 411
368965 [54329, 54596]: LP
	bnd = 54858.253906
	its = 46
	hyp = 924 / 9485
	cut = 426
388054 [54329, 54596]: LP
	bnd = 54856.957031
	its = 34
	hyp = 937 / 9689
	cut = 441
410419 [54329, 54596]: LP
	bnd = 54853.074219
	its = 38
	hyp = 948 / 9936
	cut = 456
435210 [54329, 54596]: LP
	bnd = 54851.406250
	its = 37
	hyp = 967 / 10139
	cut = 471
472838 [54329, 54596]: LP
	bnd = 54842.453125
	its = 35
	hyp = 708 / 10460
	cut = 486
	restart
517538 [54329, 54596]: LP
	bnd = 54791.843750
	its = 43
	hyp = 717 / 10690
	cut = 501
	restart
541906 [54329, 54596]: LP
	bnd = 54788.378906
	its = 26
	hyp = 533 / 10812
	cut = 516
565484 [54492, 54542]: LABEL
	tot = 578892
	max = 2113
571140 [54492, 54542]: LP
	bnd = 54787.007812
	its = 31
	hyp = 492 / 10950
	cut = 531
589779 [54492, 54542]: LP
	bnd = 54784.535156
	its = 20
	hyp = 506 / 11062
	cut = 546
609181 [54492, 54542]: LP
	bnd = 54782.835938
	its = 24
	hyp = 548 / 11142
	cut = 561
631656 [54492, 54542]: LP
	bnd = 54780.242188
	its = 26
	hyp = 524 / 11288
	cut = 576
654676 [54492, 54542]: LP
	bnd = 54778.121094
	its = 27
	hyp = 502 / 11386
	cut = 591
681181 [54492, 54542]: LP
	bnd = 54774.281250
	its = 28
	hyp = 534 / 11510
	cut = 606
702974 [54492, 54542]: LP
	bnd = 54771.773438
	its = 34
	hyp = 530 / 11689
	cut = 621
716597 [54492, 54542]: LP
	bnd = 54770.953125
	its = 21
	hyp = 601 / 11755
	cut = 636
735658 [54492, 54542]: LP
	bnd = 54770.507812
	its = 36
	hyp = 567 / 11916
	cut = 651
753905 [54492, 54542]: LP
	bnd = 54769.703125
	its = 36
	hyp = 658 / 12043
	cut = 666
767297 [54492, 54492]: LABEL
	tot = 1832248
	max = 6977
