hypergraph with 34416 vertices and 3724951 hyperarcs generated in 1661
6239 [0, 54927]: LP
	bnd = 54927.570312
	its = 34
	hyp = 237 / 687
	cut = 0
6248 [0, 54927]: HEURISTIC 3
6255 [0, 54927]: LABEL
	tot = 129
	max = 1
6372 [0, 54872]: LABEL
	tot = 2843
	max = 10
6833 [0, 54817]: LABEL
	tot = 13371
	max = 51
8277 [0, 54817]: LP
	bnd = 54927.570312
	its = 8
	hyp = 287 / 874
	cut = 12
8514 [0, 54762]: LABEL
	tot = 47956
	max = 243
12276 [0, 54762]: LP
	bnd = 54919.632812
	its = 17
	hyp = 283 / 1199
	cut = 24
14453 [0, 54762]: LP
	bnd = 54919.027344
	its = 8
	hyp = 301 / 1310
	cut = 36
14692 [0, 54708]: LABEL
	tot = 155153
	max = 927
16744 [0, 54708]: LP
	bnd = 54917.929688
	its = 9
	hyp = 303 / 1453
	cut = 48
20803 [0, 54708]: LP
	bnd = 54917.191406
	its = 17
	hyp = 313 / 1634
	cut = 60
22804 [0, 54708]: LP
	bnd = 54916.359375
	its = 6
	hyp = 338 / 1688
	cut = 72
26863 [0, 54708]: LP
	bnd = 54914.808594
	its = 16
	hyp = 389 / 1848
	cut = 84
30737 [0, 54708]: LP
	bnd = 54914.343750
	its = 15
	hyp = 357 / 1939
	cut = 96
35452 [54128, 54653]: LABEL
	tot = 420139
	max = 2431
38103 [54128, 54653]: LP
	bnd = 54911.773438
	its = 32
	hyp = 415 / 2193
	cut = 108
41738 [54128, 54653]: LP
	bnd = 54908.507812
	its = 14
	hyp = 370 / 2286
	cut = 120
49668 [54128, 54653]: LP
	bnd = 54905.558594
	its = 34
	hyp = 415 / 2527
	cut = 132
55466 [54128, 54653]: LP
	bnd = 54903.234375
	its = 23
	hyp = 449 / 2627
	cut = 144
64129 [54128, 54653]: LP
	bnd = 54898.058594
	its = 35
	hyp = 524 / 2861
	cut = 156
71854 [54128, 54653]: LP
	bnd = 54895.632812
	its = 30
	hyp = 491 / 3059
	cut = 168
80914 [54128, 54653]: LP
	bnd = 54894.570312
	its = 36
	hyp = 581 / 3255
	cut = 180
89988 [54128, 54653]: LP
	bnd = 54893.691406
	its = 34
	hyp = 542 / 3431
	cut = 192
99602 [54128, 54653]: LP
	bnd = 54892.984375
	its = 34
	hyp = 531 / 3661
	cut = 204
108120 [54180, 54598]: LABEL
	tot = 1163005
	max = 7411
108571 [54180, 54598]: LP
	bnd = 54890.625000
	its = 32
	hyp = 586 / 3845
	cut = 216
117829 [54180, 54598]: LP
	bnd = 54888.027344
	its = 33
	hyp = 632 / 4038
	cut = 228
127053 [54180, 54598]: LP
	bnd = 54883.300781
	its = 33
	hyp = 575 / 4213
	cut = 240
136075 [54180, 54598]: LP
	bnd = 54879.152344
	its = 33
	hyp = 613 / 4386
	cut = 252
145967 [54180, 54598]: LP
	bnd = 54876.507812
	its = 33
	hyp = 609 / 4550
	cut = 264
159007 [54180, 54598]: LP
	bnd = 54871.734375
	its = 46
	hyp = 635 / 4773
	cut = 276
169470 [54180, 54598]: LP
	bnd = 54868.812500
	its = 34
	hyp = 636 / 4951
	cut = 288
178081 [54180, 54598]: LP
	bnd = 54865.089844
	its = 26
	hyp = 622 / 5078
	cut = 300
	restart
187331 [54180, 54598]: LP
	bnd = 54862.640625
	its = 31
	hyp = 709 / 5194
	cut = 312
199144 [54180, 54598]: LP
	bnd = 54858.351562
	its = 39
	hyp = 616 / 5386
	cut = 324
211022 [54180, 54598]: LP
	bnd = 54856.144531
	its = 38
	hyp = 534 / 5533
	cut = 336
216887 [54180, 54598]: LP
	bnd = 54853.925781
	its = 16
	hyp = 610 / 5584
	cut = 348
227558 [54180, 54598]: LP
	bnd = 54851.968750
	its = 30
	hyp = 674 / 5737
	cut = 360
237880 [54180, 54598]: LP
	bnd = 54849.414062
	its = 33
	hyp = 722 / 5884
	cut = 372
248374 [54180, 54598]: LP
	bnd = 54847.183594
	its = 31
	hyp = 726 / 6017
	cut = 384
258459 [54180, 54598]: LP
	bnd = 54844.335938
	its = 29
	hyp = 678 / 6190
	cut = 396
270869 [54325, 54544]: LABEL
	tot = 1625240
	max = 11288
272098 [54325, 54544]: LP
	bnd = 54841.574219
	its = 41
	hyp = 748 / 6386
	cut = 408
284757 [54325, 54544]: LP
	bnd = 54840.144531
	its = 38
	hyp = 762 / 6548
	cut = 420
296524 [54325, 54544]: LP
	bnd = 54838.136719
	its = 34
	hyp = 819 / 6741
	cut = 432
306105 [54325, 54544]: LP
	bnd = 54836.691406
	its = 25
	hyp = 701 / 6863
	cut = 444
317949 [54325, 54544]: LP
	bnd = 54834.542969
	its = 30
	hyp = 725 / 7021
	cut = 456
329320 [54325, 54544]: LP
	bnd = 54833.210938
	its = 29
	hyp = 730 / 7179
	cut = 468
339644 [54325, 54544]: LP
	bnd = 54831.804688
	its = 28
	hyp = 838 / 7318
	cut = 480
350445 [54325, 54544]: LP
	bnd = 54830.531250
	its = 27
	hyp = 830 / 7429
	cut = 492
362987 [54325, 54544]: LP
	bnd = 54829.445312
	its = 34
	hyp = 896 / 7578
	cut = 504
372274 [54325, 54544]: LP
	bnd = 54828.351562
	its = 21
	hyp = 776 / 7699
	cut = 516
382783 [54325, 54544]: LP
	bnd = 54826.398438
	its = 26
	hyp = 735 / 7826
	cut = 528
393345 [54325, 54544]: LP
	bnd = 54825.566406
	its = 27
	hyp = 813 / 7932
	cut = 540
404920 [54325, 54544]: LP
	bnd = 54824.378906
	its = 30
	hyp = 774 / 8058
	cut = 552
415405 [54325, 54544]: LP
	bnd = 54823.648438
	its = 21
	hyp = 789 / 8143
	cut = 564
426052 [54325, 54544]: LP
	bnd = 54822.750000
	its = 22
	hyp = 779 / 8244
	cut = 576
438911 [54325, 54544]: LP
	bnd = 54821.460938
	its = 26
	hyp = 798 / 8370
	cut = 588
443555 [54325, 54489]: LABEL
	tot = 2975320
	max = 22433
446298 [54325, 54489]: LP
	bnd = 54820.656250
	its = 18
	hyp = 772 / 8425
	cut = 600
463764 [54325, 54489]: LP
	bnd = 54819.863281
	its = 37
	hyp = 807 / 8592
	cut = 612
477590 [54325, 54489]: LP
	bnd = 54818.675781
	its = 30
	hyp = 868 / 8718
	cut = 624
493853 [54325, 54489]: LP
	bnd = 54817.703125
	its = 34
	hyp = 945 / 8866
	cut = 636
506795 [54325, 54489]: LP
	bnd = 54816.832031
	its = 30
	hyp = 747 / 8988
	cut = 648
519674 [54325, 54489]: LP
	bnd = 54816.152344
	its = 30
	hyp = 897 / 9100
	cut = 660
530405 [54325, 54489]: LP
	bnd = 54815.015625
	its = 23
	hyp = 882 / 9192
	cut = 672
543618 [54325, 54489]: LP
	bnd = 54813.847656
	its = 27
	hyp = 916 / 9311
	cut = 684
559818 [54325, 54489]: LP
	bnd = 54813.027344
	its = 34
	hyp = 833 / 9472
	cut = 696
571521 [54325, 54489]: LP
	bnd = 54812.246094
	its = 26
	hyp = 876 / 9569
	cut = 708
585886 [54325, 54489]: LP
	bnd = 54811.667969
	its = 30
	hyp = 1036 / 9664
	cut = 720
596085 [54325, 54489]: LP
	bnd = 54811.265625
	its = 22
	hyp = 941 / 9780
	cut = 732
609241 [54325, 54489]: LP
	bnd = 54810.593750
	its = 27
	hyp = 992 / 9883
	cut = 744
622017 [54325, 54489]: LP
	bnd = 54809.843750
	its = 26
	hyp = 949 / 9960
	cut = 756
634149 [54325, 54489]: LP
	bnd = 54809.031250
	its = 23
	hyp = 922 / 10039
	cut = 768
646401 [54325, 54489]: LP
	bnd = 54808.613281
	its = 22
	hyp = 895 / 10110
	cut = 780
660356 [54325, 54489]: LP
	bnd = 54808.125000
	its = 29
	hyp = 962 / 10191
	cut = 792
670903 [54325, 54489]: LP
	bnd = 54807.667969
	its = 20
	hyp = 979 / 10245
	cut = 804
681352 [54325, 54489]: LP
	bnd = 54807.238281
	its = 22
	hyp = 1027 / 10306
	cut = 816
691720 [54325, 54489]: LP
	bnd = 54806.761719
	its = 18
	hyp = 930 / 10347
	cut = 828
699377 [54325, 54489]: LP
	bnd = 54806.425781
	its = 13
	hyp = 964 / 10388
	cut = 840
714898 [54325, 54489]: LP
	bnd = 54805.660156
	its = 31
	hyp = 981 / 10496
	cut = 852
728752 [54325, 54489]: LP
	bnd = 54805.125000
	its = 24
	hyp = 1095 / 10583
	cut = 864
743305 [54325, 54489]: LP
	bnd = 54804.640625
	its = 25
	hyp = 1077 / 10688
	cut = 876
763863 [54325, 54489]: LP
	bnd = 54803.964844
	its = 35
	hyp = 1051 / 10833
	cut = 888
776889 [54325, 54489]: LP
	bnd = 54803.410156
	its = 18
	hyp = 998 / 10901
	cut = 900
796377 [54325, 54489]: LP
	bnd = 54802.855469
	its = 37
	hyp = 1057 / 11020
	cut = 912
811196 [54325, 54489]: LP
	bnd = 54802.257812
	its = 28
	hyp = 1093 / 11117
	cut = 924
830301 [54325, 54489]: LP
	bnd = 54801.917969
	its = 32
	hyp = 1052 / 11244
	cut = 936
841861 [54325, 54489]: LP
	bnd = 54801.667969
	its = 20
	hyp = 1068 / 11301
	cut = 948
853689 [54325, 54489]: LP
	bnd = 54801.242188
	its = 17
	hyp = 1048 / 11354
	cut = 960
864477 [54325, 54489]: LP
	bnd = 54801.074219
	its = 17
	hyp = 1011 / 11421
	cut = 972
876524 [54325, 54489]: LP
	bnd = 54800.859375
	its = 22
	hyp = 1073 / 11491
	cut = 984
889586 [54325, 54489]: LP
	bnd = 54800.609375
	its = 21
	hyp = 1112 / 11560
	cut = 996
900924 [54464, 54489]: LP
	bnd = 54800.441406
	its = 19
	hyp = 1145 / 11625
	cut = 1008
901894 [54464, 54464]: LABEL
	tot = 6173999
	max = 43096
