hypergraph with 34416 vertices and 3642667 hyperarcs generated in 1808
5229 [0, 55189]: LP
	bnd = 55189.578125
	its = 27
	hyp = 180 / 507
	cut = 0
5235 [0, 55189]: HEURISTIC 3
5239 [0, 55189]: LABEL
	tot = 34
	max = 1
5288 [54770, 55134]: LABEL
	tot = 1357
	max = 5
5463 [54821, 55079]: LABEL
	tot = 4247
	max = 17
5977 [54821, 55024]: LABEL
	tot = 15148
	max = 72
7718 [54888, 54969]: LABEL
	tot = 58399
	max = 238
9080 [54888, 54969]: LP
	bnd = 55186.882812
	its = 17
	hyp = 240 / 1059
	cut = 10
13272 [54888, 54969]: LP
	bnd = 55169.484375
	its = 17
	hyp = 293 / 1400
	cut = 22
14859 [54888, 54914]: LABEL
	tot = 211740
	max = 840
17202 [54888, 54914]: LP
	bnd = 55164.792969
	its = 16
	hyp = 304 / 1599
	cut = 34
20339 [54888, 54888]: LABEL
	tot = 177810
	max = 766
