hypergraph with 19916 vertices and 1206161 hyperarcs generated in 860
1682 [0, 31926]: LP
	bnd = 31926.050781
	its = 21
	hyp = 156 / 373
	cut = 0
1687 [0, 31926]: HEURISTIC 3
1691 [0, 31926]: LABEL
	tot = 95
	max = 1
1703 [0, 31894]: LABEL
	tot = 541
	max = 2
1736 [0, 31862]: LABEL
	tot = 1768
	max = 7
1814 [0, 31830]: LABEL
	tot = 4525
	max = 18
1995 [31316, 31798]: LABEL
	tot = 9962
	max = 38
2356 [31556, 31766]: LABEL
	tot = 21177
	max = 90
2679 [31556, 31766]: LP
	bnd = 31926.050781
	its = 10
	hyp = 183 / 593
	cut = 9
2932 [31556, 31734]: LABEL
	tot = 43782
	max = 183
3960 [31556, 31703]: LABEL
	tot = 81811
	max = 365
4600 [31556, 31703]: LP
	bnd = 31918.826172
	its = 22
	hyp = 177 / 853
	cut = 18
5852 [31658, 31671]: LABEL
	tot = 162062
	max = 725
6316 [31658, 31671]: LP
	bnd = 31906.707031
	its = 19
	hyp = 143 / 1018
	cut = 27
7255 [31658, 31671]: LP
	bnd = 31897.812500
	its = 9
	hyp = 201 / 1071
	cut = 36
	restart
8607 [31658, 31658]: LABEL
	tot = 119893
	max = 903
