hypergraph with 19907 vertices and 1224323 hyperarcs generated in 772
1558 [0, 32271]: LP
	bnd = 32271.035156
	its = 19
	hyp = 124 / 299
	cut = 0
1566 [0, 32271]: HEURISTIC 3
1571 [0, 32271]: LABEL
	tot = 224
	max = 2
1578 [0, 32238]: LABEL
	tot = 344
	max = 4
1589 [0, 32206]: LABEL
	tot = 705
	max = 6
1606 [0, 32174]: LABEL
	tot = 1224
	max = 12
1631 [0, 32142]: LABEL
	tot = 1998
	max = 16
1669 [0, 32110]: LABEL
	tot = 3039
	max = 34
1729 [0, 32077]: LABEL
	tot = 5309
	max = 78
1821 [0, 32045]: LABEL
	tot = 8656
	max = 162
1958 [31718, 32013]: LABEL
	tot = 13897
	max = 292
2162 [31718, 31981]: LABEL
	tot = 21625
	max = 471
2314 [31718, 31981]: LP
	bnd = 32271.035156
	its = 7
	hyp = 127 / 420
	cut = 7
2541 [31718, 31949]: LABEL
	tot = 35283
	max = 835
3009 [31925, 31925]: LABEL
	tot = 52458
	max = 1376
