hypergraph with 19626 vertices and 1136068 hyperarcs generated in 833
984 [0, 32319]: LP
	bnd = 32319.662109
	its = 10
	hyp = 92 / 144
	cut = 0
990 [0, 32319]: HEURISTIC 3
995 [0, 32319]: LABEL
	tot = 148
	max = 1
1000 [0, 32287]: LABEL
	tot = 309
	max = 4
1009 [0, 32255]: LABEL
	tot = 524
	max = 8
1022 [0, 32222]: LABEL
	tot = 836
	max = 10
1037 [0, 32190]: LABEL
	tot = 947
	max = 11
1062 [0, 32158]: LABEL
	tot = 1556
	max = 12
1103 [32121, 32126]: LABEL
	tot = 2743
	max = 16
1151 [32121, 32121]: LABEL
	tot = 3061
	max = 16
