hypergraph with 18586 vertices and 1010231 hyperarcs generated in 494
1062 [0, 30943]: LP
	bnd = 30943.353516
	its = 14
	hyp = 138 / 218
	cut = 0
1068 [0, 30943]: HEURISTIC 3
1074 [0, 30943]: LABEL
	tot = 226
	max = 1
1081 [0, 30912]: LABEL
	tot = 411
	max = 1
1089 [0, 30881]: LABEL
	tot = 533
	max = 2
1101 [0, 30850]: LABEL
	tot = 791
	max = 3
1118 [0, 30819]: LABEL
	tot = 1292
	max = 7
1143 [0, 30788]: LABEL
	tot = 1842
	max = 10
1175 [0, 30758]: LABEL
	tot = 2477
	max = 16
1219 [0, 30727]: LABEL
	tot = 3723
	max = 23
1283 [0, 30696]: LABEL
	tot = 5388
	max = 36
1391 [0, 30665]: LABEL
	tot = 8098
	max = 61
1521 [30382, 30635]: LABEL
	tot = 11035
	max = 81
1706 [30382, 30604]: LABEL
	tot = 15633
	max = 131
1956 [30382, 30574]: LABEL
	tot = 22536
	max = 198
2165 [30382, 30574]: LP
	bnd = 30943.353516
	its = 13
	hyp = 148 / 501
	cut = 7
2281 [30382, 30543]: LABEL
	tot = 31387
	max = 284
2727 [30389, 30512]: LABEL
	tot = 44488
	max = 417
2984 [30389, 30512]: LP
	bnd = 30938.085938
	its = 9
	hyp = 186 / 595
	cut = 14
3328 [30480, 30482]: LABEL
	tot = 62340
	max = 600
3972 [30480, 30480]: LABEL
	tot = 66188
	max = 651
