hypergraph with 17918 vertices and 880141 hyperarcs generated in 482
883 [0, 30596]: LP
	bnd = 30596.660156
	its = 12
	hyp = 113 / 192
	cut = 0
887 [0, 30596]: HEURISTIC 3
890 [0, 30596]: LABEL
	tot = 167
	max = 1
894 [0, 30566]: LABEL
	tot = 236
	max = 2
898 [0, 30535]: LABEL
	tot = 245
	max = 2
902 [0, 30504]: LABEL
	tot = 290
	max = 2
906 [0, 30474]: LABEL
	tot = 341
	max = 2
912 [30183, 30443]: LABEL
	tot = 457
	max = 2
921 [30183, 30413]: LABEL
	tot = 690
	max = 4
934 [30183, 30383]: LABEL
	tot = 1108
	max = 6
954 [30183, 30352]: LABEL
	tot = 1662
	max = 8
977 [30286, 30322]: LABEL
	tot = 1911
	max = 13
1004 [30286, 30292]: LABEL
	tot = 2193
	max = 14
1033 [30286, 30286]: LABEL
	tot = 2277
	max = 14
