hypergraph with 18926 vertices and 1030814 hyperarcs generated in 544
1367 [0, 30014]: LP
	bnd = 30014.371094
	its = 20
	hyp = 93 / 285
	cut = 0
1373 [0, 30014]: HEURISTIC 3
1378 [0, 30014]: HEURISTIC 9
1383 [0, 30014]: LABEL
	tot = 236
	max = 4
1393 [0, 29984]: LABEL
	tot = 650
	max = 8
1410 [0, 29954]: LABEL
	tot = 1260
	max = 12
1441 [29112, 29924]: LABEL
	tot = 2560
	max = 22
1500 [29112, 29894]: LABEL
	tot = 4946
	max = 46
1607 [29112, 29864]: LABEL
	tot = 10459
	max = 97
1799 [29112, 29834]: LABEL
	tot = 20222
	max = 196
1906 [29112, 29834]: LP
	bnd = 30014.371094
	its = 6
	hyp = 100 / 499
	cut = 7
2152 [29112, 29804]: LABEL
	tot = 40331
	max = 409
2793 [29112, 29804]: LP
	bnd = 30005.656250
	its = 11
	hyp = 128 / 651
	cut = 14
2797 [29112, 29775]: LABEL
	tot = 78370
	max = 879
3964 [29254, 29745]: LABEL
	tot = 134468
	max = 1709
4000 [29254, 29745]: LP
	bnd = 29998.574219
	its = 15
	hyp = 138 / 801
	cut = 21
4625 [29254, 29745]: LP
	bnd = 29994.226562
	its = 7
	hyp = 149 / 845
	cut = 28
5670 [29254, 29745]: LP
	bnd = 29991.236328
	its = 13
	hyp = 227 / 941
	cut = 35
5914 [29254, 29715]: LABEL
	tot = 253472
	max = 3533
6532 [29254, 29715]: LP
	bnd = 29984.781250
	its = 10
	hyp = 207 / 1007
	cut = 42
7610 [29254, 29715]: LP
	bnd = 29977.619141
	its = 13
	hyp = 175 / 1084
	cut = 49
8672 [29414, 29685]: LABEL
	tot = 369902
	max = 4890
8782 [29414, 29685]: LP
	bnd = 29965.634766
	its = 14
	hyp = 168 / 1197
	cut = 56
9807 [29414, 29685]: LP
	bnd = 29958.822266
	its = 12
	hyp = 213 / 1255
	cut = 63
	restart
11069 [29414, 29685]: LP
	bnd = 29954.238281
	its = 15
	hyp = 213 / 1324
	cut = 70
11738 [29414, 29656]: LABEL
	tot = 261235
	max = 1594
12431 [29414, 29656]: LP
	bnd = 29944.412109
	its = 16
	hyp = 239 / 1411
	cut = 77
13945 [29414, 29656]: LP
	bnd = 29932.796875
	its = 18
	hyp = 304 / 1529
	cut = 84
	restart
15863 [29414, 29656]: LP
	bnd = 29928.433594
	its = 23
	hyp = 339 / 1653
	cut = 91
16905 [29414, 29656]: LP
	bnd = 29925.367188
	its = 11
	hyp = 342 / 1698
	cut = 98
16958 [29414, 29626]: LABEL
	tot = 421294
	max = 1864
18193 [29414, 29626]: LP
	bnd = 29923.875000
	its = 14
	hyp = 418 / 1783
	cut = 105
20219 [29414, 29626]: LP
	bnd = 29922.818359
	its = 23
	hyp = 370 / 1933
	cut = 112
22326 [29414, 29626]: LP
	bnd = 29919.730469
	its = 23
	hyp = 305 / 2038
	cut = 119
22787 [29414, 29596]: LABEL
	tot = 825665
	max = 3328
24221 [29414, 29596]: LP
	bnd = 29916.095703
	its = 20
	hyp = 369 / 2162
	cut = 126
25936 [29414, 29596]: LP
	bnd = 29913.744141
	its = 16
	hyp = 279 / 2249
	cut = 134
27512 [29414, 29596]: LP
	bnd = 29910.500000
	its = 16
	hyp = 444 / 2345
	cut = 142
29422 [29414, 29596]: LP
	bnd = 29908.373047
	its = 19
	hyp = 402 / 2426
	cut = 150
31528 [29414, 29596]: LP
	bnd = 29904.953125
	its = 21
	hyp = 398 / 2529
	cut = 158
32789 [29414, 29567]: LABEL
	tot = 1392178
	max = 6719
34940 [29414, 29567]: LP
	bnd = 29901.523438
	its = 32
	hyp = 381 / 2700
	cut = 166
36750 [29414, 29567]: LP
	bnd = 29899.492188
	its = 15
	hyp = 459 / 2767
	cut = 174
40569 [29414, 29567]: LP
	bnd = 29896.460938
	its = 32
	hyp = 372 / 2928
	cut = 182
42481 [29414, 29567]: LP
	bnd = 29894.472656
	its = 18
	hyp = 449 / 3003
	cut = 190
43948 [29414, 29567]: LP
	bnd = 29890.847656
	its = 12
	hyp = 475 / 3067
	cut = 198
46452 [29414, 29567]: LP
	bnd = 29888.025391
	its = 21
	hyp = 517 / 3180
	cut = 206
	restart
50390 [29414, 29567]: LP
	bnd = 29886.576172
	its = 29
	hyp = 391 / 3331
	cut = 215
52684 [29414, 29567]: LP
	bnd = 29884.460938
	its = 19
	hyp = 619 / 3408
	cut = 224
56430 [29414, 29567]: LP
	bnd = 29881.132812
	its = 31
	hyp = 562 / 3555
	cut = 233
60162 [29414, 29567]: LP
	bnd = 29878.158203
	its = 30
	hyp = 527 / 3729
	cut = 242
61577 [29414, 29537]: LABEL
	tot = 2066734
	max = 7082
64310 [29414, 29537]: LP
	bnd = 29876.078125
	its = 33
	hyp = 649 / 3854
	cut = 251
68125 [29414, 29537]: LP
	bnd = 29874.921875
	its = 28
	hyp = 699 / 3960
	cut = 260
72161 [29414, 29537]: LP
	bnd = 29871.826172
	its = 29
	hyp = 667 / 4100
	cut = 269
77905 [29414, 29537]: LP
	bnd = 29869.429688
	its = 38
	hyp = 662 / 4297
	cut = 278
81168 [29414, 29537]: LP
	bnd = 29867.968750
	its = 22
	hyp = 696 / 4408
	cut = 287
86313 [29414, 29537]: LP
	bnd = 29865.375000
	its = 38
	hyp = 697 / 4601
	cut = 296
88307 [29446, 29508]: LABEL
	tot = 3457232
	max = 12316
90082 [29446, 29508]: LP
	bnd = 29863.890625
	its = 25
	hyp = 656 / 4706
	cut = 305
95187 [29446, 29508]: LP
	bnd = 29861.492188
	its = 31
	hyp = 782 / 4850
	cut = 314
101359 [29446, 29508]: LP
	bnd = 29859.728516
	its = 39
	hyp = 806 / 5026
	cut = 323
108525 [29446, 29508]: LP
	bnd = 29858.011719
	its = 40
	hyp = 761 / 5244
	cut = 332
114002 [29446, 29508]: LP
	bnd = 29856.732422
	its = 34
	hyp = 809 / 5396
	cut = 341
121131 [29446, 29508]: LP
	bnd = 29854.437500
	its = 40
	hyp = 747 / 5579
	cut = 350
127770 [29446, 29508]: LP
	bnd = 29853.056641
	its = 38
	hyp = 778 / 5751
	cut = 359
134163 [29446, 29508]: LP
	bnd = 29851.613281
	its = 26
	hyp = 622 / 5869
	cut = 368
135678 [29446, 29478]: LABEL
	tot = 5608588
	max = 20196
137885 [29446, 29478]: LP
	bnd = 29850.181641
	its = 20
	hyp = 835 / 5958
	cut = 377
147195 [29446, 29478]: LP
	bnd = 29848.388672
	its = 47
	hyp = 894 / 6187
	cut = 386
153217 [29446, 29478]: LP
	bnd = 29846.726562
	its = 30
	hyp = 809 / 6309
	cut = 395
162754 [29446, 29478]: LP
	bnd = 29845.042969
	its = 41
	hyp = 888 / 6500
	cut = 404
171848 [29446, 29478]: LP
	bnd = 29843.734375
	its = 49
	hyp = 899 / 6688
	cut = 413
180165 [29446, 29478]: LP
	bnd = 29842.546875
	its = 37
	hyp = 918 / 6829
	cut = 422
188407 [29446, 29478]: LP
	bnd = 29840.757812
	its = 31
	hyp = 890 / 6949
	cut = 431
198263 [29446, 29478]: LP
	bnd = 29838.720703
	its = 35
	hyp = 889 / 7106
	cut = 440
206386 [29446, 29478]: LP
	bnd = 29837.429688
	its = 33
	hyp = 920 / 7258
	cut = 449
214301 [29446, 29449]: LABEL
	tot = 8453051
	max = 30676
216513 [29446, 29449]: LP
	bnd = 29835.574219
	its = 38
	hyp = 838 / 7416
	cut = 458
228518 [29446, 29449]: LP
	bnd = 29833.750000
	its = 42
	hyp = 966 / 7604
	cut = 467
236123 [29446, 29449]: LP
	bnd = 29832.562500
	its = 28
	hyp = 943 / 7730
	cut = 476
250009 [29446, 29449]: LP
	bnd = 29830.636719
	its = 48
	hyp = 1018 / 7931
	cut = 485
259606 [29446, 29449]: LP
	bnd = 29828.880859
	its = 38
	hyp = 1010 / 8088
	cut = 494
276098 [29446, 29449]: LP
	bnd = 29826.855469
	its = 58
	hyp = 1107 / 8347
	cut = 503
289039 [29446, 29449]: LP
	bnd = 29825.335938
	its = 43
	hyp = 1050 / 8504
	cut = 512
291037 [29446, 29446]: LABEL
	tot = 8272727
	max = 26671
