hypergraph with 55886 vertices and 5798857 hyperarcs generated in 1592
15698 [0, 69789]: LP
	bnd = 69789.718750
	its = 58
	hyp = 358 / 1643
	cut = 0
15804 [0, 69789]: HEURISTIC 3
15904 [0, 69789]: HEURISTIC 9
16005 [0, 69789]: LABEL
	tot = 1227
	max = 4
24214 [0, 69789]: LP
	bnd = 69789.718750
	its = 22
	hyp = 434 / 2252
	cut = 17
33798 [0, 69719]: LABEL
	tot = 854885
	max = 731
34855 [0, 69719]: LP
	bnd = 69789.718750
	its = 29
	hyp = 484 / 2675
	cut = 34
45862 [0, 69719]: LP
	bnd = 69789.539062
	its = 30
	hyp = 525 / 3107
	cut = 51
60214 [0, 69719]: LP
	bnd = 69789.398438
	its = 40
	hyp = 641 / 3493
	cut = 68
72257 [0, 69719]: LP
	bnd = 69788.820312
	its = 32
	hyp = 594 / 3748
	cut = 85
86587 [0, 69719]: LP
	bnd = 69788.046875
	its = 37
	hyp = 688 / 4070
	cut = 102
99593 [0, 69719]: LP
	bnd = 69786.789062
	its = 33
	hyp = 688 / 4340
	cut = 119
110513 [0, 69719]: LP
	bnd = 69784.718750
	its = 26
	hyp = 624 / 4590
	cut = 136
129248 [0, 69719]: LP
	bnd = 69783.671875
	its = 47
	hyp = 654 / 4971
	cut = 153
148944 [0, 69719]: LP
	bnd = 69783.023438
	its = 49
	hyp = 791 / 5368
	cut = 170
165393 [0, 69719]: LP
	bnd = 69781.992188
	its = 39
	hyp = 815 / 5603
	cut = 187
181976 [0, 69719]: LP
	bnd = 69781.359375
	its = 39
	hyp = 875 / 5800
	cut = 204
206679 [0, 69719]: LP
	bnd = 69780.828125
	its = 54
	hyp = 965 / 6271
	cut = 221
227555 [0, 69719]: LP
	bnd = 69779.843750
	its = 44
	hyp = 892 / 6582
	cut = 238
246855 [0, 69719]: LP
	bnd = 69779.164062
	its = 40
	hyp = 901 / 6793
	cut = 255
271655 [0, 69719]: LP
	bnd = 69778.265625
	its = 51
	hyp = 969 / 7124
	cut = 272
297669 [0, 69719]: LP
	bnd = 69777.187500
	its = 51
	hyp = 970 / 7386
	cut = 289
323260 [0, 69719]: LP
	bnd = 69776.125000
	its = 51
	hyp = 984 / 7667
	cut = 306
348618 [0, 69719]: LP
	bnd = 69775.421875
	its = 48
	hyp = 1030 / 7873
	cut = 323
380681 [0, 69719]: LP
	bnd = 69774.578125
	its = 60
	hyp = 1080 / 8215
	cut = 340
408371 [0, 69719]: LP
	bnd = 69774.109375
	its = 51
	hyp = 1136 / 8438
	cut = 357
436841 [0, 69719]: LP
	bnd = 69773.406250
	its = 52
	hyp = 1142 / 8677
	cut = 374
470654 [0, 69719]: LP
	bnd = 69773.000000
	its = 59
	hyp = 1232 / 8982
	cut = 391
498575 [0, 69719]: LP
	bnd = 69772.656250
	its = 50
	hyp = 1389 / 9178
	cut = 408
533340 [0, 69719]: LP
	bnd = 69772.312500
	its = 55
	hyp = 1362 / 9455
	cut = 425
566892 [0, 69719]: LP
	bnd = 69771.992188
	its = 54
	hyp = 1272 / 9722
	cut = 442
600000 [0, 69719]: LP
	bnd = 69771.695312
	its = 53
	hyp = 1398 / 9935
	cut = 459
633024 [0, 69719]: LP
	bnd = 69771.335938
	its = 49
	hyp = 1319 / 10145
	cut = 476
667800 [0, 69719]: LP
	bnd = 69771.000000
	its = 51
	hyp = 1339 / 10363
	cut = 493
697378 [0, 69719]: LP
	bnd = 69770.578125
	its = 44
	hyp = 1337 / 10552
	cut = 510
736773 [0, 69719]: LP
	bnd = 69770.093750
	its = 58
	hyp = 1480 / 10823
	cut = 527
785410 [0, 69719]: LP
	bnd = 69769.734375
	its = 68
	hyp = 1455 / 11100
	cut = 544
828621 [0, 69719]: LP
	bnd = 69769.429688
	its = 60
	hyp = 1473 / 11417
	cut = 561
882277 [0, 69719]: LP
	bnd = 69769.031250
	its = 72
	hyp = 1544 / 11679
	cut = 578
927470 [0, 69719]: LP
	bnd = 69768.726562
	its = 62
	hyp = 1569 / 11959
	cut = 595
967135 [0, 69719]: LP
	bnd = 69768.460938
	its = 51
	hyp = 1548 / 12180
	cut = 612
1028857 [0, 69719]: LP
	bnd = 69768.031250
	its = 73
	hyp = 1704 / 12489
	cut = 629
1079732 [0, 69719]: LP
	bnd = 69767.804688
	its = 61
	hyp = 1672 / 12740
	cut = 646
1136233 [0, 69719]: LP
	bnd = 69767.593750
	its = 66
	hyp = 1655 / 13058
	cut = 663
1197536 [0, 69719]: LP
	bnd = 69767.328125
	its = 70
	hyp = 1689 / 13334
	cut = 680
1247128 [0, 69719]: LP
	bnd = 69767.109375
	its = 56
	hyp = 1635 / 13560
	cut = 697
1293747 [0, 69719]: LP
	bnd = 69766.968750
	its = 48
	hyp = 1785 / 13769
	cut = 714
1357347 [0, 69719]: LP
	bnd = 69766.765625
	its = 68
	hyp = 1755 / 14048
	cut = 731
1409684 [0, 69719]: LP
	bnd = 69766.531250
	its = 57
	hyp = 1660 / 14269
	cut = 748
1466279 [0, 69719]: LP
	bnd = 69766.359375
	its = 59
	hyp = 1803 / 14498
	cut = 765
1524933 [0, 69719]: LP
	bnd = 69766.203125
	its = 60
	hyp = 1766 / 14711
	cut = 782
1596567 [0, 69719]: LP
	bnd = 69766.023438
	its = 74
	hyp = 1832 / 14980
	cut = 799
1657214 [0, 69719]: LP
	bnd = 69765.812500
	its = 56
	hyp = 1829 / 15172
	cut = 816
1730272 [0, 69719]: LP
	bnd = 69765.609375
	its = 65
	hyp = 1822 / 15445
	cut = 833
1801573 [0, 69719]: LP
	bnd = 69765.492188
	its = 65
	hyp = 1902 / 15688
	cut = 850
1874000 [0, 69719]: LP
	bnd = 69765.328125
	its = 63
	hyp = 1929 / 15939
	cut = 867
1944886 [0, 69719]: LP
	bnd = 69765.164062
	its = 58
	hyp = 1847 / 16185
	cut = 884
2027135 [0, 69719]: LP
	bnd = 69764.953125
	its = 68
	hyp = 1952 / 16420
	cut = 901
2100856 [0, 69719]: LP
	bnd = 69764.804688
	its = 58
	hyp = 1954 / 16667
	cut = 918
2168821 [0, 69719]: LP
	bnd = 69764.687500
	its = 54
	hyp = 1888 / 16858
	cut = 935
2271901 [0, 69719]: LP
	bnd = 69764.531250
	its = 82
	hyp = 1988 / 17180
	cut = 952
2371633 [0, 69719]: LP
	bnd = 69764.351562
	its = 74
	hyp = 1936 / 17517
	cut = 969
2451801 [0, 69719]: LP
	bnd = 69764.195312
	its = 58
	hyp = 2004 / 17758
	cut = 986
2555952 [0, 69719]: LP
	bnd = 69764.046875
	its = 74
	hyp = 1942 / 18087
	cut = 1003
2659472 [0, 69719]: LP
	bnd = 69763.906250
	its = 72
	hyp = 2003 / 18424
	cut = 1020
2754109 [0, 69719]: LP
	bnd = 69763.812500
	its = 72
	hyp = 2059 / 18703
	cut = 1037
2856905 [0, 69719]: LP
	bnd = 69763.671875
	its = 65
	hyp = 2121 / 18946
	cut = 1054
2965847 [0, 69719]: LP
	bnd = 69763.554688
	its = 72
	hyp = 2119 / 19252
	cut = 1071
3059086 [0, 69719]: LP
	bnd = 69763.453125
	its = 65
	hyp = 2233 / 19481
	cut = 1088
3167802 [0, 69719]: LP
	bnd = 69763.343750
	its = 69
	hyp = 2145 / 19724
	cut = 1105
3274973 [0, 69719]: LP
	bnd = 69763.234375
	its = 66
	hyp = 2195 / 19991
	cut = 1122
3385001 [0, 69719]: LP
	bnd = 69763.148438
	its = 69
	hyp = 2257 / 20249
	cut = 1139
3500888 [0, 69719]: LP
	bnd = 69763.031250
	its = 71
	hyp = 2205 / 20508
	cut = 1156
3610991 [0, 69719]: LP
	bnd = 69762.921875
	its = 61
	hyp = 2192 / 20726
	cut = 1173
3721457 [0, 69719]: LP
	bnd = 69762.859375
	its = 65
	hyp = 2277 / 20959
	cut = 1190
3831538 [0, 69719]: LP
	bnd = 69762.726562
	its = 58
	hyp = 2184 / 21132
	cut = 1207
3949582 [0, 69719]: LP
	bnd = 69762.632812
	its = 61
	hyp = 2256 / 21440
	cut = 1224
4076648 [0, 69719]: LP
	bnd = 69762.531250
	its = 64
	hyp = 2237 / 21691
	cut = 1241
4184794 [0, 69719]: LP
	bnd = 69762.437500
	its = 55
	hyp = 2258 / 21918
	cut = 1258
4252445 [0, 69650]: LABEL
	tot = 107914321
	max = 95557
4299193 [0, 69650]: LP
	bnd = 69762.351562
	its = 57
	hyp = 2207 / 22137
	cut = 1275
4438872 [0, 69650]: LP
	bnd = 69762.257812
	its = 63
	hyp = 2367 / 22396
	cut = 1292
4612494 [0, 69650]: LP
	bnd = 69762.179688
	its = 75
	hyp = 2334 / 22667
	cut = 1309
4742031 [0, 69650]: LP
	bnd = 69762.109375
	its = 59
	hyp = 2301 / 22875
	cut = 1326
4896792 [0, 69650]: LP
	bnd = 69762.000000
	its = 67
	hyp = 2367 / 23150
	cut = 1343
5060846 [0, 69650]: LP
	bnd = 69761.921875
	its = 80
	hyp = 2433 / 23454
	cut = 1360
5179836 [0, 69650]: LP
	bnd = 69761.867188
	its = 51
	hyp = 2472 / 23621
	cut = 1377
5310347 [0, 69650]: LP
	bnd = 69761.781250
	its = 55
	hyp = 2407 / 23829
	cut = 1394
5430587 [0, 69650]: LP
	bnd = 69761.703125
	its = 50
	hyp = 2259 / 24005
	cut = 1411
5586303 [0, 69650]: LP
	bnd = 69761.632812
	its = 61
	hyp = 2464 / 24243
	cut = 1428
5757868 [0, 69650]: LP
	bnd = 69761.539062
	its = 75
	hyp = 2490 / 24521
	cut = 1445
5944505 [0, 69650]: LP
	bnd = 69761.468750
	its = 73
	hyp = 2507 / 24755
	cut = 1462
6117452 [0, 69650]: LP
	bnd = 69761.390625
	its = 66
	hyp = 2362 / 24994
	cut = 1479
6258933 [0, 69650]: LP
	bnd = 69761.335938
	its = 54
	hyp = 2365 / 25160
	cut = 1496
6410864 [0, 69650]: LP
	bnd = 69761.281250
	its = 58
	hyp = 2452 / 25394
	cut = 1513
6597524 [0, 69650]: LP
	bnd = 69761.226562
	its = 72
	hyp = 2572 / 25632
	cut = 1530
6765891 [0, 69650]: LP
	bnd = 69761.156250
	its = 60
	hyp = 2523 / 25851
	cut = 1547
6975601 [0, 69650]: LP
	bnd = 69761.062500
	its = 73
	hyp = 2475 / 26125
	cut = 1564
7175152 [0, 69650]: LP
	bnd = 69761.000000
	its = 74
	hyp = 2649 / 26343
	cut = 1581
