hypergraph with 55902 vertices and 5605542 hyperarcs generated in 1576
15638 [0, 78643]: LP
	bnd = 78643.781250
	its = 59
	hyp = 298 / 1333
	cut = 0
15648 [0, 78643]: HEURISTIC 3
15655 [0, 78643]: LABEL
	tot = 165
	max = 1
15970 [0, 78565]: LABEL
	tot = 14094
	max = 54
19484 [0, 78565]: LP
	bnd = 78643.781250
	its = 10
	hyp = 309 / 1562
	cut = 13
19543 [0, 78486]: LABEL
	tot = 347041
	max = 1169
25701 [0, 78486]: LP
	bnd = 78643.093750
	its = 18
	hyp = 380 / 1779
	cut = 26
34865 [0, 78486]: LP
	bnd = 78636.875000
	its = 27
	hyp = 428 / 2264
	cut = 40
40805 [0, 78486]: LP
	bnd = 78636.859375
	its = 16
	hyp = 474 / 2413
	cut = 54
47492 [0, 78486]: LP
	bnd = 78636.234375
	its = 18
	hyp = 479 / 2556
	cut = 68
58787 [0, 78486]: LP
	bnd = 78632.375000
	its = 32
	hyp = 510 / 2801
	cut = 82
66922 [0, 78486]: LP
	bnd = 78631.835938
	its = 22
	hyp = 550 / 2973
	cut = 96
77311 [77615, 78408]: LABEL
	tot = 6197558
	max = 15579
78268 [77615, 78408]: LP
	bnd = 78630.984375
	its = 31
	hyp = 558 / 3175
	cut = 110
87718 [77615, 78408]: LP
	bnd = 78628.679688
	its = 25
	hyp = 571 / 3343
	cut = 124
99466 [77615, 78408]: LP
	bnd = 78627.500000
	its = 32
	hyp = 566 / 3631
	cut = 138
109373 [77615, 78408]: LP
	bnd = 78625.148438
	its = 26
	hyp = 525 / 3790
	cut = 152
119467 [77615, 78408]: LP
	bnd = 78623.031250
	its = 26
	hyp = 644 / 3930
	cut = 166
130345 [77615, 78408]: LP
	bnd = 78622.093750
	its = 28
	hyp = 719 / 4089
	cut = 180
141956 [77615, 78408]: LP
	bnd = 78618.843750
	its = 30
	hyp = 617 / 4256
	cut = 194
153494 [77615, 78408]: LP
	bnd = 78617.750000
	its = 29
	hyp = 716 / 4429
	cut = 208
166205 [77615, 78408]: LP
	bnd = 78616.460938
	its = 32
	hyp = 728 / 4603
	cut = 222
178080 [77615, 78408]: LP
	bnd = 78615.437500
	its = 29
	hyp = 737 / 4772
	cut = 236
189765 [77615, 78408]: LP
	bnd = 78614.812500
	its = 28
	hyp = 723 / 4971
	cut = 250
202994 [77615, 78408]: LP
	bnd = 78614.023438
	its = 31
	hyp = 760 / 5158
	cut = 264
214999 [77615, 78408]: LP
	bnd = 78613.625000
	its = 28
	hyp = 810 / 5276
	cut = 278
230845 [77615, 78408]: LP
	bnd = 78612.640625
	its = 38
	hyp = 885 / 5515
	cut = 292
248164 [77615, 78408]: LP
	bnd = 78611.953125
	its = 41
	hyp = 943 / 5720
	cut = 306
263167 [77615, 78408]: LP
	bnd = 78610.929688
	its = 34
	hyp = 903 / 5873
	cut = 320
281863 [77615, 78408]: LP
	bnd = 78610.187500
	its = 41
	hyp = 960 / 6056
	cut = 334
301568 [77615, 78408]: LP
	bnd = 78609.125000
	its = 44
	hyp = 1004 / 6289
	cut = 348
318244 [77615, 78408]: LP
	bnd = 78608.507812
	its = 36
	hyp = 908 / 6504
	cut = 362
333895 [77615, 78408]: LP
	bnd = 78607.875000
	its = 31
	hyp = 1020 / 6676
	cut = 376
356944 [77615, 78408]: LP
	bnd = 78607.203125
	its = 47
	hyp = 1003 / 6902
	cut = 390
377491 [77615, 78408]: LP
	bnd = 78606.679688
	its = 42
	hyp = 1035 / 7099
	cut = 404
398979 [77615, 78408]: LP
	bnd = 78606.218750
	its = 43
	hyp = 1042 / 7274
	cut = 418
417685 [77615, 78408]: LP
	bnd = 78605.625000
	its = 36
	hyp = 1041 / 7445
	cut = 432
437091 [77615, 78408]: LP
	bnd = 78604.992188
	its = 37
	hyp = 1086 / 7605
	cut = 446
453239 [77615, 78408]: LP
	bnd = 78604.554688
	its = 29
	hyp = 1063 / 7727
	cut = 460
480974 [77615, 78408]: LP
	bnd = 78603.960938
	its = 49
	hyp = 1155 / 7982
	cut = 474
504877 [77615, 78408]: LP
	bnd = 78603.570312
	its = 41
	hyp = 1119 / 8140
	cut = 488
527414 [77615, 78408]: LP
	bnd = 78603.039062
	its = 39
	hyp = 1150 / 8290
	cut = 502
558448 [77615, 78408]: LP
	bnd = 78602.468750
	its = 55
	hyp = 1187 / 8574
	cut = 516
583463 [77615, 78408]: LP
	bnd = 78602.015625
	its = 44
	hyp = 1239 / 8787
	cut = 530
606164 [77615, 78408]: LP
	bnd = 78601.578125
	its = 38
	hyp = 1209 / 8947
	cut = 544
629517 [77615, 78408]: LP
	bnd = 78601.203125
	its = 37
	hyp = 1259 / 9106
	cut = 558
662040 [77615, 78408]: LP
	bnd = 78600.859375
	its = 49
	hyp = 1274 / 9331
	cut = 572
687566 [77615, 78408]: LP
	bnd = 78600.359375
	its = 39
	hyp = 1260 / 9475
	cut = 586
718992 [77615, 78408]: LP
	bnd = 78599.882812
	its = 50
	hyp = 1335 / 9663
	cut = 601
750095 [77615, 78408]: LP
	bnd = 78599.335938
	its = 43
	hyp = 1306 / 9848
	cut = 616
786028 [77615, 78408]: LP
	bnd = 78598.875000
	its = 49
	hyp = 1350 / 10112
	cut = 631
819294 [77615, 78408]: LP
	bnd = 78598.367188
	its = 46
	hyp = 1350 / 10327
	cut = 646
861372 [77615, 78408]: LP
	bnd = 78597.500000
	its = 55
	hyp = 1366 / 10581
	cut = 661
904269 [77615, 78408]: LP
	bnd = 78597.109375
	its = 60
	hyp = 1472 / 10830
	cut = 676
944731 [77615, 78408]: LP
	bnd = 78596.531250
	its = 52
	hyp = 1379 / 11043
	cut = 691
981732 [77615, 78408]: LP
	bnd = 78596.164062
	its = 44
	hyp = 1454 / 11230
	cut = 706
1031826 [77615, 78408]: LP
	bnd = 78595.703125
	its = 59
	hyp = 1427 / 11461
	cut = 721
1079086 [77615, 78408]: LP
	bnd = 78595.164062
	its = 56
	hyp = 1452 / 11686
	cut = 736
1124592 [77615, 78408]: LP
	bnd = 78594.734375
	its = 50
	hyp = 1516 / 11997
	cut = 751
1170313 [77615, 78408]: LP
	bnd = 78594.265625
	its = 53
	hyp = 1493 / 12203
	cut = 766
1211799 [77615, 78408]: LP
	bnd = 78593.835938
	its = 48
	hyp = 1572 / 12400
	cut = 781
1266352 [77615, 78408]: LP
	bnd = 78593.414062
	its = 62
	hyp = 1597 / 12678
	cut = 796
1315647 [77615, 78408]: LP
	bnd = 78592.968750
	its = 50
	hyp = 1671 / 12913
	cut = 811
1376355 [77615, 78408]: LP
	bnd = 78592.554688
	its = 62
	hyp = 1613 / 13126
	cut = 826
1431713 [77775, 78329]: LABEL
	tot = 71007356
	max = 127047
1436899 [77775, 78329]: LP
	bnd = 78592.148438
	its = 54
	hyp = 1580 / 13358
	cut = 841
1513431 [77775, 78329]: LP
	bnd = 78591.750000
	its = 72
	hyp = 1739 / 13632
	cut = 856
1566372 [77775, 78329]: LP
	bnd = 78591.367188
	its = 50
	hyp = 1648 / 13833
	cut = 871
1616928 [77775, 78329]: LP
	bnd = 78591.046875
	its = 47
	hyp = 1642 / 14023
	cut = 886
1683079 [77775, 78329]: LP
	bnd = 78590.648438
	its = 62
	hyp = 1758 / 14296
	cut = 901
1748755 [77775, 78329]: LP
	bnd = 78590.273438
	its = 62
	hyp = 1774 / 14543
	cut = 916
1807930 [77775, 78329]: LP
	bnd = 78589.875000
	its = 48
	hyp = 1751 / 14742
	cut = 931
1879242 [77775, 78329]: LP
	bnd = 78589.460938
	its = 63
	hyp = 1860 / 15007
	cut = 946
1949458 [77775, 78329]: LP
	bnd = 78589.187500
	its = 57
	hyp = 1870 / 15205
	cut = 961
2005735 [77775, 78329]: LP
	bnd = 78588.898438
	its = 44
	hyp = 1784 / 15358
	cut = 976
2077754 [77775, 78329]: LP
	bnd = 78588.500000
	its = 57
	hyp = 1865 / 15609
	cut = 991
2159299 [77775, 78329]: LP
	bnd = 78588.164062
	its = 61
	hyp = 1872 / 15867
	cut = 1006
2251382 [77775, 78329]: LP
	bnd = 78587.890625
	its = 76
	hyp = 1969 / 16117
	cut = 1021
2316299 [77775, 78329]: LP
	bnd = 78587.625000
	its = 47
	hyp = 1905 / 16306
	cut = 1036
2385786 [77775, 78329]: LP
	bnd = 78587.375000
	its = 52
	hyp = 1914 / 16483
	cut = 1051
2485874 [77775, 78329]: LP
	bnd = 78586.937500
	its = 69
	hyp = 1954 / 16723
	cut = 1066
2559004 [77775, 78329]: LP
	bnd = 78586.625000
	its = 44
	hyp = 1995 / 16892
	cut = 1081
2665522 [77775, 78329]: LP
	bnd = 78586.234375
	its = 64
	hyp = 1977 / 17155
	cut = 1096
2751640 [77775, 78329]: LP
	bnd = 78586.000000
	its = 54
	hyp = 1997 / 17375
	cut = 1111
2851483 [77775, 78329]: LP
	bnd = 78585.687500
	its = 62
	hyp = 2068 / 17636
	cut = 1126
2965360 [77775, 78329]: LP
	bnd = 78585.335938
	its = 72
	hyp = 2048 / 17895
	cut = 1141
3083046 [77775, 78329]: LP
	bnd = 78585.109375
	its = 73
	hyp = 2066 / 18164
	cut = 1156
3204810 [77775, 78329]: LP
	bnd = 78584.796875
	its = 73
	hyp = 2037 / 18402
	cut = 1171
3315003 [77775, 78329]: LP
	bnd = 78584.515625
	its = 69
	hyp = 2188 / 18645
	cut = 1186
3419088 [77775, 78329]: LP
	bnd = 78584.234375
	its = 66
	hyp = 2039 / 18889
	cut = 1201
3533222 [77775, 78329]: LP
	bnd = 78583.976562
	its = 63
	hyp = 1991 / 19132
	cut = 1216
3653977 [77775, 78329]: LP
	bnd = 78583.710938
	its = 70
	hyp = 2143 / 19372
	cut = 1231
3777294 [77775, 78329]: LP
	bnd = 78583.468750
	its = 66
	hyp = 2102 / 19648
	cut = 1246
3867105 [77775, 78329]: LP
	bnd = 78583.296875
	its = 50
	hyp = 2175 / 19833
	cut = 1261
3989168 [77775, 78329]: LP
	bnd = 78583.039062
	its = 67
	hyp = 2132 / 20067
	cut = 1276
4118602 [77775, 78329]: LP
	bnd = 78582.804688
	its = 66
	hyp = 2191 / 20285
	cut = 1291
4239494 [77775, 78329]: LP
	bnd = 78582.593750
	its = 61
	hyp = 2250 / 20507
	cut = 1306
4382422 [77775, 78329]: LP
	bnd = 78582.367188
	its = 67
	hyp = 2186 / 20803
	cut = 1321
4494722 [77775, 78329]: LP
	bnd = 78582.156250
	its = 52
	hyp = 2226 / 20993
	cut = 1336
4641483 [77775, 78329]: LP
	bnd = 78581.796875
	its = 58
	hyp = 2239 / 21212
	cut = 1350
4779487 [77775, 78329]: LP
	bnd = 78581.539062
	its = 61
	hyp = 2253 / 21456
	cut = 1364
4932316 [77775, 78329]: LP
	bnd = 78581.250000
	its = 68
	hyp = 2235 / 21698
	cut = 1378
5069433 [77775, 78329]: LP
	bnd = 78581.031250
	its = 64
	hyp = 2397 / 21935
	cut = 1392
5229850 [77775, 78329]: LP
	bnd = 78580.843750
	its = 66
	hyp = 2279 / 22172
	cut = 1406
5375852 [77775, 78329]: LP
	bnd = 78580.656250
	its = 60
	hyp = 2323 / 22393
	cut = 1420
5539423 [77775, 78329]: LP
	bnd = 78580.414062
	its = 66
	hyp = 2368 / 22630
	cut = 1434
5692779 [77775, 78329]: LP
	bnd = 78580.195312
	its = 72
	hyp = 2455 / 22855
	cut = 1449
5882779 [77775, 78329]: LP
	bnd = 78580.039062
	its = 65
	hyp = 2389 / 23087
	cut = 1464
5974570 [77775, 78251]: LABEL
	tot = 181519435
	max = 285041
6088088 [77775, 78251]: LP
	bnd = 78579.890625
	its = 79
	hyp = 2513 / 23377
	cut = 1479
6245597 [77775, 78251]: LP
	bnd = 78579.695312
	its = 61
	hyp = 2475 / 23610
	cut = 1494
6450712 [77775, 78251]: LP
	bnd = 78579.531250
	its = 70
	hyp = 2561 / 23847
	cut = 1510
6662837 [77775, 78251]: LP
	bnd = 78579.304688
	its = 73
	hyp = 2447 / 24087
	cut = 1526
6872074 [77775, 78251]: LP
	bnd = 78579.140625
	its = 73
	hyp = 2526 / 24330
	cut = 1542
7004930 [77775, 78251]: LP
	bnd = 78578.929688
	its = 49
	hyp = 2467 / 24501
	cut = 1558
