hypergraph with 57626 vertices and 6210862 hyperarcs generated in 2429
16953 [0, 76117]: LP
	bnd = 76117.304688
	its = 57
	hyp = 343 / 1239
	cut = 0
16966 [0, 76117]: HEURISTIC 3
16975 [0, 76117]: LABEL
	tot = 358
	max = 3
17048 [0, 76041]: LABEL
	tot = 3964
	max = 18
17408 [0, 75965]: LABEL
	tot = 25199
	max = 110
19111 [0, 75889]: LABEL
	tot = 157645
	max = 647
25538 [0, 75889]: LP
	bnd = 76114.992188
	its = 23
	hyp = 391 / 1688
	cut = 13
28514 [0, 75813]: LABEL
	tot = 979305
	max = 7041
37153 [0, 75813]: LP
	bnd = 76089.140625
	its = 30
	hyp = 431 / 2067
	cut = 26
45554 [0, 75813]: LP
	bnd = 76085.585938
	its = 21
	hyp = 506 / 2286
	cut = 39
58830 [0, 75813]: LP
	bnd = 76081.601562
	its = 35
	hyp = 514 / 2593
	cut = 52
70453 [0, 75813]: LP
	bnd = 76078.335938
	its = 29
	hyp = 593 / 2816
	cut = 65
82965 [0, 75813]: LP
	bnd = 76065.773438
	its = 31
	hyp = 609 / 3086
	cut = 78
	restart
98545 [0, 75813]: LP
	bnd = 76059.375000
	its = 39
	hyp = 681 / 3420
	cut = 91
106347 [0, 75737]: LABEL
	tot = 2216529
	max = 7913
111592 [0, 75737]: LP
	bnd = 76048.101562
	its = 32
	hyp = 738 / 3668
	cut = 105
122679 [0, 75737]: LP
	bnd = 76041.515625
	its = 26
	hyp = 736 / 3866
	cut = 119
132032 [0, 75737]: LP
	bnd = 76037.242188
	its = 21
	hyp = 737 / 4018
	cut = 133
146163 [0, 75737]: LP
	bnd = 76028.429688
	its = 33
	hyp = 810 / 4367
	cut = 148
158970 [0, 75737]: LP
	bnd = 76024.953125
	its = 29
	hyp = 811 / 4616
	cut = 163
179995 [0, 75737]: LP
	bnd = 76017.843750
	its = 49
	hyp = 800 / 4997
	cut = 178
	restart
198135 [0, 75737]: LP
	bnd = 76012.234375
	its = 41
	hyp = 915 / 5292
	cut = 193
218673 [0, 75737]: LP
	bnd = 76004.718750
	its = 44
	hyp = 1131 / 5627
	cut = 208
242322 [0, 75737]: LP
	bnd = 75997.890625
	its = 51
	hyp = 1026 / 5952
	cut = 223
270037 [0, 75737]: LP
	bnd = 75993.031250
	its = 57
	hyp = 1212 / 6371
	cut = 238
277703 [75122, 75661]: LABEL
	tot = 7345407
	max = 27681
298395 [75122, 75661]: LP
	bnd = 75986.890625
	its = 56
	hyp = 1144 / 6722
	cut = 253
323403 [75122, 75661]: LP
	bnd = 75982.500000
	its = 50
	hyp = 1148 / 7036
	cut = 268
345969 [75122, 75661]: LP
	bnd = 75977.992188
	its = 43
	hyp = 1195 / 7291
	cut = 283
376562 [75122, 75661]: LP
	bnd = 75974.250000
	its = 56
	hyp = 1349 / 7617
	cut = 298
404765 [75122, 75661]: LP
	bnd = 75966.828125
	its = 51
	hyp = 1286 / 7899
	cut = 313
431806 [75122, 75661]: LP
	bnd = 75962.890625
	its = 49
	hyp = 1309 / 8163
	cut = 328
458470 [75122, 75661]: LP
	bnd = 75959.656250
	its = 45
	hyp = 1376 / 8417
	cut = 343
492077 [75122, 75661]: LP
	bnd = 75956.937500
	its = 54
	hyp = 1497 / 8728
	cut = 358
530350 [75122, 75661]: LP
	bnd = 75952.835938
	its = 62
	hyp = 1445 / 9042
	cut = 373
	restart
568097 [75122, 75661]: LP
	bnd = 75950.765625
	its = 58
	hyp = 1516 / 9311
	cut = 388
613578 [75122, 75661]: LP
	bnd = 75946.992188
	its = 70
	hyp = 1517 / 9675
	cut = 403
659446 [75122, 75661]: LP
	bnd = 75943.937500
	its = 71
	hyp = 1612 / 10056
	cut = 418
689474 [75122, 75661]: LP
	bnd = 75941.726562
	its = 45
	hyp = 1525 / 10271
	cut = 433
727055 [75122, 75661]: LP
	bnd = 75939.125000
	its = 54
	hyp = 1553 / 10565
	cut = 448
764211 [75122, 75661]: LP
	bnd = 75937.242188
	its = 54
	hyp = 1658 / 10863
	cut = 463
802309 [75122, 75661]: LP
	bnd = 75935.453125
	its = 54
	hyp = 1653 / 11181
	cut = 478
842809 [75122, 75661]: LP
	bnd = 75932.640625
	its = 56
	hyp = 1687 / 11493
	cut = 493
866073 [75408, 75586]: LABEL
	tot = 20258604
	max = 71181
889241 [75408, 75586]: LP
	bnd = 75930.351562
	its = 61
	hyp = 1785 / 11839
	cut = 508
929528 [75408, 75586]: LP
	bnd = 75928.023438
	its = 51
	hyp = 1631 / 12104
	cut = 523
977408 [75408, 75586]: LP
	bnd = 75926.257812
	its = 61
	hyp = 1788 / 12406
	cut = 538
1027072 [75408, 75586]: LP
	bnd = 75924.601562
	its = 61
	hyp = 1822 / 12714
	cut = 553
1072891 [75408, 75586]: LP
	bnd = 75922.750000
	its = 54
	hyp = 1785 / 12996
	cut = 568
1120810 [75408, 75586]: LP
	bnd = 75921.710938
	its = 57
	hyp = 1816 / 13266
	cut = 583
1170685 [75408, 75586]: LP
	bnd = 75920.226562
	its = 56
	hyp = 1823 / 13536
	cut = 598
1222683 [75408, 75586]: LP
	bnd = 75919.070312
	its = 60
	hyp = 1772 / 13781
	cut = 613
1270081 [75408, 75586]: LP
	bnd = 75917.406250
	its = 53
	hyp = 1757 / 13999
	cut = 628
1314332 [75408, 75586]: LP
	bnd = 75915.554688
	its = 47
	hyp = 1697 / 14228
	cut = 643
1359558 [75408, 75586]: LP
	bnd = 75914.601562
	its = 47
	hyp = 1666 / 14420
	cut = 658
1417853 [75408, 75586]: LP
	bnd = 75913.296875
	its = 63
	hyp = 1772 / 14726
	cut = 673
1470318 [75408, 75586]: LP
	bnd = 75912.132812
	its = 52
	hyp = 1844 / 14938
	cut = 688
1535440 [75408, 75586]: LP
	bnd = 75910.921875
	its = 64
	hyp = 1805 / 15238
	cut = 703
1599891 [75408, 75586]: LP
	bnd = 75909.851562
	its = 67
	hyp = 1943 / 15527
	cut = 718
1665966 [75408, 75586]: LP
	bnd = 75908.875000
	its = 64
	hyp = 2028 / 15812
	cut = 733
1735035 [75408, 75586]: LP
	bnd = 75907.718750
	its = 68
	hyp = 1969 / 16089
	cut = 748
1809825 [75408, 75586]: LP
	bnd = 75906.703125
	its = 73
	hyp = 2014 / 16394
	cut = 763
1868874 [75408, 75586]: LP
	bnd = 75906.031250
	its = 55
	hyp = 2064 / 16633
	cut = 778
1931254 [75408, 75586]: LP
	bnd = 75905.195312
	its = 51
	hyp = 1879 / 16871
	cut = 793
1995241 [75408, 75586]: LP
	bnd = 75904.421875
	its = 55
	hyp = 2138 / 17154
	cut = 808
2070313 [75408, 75586]: LP
	bnd = 75903.546875
	its = 64
	hyp = 2068 / 17461
	cut = 823
2148497 [75408, 75586]: LP
	bnd = 75902.695312
	its = 62
	hyp = 2100 / 17694
	cut = 838
2224668 [75408, 75586]: LP
	bnd = 75901.921875
	its = 59
	hyp = 2099 / 17992
	cut = 853
2325314 [75408, 75586]: LP
	bnd = 75901.000000
	its = 74
	hyp = 2010 / 18310
	cut = 868
2398930 [75408, 75586]: LP
	bnd = 75900.218750
	its = 60
	hyp = 2158 / 18535
	cut = 883
2496913 [75408, 75586]: LP
	bnd = 75899.476562
	its = 73
	hyp = 2239 / 18855
	cut = 898
2580694 [75408, 75586]: LP
	bnd = 75898.773438
	its = 60
	hyp = 2151 / 19091
	cut = 913
2669327 [75408, 75586]: LP
	bnd = 75897.742188
	its = 55
	hyp = 2201 / 19368
	cut = 928
2755615 [75408, 75586]: LP
	bnd = 75897.195312
	its = 58
	hyp = 2302 / 19599
	cut = 944
2861713 [75408, 75586]: LP
	bnd = 75896.585938
	its = 70
	hyp = 2321 / 19934
	cut = 960
2958465 [75408, 75586]: LP
	bnd = 75895.804688
	its = 61
	hyp = 2178 / 20218
	cut = 976
3055179 [75408, 75586]: LP
	bnd = 75895.304688
	its = 59
	hyp = 2307 / 20464
	cut = 992
3074562 [75493, 75510]: LABEL
	tot = 81585809
	max = 321031
3176429 [75493, 75510]: LP
	bnd = 75894.726562
	its = 70
	hyp = 2280 / 20788
	cut = 1008
3285270 [75493, 75510]: LP
	bnd = 75894.054688
	its = 64
	hyp = 2399 / 21089
	cut = 1024
3377342 [75493, 75510]: LP
	bnd = 75893.718750
	its = 55
	hyp = 2284 / 21355
	cut = 1040
3477420 [75493, 75510]: LP
	bnd = 75893.226562
	its = 62
	hyp = 2325 / 21598
	cut = 1057
3587688 [75493, 75510]: LP
	bnd = 75892.500000
	its = 62
	hyp = 2300 / 21808
	cut = 1074
3693993 [75493, 75510]: LP
	bnd = 75891.859375
	its = 57
	hyp = 2294 / 22034
	cut = 1090
3822233 [75493, 75510]: LP
	bnd = 75891.281250
	its = 66
	hyp = 2470 / 22323
	cut = 1106
3936911 [75493, 75510]: LP
	bnd = 75890.843750
	its = 65
	hyp = 2379 / 22603
	cut = 1122
4084105 [75493, 75510]: LP
	bnd = 75890.179688
	its = 73
	hyp = 2388 / 22920
	cut = 1137
4183078 [75493, 75510]: LP
	bnd = 75889.601562
	its = 51
	hyp = 2486 / 23121
	cut = 1153
4306273 [75493, 75510]: LP
	bnd = 75889.164062
	its = 63
	hyp = 2392 / 23392
	cut = 1169
4410762 [75493, 75510]: LP
	bnd = 75888.781250
	its = 53
	hyp = 2419 / 23622
	cut = 1186
4546242 [75493, 75510]: LP
	bnd = 75888.476562
	its = 66
	hyp = 2543 / 23978
	cut = 1203
4669654 [75493, 75510]: LP
	bnd = 75887.890625
	its = 57
	hyp = 2487 / 24234
	cut = 1220
4791327 [75493, 75510]: LP
	bnd = 75887.421875
	its = 52
	hyp = 2475 / 24454
	cut = 1237
4890753 [75495, 75495]: LABEL
	tot = 73150018
	max = 239921
