hypergraph with 58371 vertices and 6478414 hyperarcs generated in 2585
21543 [0, 82644]: LP
	bnd = 82644.664062
	its = 73
	hyp = 308 / 1611
	cut = 0
21555 [0, 82644]: HEURISTIC 3
21562 [0, 82644]: LABEL
	tot = 171
	max = 2
21744 [0, 82562]: LABEL
	tot = 6686
	max = 14
23542 [0, 82479]: LABEL
	tot = 116332
	max = 203
34217 [0, 82479]: LP
	bnd = 82629.000000
	its = 32
	hyp = 365 / 2240
	cut = 15
43909 [0, 82396]: LABEL
	tot = 1906295
	max = 3852
45439 [0, 82396]: LP
	bnd = 82614.625000
	its = 27
	hyp = 445 / 2617
	cut = 31
60141 [0, 82396]: LP
	bnd = 82601.734375
	its = 35
	hyp = 536 / 3073
	cut = 48
75282 [0, 82396]: LP
	bnd = 82597.078125
	its = 36
	hyp = 531 / 3416
	cut = 65
89094 [0, 82396]: LP
	bnd = 82590.312500
	its = 31
	hyp = 644 / 3622
	cut = 82
103795 [0, 82396]: LP
	bnd = 82586.820312
	its = 33
	hyp = 686 / 3875
	cut = 99
	restart
123487 [0, 82396]: LP
	bnd = 82582.835938
	its = 44
	hyp = 715 / 4237
	cut = 116
137866 [0, 82396]: LP
	bnd = 82576.796875
	its = 31
	hyp = 771 / 4473
	cut = 133
157690 [0, 82396]: LP
	bnd = 82569.703125
	its = 44
	hyp = 856 / 4759
	cut = 150
179915 [0, 82396]: LP
	bnd = 82565.289062
	its = 48
	hyp = 967 / 5168
	cut = 167
199979 [0, 82396]: LP
	bnd = 82562.164062
	its = 41
	hyp = 999 / 5462
	cut = 184
211320 [81356, 82314]: LABEL
	tot = 9551085
	max = 28413
222443 [81356, 82314]: LP
	bnd = 82559.546875
	its = 46
	hyp = 1137 / 5727
	cut = 201
246335 [81356, 82314]: LP
	bnd = 82556.015625
	its = 46
	hyp = 1074 / 6023
	cut = 218
271606 [81356, 82314]: LP
	bnd = 82553.343750
	its = 49
	hyp = 1104 / 6316
	cut = 235
297225 [81356, 82314]: LP
	bnd = 82550.664062
	its = 47
	hyp = 1176 / 6571
	cut = 252
334297 [81356, 82314]: LP
	bnd = 82546.671875
	its = 67
	hyp = 1276 / 7092
	cut = 269
375790 [81356, 82314]: LP
	bnd = 82543.265625
	its = 72
	hyp = 1296 / 7492
	cut = 286
411191 [81356, 82314]: LP
	bnd = 82541.007812
	its = 61
	hyp = 1361 / 7846
	cut = 303
445987 [81356, 82314]: LP
	bnd = 82539.429688
	its = 57
	hyp = 1290 / 8176
	cut = 320
487518 [81356, 82314]: LP
	bnd = 82537.734375
	its = 67
	hyp = 1399 / 8546
	cut = 337
523360 [81356, 82314]: LP
	bnd = 82536.218750
	its = 58
	hyp = 1413 / 8839
	cut = 354
572669 [81356, 82314]: LP
	bnd = 82534.710938
	its = 77
	hyp = 1551 / 9220
	cut = 371
618982 [81356, 82314]: LP
	bnd = 82532.992188
	its = 70
	hyp = 1518 / 9579
	cut = 388
662922 [81356, 82314]: LP
	bnd = 82531.875000
	its = 66
	hyp = 1465 / 9866
	cut = 405
705128 [81356, 82314]: LP
	bnd = 82530.609375
	its = 59
	hyp = 1533 / 10152
	cut = 422
751223 [81356, 82314]: LP
	bnd = 82528.992188
	its = 61
	hyp = 1495 / 10493
	cut = 440
799178 [81356, 82314]: LP
	bnd = 82527.921875
	its = 59
	hyp = 1599 / 10825
	cut = 459
856419 [81356, 82314]: LP
	bnd = 82526.250000
	its = 71
	hyp = 1624 / 11176
	cut = 478
919680 [81356, 82314]: LP
	bnd = 82525.132812
	its = 77
	hyp = 1638 / 11551
	cut = 497
986455 [81356, 82314]: LP
	bnd = 82523.882812
	its = 78
	hyp = 1749 / 11895
	cut = 516
1053086 [81356, 82314]: LP
	bnd = 82522.625000
	its = 79
	hyp = 1667 / 12231
	cut = 535
1130057 [81356, 82314]: LP
	bnd = 82521.171875
	its = 85
	hyp = 1823 / 12612
	cut = 554
1199744 [81356, 82314]: LP
	bnd = 82520.085938
	its = 78
	hyp = 1840 / 12942
	cut = 573
	restart
1257555 [81356, 82314]: LP
	bnd = 82519.101562
	its = 54
	hyp = 1840 / 13218
	cut = 592
1335561 [81356, 82314]: LP
	bnd = 82517.617188
	its = 78
	hyp = 1850 / 13624
	cut = 611
1418723 [81356, 82314]: LP
	bnd = 82516.742188
	its = 84
	hyp = 1908 / 14001
	cut = 630
1495846 [81356, 82314]: LP
	bnd = 82515.718750
	its = 77
	hyp = 1948 / 14318
	cut = 649
1562389 [81356, 82314]: LP
	bnd = 82515.023438
	its = 63
	hyp = 2001 / 14602
	cut = 668
1636197 [81356, 82314]: LP
	bnd = 82514.218750
	its = 74
	hyp = 1941 / 14918
	cut = 687
1707155 [81356, 82314]: LP
	bnd = 82513.703125
	its = 68
	hyp = 2081 / 15217
	cut = 706
1782353 [81356, 82314]: LP
	bnd = 82513.210938
	its = 68
	hyp = 2080 / 15529
	cut = 725
1854879 [81356, 82314]: LP
	bnd = 82512.609375
	its = 64
	hyp = 2058 / 15792
	cut = 744
1939316 [81356, 82314]: LP
	bnd = 82512.125000
	its = 72
	hyp = 2112 / 16091
	cut = 763
2014880 [81356, 82314]: LP
	bnd = 82511.515625
	its = 56
	hyp = 2014 / 16332
	cut = 782
2105173 [81356, 82314]: LP
	bnd = 82510.757812
	its = 71
	hyp = 2018 / 16580
	cut = 801
2185682 [81356, 82314]: LP
	bnd = 82510.187500
	its = 59
	hyp = 2112 / 16867
	cut = 820
2263898 [81356, 82314]: LP
	bnd = 82509.718750
	its = 58
	hyp = 2051 / 17114
	cut = 839
2377491 [81356, 82314]: LP
	bnd = 82508.992188
	its = 79
	hyp = 2135 / 17468
	cut = 858
2489795 [81356, 82314]: LP
	bnd = 82508.515625
	its = 77
	hyp = 2171 / 17780
	cut = 877
2594521 [81356, 82314]: LP
	bnd = 82508.101562
	its = 79
	hyp = 2156 / 18080
	cut = 896
2674533 [81825, 82232]: LABEL
	tot = 74397797
	max = 87899
2710200 [81825, 82232]: LP
	bnd = 82507.039062
	its = 76
	hyp = 2202 / 18374
	cut = 915
2824242 [81825, 82232]: LP
	bnd = 82506.648438
	its = 79
	hyp = 2291 / 18703
	cut = 934
2931140 [81825, 82232]: LP
	bnd = 82506.242188
	its = 71
	hyp = 2376 / 18982
	cut = 953
3042082 [81825, 82232]: LP
	bnd = 82505.890625
	its = 70
	hyp = 2372 / 19295
	cut = 972
3143448 [81825, 82232]: LP
	bnd = 82505.554688
	its = 64
	hyp = 2392 / 19537
	cut = 991
3247179 [81825, 82232]: LP
	bnd = 82505.257812
	its = 64
	hyp = 2343 / 19831
	cut = 1010
3369336 [81825, 82232]: LP
	bnd = 82504.898438
	its = 65
	hyp = 2325 / 20101
	cut = 1030
3491231 [81825, 82232]: LP
	bnd = 82504.539062
	its = 68
	hyp = 2431 / 20418
	cut = 1050
3639388 [81825, 82232]: LP
	bnd = 82504.109375
	its = 81
	hyp = 2482 / 20755
	cut = 1070
3772080 [81825, 82232]: LP
	bnd = 82503.867188
	its = 69
	hyp = 2588 / 21012
	cut = 1090
3908306 [81825, 82232]: LP
	bnd = 82503.468750
	its = 69
	hyp = 2514 / 21279
	cut = 1110
4069129 [81825, 82232]: LP
	bnd = 82503.062500
	its = 79
	hyp = 2425 / 21618
	cut = 1130
4203157 [81825, 82232]: LP
	bnd = 82502.726562
	its = 70
	hyp = 2391 / 21892
	cut = 1150
4352263 [81825, 82232]: LP
	bnd = 82502.343750
	its = 69
	hyp = 2522 / 22187
	cut = 1170
4505782 [81825, 82232]: LP
	bnd = 82502.054688
	its = 73
	hyp = 2447 / 22518
	cut = 1190
4663275 [81825, 82232]: LP
	bnd = 82501.734375
	its = 75
	hyp = 2507 / 22840
	cut = 1210
4855755 [81825, 82232]: LP
	bnd = 82501.429688
	its = 88
	hyp = 2582 / 23160
	cut = 1230
4992136 [81825, 82232]: LP
	bnd = 82501.148438
	its = 62
	hyp = 2549 / 23395
	cut = 1250
5174432 [81825, 82232]: LP
	bnd = 82500.960938
	its = 75
	hyp = 2600 / 23721
	cut = 1270
5343332 [81825, 82232]: LP
	bnd = 82500.781250
	its = 73
	hyp = 2673 / 24004
	cut = 1290
5523324 [81825, 82232]: LP
	bnd = 82500.492188
	its = 67
	hyp = 2537 / 24282
	cut = 1310
5689183 [81825, 82232]: LP
	bnd = 82500.195312
	its = 64
	hyp = 2676 / 24565
	cut = 1330
5864514 [81825, 82232]: LP
	bnd = 82499.921875
	its = 64
	hyp = 2597 / 24819
	cut = 1350
6058281 [81825, 82232]: LP
	bnd = 82499.679688
	its = 73
	hyp = 2671 / 25115
	cut = 1370
6267895 [81825, 82232]: LP
	bnd = 82499.367188
	its = 77
	hyp = 2668 / 25424
	cut = 1390
6399712 [81825, 82232]: LP
	bnd = 82499.195312
	its = 57
	hyp = 2633 / 25594
	cut = 1410
6558780 [81825, 82232]: LP
	bnd = 82498.968750
	its = 57
	hyp = 2687 / 25842
	cut = 1430
6794461 [81825, 82232]: LP
	bnd = 82498.679688
	its = 79
	hyp = 2653 / 26140
	cut = 1451
7014676 [81825, 82232]: LP
	bnd = 82498.343750
	its = 79
	hyp = 2591 / 26432
	cut = 1472
