hypergraph with 57615 vertices and 6298030 hyperarcs generated in 2625
19345 [0, 78326]: LP
	bnd = 78326.656250
	its = 66
	hyp = 415 / 1588
	cut = 0
19580 [0, 78326]: HEURISTIC 3
19808 [0, 78326]: HEURISTIC 9
20038 [0, 78326]: LABEL
	tot = 1543
	max = 6
31362 [0, 78248]: LABEL
	tot = 470289
	max = 309
40870 [0, 78248]: LP
	bnd = 78325.437500
	its = 57
	hyp = 436 / 2850
	cut = 18
55770 [0, 78248]: LP
	bnd = 78322.562500
	its = 38
	hyp = 477 / 3285
	cut = 36
72198 [0, 78248]: LP
	bnd = 78320.328125
	its = 42
	hyp = 552 / 3748
	cut = 54
89342 [0, 78248]: LP
	bnd = 78318.406250
	its = 41
	hyp = 610 / 4127
	cut = 72
111758 [0, 78248]: LP
	bnd = 78316.031250
	its = 54
	hyp = 677 / 4604
	cut = 92
129349 [0, 78248]: LP
	bnd = 78314.210938
	its = 40
	hyp = 694 / 4869
	cut = 112
149831 [0, 78248]: LP
	bnd = 78311.031250
	its = 47
	hyp = 835 / 5233
	cut = 132
171950 [0, 78248]: LP
	bnd = 78309.054688
	its = 48
	hyp = 903 / 5668
	cut = 152
195103 [0, 78248]: LP
	bnd = 78306.570312
	its = 48
	hyp = 903 / 6068
	cut = 172
226778 [0, 78248]: LP
	bnd = 78304.109375
	its = 66
	hyp = 880 / 6518
	cut = 192
254087 [0, 78248]: LP
	bnd = 78302.390625
	its = 56
	hyp = 1057 / 6874
	cut = 212
283971 [0, 78248]: LP
	bnd = 78300.492188
	its = 57
	hyp = 1048 / 7281
	cut = 232
326650 [0, 78248]: LP
	bnd = 78298.492188
	its = 80
	hyp = 1174 / 7818
	cut = 252
364286 [0, 78248]: LP
	bnd = 78296.156250
	its = 68
	hyp = 1162 / 8247
	cut = 272
404415 [0, 78248]: LP
	bnd = 78294.765625
	its = 68
	hyp = 1203 / 8623
	cut = 292
439377 [0, 78248]: LP
	bnd = 78293.617188
	its = 58
	hyp = 1309 / 8956
	cut = 312
480501 [0, 78248]: LP
	bnd = 78292.343750
	its = 66
	hyp = 1254 / 9310
	cut = 332
523485 [0, 78248]: LP
	bnd = 78291.539062
	its = 69
	hyp = 1422 / 9667
	cut = 352
568410 [0, 78248]: LP
	bnd = 78290.789062
	its = 69
	hyp = 1516 / 10030
	cut = 372
616188 [0, 78248]: LP
	bnd = 78289.843750
	its = 74
	hyp = 1553 / 10449
	cut = 392
676252 [0, 78248]: LP
	bnd = 78288.890625
	its = 84
	hyp = 1544 / 10848
	cut = 412
726325 [0, 78248]: LP
	bnd = 78287.921875
	its = 68
	hyp = 1588 / 11185
	cut = 432
772623 [0, 78248]: LP
	bnd = 78287.203125
	its = 57
	hyp = 1645 / 11448
	cut = 452
	restart
809688 [0, 78170]: LABEL
	tot = 2373494
	max = 2610
830803 [0, 78170]: LP
	bnd = 78286.468750
	its = 78
	hyp = 1527 / 11814
	cut = 472
894986 [0, 78170]: LP
	bnd = 78285.718750
	its = 78
	hyp = 1752 / 12168
	cut = 492
961234 [0, 78170]: LP
	bnd = 78285.031250
	its = 80
	hyp = 1751 / 12535
	cut = 512
1023829 [0, 78170]: LP
	bnd = 78284.273438
	its = 75
	hyp = 1718 / 12850
	cut = 532
1078307 [0, 78170]: LP
	bnd = 78283.585938
	its = 62
	hyp = 1845 / 13134
	cut = 552
1166252 [0, 78170]: LP
	bnd = 78282.898438
	its = 88
	hyp = 1726 / 13589
	cut = 572
1242526 [0, 78170]: LP
	bnd = 78282.281250
	its = 84
	hyp = 1842 / 13954
	cut = 592
1308451 [0, 78170]: LP
	bnd = 78281.859375
	its = 70
	hyp = 1976 / 14233
	cut = 612
1377715 [0, 78170]: LP
	bnd = 78281.343750
	its = 67
	hyp = 1929 / 14508
	cut = 632
1458159 [0, 78170]: LP
	bnd = 78280.789062
	its = 79
	hyp = 1902 / 14855
	cut = 652
1549279 [0, 78170]: LP
	bnd = 78280.226562
	its = 85
	hyp = 1991 / 15182
	cut = 672
1636461 [0, 78170]: LP
	bnd = 78279.726562
	its = 80
	hyp = 1966 / 15542
	cut = 692
1719999 [0, 78170]: LP
	bnd = 78279.421875
	its = 72
	hyp = 2126 / 15837
	cut = 712
1837521 [0, 78170]: LP
	bnd = 78278.921875
	its = 105
	hyp = 2137 / 16248
	cut = 732
1909964 [0, 78170]: LP
	bnd = 78278.554688
	its = 59
	hyp = 2073 / 16464
	cut = 752
2012976 [0, 78170]: LP
	bnd = 78278.140625
	its = 80
	hyp = 2226 / 16807
	cut = 772
2113365 [0, 78170]: LP
	bnd = 78277.765625
	its = 79
	hyp = 2177 / 17093
	cut = 792
2236067 [0, 78170]: LP
	bnd = 78277.296875
	its = 91
	hyp = 2331 / 17450
	cut = 812
2353063 [0, 78170]: LP
	bnd = 78276.765625
	its = 80
	hyp = 2066 / 17755
	cut = 832
2450485 [0, 78170]: LP
	bnd = 78276.390625
	its = 72
	hyp = 2148 / 17993
	cut = 852
2564633 [0, 78170]: LP
	bnd = 78276.000000
	its = 80
	hyp = 2186 / 18294
	cut = 872
2683196 [0, 78170]: LP
	bnd = 78275.664062
	its = 90
	hyp = 2285 / 18658
	cut = 892
2799674 [0, 78170]: LP
	bnd = 78275.414062
	its = 80
	hyp = 2338 / 18987
	cut = 912
2927005 [0, 78170]: LP
	bnd = 78275.140625
	its = 86
	hyp = 2206 / 19346
	cut = 932
3045720 [0, 78170]: LP
	bnd = 78274.875000
	its = 75
	hyp = 2200 / 19632
	cut = 952
3148319 [0, 78170]: LP
	bnd = 78274.585938
	its = 70
	hyp = 2149 / 19870
	cut = 972
3275753 [0, 78170]: LP
	bnd = 78274.312500
	its = 82
	hyp = 2326 / 20151
	cut = 992
3384724 [0, 78170]: LP
	bnd = 78274.015625
	its = 62
	hyp = 2169 / 20367
	cut = 1012
3526273 [0, 78170]: LP
	bnd = 78273.570312
	its = 78
	hyp = 2277 / 20653
	cut = 1032
3665533 [0, 78170]: LP
	bnd = 78273.156250
	its = 77
	hyp = 2295 / 20933
	cut = 1052
3797237 [0, 78170]: LP
	bnd = 78272.835938
	its = 74
	hyp = 2317 / 21204
	cut = 1072
3927527 [0, 78170]: LP
	bnd = 78272.539062
	its = 73
	hyp = 2455 / 21508
	cut = 1092
4065349 [0, 78170]: LP
	bnd = 78272.289062
	its = 79
	hyp = 2273 / 21802
	cut = 1112
4202868 [0, 78170]: LP
	bnd = 78272.046875
	its = 69
	hyp = 2378 / 22066
	cut = 1132
4340666 [0, 78170]: LP
	bnd = 78271.812500
	its = 72
	hyp = 2390 / 22361
	cut = 1152
4500896 [0, 78170]: LP
	bnd = 78271.554688
	its = 85
	hyp = 2446 / 22642
	cut = 1172
4638845 [0, 78170]: LP
	bnd = 78271.359375
	its = 73
	hyp = 2454 / 22888
	cut = 1192
4793506 [0, 78170]: LP
	bnd = 78271.164062
	its = 82
	hyp = 2457 / 23154
	cut = 1212
4929704 [0, 78170]: LP
	bnd = 78270.984375
	its = 63
	hyp = 2390 / 23372
	cut = 1232
5055186 [0, 78170]: LP
	bnd = 78270.804688
	its = 60
	hyp = 2446 / 23592
	cut = 1252
5224658 [0, 78170]: LP
	bnd = 78270.609375
	its = 66
	hyp = 2499 / 23859
	cut = 1272
5414296 [0, 78170]: LP
	bnd = 78270.437500
	its = 87
	hyp = 2688 / 24182
	cut = 1292
5551734 [0, 78170]: LP
	bnd = 78270.296875
	its = 64
	hyp = 2626 / 24425
	cut = 1312
5735963 [0, 78170]: LP
	bnd = 78270.109375
	its = 76
	hyp = 2705 / 24713
	cut = 1332
5912866 [0, 78170]: LP
	bnd = 78269.937500
	its = 74
	hyp = 2593 / 24971
	cut = 1352
5921471 [0, 78091]: LABEL
	tot = 131626676
	max = 150199
6127827 [0, 78091]: LP
	bnd = 78269.718750
	its = 76
	hyp = 2565 / 25230
	cut = 1372
6326642 [0, 78091]: LP
	bnd = 78269.546875
	its = 71
	hyp = 2631 / 25492
	cut = 1392
6548320 [0, 78091]: LP
	bnd = 78269.406250
	its = 83
	hyp = 2760 / 25799
	cut = 1412
6710731 [0, 78091]: LP
	bnd = 78269.265625
	its = 61
	hyp = 2651 / 26021
	cut = 1432
6920184 [0, 78091]: LP
	bnd = 78269.093750
	its = 79
	hyp = 2804 / 26284
	cut = 1452
7148896 [0, 78091]: LP
	bnd = 78268.937500
	its = 79
	hyp = 2815 / 26564
	cut = 1472
