hypergraph with 53024 vertices and 5027454 hyperarcs generated in 1559
17526 [0, 65486]: LP
	bnd = 65486.257812
	its = 67
	hyp = 396 / 1642
	cut = 0
17550 [0, 65486]: HEURISTIC 3
17570 [0, 65486]: LABEL
	tot = 364
	max = 2
19817 [0, 65420]: LABEL
	tot = 89001
	max = 106
34646 [0, 65420]: LP
	bnd = 65482.515625
	its = 49
	hyp = 430 / 2537
	cut = 18
52930 [0, 65420]: LP
	bnd = 65479.367188
	its = 52
	hyp = 422 / 3148
	cut = 36
64231 [0, 65420]: LP
	bnd = 65478.781250
	its = 30
	hyp = 521 / 3420
	cut = 54
81881 [0, 65420]: LP
	bnd = 65474.601562
	its = 48
	hyp = 568 / 3828
	cut = 72
97386 [0, 65420]: LP
	bnd = 65472.019531
	its = 41
	hyp = 593 / 4179
	cut = 90
110814 [0, 65420]: LP
	bnd = 65470.042969
	its = 35
	hyp = 693 / 4423
	cut = 108
117248 [0, 65355]: LABEL
	tot = 6574238
	max = 6706
128025 [0, 65355]: LP
	bnd = 65468.359375
	its = 44
	hyp = 728 / 4825
	cut = 126
147477 [0, 65355]: LP
	bnd = 65466.632812
	its = 48
	hyp = 830 / 5182
	cut = 144
167048 [0, 65355]: LP
	bnd = 65464.402344
	its = 47
	hyp = 794 / 5546
	cut = 162
189558 [0, 65355]: LP
	bnd = 65462.132812
	its = 55
	hyp = 830 / 5850
	cut = 180
213646 [0, 65355]: LP
	bnd = 65460.003906
	its = 56
	hyp = 866 / 6202
	cut = 198
240638 [0, 65355]: LP
	bnd = 65457.812500
	its = 60
	hyp = 1004 / 6569
	cut = 216
273029 [0, 65355]: LP
	bnd = 65456.375000
	its = 71
	hyp = 1057 / 7044
	cut = 234
298690 [0, 65355]: LP
	bnd = 65454.769531
	its = 54
	hyp = 1175 / 7382
	cut = 252
332228 [0, 65355]: LP
	bnd = 65453.464844
	its = 69
	hyp = 1167 / 7748
	cut = 270
373695 [0, 65355]: LP
	bnd = 65452.085938
	its = 79
	hyp = 1240 / 8212
	cut = 288
404887 [0, 65355]: LP
	bnd = 65450.355469
	its = 57
	hyp = 1203 / 8525
	cut = 306
442901 [0, 65355]: LP
	bnd = 65448.906250
	its = 67
	hyp = 1311 / 8910
	cut = 324
480279 [0, 65355]: LP
	bnd = 65447.710938
	its = 65
	hyp = 1270 / 9305
	cut = 342
514918 [0, 65355]: LP
	bnd = 65446.328125
	its = 60
	hyp = 1361 / 9603
	cut = 361
559699 [0, 65355]: LP
	bnd = 65445.437500
	its = 79
	hyp = 1496 / 9993
	cut = 380
600598 [63801, 65289]: LABEL
	tot = 31091610
	max = 71166
609221 [63801, 65289]: LP
	bnd = 65444.468750
	its = 79
	hyp = 1411 / 10394
	cut = 399
654291 [63801, 65289]: LP
	bnd = 65443.601562
	its = 73
	hyp = 1332 / 10733
	cut = 418
699600 [63801, 65289]: LP
	bnd = 65442.648438
	its = 67
	hyp = 1560 / 11101
	cut = 437
749372 [63801, 65289]: LP
	bnd = 65441.984375
	its = 71
	hyp = 1539 / 11459
	cut = 456
798498 [63801, 65289]: LP
	bnd = 65441.164062
	its = 67
	hyp = 1520 / 11803
	cut = 475
848051 [63801, 65289]: LP
	bnd = 65440.273438
	its = 65
	hyp = 1600 / 12085
	cut = 493
910721 [63801, 65289]: LP
	bnd = 65439.441406
	its = 80
	hyp = 1508 / 12492
	cut = 511
964904 [63801, 65289]: LP
	bnd = 65438.937500
	its = 68
	hyp = 1592 / 12781
	cut = 529
1007535 [63801, 65289]: LP
	bnd = 65438.359375
	its = 52
	hyp = 1592 / 13043
	cut = 548
1074424 [63801, 65289]: LP
	bnd = 65437.835938
	its = 77
	hyp = 1571 / 13389
	cut = 567
1133366 [63801, 65289]: LP
	bnd = 65437.351562
	its = 67
	hyp = 1556 / 13688
	cut = 586
1188433 [63801, 65289]: LP
	bnd = 65436.812500
	its = 64
	hyp = 1721 / 13926
	cut = 605
1242396 [63801, 65289]: LP
	bnd = 65436.359375
	its = 63
	hyp = 1775 / 14191
	cut = 624
1300919 [63801, 65289]: LP
	bnd = 65435.945312
	its = 63
	hyp = 1757 / 14471
	cut = 643
1365734 [63801, 65289]: LP
	bnd = 65435.492188
	its = 69
	hyp = 1673 / 14848
	cut = 662
1429384 [63801, 65289]: LP
	bnd = 65435.046875
	its = 61
	hyp = 1800 / 15153
	cut = 681
1499534 [63801, 65289]: LP
	bnd = 65434.593750
	its = 72
	hyp = 1778 / 15442
	cut = 700
1558432 [63801, 65289]: LP
	bnd = 65434.242188
	its = 58
	hyp = 1658 / 15647
	cut = 719
1619147 [63801, 65289]: LP
	bnd = 65433.773438
	its = 56
	hyp = 1696 / 15852
	cut = 738
1693393 [63801, 65289]: LP
	bnd = 65433.273438
	its = 68
	hyp = 1777 / 16153
	cut = 757
1784885 [63801, 65289]: LP
	bnd = 65432.914062
	its = 82
	hyp = 1833 / 16461
	cut = 776
1856043 [63801, 65289]: LP
	bnd = 65432.632812
	its = 61
	hyp = 1849 / 16674
	cut = 795
1911621 [63801, 65289]: LP
	bnd = 65432.242188
	its = 46
	hyp = 1746 / 16876
	cut = 814
1993445 [63801, 65289]: LP
	bnd = 65431.812500
	its = 62
	hyp = 1847 / 17143
	cut = 833
2070059 [63801, 65289]: LP
	bnd = 65431.386719
	its = 62
	hyp = 1911 / 17388
	cut = 852
2143242 [63801, 65289]: LP
	bnd = 65431.078125
	its = 59
	hyp = 1839 / 17704
	cut = 871
2222133 [63801, 65289]: LP
	bnd = 65430.828125
	its = 59
	hyp = 1791 / 17936
	cut = 890
2298768 [63801, 65289]: LP
	bnd = 65430.472656
	its = 54
	hyp = 1815 / 18142
	cut = 909
2394364 [63801, 65289]: LP
	bnd = 65430.031250
	its = 73
	hyp = 1856 / 18432
	cut = 928
2479731 [63801, 65289]: LP
	bnd = 65429.722656
	its = 63
	hyp = 1808 / 18665
	cut = 947
2562680 [63801, 65289]: LP
	bnd = 65429.445312
	its = 58
	hyp = 1783 / 18878
	cut = 966
2653368 [63801, 65289]: LP
	bnd = 65429.171875
	its = 66
	hyp = 1892 / 19121
	cut = 985
2734817 [63801, 65289]: LP
	bnd = 65428.859375
	its = 51
	hyp = 1917 / 19347
	cut = 1004
2826913 [63801, 65289]: LP
	bnd = 65428.550781
	its = 66
	hyp = 1850 / 19608
	cut = 1023
2929468 [63801, 65289]: LP
	bnd = 65428.296875
	its = 67
	hyp = 1974 / 19876
	cut = 1042
3013674 [63801, 65289]: LP
	bnd = 65428.070312
	its = 52
	hyp = 1950 / 20087
	cut = 1061
3121226 [63801, 65289]: LP
	bnd = 65427.816406
	its = 67
	hyp = 1926 / 20358
	cut = 1080
3212812 [63801, 65289]: LP
	bnd = 65427.523438
	its = 55
	hyp = 1965 / 20572
	cut = 1099
3355939 [63801, 65289]: LP
	bnd = 65427.195312
	its = 85
	hyp = 1894 / 20946
	cut = 1118
3458293 [63801, 65289]: LP
	bnd = 65426.976562
	its = 64
	hyp = 1998 / 21199
	cut = 1137
3591805 [63801, 65289]: LP
	bnd = 65426.671875
	its = 71
	hyp = 1953 / 21473
	cut = 1156
3717888 [63801, 65289]: LP
	bnd = 65426.367188
	its = 69
	hyp = 2124 / 21741
	cut = 1175
3827096 [63801, 65289]: LP
	bnd = 65426.117188
	its = 61
	hyp = 2154 / 22004
	cut = 1194
3940490 [63801, 65289]: LP
	bnd = 65425.921875
	its = 56
	hyp = 2005 / 22199
	cut = 1213
4061591 [63801, 65289]: LP
	bnd = 65425.714844
	its = 70
	hyp = 2026 / 22458
	cut = 1232
4166575 [63801, 65289]: LP
	bnd = 65425.542969
	its = 59
	hyp = 2164 / 22691
	cut = 1251
4254138 [63801, 65289]: LP
	bnd = 65425.398438
	its = 49
	hyp = 2154 / 22865
	cut = 1270
4368924 [63801, 65289]: LP
	bnd = 65425.203125
	its = 65
	hyp = 2156 / 23116
	cut = 1289
4527797 [63801, 65289]: LP
	bnd = 65425.023438
	its = 73
	hyp = 2131 / 23421
	cut = 1308
4650144 [63801, 65289]: LP
	bnd = 65424.843750
	its = 59
	hyp = 2194 / 23625
	cut = 1327
4796661 [63801, 65289]: LP
	bnd = 65424.648438
	its = 65
	hyp = 2099 / 23880
	cut = 1346
4912056 [63801, 65289]: LP
	bnd = 65424.531250
	its = 61
	hyp = 2250 / 24067
	cut = 1365
5041239 [63801, 65289]: LP
	bnd = 65424.375000
	its = 55
	hyp = 2233 / 24296
	cut = 1384
5183915 [63801, 65289]: LP
	bnd = 65424.187500
	its = 60
	hyp = 2242 / 24560
	cut = 1403
5298786 [63801, 65289]: LP
	bnd = 65424.042969
	its = 52
	hyp = 2101 / 24753
	cut = 1422
5415107 [63801, 65289]: LP
	bnd = 65423.929688
	its = 53
	hyp = 2384 / 24951
	cut = 1441
5548726 [63801, 65289]: LP
	bnd = 65423.812500
	its = 56
	hyp = 2244 / 25165
	cut = 1460
5677661 [63801, 65289]: LP
	bnd = 65423.664062
	its = 54
	hyp = 2360 / 25364
	cut = 1479
5795155 [63801, 65289]: LP
	bnd = 65423.527344
	its = 45
	hyp = 2161 / 25532
	cut = 1498
5981399 [63801, 65289]: LP
	bnd = 65423.351562
	its = 64
	hyp = 2337 / 25792
	cut = 1517
6145940 [63801, 65289]: LP
	bnd = 65423.226562
	its = 59
	hyp = 2259 / 26059
	cut = 1536
6318771 [63801, 65289]: LP
	bnd = 65423.062500
	its = 65
	hyp = 2219 / 26300
	cut = 1555
6506453 [63801, 65289]: LP
	bnd = 65422.960938
	its = 62
	hyp = 2435 / 26552
	cut = 1574
6738267 [63801, 65289]: LP
	bnd = 65422.777344
	its = 78
	hyp = 2498 / 26901
	cut = 1593
6953039 [63801, 65289]: LP
	bnd = 65422.648438
	its = 75
	hyp = 2652 / 27166
	cut = 1612
7183635 [63801, 65289]: LP
	bnd = 65422.507812
	its = 66
	hyp = 2431 / 27446
	cut = 1631
