hypergraph with 55697 vertices and 5580911 hyperarcs generated in 1484
11093 [0, 60547]: LP
	bnd = 60547.648438
	its = 40
	hyp = 229 / 895
	cut = 0
11105 [0, 60547]: HEURISTIC 3
11113 [0, 60547]: HEURISTIC 9
11124 [0, 60547]: LABEL
	tot = 353
	max = 4
11240 [0, 60487]: LABEL
	tot = 5574
	max = 38
11807 [0, 60426]: LABEL
	tot = 36078
	max = 224
15633 [0, 60366]: LABEL
	tot = 275326
	max = 1635
19292 [0, 60366]: LP
	bnd = 60543.882812
	its = 23
	hyp = 305 / 1372
	cut = 13
23930 [0, 60366]: LP
	bnd = 60542.093750
	its = 12
	hyp = 243 / 1481
	cut = 26
29616 [0, 60366]: LP
	bnd = 60540.179688
	its = 15
	hyp = 312 / 1659
	cut = 39
36076 [0, 60366]: LP
	bnd = 60520.859375
	its = 17
	hyp = 343 / 1873
	cut = 52
42317 [0, 60366]: LP
	bnd = 60513.300781
	its = 16
	hyp = 304 / 2055
	cut = 65
	restart
51809 [0, 60366]: LP
	bnd = 60508.722656
	its = 26
	hyp = 383 / 2287
	cut = 78
58540 [0, 60305]: LABEL
	tot = 1240574
	max = 5102
59939 [0, 60305]: LP
	bnd = 60506.058594
	its = 22
	hyp = 514 / 2497
	cut = 91
73194 [0, 60305]: LP
	bnd = 60503.558594
	its = 37
	hyp = 557 / 2826
	cut = 104
83208 [0, 60305]: LP
	bnd = 60502.136719
	its = 27
	hyp = 557 / 3041
	cut = 117
92188 [0, 60305]: LP
	bnd = 60499.890625
	its = 22
	hyp = 451 / 3239
	cut = 130
102813 [0, 60305]: LP
	bnd = 60495.687500
	its = 28
	hyp = 441 / 3443
	cut = 142
114890 [0, 60305]: LP
	bnd = 60493.488281
	its = 31
	hyp = 590 / 3683
	cut = 154
124404 [0, 60305]: LP
	bnd = 60492.476562
	its = 24
	hyp = 738 / 3836
	cut = 166
140429 [0, 60305]: LP
	bnd = 60490.429688
	its = 42
	hyp = 780 / 4171
	cut = 178
153854 [0, 60305]: LP
	bnd = 60488.007812
	its = 33
	hyp = 747 / 4427
	cut = 190
166739 [0, 60305]: LP
	bnd = 60486.414062
	its = 30
	hyp = 664 / 4649
	cut = 202
183052 [0, 60305]: LP
	bnd = 60484.675781
	its = 39
	hyp = 787 / 4909
	cut = 214
198651 [0, 60305]: LP
	bnd = 60482.671875
	its = 36
	hyp = 877 / 5127
	cut = 226
203515 [0, 60245]: LABEL
	tot = 8490308
	max = 35401
214357 [0, 60245]: LP
	bnd = 60480.523438
	its = 36
	hyp = 843 / 5344
	cut = 238
229584 [0, 60245]: LP
	bnd = 60478.578125
	its = 34
	hyp = 921 / 5557
	cut = 250
248969 [0, 60245]: LP
	bnd = 60476.914062
	its = 43
	hyp = 824 / 5825
	cut = 262
264024 [0, 60245]: LP
	bnd = 60475.128906
	its = 34
	hyp = 879 / 6083
	cut = 274
284105 [0, 60245]: LP
	bnd = 60473.789062
	its = 44
	hyp = 1027 / 6355
	cut = 286
309971 [0, 60245]: LP
	bnd = 60472.417969
	its = 57
	hyp = 979 / 6663
	cut = 298
332000 [0, 60245]: LP
	bnd = 60470.664062
	its = 47
	hyp = 1092 / 6958
	cut = 310
358614 [0, 60245]: LP
	bnd = 60469.140625
	its = 58
	hyp = 1101 / 7310
	cut = 322
375747 [0, 60245]: LP
	bnd = 60468.480469
	its = 33
	hyp = 1144 / 7500
	cut = 334
394221 [0, 60245]: LP
	bnd = 60467.386719
	its = 36
	hyp = 1011 / 7732
	cut = 346
422551 [0, 60245]: LP
	bnd = 60466.398438
	its = 55
	hyp = 1089 / 8061
	cut = 358
451213 [0, 60245]: LP
	bnd = 60465.046875
	its = 54
	hyp = 1131 / 8355
	cut = 370
480828 [0, 60245]: LP
	bnd = 60463.828125
	its = 56
	hyp = 1204 / 8655
	cut = 382
507970 [0, 60245]: LP
	bnd = 60463.027344
	its = 47
	hyp = 1161 / 8895
	cut = 394
533682 [0, 60245]: LP
	bnd = 60462.605469
	its = 44
	hyp = 1212 / 9082
	cut = 406
569058 [0, 60245]: LP
	bnd = 60461.492188
	its = 59
	hyp = 1216 / 9431
	cut = 418
599376 [0, 60245]: LP
	bnd = 60460.980469
	its = 44
	hyp = 1218 / 9627
	cut = 430
641549 [0, 60245]: LP
	bnd = 60459.855469
	its = 67
	hyp = 1328 / 9925
	cut = 442
680881 [0, 60245]: LP
	bnd = 60459.062500
	its = 61
	hyp = 1327 / 10222
	cut = 454
725199 [0, 60245]: LP
	bnd = 60458.175781
	its = 64
	hyp = 1408 / 10565
	cut = 466
766230 [0, 60245]: LP
	bnd = 60457.460938
	its = 60
	hyp = 1376 / 10874
	cut = 479
810782 [0, 60245]: LP
	bnd = 60456.738281
	its = 67
	hyp = 1464 / 11207
	cut = 492
847588 [0, 60245]: LP
	bnd = 60456.097656
	its = 51
	hyp = 1431 / 11454
	cut = 505
911236 [0, 60245]: LP
	bnd = 60455.410156
	its = 87
	hyp = 1537 / 11920
	cut = 518
956942 [0, 60245]: LP
	bnd = 60454.859375
	its = 55
	hyp = 1595 / 12180
	cut = 531
1012544 [0, 60245]: LP
	bnd = 60454.394531
	its = 63
	hyp = 1533 / 12499
	cut = 544
1056869 [60191, 60245]: LP
	bnd = 60453.894531
	its = 55
	hyp = 1569 / 12798
	cut = 557
1056927 [60191, 60191]: LABEL
	tot = 40352352
	max = 163329
