hypergraph with 57380 vertices and 6080199 hyperarcs generated in 1602
19155 [0, 73315]: LP
	bnd = 73315.992188
	its = 71
	hyp = 377 / 1691
	cut = 0
19164 [0, 73315]: HEURISTIC 3
19170 [0, 73315]: LABEL
	tot = 202
	max = 1
19306 [0, 73242]: LABEL
	tot = 4691
	max = 17
20221 [0, 73169]: LABEL
	tot = 52073
	max = 155
25726 [0, 73096]: LABEL
	tot = 531210
	max = 1274
31856 [0, 73096]: LP
	bnd = 73308.976562
	its = 35
	hyp = 397 / 2584
	cut = 15
45008 [0, 73096]: LP
	bnd = 73300.882812
	its = 35
	hyp = 553 / 3007
	cut = 30
59080 [0, 73096]: LP
	bnd = 73291.812500
	its = 37
	hyp = 603 / 3483
	cut = 45
68179 [0, 73023]: LABEL
	tot = 4756068
	max = 8679
71056 [0, 73023]: LP
	bnd = 73286.296875
	its = 30
	hyp = 650 / 3792
	cut = 60
86728 [0, 73023]: LP
	bnd = 73284.125000
	its = 40
	hyp = 714 / 4176
	cut = 75
103065 [0, 73023]: LP
	bnd = 73281.531250
	its = 40
	hyp = 787 / 4503
	cut = 90
117960 [0, 73023]: LP
	bnd = 73279.750000
	its = 36
	hyp = 823 / 4808
	cut = 105
136776 [0, 73023]: LP
	bnd = 73277.421875
	its = 45
	hyp = 826 / 5173
	cut = 120
155929 [0, 73023]: LP
	bnd = 73271.031250
	its = 45
	hyp = 873 / 5478
	cut = 135
174510 [0, 73023]: LP
	bnd = 73267.890625
	its = 43
	hyp = 830 / 5785
	cut = 150
194976 [0, 73023]: LP
	bnd = 73263.484375
	its = 44
	hyp = 857 / 6079
	cut = 165
221785 [0, 73023]: LP
	bnd = 73261.265625
	its = 61
	hyp = 896 / 6421
	cut = 180
244729 [0, 73023]: LP
	bnd = 73257.328125
	its = 52
	hyp = 1004 / 6679
	cut = 195
265678 [0, 73023]: LP
	bnd = 73254.515625
	its = 45
	hyp = 1003 / 6966
	cut = 210
	restart
288511 [0, 73023]: LP
	bnd = 73251.789062
	its = 50
	hyp = 1044 / 7217
	cut = 225
318781 [0, 73023]: LP
	bnd = 73249.109375
	its = 64
	hyp = 1073 / 7595
	cut = 240
350362 [0, 73023]: LP
	bnd = 73246.906250
	its = 62
	hyp = 1241 / 7928
	cut = 255
387073 [0, 73023]: LP
	bnd = 73243.742188
	its = 69
	hyp = 1219 / 8286
	cut = 270
388882 [0, 72950]: LABEL
	tot = 12825461
	max = 20964
416582 [0, 72950]: LP
	bnd = 73241.968750
	its = 55
	hyp = 1361 / 8529
	cut = 285
451851 [0, 72950]: LP
	bnd = 73239.109375
	its = 64
	hyp = 1378 / 8853
	cut = 300
481925 [0, 72950]: LP
	bnd = 73237.195312
	its = 48
	hyp = 1364 / 9132
	cut = 315
522372 [0, 72950]: LP
	bnd = 73235.718750
	its = 64
	hyp = 1339 / 9445
	cut = 330
557853 [0, 72950]: LP
	bnd = 73233.531250
	its = 56
	hyp = 1432 / 9749
	cut = 345
602543 [0, 72950]: LP
	bnd = 73231.898438
	its = 70
	hyp = 1313 / 10075
	cut = 360
638710 [0, 72950]: LP
	bnd = 73230.085938
	its = 55
	hyp = 1438 / 10321
	cut = 375
675258 [0, 72950]: LP
	bnd = 73228.429688
	its = 51
	hyp = 1441 / 10597
	cut = 390
723757 [0, 72950]: LP
	bnd = 73226.515625
	its = 69
	hyp = 1375 / 10949
	cut = 405
762740 [0, 72950]: LP
	bnd = 73225.375000
	its = 52
	hyp = 1448 / 11207
	cut = 420
807831 [0, 72950]: LP
	bnd = 73223.484375
	its = 67
	hyp = 1577 / 11490
	cut = 435
850915 [0, 72950]: LP
	bnd = 73222.093750
	its = 60
	hyp = 1473 / 11774
	cut = 450
900716 [0, 72950]: LP
	bnd = 73220.984375
	its = 68
	hyp = 1560 / 12104
	cut = 465
950588 [0, 72950]: LP
	bnd = 73219.773438
	its = 66
	hyp = 1681 / 12407
	cut = 480
1005763 [0, 72950]: LP
	bnd = 73218.421875
	its = 71
	hyp = 1582 / 12705
	cut = 495
1050551 [0, 72950]: LP
	bnd = 73217.468750
	its = 52
	hyp = 1635 / 12950
	cut = 510
1118478 [0, 72950]: LP
	bnd = 73216.007812
	its = 80
	hyp = 1621 / 13330
	cut = 525
1174659 [0, 72950]: LP
	bnd = 73215.070312
	its = 63
	hyp = 1702 / 13597
	cut = 540
1226390 [0, 72950]: LP
	bnd = 73214.039062
	its = 53
	hyp = 1705 / 13855
	cut = 555
1288422 [0, 72950]: LP
	bnd = 73213.171875
	its = 66
	hyp = 1673 / 14163
	cut = 570
1347320 [0, 72950]: LP
	bnd = 73212.148438
	its = 65
	hyp = 1735 / 14492
	cut = 585
1401795 [0, 72950]: LP
	bnd = 73211.515625
	its = 57
	hyp = 1716 / 14725
	cut = 600
1468216 [0, 72950]: LP
	bnd = 73210.734375
	its = 65
	hyp = 1895 / 15012
	cut = 615
1528077 [0, 72950]: LP
	bnd = 73209.929688
	its = 59
	hyp = 1691 / 15237
	cut = 630
1590762 [0, 72950]: LP
	bnd = 73209.164062
	its = 56
	hyp = 1731 / 15485
	cut = 645
1669298 [0, 72950]: LP
	bnd = 73208.398438
	its = 72
	hyp = 1843 / 15828
	cut = 660
1743175 [0, 72950]: LP
	bnd = 73207.679688
	its = 66
	hyp = 1838 / 16118
	cut = 675
1761527 [0, 72877]: LABEL
	tot = 86047514
	max = 121250
1844401 [0, 72877]: LP
	bnd = 73206.929688
	its = 86
	hyp = 1876 / 16541
	cut = 690
1917117 [0, 72877]: LP
	bnd = 73206.328125
	its = 63
	hyp = 1882 / 16805
	cut = 705
1993389 [0, 72877]: LP
	bnd = 73205.820312
	its = 63
	hyp = 1947 / 17073
	cut = 720
2077385 [0, 72877]: LP
	bnd = 73205.140625
	its = 64
	hyp = 1992 / 17384
	cut = 735
2170678 [0, 72877]: LP
	bnd = 73204.570312
	its = 74
	hyp = 2061 / 17749
	cut = 750
2252777 [0, 72877]: LP
	bnd = 73203.976562
	its = 66
	hyp = 2086 / 18028
	cut = 765
2350977 [0, 72877]: LP
	bnd = 73203.500000
	its = 68
	hyp = 1992 / 18326
	cut = 780
2458458 [0, 72877]: LP
	bnd = 73202.937500
	its = 76
	hyp = 2040 / 18688
	cut = 795
2530299 [0, 72877]: LP
	bnd = 73202.414062
	its = 54
	hyp = 2027 / 18871
	cut = 810
2609467 [0, 72877]: LP
	bnd = 73201.812500
	its = 52
	hyp = 2007 / 19123
	cut = 825
2716060 [0, 72877]: LP
	bnd = 73201.070312
	its = 73
	hyp = 2048 / 19450
	cut = 840
2812098 [0, 72877]: LP
	bnd = 73200.476562
	its = 61
	hyp = 2155 / 19685
	cut = 855
2942118 [0, 72877]: LP
	bnd = 73199.828125
	its = 82
	hyp = 2110 / 20065
	cut = 870
3046932 [0, 72877]: LP
	bnd = 73199.328125
	its = 68
	hyp = 2176 / 20358
	cut = 885
3167006 [0, 72877]: LP
	bnd = 73198.828125
	its = 77
	hyp = 2157 / 20689
	cut = 900
3272744 [0, 72877]: LP
	bnd = 73198.421875
	its = 60
	hyp = 2179 / 20939
	cut = 915
3417331 [0, 72877]: LP
	bnd = 73197.796875
	its = 77
	hyp = 2192 / 21301
	cut = 930
3557487 [0, 72877]: LP
	bnd = 73197.187500
	its = 75
	hyp = 2256 / 21612
	cut = 945
3690114 [0, 72877]: LP
	bnd = 73196.648438
	its = 73
	hyp = 2317 / 21918
	cut = 960
3845143 [0, 72877]: LP
	bnd = 73196.101562
	its = 78
	hyp = 2176 / 22253
	cut = 975
4010140 [0, 72877]: LP
	bnd = 73195.695312
	its = 83
	hyp = 2354 / 22598
	cut = 990
4150806 [0, 72877]: LP
	bnd = 73195.234375
	its = 70
	hyp = 2235 / 22896
	cut = 1005
4294201 [0, 72877]: LP
	bnd = 73194.867188
	its = 66
	hyp = 2304 / 23152
	cut = 1020
4456956 [0, 72877]: LP
	bnd = 73194.265625
	its = 74
	hyp = 2428 / 23478
	cut = 1035
4615249 [0, 72877]: LP
	bnd = 73193.812500
	its = 70
	hyp = 2428 / 23796
	cut = 1050
4819688 [0, 72877]: LP
	bnd = 73193.367188
	its = 87
	hyp = 2298 / 24187
	cut = 1065
4969313 [0, 72877]: LP
	bnd = 73192.945312
	its = 67
	hyp = 2437 / 24472
	cut = 1080
5152202 [0, 72877]: LP
	bnd = 73192.625000
	its = 81
	hyp = 2492 / 24781
	cut = 1095
5319460 [0, 72877]: LP
	bnd = 73192.218750
	its = 68
	hyp = 2465 / 25039
	cut = 1110
5499935 [0, 72877]: LP
	bnd = 73191.890625
	its = 74
	hyp = 2385 / 25311
	cut = 1125
5724663 [0, 72877]: LP
	bnd = 73191.484375
	its = 77
	hyp = 2409 / 25648
	cut = 1140
5945863 [0, 72877]: LP
	bnd = 73191.085938
	its = 87
	hyp = 2588 / 25979
	cut = 1155
6188598 [0, 72877]: LP
	bnd = 73190.703125
	its = 87
	hyp = 2377 / 26302
	cut = 1170
6351501 [0, 72877]: LP
	bnd = 73190.328125
	its = 62
	hyp = 2409 / 26568
	cut = 1185
6550550 [0, 72877]: LP
	bnd = 73189.945312
	its = 73
	hyp = 2446 / 26861
	cut = 1200
6758099 [0, 72877]: LP
	bnd = 73189.617188
	its = 81
	hyp = 2724 / 27214
	cut = 1215
6998794 [0, 72877]: LP
	bnd = 73189.289062
	its = 81
	hyp = 2476 / 27528
	cut = 1230
