hypergraph with 58353 vertices and 6488282 hyperarcs generated in 3043
19759 [0, 86370]: LP
	bnd = 86370.625000
	its = 67
	hyp = 319 / 1429
	cut = 0
19772 [0, 86370]: HEURISTIC 3
19782 [0, 86370]: LABEL
	tot = 162
	max = 1
22431 [0, 86284]: LABEL
	tot = 111681
	max = 258
28006 [0, 86284]: LP
	bnd = 86370.625000
	its = 20
	hyp = 340 / 1828
	cut = 14
36226 [0, 86284]: LP
	bnd = 86370.625000
	its = 20
	hyp = 366 / 2030
	cut = 28
47236 [0, 86284]: LP
	bnd = 86369.789062
	its = 25
	hyp = 349 / 2313
	cut = 42
56263 [0, 86284]: LP
	bnd = 86368.921875
	its = 19
	hyp = 437 / 2453
	cut = 57
68521 [0, 86284]: LP
	bnd = 86368.539062
	its = 27
	hyp = 498 / 2615
	cut = 72
79871 [0, 86284]: LP
	bnd = 86366.960938
	its = 25
	hyp = 521 / 2807
	cut = 87
94029 [0, 86284]: LP
	bnd = 86366.296875
	its = 31
	hyp = 579 / 3066
	cut = 102
106211 [0, 86284]: LP
	bnd = 86365.023438
	its = 26
	hyp = 599 / 3260
	cut = 117
124273 [0, 86284]: LP
	bnd = 86363.632812
	its = 39
	hyp = 648 / 3516
	cut = 132
137827 [0, 86284]: LP
	bnd = 86362.218750
	its = 28
	hyp = 622 / 3685
	cut = 147
157897 [0, 86284]: LP
	bnd = 86361.460938
	its = 42
	hyp = 762 / 3973
	cut = 162
179671 [0, 86284]: LP
	bnd = 86359.781250
	its = 46
	hyp = 727 / 4230
	cut = 177
199723 [0, 86284]: LP
	bnd = 86358.765625
	its = 40
	hyp = 760 / 4475
	cut = 192
218139 [0, 86284]: LP
	bnd = 86357.273438
	its = 36
	hyp = 818 / 4649
	cut = 207
225283 [0, 86197]: LABEL
	tot = 7798470
	max = 12541
238127 [0, 86197]: LP
	bnd = 86356.117188
	its = 39
	hyp = 744 / 4889
	cut = 222
261759 [0, 86197]: LP
	bnd = 86354.367188
	its = 46
	hyp = 819 / 5193
	cut = 237
286182 [0, 86197]: LP
	bnd = 86353.054688
	its = 46
	hyp = 898 / 5470
	cut = 252
308464 [0, 86197]: LP
	bnd = 86351.890625
	its = 41
	hyp = 871 / 5708
	cut = 267
328899 [0, 86197]: LP
	bnd = 86351.070312
	its = 38
	hyp = 945 / 5936
	cut = 282
355847 [0, 86197]: LP
	bnd = 86350.171875
	its = 49
	hyp = 944 / 6204
	cut = 297
378832 [0, 86197]: LP
	bnd = 86349.265625
	its = 41
	hyp = 1059 / 6436
	cut = 312
409477 [0, 86197]: LP
	bnd = 86347.976562
	its = 51
	hyp = 1016 / 6787
	cut = 327
439374 [0, 86197]: LP
	bnd = 86347.054688
	its = 50
	hyp = 1132 / 7151
	cut = 342
467915 [0, 86197]: LP
	bnd = 86346.203125
	its = 47
	hyp = 1251 / 7465
	cut = 357
505817 [0, 86197]: LP
	bnd = 86345.000000
	its = 60
	hyp = 1242 / 7848
	cut = 372
537405 [0, 86197]: LP
	bnd = 86343.976562
	its = 48
	hyp = 1229 / 8151
	cut = 387
570441 [0, 86197]: LP
	bnd = 86342.992188
	its = 49
	hyp = 1247 / 8419
	cut = 402
599550 [0, 86197]: LP
	bnd = 86342.125000
	its = 43
	hyp = 1142 / 8659
	cut = 417
634927 [0, 86197]: LP
	bnd = 86341.351562
	its = 49
	hyp = 1215 / 8915
	cut = 432
679631 [0, 86197]: LP
	bnd = 86340.632812
	its = 57
	hyp = 1323 / 9315
	cut = 447
721253 [0, 86197]: LP
	bnd = 86339.656250
	its = 58
	hyp = 1375 / 9648
	cut = 462
759452 [0, 86197]: LP
	bnd = 86338.945312
	its = 52
	hyp = 1393 / 9914
	cut = 477
811724 [0, 86197]: LP
	bnd = 86338.023438
	its = 63
	hyp = 1388 / 10318
	cut = 492
864904 [0, 86197]: LP
	bnd = 86336.968750
	its = 64
	hyp = 1413 / 10674
	cut = 507
912559 [0, 86197]: LP
	bnd = 86336.046875
	its = 58
	hyp = 1353 / 10940
	cut = 522
965471 [0, 86197]: LP
	bnd = 86335.000000
	its = 63
	hyp = 1447 / 11325
	cut = 537
1018982 [0, 86197]: LP
	bnd = 86334.257812
	its = 61
	hyp = 1499 / 11661
	cut = 552
1078750 [0, 86197]: LP
	bnd = 86333.265625
	its = 66
	hyp = 1491 / 12043
	cut = 567
1135447 [0, 86197]: LP
	bnd = 86332.476562
	its = 63
	hyp = 1594 / 12376
	cut = 582
1196573 [0, 86197]: LP
	bnd = 86331.781250
	its = 64
	hyp = 1614 / 12757
	cut = 597
1255893 [0, 86197]: LP
	bnd = 86331.125000
	its = 60
	hyp = 1632 / 13082
	cut = 612
1311787 [0, 86197]: LP
	bnd = 86330.500000
	its = 57
	hyp = 1571 / 13367
	cut = 627
1371788 [0, 86197]: LP
	bnd = 86329.773438
	its = 62
	hyp = 1739 / 13721
	cut = 642
1436783 [0, 86197]: LP
	bnd = 86329.335938
	its = 65
	hyp = 1668 / 14037
	cut = 657
1505186 [0, 86197]: LP
	bnd = 86328.796875
	its = 65
	hyp = 1770 / 14396
	cut = 672
1575253 [0, 86197]: LP
	bnd = 86328.398438
	its = 65
	hyp = 1725 / 14703
	cut = 687
1639149 [0, 86197]: LP
	bnd = 86327.960938
	its = 59
	hyp = 1747 / 14964
	cut = 702
1723434 [0, 86197]: LP
	bnd = 86327.476562
	its = 66
	hyp = 1719 / 15296
	cut = 717
1806445 [0, 86197]: LP
	bnd = 86326.984375
	its = 70
	hyp = 1816 / 15646
	cut = 732
1881707 [0, 86197]: LP
	bnd = 86326.609375
	its = 62
	hyp = 1880 / 15908
	cut = 747
1967401 [0, 86197]: LP
	bnd = 86326.187500
	its = 64
	hyp = 1947 / 16250
	cut = 762
2054170 [0, 86197]: LP
	bnd = 86325.820312
	its = 67
	hyp = 1874 / 16590
	cut = 777
2153548 [0, 86197]: LP
	bnd = 86325.375000
	its = 77
	hyp = 1962 / 16953
	cut = 792
2251631 [0, 86197]: LP
	bnd = 86324.984375
	its = 70
	hyp = 1978 / 17274
	cut = 807
2337377 [0, 86197]: LP
	bnd = 86324.609375
	its = 60
	hyp = 1992 / 17562
	cut = 822
2429342 [0, 86197]: LP
	bnd = 86324.281250
	its = 66
	hyp = 2035 / 17894
	cut = 838
2542164 [0, 86197]: LP
	bnd = 86323.906250
	its = 69
	hyp = 2006 / 18259
	cut = 854
2650191 [0, 86197]: LP
	bnd = 86323.546875
	its = 71
	hyp = 1989 / 18596
	cut = 870
2752896 [0, 86197]: LP
	bnd = 86323.257812
	its = 63
	hyp = 2039 / 18905
	cut = 885
2856730 [0, 86197]: LP
	bnd = 86322.960938
	its = 59
	hyp = 1896 / 19153
	cut = 900
3004179 [0, 86197]: LP
	bnd = 86322.578125
	its = 69
	hyp = 2093 / 19518
	cut = 915
3125297 [0, 86197]: LP
	bnd = 86322.242188
	its = 66
	hyp = 1980 / 19842
	cut = 930
3249794 [0, 86197]: LP
	bnd = 86321.882812
	its = 74
	hyp = 2173 / 20195
	cut = 945
3361909 [0, 86197]: LP
	bnd = 86321.570312
	its = 57
	hyp = 2065 / 20441
	cut = 960
3516237 [0, 86197]: LP
	bnd = 86321.171875
	its = 79
	hyp = 2249 / 20866
	cut = 975
3623490 [0, 86197]: LP
	bnd = 86320.890625
	its = 58
	hyp = 2143 / 21134
	cut = 990
3754157 [0, 86197]: LP
	bnd = 86320.640625
	its = 66
	hyp = 2194 / 21459
	cut = 1005
3876259 [0, 86197]: LP
	bnd = 86320.375000
	its = 65
	hyp = 2158 / 21737
	cut = 1020
4023467 [0, 86197]: LP
	bnd = 86320.093750
	its = 72
	hyp = 2256 / 22110
	cut = 1035
4156982 [0, 86197]: LP
	bnd = 86319.843750
	its = 61
	hyp = 2224 / 22424
	cut = 1050
4297211 [0, 86197]: LP
	bnd = 86319.578125
	its = 65
	hyp = 2179 / 22722
	cut = 1065
4450826 [0, 86197]: LP
	bnd = 86319.265625
	its = 65
	hyp = 2254 / 23077
	cut = 1080
4627932 [0, 86197]: LP
	bnd = 86318.937500
	its = 76
	hyp = 2214 / 23416
	cut = 1095
4811173 [0, 86197]: LP
	bnd = 86318.664062
	its = 69
	hyp = 2273 / 23731
	cut = 1110
4979969 [0, 86197]: LP
	bnd = 86318.421875
	its = 69
	hyp = 2345 / 24059
	cut = 1125
5152093 [0, 86197]: LP
	bnd = 86318.125000
	its = 71
	hyp = 2270 / 24397
	cut = 1140
5329133 [0, 86197]: LP
	bnd = 86317.906250
	its = 73
	hyp = 2405 / 24707
	cut = 1155
5501173 [0, 86197]: LP
	bnd = 86317.656250
	its = 72
	hyp = 2247 / 25012
	cut = 1170
5672385 [0, 86197]: LP
	bnd = 86317.414062
	its = 67
	hyp = 2365 / 25326
	cut = 1185
5889058 [0, 86197]: LP
	bnd = 86317.210938
	its = 80
	hyp = 2434 / 25701
	cut = 1200
6061439 [0, 86197]: LP
	bnd = 86316.960938
	its = 65
	hyp = 2408 / 26002
	cut = 1215
6389777 [0, 86197]: LP
	bnd = 86316.734375
	its = 78
	hyp = 2493 / 26392
	cut = 1230
6616269 [0, 86197]: LP
	bnd = 86316.531250
	its = 71
	hyp = 2504 / 26703
	cut = 1245
6671058 [85297, 86111]: LABEL
	tot = 136480912
	max = 201458
6857170 [85297, 86111]: LP
	bnd = 86316.296875
	its = 79
	hyp = 2483 / 27081
	cut = 1260
7064701 [85297, 86111]: LP
	bnd = 86316.078125
	its = 70
	hyp = 2505 / 27436
	cut = 1275
