hypergraph with 56385 vertices and 5907451 hyperarcs generated in 2726
17543 [0, 82870]: LP
	bnd = 82870.289062
	its = 60
	hyp = 332 / 1373
	cut = 0
17561 [0, 82870]: HEURISTIC 3
17574 [0, 82870]: HEURISTIC 9
17587 [0, 82870]: LABEL
	tot = 486
	max = 4
18104 [0, 82787]: LABEL
	tot = 20750
	max = 123
25285 [0, 82787]: LP
	bnd = 82866.570312
	its = 19
	hyp = 400 / 1905
	cut = 13
31196 [0, 82704]: LABEL
	tot = 474745
	max = 1549
33487 [0, 82704]: LP
	bnd = 82864.875000
	its = 21
	hyp = 382 / 2261
	cut = 26
43135 [0, 82704]: LP
	bnd = 82859.625000
	its = 25
	hyp = 405 / 2544
	cut = 39
51165 [0, 82704]: LP
	bnd = 82857.062500
	its = 20
	hyp = 457 / 2747
	cut = 52
59458 [0, 82704]: LP
	bnd = 82853.945312
	its = 20
	hyp = 507 / 2987
	cut = 65
69560 [0, 82704]: LP
	bnd = 82850.015625
	its = 25
	hyp = 547 / 3252
	cut = 78
79910 [0, 82704]: LP
	bnd = 82847.710938
	its = 26
	hyp = 503 / 3499
	cut = 91
91468 [0, 82704]: LP
	bnd = 82843.265625
	its = 29
	hyp = 596 / 3730
	cut = 104
108462 [0, 82704]: LP
	bnd = 82836.140625
	its = 42
	hyp = 602 / 4082
	cut = 117
125691 [0, 82704]: LP
	bnd = 82831.789062
	its = 42
	hyp = 672 / 4415
	cut = 130
139355 [0, 82704]: LP
	bnd = 82829.390625
	its = 32
	hyp = 610 / 4685
	cut = 143
150833 [0, 82704]: LP
	bnd = 82826.125000
	its = 26
	hyp = 723 / 4918
	cut = 156
164890 [0, 82704]: LP
	bnd = 82822.734375
	its = 32
	hyp = 736 / 5172
	cut = 169
	restart
182841 [0, 82704]: LP
	bnd = 82820.812500
	its = 39
	hyp = 685 / 5462
	cut = 182
199656 [0, 82704]: LP
	bnd = 82818.812500
	its = 37
	hyp = 843 / 5732
	cut = 195
216930 [0, 82704]: LP
	bnd = 82815.835938
	its = 38
	hyp = 777 / 5992
	cut = 208
233442 [0, 82704]: LP
	bnd = 82812.757812
	its = 35
	hyp = 981 / 6170
	cut = 221
250491 [0, 82704]: LP
	bnd = 82810.164062
	its = 36
	hyp = 780 / 6400
	cut = 234
257126 [82125, 82621]: LABEL
	tot = 3267687
	max = 9006
268671 [82125, 82621]: LP
	bnd = 82808.351562
	its = 38
	hyp = 920 / 6621
	cut = 247
289302 [82125, 82621]: LP
	bnd = 82806.421875
	its = 42
	hyp = 1017 / 6894
	cut = 260
307083 [82125, 82621]: LP
	bnd = 82804.960938
	its = 36
	hyp = 1032 / 7109
	cut = 273
328364 [82125, 82621]: LP
	bnd = 82803.460938
	its = 40
	hyp = 1086 / 7401
	cut = 286
354391 [82125, 82621]: LP
	bnd = 82801.625000
	its = 49
	hyp = 1051 / 7728
	cut = 299
378182 [82125, 82621]: LP
	bnd = 82800.351562
	its = 45
	hyp = 1036 / 8050
	cut = 312
398951 [82125, 82621]: LP
	bnd = 82799.187500
	its = 38
	hyp = 1138 / 8240
	cut = 325
421013 [82125, 82621]: LP
	bnd = 82798.437500
	its = 39
	hyp = 1244 / 8493
	cut = 338
442848 [82125, 82621]: LP
	bnd = 82797.609375
	its = 38
	hyp = 1229 / 8725
	cut = 351
466775 [82125, 82621]: LP
	bnd = 82796.453125
	its = 37
	hyp = 1120 / 8977
	cut = 364
493161 [82125, 82621]: LP
	bnd = 82795.328125
	its = 44
	hyp = 1290 / 9205
	cut = 377
523049 [82125, 82621]: LP
	bnd = 82794.617188
	its = 47
	hyp = 1331 / 9506
	cut = 390
548885 [82125, 82621]: LP
	bnd = 82793.671875
	its = 40
	hyp = 1322 / 9758
	cut = 403
585970 [82125, 82621]: LP
	bnd = 82792.625000
	its = 55
	hyp = 1460 / 10080
	cut = 416
619488 [82125, 82621]: LP
	bnd = 82791.398438
	its = 49
	hyp = 1342 / 10418
	cut = 429
659941 [82125, 82621]: LP
	bnd = 82790.617188
	its = 56
	hyp = 1279 / 10766
	cut = 442
692742 [82125, 82621]: LP
	bnd = 82789.953125
	its = 44
	hyp = 1304 / 11034
	cut = 456
729078 [82125, 82621]: LP
	bnd = 82789.343750
	its = 49
	hyp = 1404 / 11358
	cut = 470
775992 [82125, 82621]: LP
	bnd = 82788.679688
	its = 62
	hyp = 1593 / 11773
	cut = 484
819908 [82125, 82621]: LP
	bnd = 82788.210938
	its = 56
	hyp = 1479 / 12145
	cut = 498
852013 [82125, 82621]: LP
	bnd = 82787.515625
	its = 41
	hyp = 1531 / 12378
	cut = 512
889452 [82125, 82621]: LP
	bnd = 82787.062500
	its = 47
	hyp = 1646 / 12658
	cut = 526
935247 [82125, 82621]: LP
	bnd = 82786.664062
	its = 60
	hyp = 1687 / 13065
	cut = 540
985680 [82125, 82621]: LP
	bnd = 82786.242188
	its = 59
	hyp = 1515 / 13397
	cut = 554
1024866 [82125, 82621]: LP
	bnd = 82785.976562
	its = 42
	hyp = 1714 / 13633
	cut = 568
1094142 [82125, 82621]: LP
	bnd = 82785.515625
	its = 67
	hyp = 1710 / 14042
	cut = 582
1143462 [82125, 82621]: LP
	bnd = 82785.039062
	its = 51
	hyp = 1670 / 14329
	cut = 596
1194692 [82125, 82621]: LP
	bnd = 82784.625000
	its = 48
	hyp = 1669 / 14654
	cut = 610
1254503 [82125, 82621]: LP
	bnd = 82783.984375
	its = 54
	hyp = 1526 / 14960
	cut = 624
1313551 [82125, 82621]: LP
	bnd = 82783.468750
	its = 60
	hyp = 1645 / 15276
	cut = 638
1363023 [82125, 82621]: LP
	bnd = 82783.062500
	its = 45
	hyp = 1583 / 15498
	cut = 652
1431390 [82125, 82621]: LP
	bnd = 82782.601562
	its = 61
	hyp = 1793 / 15853
	cut = 666
1485322 [82125, 82621]: LP
	bnd = 82782.289062
	its = 47
	hyp = 1707 / 16090
	cut = 680
1556858 [82125, 82621]: LP
	bnd = 82781.976562
	its = 63
	hyp = 1869 / 16437
	cut = 694
1632739 [82125, 82621]: LP
	bnd = 82781.625000
	its = 64
	hyp = 1823 / 16755
	cut = 708
1703321 [82125, 82621]: LP
	bnd = 82781.351562
	its = 55
	hyp = 1760 / 17029
	cut = 722
1772456 [82125, 82621]: LP
	bnd = 82781.101562
	its = 54
	hyp = 1845 / 17343
	cut = 736
1846518 [82125, 82621]: LP
	bnd = 82780.796875
	its = 58
	hyp = 1817 / 17643
	cut = 750
1926099 [82125, 82621]: LP
	bnd = 82780.507812
	its = 61
	hyp = 1888 / 17974
	cut = 764
1994652 [82125, 82621]: LP
	bnd = 82780.046875
	its = 48
	hyp = 1917 / 18185
	cut = 778
2087815 [82125, 82621]: LP
	bnd = 82779.734375
	its = 60
	hyp = 1694 / 18486
	cut = 792
2155864 [82125, 82621]: LP
	bnd = 82779.304688
	its = 45
	hyp = 1730 / 18709
	cut = 806
2244664 [82125, 82621]: LP
	bnd = 82779.062500
	its = 62
	hyp = 1818 / 18974
	cut = 820
2335679 [82125, 82621]: LP
	bnd = 82778.750000
	its = 60
	hyp = 1776 / 19280
	cut = 834
2404219 [82125, 82621]: LP
	bnd = 82778.515625
	its = 49
	hyp = 2041 / 19545
	cut = 848
2501206 [82125, 82621]: LP
	bnd = 82778.273438
	its = 58
	hyp = 2019 / 19883
	cut = 862
2554424 [82328, 82539]: LABEL
	tot = 46032492
	max = 151873
2584746 [82328, 82539]: LP
	bnd = 82778.062500
	its = 57
	hyp = 1970 / 20154
	cut = 876
2668588 [82328, 82539]: LP
	bnd = 82777.898438
	its = 57
	hyp = 1978 / 20432
	cut = 890
2759946 [82328, 82539]: LP
	bnd = 82777.687500
	its = 54
	hyp = 1945 / 20687
	cut = 904
2868999 [82328, 82539]: LP
	bnd = 82777.429688
	its = 64
	hyp = 1980 / 21025
	cut = 919
2949777 [82328, 82539]: LP
	bnd = 82777.226562
	its = 54
	hyp = 2070 / 21325
	cut = 934
3051667 [82328, 82539]: LP
	bnd = 82777.070312
	its = 55
	hyp = 2040 / 21657
	cut = 949
3141796 [82328, 82539]: LP
	bnd = 82776.882812
	its = 54
	hyp = 2065 / 21911
	cut = 964
3235157 [82328, 82539]: LP
	bnd = 82776.718750
	its = 53
	hyp = 1997 / 22196
	cut = 979
3359274 [82328, 82539]: LP
	bnd = 82776.570312
	its = 51
	hyp = 1993 / 22473
	cut = 994
3474354 [82328, 82539]: LP
	bnd = 82776.367188
	its = 47
	hyp = 2002 / 22738
	cut = 1009
3601900 [82328, 82539]: LP
	bnd = 82776.164062
	its = 49
	hyp = 2027 / 22994
	cut = 1024
3791446 [82328, 82539]: LP
	bnd = 82775.953125
	its = 63
	hyp = 2069 / 23373
	cut = 1038
3916028 [82328, 82539]: LP
	bnd = 82775.828125
	its = 49
	hyp = 2143 / 23627
	cut = 1054
4065563 [82328, 82539]: LP
	bnd = 82775.695312
	its = 59
	hyp = 2153 / 23960
	cut = 1070
4216177 [82328, 82539]: LP
	bnd = 82775.507812
	its = 65
	hyp = 2247 / 24271
	cut = 1086
4340430 [82328, 82539]: LP
	bnd = 82775.343750
	its = 57
	hyp = 2172 / 24513
	cut = 1102
4503234 [82328, 82539]: LP
	bnd = 82775.203125
	its = 73
	hyp = 2199 / 24842
	cut = 1118
4608360 [82328, 82539]: LP
	bnd = 82775.046875
	its = 39
	hyp = 2232 / 25077
	cut = 1134
4760875 [82328, 82539]: LP
	bnd = 82774.890625
	its = 61
	hyp = 2123 / 25359
	cut = 1149
4899129 [82328, 82539]: LP
	bnd = 82774.750000
	its = 59
	hyp = 2231 / 25663
	cut = 1164
5021190 [82328, 82539]: LP
	bnd = 82774.632812
	its = 50
	hyp = 2132 / 25913
	cut = 1179
5176052 [82328, 82539]: LP
	bnd = 82774.515625
	its = 49
	hyp = 2119 / 26193
	cut = 1194
5334775 [82328, 82539]: LP
	bnd = 82774.335938
	its = 54
	hyp = 2224 / 26425
	cut = 1209
5578415 [82328, 82539]: LP
	bnd = 82774.195312
	its = 61
	hyp = 2187 / 26732
	cut = 1225
5823425 [82328, 82539]: LP
	bnd = 82774.070312
	its = 52
	hyp = 2370 / 26990
	cut = 1240
6044705 [82328, 82539]: LP
	bnd = 82773.945312
	its = 62
	hyp = 2316 / 27298
	cut = 1255
6234822 [82328, 82539]: LP
	bnd = 82773.812500
	its = 59
	hyp = 2293 / 27611
	cut = 1271
6404640 [82328, 82539]: LP
	bnd = 82773.710938
	its = 62
	hyp = 2348 / 27868
	cut = 1286
6555154 [82328, 82539]: LP
	bnd = 82773.609375
	its = 56
	hyp = 2448 / 28142
	cut = 1302
6842288 [82328, 82539]: LP
	bnd = 82773.484375
	its = 65
	hyp = 2424 / 28491
	cut = 1318
7009015 [82328, 82539]: LP
	bnd = 82773.398438
	its = 52
	hyp = 2348 / 28736
	cut = 1334
