hypergraph with 19626 vertices and 1059459 hyperarcs generated in 503
807 [0, 30675]: LP
	bnd = 30675.619141
	its = 10
	hyp = 98 / 187
	cut = 0
810 [0, 30675]: HEURISTIC 3
811 [0, 30675]: LABEL
	tot = 22
	max = 1
817 [0, 30644]: LABEL
	tot = 293
	max = 2
823 [0, 30614]: LABEL
	tot = 423
	max = 3
829 [0, 30583]: LABEL
	tot = 439
	max = 3
840 [0, 30553]: LABEL
	tot = 965
	max = 5
854 [0, 30522]: LABEL
	tot = 1258
	max = 6
871 [0, 30492]: LABEL
	tot = 1527
	max = 8
892 [0, 30461]: LABEL
	tot = 2032
	max = 10
922 [0, 30431]: LABEL
	tot = 2762
	max = 16
966 [0, 30400]: LABEL
	tot = 4190
	max = 26
1023 [30262, 30370]: LABEL
	tot = 5577
	max = 36
1126 [30352, 30352]: LABEL
	tot = 7545
	max = 54
