hypergraph with 20357 vertices and 1256739 hyperarcs generated in 780
2244 [0, 32364]: LP
	bnd = 32364.933594
	its = 28
	hyp = 165 / 544
	cut = 0
2248 [0, 32364]: HEURISTIC 3
2251 [0, 32364]: LABEL
	tot = 58
	max = 1
2258 [0, 32332]: LABEL
	tot = 418
	max = 3
2274 [0, 32300]: LABEL
	tot = 1027
	max = 5
2300 [0, 32267]: LABEL
	tot = 2070
	max = 12
2349 [0, 32235]: LABEL
	tot = 4121
	max = 23
2455 [0, 32203]: LABEL
	tot = 7392
	max = 36
2619 [0, 32171]: LABEL
	tot = 13162
	max = 56
2882 [0, 32139]: LABEL
	tot = 23041
	max = 88
3305 [32027, 32106]: LABEL
	tot = 40399
	max = 147
3476 [32027, 32106]: LP
	bnd = 32356.085938
	its = 12
	hyp = 183 / 756
	cut = 8
3986 [32027, 32074]: LABEL
	tot = 68271
	max = 229
4749 [32027, 32074]: LP
	bnd = 32347.835938
	its = 13
	hyp = 235 / 892
	cut = 18
5412 [32027, 32042]: LABEL
	tot = 147641
	max = 570
6326 [32027, 32042]: LP
	bnd = 32342.371094
	its = 16
	hyp = 282 / 1057
	cut = 28
7815 [32027, 32042]: LP
	bnd = 32338.132812
	its = 15
	hyp = 259 / 1143
	cut = 38
7913 [32027, 32027]: LABEL
	tot = 262479
	max = 1378
