hypergraph with 18518 vertices and 936330 hyperarcs generated in 533
729 [0, 30397]: LP
	bnd = 30397.314453
	its = 9
	hyp = 87 / 190
	cut = 0
735 [0, 30397]: HEURISTIC 3
739 [30083, 30397]: LABEL
	tot = 225
	max = 2
744 [30083, 30366]: LABEL
	tot = 348
	max = 2
750 [30083, 30336]: LABEL
	tot = 422
	max = 2
759 [30083, 30306]: LABEL
	tot = 716
	max = 4
771 [30083, 30275]: LABEL
	tot = 971
	max = 8
790 [30083, 30245]: LABEL
	tot = 1616
	max = 25
818 [30106, 30215]: LABEL
	tot = 2320
	max = 35
854 [30106, 30185]: LABEL
	tot = 3225
	max = 47
930 [30106, 30154]: LABEL
	tot = 5311
	max = 83
1020 [30106, 30124]: LABEL
	tot = 7453
	max = 130
1132 [30106, 30106]: LABEL
	tot = 9025
	max = 154
