hypergraph with 19202 vertices and 1054593 hyperarcs generated in 421
1457 [0, 31360]: LP
	bnd = 31360.410156
	its = 20
	hyp = 149 / 328
	cut = 0
1462 [0, 31360]: HEURISTIC 3
1466 [0, 31360]: LABEL
	tot = 208
	max = 1
1471 [0, 31329]: LABEL
	tot = 383
	max = 3
1477 [0, 31297]: LABEL
	tot = 441
	max = 3
1485 [0, 31266]: LABEL
	tot = 847
	max = 6
1498 [0, 31235]: LABEL
	tot = 1297
	max = 7
1516 [0, 31203]: LABEL
	tot = 1908
	max = 9
1547 [0, 31172]: LABEL
	tot = 2494
	max = 12
1601 [0, 31141]: LABEL
	tot = 3454
	max = 18
1668 [0, 31110]: LABEL
	tot = 5027
	max = 24
1750 [0, 31079]: LABEL
	tot = 7011
	max = 32
1859 [0, 31048]: LABEL
	tot = 9455
	max = 45
2006 [0, 31017]: LABEL
	tot = 13140
	max = 62
2213 [0, 30986]: LABEL
	tot = 19238
	max = 94
2498 [0, 30955]: LABEL
	tot = 26564
	max = 148
2876 [0, 30924]: LABEL
	tot = 35701
	max = 204
3100 [0, 30924]: LP
	bnd = 31334.234375
	its = 19
	hyp = 177 / 698
	cut = 9
	restart
3604 [0, 30893]: LABEL
	tot = 44671
	max = 190
4274 [0, 30862]: LABEL
	tot = 61190
	max = 263
4455 [0, 30862]: LP
	bnd = 31300.695312
	its = 15
	hyp = 212 / 797
	cut = 18
	restart
5156 [30582, 30831]: LABEL
	tot = 64218
	max = 175
5965 [30582, 30831]: LP
	bnd = 31277.589844
	its = 17
	hyp = 225 / 951
	cut = 27
	restart
6930 [30582, 30800]: LABEL
	tot = 93135
	max = 243
7255 [30582, 30800]: LP
	bnd = 31252.980469
	its = 14
	hyp = 270 / 1055
	cut = 36
	restart
8409 [30582, 30769]: LABEL
	tot = 113751
	max = 239
8578 [30582, 30769]: LP
	bnd = 31234.619141
	its = 14
	hyp = 301 / 1161
	cut = 45
	restart
9904 [30582, 30769]: LP
	bnd = 31229.906250
	its = 14
	hyp = 338 / 1256
	cut = 54
10085 [30582, 30739]: LABEL
	tot = 150763
	max = 274
11580 [30582, 30739]: LP
	bnd = 31208.447266
	its = 18
	hyp = 328 / 1333
	cut = 63
	restart
13129 [30582, 30708]: LABEL
	tot = 181561
	max = 458
13489 [30582, 30708]: LP
	bnd = 31202.671875
	its = 21
	hyp = 366 / 1455
	cut = 72
15177 [30677, 30677]: LABEL
	tot = 241430
	max = 626
15426 [30677, 30677]: LP
	bnd = 31187.623047
	its = 21
	hyp = 315 / 1604
	cut = 81
17172 [30677, 30677]: LABEL
	tot = 237957
	max = 608
