hypergraph with 20355 vertices and 1178517 hyperarcs generated in 909
978 [0, 32252]: LP
	bnd = 32252.750000
	its = 10
	hyp = 49 / 144
	cut = 0
983 [0, 32252]: HEURISTIC 3
987 [0, 32252]: LABEL
	tot = 107
	max = 1
992 [0, 32220]: LABEL
	tot = 244
	max = 2
998 [0, 32188]: LABEL
	tot = 275
	max = 3
1004 [0, 32156]: LABEL
	tot = 325
	max = 3
1013 [0, 32123]: LABEL
	tot = 468
	max = 3
1026 [0, 32091]: LABEL
	tot = 684
	max = 4
1044 [0, 32059]: LABEL
	tot = 1166
	max = 11
1069 [0, 32027]: LABEL
	tot = 1763
	max = 16
1104 [0, 31995]: LABEL
	tot = 2310
	max = 18
1150 [31909, 31963]: LABEL
	tot = 3228
	max = 32
1221 [31961, 31961]: LABEL
	tot = 5189
	max = 49
