hypergraph with 17933 vertices and 845581 hyperarcs generated in 529
1002 [0, 31292]: LP
	bnd = 31292.923828
	its = 14
	hyp = 118 / 291
	cut = 0
1007 [0, 31292]: HEURISTIC 3
1012 [0, 31292]: LABEL
	tot = 200
	max = 1
1017 [0, 31261]: LABEL
	tot = 366
	max = 3
1023 [0, 31230]: LABEL
	tot = 419
	max = 3
1033 [0, 31199]: LABEL
	tot = 678
	max = 4
1046 [0, 31167]: LABEL
	tot = 905
	max = 5
1065 [0, 31136]: LABEL
	tot = 1407
	max = 6
1093 [0, 31105]: LABEL
	tot = 2133
	max = 9
1132 [0, 31074]: LABEL
	tot = 3119
	max = 13
1180 [0, 31043]: LABEL
	tot = 3897
	max = 15
1243 [0, 31012]: LABEL
	tot = 5535
	max = 21
1323 [0, 30981]: LABEL
	tot = 7401
	max = 28
1432 [30870, 30950]: LABEL
	tot = 10614
	max = 48
1457 [30870, 30950]: LP
	bnd = 31292.923828
	its = 5
	hyp = 130 / 427
	cut = 5
1578 [30923, 30923]: LABEL
	tot = 14349
	max = 62
