hypergraph with 21075 vertices and 1248839 hyperarcs generated in 864
1419 [0, 31656]: LP
	bnd = 31656.025391
	its = 16
	hyp = 130 / 272
	cut = 0
1423 [0, 31656]: HEURISTIC 3
1426 [0, 31656]: LABEL
	tot = 14
	max = 1
1434 [0, 31624]: LABEL
	tot = 358
	max = 1
1446 [0, 31592]: LABEL
	tot = 656
	max = 3
1466 [0, 31561]: LABEL
	tot = 1203
	max = 5
1497 [0, 31529]: LABEL
	tot = 1986
	max = 8
1546 [0, 31498]: LABEL
	tot = 3244
	max = 17
1620 [0, 31466]: LABEL
	tot = 5180
	max = 28
1732 [0, 31435]: LABEL
	tot = 8528
	max = 57
1901 [31012, 31403]: LABEL
	tot = 13899
	max = 100
2158 [31012, 31372]: LABEL
	tot = 22620
	max = 166
2548 [31025, 31340]: LABEL
	tot = 36833
	max = 301
3013 [31025, 31340]: LP
	bnd = 31634.693359
	its = 17
	hyp = 170 / 553
	cut = 7
	restart
3468 [31025, 31309]: LABEL
	tot = 40729
	max = 287
4149 [31025, 31278]: LABEL
	tot = 65611
	max = 497
4671 [31025, 31278]: LP
	bnd = 31618.919922
	its = 18
	hyp = 189 / 647
	cut = 15
5146 [31025, 31246]: LABEL
	tot = 105692
	max = 903
5817 [31025, 31246]: LP
	bnd = 31614.496094
	its = 11
	hyp = 163 / 699
	cut = 23
6549 [31025, 31215]: LABEL
	tot = 153117
	max = 1343
7312 [31025, 31215]: LP
	bnd = 31608.492188
	its = 15
	hyp = 266 / 789
	cut = 31
8921 [31025, 31184]: LABEL
	tot = 281944
	max = 2266
9067 [31025, 31184]: LP
	bnd = 31601.302734
	its = 18
	hyp = 259 / 872
	cut = 39
10959 [31025, 31184]: LP
	bnd = 31567.744141
	its = 19
	hyp = 238 / 1017
	cut = 47
	restart
12428 [31025, 31184]: LP
	bnd = 31562.064453
	its = 14
	hyp = 215 / 1085
	cut = 55
13046 [31025, 31153]: LABEL
	tot = 232490
	max = 2100
14260 [31025, 31153]: LP
	bnd = 31552.062500
	its = 18
	hyp = 242 / 1158
	cut = 63
16338 [31025, 31153]: LP
	bnd = 31541.691406
	its = 21
	hyp = 271 / 1290
	cut = 71
	restart
18836 [31025, 31153]: LP
	bnd = 31535.189453
	its = 25
	hyp = 360 / 1409
	cut = 79
19574 [31025, 31122]: LABEL
	tot = 381841
	max = 2794
21095 [31025, 31122]: LP
	bnd = 31526.685547
	its = 22
	hyp = 391 / 1534
	cut = 87
23334 [31025, 31122]: LP
	bnd = 31520.796875
	its = 21
	hyp = 404 / 1633
	cut = 95
24184 [31025, 31091]: LABEL
	tot = 559321
	max = 4262
26184 [31025, 31091]: LP
	bnd = 31517.332031
	its = 28
	hyp = 432 / 1760
	cut = 103
29113 [31025, 31091]: LP
	bnd = 31512.486328
	its = 28
	hyp = 419 / 1883
	cut = 111
31284 [31025, 31059]: LABEL
	tot = 874316
	max = 6956
32108 [31025, 31059]: LP
	bnd = 31507.978516
	its = 29
	hyp = 475 / 2004
	cut = 119
35798 [31025, 31059]: LP
	bnd = 31503.378906
	its = 35
	hyp = 477 / 2141
	cut = 127
39834 [31025, 31059]: LP
	bnd = 31498.658203
	its = 36
	hyp = 636 / 2316
	cut = 135
42554 [31054, 31054]: LABEL
	tot = 1388256
	max = 11088
