hypergraph with 58857 vertices and 6632302 hyperarcs generated in 2501
20980 [0, 80639]: LP
	bnd = 80639.375000
	its = 70
	hyp = 496 / 1976
	cut = 0
21103 [0, 80639]: HEURISTIC 3
21222 [0, 80639]: LABEL
	tot = 594
	max = 1
38514 [0, 80639]: LP
	bnd = 80639.375000
	its = 42
	hyp = 491 / 3123
	cut = 21
43986 [0, 80558]: LABEL
	tot = 1105442
	max = 390
51594 [0, 80558]: LP
	bnd = 80639.375000
	its = 30
	hyp = 640 / 3570
	cut = 42
85379 [0, 80558]: LP
	bnd = 80639.085938
	its = 81
	hyp = 655 / 4428
	cut = 63
114227 [0, 80558]: LP
	bnd = 80636.171875
	its = 65
	hyp = 799 / 5022
	cut = 84
141558 [0, 80558]: LP
	bnd = 80634.265625
	its = 57
	hyp = 874 / 5567
	cut = 105
174273 [0, 80558]: LP
	bnd = 80629.500000
	its = 69
	hyp = 924 / 6186
	cut = 126
212003 [0, 80558]: LP
	bnd = 80626.882812
	its = 77
	hyp = 1115 / 6794
	cut = 148
244760 [0, 80558]: LP
	bnd = 80624.187500
	its = 62
	hyp = 1076 / 7292
	cut = 170
292030 [0, 80558]: LP
	bnd = 80620.906250
	its = 86
	hyp = 1212 / 7962
	cut = 193
330086 [0, 80558]: LP
	bnd = 80617.835938
	its = 69
	hyp = 1117 / 8380
	cut = 216
380113 [0, 80558]: LP
	bnd = 80615.468750
	its = 85
	hyp = 1418 / 8944
	cut = 239
430411 [0, 80558]: LP
	bnd = 80613.398438
	its = 82
	hyp = 1403 / 9459
	cut = 262
483421 [0, 80558]: LP
	bnd = 80611.062500
	its = 87
	hyp = 1505 / 9971
	cut = 285
541784 [0, 80558]: LP
	bnd = 80609.445312
	its = 84
	hyp = 1445 / 10441
	cut = 308
590379 [0, 80558]: LP
	bnd = 80607.171875
	its = 65
	hyp = 1432 / 10796
	cut = 331
657838 [0, 80558]: LP
	bnd = 80604.234375
	its = 92
	hyp = 1567 / 11300
	cut = 354
723072 [0, 80558]: LP
	bnd = 80602.562500
	its = 91
	hyp = 1564 / 11795
	cut = 377
787622 [0, 80558]: LP
	bnd = 80600.875000
	its = 83
	hyp = 1632 / 12279
	cut = 400
867492 [0, 80558]: LP
	bnd = 80597.843750
	its = 101
	hyp = 1640 / 12823
	cut = 423
	restart
933322 [0, 80558]: LP
	bnd = 80595.765625
	its = 80
	hyp = 1769 / 13178
	cut = 447
998478 [0, 80478]: LABEL
	tot = 12309688
	max = 6525
1009809 [0, 80478]: LP
	bnd = 80594.359375
	its = 90
	hyp = 1841 / 13598
	cut = 471
1091089 [0, 80478]: LP
	bnd = 80592.890625
	its = 91
	hyp = 1984 / 14073
	cut = 495
1180184 [0, 80478]: LP
	bnd = 80591.515625
	its = 95
	hyp = 1972 / 14483
	cut = 519
1273122 [0, 80478]: LP
	bnd = 80590.234375
	its = 94
	hyp = 1941 / 14945
	cut = 543
1378652 [0, 80478]: LP
	bnd = 80588.914062
	its = 110
	hyp = 2031 / 15444
	cut = 567
1469780 [0, 80478]: LP
	bnd = 80587.828125
	its = 90
	hyp = 2061 / 15890
	cut = 591
1582759 [0, 80478]: LP
	bnd = 80586.539062
	its = 105
	hyp = 2122 / 16359
	cut = 616
1688797 [0, 80478]: LP
	bnd = 80585.382812
	its = 93
	hyp = 2103 / 16822
	cut = 641
1811073 [0, 80478]: LP
	bnd = 80584.507812
	its = 113
	hyp = 2301 / 17312
	cut = 666
1927350 [0, 80478]: LP
	bnd = 80583.734375
	its = 98
	hyp = 2361 / 17731
	cut = 691
2048416 [0, 80478]: LP
	bnd = 80583.046875
	its = 103
	hyp = 2352 / 18200
	cut = 716
2149356 [0, 80478]: LP
	bnd = 80582.460938
	its = 83
	hyp = 2295 / 18551
	cut = 741
2275443 [0, 80478]: LP
	bnd = 80581.843750
	its = 99
	hyp = 2307 / 18923
	cut = 766
2380545 [0, 80478]: LP
	bnd = 80581.312500
	its = 84
	hyp = 2495 / 19277
	cut = 791
2507366 [0, 80478]: LP
	bnd = 80580.656250
	its = 92
	hyp = 2438 / 19648
	cut = 816
2646305 [0, 80478]: LP
	bnd = 80580.078125
	its = 96
	hyp = 2509 / 20059
	cut = 841
2787729 [0, 80478]: LP
	bnd = 80579.554688
	its = 99
	hyp = 2561 / 20439
	cut = 866
2934938 [0, 80478]: LP
	bnd = 80578.937500
	its = 96
	hyp = 2611 / 20851
	cut = 891
3074011 [0, 80478]: LP
	bnd = 80578.429688
	its = 94
	hyp = 2619 / 21256
	cut = 916
3215830 [0, 80478]: LP
	bnd = 80577.968750
	its = 87
	hyp = 2615 / 21597
	cut = 941
3357595 [0, 80478]: LP
	bnd = 80577.546875
	its = 92
	hyp = 2612 / 21929
	cut = 966
3514380 [0, 80478]: LP
	bnd = 80577.132812
	its = 97
	hyp = 2732 / 22297
	cut = 991
3660620 [0, 80478]: LP
	bnd = 80576.726562
	its = 92
	hyp = 2707 / 22609
	cut = 1017
3833754 [0, 80478]: LP
	bnd = 80576.210938
	its = 97
	hyp = 2711 / 22973
	cut = 1043
3985119 [0, 80478]: LP
	bnd = 80575.750000
	its = 87
	hyp = 2792 / 23310
	cut = 1069
4149750 [0, 80478]: LP
	bnd = 80575.375000
	its = 89
	hyp = 2881 / 23653
	cut = 1095
4304656 [0, 80478]: LP
	bnd = 80575.023438
	its = 85
	hyp = 2814 / 23977
	cut = 1121
4488580 [0, 80478]: LP
	bnd = 80574.687500
	its = 92
	hyp = 2836 / 24352
	cut = 1147
4681894 [0, 80478]: LP
	bnd = 80574.273438
	its = 96
	hyp = 2859 / 24671
	cut = 1173
4850936 [0, 80478]: LP
	bnd = 80573.851562
	its = 85
	hyp = 2816 / 24949
	cut = 1199
5044551 [0, 80478]: LP
	bnd = 80573.492188
	its = 92
	hyp = 2948 / 25297
	cut = 1225
5238231 [0, 80478]: LP
	bnd = 80573.156250
	its = 86
	hyp = 2959 / 25568
	cut = 1251
5422872 [0, 80478]: LP
	bnd = 80572.859375
	its = 85
	hyp = 3078 / 25845
	cut = 1276
5620275 [0, 80478]: LP
	bnd = 80572.617188
	its = 84
	hyp = 3058 / 26122
	cut = 1301
5829872 [0, 80478]: LP
	bnd = 80572.367188
	its = 95
	hyp = 3023 / 26444
	cut = 1326
6057500 [0, 80478]: LP
	bnd = 80572.078125
	its = 93
	hyp = 3102 / 26754
	cut = 1351
6276823 [0, 80478]: LP
	bnd = 80571.812500
	its = 93
	hyp = 3111 / 27083
	cut = 1376
6480485 [0, 80478]: LP
	bnd = 80571.500000
	its = 84
	hyp = 3003 / 27360
	cut = 1401
6675575 [0, 80478]: LP
	bnd = 80571.242188
	its = 84
	hyp = 3258 / 27643
	cut = 1426
6892903 [0, 80478]: LP
	bnd = 80570.937500
	its = 87
	hyp = 3159 / 27954
	cut = 1451
7120089 [0, 80478]: LP
	bnd = 80570.664062
	its = 92
	hyp = 3199 / 28257
	cut = 1476
