hypergraph with 60075 vertices and 6709490 hyperarcs generated in 2619
13350 [0, 82997]: LP
	bnd = 82997.921875
	its = 43
	hyp = 312 / 1003
	cut = 0
13361 [0, 82997]: HEURISTIC 3
13366 [0, 82997]: HEURISTIC 9
13373 [0, 82997]: LABEL
	tot = 169
	max = 5
13484 [0, 82914]: LABEL
	tot = 6885
	max = 49
14211 [0, 82832]: LABEL
	tot = 61606
	max = 717
19560 [81975, 82749]: LABEL
	tot = 548625
	max = 7255
20860 [81975, 82749]: LP
	bnd = 82994.734375
	its = 17
	hyp = 326 / 1318
	cut = 12
29255 [81975, 82749]: LP
	bnd = 82981.421875
	its = 19
	hyp = 328 / 1806
	cut = 25
35346 [81975, 82749]: LP
	bnd = 82980.335938
	its = 13
	hyp = 417 / 2011
	cut = 38
44776 [81975, 82749]: LP
	bnd = 82974.468750
	its = 22
	hyp = 355 / 2311
	cut = 51
54421 [81975, 82749]: LP
	bnd = 82966.843750
	its = 22
	hyp = 515 / 2554
	cut = 64
64350 [81975, 82749]: LP
	bnd = 82963.007812
	its = 22
	hyp = 488 / 2763
	cut = 77
72278 [82523, 82666]: LABEL
	tot = 4585186
	max = 61287
74524 [82523, 82666]: LP
	bnd = 82958.648438
	its = 23
	hyp = 485 / 2986
	cut = 90
87052 [82523, 82666]: LP
	bnd = 82954.664062
	its = 28
	hyp = 610 / 3160
	cut = 103
100930 [82523, 82666]: LP
	bnd = 82951.171875
	its = 30
	hyp = 509 / 3464
	cut = 116
113939 [82523, 82666]: LP
	bnd = 82947.054688
	its = 28
	hyp = 598 / 3648
	cut = 129
129032 [82523, 82666]: LP
	bnd = 82942.757812
	its = 34
	hyp = 724 / 3906
	cut = 142
143761 [82523, 82666]: LP
	bnd = 82938.500000
	its = 32
	hyp = 685 / 4172
	cut = 155
159593 [82523, 82666]: LP
	bnd = 82933.539062
	its = 34
	hyp = 770 / 4477
	cut = 168
180329 [82523, 82666]: LP
	bnd = 82930.609375
	its = 45
	hyp = 846 / 4812
	cut = 181
196439 [82523, 82666]: LP
	bnd = 82926.984375
	its = 34
	hyp = 818 / 5015
	cut = 194
215574 [82523, 82666]: LP
	bnd = 82922.484375
	its = 38
	hyp = 775 / 5252
	cut = 207
238225 [82523, 82666]: LP
	bnd = 82919.367188
	its = 44
	hyp = 822 / 5516
	cut = 220
	restart
258932 [82523, 82666]: LP
	bnd = 82917.085938
	its = 38
	hyp = 897 / 5732
	cut = 233
279419 [82523, 82666]: LP
	bnd = 82914.484375
	its = 37
	hyp = 942 / 5935
	cut = 246
302184 [82523, 82666]: LP
	bnd = 82912.703125
	its = 42
	hyp = 979 / 6141
	cut = 259
326087 [82523, 82666]: LP
	bnd = 82909.773438
	its = 45
	hyp = 1096 / 6373
	cut = 272
351594 [82523, 82666]: LP
	bnd = 82907.625000
	its = 46
	hyp = 1086 / 6617
	cut = 285
379108 [82523, 82666]: LP
	bnd = 82904.679688
	its = 49
	hyp = 962 / 6921
	cut = 298
408797 [82523, 82666]: LP
	bnd = 82903.570312
	its = 52
	hyp = 985 / 7166
	cut = 312
436263 [82622, 82622]: LABEL
	tot = 15075414
	max = 111186
