hypergraph with 58855 vertices and 6461960 hyperarcs generated in 2682
13521 [0, 86938]: LP
	bnd = 86938.539062
	its = 44
	hyp = 284 / 963
	cut = 0
13532 [0, 86938]: HEURISTIC 3
13540 [0, 86938]: LABEL
	tot = 170
	max = 1
13588 [0, 86851]: LABEL
	tot = 1378
	max = 3
13795 [0, 86764]: LABEL
	tot = 6482
	max = 13
14554 [0, 86677]: LABEL
	tot = 31590
	max = 82
17028 [0, 86591]: LABEL
	tot = 151379
	max = 421
22665 [0, 86591]: LP
	bnd = 86932.531250
	its = 22
	hyp = 307 / 1728
	cut = 12
25338 [0, 86504]: LABEL
	tot = 728716
	max = 2019
33314 [0, 86504]: LP
	bnd = 86926.429688
	its = 25
	hyp = 300 / 2002
	cut = 24
43895 [0, 86504]: LP
	bnd = 86924.429688
	its = 24
	hyp = 382 / 2162
	cut = 36
52237 [0, 86418]: LABEL
	tot = 2731667
	max = 6557
56019 [0, 86418]: LP
	bnd = 86914.117188
	its = 28
	hyp = 385 / 2330
	cut = 48
68560 [0, 86418]: LP
	bnd = 86904.187500
	its = 29
	hyp = 359 / 2586
	cut = 60
79755 [0, 86418]: LP
	bnd = 86888.460938
	its = 24
	hyp = 396 / 2742
	cut = 72
93138 [0, 86418]: LP
	bnd = 86877.296875
	its = 29
	hyp = 493 / 2978
	cut = 84
	restart
107195 [0, 86418]: LP
	bnd = 86869.593750
	its = 31
	hyp = 562 / 3183
	cut = 96
123629 [0, 86418]: LP
	bnd = 86862.109375
	its = 37
	hyp = 639 / 3389
	cut = 108
140451 [0, 86418]: LP
	bnd = 86852.343750
	its = 38
	hyp = 715 / 3646
	cut = 120
157079 [0, 86418]: LP
	bnd = 86845.390625
	its = 36
	hyp = 732 / 3907
	cut = 132
177490 [0, 86331]: LABEL
	tot = 8376762
	max = 14655
180331 [0, 86331]: LP
	bnd = 86839.781250
	its = 51
	hyp = 819 / 4214
	cut = 144
199969 [0, 86331]: LP
	bnd = 86829.359375
	its = 41
	hyp = 843 / 4452
	cut = 156
225738 [0, 86331]: LP
	bnd = 86820.078125
	its = 51
	hyp = 776 / 4800
	cut = 168
245639 [0, 86331]: LP
	bnd = 86814.648438
	its = 39
	hyp = 842 / 5007
	cut = 180
268893 [0, 86331]: LP
	bnd = 86809.468750
	its = 46
	hyp = 940 / 5269
	cut = 192
297918 [0, 86331]: LP
	bnd = 86806.179688
	its = 55
	hyp = 1059 / 5605
	cut = 204
322148 [0, 86331]: LP
	bnd = 86801.023438
	its = 45
	hyp = 1097 / 5862
	cut = 216
	restart
345261 [0, 86331]: LP
	bnd = 86797.718750
	its = 43
	hyp = 1140 / 6117
	cut = 228
370570 [0, 86331]: LP
	bnd = 86794.304688
	its = 43
	hyp = 1131 / 6409
	cut = 240
407760 [0, 86331]: LP
	bnd = 86791.656250
	its = 65
	hyp = 1209 / 6794
	cut = 252
430780 [0, 86331]: LP
	bnd = 86789.179688
	its = 38
	hyp = 1236 / 6993
	cut = 264
463270 [0, 86331]: LP
	bnd = 86786.679688
	its = 53
	hyp = 1248 / 7294
	cut = 276
498138 [0, 86331]: LP
	bnd = 86783.937500
	its = 55
	hyp = 1377 / 7591
	cut = 288
543081 [0, 86331]: LP
	bnd = 86780.164062
	its = 72
	hyp = 1325 / 7985
	cut = 300
579875 [0, 86331]: LP
	bnd = 86777.000000
	its = 56
	hyp = 1321 / 8288
	cut = 312
617031 [86074, 86245]: LABEL
	tot = 24421995
	max = 38731
623313 [86074, 86245]: LP
	bnd = 86773.820312
	its = 68
	hyp = 1359 / 8611
	cut = 324
666274 [86074, 86245]: LP
	bnd = 86771.453125
	its = 65
	hyp = 1502 / 9021
	cut = 336
701172 [86074, 86245]: LP
	bnd = 86769.218750
	its = 50
	hyp = 1634 / 9276
	cut = 348
749473 [86074, 86245]: LP
	bnd = 86767.210938
	its = 69
	hyp = 1474 / 9685
	cut = 360
796850 [86074, 86245]: LP
	bnd = 86765.164062
	its = 63
	hyp = 1534 / 10007
	cut = 373
844894 [86074, 86245]: LP
	bnd = 86763.445312
	its = 67
	hyp = 1625 / 10353
	cut = 386
896837 [86074, 86245]: LP
	bnd = 86762.015625
	its = 71
	hyp = 1658 / 10731
	cut = 400
936405 [86074, 86245]: LP
	bnd = 86760.625000
	its = 51
	hyp = 1600 / 10967
	cut = 415
1006934 [86074, 86245]: LP
	bnd = 86758.335938
	its = 89
	hyp = 1751 / 11419
	cut = 429
1075115 [86074, 86245]: LP
	bnd = 86756.726562
	its = 86
	hyp = 1884 / 11783
	cut = 443
1136461 [86074, 86245]: LP
	bnd = 86755.414062
	its = 70
	hyp = 1776 / 12110
	cut = 457
1199849 [86074, 86245]: LP
	bnd = 86753.968750
	its = 69
	hyp = 1798 / 12455
	cut = 471
1264521 [86074, 86245]: LP
	bnd = 86752.828125
	its = 69
	hyp = 1980 / 12827
	cut = 485
1332453 [86074, 86245]: LP
	bnd = 86751.359375
	its = 74
	hyp = 2011 / 13221
	cut = 499
1390129 [86074, 86245]: LP
	bnd = 86750.359375
	its = 63
	hyp = 2008 / 13529
	cut = 513
1468368 [86074, 86245]: LP
	bnd = 86748.710938
	its = 75
	hyp = 1978 / 13929
	cut = 528
1535545 [86074, 86245]: LP
	bnd = 86747.468750
	its = 65
	hyp = 1854 / 14266
	cut = 542
1622265 [86074, 86245]: LP
	bnd = 86745.820312
	its = 79
	hyp = 2099 / 14695
	cut = 557
1706650 [86074, 86245]: LP
	bnd = 86744.750000
	its = 80
	hyp = 1974 / 15036
	cut = 572
1786049 [86074, 86245]: LP
	bnd = 86743.804688
	its = 73
	hyp = 2027 / 15408
	cut = 587
1887164 [86074, 86245]: LP
	bnd = 86742.437500
	its = 86
	hyp = 2231 / 15837
	cut = 602
1981645 [86074, 86245]: LP
	bnd = 86741.367188
	its = 77
	hyp = 2104 / 16218
	cut = 617
2082200 [86074, 86245]: LP
	bnd = 86740.484375
	its = 82
	hyp = 2191 / 16588
	cut = 632
2193878 [86074, 86245]: LP
	bnd = 86739.484375
	its = 90
	hyp = 2289 / 16990
	cut = 647
2284890 [86074, 86245]: LP
	bnd = 86738.804688
	its = 69
	hyp = 2114 / 17274
	cut = 662
2384744 [86074, 86245]: LP
	bnd = 86737.625000
	its = 68
	hyp = 2094 / 17552
	cut = 677
2477181 [86074, 86245]: LP
	bnd = 86736.609375
	its = 67
	hyp = 2127 / 17828
	cut = 692
2493191 [86169, 86169]: LABEL
	tot = 101828759
	max = 147815
