hypergraph with 56902 vertices and 6019986 hyperarcs generated in 1391
17627 [0, 72001]: LP
	bnd = 72001.148438
	its = 64
	hyp = 457 / 1676
	cut = 0
17679 [0, 72001]: HEURISTIC 3
17729 [0, 72001]: LABEL
	tot = 576
	max = 3
33047 [0, 71929]: LABEL
	tot = 994884
	max = 770
36015 [0, 71929]: LP
	bnd = 72001.148438
	its = 48
	hyp = 489 / 2803
	cut = 18
53196 [0, 71929]: LP
	bnd = 71999.562500
	its = 45
	hyp = 595 / 3257
	cut = 36
69187 [0, 71929]: LP
	bnd = 71998.390625
	its = 41
	hyp = 649 / 3688
	cut = 54
86460 [0, 71929]: LP
	bnd = 71997.093750
	its = 42
	hyp = 663 / 4045
	cut = 72
102807 [0, 71929]: LP
	bnd = 71993.867188
	its = 40
	hyp = 724 / 4323
	cut = 90
123537 [0, 71929]: LP
	bnd = 71991.093750
	its = 47
	hyp = 771 / 4743
	cut = 108
147559 [0, 71929]: LP
	bnd = 71989.578125
	its = 54
	hyp = 778 / 5198
	cut = 126
173308 [0, 71929]: LP
	bnd = 71986.359375
	its = 58
	hyp = 906 / 5566
	cut = 145
193080 [0, 71929]: LP
	bnd = 71984.632812
	its = 43
	hyp = 919 / 5843
	cut = 164
223603 [0, 71929]: LP
	bnd = 71980.281250
	its = 63
	hyp = 917 / 6322
	cut = 183
251465 [0, 71929]: LP
	bnd = 71977.750000
	its = 58
	hyp = 1034 / 6663
	cut = 202
273568 [0, 71929]: LP
	bnd = 71974.695312
	its = 44
	hyp = 995 / 6912
	cut = 221
302240 [0, 71929]: LP
	bnd = 71972.648438
	its = 59
	hyp = 1155 / 7267
	cut = 240
329313 [0, 71929]: LP
	bnd = 71970.476562
	its = 51
	hyp = 1117 / 7572
	cut = 259
367034 [0, 71929]: LP
	bnd = 71968.265625
	its = 72
	hyp = 1237 / 7987
	cut = 278
407923 [0, 71929]: LP
	bnd = 71966.585938
	its = 74
	hyp = 1292 / 8394
	cut = 297
442189 [0, 71929]: LP
	bnd = 71964.796875
	its = 60
	hyp = 1378 / 8748
	cut = 316
	restart
466590 [0, 71857]: LABEL
	tot = 2909945
	max = 2618
482713 [0, 71857]: LP
	bnd = 71963.046875
	its = 69
	hyp = 1419 / 9112
	cut = 335
520577 [0, 71857]: LP
	bnd = 71961.718750
	its = 62
	hyp = 1483 / 9440
	cut = 354
558241 [0, 71857]: LP
	bnd = 71960.062500
	its = 61
	hyp = 1444 / 9727
	cut = 373
606004 [0, 71857]: LP
	bnd = 71958.765625
	its = 77
	hyp = 1580 / 10136
	cut = 392
652267 [0, 71857]: LP
	bnd = 71957.406250
	its = 71
	hyp = 1602 / 10519
	cut = 411
701647 [0, 71857]: LP
	bnd = 71956.289062
	its = 78
	hyp = 1599 / 10871
	cut = 430
754685 [0, 71857]: LP
	bnd = 71955.140625
	its = 78
	hyp = 1591 / 11187
	cut = 449
801699 [0, 71857]: LP
	bnd = 71953.984375
	its = 67
	hyp = 1692 / 11491
	cut = 468
857513 [0, 71857]: LP
	bnd = 71953.093750
	its = 78
	hyp = 1720 / 11868
	cut = 487
898444 [0, 71857]: LP
	bnd = 71952.375000
	its = 52
	hyp = 1736 / 12087
	cut = 506
952619 [0, 71857]: LP
	bnd = 71951.492188
	its = 64
	hyp = 1825 / 12410
	cut = 525
1016832 [0, 71857]: LP
	bnd = 71950.539062
	its = 80
	hyp = 1699 / 12774
	cut = 544
1069870 [0, 71857]: LP
	bnd = 71949.945312
	its = 66
	hyp = 1902 / 13077
	cut = 563
1124091 [0, 71857]: LP
	bnd = 71949.046875
	its = 63
	hyp = 1789 / 13354
	cut = 582
1189731 [0, 71857]: LP
	bnd = 71948.312500
	its = 79
	hyp = 1934 / 13684
	cut = 601
1261825 [0, 71857]: LP
	bnd = 71947.406250
	its = 79
	hyp = 1845 / 14024
	cut = 620
1326126 [0, 71857]: LP
	bnd = 71946.820312
	its = 69
	hyp = 1929 / 14297
	cut = 639
1410254 [0, 71857]: LP
	bnd = 71946.000000
	its = 87
	hyp = 2024 / 14645
	cut = 658
1481537 [0, 71857]: LP
	bnd = 71945.359375
	its = 75
	hyp = 1960 / 14959
	cut = 677
1549779 [0, 71857]: LP
	bnd = 71944.835938
	its = 69
	hyp = 2035 / 15273
	cut = 696
1621633 [0, 71857]: LP
	bnd = 71944.242188
	its = 70
	hyp = 2154 / 15571
	cut = 715
1705738 [0, 71857]: LP
	bnd = 71943.531250
	its = 81
	hyp = 2013 / 15889
	cut = 734
1771871 [0, 71857]: LP
	bnd = 71942.953125
	its = 66
	hyp = 2071 / 16136
	cut = 753
1843321 [0, 71857]: LP
	bnd = 71942.312500
	its = 65
	hyp = 2080 / 16397
	cut = 772
1936480 [0, 71857]: LP
	bnd = 71941.882812
	its = 82
	hyp = 2214 / 16762
	cut = 791
2015251 [0, 71857]: LP
	bnd = 71941.453125
	its = 69
	hyp = 2194 / 17039
	cut = 810
2096574 [0, 71857]: LP
	bnd = 71940.859375
	its = 72
	hyp = 2140 / 17369
	cut = 829
2193308 [0, 71857]: LP
	bnd = 71940.343750
	its = 84
	hyp = 2127 / 17684
	cut = 848
2288620 [0, 71857]: LP
	bnd = 71939.796875
	its = 77
	hyp = 2315 / 17994
	cut = 867
2379761 [0, 71857]: LP
	bnd = 71939.304688
	its = 72
	hyp = 2293 / 18322
	cut = 886
2476709 [0, 71857]: LP
	bnd = 71938.859375
	its = 80
	hyp = 2207 / 18645
	cut = 905
2575745 [0, 71857]: LP
	bnd = 71938.382812
	its = 72
	hyp = 2184 / 18934
	cut = 924
2652373 [0, 71857]: LP
	bnd = 71938.007812
	its = 57
	hyp = 2257 / 19162
	cut = 943
2745821 [0, 71857]: LP
	bnd = 71937.632812
	its = 67
	hyp = 2258 / 19403
	cut = 962
2837507 [0, 71857]: LP
	bnd = 71937.234375
	its = 65
	hyp = 2281 / 19643
	cut = 981
2931119 [0, 71857]: LP
	bnd = 71936.890625
	its = 66
	hyp = 2370 / 19921
	cut = 1000
3029545 [0, 71857]: LP
	bnd = 71936.421875
	its = 65
	hyp = 2370 / 20141
	cut = 1019
3151143 [0, 71857]: LP
	bnd = 71936.046875
	its = 78
	hyp = 2313 / 20458
	cut = 1038
3263712 [0, 71857]: LP
	bnd = 71935.687500
	its = 66
	hyp = 2334 / 20720
	cut = 1057
3382152 [0, 71857]: LP
	bnd = 71935.406250
	its = 78
	hyp = 2535 / 20967
	cut = 1076
3416719 [71376, 71785]: LABEL
	tot = 166439027
	max = 120587
3481453 [71376, 71785]: LP
	bnd = 71935.132812
	its = 59
	hyp = 2448 / 21185
	cut = 1095
3596503 [71376, 71785]: LP
	bnd = 71934.859375
	its = 74
	hyp = 2495 / 21444
	cut = 1114
3721180 [71376, 71785]: LP
	bnd = 71934.562500
	its = 72
	hyp = 2469 / 21712
	cut = 1133
3826748 [71376, 71785]: LP
	bnd = 71934.343750
	its = 59
	hyp = 2488 / 21918
	cut = 1152
3949928 [71376, 71785]: LP
	bnd = 71934.070312
	its = 70
	hyp = 2518 / 22201
	cut = 1171
4051283 [71376, 71785]: LP
	bnd = 71933.843750
	its = 58
	hyp = 2534 / 22396
	cut = 1190
4178836 [71376, 71785]: LP
	bnd = 71933.640625
	its = 72
	hyp = 2523 / 22625
	cut = 1209
4323971 [71376, 71785]: LP
	bnd = 71933.429688
	its = 79
	hyp = 2604 / 22931
	cut = 1228
4436439 [71376, 71785]: LP
	bnd = 71933.210938
	its = 61
	hyp = 2562 / 23113
	cut = 1247
4565632 [71376, 71785]: LP
	bnd = 71933.000000
	its = 62
	hyp = 2576 / 23357
	cut = 1266
4684532 [71376, 71785]: LP
	bnd = 71932.781250
	its = 60
	hyp = 2479 / 23597
	cut = 1285
4810478 [71376, 71785]: LP
	bnd = 71932.578125
	its = 63
	hyp = 2646 / 23805
	cut = 1304
4965681 [71376, 71785]: LP
	bnd = 71932.328125
	its = 73
	hyp = 2669 / 24118
	cut = 1323
5128019 [71376, 71785]: LP
	bnd = 71932.125000
	its = 73
	hyp = 2766 / 24387
	cut = 1342
5283333 [71376, 71785]: LP
	bnd = 71931.882812
	its = 70
	hyp = 2718 / 24671
	cut = 1361
5439293 [71376, 71785]: LP
	bnd = 71931.671875
	its = 68
	hyp = 2776 / 24927
	cut = 1380
5600379 [71376, 71785]: LP
	bnd = 71931.453125
	its = 74
	hyp = 2838 / 25161
	cut = 1399
5760072 [71376, 71785]: LP
	bnd = 71931.250000
	its = 66
	hyp = 2760 / 25361
	cut = 1418
5929727 [71376, 71785]: LP
	bnd = 71931.054688
	its = 63
	hyp = 2765 / 25602
	cut = 1437
6134490 [71376, 71785]: LP
	bnd = 71930.812500
	its = 81
	hyp = 2773 / 25902
	cut = 1456
6326325 [71376, 71785]: LP
	bnd = 71930.617188
	its = 79
	hyp = 2856 / 26191
	cut = 1475
6483272 [71376, 71785]: LP
	bnd = 71930.484375
	its = 64
	hyp = 2700 / 26415
	cut = 1494
6658491 [71376, 71785]: LP
	bnd = 71930.265625
	its = 67
	hyp = 2803 / 26675
	cut = 1513
6857034 [71376, 71785]: LP
	bnd = 71930.085938
	its = 77
	hyp = 2921 / 26926
	cut = 1532
7051185 [71376, 71785]: LP
	bnd = 71929.898438
	its = 76
	hyp = 2821 / 27170
	cut = 1551
