hypergraph with 57626 vertices and 6081258 hyperarcs generated in 1612
18017 [0, 71087]: LP
	bnd = 71087.164062
	its = 66
	hyp = 351 / 1511
	cut = 0
18026 [0, 71087]: HEURISTIC 3
18033 [0, 71087]: LABEL
	tot = 179
	max = 1
18959 [0, 71016]: LABEL
	tot = 39274
	max = 45
26383 [0, 71016]: LP
	bnd = 71085.312500
	its = 22
	hyp = 374 / 1871
	cut = 14
38036 [0, 71016]: LP
	bnd = 71083.093750
	its = 31
	hyp = 395 / 2186
	cut = 28
41317 [0, 70945]: LABEL
	tot = 2259272
	max = 2801
47676 [0, 70945]: LP
	bnd = 71082.304688
	its = 25
	hyp = 397 / 2438
	cut = 43
55026 [0, 70945]: LP
	bnd = 71081.820312
	its = 18
	hyp = 448 / 2593
	cut = 58
69474 [0, 70945]: LP
	bnd = 71080.476562
	its = 37
	hyp = 498 / 2878
	cut = 73
80161 [0, 70945]: LP
	bnd = 71078.546875
	its = 26
	hyp = 451 / 3061
	cut = 88
90604 [0, 70945]: LP
	bnd = 71076.007812
	its = 26
	hyp = 512 / 3264
	cut = 103
105736 [0, 70945]: LP
	bnd = 71075.023438
	its = 38
	hyp = 581 / 3536
	cut = 118
116468 [0, 70945]: LP
	bnd = 71074.117188
	its = 26
	hyp = 671 / 3693
	cut = 133
138256 [0, 70945]: LP
	bnd = 71072.718750
	its = 54
	hyp = 591 / 4112
	cut = 148
151037 [0, 70945]: LP
	bnd = 71070.812500
	its = 30
	hyp = 693 / 4274
	cut = 163
169824 [0, 70945]: LP
	bnd = 71069.718750
	its = 44
	hyp = 806 / 4551
	cut = 178
190304 [0, 70945]: LP
	bnd = 71068.007812
	its = 47
	hyp = 836 / 4870
	cut = 193
210529 [0, 70945]: LP
	bnd = 71067.226562
	its = 45
	hyp = 918 / 5145
	cut = 208
234194 [0, 70945]: LP
	bnd = 71066.156250
	its = 53
	hyp = 962 / 5442
	cut = 223
263293 [0, 70945]: LP
	bnd = 71064.820312
	its = 63
	hyp = 1068 / 5799
	cut = 238
291422 [0, 70945]: LP
	bnd = 71063.882812
	its = 59
	hyp = 1046 / 6063
	cut = 253
320526 [0, 70945]: LP
	bnd = 71062.687500
	its = 59
	hyp = 1108 / 6334
	cut = 268
351454 [0, 70945]: LP
	bnd = 71061.148438
	its = 64
	hyp = 1083 / 6630
	cut = 283
378421 [0, 70945]: LP
	bnd = 71060.109375
	its = 51
	hyp = 1224 / 6869
	cut = 298
412248 [0, 70945]: LP
	bnd = 71058.859375
	its = 63
	hyp = 1091 / 7261
	cut = 313
447558 [0, 70945]: LP
	bnd = 71057.812500
	its = 64
	hyp = 1274 / 7576
	cut = 328
478962 [0, 70945]: LP
	bnd = 71056.859375
	its = 56
	hyp = 1288 / 7823
	cut = 343
509758 [0, 70945]: LP
	bnd = 71056.054688
	its = 53
	hyp = 1342 / 8104
	cut = 358
542571 [0, 70945]: LP
	bnd = 71055.281250
	its = 54
	hyp = 1300 / 8343
	cut = 373
578052 [0, 70945]: LP
	bnd = 71054.343750
	its = 58
	hyp = 1340 / 8652
	cut = 388
610841 [0, 70945]: LP
	bnd = 71053.468750
	its = 51
	hyp = 1371 / 8923
	cut = 403
653025 [0, 70945]: LP
	bnd = 71052.734375
	its = 64
	hyp = 1351 / 9229
	cut = 418
691358 [0, 70945]: LP
	bnd = 71051.718750
	its = 56
	hyp = 1379 / 9512
	cut = 433
735072 [0, 70945]: LP
	bnd = 71050.921875
	its = 66
	hyp = 1446 / 9810
	cut = 448
777472 [0, 70945]: LP
	bnd = 71050.156250
	its = 59
	hyp = 1454 / 10131
	cut = 463
818150 [0, 70945]: LP
	bnd = 71049.539062
	its = 57
	hyp = 1503 / 10395
	cut = 478
869265 [0, 70945]: LP
	bnd = 71048.734375
	its = 68
	hyp = 1559 / 10712
	cut = 493
926631 [0, 70945]: LP
	bnd = 71048.140625
	its = 75
	hyp = 1637 / 11061
	cut = 508
971552 [0, 70945]: LP
	bnd = 71047.554688
	its = 60
	hyp = 1640 / 11307
	cut = 523
1021475 [0, 70945]: LP
	bnd = 71047.085938
	its = 62
	hyp = 1610 / 11586
	cut = 538
	restart
1079374 [0, 70945]: LP
	bnd = 71046.710938
	its = 72
	hyp = 1686 / 11889
	cut = 553
1132936 [0, 70945]: LP
	bnd = 71046.343750
	its = 63
	hyp = 1635 / 12191
	cut = 568
1188701 [0, 70945]: LP
	bnd = 71045.843750
	its = 66
	hyp = 1750 / 12434
	cut = 583
1252194 [0, 70945]: LP
	bnd = 71045.492188
	its = 72
	hyp = 1862 / 12756
	cut = 598
1312410 [0, 70945]: LP
	bnd = 71045.140625
	its = 70
	hyp = 1828 / 12996
	cut = 613
1339597 [0, 70874]: LABEL
	tot = 26520606
	max = 26487
1374336 [0, 70874]: LP
	bnd = 71044.750000
	its = 70
	hyp = 1826 / 13301
	cut = 628
1438236 [0, 70874]: LP
	bnd = 71044.421875
	its = 68
	hyp = 1780 / 13593
	cut = 643
1500338 [0, 70874]: LP
	bnd = 71044.109375
	its = 69
	hyp = 1868 / 13852
	cut = 658
1576668 [0, 70874]: LP
	bnd = 71043.812500
	its = 77
	hyp = 1884 / 14156
	cut = 673
1640564 [0, 70874]: LP
	bnd = 71043.562500
	its = 66
	hyp = 1927 / 14362
	cut = 688
1712335 [0, 70874]: LP
	bnd = 71043.320312
	its = 70
	hyp = 1969 / 14637
	cut = 703
1780664 [0, 70874]: LP
	bnd = 71043.125000
	its = 60
	hyp = 2015 / 14860
	cut = 718
1862489 [0, 70874]: LP
	bnd = 71042.898438
	its = 72
	hyp = 2023 / 15128
	cut = 733
1930293 [0, 70874]: LP
	bnd = 71042.695312
	its = 61
	hyp = 1899 / 15345
	cut = 748
2014820 [0, 70874]: LP
	bnd = 71042.359375
	its = 72
	hyp = 1963 / 15619
	cut = 763
2101726 [0, 70874]: LP
	bnd = 71042.062500
	its = 72
	hyp = 2041 / 15884
	cut = 778
2178931 [0, 70874]: LP
	bnd = 71041.765625
	its = 64
	hyp = 2002 / 16147
	cut = 793
2253165 [0, 70874]: LP
	bnd = 71041.539062
	its = 56
	hyp = 2034 / 16395
	cut = 808
2344146 [0, 70874]: LP
	bnd = 71041.304688
	its = 70
	hyp = 2064 / 16659
	cut = 823
2454585 [0, 70874]: LP
	bnd = 71041.062500
	its = 77
	hyp = 2215 / 16978
	cut = 838
2555996 [0, 70874]: LP
	bnd = 71040.804688
	its = 72
	hyp = 2169 / 17280
	cut = 853
2668053 [0, 70874]: LP
	bnd = 71040.578125
	its = 81
	hyp = 2282 / 17606
	cut = 868
2776964 [0, 70874]: LP
	bnd = 71040.375000
	its = 75
	hyp = 2254 / 17916
	cut = 883
2895715 [0, 70874]: LP
	bnd = 71040.171875
	its = 81
	hyp = 2331 / 18247
	cut = 898
2997860 [0, 70874]: LP
	bnd = 71039.945312
	its = 63
	hyp = 2337 / 18483
	cut = 913
3121136 [0, 70874]: LP
	bnd = 71039.734375
	its = 77
	hyp = 2391 / 18785
	cut = 928
3235199 [0, 70874]: LP
	bnd = 71039.484375
	its = 69
	hyp = 2293 / 19046
	cut = 943
3361182 [0, 70874]: LP
	bnd = 71039.226562
	its = 79
	hyp = 2380 / 19318
	cut = 958
3475431 [0, 70874]: LP
	bnd = 71039.031250
	its = 66
	hyp = 2346 / 19547
	cut = 973
3614848 [0, 70874]: LP
	bnd = 71038.843750
	its = 81
	hyp = 2299 / 19829
	cut = 988
3713917 [0, 70874]: LP
	bnd = 71038.656250
	its = 55
	hyp = 2288 / 20031
	cut = 1003
3834265 [0, 70874]: LP
	bnd = 71038.484375
	its = 65
	hyp = 2321 / 20285
	cut = 1018
3971869 [0, 70874]: LP
	bnd = 71038.289062
	its = 76
	hyp = 2455 / 20595
	cut = 1033
4103626 [0, 70874]: LP
	bnd = 71038.125000
	its = 73
	hyp = 2398 / 20874
	cut = 1048
4236075 [0, 70874]: LP
	bnd = 71037.960938
	its = 67
	hyp = 2385 / 21165
	cut = 1063
4404767 [0, 70874]: LP
	bnd = 71037.781250
	its = 93
	hyp = 2470 / 21459
	cut = 1078
4523945 [0, 70874]: LP
	bnd = 71037.601562
	its = 60
	hyp = 2437 / 21691
	cut = 1093
4652181 [0, 70874]: LP
	bnd = 71037.468750
	its = 66
	hyp = 2440 / 21929
	cut = 1108
4783198 [0, 70874]: LP
	bnd = 71037.351562
	its = 70
	hyp = 2388 / 22176
	cut = 1123
4918788 [0, 70874]: LP
	bnd = 71037.210938
	its = 66
	hyp = 2552 / 22400
	cut = 1138
5068495 [0, 70874]: LP
	bnd = 71037.031250
	its = 66
	hyp = 2432 / 22631
	cut = 1153
5259761 [0, 70874]: LP
	bnd = 71036.851562
	its = 88
	hyp = 2675 / 22937
	cut = 1168
5421847 [0, 70874]: LP
	bnd = 71036.710938
	its = 78
	hyp = 2584 / 23185
	cut = 1183
5594900 [0, 70874]: LP
	bnd = 71036.562500
	its = 79
	hyp = 2537 / 23459
	cut = 1198
5748688 [0, 70874]: LP
	bnd = 71036.453125
	its = 74
	hyp = 2622 / 23730
	cut = 1213
5939493 [0, 70874]: LP
	bnd = 71036.273438
	its = 80
	hyp = 2677 / 24025
	cut = 1228
6113479 [0, 70874]: LP
	bnd = 71036.109375
	its = 72
	hyp = 2558 / 24270
	cut = 1243
6282650 [0, 70874]: LP
	bnd = 71035.976562
	its = 67
	hyp = 2626 / 24501
	cut = 1258
6472975 [0, 70874]: LP
	bnd = 71035.851562
	its = 75
	hyp = 2718 / 24750
	cut = 1273
6678398 [0, 70874]: LP
	bnd = 71035.710938
	its = 76
	hyp = 2731 / 25037
	cut = 1288
6919716 [0, 70874]: LP
	bnd = 71035.554688
	its = 84
	hyp = 2805 / 25340
	cut = 1303
7148670 [0, 70874]: LP
	bnd = 71035.382812
	its = 78
	hyp = 2750 / 25635
	cut = 1318
