hypergraph with 59074 vertices and 6478280 hyperarcs generated in 1789
15513 [0, 73000]: LP
	bnd = 73000.023438
	its = 56
	hyp = 333 / 1365
	cut = 0
15524 [0, 73000]: HEURISTIC 3
15532 [0, 73000]: LABEL
	tot = 186
	max = 1
15928 [0, 72927]: LABEL
	tot = 14138
	max = 26
21116 [0, 72854]: LABEL
	tot = 420993
	max = 456
26735 [0, 72854]: LP
	bnd = 72993.914062
	its = 28
	hyp = 349 / 2026
	cut = 14
35865 [0, 72854]: LP
	bnd = 72993.367188
	its = 22
	hyp = 372 / 2308
	cut = 28
50580 [0, 72854]: LP
	bnd = 72985.289062
	its = 37
	hyp = 471 / 2731
	cut = 42
61270 [0, 72854]: LP
	bnd = 72982.234375
	its = 26
	hyp = 493 / 3047
	cut = 56
73390 [0, 72854]: LP
	bnd = 72978.046875
	its = 29
	hyp = 470 / 3335
	cut = 70
84266 [0, 72854]: LP
	bnd = 72974.875000
	its = 26
	hyp = 549 / 3544
	cut = 84
98787 [0, 72854]: LP
	bnd = 72973.109375
	its = 35
	hyp = 551 / 3813
	cut = 98
114510 [0, 72854]: LP
	bnd = 72969.968750
	its = 37
	hyp = 629 / 4123
	cut = 112
124081 [0, 72781]: LABEL
	tot = 10158735
	max = 10011
132278 [0, 72781]: LP
	bnd = 72967.109375
	its = 41
	hyp = 738 / 4412
	cut = 126
151181 [0, 72781]: LP
	bnd = 72964.609375
	its = 42
	hyp = 742 / 4744
	cut = 140
172529 [0, 72781]: LP
	bnd = 72961.523438
	its = 46
	hyp = 876 / 5080
	cut = 154
191210 [0, 72781]: LP
	bnd = 72959.695312
	its = 39
	hyp = 893 / 5309
	cut = 168
215759 [0, 72781]: LP
	bnd = 72957.023438
	its = 52
	hyp = 765 / 5648
	cut = 182
237968 [0, 72781]: LP
	bnd = 72955.039062
	its = 48
	hyp = 936 / 5901
	cut = 196
262711 [0, 72781]: LP
	bnd = 72953.023438
	its = 50
	hyp = 1008 / 6205
	cut = 210
287195 [0, 72781]: LP
	bnd = 72951.210938
	its = 46
	hyp = 987 / 6505
	cut = 224
312934 [0, 72781]: LP
	bnd = 72949.312500
	its = 50
	hyp = 1059 / 6802
	cut = 238
337967 [0, 72781]: LP
	bnd = 72947.945312
	its = 47
	hyp = 1180 / 7044
	cut = 252
363856 [0, 72781]: LP
	bnd = 72946.226562
	its = 47
	hyp = 1151 / 7295
	cut = 266
400828 [0, 72781]: LP
	bnd = 72944.531250
	its = 66
	hyp = 1238 / 7691
	cut = 280
434080 [0, 72781]: LP
	bnd = 72943.117188
	its = 55
	hyp = 1267 / 8026
	cut = 294
468801 [0, 72781]: LP
	bnd = 72941.507812
	its = 57
	hyp = 1254 / 8270
	cut = 308
500816 [0, 72781]: LP
	bnd = 72939.343750
	its = 51
	hyp = 1312 / 8560
	cut = 322
536917 [0, 72781]: LP
	bnd = 72937.835938
	its = 59
	hyp = 1401 / 8882
	cut = 336
578104 [0, 72781]: LP
	bnd = 72936.359375
	its = 61
	hyp = 1459 / 9226
	cut = 350
616909 [0, 72781]: LP
	bnd = 72935.398438
	its = 56
	hyp = 1496 / 9547
	cut = 364
655475 [0, 72781]: LP
	bnd = 72934.085938
	its = 55
	hyp = 1453 / 9847
	cut = 378
693649 [0, 72781]: LP
	bnd = 72932.968750
	its = 52
	hyp = 1507 / 10105
	cut = 392
	restart
746607 [0, 72781]: LP
	bnd = 72931.914062
	its = 70
	hyp = 1562 / 10441
	cut = 406
791019 [0, 72781]: LP
	bnd = 72931.250000
	its = 57
	hyp = 1620 / 10692
	cut = 420
844492 [0, 72781]: LP
	bnd = 72929.898438
	its = 70
	hyp = 1665 / 11015
	cut = 434
884033 [0, 72781]: LP
	bnd = 72929.070312
	its = 47
	hyp = 1674 / 11264
	cut = 448
942040 [0, 72781]: LP
	bnd = 72928.203125
	its = 71
	hyp = 1763 / 11544
	cut = 462
992573 [0, 72781]: LP
	bnd = 72927.437500
	its = 58
	hyp = 1623 / 11832
	cut = 476
1043962 [0, 72781]: LP
	bnd = 72926.546875
	its = 59
	hyp = 1662 / 12116
	cut = 490
1095321 [0, 72781]: LP
	bnd = 72925.921875
	its = 57
	hyp = 1835 / 12385
	cut = 504
1156299 [0, 72781]: LP
	bnd = 72925.218750
	its = 69
	hyp = 1710 / 12720
	cut = 518
1186595 [70058, 72708]: LABEL
	tot = 37772746
	max = 30787
1215426 [70058, 72708]: LP
	bnd = 72924.617188
	its = 66
	hyp = 1816 / 13002
	cut = 532
1267679 [70058, 72708]: LP
	bnd = 72924.093750
	its = 57
	hyp = 1792 / 13265
	cut = 546
1328512 [70058, 72708]: LP
	bnd = 72923.515625
	its = 65
	hyp = 1834 / 13558
	cut = 560
1392126 [70058, 72708]: LP
	bnd = 72922.898438
	its = 64
	hyp = 1829 / 13797
	cut = 574
1453119 [70058, 72708]: LP
	bnd = 72922.296875
	its = 60
	hyp = 1842 / 14051
	cut = 588
1523500 [70058, 72708]: LP
	bnd = 72921.695312
	its = 69
	hyp = 2008 / 14413
	cut = 602
1595539 [70058, 72708]: LP
	bnd = 72921.039062
	its = 70
	hyp = 1930 / 14712
	cut = 616
1662394 [70058, 72708]: LP
	bnd = 72920.531250
	its = 62
	hyp = 1888 / 14996
	cut = 630
1721670 [70058, 72708]: LP
	bnd = 72920.015625
	its = 50
	hyp = 1870 / 15217
	cut = 644
1791739 [70058, 72708]: LP
	bnd = 72919.570312
	its = 61
	hyp = 2092 / 15502
	cut = 658
1864513 [70058, 72708]: LP
	bnd = 72919.085938
	its = 58
	hyp = 2048 / 15768
	cut = 672
1932355 [70058, 72708]: LP
	bnd = 72918.523438
	its = 59
	hyp = 2046 / 16025
	cut = 686
2005490 [70058, 72708]: LP
	bnd = 72918.085938
	its = 59
	hyp = 2125 / 16314
	cut = 700
2082773 [70058, 72708]: LP
	bnd = 72917.757812
	its = 62
	hyp = 2095 / 16563
	cut = 714
2172454 [70058, 72708]: LP
	bnd = 72917.437500
	its = 73
	hyp = 2167 / 16915
	cut = 728
2255447 [70058, 72708]: LP
	bnd = 72917.070312
	its = 63
	hyp = 2159 / 17176
	cut = 742
2346684 [70058, 72708]: LP
	bnd = 72916.734375
	its = 70
	hyp = 2119 / 17485
	cut = 756
2434545 [70058, 72708]: LP
	bnd = 72916.328125
	its = 66
	hyp = 2188 / 17774
	cut = 770
2529096 [70058, 72708]: LP
	bnd = 72915.976562
	its = 70
	hyp = 2333 / 18099
	cut = 784
2642184 [70058, 72708]: LP
	bnd = 72915.570312
	its = 81
	hyp = 2319 / 18417
	cut = 798
2733579 [70058, 72708]: LP
	bnd = 72915.218750
	its = 61
	hyp = 2273 / 18697
	cut = 812
2836243 [70058, 72708]: LP
	bnd = 72914.781250
	its = 67
	hyp = 2287 / 18991
	cut = 826
2939261 [70058, 72708]: LP
	bnd = 72914.468750
	its = 68
	hyp = 2330 / 19241
	cut = 840
3030371 [70058, 72708]: LP
	bnd = 72914.140625
	its = 57
	hyp = 2455 / 19491
	cut = 854
3144040 [70058, 72708]: LP
	bnd = 72913.773438
	its = 68
	hyp = 2398 / 19796
	cut = 868
3249003 [70058, 72708]: LP
	bnd = 72913.343750
	its = 62
	hyp = 2432 / 20071
	cut = 882
3357639 [70058, 72708]: LP
	bnd = 72913.007812
	its = 66
	hyp = 2526 / 20353
	cut = 896
3453759 [70058, 72708]: LP
	bnd = 72912.695312
	its = 62
	hyp = 2430 / 20628
	cut = 910
3604939 [70058, 72708]: LP
	bnd = 72912.414062
	its = 88
	hyp = 2393 / 20989
	cut = 924
3701880 [70058, 72708]: LP
	bnd = 72912.093750
	its = 55
	hyp = 2389 / 21215
	cut = 938
3816829 [70058, 72708]: LP
	bnd = 72911.851562
	its = 70
	hyp = 2533 / 21513
	cut = 952
3907460 [70058, 72708]: LP
	bnd = 72911.546875
	its = 56
	hyp = 2448 / 21739
	cut = 966
4006794 [70058, 72708]: LP
	bnd = 72911.335938
	its = 59
	hyp = 2369 / 21973
	cut = 980
4123525 [70058, 72708]: LP
	bnd = 72911.109375
	its = 65
	hyp = 2444 / 22223
	cut = 994
4252799 [70058, 72708]: LP
	bnd = 72910.835938
	its = 70
	hyp = 2439 / 22522
	cut = 1008
4381961 [70058, 72708]: LP
	bnd = 72910.601562
	its = 69
	hyp = 2519 / 22772
	cut = 1022
4497773 [70058, 72708]: LP
	bnd = 72910.375000
	its = 57
	hyp = 2429 / 23013
	cut = 1036
4637266 [70058, 72708]: LP
	bnd = 72910.132812
	its = 65
	hyp = 2507 / 23273
	cut = 1050
4799706 [70058, 72708]: LP
	bnd = 72909.914062
	its = 80
	hyp = 2636 / 23560
	cut = 1064
4926289 [70058, 72708]: LP
	bnd = 72909.632812
	its = 54
	hyp = 2645 / 23786
	cut = 1078
5072102 [70058, 72708]: LP
	bnd = 72909.414062
	its = 67
	hyp = 2490 / 24045
	cut = 1092
5215328 [70058, 72708]: LP
	bnd = 72909.210938
	its = 62
	hyp = 2537 / 24310
	cut = 1106
5397179 [70058, 72708]: LP
	bnd = 72908.968750
	its = 80
	hyp = 2642 / 24610
	cut = 1120
5547035 [70058, 72708]: LP
	bnd = 72908.679688
	its = 66
	hyp = 2612 / 24875
	cut = 1134
5703527 [70058, 72708]: LP
	bnd = 72908.437500
	its = 67
	hyp = 2709 / 25125
	cut = 1148
5848027 [70058, 72708]: LP
	bnd = 72908.203125
	its = 57
	hyp = 2533 / 25358
	cut = 1162
6020074 [70058, 72708]: LP
	bnd = 72907.976562
	its = 69
	hyp = 2666 / 25624
	cut = 1176
6193631 [70058, 72708]: LP
	bnd = 72907.734375
	its = 69
	hyp = 2779 / 25890
	cut = 1191
6406490 [70058, 72708]: LP
	bnd = 72907.570312
	its = 90
	hyp = 2766 / 26258
	cut = 1206
6557253 [70058, 72708]: LP
	bnd = 72907.421875
	its = 66
	hyp = 2868 / 26517
	cut = 1220
6720366 [70058, 72708]: LP
	bnd = 72907.257812
	its = 61
	hyp = 2701 / 26738
	cut = 1235
6889133 [70058, 72708]: LP
	bnd = 72907.101562
	its = 64
	hyp = 2806 / 26995
	cut = 1250
7077194 [70058, 72708]: LP
	bnd = 72906.937500
	its = 72
	hyp = 2655 / 27252
	cut = 1266
