hypergraph with 55718 vertices and 5662029 hyperarcs generated in 1651
8231 [0, 81634]: LP
	bnd = 81634.929688
	its = 28
	hyp = 202 / 606
	cut = 0
8243 [0, 81634]: HEURISTIC 3
8253 [0, 81634]: LABEL
	tot = 316
	max = 1
8301 [0, 81553]: LABEL
	tot = 2472
	max = 7
8496 [0, 81471]: LABEL
	tot = 12177
	max = 36
9278 [0, 81390]: LABEL
	tot = 66474
	max = 298
12202 [80706, 81308]: LABEL
	tot = 347811
	max = 1822
15835 [80706, 81308]: LP
	bnd = 81630.171875
	its = 21
	hyp = 226 / 1077
	cut = 9
20179 [80706, 81308]: LP
	bnd = 81628.257812
	its = 11
	hyp = 287 / 1213
	cut = 18
24799 [81068, 81227]: LABEL
	tot = 1811749
	max = 11888
25817 [81068, 81227]: LP
	bnd = 81626.187500
	its = 15
	hyp = 287 / 1344
	cut = 27
33581 [81068, 81227]: LP
	bnd = 81621.781250
	its = 21
	hyp = 322 / 1594
	cut = 36
42114 [81068, 81227]: LP
	bnd = 81620.187500
	its = 23
	hyp = 305 / 1787
	cut = 46
48321 [81068, 81227]: LP
	bnd = 81614.421875
	its = 16
	hyp = 295 / 1906
	cut = 56
55208 [81068, 81227]: LP
	bnd = 81613.765625
	its = 18
	hyp = 385 / 2050
	cut = 66
62582 [81068, 81227]: LP
	bnd = 81607.125000
	its = 19
	hyp = 478 / 2233
	cut = 76
72278 [81068, 81227]: LP
	bnd = 81600.406250
	its = 25
	hyp = 500 / 2424
	cut = 87
83457 [81068, 81227]: LP
	bnd = 81597.500000
	its = 29
	hyp = 581 / 2576
	cut = 98
99407 [81068, 81227]: LP
	bnd = 81590.984375
	its = 42
	hyp = 576 / 2952
	cut = 109
107944 [81100, 81146]: LABEL
	tot = 9890631
	max = 79180
109793 [81100, 81146]: LP
	bnd = 81588.054688
	its = 26
	hyp = 634 / 3078
	cut = 120
125240 [81100, 81146]: LP
	bnd = 81580.195312
	its = 39
	hyp = 717 / 3342
	cut = 131
140766 [81100, 81146]: LP
	bnd = 81571.773438
	its = 39
	hyp = 729 / 3617
	cut = 142
155438 [81100, 81146]: LP
	bnd = 81567.195312
	its = 36
	hyp = 762 / 3795
	cut = 154
168750 [81100, 81146]: LP
	bnd = 81563.687500
	its = 31
	hyp = 775 / 3985
	cut = 166
187750 [81100, 81146]: LP
	bnd = 81559.046875
	its = 46
	hyp = 878 / 4270
	cut = 178
206154 [81100, 81146]: LP
	bnd = 81555.046875
	its = 43
	hyp = 946 / 4558
	cut = 190
223129 [81100, 81146]: LP
	bnd = 81550.921875
	its = 39
	hyp = 913 / 4790
	cut = 202
247890 [81100, 81146]: LP
	bnd = 81545.828125
	its = 57
	hyp = 1112 / 5166
	cut = 214
	restart
268684 [81100, 81146]: LP
	bnd = 81542.554688
	its = 46
	hyp = 1014 / 5490
	cut = 226
289940 [81100, 81146]: LP
	bnd = 81539.593750
	its = 45
	hyp = 1088 / 5789
	cut = 238
312276 [81100, 81146]: LP
	bnd = 81538.187500
	its = 47
	hyp = 1044 / 6047
	cut = 250
339793 [81100, 81146]: LP
	bnd = 81535.382812
	its = 57
	hyp = 1142 / 6362
	cut = 262
362599 [81100, 81146]: LP
	bnd = 81533.203125
	its = 45
	hyp = 1138 / 6598
	cut = 274
388250 [81100, 81146]: LP
	bnd = 81530.937500
	its = 49
	hyp = 1084 / 6830
	cut = 286
403133 [81106, 81106]: LABEL
	tot = 18494335
	max = 28851
