hypergraph with 54733 vertices and 5372930 hyperarcs generated in 1656
16932 [0, 75585]: LP
	bnd = 75585.093750
	its = 63
	hyp = 333 / 1407
	cut = 0
16944 [0, 75585]: HEURISTIC 3
16954 [0, 75585]: LABEL
	tot = 245
	max = 1
17153 [0, 75509]: LABEL
	tot = 8947
	max = 26
19105 [0, 75434]: LABEL
	tot = 186238
	max = 330
24961 [0, 75434]: LP
	bnd = 75584.257812
	its = 21
	hyp = 379 / 1736
	cut = 13
32403 [0, 75434]: LP
	bnd = 75582.046875
	its = 19
	hyp = 390 / 1944
	cut = 26
39981 [0, 75434]: LP
	bnd = 75580.117188
	its = 19
	hyp = 413 / 2296
	cut = 39
41344 [0, 75358]: LABEL
	tot = 3332839
	max = 4457
50792 [0, 75358]: LP
	bnd = 75576.125000
	its = 28
	hyp = 439 / 2507
	cut = 52
62009 [0, 75358]: LP
	bnd = 75572.015625
	its = 29
	hyp = 465 / 2680
	cut = 65
79046 [0, 75358]: LP
	bnd = 75567.476562
	its = 43
	hyp = 632 / 2987
	cut = 79
93179 [0, 75358]: LP
	bnd = 75561.750000
	its = 36
	hyp = 570 / 3276
	cut = 93
107445 [0, 75358]: LP
	bnd = 75558.296875
	its = 35
	hyp = 616 / 3585
	cut = 107
122110 [0, 75358]: LP
	bnd = 75555.601562
	its = 35
	hyp = 665 / 3796
	cut = 121
139317 [0, 75358]: LP
	bnd = 75551.796875
	its = 41
	hyp = 741 / 4035
	cut = 135
156415 [0, 75358]: LP
	bnd = 75548.398438
	its = 40
	hyp = 775 / 4289
	cut = 149
172822 [0, 75358]: LP
	bnd = 75546.421875
	its = 38
	hyp = 791 / 4498
	cut = 163
191075 [0, 75358]: LP
	bnd = 75542.945312
	its = 43
	hyp = 907 / 4751
	cut = 177
211392 [0, 75358]: LP
	bnd = 75540.703125
	its = 46
	hyp = 932 / 5047
	cut = 191
	restart
227799 [0, 75358]: LP
	bnd = 75538.796875
	its = 35
	hyp = 892 / 5257
	cut = 205
249337 [0, 75358]: LP
	bnd = 75536.671875
	its = 46
	hyp = 961 / 5511
	cut = 219
265723 [0, 75358]: LP
	bnd = 75535.156250
	its = 33
	hyp = 946 / 5688
	cut = 233
290573 [0, 75358]: LP
	bnd = 75532.867188
	its = 53
	hyp = 1093 / 6028
	cut = 247
311923 [0, 75358]: LP
	bnd = 75531.031250
	its = 42
	hyp = 1037 / 6243
	cut = 261
339430 [0, 75358]: LP
	bnd = 75529.507812
	its = 53
	hyp = 1069 / 6542
	cut = 275
368738 [0, 75358]: LP
	bnd = 75527.500000
	its = 58
	hyp = 1179 / 6813
	cut = 289
369067 [73696, 75283]: LABEL
	tot = 20378816
	max = 36995
397893 [73696, 75283]: LP
	bnd = 75525.304688
	its = 54
	hyp = 1143 / 7082
	cut = 303
424426 [73696, 75283]: LP
	bnd = 75523.726562
	its = 50
	hyp = 1256 / 7329
	cut = 317
451840 [73696, 75283]: LP
	bnd = 75522.468750
	its = 49
	hyp = 1296 / 7578
	cut = 331
480685 [73696, 75283]: LP
	bnd = 75521.460938
	its = 51
	hyp = 1250 / 7817
	cut = 345
511442 [73696, 75283]: LP
	bnd = 75520.320312
	its = 53
	hyp = 1291 / 8086
	cut = 359
546268 [73696, 75283]: LP
	bnd = 75519.437500
	its = 60
	hyp = 1359 / 8378
	cut = 373
575697 [73696, 75283]: LP
	bnd = 75518.507812
	its = 49
	hyp = 1282 / 8570
	cut = 387
608407 [73696, 75283]: LP
	bnd = 75517.570312
	its = 53
	hyp = 1370 / 8822
	cut = 401
650819 [73696, 75283]: LP
	bnd = 75516.640625
	its = 65
	hyp = 1367 / 9161
	cut = 415
689489 [73696, 75283]: LP
	bnd = 75515.929688
	its = 60
	hyp = 1481 / 9409
	cut = 429
721318 [73696, 75283]: LP
	bnd = 75515.218750
	its = 47
	hyp = 1554 / 9600
	cut = 443
763512 [73696, 75283]: LP
	bnd = 75514.546875
	its = 58
	hyp = 1474 / 9851
	cut = 457
811234 [73696, 75283]: LP
	bnd = 75513.898438
	its = 69
	hyp = 1604 / 10149
	cut = 471
850764 [73696, 75283]: LP
	bnd = 75513.234375
	its = 56
	hyp = 1481 / 10370
	cut = 485
894700 [73696, 75283]: LP
	bnd = 75512.562500
	its = 61
	hyp = 1498 / 10663
	cut = 499
938075 [73696, 75283]: LP
	bnd = 75512.015625
	its = 59
	hyp = 1655 / 10917
	cut = 513
986947 [73696, 75283]: LP
	bnd = 75511.429688
	its = 62
	hyp = 1668 / 11197
	cut = 527
1038631 [73696, 75283]: LP
	bnd = 75510.906250
	its = 68
	hyp = 1636 / 11457
	cut = 541
1078268 [73696, 75283]: LP
	bnd = 75510.468750
	its = 48
	hyp = 1715 / 11671
	cut = 555
1134660 [73696, 75283]: LP
	bnd = 75509.968750
	its = 67
	hyp = 1672 / 11923
	cut = 569
1175027 [73696, 75283]: LP
	bnd = 75509.414062
	its = 48
	hyp = 1720 / 12122
	cut = 583
1224786 [73696, 75283]: LP
	bnd = 75509.039062
	its = 58
	hyp = 1679 / 12379
	cut = 597
1282441 [73696, 75283]: LP
	bnd = 75508.531250
	its = 66
	hyp = 1794 / 12640
	cut = 611
1339323 [73696, 75283]: LP
	bnd = 75508.062500
	its = 61
	hyp = 1841 / 12893
	cut = 625
1397970 [73696, 75283]: LP
	bnd = 75507.656250
	its = 61
	hyp = 1934 / 13167
	cut = 639
1473391 [73696, 75283]: LP
	bnd = 75507.031250
	its = 78
	hyp = 1951 / 13505
	cut = 653
1532645 [73696, 75283]: LP
	bnd = 75506.578125
	its = 60
	hyp = 1842 / 13730
	cut = 667
1590339 [73696, 75283]: LP
	bnd = 75506.140625
	its = 60
	hyp = 1885 / 13975
	cut = 681
1647869 [73696, 75283]: LP
	bnd = 75505.671875
	its = 56
	hyp = 1860 / 14212
	cut = 695
1715753 [73696, 75283]: LP
	bnd = 75505.250000
	its = 61
	hyp = 1942 / 14475
	cut = 709
1799595 [73696, 75283]: LP
	bnd = 75504.835938
	its = 77
	hyp = 2076 / 14791
	cut = 723
1879304 [73696, 75283]: LP
	bnd = 75504.273438
	its = 72
	hyp = 2001 / 15080
	cut = 737
1969144 [73696, 75283]: LP
	bnd = 75503.812500
	its = 75
	hyp = 2054 / 15366
	cut = 751
2032930 [73696, 75283]: LP
	bnd = 75503.406250
	its = 51
	hyp = 1998 / 15575
	cut = 765
2113575 [73696, 75283]: LP
	bnd = 75503.023438
	its = 67
	hyp = 2044 / 15820
	cut = 779
2203567 [73696, 75283]: LP
	bnd = 75502.656250
	its = 70
	hyp = 2123 / 16121
	cut = 793
2297194 [73696, 75283]: LP
	bnd = 75502.406250
	its = 78
	hyp = 2193 / 16437
	cut = 807
2371273 [73696, 75283]: LP
	bnd = 75502.093750
	its = 58
	hyp = 2080 / 16643
	cut = 821
2466184 [73696, 75283]: LP
	bnd = 75501.742188
	its = 71
	hyp = 2194 / 16942
	cut = 835
2542742 [73696, 75283]: LP
	bnd = 75501.515625
	its = 58
	hyp = 2204 / 17159
	cut = 849
2649836 [73696, 75283]: LP
	bnd = 75501.195312
	its = 78
	hyp = 2184 / 17490
	cut = 863
2724359 [73696, 75283]: LP
	bnd = 75500.906250
	its = 55
	hyp = 2144 / 17707
	cut = 877
2830191 [73696, 75283]: LP
	bnd = 75500.609375
	its = 75
	hyp = 2281 / 17997
	cut = 891
2916257 [73696, 75283]: LP
	bnd = 75500.367188
	its = 61
	hyp = 2244 / 18233
	cut = 905
3024443 [73696, 75283]: LP
	bnd = 75500.117188
	its = 68
	hyp = 2234 / 18529
	cut = 919
3117809 [73696, 75283]: LP
	bnd = 75499.859375
	its = 58
	hyp = 2343 / 18795
	cut = 933
3228010 [73696, 75283]: LP
	bnd = 75499.562500
	its = 70
	hyp = 2290 / 19076
	cut = 947
3361332 [73696, 75283]: LP
	bnd = 75499.273438
	its = 85
	hyp = 2351 / 19406
	cut = 961
3483373 [73696, 75283]: LP
	bnd = 75499.000000
	its = 72
	hyp = 2421 / 19673
	cut = 975
3618843 [73696, 75283]: LP
	bnd = 75498.718750
	its = 78
	hyp = 2412 / 19984
	cut = 989
3757863 [73696, 75283]: LP
	bnd = 75498.437500
	its = 83
	hyp = 2369 / 20302
	cut = 1003
3872762 [73696, 75283]: LP
	bnd = 75498.171875
	its = 66
	hyp = 2344 / 20578
	cut = 1017
4013115 [73696, 75283]: LP
	bnd = 75497.875000
	its = 81
	hyp = 2416 / 20850
	cut = 1031
4147366 [73696, 75283]: LP
	bnd = 75497.617188
	its = 72
	hyp = 2332 / 21086
	cut = 1045
4266692 [73696, 75283]: LP
	bnd = 75497.328125
	its = 67
	hyp = 2331 / 21346
	cut = 1059
4387343 [73696, 75283]: LP
	bnd = 75497.125000
	its = 68
	hyp = 2457 / 21617
	cut = 1073
4507112 [73696, 75283]: LP
	bnd = 75496.953125
	its = 64
	hyp = 2491 / 21841
	cut = 1087
4574024 [74145, 75207]: LABEL
	tot = 227504813
	max = 345721
4648255 [74145, 75207]: LP
	bnd = 75496.773438
	its = 72
	hyp = 2502 / 22140
	cut = 1101
4796768 [74145, 75207]: LP
	bnd = 75496.601562
	its = 75
	hyp = 2470 / 22404
	cut = 1115
4936199 [74145, 75207]: LP
	bnd = 75496.414062
	its = 65
	hyp = 2550 / 22681
	cut = 1129
5086922 [74145, 75207]: LP
	bnd = 75496.250000
	its = 76
	hyp = 2623 / 22951
	cut = 1143
5217976 [74145, 75207]: LP
	bnd = 75496.054688
	its = 61
	hyp = 2413 / 23140
	cut = 1157
5357951 [74145, 75207]: LP
	bnd = 75495.882812
	its = 65
	hyp = 2522 / 23385
	cut = 1171
5511071 [74145, 75207]: LP
	bnd = 75495.671875
	its = 68
	hyp = 2614 / 23642
	cut = 1185
5685093 [74145, 75207]: LP
	bnd = 75495.492188
	its = 79
	hyp = 2554 / 23947
	cut = 1199
5847866 [74145, 75207]: LP
	bnd = 75495.304688
	its = 68
	hyp = 2629 / 24207
	cut = 1213
6046567 [74145, 75207]: LP
	bnd = 75495.070312
	its = 87
	hyp = 2624 / 24521
	cut = 1227
6222593 [74145, 75207]: LP
	bnd = 75494.906250
	its = 74
	hyp = 2635 / 24783
	cut = 1241
6384322 [74145, 75207]: LP
	bnd = 75494.742188
	its = 69
	hyp = 2725 / 25040
	cut = 1255
6545709 [74145, 75207]: LP
	bnd = 75494.562500
	its = 66
	hyp = 2705 / 25280
	cut = 1270
6787223 [74145, 75207]: LP
	bnd = 75494.328125
	its = 89
	hyp = 2709 / 25608
	cut = 1285
6995521 [74145, 75207]: LP
	bnd = 75494.140625
	its = 80
	hyp = 2782 / 25874
	cut = 1300
