hypergraph with 60076 vertices and 6872124 hyperarcs generated in 2792
20800 [0, 87314]: LP
	bnd = 87314.859375
	its = 69
	hyp = 294 / 1561
	cut = 0
20817 [0, 87314]: HEURISTIC 3
20830 [0, 87314]: LABEL
	tot = 285
	max = 1
22421 [0, 87227]: LABEL
	tot = 82182
	max = 189
30112 [0, 87227]: LP
	bnd = 87310.320312
	its = 21
	hyp = 304 / 1792
	cut = 14
38466 [0, 87227]: LP
	bnd = 87306.421875
	its = 19
	hyp = 322 / 1972
	cut = 29
47774 [0, 87227]: LP
	bnd = 87305.468750
	its = 21
	hyp = 317 / 2198
	cut = 45
58283 [0, 87227]: LP
	bnd = 87304.585938
	its = 24
	hyp = 394 / 2441
	cut = 61
65888 [0, 87227]: LP
	bnd = 87303.054688
	its = 16
	hyp = 406 / 2629
	cut = 77
74543 [0, 87227]: LP
	bnd = 87301.570312
	its = 19
	hyp = 437 / 2779
	cut = 93
82965 [0, 87227]: LP
	bnd = 87300.554688
	its = 17
	hyp = 477 / 2909
	cut = 109
92985 [0, 87227]: LP
	bnd = 87299.843750
	its = 22
	hyp = 476 / 3035
	cut = 125
108501 [0, 87227]: LP
	bnd = 87297.742188
	its = 34
	hyp = 549 / 3322
	cut = 141
121267 [0, 87227]: LP
	bnd = 87296.101562
	its = 27
	hyp = 572 / 3504
	cut = 157
136685 [0, 87227]: LP
	bnd = 87294.664062
	its = 33
	hyp = 610 / 3748
	cut = 173
154076 [0, 87227]: LP
	bnd = 87292.984375
	its = 36
	hyp = 597 / 3992
	cut = 189
171555 [0, 87227]: LP
	bnd = 87290.859375
	its = 37
	hyp = 670 / 4237
	cut = 205
178888 [0, 87140]: LABEL
	tot = 9207537
	max = 13849
190826 [0, 87140]: LP
	bnd = 87289.015625
	its = 40
	hyp = 767 / 4515
	cut = 221
215296 [0, 87140]: LP
	bnd = 87287.593750
	its = 51
	hyp = 851 / 4852
	cut = 237
233030 [0, 87140]: LP
	bnd = 87285.296875
	its = 33
	hyp = 795 / 5091
	cut = 254
259717 [0, 87140]: LP
	bnd = 87284.148438
	its = 52
	hyp = 916 / 5420
	cut = 271
282980 [0, 87140]: LP
	bnd = 87283.070312
	its = 43
	hyp = 959 / 5677
	cut = 288
313280 [0, 87140]: LP
	bnd = 87281.968750
	its = 57
	hyp = 1008 / 6009
	cut = 305
338651 [0, 87140]: LP
	bnd = 87280.812500
	its = 46
	hyp = 998 / 6246
	cut = 322
358288 [0, 87140]: LP
	bnd = 87279.695312
	its = 34
	hyp = 1034 / 6435
	cut = 339
383882 [0, 87140]: LP
	bnd = 87278.687500
	its = 42
	hyp = 1093 / 6684
	cut = 357
414424 [0, 87140]: LP
	bnd = 87278.023438
	its = 51
	hyp = 1046 / 6944
	cut = 375
438632 [0, 87140]: LP
	bnd = 87277.156250
	its = 40
	hyp = 1222 / 7164
	cut = 393
469645 [0, 87140]: LP
	bnd = 87276.062500
	its = 52
	hyp = 1107 / 7476
	cut = 410
505462 [0, 87140]: LP
	bnd = 87275.148438
	its = 57
	hyp = 1280 / 7801
	cut = 427
544990 [0, 87140]: LP
	bnd = 87274.257812
	its = 63
	hyp = 1263 / 8134
	cut = 444
583876 [0, 87140]: LP
	bnd = 87272.335938
	its = 61
	hyp = 1138 / 8451
	cut = 461
614512 [0, 87140]: LP
	bnd = 87271.312500
	its = 46
	hyp = 1190 / 8690
	cut = 478
646151 [0, 87140]: LP
	bnd = 87270.320312
	its = 48
	hyp = 1163 / 8930
	cut = 495
681699 [0, 87140]: LP
	bnd = 87269.234375
	its = 49
	hyp = 1325 / 9247
	cut = 512
724778 [0, 87140]: LP
	bnd = 87268.437500
	its = 63
	hyp = 1338 / 9631
	cut = 529
765710 [0, 87140]: LP
	bnd = 87267.648438
	its = 53
	hyp = 1227 / 9921
	cut = 546
806952 [0, 87140]: LP
	bnd = 87266.835938
	its = 55
	hyp = 1381 / 10201
	cut = 563
846375 [0, 87140]: LP
	bnd = 87266.281250
	its = 54
	hyp = 1502 / 10461
	cut = 580
894408 [0, 87140]: LP
	bnd = 87265.687500
	its = 59
	hyp = 1454 / 10800
	cut = 597
950618 [0, 87140]: LP
	bnd = 87265.015625
	its = 68
	hyp = 1481 / 11147
	cut = 614
992008 [0, 87140]: LP
	bnd = 87264.492188
	its = 50
	hyp = 1444 / 11390
	cut = 630
1041894 [0, 87140]: LP
	bnd = 87264.109375
	its = 61
	hyp = 1428 / 11690
	cut = 646
1089030 [0, 87140]: LP
	bnd = 87263.593750
	its = 56
	hyp = 1529 / 12036
	cut = 662
1139042 [0, 87140]: LP
	bnd = 87263.093750
	its = 58
	hyp = 1543 / 12341
	cut = 678
1196905 [0, 87140]: LP
	bnd = 87262.726562
	its = 62
	hyp = 1563 / 12687
	cut = 694
1244245 [0, 87140]: LP
	bnd = 87262.351562
	its = 54
	hyp = 1680 / 12916
	cut = 711
1310591 [0, 87140]: LP
	bnd = 87261.984375
	its = 69
	hyp = 1688 / 13274
	cut = 728
1377542 [0, 87140]: LP
	bnd = 87261.648438
	its = 72
	hyp = 1625 / 13598
	cut = 745
1437295 [0, 87140]: LP
	bnd = 87261.375000
	its = 60
	hyp = 1744 / 13923
	cut = 762
1502731 [0, 87140]: LP
	bnd = 87261.140625
	its = 66
	hyp = 1827 / 14225
	cut = 779
1574050 [0, 87140]: LP
	bnd = 87260.820312
	its = 60
	hyp = 1734 / 14519
	cut = 796
1640412 [0, 87140]: LP
	bnd = 87260.562500
	its = 60
	hyp = 1820 / 14864
	cut = 813
1713674 [0, 87140]: LP
	bnd = 87260.296875
	its = 61
	hyp = 1591 / 15131
	cut = 830
1787506 [0, 87140]: LP
	bnd = 87260.023438
	its = 64
	hyp = 1766 / 15449
	cut = 847
1864815 [0, 87140]: LP
	bnd = 87259.804688
	its = 65
	hyp = 1820 / 15739
	cut = 864
1948610 [0, 87140]: LP
	bnd = 87259.609375
	its = 75
	hyp = 1842 / 16084
	cut = 881
2033439 [0, 87140]: LP
	bnd = 87259.375000
	its = 73
	hyp = 1734 / 16373
	cut = 898
2119395 [0, 87140]: LP
	bnd = 87259.148438
	its = 71
	hyp = 1816 / 16718
	cut = 915
2211149 [0, 87140]: LP
	bnd = 87258.882812
	its = 69
	hyp = 1964 / 17084
	cut = 932
2284381 [0, 87140]: LP
	bnd = 87258.625000
	its = 59
	hyp = 1828 / 17364
	cut = 949
2389507 [0, 87140]: LP
	bnd = 87258.382812
	its = 74
	hyp = 1878 / 17731
	cut = 966
2477591 [0, 87140]: LP
	bnd = 87258.203125
	its = 66
	hyp = 1848 / 18037
	cut = 983
2561062 [0, 87140]: LP
	bnd = 87258.000000
	its = 59
	hyp = 1924 / 18309
	cut = 1000
2689148 [0, 87140]: LP
	bnd = 87257.781250
	its = 82
	hyp = 1977 / 18685
	cut = 1017
2799046 [0, 87140]: LP
	bnd = 87257.531250
	its = 75
	hyp = 2029 / 19063
	cut = 1034
2917082 [0, 87140]: LP
	bnd = 87257.351562
	its = 76
	hyp = 1967 / 19394
	cut = 1051
3019017 [0, 87140]: LP
	bnd = 87257.164062
	its = 65
	hyp = 2011 / 19692
	cut = 1068
3118650 [0, 87140]: LP
	bnd = 87256.992188
	its = 63
	hyp = 2003 / 19954
	cut = 1085
3239150 [0, 87140]: LP
	bnd = 87256.804688
	its = 72
	hyp = 2070 / 20311
	cut = 1102
3332272 [0, 87140]: LP
	bnd = 87256.656250
	its = 55
	hyp = 1993 / 20545
	cut = 1119
3441662 [0, 87140]: LP
	bnd = 87256.484375
	its = 65
	hyp = 2094 / 20841
	cut = 1136
3575328 [0, 87140]: LP
	bnd = 87256.226562
	its = 69
	hyp = 2220 / 21190
	cut = 1153
3710970 [0, 87140]: LP
	bnd = 87256.007812
	its = 72
	hyp = 2178 / 21546
	cut = 1170
3856136 [0, 87140]: LP
	bnd = 87255.835938
	its = 69
	hyp = 2075 / 21887
	cut = 1187
4011882 [0, 87140]: LP
	bnd = 87255.601562
	its = 81
	hyp = 2232 / 22260
	cut = 1204
4157784 [0, 87140]: LP
	bnd = 87255.414062
	its = 65
	hyp = 2135 / 22531
	cut = 1221
4336433 [0, 87140]: LP
	bnd = 87255.187500
	its = 84
	hyp = 2153 / 22891
	cut = 1238
4474349 [0, 87140]: LP
	bnd = 87255.039062
	its = 70
	hyp = 2273 / 23221
	cut = 1255
4658308 [0, 87140]: LP
	bnd = 87254.820312
	its = 86
	hyp = 2289 / 23653
	cut = 1272
4813422 [0, 87140]: LP
	bnd = 87254.664062
	its = 80
	hyp = 2256 / 23973
	cut = 1289
4991093 [0, 87140]: LP
	bnd = 87254.492188
	its = 81
	hyp = 2164 / 24333
	cut = 1306
5168133 [0, 87140]: LP
	bnd = 87254.312500
	its = 83
	hyp = 2405 / 24668
	cut = 1323
5350855 [0, 87140]: LP
	bnd = 87254.132812
	its = 80
	hyp = 2343 / 25018
	cut = 1340
5519423 [0, 87140]: LP
	bnd = 87253.968750
	its = 76
	hyp = 2467 / 25348
	cut = 1357
5729290 [0, 87140]: LP
	bnd = 87253.835938
	its = 90
	hyp = 2406 / 25732
	cut = 1374
5889772 [0, 87140]: LP
	bnd = 87253.679688
	its = 66
	hyp = 2210 / 26041
	cut = 1392
6068770 [0, 87140]: LP
	bnd = 87253.578125
	its = 80
	hyp = 2360 / 26403
	cut = 1410
6289257 [0, 87140]: LP
	bnd = 87253.367188
	its = 86
	hyp = 2345 / 26746
	cut = 1427
6516408 [0, 87140]: LP
	bnd = 87253.226562
	its = 75
	hyp = 2374 / 27083
	cut = 1444
6796887 [0, 87140]: LP
	bnd = 87253.101562
	its = 95
	hyp = 2237 / 27496
	cut = 1461
6934002 [0, 87140]: LP
	bnd = 87253.023438
	its = 55
	hyp = 2501 / 27748
	cut = 1478
7178688 [0, 87140]: LP
	bnd = 87252.882812
	its = 68
	hyp = 2359 / 28077
	cut = 1496
