hypergraph with 58599 vertices and 6454502 hyperarcs generated in 2473
17997 [0, 86483]: LP
	bnd = 86483.585938
	its = 60
	hyp = 346 / 1280
	cut = 0
18009 [0, 86483]: HEURISTIC 3
18018 [0, 86483]: LABEL
	tot = 202
	max = 2
18200 [0, 86397]: LABEL
	tot = 4985
	max = 13
19766 [0, 86310]: LABEL
	tot = 81977
	max = 138
30792 [0, 86310]: LP
	bnd = 86478.960938
	its = 30
	hyp = 405 / 2085
	cut = 14
33478 [0, 86224]: LABEL
	tot = 1301525
	max = 1585
44519 [0, 86224]: LP
	bnd = 86468.578125
	its = 33
	hyp = 458 / 2486
	cut = 29
60601 [0, 86224]: LP
	bnd = 86464.390625
	its = 37
	hyp = 500 / 2838
	cut = 44
72539 [0, 86224]: LP
	bnd = 86459.554688
	its = 26
	hyp = 562 / 3038
	cut = 59
89290 [0, 86224]: LP
	bnd = 86449.562500
	its = 37
	hyp = 626 / 3405
	cut = 74
108835 [0, 86224]: LP
	bnd = 86442.828125
	its = 42
	hyp = 671 / 3703
	cut = 89
125834 [0, 86224]: LP
	bnd = 86435.015625
	its = 36
	hyp = 658 / 3996
	cut = 104
	restart
147227 [0, 86224]: LP
	bnd = 86428.734375
	its = 46
	hyp = 724 / 4362
	cut = 119
169641 [0, 86224]: LP
	bnd = 86422.203125
	its = 49
	hyp = 857 / 4731
	cut = 134
182714 [0, 86138]: LABEL
	tot = 6272940
	max = 16358
186531 [0, 86138]: LP
	bnd = 86416.671875
	its = 34
	hyp = 848 / 4983
	cut = 149
214666 [0, 86138]: LP
	bnd = 86413.062500
	its = 58
	hyp = 887 / 5433
	cut = 164
237090 [0, 86138]: LP
	bnd = 86408.578125
	its = 45
	hyp = 1051 / 5721
	cut = 179
258960 [0, 86138]: LP
	bnd = 86403.492188
	its = 42
	hyp = 936 / 5980
	cut = 195
288016 [0, 86138]: LP
	bnd = 86399.937500
	its = 55
	hyp = 1065 / 6384
	cut = 211
317310 [0, 86138]: LP
	bnd = 86395.851562
	its = 55
	hyp = 1232 / 6726
	cut = 227
346546 [0, 86138]: LP
	bnd = 86392.554688
	its = 51
	hyp = 1123 / 7078
	cut = 243
376021 [0, 86138]: LP
	bnd = 86389.625000
	its = 49
	hyp = 1188 / 7334
	cut = 259
413569 [0, 86138]: LP
	bnd = 86386.000000
	its = 63
	hyp = 1231 / 7697
	cut = 275
452258 [0, 86138]: LP
	bnd = 86384.437500
	its = 63
	hyp = 1307 / 8047
	cut = 291
488121 [0, 86138]: LP
	bnd = 86381.875000
	its = 57
	hyp = 1360 / 8352
	cut = 307
528441 [0, 86138]: LP
	bnd = 86379.804688
	its = 59
	hyp = 1352 / 8669
	cut = 323
569063 [0, 86138]: LP
	bnd = 86377.585938
	its = 59
	hyp = 1366 / 8983
	cut = 339
	restart
613953 [0, 86138]: LP
	bnd = 86376.085938
	its = 65
	hyp = 1489 / 9316
	cut = 355
664954 [0, 86138]: LP
	bnd = 86374.359375
	its = 71
	hyp = 1488 / 9669
	cut = 371
706125 [0, 86138]: LP
	bnd = 86372.453125
	its = 57
	hyp = 1592 / 9968
	cut = 387
756697 [0, 86138]: LP
	bnd = 86370.671875
	its = 68
	hyp = 1613 / 10314
	cut = 403
806413 [0, 86138]: LP
	bnd = 86368.851562
	its = 64
	hyp = 1516 / 10615
	cut = 419
851704 [0, 86138]: LP
	bnd = 86367.031250
	its = 58
	hyp = 1610 / 10875
	cut = 435
901558 [0, 86138]: LP
	bnd = 86365.421875
	its = 64
	hyp = 1629 / 11206
	cut = 451
959674 [0, 86138]: LP
	bnd = 86363.882812
	its = 66
	hyp = 1697 / 11580
	cut = 467
985061 [85581, 86052]: LABEL
	tot = 36194897
	max = 83820
1016070 [85581, 86052]: LP
	bnd = 86362.132812
	its = 68
	hyp = 1723 / 11926
	cut = 483
1072283 [85581, 86052]: LP
	bnd = 86360.828125
	its = 67
	hyp = 1837 / 12241
	cut = 499
1129016 [85581, 86052]: LP
	bnd = 86359.250000
	its = 64
	hyp = 1806 / 12528
	cut = 515
1193774 [85581, 86052]: LP
	bnd = 86358.000000
	its = 71
	hyp = 1956 / 12888
	cut = 531
1243523 [85581, 86052]: LP
	bnd = 86357.101562
	its = 53
	hyp = 1896 / 13141
	cut = 547
1309452 [85581, 86052]: LP
	bnd = 86356.140625
	its = 73
	hyp = 1853 / 13553
	cut = 563
1375792 [85581, 86052]: LP
	bnd = 86355.226562
	its = 70
	hyp = 2015 / 13908
	cut = 579
1434332 [85581, 86052]: LP
	bnd = 86354.437500
	its = 60
	hyp = 1855 / 14191
	cut = 595
1512326 [85581, 86052]: LP
	bnd = 86353.640625
	its = 78
	hyp = 1904 / 14532
	cut = 611
1572346 [85581, 86052]: LP
	bnd = 86353.023438
	its = 59
	hyp = 1972 / 14782
	cut = 627
1650743 [85581, 86052]: LP
	bnd = 86352.140625
	its = 73
	hyp = 1938 / 15107
	cut = 643
1711473 [85581, 86052]: LP
	bnd = 86351.429688
	its = 52
	hyp = 1874 / 15318
	cut = 659
1795874 [85581, 86052]: LP
	bnd = 86350.726562
	its = 72
	hyp = 1952 / 15627
	cut = 675
1884325 [85581, 86052]: LP
	bnd = 86350.015625
	its = 81
	hyp = 2036 / 15979
	cut = 691
1958005 [85581, 86052]: LP
	bnd = 86349.375000
	its = 62
	hyp = 2101 / 16220
	cut = 707
2049279 [85581, 86052]: LP
	bnd = 86348.718750
	its = 70
	hyp = 2059 / 16526
	cut = 723
2109499 [85581, 86052]: LP
	bnd = 86348.195312
	its = 48
	hyp = 2156 / 16690
	cut = 739
2195317 [85581, 86052]: LP
	bnd = 86347.500000
	its = 65
	hyp = 2190 / 16920
	cut = 755
2285994 [85581, 86052]: LP
	bnd = 86346.671875
	its = 67
	hyp = 2124 / 17185
	cut = 771
2381683 [85581, 86052]: LP
	bnd = 86346.000000
	its = 71
	hyp = 2326 / 17505
	cut = 787
2482483 [85581, 86052]: LP
	bnd = 86345.328125
	its = 70
	hyp = 2351 / 17851
	cut = 803
2589384 [85581, 86052]: LP
	bnd = 86344.476562
	its = 72
	hyp = 2356 / 18118
	cut = 819
2695896 [85581, 86052]: LP
	bnd = 86343.859375
	its = 73
	hyp = 2445 / 18408
	cut = 835
2791429 [85581, 86052]: LP
	bnd = 86343.312500
	its = 67
	hyp = 2283 / 18677
	cut = 851
2901967 [85581, 86052]: LP
	bnd = 86342.664062
	its = 76
	hyp = 2434 / 18984
	cut = 867
3004412 [85581, 86052]: LP
	bnd = 86342.164062
	its = 64
	hyp = 2227 / 19222
	cut = 883
3122139 [85581, 86052]: LP
	bnd = 86341.648438
	its = 78
	hyp = 2378 / 19525
	cut = 899
3252411 [85581, 86052]: LP
	bnd = 86341.195312
	its = 86
	hyp = 2525 / 19866
	cut = 915
3380615 [85581, 86052]: LP
	bnd = 86340.742188
	its = 78
	hyp = 2470 / 20144
	cut = 931
3471938 [85581, 86052]: LP
	bnd = 86340.281250
	its = 54
	hyp = 2425 / 20372
	cut = 947
3604467 [85581, 86052]: LP
	bnd = 86339.898438
	its = 72
	hyp = 2391 / 20657
	cut = 963
3740623 [85581, 86052]: LP
	bnd = 86339.445312
	its = 81
	hyp = 2506 / 20954
	cut = 979
3856438 [85581, 86052]: LP
	bnd = 86339.046875
	its = 65
	hyp = 2534 / 21201
	cut = 995
3984406 [85581, 86052]: LP
	bnd = 86338.710938
	its = 67
	hyp = 2540 / 21478
	cut = 1011
4121490 [85581, 86052]: LP
	bnd = 86338.390625
	its = 75
	hyp = 2574 / 21746
	cut = 1027
4262996 [85581, 86052]: LP
	bnd = 86338.070312
	its = 76
	hyp = 2510 / 22032
	cut = 1043
4413200 [85581, 86052]: LP
	bnd = 86337.648438
	its = 71
	hyp = 2635 / 22315
	cut = 1059
4571113 [85581, 86052]: LP
	bnd = 86337.265625
	its = 72
	hyp = 2670 / 22625
	cut = 1075
4738983 [85581, 86052]: LP
	bnd = 86336.937500
	its = 75
	hyp = 2640 / 22906
	cut = 1091
4886827 [85581, 86052]: LP
	bnd = 86336.468750
	its = 68
	hyp = 2603 / 23138
	cut = 1107
5045442 [85581, 86052]: LP
	bnd = 86336.085938
	its = 76
	hyp = 2810 / 23415
	cut = 1123
5250650 [85581, 86052]: LP
	bnd = 86335.640625
	its = 94
	hyp = 2688 / 23779
	cut = 1140
5422016 [85581, 86052]: LP
	bnd = 86335.125000
	its = 75
	hyp = 2718 / 24067
	cut = 1156
5595652 [85581, 86052]: LP
	bnd = 86334.656250
	its = 79
	hyp = 2717 / 24352
	cut = 1172
5777771 [85581, 86052]: LP
	bnd = 86334.210938
	its = 80
	hyp = 2665 / 24663
	cut = 1188
5989602 [85581, 86052]: LP
	bnd = 86333.812500
	its = 86
	hyp = 2778 / 24984
	cut = 1204
6166868 [85581, 86052]: LP
	bnd = 86333.460938
	its = 69
	hyp = 2878 / 25275
	cut = 1220
6399523 [85581, 86052]: LP
	bnd = 86333.070312
	its = 90
	hyp = 2894 / 25632
	cut = 1236
6549557 [85581, 86052]: LP
	bnd = 86332.796875
	its = 57
	hyp = 2793 / 25842
	cut = 1253
6750125 [85581, 86052]: LP
	bnd = 86332.476562
	its = 75
	hyp = 2890 / 26114
	cut = 1270
7009372 [85581, 86052]: LP
	bnd = 86332.210938
	its = 89
	hyp = 2927 / 26488
	cut = 1287
