hypergraph with 2809671 vertices and 1904920715 hyperarcs generated in 298949
2661807 [0, 2407531]: LP
	bnd = 2407531.500000
	its = 24
	hyp = 818 / 2083
	cut = 0
2662091 [0, 2407531]: HEURISTIC 3
2662368 [0, 2407531]: LABEL
	tot = 3648
	max = 1
2662870 [0, 2405124]: LABEL
	tot = 7961
	max = 3
2664528 [0, 2402719]: LABEL
	tot = 32166
	max = 6
2668585 [0, 2400316]: LABEL
	tot = 80302
	max = 15
2676967 [0, 2397916]: LABEL
	tot = 181254
	max = 36
2694899 [2365485, 2395518]: LABEL
	tot = 420662
	max = 86
2733551 [2379877, 2393122]: LABEL
	tot = 972664
	max = 268
2815379 [2383786, 2390729]: LABEL
	tot = 2234892
	max = 804
2987469 [2384367, 2388338]: LABEL
	tot = 5126755
	max = 2252
3335852 [2384367, 2385950]: LABEL
	tot = 11734903
	max = 6190
3905023 [2384367, 2384367]: LABEL
	tot = 20319272
	max = 11763
