hypergraph with 1744616 vertices and 905890148 hyperarcs generated in 172665
1026031 [0, 1585438]: LP
	bnd = 1585438.750000
	its = 17
	hyp = 422 / 988
	cut = 0
1026263 [0, 1585438]: HEURISTIC 3
1026485 [0, 1585438]: LABEL
	tot = 2174
	max = 1
1027066 [1564961, 1583853]: LABEL
	tot = 8089
	max = 2
1028322 [1565807, 1582269]: LABEL
	tot = 19251
	max = 7
1031969 [1569186, 1580687]: LABEL
	tot = 54542
	max = 14
1042508 [1576765, 1579106]: LABEL
	tot = 148456
	max = 44
1067326 [1576765, 1577527]: LABEL
	tot = 392534
	max = 142
1103310 [1576765, 1576765]: LABEL
	tot = 605192
	max = 239
