hypergraph with 1891511 vertices and 1091957336 hyperarcs generated in 262663
1309848 [0, 1691243]: LP
	bnd = 1691243.000000
	its = 17
	hyp = 304 / 817
	cut = 0
1309932 [0, 1691243]: HEURISTIC 3
1310011 [0, 1691243]: LABEL
	tot = 361
	max = 1
1310361 [0, 1689551]: LABEL
	tot = 6080
	max = 8
1312048 [0, 1687862]: LABEL
	tot = 28389
	max = 37
1318481 [0, 1686174]: LABEL
	tot = 105381
	max = 152
1337552 [1683902, 1684488]: LABEL
	tot = 331015
	max = 538
1365418 [1683902, 1683902]: LABEL
	tot = 489613
	max = 819
