hypergraph with 2014085 vertices and 1190893319 hyperarcs generated in 270975
1647339 [0, 1748521]: LP
	bnd = 1748521.250000
	its = 21
	hyp = 436 / 1093
	cut = 0
1647662 [0, 1748521]: HEURISTIC 3
1647974 [0, 1748521]: LABEL
	tot = 3365
	max = 1
1649298 [0, 1746772]: LABEL
	tot = 17395
	max = 3
1654780 [0, 1745026]: LABEL
	tot = 75136
	max = 14
1676012 [0, 1743281]: LABEL
	tot = 312507
	max = 84
1748348 [1739254, 1741537]: LABEL
	tot = 1244829
	max = 465
1992390 [1739254, 1739796]: LABEL
	tot = 4844077
	max = 3554
2354099 [1739254, 1739254]: LABEL
	tot = 7371497
	max = 6469
