hypergraph with 3029127 vertices and 2307247641 hyperarcs generated in 433466
2872312 [0, 2530818]: LP
	bnd = 2530818.750000
	its = 20
	hyp = 479 / 1172
	cut = 0
2872503 [0, 2530818]: HEURISTIC 3
2872677 [0, 2530818]: LABEL
	tot = 1111
	max = 1
2874402 [0, 2528288]: LABEL
	tot = 23500
	max = 16
2882577 [2518179, 2525759]: LABEL
	tot = 115909
	max = 129
2917299 [2518179, 2523234]: LABEL
	tot = 538385
	max = 787
3050776 [2519856, 2520710]: LABEL
	tot = 2468851
	max = 4709
3261490 [2519856, 2519856]: LABEL
	tot = 4079447
	max = 8456
