hypergraph with 2321693 vertices and 1545333678 hyperarcs generated in 332158
2002692 [0, 1981256]: LP
	bnd = 1981256.750000
	its = 20
	hyp = 516 / 1438
	cut = 0
2003206 [0, 1981256]: HEURISTIC 3
2003709 [0, 1981256]: LABEL
	tot = 4332
	max = 1
2005545 [1970342, 1979275]: LABEL
	tot = 15958
	max = 3
2014299 [1970342, 1977296]: LABEL
	tot = 65305
	max = 12
2032748 [1971036, 1975319]: LABEL
	tot = 170668
	max = 39
2094760 [1972526, 1973343]: LABEL
	tot = 515553
	max = 159
2180224 [1972526, 1972526]: LABEL
	tot = 779631
	max = 272
