hypergraph with 1874117 vertices and 1115536988 hyperarcs generated in 239205
1616604 [0, 1567151]: LP
	bnd = 1567151.875000
	its = 24
	hyp = 582 / 1576
	cut = 0
1616956 [0, 1567151]: HEURISTIC 3
1617302 [0, 1567151]: LABEL
	tot = 3735
	max = 1
1618516 [0, 1565584]: LABEL
	tot = 22843
	max = 18
1622202 [0, 1564019]: LABEL
	tot = 87518
	max = 37
1631707 [1558361, 1562455]: LABEL
	tot = 237556
	max = 120
1655332 [1558361, 1560892]: LABEL
	tot = 634556
	max = 384
1720886 [1558361, 1559331]: LABEL
	tot = 1763150
	max = 1313
1845743 [1558361, 1558361]: LABEL
	tot = 3338042
	max = 2713
