hypergraph with 2029731 vertices and 1308659625 hyperarcs generated in 323900
2265190 [0, 1670131]: LP
	bnd = 1670131.875000
	its = 28
	hyp = 555 / 1484
	cut = 0
2265311 [0, 1670131]: HEURISTIC 3
2265419 [0, 1670131]: LABEL
	tot = 645
	max = 1
2266234 [0, 1668461]: LABEL
	tot = 11238
	max = 3
2269061 [1657699, 1666793]: LABEL
	tot = 37465
	max = 12
2278203 [1658552, 1665126]: LABEL
	tot = 127048
	max = 79
2305614 [1658552, 1663461]: LABEL
	tot = 400203
	max = 279
2386302 [1660135, 1661797]: LABEL
	tot = 1225576
	max = 969
2609911 [1660135, 1660136]: LABEL
	tot = 3651481
	max = 3383
2834226 [1660135, 1660135]: LABEL
	tot = 3653749
	max = 3384
