hypergraph with 2108257 vertices and 1357091501 hyperarcs generated in 350407
2504906 [0, 1742105]: LP
	bnd = 1742105.750000
	its = 31
	hyp = 728 / 1773
	cut = 0
2505247 [0, 1742105]: HEURISTIC 3
2505575 [0, 1742105]: LABEL
	tot = 3303
	max = 1
2507422 [0, 1740363]: LABEL
	tot = 19506
	max = 4
2514204 [0, 1738623]: LABEL
	tot = 71129
	max = 20
2534064 [1733154, 1736884]: LABEL
	tot = 205028
	max = 81
2588930 [1733543, 1735147]: LABEL
	tot = 586370
	max = 294
2726060 [1733543, 1733543]: LABEL
	tot = 1527723
	max = 930
