hypergraph with 2370505 vertices and 1524635542 hyperarcs generated in 250543
2764790 [0, 1974103]: LP
	bnd = 1974103.750000
	its = 34
	hyp = 771 / 2249
	cut = 0
2765035 [0, 1974103]: HEURISTIC 3
2765265 [0, 1974103]: LABEL
	tot = 2606
	max = 1
2766766 [0, 1972129]: LABEL
	tot = 25386
	max = 3
2771803 [0, 1970157]: LABEL
	tot = 89227
	max = 16
2787545 [0, 1968187]: LABEL
	tot = 308132
	max = 73
2832911 [1961856, 1966219]: LABEL
	tot = 1080498
	max = 280
2961808 [1961856, 1964253]: LABEL
	tot = 3718849
	max = 1182
3331360 [1961856, 1962288]: LABEL
	tot = 12386760
	max = 4892
3803986 [1961856, 1961856]: LABEL
	tot = 16073446
	max = 6534
