hypergraph with 2004626 vertices and 1281786146 hyperarcs generated in 329333
2487792 [0, 1651687]: LP
	bnd = 1651687.875000
	its = 34
	hyp = 614 / 1546
	cut = 0
2487918 [0, 1651687]: HEURISTIC 3
2488028 [0, 1651687]: LABEL
	tot = 417
	max = 1
2489771 [0, 1650036]: LABEL
	tot = 20617
	max = 13
2503184 [0, 1648386]: LABEL
	tot = 167429
	max = 91
2583053 [1630275, 1646737]: LABEL
	tot = 1200959
	max = 650
3040540 [1632236, 1645091]: LABEL
	tot = 9072495
	max = 7572
6479747 [1633816, 1643445]: LABEL
	tot = 73470516
	max = 98690
