hypergraph with 2155503 vertices and 1208039790 hyperarcs generated in 206461
1844465 [0, 2002053]: LP
	bnd = 2002053.750000
	its = 23
	hyp = 505 / 1317
	cut = 0
1844736 [0, 2002053]: HEURISTIC 3
1844996 [0, 2002053]: LABEL
	tot = 2031
	max = 1
1845768 [0, 2000051]: LABEL
	tot = 9768
	max = 4
1847974 [0, 1998051]: LABEL
	tot = 31610
	max = 9
1853628 [0, 1996053]: LABEL
	tot = 83782
	max = 26
1866662 [0, 1994057]: LABEL
	tot = 209745
	max = 50
1897807 [0, 1992063]: LABEL
	tot = 539956
	max = 94
1963380 [0, 1990071]: LABEL
	tot = 1298538
	max = 193
2102247 [1969583, 1988081]: LABEL
	tot = 3038949
	max = 498
2383867 [1974649, 1986093]: LABEL
	tot = 6941899
	max = 1226
2978678 [1977185, 1984107]: LABEL
	tot = 15666621
	max = 2695
4270769 [1981007, 1982123]: LABEL
	tot = 34398354
	max = 5641
6353775 [1981007, 1981007]: LABEL
	tot = 53154102
	max = 8270
