hypergraph with 2781817 vertices and 1936503791 hyperarcs generated in 297168
3694186 [0, 2393053]: LP
	bnd = 2393053.250000
	its = 36
	hyp = 571 / 1707
	cut = 0
3694399 [0, 2393053]: HEURISTIC 3
3694600 [0, 2393053]: LABEL
	tot = 1747
	max = 1
3696747 [0, 2390660]: LABEL
	tot = 35345
	max = 16
3708947 [0, 2388269]: LABEL
	tot = 202991
	max = 82
3763436 [0, 2385881]: LABEL
	tot = 1087632
	max = 512
3994736 [0, 2383495]: LABEL
	tot = 5901327
	max = 3991
5002893 [2374404, 2381111]: LABEL
	tot = 30937911
	max = 27325
