hypergraph with 2002371 vertices and 1130207905 hyperarcs generated in 188205
1185108 [0, 1776703]: LP
	bnd = 1776703.750000
	its = 16
	hyp = 492 / 980
	cut = 0
1185292 [0, 1776703]: HEURISTIC 3
1185488 [0, 1776703]: LABEL
	tot = 2342
	max = 2
1185883 [0, 1774927]: LABEL
	tot = 7790
	max = 3
1186952 [0, 1773152]: LABEL
	tot = 29507
	max = 12
1190435 [0, 1771379]: LABEL
	tot = 106637
	max = 55
1199486 [0, 1769607]: LABEL
	tot = 303161
	max = 261
1224180 [1759077, 1767838]: LABEL
	tot = 823822
	max = 1052
1288004 [1760514, 1766070]: LABEL
	tot = 2109597
	max = 3663
1464281 [1760514, 1764304]: LABEL
	tot = 5339494
	max = 10978
1985167 [1761342, 1762539]: LABEL
	tot = 13261363
	max = 30362
3113101 [1761342, 1761342]: LABEL
	tot = 24281076
	max = 57391
