hypergraph with 2966941 vertices and 2200231385 hyperarcs generated in 312508
2827466 [0, 2463260]: LP
	bnd = 2463260.250000
	its = 24
	hyp = 643 / 2004
	cut = 0
2827603 [0, 2463260]: HEURISTIC 3
2827730 [0, 2463260]: LABEL
	tot = 725
	max = 1
2828903 [0, 2460797]: LABEL
	tot = 22434
	max = 9
2835780 [2441071, 2458336]: LABEL
	tot = 150172
	max = 69
2865430 [2441071, 2455878]: LABEL
	tot = 726277
	max = 464
2988694 [2441106, 2453422]: LABEL
	tot = 3249685
	max = 2850
3528747 [2445870, 2450968]: LABEL
	tot = 13562528
	max = 14842
6234598 [2448819, 2448819]: LABEL
	tot = 53020048
	max = 68942
